Resolving dependencies...
Downloading packages...
  async 2.13.0 (2.13.1 available)
  characters 1.4.0 (1.4.1 available)
  matcher 0.12.17 (0.12.19 available)
  material_color_utilities 0.11.1 (0.13.0 available)
  meta 1.17.0 (1.18.2 available)
  petitparser 7.0.1 (7.0.2 available)
  source_span 1.10.1 (1.10.2 available)
  test_api 0.7.7 (0.7.11 available)
  vector_graphics 1.1.19 (1.1.20 available)
  vector_graphics_compiler 1.1.19 (1.2.0 available)
  vector_math 2.2.0 (2.3.0 available)
Got dependencies!
11 packages have newer versions incompatible with dependency constraints.
Try `flutter pub outdated` for more information.
Resolving dependencies in `./example`...
Downloading packages...
Got dependencies in `./example`.
00:00 +0: loading /Users/denisnadey/apps/flutter_full_svg_support/test/golden_comparison/golden_comparison_test.dart                                                                                   00:01 +0: loading /Users/denisnadey/apps/flutter_full_svg_support/test/golden_comparison/golden_comparison_test.dart                                                                                   00:01 +0: /Users/denisnadey/apps/flutter_full_svg_support/test/golden_comparison/golden_comparison_test.dart: Golden Comparison Tests Golden: dart matches browser render                              00:01 +0 ~1: /Users/denisnadey/apps/flutter_full_svg_support/test/golden_comparison/golden_comparison_test.dart: Golden Comparison Tests Golden: dart matches browser render                           00:01 +1 ~1: /Users/denisnadey/apps/flutter_full_svg_support/test/golden_comparison/golden_comparison_test.dart: Golden Comparison Tests Golden: dart matches browser render                           00:01 +2 ~1: /Users/denisnadey/apps/flutter_full_svg_support/test/golden_comparison/golden_comparison_test.dart: Golden Comparison Tests Golden: dart matches browser render                           00:01 +3 ~1: /Users/denisnadey/apps/flutter_full_svg_support/test/golden_comparison/golden_comparison_test.dart: Golden Comparison Tests Golden: dart matches browser render                           00:01 +4 ~1: /Users/denisnadey/apps/flutter_full_svg_support/test/golden_comparison/golden_comparison_test.dart: Golden Comparison Tests Golden: dart matches browser render                           00:01 +5 ~1: /Users/denisnadey/apps/flutter_full_svg_support/test/golden_comparison/golden_comparison_test.dart: Golden Comparison Tests Golden: dart matches browser render                           00:02 +5 ~1: /Users/denisnadey/apps/flutter_full_svg_support/test/golden_comparison/golden_comparison_test.dart: Golden Comparison Tests Golden: dart matches browser render                           00:02 +6 ~1: /Users/denisnadey/apps/flutter_full_svg_support/test/golden_comparison/golden_comparison_test.dart: Golden Comparison Tests Golden: dart matches browser render                           00:02 +7 ~1: /Users/denisnadey/apps/flutter_full_svg_support/test/golden_comparison/golden_comparison_test.dart: Golden Comparison Tests Golden: dart matches browser render                           00:02 +8 ~1: /Users/denisnadey/apps/flutter_full_svg_support/test/golden_comparison/golden_comparison_test.dart: Golden Comparison Tests Golden: dart matches browser render                           00:02 +9 ~1: /Users/denisnadey/apps/flutter_full_svg_support/test/golden_comparison/golden_comparison_test.dart: Golden Comparison Tests Golden: dart matches browser render                           00:02 +10 ~1: /Users/denisnadey/apps/flutter_full_svg_support/test/golden_comparison/golden_comparison_test.dart: Golden Comparison Tests Golden: dart matches browser render                          00:02 +11 ~1: /Users/denisnadey/apps/flutter_full_svg_support/test/golden_comparison/golden_comparison_test.dart: Golden Comparison Tests Golden: dart matches browser render                          00:02 +12 ~1: /Users/denisnadey/apps/flutter_full_svg_support/test/golden_comparison/golden_comparison_test.dart: Golden Comparison Tests Golden: dart matches browser render                          00:02 +13 ~1: /Users/denisnadey/apps/flutter_full_svg_support/test/golden_comparison/golden_comparison_test.dart: Golden Comparison Tests Golden: dart matches browser render                          00:02 +14 ~1: /Users/denisnadey/apps/flutter_full_svg_support/test/golden_comparison/golden_comparison_test.dart: Golden Comparison Tests Golden: dart matches browser render                          00:02 +15 ~1: /Users/denisnadey/apps/flutter_full_svg_support/test/golden_comparison/golden_comparison_test.dart: Golden Comparison Tests Golden: dart matches browser render                          00:02 +16 ~1: /Users/denisnadey/apps/flutter_full_svg_support/test/golden_comparison/golden_comparison_test.dart: Golden Comparison Tests Golden: dart matches browser render                          00:02 +17 ~1: /Users/denisnadey/apps/flutter_full_svg_support/test/golden_comparison/golden_comparison_test.dart: Golden Comparison Tests Golden: dart matches browser render                          00:02 +18 ~1: /Users/denisnadey/apps/flutter_full_svg_support/test/golden_comparison/golden_comparison_test.dart: Golden Comparison Tests Golden: dart matches browser render                          00:02 +19 ~1: /Users/denisnadey/apps/flutter_full_svg_support/test/golden_comparison/golden_comparison_test.dart: Golden Comparison Tests Golden: dart matches browser render                          00:03 +19 ~1: /Users/denisnadey/apps/flutter_full_svg_support/test/golden_comparison/golden_comparison_test.dart: Golden Comparison Tests Golden: dart matches browser render                          00:03 +19 ~1: /Users/denisnadey/apps/flutter_full_svg_support/test/animation/use_symbol_cascade_test.dart: Use/Symbol CSS Cascade Tests use fill attribute overrides inherited fill in referenced content
Image size: 800x600
00:03 +20 ~1: /Users/denisnadey/apps/flutter_full_svg_support/test/golden_comparison/golden_comparison_test.dart: Golden Comparison Tests Golden: dart matches browser render                          00:03 +20 ~1: /Users/denisnadey/apps/flutter_full_svg_support/test/animation/use_symbol_cascade_test.dart: Use/Symbol CSS Cascade Tests use inline style does NOT override style-block rules on referenced element
Image size: 800x600
00:03 +21 ~1: /Users/denisnadey/apps/flutter_full_svg_support/test/golden_comparison/golden_comparison_test.dart: Golden Comparison Tests Golden: dart matches browser render                          00:03 +21 ~1: /Users/denisnadey/apps/flutter_full_svg_support/test/animation/use_symbol_cascade_test.dart: Use/Symbol CSS Cascade Tests presentation attrs on use override inherited but not inline on referenced
Image size: 800x600
00:03 +22 ~1: /Users/denisnadey/apps/flutter_full_svg_support/test/golden_comparison/golden_comparison_test.dart: Golden Comparison Tests Golden: dart matches browser render                          00:03 +22 ~1: /Users/denisnadey/apps/flutter_full_svg_support/test/animation/use_symbol_cascade_test.dart: Use/Symbol CSS Cascade Tests nested use-in-use stacks coordinates correctly                 
Image size: 800x600
00:03 +23 ~1: /Users/denisnadey/apps/flutter_full_svg_support/test/golden_comparison/golden_comparison_test.dart: Golden Comparison Tests Golden: dart matches browser render                          00:03 +24 ~1: /Users/denisnadey/apps/flutter_full_svg_support/test/golden_comparison/golden_comparison_test.dart: Golden Comparison Tests Golden: dart matches browser render                          00:03 +25 ~1: /Users/denisnadey/apps/flutter_full_svg_support/test/golden_comparison/golden_comparison_test.dart: Golden Comparison Tests Golden: dart matches browser render                          00:03 +25 ~1: /Users/denisnadey/apps/flutter_full_svg_support/test/animation/use_symbol_cascade_test.dart: Use/Symbol CSS Cascade Tests CSS inheritance through 3 levels of use                        
Image size: 800x600
00:03 +26 ~1: /Users/denisnadey/apps/flutter_full_svg_support/test/golden_comparison/golden_comparison_test.dart: Golden Comparison Tests Golden: dart matches browser render                          00:03 +26 ~1: /Users/denisnadey/apps/flutter_full_svg_support/test/animation/use_symbol_cascade_test.dart: Use/Symbol CSS Cascade Tests use inside clipPath works correctly                            
Image size: 800x600
00:03 +27 ~1: /Users/denisnadey/apps/flutter_full_svg_support/test/golden_comparison/golden_comparison_test.dart: Golden Comparison Tests Golden: dart matches browser render                          00:03 +27 ~1: /Users/denisnadey/apps/flutter_full_svg_support/test/animation/use_symbol_cascade_test.dart: Use/Symbol CSS Cascade Tests use inside mask works correctly                                
Image size: 800x600
00:03 +27 ~1: /Users/denisnadey/apps/flutter_full_svg_support/test/animation/visual_morph_test.dart: Visual test of path morphing                                                                      

=== Visual test successful ===
00:03 +28 ~1: /Users/denisnadey/apps/flutter_full_svg_support/test/golden_comparison/golden_comparison_test.dart: Golden Comparison Tests Golden: dart matches browser render                          00:03 +28 ~1: /Users/denisnadey/apps/flutter_full_svg_support/test/animation/visual_morph_test.dart: Visual test of path morphing                                                                      
The widget builds without errors
PathMorpher.getPathAt(0.5) produces a valid path
00:03 +29 ~1: /Users/denisnadey/apps/flutter_full_svg_support/test/golden_comparison/golden_comparison_test.dart: Golden Comparison Tests Golden: dart matches browser render                          00:03 +29 ~1: /Users/denisnadey/apps/flutter_full_svg_support/test/animation/use_symbol_cascade_test.dart: Use/Symbol CSS Cascade Tests event hit on use content triggers use element event            
Image size: 800x600
Image size: 800x600
00:03 +30 ~1: /Users/denisnadey/apps/flutter_full_svg_support/test/golden_comparison/golden_comparison_test.dart: Golden Comparison Tests Golden: dart matches browser render                          00:03 +30 ~1: /Users/denisnadey/apps/flutter_full_svg_support/test/animation/use_symbol_cascade_test.dart: Use/Symbol CSS Cascade Tests use with symbol and viewBox scaling plus cascade               
Image size: 800x600
00:03 +31 ~1: /Users/denisnadey/apps/flutter_full_svg_support/test/golden_comparison/golden_comparison_test.dart: Golden Comparison Tests Golden: dart matches browser render                          00:03 +31 ~1: /Users/denisnadey/apps/flutter_full_svg_support/test/animation/use_symbol_cascade_test.dart: Use/Symbol CSS Cascade Tests use with transform plus referenced element transform           
Image size: 800x600
00:03 +32 ~1: /Users/denisnadey/apps/flutter_full_svg_support/test/golden_comparison/golden_comparison_test.dart: Golden Comparison Tests Golden: dart matches browser render                          00:03 +33 ~1: /Users/denisnadey/apps/flutter_full_svg_support/test/golden_comparison/golden_comparison_test.dart: Golden Comparison Tests Golden: dart matches browser render                          00:03 +34 ~1: /Users/denisnadey/apps/flutter_full_svg_support/test/golden_comparison/golden_comparison_test.dart: Golden Comparison Tests Golden: dart matches browser render                          00:03 +34 ~1: /Users/denisnadey/apps/flutter_full_svg_support/test/animation/use_symbol_cascade_test.dart: Use/Symbol CSS Cascade Tests fill none on use overrides inherited fill in referenced content
Image size: 800x600
00:03 +35 ~1: /Users/denisnadey/apps/flutter_full_svg_support/test/golden_comparison/golden_comparison_test.dart: Golden Comparison Tests Golden: dart matches browser render                          00:03 +36 ~1: /Users/denisnadey/apps/flutter_full_svg_support/test/golden_comparison/golden_comparison_test.dart: Golden Comparison Tests Golden: dart matches browser render                          00:03 +37 ~1: /Users/denisnadey/apps/flutter_full_svg_support/test/golden_comparison/golden_comparison_test.dart: Golden Comparison Tests Golden: dart matches browser render                          00:03 +38 ~1: /Users/denisnadey/apps/flutter_full_svg_support/test/golden_comparison/golden_comparison_test.dart: Golden Comparison Tests Golden: dart matches browser render                          00:03 +39 ~1: /Users/denisnadey/apps/flutter_full_svg_support/test/golden_comparison/golden_comparison_test.dart: Golden Comparison Tests Golden: dart matches browser render                          00:03 +40 ~1: /Users/denisnadey/apps/flutter_full_svg_support/test/golden_comparison/golden_comparison_test.dart: Golden Comparison Tests Golden: dart matches browser render                          00:03 +41 ~1: /Users/denisnadey/apps/flutter_full_svg_support/test/golden_comparison/golden_comparison_test.dart: Golden Comparison Tests Golden: dart matches browser render                          00:03 +42 ~1: /Users/denisnadey/apps/flutter_full_svg_support/test/golden_comparison/golden_comparison_test.dart: Golden Comparison Tests Golden: dart matches browser render                          00:03 +43 ~1: /Users/denisnadey/apps/flutter_full_svg_support/test/golden_comparison/golden_comparison_test.dart: Golden Comparison Tests Golden: dart matches browser render                          00:03 +44 ~1: /Users/denisnadey/apps/flutter_full_svg_support/test/golden_comparison/golden_comparison_test.dart: Golden Comparison Tests Golden: dart matches browser render                          00:03 +45 ~1: /Users/denisnadey/apps/flutter_full_svg_support/test/golden_comparison/golden_comparison_test.dart: Golden Comparison Tests Golden: dart matches browser render                          00:03 +46 ~1: /Users/denisnadey/apps/flutter_full_svg_support/test/golden_comparison/golden_comparison_test.dart: Golden Comparison Tests Golden: dart matches browser render                          00:03 +47 ~1: /Users/denisnadey/apps/flutter_full_svg_support/test/golden_comparison/golden_comparison_test.dart: Golden Comparison Tests Golden: dart matches browser render                          00:03 +48 ~1: /Users/denisnadey/apps/flutter_full_svg_support/test/golden_comparison/golden_comparison_test.dart: Golden Comparison Tests Golden: dart matches browser render                          00:03 +49 ~1: /Users/denisnadey/apps/flutter_full_svg_support/test/golden_comparison/golden_comparison_test.dart: Golden Comparison Tests Golden: dart matches browser render                          00:03 +50 ~1: /Users/denisnadey/apps/flutter_full_svg_support/test/golden_comparison/golden_comparison_test.dart: Golden Comparison Tests Golden: dart matches browser render                          00:03 +51 ~1: /Users/denisnadey/apps/flutter_full_svg_support/test/golden_comparison/golden_comparison_test.dart: Golden Comparison Tests Golden: dart matches browser render                          00:03 +52 ~1: /Users/denisnadey/apps/flutter_full_svg_support/test/golden_comparison/golden_comparison_test.dart: Golden Comparison Tests Golden: dart matches browser render                          00:03 +53 ~1: /Users/denisnadey/apps/flutter_full_svg_support/test/golden_comparison/golden_comparison_test.dart: Golden Comparison Tests Golden: dart matches browser render                          00:03 +54 ~1: /Users/denisnadey/apps/flutter_full_svg_support/test/golden_comparison/golden_comparison_test.dart: Golden Comparison Tests Golden: dart matches browser render                          00:03 +55 ~1: /Users/denisnadey/apps/flutter_full_svg_support/test/golden_comparison/golden_comparison_test.dart: Golden Comparison Tests Golden: dart matches browser render                          00:03 +56 ~1: /Users/denisnadey/apps/flutter_full_svg_support/test/golden_comparison/golden_comparison_test.dart: Golden Comparison Tests Golden: dart matches browser render                          00:03 +57 ~1: /Users/denisnadey/apps/flutter_full_svg_support/test/golden_comparison/golden_comparison_test.dart: Golden Comparison Tests Golden: dart matches browser render                          00:03 +58 ~1: /Users/denisnadey/apps/flutter_full_svg_support/test/golden_comparison/golden_comparison_test.dart: Golden Comparison Tests Golden: dart matches browser render                          00:03 +59 ~1: /Users/denisnadey/apps/flutter_full_svg_support/test/golden_comparison/golden_comparison_test.dart: Golden Comparison Tests Golden: dart matches browser render                          00:03 +60 ~1: /Users/denisnadey/apps/flutter_full_svg_support/test/golden_comparison/golden_comparison_test.dart: Golden Comparison Tests Golden: dart matches browser render                          00:04 +60 ~1: /Users/denisnadey/apps/flutter_full_svg_support/test/golden_comparison/golden_comparison_test.dart: Golden Comparison Tests Golden: dart matches browser render                          00:04 +61 ~1: /Users/denisnadey/apps/flutter_full_svg_support/test/golden_comparison/golden_comparison_test.dart: Golden Comparison Tests Golden: dart matches browser render                          00:04 +62 ~1: /Users/denisnadey/apps/flutter_full_svg_support/test/golden_comparison/golden_comparison_test.dart: Golden Comparison Tests Golden: dart matches browser render                          00:04 +63 ~1: /Users/denisnadey/apps/flutter_full_svg_support/test/golden_comparison/golden_comparison_test.dart: Golden Comparison Tests Golden: dart matches browser render                          00:04 +64 ~1: /Users/denisnadey/apps/flutter_full_svg_support/test/golden_comparison/golden_comparison_test.dart: Golden Comparison Tests Golden: dart matches browser render                          00:04 +65 ~1: /Users/denisnadey/apps/flutter_full_svg_support/test/golden_comparison/golden_comparison_test.dart: Golden Comparison Tests Golden: dart matches browser render                          00:04 +66 ~1: /Users/denisnadey/apps/flutter_full_svg_support/test/golden_comparison/golden_comparison_test.dart: Golden Comparison Tests Golden: dart matches browser render                          00:04 +67 ~1: /Users/denisnadey/apps/flutter_full_svg_support/test/golden_comparison/golden_comparison_test.dart: Golden Comparison Tests Golden: dart matches browser render                          00:04 +68 ~1: /Users/denisnadey/apps/flutter_full_svg_support/test/golden_comparison/golden_comparison_test.dart: Golden Comparison Tests Golden: dart matches browser render                          00:04 +69 ~1: /Users/denisnadey/apps/flutter_full_svg_support/test/golden_comparison/golden_comparison_test.dart: Golden Comparison Tests Golden: dart matches browser render                          00:04 +70 ~1: /Users/denisnadey/apps/flutter_full_svg_support/test/golden_comparison/golden_comparison_test.dart: Golden Comparison Tests Golden: dart matches browser render                          00:04 +71 ~1: /Users/denisnadey/apps/flutter_full_svg_support/test/golden_comparison/golden_comparison_test.dart: Golden Comparison Tests Golden: dart matches browser render                          00:04 +72 ~1: /Users/denisnadey/apps/flutter_full_svg_support/test/golden_comparison/golden_comparison_test.dart: Golden Comparison Tests Golden: dart matches browser render                          00:04 +73 ~1: /Users/denisnadey/apps/flutter_full_svg_support/test/golden_comparison/golden_comparison_test.dart: Golden Comparison Tests Golden: dart matches browser render                          00:04 +74 ~1: /Users/denisnadey/apps/flutter_full_svg_support/test/golden_comparison/golden_comparison_test.dart: Golden Comparison Tests Golden: dart matches browser render                          00:04 +75 ~1: /Users/denisnadey/apps/flutter_full_svg_support/test/golden_comparison/golden_comparison_test.dart: Golden Comparison Tests Golden: dart matches browser render                          00:04 +76 ~1: /Users/denisnadey/apps/flutter_full_svg_support/test/golden_comparison/golden_comparison_test.dart: Golden Comparison Tests Golden: dart matches browser render                          00:04 +77 ~1: /Users/denisnadey/apps/flutter_full_svg_support/test/golden_comparison/golden_comparison_test.dart: Golden Comparison Tests Golden: dart matches browser render                          00:04 +78 ~1: /Users/denisnadey/apps/flutter_full_svg_support/test/golden_comparison/golden_comparison_test.dart: Golden Comparison Tests Golden: dart matches browser render                          00:04 +79 ~1: /Users/denisnadey/apps/flutter_full_svg_support/test/golden_comparison/golden_comparison_test.dart: Golden Comparison Tests Golden: dart matches browser render                          00:04 +80 ~1: /Users/denisnadey/apps/flutter_full_svg_support/test/golden_comparison/golden_comparison_test.dart: Golden Comparison Tests Golden: dart matches browser render                          00:04 +81 ~1: /Users/denisnadey/apps/flutter_full_svg_support/test/golden_comparison/golden_comparison_test.dart: Golden Comparison Tests Golden: dart matches browser render                          00:04 +81 ~1: /Users/denisnadey/apps/flutter_full_svg_support/test/animation/event_system_test.dart: W3C Event System Improvements Event Capturing Phase nested element event flow follows capture -> target -> bubble
Image size: 800x600
00:04 +82 ~1: /Users/denisnadey/apps/flutter_full_svg_support/test/golden_comparison/golden_comparison_test.dart: Golden Comparison Tests Golden: dart matches browser render                          00:04 +82 ~1: /Users/denisnadey/apps/flutter_full_svg_support/test/animation/event_system_test.dart: W3C Event System Improvements Event Capturing Phase nested element event flow follows capture -> target -> bubble
Image size: 800x600
00:04 +83 ~1: /Users/denisnadey/apps/flutter_full_svg_support/test/golden_comparison/golden_comparison_test.dart: Golden Comparison Tests Golden: dart matches browser render                          00:04 +84 ~1: /Users/denisnadey/apps/flutter_full_svg_support/test/golden_comparison/golden_comparison_test.dart: Golden Comparison Tests Golden: dart matches browser render                          00:04 +85 ~1: /Users/denisnadey/apps/flutter_full_svg_support/test/golden_comparison/golden_comparison_test.dart: Golden Comparison Tests Golden: dart matches browser render                          00:04 +86 ~1: /Users/denisnadey/apps/flutter_full_svg_support/test/golden_comparison/golden_comparison_test.dart: Golden Comparison Tests Golden: dart matches browser render                          00:04 +87 ~1: /Users/denisnadey/apps/flutter_full_svg_support/test/golden_comparison/golden_comparison_test.dart: Golden Comparison Tests Golden: dart matches browser render                          00:04 +88 ~1: /Users/denisnadey/apps/flutter_full_svg_support/test/golden_comparison/golden_comparison_test.dart: Golden Comparison Tests Golden: dart matches browser render                          00:04 +89 ~1: /Users/denisnadey/apps/flutter_full_svg_support/test/golden_comparison/golden_comparison_test.dart: Golden Comparison Tests Golden: dart matches browser render                          00:04 +90 ~1: /Users/denisnadey/apps/flutter_full_svg_support/test/golden_comparison/golden_comparison_test.dart: Golden Comparison Tests Golden: dart matches browser render                          00:04 +91 ~1: /Users/denisnadey/apps/flutter_full_svg_support/test/golden_comparison/golden_comparison_test.dart: Golden Comparison Tests Golden: dart matches browser render                          00:04 +92 ~1: /Users/denisnadey/apps/flutter_full_svg_support/test/golden_comparison/golden_comparison_test.dart: Golden Comparison Tests Golden: dart matches browser render                          00:04 +93 ~1: /Users/denisnadey/apps/flutter_full_svg_support/test/golden_comparison/golden_comparison_test.dart: Golden Comparison Tests Golden: dart matches browser render                          00:04 +94 ~1: /Users/denisnadey/apps/flutter_full_svg_support/test/golden_comparison/golden_comparison_test.dart: Golden Comparison Tests Golden: dart matches browser render                          00:04 +95 ~1: /Users/denisnadey/apps/flutter_full_svg_support/test/golden_comparison/golden_comparison_test.dart: Golden Comparison Tests Golden: dart matches browser render                          00:04 +96 ~1: /Users/denisnadey/apps/flutter_full_svg_support/test/golden_comparison/golden_comparison_test.dart: Golden Comparison Tests Golden: dart matches browser render                          00:04 +97 ~1: /Users/denisnadey/apps/flutter_full_svg_support/test/golden_comparison/golden_comparison_test.dart: Golden Comparison Tests Golden: dart matches browser render                          00:04 +98 ~1: /Users/denisnadey/apps/flutter_full_svg_support/test/golden_comparison/golden_comparison_test.dart: Golden Comparison Tests Golden: dart matches browser render                          00:04 +99 ~1: /Users/denisnadey/apps/flutter_full_svg_support/test/golden_comparison/golden_comparison_test.dart: Golden Comparison Tests Golden: dart matches browser render                          00:04 +100 ~1: /Users/denisnadey/apps/flutter_full_svg_support/test/golden_comparison/golden_comparison_test.dart: Golden Comparison Tests Golden: dart matches browser render                         00:04 +101 ~1: /Users/denisnadey/apps/flutter_full_svg_support/test/golden_comparison/golden_comparison_test.dart: Golden Comparison Tests Golden: dart matches browser render                         00:04 +102 ~1: /Users/denisnadey/apps/flutter_full_svg_support/test/golden_comparison/golden_comparison_test.dart: Golden Comparison Tests Golden: dart matches browser render                         00:04 +103 ~1: /Users/denisnadey/apps/flutter_full_svg_support/test/golden_comparison/golden_comparison_test.dart: Golden Comparison Tests Golden: dart matches browser render                         00:04 +104 ~1: /Users/denisnadey/apps/flutter_full_svg_support/test/golden_comparison/golden_comparison_test.dart: Golden Comparison Tests Golden: dart matches browser render                         00:04 +105 ~1: /Users/denisnadey/apps/flutter_full_svg_support/test/golden_comparison/golden_comparison_test.dart: Golden Comparison Tests Golden: dart matches browser render                         00:04 +106 ~1: /Users/denisnadey/apps/flutter_full_svg_support/test/golden_comparison/golden_comparison_test.dart: Golden Comparison Tests Golden: dart matches browser render                         00:04 +107 ~1: /Users/denisnadey/apps/flutter_full_svg_support/test/golden_comparison/golden_comparison_test.dart: Golden Comparison Tests Golden: dart matches browser render                         00:04 +108 ~1: /Users/denisnadey/apps/flutter_full_svg_support/test/golden_comparison/golden_comparison_test.dart: Golden Comparison Tests Golden: dart matches browser render                         00:04 +109 ~1: /Users/denisnadey/apps/flutter_full_svg_support/test/golden_comparison/golden_comparison_test.dart: Golden Comparison Tests Golden: dart matches browser render                         00:04 +110 ~1: /Users/denisnadey/apps/flutter_full_svg_support/test/golden_comparison/golden_comparison_test.dart: Golden Comparison Tests Golden: dart matches browser render                         00:04 +111 ~1: /Users/denisnadey/apps/flutter_full_svg_support/test/golden_comparison/golden_comparison_test.dart: Golden Comparison Tests Golden: dart matches browser render                         00:04 +112 ~1: /Users/denisnadey/apps/flutter_full_svg_support/test/golden_comparison/golden_comparison_test.dart: Golden Comparison Tests Golden: dart matches browser render                         00:04 +113 ~1: /Users/denisnadey/apps/flutter_full_svg_support/test/golden_comparison/golden_comparison_test.dart: Golden Comparison Tests Golden: dart matches browser render                         00:04 +114 ~1: /Users/denisnadey/apps/flutter_full_svg_support/test/golden_comparison/golden_comparison_test.dart: Golden Comparison Tests Golden: dart matches browser render                         00:04 +115 ~1: /Users/denisnadey/apps/flutter_full_svg_support/test/golden_comparison/golden_comparison_test.dart: Golden Comparison Tests Golden: dart matches browser render                         00:04 +116 ~1: /Users/denisnadey/apps/flutter_full_svg_support/test/golden_comparison/golden_comparison_test.dart: Golden Comparison Tests Golden: dart matches browser render                         00:04 +117 ~1: /Users/denisnadey/apps/flutter_full_svg_support/test/golden_comparison/golden_comparison_test.dart: Golden Comparison Tests Golden: dart matches browser render                         00:04 +118 ~1: /Users/denisnadey/apps/flutter_full_svg_support/test/golden_comparison/golden_comparison_test.dart: Golden Comparison Tests Golden: dart matches browser render                         00:04 +119 ~1: /Users/denisnadey/apps/flutter_full_svg_support/test/golden_comparison/golden_comparison_test.dart: Golden Comparison Tests Golden: dart matches browser render                         00:04 +120 ~1: /Users/denisnadey/apps/flutter_full_svg_support/test/golden_comparison/golden_comparison_test.dart: Golden Comparison Tests Golden: dart matches browser render                         00:04 +121 ~1: /Users/denisnadey/apps/flutter_full_svg_support/test/golden_comparison/golden_comparison_test.dart: Golden Comparison Tests Golden: dart matches browser render                         00:04 +122 ~1: /Users/denisnadey/apps/flutter_full_svg_support/test/golden_comparison/golden_comparison_test.dart: Golden Comparison Tests Golden: dart matches browser render                         00:04 +123 ~1: /Users/denisnadey/apps/flutter_full_svg_support/test/golden_comparison/golden_comparison_test.dart: Golden Comparison Tests Golden: dart matches browser render                         00:04 +124 ~1: /Users/denisnadey/apps/flutter_full_svg_support/test/golden_comparison/golden_comparison_test.dart: Golden Comparison Tests Golden: dart matches browser render                         00:04 +125 ~1: /Users/denisnadey/apps/flutter_full_svg_support/test/golden_comparison/golden_comparison_test.dart: Golden Comparison Tests Golden: dart matches browser render                         00:04 +126 ~1: /Users/denisnadey/apps/flutter_full_svg_support/test/golden_comparison/golden_comparison_test.dart: Golden Comparison Tests Golden: dart matches browser render                         00:04 +127 ~1: /Users/denisnadey/apps/flutter_full_svg_support/test/golden_comparison/golden_comparison_test.dart: Golden Comparison Tests Golden: dart matches browser render                         00:04 +128 ~1: /Users/denisnadey/apps/flutter_full_svg_support/test/golden_comparison/golden_comparison_test.dart: Golden Comparison Tests Golden: dart matches browser render                         00:04 +129 ~1: /Users/denisnadey/apps/flutter_full_svg_support/test/golden_comparison/golden_comparison_test.dart: Golden Comparison Tests Golden: dart matches browser render                         00:04 +130 ~1: /Users/denisnadey/apps/flutter_full_svg_support/test/golden_comparison/golden_comparison_test.dart: Golden Comparison Tests Golden: dart matches browser render                         00:04 +131 ~1: /Users/denisnadey/apps/flutter_full_svg_support/test/golden_comparison/golden_comparison_test.dart: Golden Comparison Tests Golden: dart matches browser render                         00:04 +132 ~1: /Users/denisnadey/apps/flutter_full_svg_support/test/golden_comparison/golden_comparison_test.dart: Golden Comparison Tests Golden: dart matches browser render                         00:04 +133 ~1: /Users/denisnadey/apps/flutter_full_svg_support/test/golden_comparison/golden_comparison_test.dart: Golden Comparison Tests Golden: dart matches browser render                         00:04 +134 ~1: /Users/denisnadey/apps/flutter_full_svg_support/test/golden_comparison/golden_comparison_test.dart: Golden Comparison Tests Golden: dart matches browser render                         00:04 +135 ~1: /Users/denisnadey/apps/flutter_full_svg_support/test/golden_comparison/golden_comparison_test.dart: Golden Comparison Tests Golden: dart matches browser render                         00:04 +136 ~1: /Users/denisnadey/apps/flutter_full_svg_support/test/golden_comparison/golden_comparison_test.dart: Golden Comparison Tests Golden: dart matches browser render                         00:04 +137 ~1: /Users/denisnadey/apps/flutter_full_svg_support/test/golden_comparison/golden_comparison_test.dart: Golden Comparison Tests Golden: dart matches browser render                         00:04 +138 ~1: /Users/denisnadey/apps/flutter_full_svg_support/test/golden_comparison/golden_comparison_test.dart: Golden Comparison Tests Golden: dart matches browser render                         00:04 +139 ~1: /Users/denisnadey/apps/flutter_full_svg_support/test/golden_comparison/golden_comparison_test.dart: Golden Comparison Tests Golden: dart matches browser render                         00:04 +140 ~1: /Users/denisnadey/apps/flutter_full_svg_support/test/golden_comparison/golden_comparison_test.dart: Golden Comparison Tests Golden: dart matches browser render                         00:04 +141 ~1: /Users/denisnadey/apps/flutter_full_svg_support/test/golden_comparison/golden_comparison_test.dart: Golden Comparison Tests Golden: dart matches browser render                         00:04 +142 ~1: /Users/denisnadey/apps/flutter_full_svg_support/test/golden_comparison/golden_comparison_test.dart: Golden Comparison Tests Golden: dart matches browser render                         00:04 +142 ~1: /Users/denisnadey/apps/flutter_full_svg_support/test/animation/clip_mask_advanced_composition_test.dart: Luminance Masking luminance mask with pure white should show full content      
Image size: 800x600
00:04 +143 ~1: /Users/denisnadey/apps/flutter_full_svg_support/test/golden_comparison/golden_comparison_test.dart: Golden Comparison Tests Golden: dart matches browser render                         00:04 +144 ~1: /Users/denisnadey/apps/flutter_full_svg_support/test/golden_comparison/golden_comparison_test.dart: Golden Comparison Tests Golden: dart matches browser render                         00:04 +145 ~1: /Users/denisnadey/apps/flutter_full_svg_support/test/golden_comparison/golden_comparison_test.dart: Golden Comparison Tests Golden: dart matches browser render                         00:05 +145 ~1: /Users/denisnadey/apps/flutter_full_svg_support/test/golden_comparison/golden_comparison_test.dart: Golden Comparison Tests Golden: dart matches browser render                         00:05 +146 ~1: /Users/denisnadey/apps/flutter_full_svg_support/test/golden_comparison/golden_comparison_test.dart: Golden Comparison Tests Golden: dart matches browser render                         00:05 +146 ~1: /Users/denisnadey/apps/flutter_full_svg_support/test/animation/clip_mask_advanced_composition_test.dart: Luminance Masking mask-type style attribute on mask element                    
Image size: 800x600
00:05 +147 ~1: /Users/denisnadey/apps/flutter_full_svg_support/test/golden_comparison/golden_comparison_test.dart: Golden Comparison Tests Golden: dart matches browser render                         00:05 +148 ~1: /Users/denisnadey/apps/flutter_full_svg_support/test/golden_comparison/golden_comparison_test.dart: Golden Comparison Tests Golden: dart matches browser render                         00:05 +148 ~1: /Users/denisnadey/apps/flutter_full_svg_support/test/animation/clip_mask_advanced_composition_test.dart: Mask Inheritance Through Groups mask on group affects all children             
Image size: 800x600
00:05 +149 ~1: /Users/denisnadey/apps/flutter_full_svg_support/test/golden_comparison/golden_comparison_test.dart: Golden Comparison Tests Golden: dart matches browser render                         00:05 +149 ~1: /Users/denisnadey/apps/flutter_full_svg_support/test/animation/clip_mask_advanced_composition_test.dart: Mask Inheritance Through Groups nested masks compose correctly                 
Image size: 800x600
00:05 +150 ~1: /Users/denisnadey/apps/flutter_full_svg_support/test/golden_comparison/golden_comparison_test.dart: Golden Comparison Tests Golden: dart matches browser render                         00:05 +151 ~1: /Users/denisnadey/apps/flutter_full_svg_support/test/golden_comparison/golden_comparison_test.dart: Golden Comparison Tests Golden: dart matches browser render                         00:05 +152 ~1: /Users/denisnadey/apps/flutter_full_svg_support/test/golden_comparison/golden_comparison_test.dart: Golden Comparison Tests Golden: dart matches browser render                         00:05 +153 ~1: /Users/denisnadey/apps/flutter_full_svg_support/test/golden_comparison/golden_comparison_test.dart: Golden Comparison Tests Golden: dart matches browser render                         00:05 +154 ~1: /Users/denisnadey/apps/flutter_full_svg_support/test/golden_comparison/golden_comparison_test.dart: Golden Comparison Tests Golden: dart matches browser render                         00:05 +154 ~1: /Users/denisnadey/apps/flutter_full_svg_support/test/animation/clip_mask_advanced_composition_test.dart: Clip and Mask Combined clip-path and mask both applied correctly               
Image size: 800x600
00:05 +155 ~1: /Users/denisnadey/apps/flutter_full_svg_support/test/golden_comparison/golden_comparison_test.dart: Golden Comparison Tests Golden: dart matches browser render                         00:05 +156 ~1: /Users/denisnadey/apps/flutter_full_svg_support/test/golden_comparison/golden_comparison_test.dart: Golden Comparison Tests Golden: dart matches browser render                         00:05 +157 ~1: /Users/denisnadey/apps/flutter_full_svg_support/test/golden_comparison/golden_comparison_test.dart: Golden Comparison Tests Golden: dart matches browser render                         00:05 +158 ~1: /Users/denisnadey/apps/flutter_full_svg_support/test/golden_comparison/golden_comparison_test.dart: Golden Comparison Tests Golden: dart matches browser render                         00:05 +159 ~1: /Users/denisnadey/apps/flutter_full_svg_support/test/golden_comparison/golden_comparison_test.dart: Golden Comparison Tests Golden: dart matches browser render                         00:05 +159 ~1: /Users/denisnadey/apps/flutter_full_svg_support/test/animation/clip_mask_advanced_composition_test.dart: Clip and Mask Combined luminance mask with clip-path                           
Image size: 800x600
00:05 +160 ~1: /Users/denisnadey/apps/flutter_full_svg_support/test/golden_comparison/golden_comparison_test.dart: Golden Comparison Tests Golden: dart matches browser render                         00:05 +161 ~1: /Users/denisnadey/apps/flutter_full_svg_support/test/golden_comparison/golden_comparison_test.dart: Golden Comparison Tests Golden: dart matches browser render                         00:05 +162 ~1: /Users/denisnadey/apps/flutter_full_svg_support/test/golden_comparison/golden_comparison_test.dart: Golden Comparison Tests Golden: dart matches browser render                         00:05 +163 ~1: /Users/denisnadey/apps/flutter_full_svg_support/test/golden_comparison/golden_comparison_test.dart: Golden Comparison Tests Golden: dart matches browser render                         00:05 +164 ~1: /Users/denisnadey/apps/flutter_full_svg_support/test/golden_comparison/golden_comparison_test.dart: Golden Comparison Tests Golden: dart matches browser render                         00:05 +165 ~1: /Users/denisnadey/apps/flutter_full_svg_support/test/golden_comparison/golden_comparison_test.dart: Golden Comparison Tests Golden: dart matches browser render                         00:05 +166 ~1: /Users/denisnadey/apps/flutter_full_svg_support/test/golden_comparison/golden_comparison_test.dart: Golden Comparison Tests Golden: dart matches browser render                         00:05 +167 ~1: /Users/denisnadey/apps/flutter_full_svg_support/test/golden_comparison/golden_comparison_test.dart: Golden Comparison Tests Golden: dart matches browser render                         00:05 +167 ~1: /Users/denisnadey/apps/flutter_full_svg_support/test/animation/clip_mask_advanced_composition_test.dart: Bounds Computation with Stroke objectBoundingBox includes stroke width         
Image size: 800x600
00:05 +168 ~1: /Users/denisnadey/apps/flutter_full_svg_support/test/golden_comparison/golden_comparison_test.dart: Golden Comparison Tests Golden: dart matches browser render                         00:05 +169 ~1: /Users/denisnadey/apps/flutter_full_svg_support/test/golden_comparison/golden_comparison_test.dart: Golden Comparison Tests Golden: dart matches browser render                         00:05 +170 ~1: /Users/denisnadey/apps/flutter_full_svg_support/test/golden_comparison/golden_comparison_test.dart: Golden Comparison Tests Golden: dart matches browser render                         00:05 +171 ~1: /Users/denisnadey/apps/flutter_full_svg_support/test/golden_comparison/golden_comparison_test.dart: Golden Comparison Tests Golden: dart matches browser render                         00:05 +172 ~1: /Users/denisnadey/apps/flutter_full_svg_support/test/golden_comparison/golden_comparison_test.dart: Golden Comparison Tests Golden: dart matches browser render                         00:05 +173 ~1: /Users/denisnadey/apps/flutter_full_svg_support/test/golden_comparison/golden_comparison_test.dart: Golden Comparison Tests Golden: dart matches browser render                         00:05 +174 ~1: /Users/denisnadey/apps/flutter_full_svg_support/test/golden_comparison/golden_comparison_test.dart: Golden Comparison Tests Golden: dart matches browser render                         00:05 +175 ~1: /Users/denisnadey/apps/flutter_full_svg_support/test/golden_comparison/golden_comparison_test.dart: Golden Comparison Tests Golden: dart matches browser render                         00:05 +176 ~1: /Users/denisnadey/apps/flutter_full_svg_support/test/golden_comparison/golden_comparison_test.dart: Golden Comparison Tests Golden: dart matches browser render                         00:05 +177 ~1: /Users/denisnadey/apps/flutter_full_svg_support/test/golden_comparison/golden_comparison_test.dart: Golden Comparison Tests Golden: dart matches browser render                         00:05 +178 ~1: /Users/denisnadey/apps/flutter_full_svg_support/test/golden_comparison/golden_comparison_test.dart: Golden Comparison Tests Golden: dart matches browser render                         00:05 +179 ~1: /Users/denisnadey/apps/flutter_full_svg_support/test/golden_comparison/golden_comparison_test.dart: Golden Comparison Tests Golden: dart matches browser render                         00:05 +180 ~1: /Users/denisnadey/apps/flutter_full_svg_support/test/golden_comparison/golden_comparison_test.dart: Golden Comparison Tests Golden: dart matches browser render                         00:05 +181 ~1: /Users/denisnadey/apps/flutter_full_svg_support/test/golden_comparison/golden_comparison_test.dart: Golden Comparison Tests Golden: dart matches browser render                         00:05 +182 ~1: /Users/denisnadey/apps/flutter_full_svg_support/test/golden_comparison/golden_comparison_test.dart: Golden Comparison Tests Golden: dart matches browser render                         00:05 +183 ~1: /Users/denisnadey/apps/flutter_full_svg_support/test/golden_comparison/golden_comparison_test.dart: Golden Comparison Tests Golden: dart matches browser render                         00:05 +184 ~1: /Users/denisnadey/apps/flutter_full_svg_support/test/golden_comparison/golden_comparison_test.dart: Golden Comparison Tests Golden: dart matches browser render                         00:05 +185 ~1: /Users/denisnadey/apps/flutter_full_svg_support/test/golden_comparison/golden_comparison_test.dart: Golden Comparison Tests Golden: dart matches browser render                         00:05 +186 ~1: /Users/denisnadey/apps/flutter_full_svg_support/test/golden_comparison/golden_comparison_test.dart: Golden Comparison Tests Golden: dart matches browser render                         00:05 +187 ~1: /Users/denisnadey/apps/flutter_full_svg_support/test/golden_comparison/golden_comparison_test.dart: Golden Comparison Tests Golden: dart matches browser render                         00:05 +188 ~1: /Users/denisnadey/apps/flutter_full_svg_support/test/golden_comparison/golden_comparison_test.dart: Golden Comparison Tests Golden: dart matches browser render                         00:05 +189 ~1: /Users/denisnadey/apps/flutter_full_svg_support/test/golden_comparison/golden_comparison_test.dart: Golden Comparison Tests Golden: dart matches browser render                         00:05 +190 ~1: /Users/denisnadey/apps/flutter_full_svg_support/test/golden_comparison/golden_comparison_test.dart: Golden Comparison Tests Golden: dart matches browser render                         00:05 +191 ~1: /Users/denisnadey/apps/flutter_full_svg_support/test/golden_comparison/golden_comparison_test.dart: Golden Comparison Tests Golden: dart matches browser render                         00:05 +192 ~1: /Users/denisnadey/apps/flutter_full_svg_support/test/golden_comparison/golden_comparison_test.dart: Golden Comparison Tests Golden: dart matches browser render                         00:05 +193 ~1: /Users/denisnadey/apps/flutter_full_svg_support/test/golden_comparison/golden_comparison_test.dart: Golden Comparison Tests Golden: dart matches browser render                         00:05 +194 ~1: /Users/denisnadey/apps/flutter_full_svg_support/test/golden_comparison/golden_comparison_test.dart: Golden Comparison Tests Golden: dart matches browser render                         00:05 +194 ~1: /Users/denisnadey/apps/flutter_full_svg_support/test/animation/advanced_clipping_test.dart: Advanced Clipping Semantics 1. clipPath on clipPath cascading with intersection             
Image size: 800x600
00:05 +195 ~1: /Users/denisnadey/apps/flutter_full_svg_support/test/golden_comparison/golden_comparison_test.dart: Golden Comparison Tests Golden: dart matches browser render                         00:05 +195 ~1: /Users/denisnadey/apps/flutter_full_svg_support/test/animation/advanced_clipping_test.dart: Advanced Clipping Semantics 2. clipPathUnits userSpaceOnUse default behavior                
Image size: 800x600
00:05 +196 ~1: /Users/denisnadey/apps/flutter_full_svg_support/test/golden_comparison/golden_comparison_test.dart: Golden Comparison Tests Golden: dart matches browser render                         00:05 +196 ~1: /Users/denisnadey/apps/flutter_full_svg_support/test/animation/advanced_clipping_test.dart: Advanced Clipping Semantics 3. clipPathUnits objectBoundingBox with rect clip               
Image size: 800x600
00:05 +197 ~1: /Users/denisnadey/apps/flutter_full_svg_support/test/golden_comparison/golden_comparison_test.dart: Golden Comparison Tests Golden: dart matches browser render                         00:05 +197 ~1: /Users/denisnadey/apps/flutter_full_svg_support/test/animation/advanced_clipping_test.dart: Advanced Clipping Semantics 4. objectBoundingBox with circle clip                           
Image size: 800x600
00:05 +198 ~1: /Users/denisnadey/apps/flutter_full_svg_support/test/golden_comparison/golden_comparison_test.dart: Golden Comparison Tests Golden: dart matches browser render                         00:05 +199 ~1: /Users/denisnadey/apps/flutter_full_svg_support/test/golden_comparison/golden_comparison_test.dart: Golden Comparison Tests Golden: dart matches browser render                         00:05 +199 ~1: /Users/denisnadey/apps/flutter_full_svg_support/test/animation/advanced_clipping_test.dart: Advanced Clipping Semantics 6. use element inside clipPath                                  
Image size: 800x600
00:05 +200 ~1: /Users/denisnadey/apps/flutter_full_svg_support/test/golden_comparison/golden_comparison_test.dart: Golden Comparison Tests Golden: dart matches browser render                         00:05 +201 ~1: /Users/denisnadey/apps/flutter_full_svg_support/test/golden_comparison/golden_comparison_test.dart: Golden Comparison Tests Golden: dart matches browser render                         00:05 +201 ~1: /Users/denisnadey/apps/flutter_full_svg_support/test/animation/advanced_clipping_test.dart: Advanced Clipping Semantics 8. multiple shapes inside single clipPath (union)               
Image size: 800x600
00:05 +202 ~1: /Users/denisnadey/apps/flutter_full_svg_support/test/golden_comparison/golden_comparison_test.dart: Golden Comparison Tests Golden: dart matches browser render                         00:05 +202 ~1: /Users/denisnadey/apps/flutter_full_svg_support/test/animation/advanced_clipping_test.dart: Advanced Clipping Semantics 9. clipPath with transform attribute                            
Image size: 800x600
00:05 +203 ~1: /Users/denisnadey/apps/flutter_full_svg_support/test/golden_comparison/golden_comparison_test.dart: Golden Comparison Tests Golden: dart matches browser render                         00:05 +204 ~1: /Users/denisnadey/apps/flutter_full_svg_support/test/golden_comparison/golden_comparison_test.dart: Golden Comparison Tests Golden: dart matches browser render                         00:05 +204 ~1: /Users/denisnadey/apps/flutter_full_svg_support/test/animation/advanced_clipping_test.dart: Advanced Clipping Semantics 11. clipPath referencing non-existent ID graceful fallback      
Image size: 800x600
00:05 +205 ~1: /Users/denisnadey/apps/flutter_full_svg_support/test/golden_comparison/golden_comparison_test.dart: Golden Comparison Tests Golden: dart matches browser render                         00:05 +206 ~1: /Users/denisnadey/apps/flutter_full_svg_support/test/golden_comparison/golden_comparison_test.dart: Golden Comparison Tests Golden: dart matches browser render                         00:05 +207 ~1: /Users/denisnadey/apps/flutter_full_svg_support/test/golden_comparison/golden_comparison_test.dart: Golden Comparison Tests Golden: dart matches browser render                         00:05 +208 ~1: /Users/denisnadey/apps/flutter_full_svg_support/test/golden_comparison/golden_comparison_test.dart: Golden Comparison Tests Golden: dart matches browser render                         00:05 +209 ~1: /Users/denisnadey/apps/flutter_full_svg_support/test/golden_comparison/golden_comparison_test.dart: Golden Comparison Tests Golden: dart matches browser render                         00:05 +210 ~1: /Users/denisnadey/apps/flutter_full_svg_support/test/golden_comparison/golden_comparison_test.dart: Golden Comparison Tests Golden: dart matches browser render                         00:05 +211 ~1: /Users/denisnadey/apps/flutter_full_svg_support/test/golden_comparison/golden_comparison_test.dart: Golden Comparison Tests Golden: dart matches browser render                         00:05 +212 ~1: /Users/denisnadey/apps/flutter_full_svg_support/test/golden_comparison/golden_comparison_test.dart: Golden Comparison Tests Golden: dart matches browser render                         00:05 +213 ~1: /Users/denisnadey/apps/flutter_full_svg_support/test/golden_comparison/golden_comparison_test.dart: Golden Comparison Tests Golden: dart matches browser render                         00:05 +214 ~1: /Users/denisnadey/apps/flutter_full_svg_support/test/golden_comparison/golden_comparison_test.dart: Golden Comparison Tests Golden: dart matches browser render                         00:05 +215 ~1: /Users/denisnadey/apps/flutter_full_svg_support/test/golden_comparison/golden_comparison_test.dart: Golden Comparison Tests Golden: dart matches browser render                         00:05 +216 ~1: /Users/denisnadey/apps/flutter_full_svg_support/test/golden_comparison/golden_comparison_test.dart: Golden Comparison Tests Golden: dart matches browser render                         00:05 +217 ~1: /Users/denisnadey/apps/flutter_full_svg_support/test/golden_comparison/golden_comparison_test.dart: Golden Comparison Tests Golden: dart matches browser render                         00:05 +218 ~1: /Users/denisnadey/apps/flutter_full_svg_support/test/golden_comparison/golden_comparison_test.dart: Golden Comparison Tests Golden: dart matches browser render                         00:05 +219 ~1: /Users/denisnadey/apps/flutter_full_svg_support/test/golden_comparison/golden_comparison_test.dart: Golden Comparison Tests Golden: dart matches browser render                         00:05 +220 ~1: /Users/denisnadey/apps/flutter_full_svg_support/test/golden_comparison/golden_comparison_test.dart: Golden Comparison Tests Golden: dart matches browser render                         00:05 +221 ~1: /Users/denisnadey/apps/flutter_full_svg_support/test/golden_comparison/golden_comparison_test.dart: Golden Comparison Tests Golden: dart matches browser render                         00:05 +222 ~1: /Users/denisnadey/apps/flutter_full_svg_support/test/golden_comparison/golden_comparison_test.dart: Golden Comparison Tests Golden: dart matches browser render                         00:05 +223 ~1: /Users/denisnadey/apps/flutter_full_svg_support/test/golden_comparison/golden_comparison_test.dart: Golden Comparison Tests Golden: dart matches browser render                         00:05 +224 ~1: /Users/denisnadey/apps/flutter_full_svg_support/test/golden_comparison/golden_comparison_test.dart: Golden Comparison Tests Golden: dart matches browser render                         00:05 +225 ~1: /Users/denisnadey/apps/flutter_full_svg_support/test/golden_comparison/golden_comparison_test.dart: Golden Comparison Tests Golden: dart matches browser render                         00:05 +226 ~1: /Users/denisnadey/apps/flutter_full_svg_support/test/golden_comparison/golden_comparison_test.dart: Golden Comparison Tests Golden: dart matches browser render                         00:05 +227 ~1: /Users/denisnadey/apps/flutter_full_svg_support/test/golden_comparison/golden_comparison_test.dart: Golden Comparison Tests Golden: dart matches browser render                         00:05 +228 ~1: /Users/denisnadey/apps/flutter_full_svg_support/test/golden_comparison/golden_comparison_test.dart: Golden Comparison Tests Golden: dart matches browser render                         00:05 +229 ~1: /Users/denisnadey/apps/flutter_full_svg_support/test/golden_comparison/golden_comparison_test.dart: Golden Comparison Tests Golden: dart matches browser render                         00:05 +230 ~1: /Users/denisnadey/apps/flutter_full_svg_support/test/golden_comparison/golden_comparison_test.dart: Golden Comparison Tests Golden: dart matches browser render                         00:05 +231 ~1: /Users/denisnadey/apps/flutter_full_svg_support/test/golden_comparison/golden_comparison_test.dart: Golden Comparison Tests Golden: dart matches browser render                         00:05 +232 ~1: /Users/denisnadey/apps/flutter_full_svg_support/test/golden_comparison/golden_comparison_test.dart: Golden Comparison Tests Golden: dart matches browser render                         00:05 +233 ~1: /Users/denisnadey/apps/flutter_full_svg_support/test/golden_comparison/golden_comparison_test.dart: Golden Comparison Tests Golden: dart matches browser render                         00:05 +234 ~1: /Users/denisnadey/apps/flutter_full_svg_support/test/golden_comparison/golden_comparison_test.dart: Golden Comparison Tests Golden: dart matches browser render                         00:05 +235 ~1: /Users/denisnadey/apps/flutter_full_svg_support/test/golden_comparison/golden_comparison_test.dart: Golden Comparison Tests Golden: dart matches browser render                         00:05 +236 ~1: /Users/denisnadey/apps/flutter_full_svg_support/test/golden_comparison/golden_comparison_test.dart: Golden Comparison Tests Golden: dart matches browser render                         00:05 +237 ~1: /Users/denisnadey/apps/flutter_full_svg_support/test/golden_comparison/golden_comparison_test.dart: Golden Comparison Tests Golden: dart matches browser render                         00:05 +238 ~1: /Users/denisnadey/apps/flutter_full_svg_support/test/golden_comparison/golden_comparison_test.dart: Golden Comparison Tests Golden: dart matches browser render                         00:05 +239 ~1: /Users/denisnadey/apps/flutter_full_svg_support/test/golden_comparison/golden_comparison_test.dart: Golden Comparison Tests Golden: dart matches browser render                         00:05 +240 ~1: /Users/denisnadey/apps/flutter_full_svg_support/test/golden_comparison/golden_comparison_test.dart: Golden Comparison Tests Golden: dart matches browser render                         00:05 +241 ~1: /Users/denisnadey/apps/flutter_full_svg_support/test/golden_comparison/golden_comparison_test.dart: Golden Comparison Tests Golden: dart matches browser render                         00:05 +242 ~1: /Users/denisnadey/apps/flutter_full_svg_support/test/golden_comparison/golden_comparison_test.dart: Golden Comparison Tests Golden: dart matches browser render                         00:05 +243 ~1: /Users/denisnadey/apps/flutter_full_svg_support/test/golden_comparison/golden_comparison_test.dart: Golden Comparison Tests Golden: dart matches browser render                         00:05 +244 ~1: /Users/denisnadey/apps/flutter_full_svg_support/test/golden_comparison/golden_comparison_test.dart: Golden Comparison Tests Golden: dart matches browser render                         00:05 +245 ~1: /Users/denisnadey/apps/flutter_full_svg_support/test/golden_comparison/golden_comparison_test.dart: Golden Comparison Tests Golden: dart matches browser render                         00:05 +246 ~1: /Users/denisnadey/apps/flutter_full_svg_support/test/golden_comparison/golden_comparison_test.dart: Golden Comparison Tests Golden: dart matches browser render                         00:05 +247 ~1: /Users/denisnadey/apps/flutter_full_svg_support/test/golden_comparison/golden_comparison_test.dart: Golden Comparison Tests Golden: dart matches browser render                         00:05 +248 ~1: /Users/denisnadey/apps/flutter_full_svg_support/test/golden_comparison/golden_comparison_test.dart: Golden Comparison Tests Golden: dart matches browser render                         00:05 +249 ~1: /Users/denisnadey/apps/flutter_full_svg_support/test/golden_comparison/golden_comparison_test.dart: Golden Comparison Tests Golden: dart matches browser render                         00:05 +250 ~1: /Users/denisnadey/apps/flutter_full_svg_support/test/golden_comparison/golden_comparison_test.dart: Golden Comparison Tests Golden: dart matches browser render                         00:05 +251 ~1: /Users/denisnadey/apps/flutter_full_svg_support/test/golden_comparison/golden_comparison_test.dart: Golden Comparison Tests Golden: dart matches browser render                         00:05 +252 ~1: /Users/denisnadey/apps/flutter_full_svg_support/test/golden_comparison/golden_comparison_test.dart: Golden Comparison Tests Golden: dart matches browser render                         00:05 +253 ~1: /Users/denisnadey/apps/flutter_full_svg_support/test/golden_comparison/golden_comparison_test.dart: Golden Comparison Tests Golden: dart matches browser render                         00:05 +254 ~1: /Users/denisnadey/apps/flutter_full_svg_support/test/golden_comparison/golden_comparison_test.dart: Golden Comparison Tests Golden: dart matches browser render                         00:05 +255 ~1: /Users/denisnadey/apps/flutter_full_svg_support/test/golden_comparison/golden_comparison_test.dart: Golden Comparison Tests Golden: dart matches browser render                         00:05 +256 ~1: /Users/denisnadey/apps/flutter_full_svg_support/test/golden_comparison/golden_comparison_test.dart: Golden Comparison Tests Golden: dart matches browser render                         00:05 +257 ~1: /Users/denisnadey/apps/flutter_full_svg_support/test/golden_comparison/golden_comparison_test.dart: Golden Comparison Tests Golden: dart matches browser render                         00:05 +258 ~1: /Users/denisnadey/apps/flutter_full_svg_support/test/golden_comparison/golden_comparison_test.dart: Golden Comparison Tests Golden: dart matches browser render                         00:05 +259 ~1: /Users/denisnadey/apps/flutter_full_svg_support/test/golden_comparison/golden_comparison_test.dart: Golden Comparison Tests Golden: dart matches browser render                         00:05 +260 ~1: /Users/denisnadey/apps/flutter_full_svg_support/test/golden_comparison/golden_comparison_test.dart: Golden Comparison Tests Golden: dart matches browser render                         00:05 +261 ~1: /Users/denisnadey/apps/flutter_full_svg_support/test/golden_comparison/golden_comparison_test.dart: Golden Comparison Tests Golden: dart matches browser render                         00:05 +262 ~1: /Users/denisnadey/apps/flutter_full_svg_support/test/golden_comparison/golden_comparison_test.dart: Golden Comparison Tests Golden: dart matches browser render                         00:05 +263 ~1: /Users/denisnadey/apps/flutter_full_svg_support/test/golden_comparison/golden_comparison_test.dart: Golden Comparison Tests Golden: dart matches browser render                         00:05 +264 ~1: /Users/denisnadey/apps/flutter_full_svg_support/test/golden_comparison/golden_comparison_test.dart: Golden Comparison Tests Golden: dart matches browser render                         00:05 +265 ~1: /Users/denisnadey/apps/flutter_full_svg_support/test/golden_comparison/golden_comparison_test.dart: Golden Comparison Tests Golden: dart matches browser render                         00:05 +266 ~1: /Users/denisnadey/apps/flutter_full_svg_support/test/golden_comparison/golden_comparison_test.dart: Golden Comparison Tests Golden: dart matches browser render                         00:05 +267 ~1: /Users/denisnadey/apps/flutter_full_svg_support/test/golden_comparison/golden_comparison_test.dart: Golden Comparison Tests Golden: dart matches browser render                         00:05 +268 ~1: /Users/denisnadey/apps/flutter_full_svg_support/test/golden_comparison/golden_comparison_test.dart: Golden Comparison Tests Golden: dart matches browser render                         00:05 +269 ~1: /Users/denisnadey/apps/flutter_full_svg_support/test/golden_comparison/golden_comparison_test.dart: Golden Comparison Tests Golden: dart matches browser render                         00:05 +270 ~1: /Users/denisnadey/apps/flutter_full_svg_support/test/golden_comparison/golden_comparison_test.dart: Golden Comparison Tests Golden: dart matches browser render                         00:06 +270 ~1: /Users/denisnadey/apps/flutter_full_svg_support/test/golden_comparison/golden_comparison_test.dart: Golden Comparison Tests Golden: dart matches browser render                         00:06 +271 ~1: /Users/denisnadey/apps/flutter_full_svg_support/test/golden_comparison/golden_comparison_test.dart: Golden Comparison Tests Golden: dart matches browser render                         00:06 +272 ~1: /Users/denisnadey/apps/flutter_full_svg_support/test/golden_comparison/golden_comparison_test.dart: Golden Comparison Tests Golden: dart matches browser render                         00:06 +273 ~1: /Users/denisnadey/apps/flutter_full_svg_support/test/golden_comparison/golden_comparison_test.dart: Golden Comparison Tests Golden: dart matches browser render                         00:06 +274 ~1: /Users/denisnadey/apps/flutter_full_svg_support/test/golden_comparison/golden_comparison_test.dart: Golden Comparison Tests Golden: dart matches browser render                         00:06 +275 ~1: /Users/denisnadey/apps/flutter_full_svg_support/test/golden_comparison/golden_comparison_test.dart: Golden Comparison Tests Golden: dart matches browser render                         00:06 +276 ~1: /Users/denisnadey/apps/flutter_full_svg_support/test/golden_comparison/golden_comparison_test.dart: Golden Comparison Tests Golden: dart matches browser render                         00:06 +277 ~1: /Users/denisnadey/apps/flutter_full_svg_support/test/golden_comparison/golden_comparison_test.dart: Golden Comparison Tests Golden: dart matches browser render                         00:06 +278 ~1: /Users/denisnadey/apps/flutter_full_svg_support/test/golden_comparison/golden_comparison_test.dart: Golden Comparison Tests Golden: dart matches browser render                         00:06 +279 ~1: /Users/denisnadey/apps/flutter_full_svg_support/test/golden_comparison/golden_comparison_test.dart: Golden Comparison Tests Golden: dart matches browser render                         00:06 +280 ~1: /Users/denisnadey/apps/flutter_full_svg_support/test/golden_comparison/golden_comparison_test.dart: Golden Comparison Tests Golden: dart matches browser render                         00:06 +281 ~1: /Users/denisnadey/apps/flutter_full_svg_support/test/golden_comparison/golden_comparison_test.dart: Golden Comparison Tests Golden: dart matches browser render                         00:06 +282 ~1: /Users/denisnadey/apps/flutter_full_svg_support/test/golden_comparison/golden_comparison_test.dart: Golden Comparison Tests Golden: dart matches browser render                         00:06 +283 ~1: /Users/denisnadey/apps/flutter_full_svg_support/test/golden_comparison/golden_comparison_test.dart: Golden Comparison Tests Golden: dart matches browser render                         00:06 +284 ~1: /Users/denisnadey/apps/flutter_full_svg_support/test/golden_comparison/golden_comparison_test.dart: Golden Comparison Tests Golden: dart matches browser render                         00:06 +285 ~1: /Users/denisnadey/apps/flutter_full_svg_support/test/golden_comparison/golden_comparison_test.dart: Golden Comparison Tests Golden: dart matches browser render                         00:06 +286 ~1: /Users/denisnadey/apps/flutter_full_svg_support/test/golden_comparison/golden_comparison_test.dart: Golden Comparison Tests Golden: dart matches browser render                         00:06 +287 ~1: /Users/denisnadey/apps/flutter_full_svg_support/test/golden_comparison/golden_comparison_test.dart: Golden Comparison Tests Golden: dart matches browser render                         00:06 +288 ~1: /Users/denisnadey/apps/flutter_full_svg_support/test/golden_comparison/golden_comparison_test.dart: Golden Comparison Tests Golden: dart matches browser render                         00:06 +289 ~1: /Users/denisnadey/apps/flutter_full_svg_support/test/golden_comparison/golden_comparison_test.dart: Golden Comparison Tests Golden: dart matches browser render                         00:06 +290 ~1: /Users/denisnadey/apps/flutter_full_svg_support/test/golden_comparison/golden_comparison_test.dart: Golden Comparison Tests Golden: dart matches browser render                         00:06 +291 ~1: /Users/denisnadey/apps/flutter_full_svg_support/test/golden_comparison/golden_comparison_test.dart: Golden Comparison Tests Golden: dart matches browser render                         00:06 +292 ~1: /Users/denisnadey/apps/flutter_full_svg_support/test/golden_comparison/golden_comparison_test.dart: Golden Comparison Tests Golden: dart matches browser render                         00:06 +293 ~1: /Users/denisnadey/apps/flutter_full_svg_support/test/golden_comparison/golden_comparison_test.dart: Golden Comparison Tests Golden: dart matches browser render                         00:06 +294 ~1: /Users/denisnadey/apps/flutter_full_svg_support/test/golden_comparison/golden_comparison_test.dart: Golden Comparison Tests Golden: dart matches browser render                         00:06 +295 ~1: /Users/denisnadey/apps/flutter_full_svg_support/test/golden_comparison/golden_comparison_test.dart: Golden Comparison Tests Golden: dart matches browser render                         00:06 +296 ~1: /Users/denisnadey/apps/flutter_full_svg_support/test/golden_comparison/golden_comparison_test.dart: Golden Comparison Tests Golden: dart matches browser render                         00:07 +296 ~1: /Users/denisnadey/apps/flutter_full_svg_support/test/golden_comparison/golden_comparison_test.dart: Golden Comparison Tests Golden: dart matches browser render                         00:07 +297 ~1: /Users/denisnadey/apps/flutter_full_svg_support/test/golden_comparison/golden_comparison_test.dart: Golden Comparison Tests Golden: dart matches browser render                         00:07 +298 ~1: /Users/denisnadey/apps/flutter_full_svg_support/test/golden_comparison/golden_comparison_test.dart: Golden Comparison Tests Golden: dart matches browser render                         00:07 +299 ~1: /Users/denisnadey/apps/flutter_full_svg_support/test/golden_comparison/golden_comparison_test.dart: Golden Comparison Tests Golden: dart matches browser render                         00:07 +300 ~1: /Users/denisnadey/apps/flutter_full_svg_support/test/golden_comparison/golden_comparison_test.dart: Golden Comparison Tests Golden: dart matches browser render                         00:07 +301 ~1: /Users/denisnadey/apps/flutter_full_svg_support/test/golden_comparison/golden_comparison_test.dart: Golden Comparison Tests Golden: dart matches browser render                         00:07 +302 ~1: /Users/denisnadey/apps/flutter_full_svg_support/test/golden_comparison/golden_comparison_test.dart: Golden Comparison Tests Golden: dart matches browser render                         00:07 +303 ~1: /Users/denisnadey/apps/flutter_full_svg_support/test/golden_comparison/golden_comparison_test.dart: Golden Comparison Tests Golden: dart matches browser render                         00:07 +304 ~1: /Users/denisnadey/apps/flutter_full_svg_support/test/golden_comparison/golden_comparison_test.dart: Golden Comparison Tests Golden: dart matches browser render                         00:07 +305 ~1: /Users/denisnadey/apps/flutter_full_svg_support/test/golden_comparison/golden_comparison_test.dart: Golden Comparison Tests Golden: dart matches browser render                         00:07 +306 ~1: /Users/denisnadey/apps/flutter_full_svg_support/test/golden_comparison/golden_comparison_test.dart: Golden Comparison Tests Golden: dart matches browser render                         00:07 +307 ~1: /Users/denisnadey/apps/flutter_full_svg_support/test/golden_comparison/golden_comparison_test.dart: Golden Comparison Tests Golden: dart matches browser render                         00:07 +308 ~1: /Users/denisnadey/apps/flutter_full_svg_support/test/golden_comparison/golden_comparison_test.dart: Golden Comparison Tests Golden: dart matches browser render                         00:07 +309 ~1: /Users/denisnadey/apps/flutter_full_svg_support/test/golden_comparison/golden_comparison_test.dart: Golden Comparison Tests Golden: dart matches browser render                         00:07 +310 ~1: /Users/denisnadey/apps/flutter_full_svg_support/test/golden_comparison/golden_comparison_test.dart: Golden Comparison Tests Golden: dart matches browser render                         00:07 +311 ~1: /Users/denisnadey/apps/flutter_full_svg_support/test/golden_comparison/golden_comparison_test.dart: Golden Comparison Tests Golden: dart matches browser render                         00:07 +312 ~1: /Users/denisnadey/apps/flutter_full_svg_support/test/golden_comparison/golden_comparison_test.dart: Golden Comparison Tests Golden: dart matches browser render                         00:07 +313 ~1: /Users/denisnadey/apps/flutter_full_svg_support/test/golden_comparison/golden_comparison_test.dart: Golden Comparison Tests Golden: dart matches browser render                         00:07 +314 ~1: /Users/denisnadey/apps/flutter_full_svg_support/test/golden_comparison/golden_comparison_test.dart: Golden Comparison Tests Golden: dart matches browser render                         00:07 +315 ~1: /Users/denisnadey/apps/flutter_full_svg_support/test/golden_comparison/golden_comparison_test.dart: Golden Comparison Tests Golden: dart matches browser render                         00:07 +316 ~1: /Users/denisnadey/apps/flutter_full_svg_support/test/golden_comparison/golden_comparison_test.dart: Golden Comparison Tests Golden: dart matches browser render                         00:07 +317 ~1: /Users/denisnadey/apps/flutter_full_svg_support/test/golden_comparison/golden_comparison_test.dart: Golden Comparison Tests Golden: dart matches browser render                         00:07 +318 ~1: /Users/denisnadey/apps/flutter_full_svg_support/test/golden_comparison/golden_comparison_test.dart: Golden Comparison Tests Golden: dart matches browser render                         00:07 +319 ~1: /Users/denisnadey/apps/flutter_full_svg_support/test/golden_comparison/golden_comparison_test.dart: Golden Comparison Tests Golden: dart matches browser render                         00:07 +320 ~1: /Users/denisnadey/apps/flutter_full_svg_support/test/golden_comparison/golden_comparison_test.dart: Golden Comparison Tests Golden: dart matches browser render                         00:07 +321 ~1: /Users/denisnadey/apps/flutter_full_svg_support/test/golden_comparison/golden_comparison_test.dart: Golden Comparison Tests Golden: dart matches browser render                         00:07 +322 ~1: /Users/denisnadey/apps/flutter_full_svg_support/test/golden_comparison/golden_comparison_test.dart: Golden Comparison Tests Golden: dart matches browser render                         00:07 +323 ~1: /Users/denisnadey/apps/flutter_full_svg_support/test/golden_comparison/golden_comparison_test.dart: Golden Comparison Tests Golden: dart matches browser render                         00:07 +324 ~1: /Users/denisnadey/apps/flutter_full_svg_support/test/golden_comparison/golden_comparison_test.dart: Golden Comparison Tests Golden: dart matches browser render                         00:07 +325 ~1: /Users/denisnadey/apps/flutter_full_svg_support/test/golden_comparison/golden_comparison_test.dart: Golden Comparison Tests Golden: dart matches browser render                         00:07 +326 ~1: /Users/denisnadey/apps/flutter_full_svg_support/test/golden_comparison/golden_comparison_test.dart: Golden Comparison Tests Golden: dart matches browser render                         00:07 +327 ~1: /Users/denisnadey/apps/flutter_full_svg_support/test/golden_comparison/golden_comparison_test.dart: Golden Comparison Tests Golden: dart matches browser render                         00:07 +328 ~1: /Users/denisnadey/apps/flutter_full_svg_support/test/golden_comparison/golden_comparison_test.dart: Golden Comparison Tests Golden: dart matches browser render                         00:07 +329 ~1: /Users/denisnadey/apps/flutter_full_svg_support/test/golden_comparison/golden_comparison_test.dart: Golden Comparison Tests Golden: dart matches browser render                         00:07 +330 ~1: /Users/denisnadey/apps/flutter_full_svg_support/test/golden_comparison/golden_comparison_test.dart: Golden Comparison Tests Golden: dart matches browser render                         00:07 +331 ~1: /Users/denisnadey/apps/flutter_full_svg_support/test/golden_comparison/golden_comparison_test.dart: Golden Comparison Tests Golden: dart matches browser render                         00:07 +332 ~1: /Users/denisnadey/apps/flutter_full_svg_support/test/golden_comparison/golden_comparison_test.dart: Golden Comparison Tests Golden: dart matches browser render                         00:07 +333 ~1: /Users/denisnadey/apps/flutter_full_svg_support/test/golden_comparison/golden_comparison_test.dart: Golden Comparison Tests Golden: dart matches browser render                         00:07 +334 ~1: /Users/denisnadey/apps/flutter_full_svg_support/test/golden_comparison/golden_comparison_test.dart: Golden Comparison Tests Golden: dart matches browser render                         00:07 +335 ~1: /Users/denisnadey/apps/flutter_full_svg_support/test/golden_comparison/golden_comparison_test.dart: Golden Comparison Tests Golden: dart matches browser render                         00:07 +336 ~1: /Users/denisnadey/apps/flutter_full_svg_support/test/golden_comparison/golden_comparison_test.dart: Golden Comparison Tests Golden: dart matches browser render                         00:07 +337 ~1: /Users/denisnadey/apps/flutter_full_svg_support/test/golden_comparison/golden_comparison_test.dart: Golden Comparison Tests Golden: dart matches browser render                         00:07 +338 ~1: /Users/denisnadey/apps/flutter_full_svg_support/test/golden_comparison/golden_comparison_test.dart: Golden Comparison Tests Golden: dart matches browser render                         00:07 +339 ~1: /Users/denisnadey/apps/flutter_full_svg_support/test/golden_comparison/golden_comparison_test.dart: Golden Comparison Tests Golden: dart matches browser render                         00:07 +340 ~1: /Users/denisnadey/apps/flutter_full_svg_support/test/golden_comparison/golden_comparison_test.dart: Golden Comparison Tests Golden: dart matches browser render                         00:07 +341 ~1: /Users/denisnadey/apps/flutter_full_svg_support/test/golden_comparison/golden_comparison_test.dart: Golden Comparison Tests Golden: dart matches browser render                         00:07 +342 ~1: /Users/denisnadey/apps/flutter_full_svg_support/test/golden_comparison/golden_comparison_test.dart: Golden Comparison Tests Golden: dart matches browser render                         00:07 +343 ~1: /Users/denisnadey/apps/flutter_full_svg_support/test/golden_comparison/golden_comparison_test.dart: Golden Comparison Tests Golden: dart matches browser render                         00:07 +344 ~1: /Users/denisnadey/apps/flutter_full_svg_support/test/golden_comparison/golden_comparison_test.dart: Golden Comparison Tests Golden: dart matches browser render                         00:07 +345 ~1: /Users/denisnadey/apps/flutter_full_svg_support/test/golden_comparison/golden_comparison_test.dart: Golden Comparison Tests Golden: dart matches browser render                         00:07 +346 ~1: /Users/denisnadey/apps/flutter_full_svg_support/test/golden_comparison/golden_comparison_test.dart: Golden Comparison Tests Golden: dart matches browser render                         00:07 +347 ~1: /Users/denisnadey/apps/flutter_full_svg_support/test/golden_comparison/golden_comparison_test.dart: Golden Comparison Tests Golden: dart matches browser render                         00:07 +348 ~1: /Users/denisnadey/apps/flutter_full_svg_support/test/golden_comparison/golden_comparison_test.dart: Golden Comparison Tests Golden: dart matches browser render                         00:07 +349 ~1: /Users/denisnadey/apps/flutter_full_svg_support/test/golden_comparison/golden_comparison_test.dart: Golden Comparison Tests Golden: dart matches browser render                         00:07 +350 ~1: /Users/denisnadey/apps/flutter_full_svg_support/test/golden_comparison/golden_comparison_test.dart: Golden Comparison Tests Golden: dart matches browser render                         00:07 +351 ~1: /Users/denisnadey/apps/flutter_full_svg_support/test/golden_comparison/golden_comparison_test.dart: Golden Comparison Tests Golden: dart matches browser render                         00:07 +352 ~1: /Users/denisnadey/apps/flutter_full_svg_support/test/golden_comparison/golden_comparison_test.dart: Golden Comparison Tests Golden: dart matches browser render                         00:07 +353 ~1: /Users/denisnadey/apps/flutter_full_svg_support/test/golden_comparison/golden_comparison_test.dart: Golden Comparison Tests Golden: dart matches browser render                         00:07 +354 ~1: /Users/denisnadey/apps/flutter_full_svg_support/test/golden_comparison/golden_comparison_test.dart: Golden Comparison Tests Golden: dart matches browser render                         00:07 +355 ~1: /Users/denisnadey/apps/flutter_full_svg_support/test/golden_comparison/golden_comparison_test.dart: Golden Comparison Tests Golden: dart matches browser render                         00:07 +356 ~1: /Users/denisnadey/apps/flutter_full_svg_support/test/golden_comparison/golden_comparison_test.dart: Golden Comparison Tests Golden: dart matches browser render                         00:07 +357 ~1: /Users/denisnadey/apps/flutter_full_svg_support/test/golden_comparison/golden_comparison_test.dart: Golden Comparison Tests Golden: dart matches browser render                         00:07 +358 ~1: /Users/denisnadey/apps/flutter_full_svg_support/test/golden_comparison/golden_comparison_test.dart: Golden Comparison Tests Golden: dart matches browser render                         00:07 +359 ~1: /Users/denisnadey/apps/flutter_full_svg_support/test/golden_comparison/golden_comparison_test.dart: Golden Comparison Tests Golden: dart matches browser render                         00:07 +360 ~1: /Users/denisnadey/apps/flutter_full_svg_support/test/golden_comparison/golden_comparison_test.dart: Golden Comparison Tests Golden: dart matches browser render                         00:07 +361 ~1: /Users/denisnadey/apps/flutter_full_svg_support/test/golden_comparison/golden_comparison_test.dart: Golden Comparison Tests Golden: dart matches browser render                         00:07 +362 ~1: /Users/denisnadey/apps/flutter_full_svg_support/test/golden_comparison/golden_comparison_test.dart: Golden Comparison Tests Golden: dart matches browser render                         00:07 +363 ~1: /Users/denisnadey/apps/flutter_full_svg_support/test/golden_comparison/golden_comparison_test.dart: Golden Comparison Tests Golden: dart matches browser render                         00:07 +364 ~1: /Users/denisnadey/apps/flutter_full_svg_support/test/golden_comparison/golden_comparison_test.dart: Golden Comparison Tests Golden: dart matches browser render                         00:07 +365 ~1: /Users/denisnadey/apps/flutter_full_svg_support/test/golden_comparison/golden_comparison_test.dart: Golden Comparison Tests Golden: dart matches browser render                         00:08 +365 ~1: /Users/denisnadey/apps/flutter_full_svg_support/test/golden_comparison/golden_comparison_test.dart: Golden Comparison Tests Golden: dart matches browser render                         00:08 +366 ~1: /Users/denisnadey/apps/flutter_full_svg_support/test/golden_comparison/golden_comparison_test.dart: Golden Comparison Tests Golden: dart matches browser render                         00:08 +367 ~1: /Users/denisnadey/apps/flutter_full_svg_support/test/golden_comparison/golden_comparison_test.dart: Golden Comparison Tests Golden: dart matches browser render                         00:08 +368 ~1: /Users/denisnadey/apps/flutter_full_svg_support/test/golden_comparison/golden_comparison_test.dart: Golden Comparison Tests Golden: dart matches browser render                         00:08 +369 ~1: /Users/denisnadey/apps/flutter_full_svg_support/test/golden_comparison/golden_comparison_test.dart: Golden Comparison Tests Golden: dart matches browser render                         00:08 +370 ~1: /Users/denisnadey/apps/flutter_full_svg_support/test/golden_comparison/golden_comparison_test.dart: Golden Comparison Tests Golden: dart matches browser render                         00:08 +371 ~1: /Users/denisnadey/apps/flutter_full_svg_support/test/golden_comparison/golden_comparison_test.dart: Golden Comparison Tests Golden: dart matches browser render                         00:08 +372 ~1: /Users/denisnadey/apps/flutter_full_svg_support/test/golden_comparison/golden_comparison_test.dart: Golden Comparison Tests Golden: dart matches browser render                         00:08 +373 ~1: /Users/denisnadey/apps/flutter_full_svg_support/test/golden_comparison/golden_comparison_test.dart: Golden Comparison Tests Golden: dart matches browser render                         00:08 +374 ~1: /Users/denisnadey/apps/flutter_full_svg_support/test/golden_comparison/golden_comparison_test.dart: Golden Comparison Tests Golden: dart matches browser render                         00:08 +375 ~1: /Users/denisnadey/apps/flutter_full_svg_support/test/golden_comparison/golden_comparison_test.dart: Golden Comparison Tests Golden: dart matches browser render                         00:08 +376 ~1: /Users/denisnadey/apps/flutter_full_svg_support/test/golden_comparison/golden_comparison_test.dart: Golden Comparison Tests Golden: dart matches browser render                         00:08 +377 ~1: /Users/denisnadey/apps/flutter_full_svg_support/test/golden_comparison/golden_comparison_test.dart: Golden Comparison Tests Golden: dart matches browser render                         00:08 +378 ~1: /Users/denisnadey/apps/flutter_full_svg_support/test/golden_comparison/golden_comparison_test.dart: Golden Comparison Tests Golden: dart matches browser render                         00:08 +379 ~1: /Users/denisnadey/apps/flutter_full_svg_support/test/golden_comparison/golden_comparison_test.dart: Golden Comparison Tests Golden: dart matches browser render                         00:08 +380 ~1: /Users/denisnadey/apps/flutter_full_svg_support/test/golden_comparison/golden_comparison_test.dart: Golden Comparison Tests Golden: dart matches browser render                         00:08 +381 ~1: /Users/denisnadey/apps/flutter_full_svg_support/test/golden_comparison/golden_comparison_test.dart: Golden Comparison Tests Golden: dart matches browser render                         00:08 +382 ~1: /Users/denisnadey/apps/flutter_full_svg_support/test/golden_comparison/golden_comparison_test.dart: Golden Comparison Tests Golden: dart matches browser render                         00:08 +383 ~1: /Users/denisnadey/apps/flutter_full_svg_support/test/golden_comparison/golden_comparison_test.dart: Golden Comparison Tests Golden: dart matches browser render                         00:08 +384 ~1: /Users/denisnadey/apps/flutter_full_svg_support/test/golden_comparison/golden_comparison_test.dart: Golden Comparison Tests Golden: dart matches browser render                         00:08 +385 ~1: /Users/denisnadey/apps/flutter_full_svg_support/test/golden_comparison/golden_comparison_test.dart: Golden Comparison Tests Golden: dart matches browser render                         00:08 +386 ~1: /Users/denisnadey/apps/flutter_full_svg_support/test/golden_comparison/golden_comparison_test.dart: Golden Comparison Tests Golden: dart matches browser render                         00:08 +387 ~1: /Users/denisnadey/apps/flutter_full_svg_support/test/golden_comparison/golden_comparison_test.dart: Golden Comparison Tests Golden: dart matches browser render                         00:08 +388 ~1: /Users/denisnadey/apps/flutter_full_svg_support/test/golden_comparison/golden_comparison_test.dart: Golden Comparison Tests Golden: dart matches browser render                         00:08 +389 ~1: /Users/denisnadey/apps/flutter_full_svg_support/test/golden_comparison/golden_comparison_test.dart: Golden Comparison Tests Golden: dart matches browser render                         00:08 +390 ~1: /Users/denisnadey/apps/flutter_full_svg_support/test/golden_comparison/golden_comparison_test.dart: Golden Comparison Tests Golden: dart matches browser render                         00:08 +391 ~1: /Users/denisnadey/apps/flutter_full_svg_support/test/golden_comparison/golden_comparison_test.dart: Golden Comparison Tests Golden: dart matches browser render                         00:08 +392 ~1: /Users/denisnadey/apps/flutter_full_svg_support/test/golden_comparison/golden_comparison_test.dart: Golden Comparison Tests Golden: dart matches browser render                         00:08 +393 ~1: /Users/denisnadey/apps/flutter_full_svg_support/test/golden_comparison/golden_comparison_test.dart: Golden Comparison Tests Golden: dart matches browser render                         00:08 +394 ~1: /Users/denisnadey/apps/flutter_full_svg_support/test/golden_comparison/golden_comparison_test.dart: Golden Comparison Tests Golden: dart matches browser render                         00:08 +395 ~1: /Users/denisnadey/apps/flutter_full_svg_support/test/golden_comparison/golden_comparison_test.dart: Golden Comparison Tests Golden: dart matches browser render                         00:08 +396 ~1: /Users/denisnadey/apps/flutter_full_svg_support/test/golden_comparison/golden_comparison_test.dart: Golden Comparison Tests Golden: dart matches browser render                         00:08 +397 ~1: /Users/denisnadey/apps/flutter_full_svg_support/test/golden_comparison/golden_comparison_test.dart: Golden Comparison Tests Golden: dart matches browser render                         00:08 +398 ~1: /Users/denisnadey/apps/flutter_full_svg_support/test/golden_comparison/golden_comparison_test.dart: Golden Comparison Tests Golden: dart matches browser render                         00:08 +399 ~1: /Users/denisnadey/apps/flutter_full_svg_support/test/golden_comparison/golden_comparison_test.dart: Golden Comparison Tests Golden: dart matches browser render                         00:08 +400 ~1: /Users/denisnadey/apps/flutter_full_svg_support/test/golden_comparison/golden_comparison_test.dart: Golden Comparison Tests Golden: dart matches browser render                         00:08 +401 ~1: /Users/denisnadey/apps/flutter_full_svg_support/test/golden_comparison/golden_comparison_test.dart: Golden Comparison Tests Golden: dart matches browser render                         00:08 +402 ~1: /Users/denisnadey/apps/flutter_full_svg_support/test/golden_comparison/golden_comparison_test.dart: Golden Comparison Tests Golden: dart matches browser render                         00:08 +403 ~1: /Users/denisnadey/apps/flutter_full_svg_support/test/golden_comparison/golden_comparison_test.dart: Golden Comparison Tests Golden: dart matches browser render                         00:08 +404 ~1: /Users/denisnadey/apps/flutter_full_svg_support/test/golden_comparison/golden_comparison_test.dart: Golden Comparison Tests Golden: dart matches browser render                         00:08 +405 ~1: /Users/denisnadey/apps/flutter_full_svg_support/test/golden_comparison/golden_comparison_test.dart: Golden Comparison Tests Golden: dart matches browser render                         00:08 +406 ~1: /Users/denisnadey/apps/flutter_full_svg_support/test/golden_comparison/golden_comparison_test.dart: Golden Comparison Tests Golden: dart matches browser render                         00:08 +407 ~1: /Users/denisnadey/apps/flutter_full_svg_support/test/golden_comparison/golden_comparison_test.dart: Golden Comparison Tests Golden: dart matches browser render                         00:08 +408 ~1: /Users/denisnadey/apps/flutter_full_svg_support/test/golden_comparison/golden_comparison_test.dart: Golden Comparison Tests Golden: dart matches browser render                         00:08 +409 ~1: /Users/denisnadey/apps/flutter_full_svg_support/test/golden_comparison/golden_comparison_test.dart: Golden Comparison Tests Golden: dart matches browser render                         00:08 +410 ~1: /Users/denisnadey/apps/flutter_full_svg_support/test/golden_comparison/golden_comparison_test.dart: Golden Comparison Tests Golden: dart matches browser render                         00:08 +411 ~1: /Users/denisnadey/apps/flutter_full_svg_support/test/golden_comparison/golden_comparison_test.dart: Golden Comparison Tests Golden: dart matches browser render                         00:08 +412 ~1: /Users/denisnadey/apps/flutter_full_svg_support/test/golden_comparison/golden_comparison_test.dart: Golden Comparison Tests Golden: dart matches browser render                         00:08 +413 ~1: /Users/denisnadey/apps/flutter_full_svg_support/test/golden_comparison/golden_comparison_test.dart: Golden Comparison Tests Golden: dart matches browser render                         00:08 +414 ~1: /Users/denisnadey/apps/flutter_full_svg_support/test/golden_comparison/golden_comparison_test.dart: Golden Comparison Tests Golden: dart matches browser render                         00:08 +415 ~1: /Users/denisnadey/apps/flutter_full_svg_support/test/golden_comparison/golden_comparison_test.dart: Golden Comparison Tests Golden: dart matches browser render                         00:08 +416 ~1: /Users/denisnadey/apps/flutter_full_svg_support/test/golden_comparison/golden_comparison_test.dart: Golden Comparison Tests Golden: dart matches browser render                         00:08 +417 ~1: /Users/denisnadey/apps/flutter_full_svg_support/test/golden_comparison/golden_comparison_test.dart: Golden Comparison Tests Golden: dart matches browser render                         00:08 +418 ~1: /Users/denisnadey/apps/flutter_full_svg_support/test/golden_comparison/golden_comparison_test.dart: Golden Comparison Tests Golden: dart matches browser render                         00:08 +419 ~1: /Users/denisnadey/apps/flutter_full_svg_support/test/golden_comparison/golden_comparison_test.dart: Golden Comparison Tests Golden: dart matches browser render                         00:08 +420 ~1: /Users/denisnadey/apps/flutter_full_svg_support/test/golden_comparison/golden_comparison_test.dart: Golden Comparison Tests Golden: dart matches browser render                         00:08 +421 ~1: /Users/denisnadey/apps/flutter_full_svg_support/test/golden_comparison/golden_comparison_test.dart: Golden Comparison Tests Golden: dart matches browser render                         00:08 +422 ~1: /Users/denisnadey/apps/flutter_full_svg_support/test/golden_comparison/golden_comparison_test.dart: Golden Comparison Tests Golden: dart matches browser render                         00:08 +423 ~1: /Users/denisnadey/apps/flutter_full_svg_support/test/golden_comparison/golden_comparison_test.dart: Golden Comparison Tests Golden: dart matches browser render                         00:08 +424 ~1: /Users/denisnadey/apps/flutter_full_svg_support/test/golden_comparison/golden_comparison_test.dart: Golden Comparison Tests Golden: dart matches browser render                         00:08 +425 ~1: /Users/denisnadey/apps/flutter_full_svg_support/test/golden_comparison/golden_comparison_test.dart: Golden Comparison Tests Golden: dart matches browser render                         00:08 +426 ~1: /Users/denisnadey/apps/flutter_full_svg_support/test/golden_comparison/golden_comparison_test.dart: Golden Comparison Tests Golden: dart matches browser render                         00:08 +427 ~1: /Users/denisnadey/apps/flutter_full_svg_support/test/golden_comparison/golden_comparison_test.dart: Golden Comparison Tests Golden: dart matches browser render                         00:08 +428 ~1: /Users/denisnadey/apps/flutter_full_svg_support/test/golden_comparison/golden_comparison_test.dart: Golden Comparison Tests Golden: dart matches browser render                         00:08 +429 ~1: /Users/denisnadey/apps/flutter_full_svg_support/test/golden_comparison/golden_comparison_test.dart: Golden Comparison Tests Golden: dart matches browser render                         00:08 +430 ~1: /Users/denisnadey/apps/flutter_full_svg_support/test/golden_comparison/golden_comparison_test.dart: Golden Comparison Tests Golden: dart matches browser render                         00:08 +431 ~1: /Users/denisnadey/apps/flutter_full_svg_support/test/golden_comparison/golden_comparison_test.dart: Golden Comparison Tests Golden: dart matches browser render                         00:08 +432 ~1: /Users/denisnadey/apps/flutter_full_svg_support/test/golden_comparison/golden_comparison_test.dart: Golden Comparison Tests Golden: dart matches browser render                         00:08 +432 ~1: /Users/denisnadey/apps/flutter_full_svg_support/test/animation/use_symbol_edge_cases_test.dart: Use/Symbol Edge Cases Tests Symbol ViewBox Edge Cases symbol with negative viewBox origin handles correctly
Image size: 800x600
00:08 +433 ~1: /Users/denisnadey/apps/flutter_full_svg_support/test/golden_comparison/golden_comparison_test.dart: Golden Comparison Tests Golden: dart matches browser render                         00:08 +434 ~1: /Users/denisnadey/apps/flutter_full_svg_support/test/golden_comparison/golden_comparison_test.dart: Golden Comparison Tests Golden: dart matches browser render                         00:08 +435 ~1: /Users/denisnadey/apps/flutter_full_svg_support/test/golden_comparison/golden_comparison_test.dart: Golden Comparison Tests Golden: dart matches browser render                         00:08 +436 ~1: /Users/denisnadey/apps/flutter_full_svg_support/test/golden_comparison/golden_comparison_test.dart: Golden Comparison Tests Golden: dart matches browser render                         00:08 +436 ~1: /Users/denisnadey/apps/flutter_full_svg_support/test/animation/use_symbol_edge_cases_test.dart: Use/Symbol Edge Cases Tests Nested Use/Symbol Transform Composition use -> symbol -> use -> symbol chain composes transforms
Image size: 800x600
00:08 +437 ~1: /Users/denisnadey/apps/flutter_full_svg_support/test/golden_comparison/golden_comparison_test.dart: Golden Comparison Tests Golden: dart matches browser render                         00:08 +438 ~1: /Users/denisnadey/apps/flutter_full_svg_support/test/golden_comparison/golden_comparison_test.dart: Golden Comparison Tests Golden: dart matches browser render                         00:08 +439 ~1: /Users/denisnadey/apps/flutter_full_svg_support/test/golden_comparison/golden_comparison_test.dart: Golden Comparison Tests Golden: dart matches browser render                         00:08 +439 ~1: /Users/denisnadey/apps/flutter_full_svg_support/test/animation/use_symbol_edge_cases_test.dart: Use/Symbol Edge Cases Tests Nested Use/Symbol Transform Composition 3 levels of use nesting with transforms
Image size: 800x600
00:08 +440 ~1: /Users/denisnadey/apps/flutter_full_svg_support/test/golden_comparison/golden_comparison_test.dart: Golden Comparison Tests Golden: dart matches browser render                         00:08 +441 ~1: /Users/denisnadey/apps/flutter_full_svg_support/test/golden_comparison/golden_comparison_test.dart: Golden Comparison Tests Golden: dart matches browser render                         00:08 +441 ~1: /Users/denisnadey/apps/flutter_full_svg_support/test/animation/use_symbol_edge_cases_test.dart: Use/Symbol Edge Cases Tests Nested Use/Symbol Transform Composition use with rotate transform on symbol reference
Image size: 800x600
00:08 +442 ~1: /Users/denisnadey/apps/flutter_full_svg_support/test/golden_comparison/golden_comparison_test.dart: Golden Comparison Tests Golden: dart matches browser render                         00:08 +443 ~1: /Users/denisnadey/apps/flutter_full_svg_support/test/golden_comparison/golden_comparison_test.dart: Golden Comparison Tests Golden: dart matches browser render                         00:08 +443 ~1: /Users/denisnadey/apps/flutter_full_svg_support/test/animation/use_symbol_edge_cases_test.dart: Use/Symbol Edge Cases Tests PreserveAspectRatio Comprehensive Tests xMinYMin meet aligns to top-left
Image size: 800x600
00:08 +444 ~1: /Users/denisnadey/apps/flutter_full_svg_support/test/golden_comparison/golden_comparison_test.dart: Golden Comparison Tests Golden: dart matches browser render                         00:08 +445 ~1: /Users/denisnadey/apps/flutter_full_svg_support/test/golden_comparison/golden_comparison_test.dart: Golden Comparison Tests Golden: dart matches browser render                         00:08 +446 ~1: /Users/denisnadey/apps/flutter_full_svg_support/test/golden_comparison/golden_comparison_test.dart: Golden Comparison Tests Golden: dart matches browser render                         00:08 +446 ~1: /Users/denisnadey/apps/flutter_full_svg_support/test/animation/use_symbol_edge_cases_test.dart: Use/Symbol Edge Cases Tests PreserveAspectRatio Comprehensive Tests xMidYMid meet centers content
Image size: 800x600
00:08 +447 ~1: /Users/denisnadey/apps/flutter_full_svg_support/test/golden_comparison/golden_comparison_test.dart: Golden Comparison Tests Golden: dart matches browser render                         00:08 +447 ~1: /Users/denisnadey/apps/flutter_full_svg_support/test/animation/use_symbol_edge_cases_test.dart: Use/Symbol Edge Cases Tests PreserveAspectRatio Comprehensive Tests xMaxYMax meet aligns to bottom-right
Image size: 800x600
00:08 +448 ~1: /Users/denisnadey/apps/flutter_full_svg_support/test/golden_comparison/golden_comparison_test.dart: Golden Comparison Tests Golden: dart matches browser render                         00:08 +448 ~1: /Users/denisnadey/apps/flutter_full_svg_support/test/animation/use_symbol_edge_cases_test.dart: Use/Symbol Edge Cases Tests PreserveAspectRatio Comprehensive Tests slice clips content to fill viewport
Image size: 800x600
00:08 +449 ~1: /Users/denisnadey/apps/flutter_full_svg_support/test/golden_comparison/golden_comparison_test.dart: Golden Comparison Tests Golden: dart matches browser render                         00:08 +449 ~1: /Users/denisnadey/apps/flutter_full_svg_support/test/animation/use_symbol_edge_cases_test.dart: Use/Symbol Edge Cases Tests Invalid Reference Edge Cases use with empty href attribute renders nothing
Image size: 800x600
00:08 +450 ~1: /Users/denisnadey/apps/flutter_full_svg_support/test/golden_comparison/golden_comparison_test.dart: Golden Comparison Tests Golden: dart matches browser render                         00:08 +450 ~1: /Users/denisnadey/apps/flutter_full_svg_support/test/animation/use_symbol_edge_cases_test.dart: Use/Symbol Edge Cases Tests Invalid Reference Edge Cases use referencing non-existent ID renders nothing
Image size: 800x600
00:08 +451 ~1: /Users/denisnadey/apps/flutter_full_svg_support/test/golden_comparison/golden_comparison_test.dart: Golden Comparison Tests Golden: dart matches browser render                         00:08 +452 ~1: /Users/denisnadey/apps/flutter_full_svg_support/test/golden_comparison/golden_comparison_test.dart: Golden Comparison Tests Golden: dart matches browser render                         00:08 +453 ~1: /Users/denisnadey/apps/flutter_full_svg_support/test/golden_comparison/golden_comparison_test.dart: Golden Comparison Tests Golden: dart matches browser render                         00:08 +454 ~1: /Users/denisnadey/apps/flutter_full_svg_support/test/golden_comparison/golden_comparison_test.dart: Golden Comparison Tests Golden: dart matches browser render                         00:08 +455 ~1: /Users/denisnadey/apps/flutter_full_svg_support/test/golden_comparison/golden_comparison_test.dart: Golden Comparison Tests Golden: dart matches browser render                         00:08 +456 ~1: /Users/denisnadey/apps/flutter_full_svg_support/test/golden_comparison/golden_comparison_test.dart: Golden Comparison Tests Golden: dart matches browser render                         00:08 +457 ~1: /Users/denisnadey/apps/flutter_full_svg_support/test/golden_comparison/golden_comparison_test.dart: Golden Comparison Tests Golden: dart matches browser render                         00:08 +458 ~1: /Users/denisnadey/apps/flutter_full_svg_support/test/golden_comparison/golden_comparison_test.dart: Golden Comparison Tests Golden: dart matches browser render                         00:08 +458 ~1: /Users/denisnadey/apps/flutter_full_svg_support/test/animation/use_symbol_edge_cases_test.dart: Use/Symbol Edge Cases Tests CSS Style Inheritance Through Use Boundary stroke properties inherit through use
Image size: 800x600
00:08 +459 ~1: /Users/denisnadey/apps/flutter_full_svg_support/test/golden_comparison/golden_comparison_test.dart: Golden Comparison Tests Golden: dart matches browser render                         00:08 +459 ~1: /Users/denisnadey/apps/flutter_full_svg_support/test/animation/use_symbol_edge_cases_test.dart: Use/Symbol Edge Cases Tests CSS Style Inheritance Through Use Boundary font properties inherit through use for text
Image size: 800x600
00:08 +460 ~1: /Users/denisnadey/apps/flutter_full_svg_support/test/golden_comparison/golden_comparison_test.dart: Golden Comparison Tests Golden: dart matches browser render                         00:08 +460 ~1: /Users/denisnadey/apps/flutter_full_svg_support/test/animation/use_symbol_edge_cases_test.dart: Use/Symbol Edge Cases Tests CSS Style Inheritance Through Use Boundary visibility inherit="visible" works through use
Image size: 800x600
00:08 +461 ~1: /Users/denisnadey/apps/flutter_full_svg_support/test/golden_comparison/golden_comparison_test.dart: Golden Comparison Tests Golden: dart matches browser render                         00:08 +462 ~1: /Users/denisnadey/apps/flutter_full_svg_support/test/golden_comparison/golden_comparison_test.dart: Golden Comparison Tests Golden: dart matches browser render                         00:08 +463 ~1: /Users/denisnadey/apps/flutter_full_svg_support/test/golden_comparison/golden_comparison_test.dart: Golden Comparison Tests Golden: dart matches browser render                         00:08 +464 ~1: /Users/denisnadey/apps/flutter_full_svg_support/test/golden_comparison/golden_comparison_test.dart: Golden Comparison Tests Golden: dart matches browser render                         00:08 +465 ~1: /Users/denisnadey/apps/flutter_full_svg_support/test/golden_comparison/golden_comparison_test.dart: Golden Comparison Tests Golden: dart matches browser render                         00:08 +466 ~1: /Users/denisnadey/apps/flutter_full_svg_support/test/golden_comparison/golden_comparison_test.dart: Golden Comparison Tests Golden: dart matches browser render                         00:08 +467 ~1: /Users/denisnadey/apps/flutter_full_svg_support/test/golden_comparison/golden_comparison_test.dart: Golden Comparison Tests Golden: dart matches browser render                         00:09 +467 ~1: /Users/denisnadey/apps/flutter_full_svg_support/test/golden_comparison/golden_comparison_test.dart: Golden Comparison Tests Golden: dart matches browser render                         00:09 +468 ~1: /Users/denisnadey/apps/flutter_full_svg_support/test/golden_comparison/golden_comparison_test.dart: Golden Comparison Tests Golden: dart matches browser render                         00:09 +469 ~1: /Users/denisnadey/apps/flutter_full_svg_support/test/golden_comparison/golden_comparison_test.dart: Golden Comparison Tests Golden: dart matches browser render                         00:09 +470 ~1: /Users/denisnadey/apps/flutter_full_svg_support/test/golden_comparison/golden_comparison_test.dart: Golden Comparison Tests Golden: dart matches browser render                         00:09 +471 ~1: /Users/denisnadey/apps/flutter_full_svg_support/test/golden_comparison/golden_comparison_test.dart: Golden Comparison Tests Golden: dart matches browser render                         00:09 +472 ~1: /Users/denisnadey/apps/flutter_full_svg_support/test/golden_comparison/golden_comparison_test.dart: Golden Comparison Tests Golden: dart matches browser render                         00:09 +473 ~1: /Users/denisnadey/apps/flutter_full_svg_support/test/golden_comparison/golden_comparison_test.dart: Golden Comparison Tests Golden: dart matches browser render                         00:09 +474 ~1: /Users/denisnadey/apps/flutter_full_svg_support/test/golden_comparison/golden_comparison_test.dart: Golden Comparison Tests Golden: dart matches browser render                         00:09 +474 ~1: /Users/denisnadey/apps/flutter_full_svg_support/test/animation/autoplay_false_fix_test.dart: autoPlay: false bug fix autoPlay: false renders initial frame (t=0)                        
Image size: 800x600
00:09 +475 ~1: /Users/denisnadey/apps/flutter_full_svg_support/test/golden_comparison/golden_comparison_test.dart: Golden Comparison Tests Golden: dart matches browser render                         00:09 +475 ~1: /Users/denisnadey/apps/flutter_full_svg_support/test/animation/autoplay_false_fix_test.dart: autoPlay: false bug fix autoPlay: false renders initial frame (t=0)                        
autoPlay: false test:
  Red pixels found: 3600
  Coverage: 0.75%
00:09 +476 ~1: /Users/denisnadey/apps/flutter_full_svg_support/test/golden_comparison/golden_comparison_test.dart: Golden Comparison Tests Golden: dart matches browser render                         00:09 +477 ~1: /Users/denisnadey/apps/flutter_full_svg_support/test/golden_comparison/golden_comparison_test.dart: Golden Comparison Tests Golden: dart matches browser render                         00:09 +478 ~1: /Users/denisnadey/apps/flutter_full_svg_support/test/golden_comparison/golden_comparison_test.dart: Golden Comparison Tests Golden: dart matches browser render                         00:09 +479 ~1: /Users/denisnadey/apps/flutter_full_svg_support/test/golden_comparison/golden_comparison_test.dart: Golden Comparison Tests Golden: dart matches browser render                         00:09 +480 ~1: /Users/denisnadey/apps/flutter_full_svg_support/test/golden_comparison/golden_comparison_test.dart: Golden Comparison Tests Golden: dart matches browser render                         00:09 +481 ~1: /Users/denisnadey/apps/flutter_full_svg_support/test/golden_comparison/golden_comparison_test.dart: Golden Comparison Tests Golden: dart matches browser render                         00:09 +482 ~1: /Users/denisnadey/apps/flutter_full_svg_support/test/golden_comparison/golden_comparison_test.dart: Golden Comparison Tests Golden: dart matches browser render                         00:09 +483 ~1: /Users/denisnadey/apps/flutter_full_svg_support/test/golden_comparison/golden_comparison_test.dart: Golden Comparison Tests Golden: dart matches browser render                         00:09 +484 ~1: /Users/denisnadey/apps/flutter_full_svg_support/test/golden_comparison/golden_comparison_test.dart: Golden Comparison Tests Golden: dart matches browser render                         00:09 +485 ~1: /Users/denisnadey/apps/flutter_full_svg_support/test/golden_comparison/golden_comparison_test.dart: Golden Comparison Tests Golden: dart matches browser render                         00:09 +485 ~1: /Users/denisnadey/apps/flutter_full_svg_support/test/animation/autoplay_false_fix_test.dart: autoPlay: false bug fix autoPlay: false with initialTime renders correctly                 
Image size: 800x600
autoPlay: false with initialTime test:
  Red pixels found: 3600
  Centroid: Offset(399.5, 249.5)
00:09 +486 ~1: /Users/denisnadey/apps/flutter_full_svg_support/test/golden_comparison/golden_comparison_test.dart: Golden Comparison Tests Golden: dart matches browser render                         00:09 +487 ~1: /Users/denisnadey/apps/flutter_full_svg_support/test/golden_comparison/golden_comparison_test.dart: Golden Comparison Tests Golden: dart matches browser render                         00:09 +488 ~1: /Users/denisnadey/apps/flutter_full_svg_support/test/golden_comparison/golden_comparison_test.dart: Golden Comparison Tests Golden: dart matches browser render                         00:09 +489 ~1: /Users/denisnadey/apps/flutter_full_svg_support/test/golden_comparison/golden_comparison_test.dart: Golden Comparison Tests Golden: dart matches browser render                         00:09 +490 ~1: /Users/denisnadey/apps/flutter_full_svg_support/test/golden_comparison/golden_comparison_test.dart: Golden Comparison Tests Golden: dart matches browser render                         00:09 +491 ~1: /Users/denisnadey/apps/flutter_full_svg_support/test/golden_comparison/golden_comparison_test.dart: Golden Comparison Tests Golden: dart matches browser render                         00:09 +492 ~1: /Users/denisnadey/apps/flutter_full_svg_support/test/golden_comparison/golden_comparison_test.dart: Golden Comparison Tests Golden: dart matches browser render                         00:09 +493 ~1: /Users/denisnadey/apps/flutter_full_svg_support/test/golden_comparison/golden_comparison_test.dart: Golden Comparison Tests Golden: dart matches browser render                         00:09 +494 ~1: /Users/denisnadey/apps/flutter_full_svg_support/test/golden_comparison/golden_comparison_test.dart: Golden Comparison Tests Golden: dart matches browser render                         00:09 +495 ~1: /Users/denisnadey/apps/flutter_full_svg_support/test/golden_comparison/golden_comparison_test.dart: Golden Comparison Tests Golden: dart matches browser render                         00:09 +496 ~1: /Users/denisnadey/apps/flutter_full_svg_support/test/golden_comparison/golden_comparison_test.dart: Golden Comparison Tests Golden: dart matches browser render                         00:09 +496 ~1: /Users/denisnadey/apps/flutter_full_svg_support/test/animation/autoplay_false_fix_test.dart: autoPlay: false bug fix switching from autoPlay: false to true starts animation            
Image size: 800x600
00:09 +496 ~1: /Users/denisnadey/apps/flutter_full_svg_support/test/animation/css_transform_calc_test.dart: Complex transform sequences complex transform sequence renders                             
Image size: 800x600
00:09 +497 ~1: /Users/denisnadey/apps/flutter_full_svg_support/test/golden_comparison/golden_comparison_test.dart: Golden Comparison Tests Golden: dart matches browser render                         00:09 +498 ~1: /Users/denisnadey/apps/flutter_full_svg_support/test/golden_comparison/golden_comparison_test.dart: Golden Comparison Tests Golden: dart matches browser render                         00:09 +499 ~1: /Users/denisnadey/apps/flutter_full_svg_support/test/golden_comparison/golden_comparison_test.dart: Golden Comparison Tests Golden: dart matches browser render                         00:09 +500 ~1: /Users/denisnadey/apps/flutter_full_svg_support/test/golden_comparison/golden_comparison_test.dart: Golden Comparison Tests Golden: dart matches browser render                         00:09 +501 ~1: /Users/denisnadey/apps/flutter_full_svg_support/test/golden_comparison/golden_comparison_test.dart: Golden Comparison Tests Golden: dart matches browser render                         00:09 +502 ~1: /Users/denisnadey/apps/flutter_full_svg_support/test/golden_comparison/golden_comparison_test.dart: Golden Comparison Tests Golden: dart matches browser render                         00:09 +503 ~1: /Users/denisnadey/apps/flutter_full_svg_support/test/golden_comparison/golden_comparison_test.dart: Golden Comparison Tests Golden: dart matches browser render                         00:09 +504 ~1: /Users/denisnadey/apps/flutter_full_svg_support/test/golden_comparison/golden_comparison_test.dart: Golden Comparison Tests Golden: dart matches browser render                         00:09 +505 ~1: /Users/denisnadey/apps/flutter_full_svg_support/test/golden_comparison/golden_comparison_test.dart: Golden Comparison Tests Golden: dart matches browser render                         00:09 +506 ~1: /Users/denisnadey/apps/flutter_full_svg_support/test/golden_comparison/golden_comparison_test.dart: Golden Comparison Tests Golden: dart matches browser render                         00:09 +507 ~1: /Users/denisnadey/apps/flutter_full_svg_support/test/golden_comparison/golden_comparison_test.dart: Golden Comparison Tests Golden: dart matches browser render                         00:09 +508 ~1: /Users/denisnadey/apps/flutter_full_svg_support/test/golden_comparison/golden_comparison_test.dart: Golden Comparison Tests Golden: dart matches browser render                         00:09 +509 ~1: /Users/denisnadey/apps/flutter_full_svg_support/test/golden_comparison/golden_comparison_test.dart: Golden Comparison Tests Golden: dart matches browser render                         00:09 +510 ~1: /Users/denisnadey/apps/flutter_full_svg_support/test/golden_comparison/golden_comparison_test.dart: Golden Comparison Tests Golden: dart matches browser render                         00:09 +511 ~1: /Users/denisnadey/apps/flutter_full_svg_support/test/golden_comparison/golden_comparison_test.dart: Golden Comparison Tests Golden: dart matches browser render                         00:09 +512 ~1: /Users/denisnadey/apps/flutter_full_svg_support/test/golden_comparison/golden_comparison_test.dart: Golden Comparison Tests Golden: dart matches browser render                         00:09 +512 ~1: /Users/denisnadey/apps/flutter_full_svg_support/test/animation/autoplay_false_fix_test.dart: autoPlay: false bug fix switching from autoPlay: false to true starts animation            
Image size: 800x600
00:09 +513 ~1: /Users/denisnadey/apps/flutter_full_svg_support/test/golden_comparison/golden_comparison_test.dart: Golden Comparison Tests Golden: dart matches browser render                         00:09 +513 ~1: /Users/denisnadey/apps/flutter_full_svg_support/test/animation/autoplay_false_fix_test.dart: autoPlay: false bug fix switching from autoPlay: false to true starts animation            
Switching autoPlay test:
  Centroid before: Offset(49.5, 49.5)
  Centroid after: Offset(74.5, 49.5)
  Delta X: 25.0
00:09 +514 ~1: /Users/denisnadey/apps/flutter_full_svg_support/test/golden_comparison/golden_comparison_test.dart: Golden Comparison Tests Golden: dart matches browser render                         00:09 +515 ~1: /Users/denisnadey/apps/flutter_full_svg_support/test/golden_comparison/golden_comparison_test.dart: Golden Comparison Tests Golden: dart matches browser render                         00:09 +516 ~1: /Users/denisnadey/apps/flutter_full_svg_support/test/golden_comparison/golden_comparison_test.dart: Golden Comparison Tests Golden: dart matches browser render                         00:09 +517 ~1: /Users/denisnadey/apps/flutter_full_svg_support/test/golden_comparison/golden_comparison_test.dart: Golden Comparison Tests Golden: dart matches browser render                         00:09 +518 ~1: /Users/denisnadey/apps/flutter_full_svg_support/test/golden_comparison/golden_comparison_test.dart: Golden Comparison Tests Golden: dart matches browser render                         00:09 +519 ~1: /Users/denisnadey/apps/flutter_full_svg_support/test/golden_comparison/golden_comparison_test.dart: Golden Comparison Tests Golden: dart matches browser render                         00:09 +520 ~1: /Users/denisnadey/apps/flutter_full_svg_support/test/golden_comparison/golden_comparison_test.dart: Golden Comparison Tests Golden: dart matches browser render                         00:09 +521 ~1: /Users/denisnadey/apps/flutter_full_svg_support/test/golden_comparison/golden_comparison_test.dart: Golden Comparison Tests Golden: dart matches browser render                         00:09 +522 ~1: /Users/denisnadey/apps/flutter_full_svg_support/test/golden_comparison/golden_comparison_test.dart: Golden Comparison Tests Golden: dart matches browser render                         00:09 +523 ~1: /Users/denisnadey/apps/flutter_full_svg_support/test/golden_comparison/golden_comparison_test.dart: Golden Comparison Tests Golden: dart matches browser render                         00:09 +524 ~1: /Users/denisnadey/apps/flutter_full_svg_support/test/golden_comparison/golden_comparison_test.dart: Golden Comparison Tests Golden: dart matches browser render                         00:09 +525 ~1: /Users/denisnadey/apps/flutter_full_svg_support/test/golden_comparison/golden_comparison_test.dart: Golden Comparison Tests Golden: dart matches browser render                         00:09 +526 ~1: /Users/denisnadey/apps/flutter_full_svg_support/test/golden_comparison/golden_comparison_test.dart: Golden Comparison Tests Golden: dart matches browser render                         00:09 +527 ~1: /Users/denisnadey/apps/flutter_full_svg_support/test/golden_comparison/golden_comparison_test.dart: Golden Comparison Tests Golden: dart matches browser render                         00:09 +528 ~1: /Users/denisnadey/apps/flutter_full_svg_support/test/golden_comparison/golden_comparison_test.dart: Golden Comparison Tests Golden: dart matches browser render                         00:09 +529 ~1: /Users/denisnadey/apps/flutter_full_svg_support/test/golden_comparison/golden_comparison_test.dart: Golden Comparison Tests Golden: dart matches browser render                         00:09 +530 ~1: /Users/denisnadey/apps/flutter_full_svg_support/test/golden_comparison/golden_comparison_test.dart: Golden Comparison Tests Golden: dart matches browser render                         00:09 +531 ~1: /Users/denisnadey/apps/flutter_full_svg_support/test/golden_comparison/golden_comparison_test.dart: Golden Comparison Tests Golden: dart matches browser render                         00:09 +532 ~1: /Users/denisnadey/apps/flutter_full_svg_support/test/golden_comparison/golden_comparison_test.dart: Golden Comparison Tests Golden: dart matches browser render                         00:09 +533 ~1: /Users/denisnadey/apps/flutter_full_svg_support/test/golden_comparison/golden_comparison_test.dart: Golden Comparison Tests Golden: dart matches browser render                         00:09 +534 ~1: /Users/denisnadey/apps/flutter_full_svg_support/test/golden_comparison/golden_comparison_test.dart: Golden Comparison Tests Golden: dart matches browser render                         00:09 +535 ~1: /Users/denisnadey/apps/flutter_full_svg_support/test/golden_comparison/golden_comparison_test.dart: Golden Comparison Tests Golden: dart matches browser render                         00:09 +536 ~1: /Users/denisnadey/apps/flutter_full_svg_support/test/golden_comparison/golden_comparison_test.dart: Golden Comparison Tests Golden: dart matches browser render                         00:09 +537 ~1: /Users/denisnadey/apps/flutter_full_svg_support/test/golden_comparison/golden_comparison_test.dart: Golden Comparison Tests Golden: dart matches browser render                         00:09 +538 ~1: /Users/denisnadey/apps/flutter_full_svg_support/test/golden_comparison/golden_comparison_test.dart: Golden Comparison Tests Golden: dart matches browser render                         00:09 +539 ~1: /Users/denisnadey/apps/flutter_full_svg_support/test/golden_comparison/golden_comparison_test.dart: Golden Comparison Tests Golden: dart matches browser render                         00:09 +540 ~1: /Users/denisnadey/apps/flutter_full_svg_support/test/golden_comparison/golden_comparison_test.dart: Golden Comparison Tests Golden: dart matches browser render                         00:09 +541 ~1: /Users/denisnadey/apps/flutter_full_svg_support/test/golden_comparison/golden_comparison_test.dart: Golden Comparison Tests Golden: dart matches browser render                         00:09 +542 ~1: /Users/denisnadey/apps/flutter_full_svg_support/test/golden_comparison/golden_comparison_test.dart: Golden Comparison Tests Golden: dart matches browser render                         00:09 +543 ~1: /Users/denisnadey/apps/flutter_full_svg_support/test/golden_comparison/golden_comparison_test.dart: Golden Comparison Tests Golden: dart matches browser render                         00:10 +543 ~1: /Users/denisnadey/apps/flutter_full_svg_support/test/golden_comparison/golden_comparison_test.dart: Golden Comparison Tests Golden: dart matches browser render                         00:10 +544 ~1: /Users/denisnadey/apps/flutter_full_svg_support/test/golden_comparison/golden_comparison_test.dart: Golden Comparison Tests Golden: dart matches browser render                         00:10 +545 ~1: /Users/denisnadey/apps/flutter_full_svg_support/test/golden_comparison/golden_comparison_test.dart: Golden Comparison Tests Golden: dart matches browser render                         00:10 +546 ~1: /Users/denisnadey/apps/flutter_full_svg_support/test/golden_comparison/golden_comparison_test.dart: Golden Comparison Tests Golden: dart matches browser render                         00:10 +547 ~1: /Users/denisnadey/apps/flutter_full_svg_support/test/golden_comparison/golden_comparison_test.dart: Golden Comparison Tests Golden: dart matches browser render                         00:10 +548 ~1: /Users/denisnadey/apps/flutter_full_svg_support/test/golden_comparison/golden_comparison_test.dart: Golden Comparison Tests Golden: dart matches browser render                         00:10 +549 ~1: /Users/denisnadey/apps/flutter_full_svg_support/test/golden_comparison/golden_comparison_test.dart: Golden Comparison Tests Golden: dart matches browser render                         00:10 +550 ~1: /Users/denisnadey/apps/flutter_full_svg_support/test/golden_comparison/golden_comparison_test.dart: Golden Comparison Tests Golden: dart matches browser render                         00:10 +551 ~1: /Users/denisnadey/apps/flutter_full_svg_support/test/golden_comparison/golden_comparison_test.dart: Golden Comparison Tests Golden: dart matches browser render                         00:10 +552 ~1: /Users/denisnadey/apps/flutter_full_svg_support/test/golden_comparison/golden_comparison_test.dart: Golden Comparison Tests Golden: dart matches browser render                         00:10 +553 ~1: /Users/denisnadey/apps/flutter_full_svg_support/test/golden_comparison/golden_comparison_test.dart: Golden Comparison Tests Golden: dart matches browser render                         00:10 +554 ~1: /Users/denisnadey/apps/flutter_full_svg_support/test/golden_comparison/golden_comparison_test.dart: Golden Comparison Tests Golden: dart matches browser render                         00:10 +555 ~1: /Users/denisnadey/apps/flutter_full_svg_support/test/golden_comparison/golden_comparison_test.dart: Golden Comparison Tests Golden: dart matches browser render                         00:10 +556 ~1: /Users/denisnadey/apps/flutter_full_svg_support/test/golden_comparison/golden_comparison_test.dart: Golden Comparison Tests Golden: dart matches browser render                         00:10 +557 ~1: /Users/denisnadey/apps/flutter_full_svg_support/test/golden_comparison/golden_comparison_test.dart: Golden Comparison Tests Golden: dart matches browser render                         00:10 +558 ~1: /Users/denisnadey/apps/flutter_full_svg_support/test/golden_comparison/golden_comparison_test.dart: Golden Comparison Tests Golden: dart matches browser render                         00:10 +559 ~1: /Users/denisnadey/apps/flutter_full_svg_support/test/golden_comparison/golden_comparison_test.dart: Golden Comparison Tests Golden: dart matches browser render                         00:10 +560 ~1: /Users/denisnadey/apps/flutter_full_svg_support/test/golden_comparison/golden_comparison_test.dart: Golden Comparison Tests Golden: dart matches browser render                         00:10 +561 ~1: /Users/denisnadey/apps/flutter_full_svg_support/test/golden_comparison/golden_comparison_test.dart: Golden Comparison Tests Golden: dart matches browser render                         00:10 +562 ~1: /Users/denisnadey/apps/flutter_full_svg_support/test/golden_comparison/golden_comparison_test.dart: Golden Comparison Tests Golden: dart matches browser render                         00:10 +563 ~1: /Users/denisnadey/apps/flutter_full_svg_support/test/golden_comparison/golden_comparison_test.dart: Golden Comparison Tests Golden: dart matches browser render                         00:10 +564 ~1: /Users/denisnadey/apps/flutter_full_svg_support/test/golden_comparison/golden_comparison_test.dart: Golden Comparison Tests Golden: dart matches browser render                         00:10 +565 ~1: /Users/denisnadey/apps/flutter_full_svg_support/test/golden_comparison/golden_comparison_test.dart: Golden Comparison Tests Golden: dart matches browser render                         00:10 +566 ~1: /Users/denisnadey/apps/flutter_full_svg_support/test/golden_comparison/golden_comparison_test.dart: Golden Comparison Tests Golden: dart matches browser render                         00:10 +567 ~1: /Users/denisnadey/apps/flutter_full_svg_support/test/golden_comparison/golden_comparison_test.dart: Golden Comparison Tests Golden: dart matches browser render                         00:10 +568 ~1: /Users/denisnadey/apps/flutter_full_svg_support/test/golden_comparison/golden_comparison_test.dart: Golden Comparison Tests Golden: dart matches browser render                         00:10 +569 ~1: /Users/denisnadey/apps/flutter_full_svg_support/test/golden_comparison/golden_comparison_test.dart: Golden Comparison Tests Golden: dart matches browser render                         00:10 +570 ~1: /Users/denisnadey/apps/flutter_full_svg_support/test/golden_comparison/golden_comparison_test.dart: Golden Comparison Tests Golden: dart matches browser render                         00:10 +571 ~1: /Users/denisnadey/apps/flutter_full_svg_support/test/golden_comparison/golden_comparison_test.dart: Golden Comparison Tests Golden: dart matches browser render                         00:10 +572 ~1: /Users/denisnadey/apps/flutter_full_svg_support/test/golden_comparison/golden_comparison_test.dart: Golden Comparison Tests Golden: dart matches browser render                         00:11 +572 ~1: /Users/denisnadey/apps/flutter_full_svg_support/test/golden_comparison/golden_comparison_test.dart: Golden Comparison Tests Golden: dart matches browser render                         00:11 +573 ~1: /Users/denisnadey/apps/flutter_full_svg_support/test/golden_comparison/golden_comparison_test.dart: Golden Comparison Tests Golden: dart matches browser render                         00:11 +574 ~1: /Users/denisnadey/apps/flutter_full_svg_support/test/golden_comparison/golden_comparison_test.dart: Golden Comparison Tests Golden: dart matches browser render                         00:11 +575 ~1: /Users/denisnadey/apps/flutter_full_svg_support/test/golden_comparison/golden_comparison_test.dart: Golden Comparison Tests Golden: dart matches browser render                         00:11 +576 ~1: /Users/denisnadey/apps/flutter_full_svg_support/test/golden_comparison/golden_comparison_test.dart: Golden Comparison Tests Golden: dart matches browser render                         00:11 +577 ~1: /Users/denisnadey/apps/flutter_full_svg_support/test/golden_comparison/golden_comparison_test.dart: Golden Comparison Tests Golden: dart matches browser render                         00:11 +578 ~1: /Users/denisnadey/apps/flutter_full_svg_support/test/golden_comparison/golden_comparison_test.dart: Golden Comparison Tests Golden: dart matches browser render                         00:11 +579 ~1: /Users/denisnadey/apps/flutter_full_svg_support/test/golden_comparison/golden_comparison_test.dart: Golden Comparison Tests Golden: dart matches browser render                         00:11 +580 ~1: /Users/denisnadey/apps/flutter_full_svg_support/test/golden_comparison/golden_comparison_test.dart: Golden Comparison Tests Golden: dart matches browser render                         00:11 +581 ~1: /Users/denisnadey/apps/flutter_full_svg_support/test/golden_comparison/golden_comparison_test.dart: Golden Comparison Tests Golden: dart matches browser render                         00:11 +582 ~1: /Users/denisnadey/apps/flutter_full_svg_support/test/golden_comparison/golden_comparison_test.dart: Golden Comparison Tests Golden: dart matches browser render                         00:11 +583 ~1: /Users/denisnadey/apps/flutter_full_svg_support/test/golden_comparison/golden_comparison_test.dart: Golden Comparison Tests Golden: dart matches browser render                         00:11 +584 ~1: /Users/denisnadey/apps/flutter_full_svg_support/test/golden_comparison/golden_comparison_test.dart: Golden Comparison Tests Golden: dart matches browser render                         00:11 +585 ~1: /Users/denisnadey/apps/flutter_full_svg_support/test/golden_comparison/golden_comparison_test.dart: Golden Comparison Tests Golden: dart matches browser render                         00:11 +586 ~1: /Users/denisnadey/apps/flutter_full_svg_support/test/golden_comparison/golden_comparison_test.dart: Golden Comparison Tests Golden: dart matches browser render                         00:11 +587 ~1: /Users/denisnadey/apps/flutter_full_svg_support/test/golden_comparison/golden_comparison_test.dart: Golden Comparison Tests Golden: dart matches browser render                         00:11 +588 ~1: /Users/denisnadey/apps/flutter_full_svg_support/test/golden_comparison/golden_comparison_test.dart: Golden Comparison Tests Golden: dart matches browser render                         00:11 +589 ~1: /Users/denisnadey/apps/flutter_full_svg_support/test/golden_comparison/golden_comparison_test.dart: Golden Comparison Tests Golden: dart matches browser render                         00:11 +590 ~1: /Users/denisnadey/apps/flutter_full_svg_support/test/golden_comparison/golden_comparison_test.dart: Golden Comparison Tests Golden: dart matches browser render                         00:11 +591 ~1: /Users/denisnadey/apps/flutter_full_svg_support/test/golden_comparison/golden_comparison_test.dart: Golden Comparison Tests Golden: dart matches browser render                         00:11 +592 ~1: /Users/denisnadey/apps/flutter_full_svg_support/test/golden_comparison/golden_comparison_test.dart: Golden Comparison Tests Golden: dart matches browser render                         00:11 +593 ~1: /Users/denisnadey/apps/flutter_full_svg_support/test/golden_comparison/golden_comparison_test.dart: Golden Comparison Tests Golden: dart matches browser render                         00:11 +594 ~1: /Users/denisnadey/apps/flutter_full_svg_support/test/golden_comparison/golden_comparison_test.dart: Golden Comparison Tests Golden: dart matches browser render                         00:11 +595 ~1: /Users/denisnadey/apps/flutter_full_svg_support/test/golden_comparison/golden_comparison_test.dart: Golden Comparison Tests Golden: dart matches browser render                         00:11 +596 ~1: /Users/denisnadey/apps/flutter_full_svg_support/test/golden_comparison/golden_comparison_test.dart: Golden Comparison Tests Golden: dart matches browser render                         00:11 +597 ~1: /Users/denisnadey/apps/flutter_full_svg_support/test/golden_comparison/golden_comparison_test.dart: Golden Comparison Tests Golden: dart matches browser render                         00:11 +598 ~1: /Users/denisnadey/apps/flutter_full_svg_support/test/golden_comparison/golden_comparison_test.dart: Golden Comparison Tests Golden: dart matches browser render                         00:11 +599 ~1: /Users/denisnadey/apps/flutter_full_svg_support/test/golden_comparison/golden_comparison_test.dart: Golden Comparison Tests Golden: dart matches browser render                         00:11 +600 ~1: /Users/denisnadey/apps/flutter_full_svg_support/test/golden_comparison/golden_comparison_test.dart: Golden Comparison Tests Golden: dart matches browser render                         00:11 +601 ~1: /Users/denisnadey/apps/flutter_full_svg_support/test/golden_comparison/golden_comparison_test.dart: Golden Comparison Tests Golden: dart matches browser render                         00:11 +602 ~1: /Users/denisnadey/apps/flutter_full_svg_support/test/golden_comparison/golden_comparison_test.dart: Golden Comparison Tests Golden: dart matches browser render                         00:11 +603 ~1: /Users/denisnadey/apps/flutter_full_svg_support/test/golden_comparison/golden_comparison_test.dart: Golden Comparison Tests Golden: dart matches browser render                         00:11 +604 ~1: /Users/denisnadey/apps/flutter_full_svg_support/test/golden_comparison/golden_comparison_test.dart: Golden Comparison Tests Golden: dart matches browser render                         00:11 +605 ~1: /Users/denisnadey/apps/flutter_full_svg_support/test/golden_comparison/golden_comparison_test.dart: Golden Comparison Tests Golden: dart matches browser render                         00:11 +606 ~1: /Users/denisnadey/apps/flutter_full_svg_support/test/golden_comparison/golden_comparison_test.dart: Golden Comparison Tests Golden: dart matches browser render                         00:11 +607 ~1: /Users/denisnadey/apps/flutter_full_svg_support/test/golden_comparison/golden_comparison_test.dart: Golden Comparison Tests Golden: dart matches browser render                         00:11 +608 ~1: /Users/denisnadey/apps/flutter_full_svg_support/test/golden_comparison/golden_comparison_test.dart: Golden Comparison Tests Golden: dart matches browser render                         00:11 +609 ~1: /Users/denisnadey/apps/flutter_full_svg_support/test/golden_comparison/golden_comparison_test.dart: Golden Comparison Tests Golden: dart matches browser render                         00:11 +610 ~1: /Users/denisnadey/apps/flutter_full_svg_support/test/golden_comparison/golden_comparison_test.dart: Golden Comparison Tests Golden: dart matches browser render                         00:11 +611 ~1: /Users/denisnadey/apps/flutter_full_svg_support/test/golden_comparison/golden_comparison_test.dart: Golden Comparison Tests Golden: dart matches browser render                         00:11 +612 ~1: /Users/denisnadey/apps/flutter_full_svg_support/test/golden_comparison/golden_comparison_test.dart: Golden Comparison Tests Golden: dart matches browser render                         00:11 +613 ~1: /Users/denisnadey/apps/flutter_full_svg_support/test/golden_comparison/golden_comparison_test.dart: Golden Comparison Tests Golden: dart matches browser render                         00:11 +614 ~1: /Users/denisnadey/apps/flutter_full_svg_support/test/golden_comparison/golden_comparison_test.dart: Golden Comparison Tests Golden: dart matches browser render                         00:12 +615 ~1: /Users/denisnadey/apps/flutter_full_svg_support/test/golden_comparison/golden_comparison_test.dart: Golden Comparison Tests Golden: dart matches browser render                         00:12 +616 ~1: /Users/denisnadey/apps/flutter_full_svg_support/test/golden_comparison/golden_comparison_test.dart: Golden Comparison Tests Golden: dart matches browser render                         00:12 +617 ~1: /Users/denisnadey/apps/flutter_full_svg_support/test/golden_comparison/golden_comparison_test.dart: Golden Comparison Tests Golden: dart matches browser render                         00:12 +618 ~1: /Users/denisnadey/apps/flutter_full_svg_support/test/golden_comparison/golden_comparison_test.dart: Golden Comparison Tests Golden: dart matches browser render                         00:12 +619 ~1: /Users/denisnadey/apps/flutter_full_svg_support/test/golden_comparison/golden_comparison_test.dart: Golden Comparison Tests Golden: dart matches browser render                         00:12 +620 ~1: /Users/denisnadey/apps/flutter_full_svg_support/test/golden_comparison/golden_comparison_test.dart: Golden Comparison Tests Golden: dart matches browser render                         00:12 +621 ~1: /Users/denisnadey/apps/flutter_full_svg_support/test/golden_comparison/golden_comparison_test.dart: Golden Comparison Tests Golden: dart matches browser render                         00:12 +622 ~1: /Users/denisnadey/apps/flutter_full_svg_support/test/golden_comparison/golden_comparison_test.dart: Golden Comparison Tests Golden: dart matches browser render                         00:12 +623 ~1: /Users/denisnadey/apps/flutter_full_svg_support/test/golden_comparison/golden_comparison_test.dart: Golden Comparison Tests Golden: dart matches browser render                         00:12 +624 ~1: /Users/denisnadey/apps/flutter_full_svg_support/test/golden_comparison/golden_comparison_test.dart: Golden Comparison Tests Golden: dart matches browser render                         00:12 +625 ~1: /Users/denisnadey/apps/flutter_full_svg_support/test/golden_comparison/golden_comparison_test.dart: Golden Comparison Tests Golden: dart matches browser render                         00:12 +626 ~1: /Users/denisnadey/apps/flutter_full_svg_support/test/golden_comparison/golden_comparison_test.dart: Golden Comparison Tests Golden: dart matches browser render                         00:12 +627 ~1: /Users/denisnadey/apps/flutter_full_svg_support/test/golden_comparison/golden_comparison_test.dart: Golden Comparison Tests Golden: dart matches browser render                         00:12 +628 ~1: /Users/denisnadey/apps/flutter_full_svg_support/test/golden_comparison/golden_comparison_test.dart: Golden Comparison Tests Golden: dart matches browser render                         00:12 +629 ~1: /Users/denisnadey/apps/flutter_full_svg_support/test/golden_comparison/golden_comparison_test.dart: Golden Comparison Tests Golden: dart matches browser render                         00:12 +630 ~1: /Users/denisnadey/apps/flutter_full_svg_support/test/golden_comparison/golden_comparison_test.dart: Golden Comparison Tests Golden: dart matches browser render                         00:12 +631 ~1: /Users/denisnadey/apps/flutter_full_svg_support/test/golden_comparison/golden_comparison_test.dart: Golden Comparison Tests Golden: dart matches browser render                         00:12 +632 ~1: /Users/denisnadey/apps/flutter_full_svg_support/test/golden_comparison/golden_comparison_test.dart: Golden Comparison Tests Golden: dart matches browser render                         00:12 +633 ~1: /Users/denisnadey/apps/flutter_full_svg_support/test/golden_comparison/golden_comparison_test.dart: Golden Comparison Tests Golden: dart matches browser render                         00:12 +634 ~1: /Users/denisnadey/apps/flutter_full_svg_support/test/golden_comparison/golden_comparison_test.dart: Golden Comparison Tests Golden: dart matches browser render                         00:12 +635 ~1: /Users/denisnadey/apps/flutter_full_svg_support/test/golden_comparison/golden_comparison_test.dart: Golden Comparison Tests Golden: dart matches browser render                         00:12 +636 ~1: /Users/denisnadey/apps/flutter_full_svg_support/test/golden_comparison/golden_comparison_test.dart: Golden Comparison Tests Golden: dart matches browser render                         00:12 +637 ~1: /Users/denisnadey/apps/flutter_full_svg_support/test/golden_comparison/golden_comparison_test.dart: Golden Comparison Tests Golden: dart matches browser render                         00:12 +638 ~1: /Users/denisnadey/apps/flutter_full_svg_support/test/golden_comparison/golden_comparison_test.dart: Golden Comparison Tests Golden: dart matches browser render                         00:12 +639 ~1: /Users/denisnadey/apps/flutter_full_svg_support/test/golden_comparison/golden_comparison_test.dart: Golden Comparison Tests Golden: dart matches browser render                         00:12 +640 ~1: /Users/denisnadey/apps/flutter_full_svg_support/test/golden_comparison/golden_comparison_test.dart: Golden Comparison Tests Golden: dart matches browser render                         00:12 +641 ~1: /Users/denisnadey/apps/flutter_full_svg_support/test/golden_comparison/golden_comparison_test.dart: Golden Comparison Tests Golden: dart matches browser render                         00:12 +642 ~1: /Users/denisnadey/apps/flutter_full_svg_support/test/golden_comparison/golden_comparison_test.dart: Golden Comparison Tests Golden: dart matches browser render                         00:12 +643 ~1: /Users/denisnadey/apps/flutter_full_svg_support/test/golden_comparison/golden_comparison_test.dart: Golden Comparison Tests Golden: dart matches browser render                         00:12 +644 ~1: /Users/denisnadey/apps/flutter_full_svg_support/test/golden_comparison/golden_comparison_test.dart: Golden Comparison Tests Golden: dart matches browser render                         00:12 +645 ~1: /Users/denisnadey/apps/flutter_full_svg_support/test/golden_comparison/golden_comparison_test.dart: Golden Comparison Tests Golden: dart matches browser render                         00:12 +646 ~1: /Users/denisnadey/apps/flutter_full_svg_support/test/golden_comparison/golden_comparison_test.dart: Golden Comparison Tests Golden: dart matches browser render                         00:12 +647 ~1: /Users/denisnadey/apps/flutter_full_svg_support/test/golden_comparison/golden_comparison_test.dart: Golden Comparison Tests Golden: dart matches browser render                         00:12 +648 ~1: /Users/denisnadey/apps/flutter_full_svg_support/test/golden_comparison/golden_comparison_test.dart: Golden Comparison Tests Golden: dart matches browser render                         00:12 +649 ~1: /Users/denisnadey/apps/flutter_full_svg_support/test/golden_comparison/golden_comparison_test.dart: Golden Comparison Tests Golden: dart matches browser render                         00:12 +650 ~1: /Users/denisnadey/apps/flutter_full_svg_support/test/golden_comparison/golden_comparison_test.dart: Golden Comparison Tests Golden: dart matches browser render                         00:12 +651 ~1: /Users/denisnadey/apps/flutter_full_svg_support/test/golden_comparison/golden_comparison_test.dart: Golden Comparison Tests Golden: dart matches browser render                         00:12 +652 ~1: /Users/denisnadey/apps/flutter_full_svg_support/test/golden_comparison/golden_comparison_test.dart: Golden Comparison Tests Golden: dart matches browser render                         00:12 +653 ~1: /Users/denisnadey/apps/flutter_full_svg_support/test/golden_comparison/golden_comparison_test.dart: Golden Comparison Tests Golden: dart matches browser render                         00:12 +654 ~1: /Users/denisnadey/apps/flutter_full_svg_support/test/golden_comparison/golden_comparison_test.dart: Golden Comparison Tests Golden: dart matches browser render                         00:12 +655 ~1: /Users/denisnadey/apps/flutter_full_svg_support/test/golden_comparison/golden_comparison_test.dart: Golden Comparison Tests Golden: dart matches browser render                         00:12 +656 ~1: /Users/denisnadey/apps/flutter_full_svg_support/test/golden_comparison/golden_comparison_test.dart: Golden Comparison Tests Golden: dart matches browser render                         00:12 +657 ~1: /Users/denisnadey/apps/flutter_full_svg_support/test/golden_comparison/golden_comparison_test.dart: Golden Comparison Tests Golden: dart matches browser render                         00:12 +658 ~1: /Users/denisnadey/apps/flutter_full_svg_support/test/golden_comparison/golden_comparison_test.dart: Golden Comparison Tests Golden: dart matches browser render                         00:12 +659 ~1: /Users/denisnadey/apps/flutter_full_svg_support/test/golden_comparison/golden_comparison_test.dart: Golden Comparison Tests Golden: dart matches browser render                         00:12 +660 ~1: /Users/denisnadey/apps/flutter_full_svg_support/test/golden_comparison/golden_comparison_test.dart: Golden Comparison Tests Golden: dart matches browser render                         00:12 +661 ~1: /Users/denisnadey/apps/flutter_full_svg_support/test/golden_comparison/golden_comparison_test.dart: Golden Comparison Tests Golden: dart matches browser render                         00:12 +662 ~1: /Users/denisnadey/apps/flutter_full_svg_support/test/golden_comparison/golden_comparison_test.dart: Golden Comparison Tests Golden: dart matches browser render                         00:12 +663 ~1: /Users/denisnadey/apps/flutter_full_svg_support/test/golden_comparison/golden_comparison_test.dart: Golden Comparison Tests Golden: dart matches browser render                         00:12 +664 ~1: /Users/denisnadey/apps/flutter_full_svg_support/test/golden_comparison/golden_comparison_test.dart: Golden Comparison Tests Golden: dart matches browser render                         00:12 +665 ~1: /Users/denisnadey/apps/flutter_full_svg_support/test/golden_comparison/golden_comparison_test.dart: Golden Comparison Tests Golden: dart matches browser render                         00:12 +666 ~1: /Users/denisnadey/apps/flutter_full_svg_support/test/golden_comparison/golden_comparison_test.dart: Golden Comparison Tests Golden: dart matches browser render                         00:12 +667 ~1: /Users/denisnadey/apps/flutter_full_svg_support/test/golden_comparison/golden_comparison_test.dart: Golden Comparison Tests Golden: dart matches browser render                         00:12 +668 ~1: /Users/denisnadey/apps/flutter_full_svg_support/test/golden_comparison/golden_comparison_test.dart: Golden Comparison Tests Golden: dart matches browser render                         00:12 +669 ~1: /Users/denisnadey/apps/flutter_full_svg_support/test/golden_comparison/golden_comparison_test.dart: Golden Comparison Tests Golden: dart matches browser render                         00:12 +670 ~1: /Users/denisnadey/apps/flutter_full_svg_support/test/golden_comparison/golden_comparison_test.dart: Golden Comparison Tests Golden: dart matches browser render                         00:12 +671 ~1: /Users/denisnadey/apps/flutter_full_svg_support/test/golden_comparison/golden_comparison_test.dart: Golden Comparison Tests Golden: dart matches browser render                         00:12 +672 ~1: /Users/denisnadey/apps/flutter_full_svg_support/test/golden_comparison/golden_comparison_test.dart: Golden Comparison Tests Golden: dart matches browser render                         00:12 +673 ~1: /Users/denisnadey/apps/flutter_full_svg_support/test/golden_comparison/golden_comparison_test.dart: Golden Comparison Tests Golden: dart matches browser render                         00:12 +674 ~1: /Users/denisnadey/apps/flutter_full_svg_support/test/golden_comparison/golden_comparison_test.dart: Golden Comparison Tests Golden: dart matches browser render                         00:12 +675 ~1: /Users/denisnadey/apps/flutter_full_svg_support/test/golden_comparison/golden_comparison_test.dart: Golden Comparison Tests Golden: dart matches browser render                         00:12 +676 ~1: /Users/denisnadey/apps/flutter_full_svg_support/test/golden_comparison/golden_comparison_test.dart: Golden Comparison Tests Golden: dart matches browser render                         00:12 +677 ~1: /Users/denisnadey/apps/flutter_full_svg_support/test/golden_comparison/golden_comparison_test.dart: Golden Comparison Tests Golden: dart matches browser render                         00:12 +678 ~1: /Users/denisnadey/apps/flutter_full_svg_support/test/golden_comparison/golden_comparison_test.dart: Golden Comparison Tests Golden: dart matches browser render                         00:12 +679 ~1: /Users/denisnadey/apps/flutter_full_svg_support/test/golden_comparison/golden_comparison_test.dart: Golden Comparison Tests Golden: dart matches browser render                         00:12 +680 ~1: /Users/denisnadey/apps/flutter_full_svg_support/test/golden_comparison/golden_comparison_test.dart: Golden Comparison Tests Golden: dart matches browser render                         00:12 +681 ~1: /Users/denisnadey/apps/flutter_full_svg_support/test/golden_comparison/golden_comparison_test.dart: Golden Comparison Tests Golden: dart matches browser render                         00:12 +682 ~1: /Users/denisnadey/apps/flutter_full_svg_support/test/golden_comparison/golden_comparison_test.dart: Golden Comparison Tests Golden: dart matches browser render                         00:12 +683 ~1: /Users/denisnadey/apps/flutter_full_svg_support/test/golden_comparison/golden_comparison_test.dart: Golden Comparison Tests Golden: dart matches browser render                         00:12 +684 ~1: /Users/denisnadey/apps/flutter_full_svg_support/test/golden_comparison/golden_comparison_test.dart: Golden Comparison Tests Golden: dart matches browser render                         00:12 +685 ~1: /Users/denisnadey/apps/flutter_full_svg_support/test/golden_comparison/golden_comparison_test.dart: Golden Comparison Tests Golden: dart matches browser render                         00:12 +686 ~1: /Users/denisnadey/apps/flutter_full_svg_support/test/golden_comparison/golden_comparison_test.dart: Golden Comparison Tests Golden: dart matches browser render                         00:12 +687 ~1: /Users/denisnadey/apps/flutter_full_svg_support/test/golden_comparison/golden_comparison_test.dart: Golden Comparison Tests Golden: dart matches browser render                         00:12 +688 ~1: /Users/denisnadey/apps/flutter_full_svg_support/test/golden_comparison/golden_comparison_test.dart: Golden Comparison Tests Golden: dart matches browser render                         00:12 +689 ~1: /Users/denisnadey/apps/flutter_full_svg_support/test/golden_comparison/golden_comparison_test.dart: Golden Comparison Tests Golden: dart matches browser render                         00:12 +690 ~1: /Users/denisnadey/apps/flutter_full_svg_support/test/golden_comparison/golden_comparison_test.dart: Golden Comparison Tests Golden: dart matches browser render                         00:12 +691 ~1: /Users/denisnadey/apps/flutter_full_svg_support/test/golden_comparison/golden_comparison_test.dart: Golden Comparison Tests Golden: dart matches browser render                         00:12 +692 ~1: /Users/denisnadey/apps/flutter_full_svg_support/test/golden_comparison/golden_comparison_test.dart: Golden Comparison Tests Golden: dart matches browser render                         00:12 +693 ~1: /Users/denisnadey/apps/flutter_full_svg_support/test/golden_comparison/golden_comparison_test.dart: Golden Comparison Tests Golden: dart matches browser render                         00:12 +694 ~1: /Users/denisnadey/apps/flutter_full_svg_support/test/golden_comparison/golden_comparison_test.dart: Golden Comparison Tests Golden: dart matches browser render                         00:12 +695 ~1: /Users/denisnadey/apps/flutter_full_svg_support/test/golden_comparison/golden_comparison_test.dart: Golden Comparison Tests Golden: dart matches browser render                         00:12 +696 ~1: /Users/denisnadey/apps/flutter_full_svg_support/test/golden_comparison/golden_comparison_test.dart: Golden Comparison Tests Golden: dart matches browser render                         00:12 +697 ~1: /Users/denisnadey/apps/flutter_full_svg_support/test/golden_comparison/golden_comparison_test.dart: Golden Comparison Tests Golden: dart matches browser render                         00:12 +698 ~1: /Users/denisnadey/apps/flutter_full_svg_support/test/golden_comparison/golden_comparison_test.dart: Golden Comparison Tests Golden: dart matches browser render                         00:12 +699 ~1: /Users/denisnadey/apps/flutter_full_svg_support/test/golden_comparison/golden_comparison_test.dart: Golden Comparison Tests Golden: dart matches browser render                         00:12 +700 ~1: /Users/denisnadey/apps/flutter_full_svg_support/test/golden_comparison/golden_comparison_test.dart: Golden Comparison Tests Golden: dart matches browser render                         00:12 +701 ~1: /Users/denisnadey/apps/flutter_full_svg_support/test/golden_comparison/golden_comparison_test.dart: Golden Comparison Tests Golden: dart matches browser render                         00:12 +702 ~1: /Users/denisnadey/apps/flutter_full_svg_support/test/golden_comparison/golden_comparison_test.dart: Golden Comparison Tests Golden: dart matches browser render                         00:12 +703 ~1: /Users/denisnadey/apps/flutter_full_svg_support/test/golden_comparison/golden_comparison_test.dart: Golden Comparison Tests Golden: dart matches browser render                         00:12 +704 ~1: /Users/denisnadey/apps/flutter_full_svg_support/test/golden_comparison/golden_comparison_test.dart: Golden Comparison Tests Golden: dart matches browser render                         00:12 +705 ~1: /Users/denisnadey/apps/flutter_full_svg_support/test/golden_comparison/golden_comparison_test.dart: Golden Comparison Tests Golden: dart matches browser render                         00:12 +706 ~1: /Users/denisnadey/apps/flutter_full_svg_support/test/golden_comparison/golden_comparison_test.dart: Golden Comparison Tests Golden: dart matches browser render                         00:12 +707 ~1: /Users/denisnadey/apps/flutter_full_svg_support/test/golden_comparison/golden_comparison_test.dart: Golden Comparison Tests Golden: dart matches browser render                         00:12 +708 ~1: /Users/denisnadey/apps/flutter_full_svg_support/test/golden_comparison/golden_comparison_test.dart: Golden Comparison Tests Golden: dart matches browser render                         00:12 +709 ~1: /Users/denisnadey/apps/flutter_full_svg_support/test/golden_comparison/golden_comparison_test.dart: Golden Comparison Tests Golden: dart matches browser render                         00:12 +710 ~1: /Users/denisnadey/apps/flutter_full_svg_support/test/golden_comparison/golden_comparison_test.dart: Golden Comparison Tests Golden: dart matches browser render                         00:12 +711 ~1: /Users/denisnadey/apps/flutter_full_svg_support/test/golden_comparison/golden_comparison_test.dart: Golden Comparison Tests Golden: dart matches browser render                         00:12 +712 ~1: /Users/denisnadey/apps/flutter_full_svg_support/test/golden_comparison/golden_comparison_test.dart: Golden Comparison Tests Golden: dart matches browser render                         00:12 +713 ~1: /Users/denisnadey/apps/flutter_full_svg_support/test/golden_comparison/golden_comparison_test.dart: Golden Comparison Tests Golden: dart matches browser render                         00:12 +714 ~1: /Users/denisnadey/apps/flutter_full_svg_support/test/golden_comparison/golden_comparison_test.dart: Golden Comparison Tests Golden: dart matches browser render                         00:13 +714 ~1: /Users/denisnadey/apps/flutter_full_svg_support/test/golden_comparison/golden_comparison_test.dart: Golden Comparison Tests Golden: dart matches browser render                         00:13 +715 ~1: /Users/denisnadey/apps/flutter_full_svg_support/test/golden_comparison/golden_comparison_test.dart: Golden Comparison Tests Golden: dart matches browser render                         00:13 +716 ~1: /Users/denisnadey/apps/flutter_full_svg_support/test/golden_comparison/golden_comparison_test.dart: Golden Comparison Tests Golden: dart matches browser render                         00:13 +717 ~1: /Users/denisnadey/apps/flutter_full_svg_support/test/golden_comparison/golden_comparison_test.dart: Golden Comparison Tests Golden: dart matches browser render                         00:13 +718 ~1: /Users/denisnadey/apps/flutter_full_svg_support/test/golden_comparison/golden_comparison_test.dart: Golden Comparison Tests Golden: dart matches browser render                         00:13 +719 ~1: /Users/denisnadey/apps/flutter_full_svg_support/test/golden_comparison/golden_comparison_test.dart: Golden Comparison Tests Golden: dart matches browser render                         00:13 +720 ~1: /Users/denisnadey/apps/flutter_full_svg_support/test/golden_comparison/golden_comparison_test.dart: Golden Comparison Tests Golden: dart matches browser render                         00:13 +721 ~1: /Users/denisnadey/apps/flutter_full_svg_support/test/golden_comparison/golden_comparison_test.dart: Golden Comparison Tests Golden: dart matches browser render                         00:13 +722 ~1: /Users/denisnadey/apps/flutter_full_svg_support/test/golden_comparison/golden_comparison_test.dart: Golden Comparison Tests Golden: dart matches browser render                         00:13 +723 ~1: /Users/denisnadey/apps/flutter_full_svg_support/test/golden_comparison/golden_comparison_test.dart: Golden Comparison Tests Golden: dart matches browser render                         00:13 +724 ~1: /Users/denisnadey/apps/flutter_full_svg_support/test/golden_comparison/golden_comparison_test.dart: Golden Comparison Tests Golden: dart matches browser render                         00:13 +725 ~1: /Users/denisnadey/apps/flutter_full_svg_support/test/golden_comparison/golden_comparison_test.dart: Golden Comparison Tests Golden: dart matches browser render                         00:13 +726 ~1: /Users/denisnadey/apps/flutter_full_svg_support/test/golden_comparison/golden_comparison_test.dart: Golden Comparison Tests Golden: dart matches browser render                         00:13 +727 ~1: /Users/denisnadey/apps/flutter_full_svg_support/test/golden_comparison/golden_comparison_test.dart: Golden Comparison Tests Golden: dart matches browser render                         00:13 +728 ~1: /Users/denisnadey/apps/flutter_full_svg_support/test/golden_comparison/golden_comparison_test.dart: Golden Comparison Tests Golden: dart matches browser render                         00:13 +729 ~1: /Users/denisnadey/apps/flutter_full_svg_support/test/golden_comparison/golden_comparison_test.dart: Golden Comparison Tests Golden: dart matches browser render                         00:13 +730 ~1: /Users/denisnadey/apps/flutter_full_svg_support/test/golden_comparison/golden_comparison_test.dart: Golden Comparison Tests Golden: dart matches browser render                         00:13 +731 ~1: /Users/denisnadey/apps/flutter_full_svg_support/test/golden_comparison/golden_comparison_test.dart: Golden Comparison Tests Golden: dart matches browser render                         00:13 +732 ~1: /Users/denisnadey/apps/flutter_full_svg_support/test/golden_comparison/golden_comparison_test.dart: Golden Comparison Tests Golden: dart matches browser render                         00:13 +733 ~1: /Users/denisnadey/apps/flutter_full_svg_support/test/golden_comparison/golden_comparison_test.dart: Golden Comparison Tests Golden: dart matches browser render                         00:13 +734 ~1: /Users/denisnadey/apps/flutter_full_svg_support/test/golden_comparison/golden_comparison_test.dart: Golden Comparison Tests Golden: dart matches browser render                         00:13 +735 ~1: /Users/denisnadey/apps/flutter_full_svg_support/test/golden_comparison/golden_comparison_test.dart: Golden Comparison Tests Golden: dart matches browser render                         00:13 +736 ~1: /Users/denisnadey/apps/flutter_full_svg_support/test/golden_comparison/golden_comparison_test.dart: Golden Comparison Tests Golden: dart matches browser render                         00:13 +737 ~1: /Users/denisnadey/apps/flutter_full_svg_support/test/golden_comparison/golden_comparison_test.dart: Golden Comparison Tests Golden: dart matches browser render                         00:13 +738 ~1: /Users/denisnadey/apps/flutter_full_svg_support/test/golden_comparison/golden_comparison_test.dart: Golden Comparison Tests Golden: dart matches browser render                         00:13 +739 ~1: /Users/denisnadey/apps/flutter_full_svg_support/test/golden_comparison/golden_comparison_test.dart: Golden Comparison Tests Golden: dart matches browser render                         00:13 +740 ~1: /Users/denisnadey/apps/flutter_full_svg_support/test/golden_comparison/golden_comparison_test.dart: Golden Comparison Tests Golden: dart matches browser render                         00:13 +741 ~1: /Users/denisnadey/apps/flutter_full_svg_support/test/golden_comparison/golden_comparison_test.dart: Golden Comparison Tests Golden: dart matches browser render                         00:13 +742 ~1: /Users/denisnadey/apps/flutter_full_svg_support/test/golden_comparison/golden_comparison_test.dart: Golden Comparison Tests Golden: dart matches browser render                         00:13 +743 ~1: /Users/denisnadey/apps/flutter_full_svg_support/test/golden_comparison/golden_comparison_test.dart: Golden Comparison Tests Golden: dart matches browser render                         00:13 +744 ~1: /Users/denisnadey/apps/flutter_full_svg_support/test/golden_comparison/golden_comparison_test.dart: Golden Comparison Tests Golden: dart matches browser render                         00:13 +745 ~1: /Users/denisnadey/apps/flutter_full_svg_support/test/golden_comparison/golden_comparison_test.dart: Golden Comparison Tests Golden: dart matches browser render                         00:13 +746 ~1: /Users/denisnadey/apps/flutter_full_svg_support/test/golden_comparison/golden_comparison_test.dart: Golden Comparison Tests Golden: dart matches browser render                         00:13 +747 ~1: /Users/denisnadey/apps/flutter_full_svg_support/test/golden_comparison/golden_comparison_test.dart: Golden Comparison Tests Golden: dart matches browser render                         00:13 +748 ~1: /Users/denisnadey/apps/flutter_full_svg_support/test/golden_comparison/golden_comparison_test.dart: Golden Comparison Tests Golden: dart matches browser render                         00:13 +749 ~1: /Users/denisnadey/apps/flutter_full_svg_support/test/golden_comparison/golden_comparison_test.dart: Golden Comparison Tests Golden: dart matches browser render                         00:13 +750 ~1: /Users/denisnadey/apps/flutter_full_svg_support/test/golden_comparison/golden_comparison_test.dart: Golden Comparison Tests Golden: dart matches browser render                         00:13 +751 ~1: /Users/denisnadey/apps/flutter_full_svg_support/test/golden_comparison/golden_comparison_test.dart: Golden Comparison Tests Golden: dart matches browser render                         00:13 +752 ~1: /Users/denisnadey/apps/flutter_full_svg_support/test/golden_comparison/golden_comparison_test.dart: Golden Comparison Tests Golden: dart matches browser render                         00:13 +753 ~1: /Users/denisnadey/apps/flutter_full_svg_support/test/golden_comparison/golden_comparison_test.dart: Golden Comparison Tests Golden: dart matches browser render                         00:13 +754 ~1: /Users/denisnadey/apps/flutter_full_svg_support/test/golden_comparison/golden_comparison_test.dart: Golden Comparison Tests Golden: dart matches browser render                         00:13 +755 ~1: /Users/denisnadey/apps/flutter_full_svg_support/test/golden_comparison/golden_comparison_test.dart: Golden Comparison Tests Golden: dart matches browser render                         00:13 +756 ~1: /Users/denisnadey/apps/flutter_full_svg_support/test/golden_comparison/golden_comparison_test.dart: Golden Comparison Tests Golden: dart matches browser render                         00:13 +757 ~1: /Users/denisnadey/apps/flutter_full_svg_support/test/golden_comparison/golden_comparison_test.dart: Golden Comparison Tests Golden: dart matches browser render                         00:13 +758 ~1: /Users/denisnadey/apps/flutter_full_svg_support/test/golden_comparison/golden_comparison_test.dart: Golden Comparison Tests Golden: dart matches browser render                         00:13 +759 ~1: /Users/denisnadey/apps/flutter_full_svg_support/test/golden_comparison/golden_comparison_test.dart: Golden Comparison Tests Golden: dart matches browser render                         00:13 +760 ~1: /Users/denisnadey/apps/flutter_full_svg_support/test/golden_comparison/golden_comparison_test.dart: Golden Comparison Tests Golden: dart matches browser render                         00:13 +761 ~1: /Users/denisnadey/apps/flutter_full_svg_support/test/golden_comparison/golden_comparison_test.dart: Golden Comparison Tests Golden: dart matches browser render                         00:13 +762 ~1: /Users/denisnadey/apps/flutter_full_svg_support/test/golden_comparison/golden_comparison_test.dart: Golden Comparison Tests Golden: dart matches browser render                         00:13 +763 ~1: /Users/denisnadey/apps/flutter_full_svg_support/test/golden_comparison/golden_comparison_test.dart: Golden Comparison Tests Golden: dart matches browser render                         00:13 +764 ~1: /Users/denisnadey/apps/flutter_full_svg_support/test/golden_comparison/golden_comparison_test.dart: Golden Comparison Tests Golden: dart matches browser render                         00:13 +765 ~1: /Users/denisnadey/apps/flutter_full_svg_support/test/golden_comparison/golden_comparison_test.dart: Golden Comparison Tests Golden: dart matches browser render                         00:13 +766 ~1: /Users/denisnadey/apps/flutter_full_svg_support/test/golden_comparison/golden_comparison_test.dart: Golden Comparison Tests Golden: dart matches browser render                         00:13 +767 ~1: /Users/denisnadey/apps/flutter_full_svg_support/test/golden_comparison/golden_comparison_test.dart: Golden Comparison Tests Golden: dart matches browser render                         00:13 +768 ~1: /Users/denisnadey/apps/flutter_full_svg_support/test/golden_comparison/golden_comparison_test.dart: Golden Comparison Tests Golden: dart matches browser render                         00:13 +769 ~1: /Users/denisnadey/apps/flutter_full_svg_support/test/golden_comparison/golden_comparison_test.dart: Golden Comparison Tests Golden: dart matches browser render                         00:13 +770 ~1: /Users/denisnadey/apps/flutter_full_svg_support/test/golden_comparison/golden_comparison_test.dart: Golden Comparison Tests Golden: dart matches browser render                         00:13 +771 ~1: /Users/denisnadey/apps/flutter_full_svg_support/test/golden_comparison/golden_comparison_test.dart: Golden Comparison Tests Golden: dart matches browser render                         00:14 +771 ~1: /Users/denisnadey/apps/flutter_full_svg_support/test/golden_comparison/golden_comparison_test.dart: Golden Comparison Tests Golden: dart matches browser render                         00:14 +772 ~1: /Users/denisnadey/apps/flutter_full_svg_support/test/golden_comparison/golden_comparison_test.dart: Golden Comparison Tests Golden: dart matches browser render                         00:14 +773 ~1: /Users/denisnadey/apps/flutter_full_svg_support/test/golden_comparison/golden_comparison_test.dart: Golden Comparison Tests Golden: dart matches browser render                         00:14 +774 ~1: /Users/denisnadey/apps/flutter_full_svg_support/test/golden_comparison/golden_comparison_test.dart: Golden Comparison Tests Golden: dart matches browser render                         00:14 +775 ~1: /Users/denisnadey/apps/flutter_full_svg_support/test/golden_comparison/golden_comparison_test.dart: Golden Comparison Tests Golden: dart matches browser render                         00:14 +776 ~1: /Users/denisnadey/apps/flutter_full_svg_support/test/golden_comparison/golden_comparison_test.dart: Golden Comparison Tests Golden: dart matches browser render                         00:14 +777 ~1: /Users/denisnadey/apps/flutter_full_svg_support/test/golden_comparison/golden_comparison_test.dart: Golden Comparison Tests Golden: dart matches browser render                         00:14 +778 ~1: /Users/denisnadey/apps/flutter_full_svg_support/test/golden_comparison/golden_comparison_test.dart: Golden Comparison Tests Golden: dart matches browser render                         00:14 +779 ~1: /Users/denisnadey/apps/flutter_full_svg_support/test/golden_comparison/golden_comparison_test.dart: Golden Comparison Tests Golden: dart matches browser render                         00:14 +780 ~1: /Users/denisnadey/apps/flutter_full_svg_support/test/golden_comparison/golden_comparison_test.dart: Golden Comparison Tests Golden: dart matches browser render                         00:14 +781 ~1: /Users/denisnadey/apps/flutter_full_svg_support/test/golden_comparison/golden_comparison_test.dart: Golden Comparison Tests Golden: dart matches browser render                         00:14 +782 ~1: /Users/denisnadey/apps/flutter_full_svg_support/test/golden_comparison/golden_comparison_test.dart: Golden Comparison Tests Golden: dart matches browser render                         00:14 +783 ~1: /Users/denisnadey/apps/flutter_full_svg_support/test/golden_comparison/golden_comparison_test.dart: Golden Comparison Tests Golden: dart matches browser render                         00:14 +784 ~1: /Users/denisnadey/apps/flutter_full_svg_support/test/golden_comparison/golden_comparison_test.dart: Golden Comparison Tests Golden: dart matches browser render                         00:14 +785 ~1: /Users/denisnadey/apps/flutter_full_svg_support/test/golden_comparison/golden_comparison_test.dart: Golden Comparison Tests Golden: dart matches browser render                         00:14 +786 ~1: /Users/denisnadey/apps/flutter_full_svg_support/test/golden_comparison/golden_comparison_test.dart: Golden Comparison Tests Golden: dart matches browser render                         00:14 +787 ~1: /Users/denisnadey/apps/flutter_full_svg_support/test/golden_comparison/golden_comparison_test.dart: Golden Comparison Tests Golden: dart matches browser render                         00:14 +788 ~1: /Users/denisnadey/apps/flutter_full_svg_support/test/golden_comparison/golden_comparison_test.dart: Golden Comparison Tests Golden: dart matches browser render                         00:14 +789 ~1: /Users/denisnadey/apps/flutter_full_svg_support/test/golden_comparison/golden_comparison_test.dart: Golden Comparison Tests Golden: dart matches browser render                         00:14 +789 ~1: /Users/denisnadey/apps/flutter_full_svg_support/test/animation/hit_test_advanced_features_test.dart: Advanced Hit-Testing Features DOM event delegation through use-referenced elements click on use shadow content triggers use element event
Image size: 800x600
Image size: 800x600
00:14 +790 ~1: /Users/denisnadey/apps/flutter_full_svg_support/test/golden_comparison/golden_comparison_test.dart: Golden Comparison Tests Golden: dart matches browser render                         00:14 +791 ~1: /Users/denisnadey/apps/flutter_full_svg_support/test/golden_comparison/golden_comparison_test.dart: Golden Comparison Tests Golden: dart matches browser render                         00:14 +792 ~1: /Users/denisnadey/apps/flutter_full_svg_support/test/golden_comparison/golden_comparison_test.dart: Golden Comparison Tests Golden: dart matches browser render                         00:14 +793 ~1: /Users/denisnadey/apps/flutter_full_svg_support/test/golden_comparison/golden_comparison_test.dart: Golden Comparison Tests Golden: dart matches browser render                         00:14 +794 ~1: /Users/denisnadey/apps/flutter_full_svg_support/test/golden_comparison/golden_comparison_test.dart: Golden Comparison Tests Golden: dart matches browser render                         00:14 +795 ~1: /Users/denisnadey/apps/flutter_full_svg_support/test/golden_comparison/golden_comparison_test.dart: Golden Comparison Tests Golden: dart matches browser render                         00:14 +795 ~1: /Users/denisnadey/apps/flutter_full_svg_support/test/animation/use_symbol_inheritance_test.dart: Use and Symbol Inheritance Tests Attribute Propagation Through Use Boundaries fill attribute on use propagates to referenced rect
Image size: 800x600
00:14 +796 ~1: /Users/denisnadey/apps/flutter_full_svg_support/test/golden_comparison/golden_comparison_test.dart: Golden Comparison Tests Golden: dart matches browser render                         00:15 +796 ~1: /Users/denisnadey/apps/flutter_full_svg_support/test/golden_comparison/golden_comparison_test.dart: Golden Comparison Tests Golden: dart matches browser render                         00:15 +796 ~1: /Users/denisnadey/apps/flutter_full_svg_support/test/animation/use_symbol_inheritance_test.dart: Use and Symbol Inheritance Tests Attribute Propagation Through Use Boundaries stroke attribute on use propagates to referenced path
Image size: 800x600
00:15 +797 ~1: /Users/denisnadey/apps/flutter_full_svg_support/test/golden_comparison/golden_comparison_test.dart: Golden Comparison Tests Golden: dart matches browser render                         00:15 +798 ~1: /Users/denisnadey/apps/flutter_full_svg_support/test/golden_comparison/golden_comparison_test.dart: Golden Comparison Tests Golden: dart matches browser render                         00:15 +798 ~1: /Users/denisnadey/apps/flutter_full_svg_support/test/animation/use_symbol_inheritance_test.dart: Use and Symbol Inheritance Tests Attribute Propagation Through Use Boundaries font properties on use propagate to text in symbol
Image size: 800x600
00:15 +799 ~1: /Users/denisnadey/apps/flutter_full_svg_support/test/golden_comparison/golden_comparison_test.dart: Golden Comparison Tests Golden: dart matches browser render                         00:15 +799 ~1: /Users/denisnadey/apps/flutter_full_svg_support/test/animation/use_symbol_inheritance_test.dart: Use and Symbol Inheritance Tests Attribute Propagation Through Use Boundaries referenced element attributes override use element attributes
Image size: 800x600
00:15 +800 ~1: /Users/denisnadey/apps/flutter_full_svg_support/test/golden_comparison/golden_comparison_test.dart: Golden Comparison Tests Golden: dart matches browser render                         00:15 +800 ~1: /Users/denisnadey/apps/flutter_full_svg_support/test/animation/use_symbol_inheritance_test.dart: Use and Symbol Inheritance Tests Nested Use Elements renders nested use elements correctly
Image size: 800x600
00:15 +801 ~1: /Users/denisnadey/apps/flutter_full_svg_support/test/golden_comparison/golden_comparison_test.dart: Golden Comparison Tests Golden: dart matches browser render                         00:15 +801 ~1: /Users/denisnadey/apps/flutter_full_svg_support/test/animation/use_symbol_inheritance_test.dart: Use and Symbol Inheritance Tests Nested Use Elements handles deeply nested use elements (up to 10 levels)
Image size: 800x600
00:15 +802 ~1: /Users/denisnadey/apps/flutter_full_svg_support/test/golden_comparison/golden_comparison_test.dart: Golden Comparison Tests Golden: dart matches browser render                         00:15 +803 ~1: /Users/denisnadey/apps/flutter_full_svg_support/test/golden_comparison/golden_comparison_test.dart: Golden Comparison Tests Golden: dart matches browser render                         00:15 +804 ~1: /Users/denisnadey/apps/flutter_full_svg_support/test/golden_comparison/golden_comparison_test.dart: Golden Comparison Tests Golden: dart matches browser render                         00:15 +804 ~1: /Users/denisnadey/apps/flutter_full_svg_support/test/animation/use_symbol_inheritance_test.dart: Use and Symbol Inheritance Tests Symbol ViewBox and PreserveAspectRatio symbol scales correctly with use width/height
Image size: 800x600
00:15 +805 ~1: /Users/denisnadey/apps/flutter_full_svg_support/test/golden_comparison/golden_comparison_test.dart: Golden Comparison Tests Golden: dart matches browser render                         00:15 +805 ~1: /Users/denisnadey/apps/flutter_full_svg_support/test/animation/use_symbol_inheritance_test.dart: Use and Symbol Inheritance Tests Symbol ViewBox and PreserveAspectRatio symbol respects preserveAspectRatio="xMidYMid meet"
Image size: 800x600
00:15 +806 ~1: /Users/denisnadey/apps/flutter_full_svg_support/test/golden_comparison/golden_comparison_test.dart: Golden Comparison Tests Golden: dart matches browser render                         00:15 +806 ~1: /Users/denisnadey/apps/flutter_full_svg_support/test/animation/use_symbol_inheritance_test.dart: Use and Symbol Inheritance Tests Symbol ViewBox and PreserveAspectRatio symbol stretches with preserveAspectRatio="none"
Image size: 800x600
00:15 +807 ~1: /Users/denisnadey/apps/flutter_full_svg_support/test/golden_comparison/golden_comparison_test.dart: Golden Comparison Tests Golden: dart matches browser render                         00:15 +807 ~1: /Users/denisnadey/apps/flutter_full_svg_support/test/animation/use_symbol_inheritance_test.dart: Use and Symbol Inheritance Tests Use x/y Translation use x/y positions referenced element correctly
Image size: 800x600
00:15 +808 ~1: /Users/denisnadey/apps/flutter_full_svg_support/test/golden_comparison/golden_comparison_test.dart: Golden Comparison Tests Golden: dart matches browser render                         00:15 +809 ~1: /Users/denisnadey/apps/flutter_full_svg_support/test/golden_comparison/golden_comparison_test.dart: Golden Comparison Tests Golden: dart matches browser render                         00:15 +809 ~1: /Users/denisnadey/apps/flutter_full_svg_support/test/animation/use_symbol_inheritance_test.dart: Use and Symbol Inheritance Tests Use x/y Translation use x/y stacks with referenced element position
Image size: 800x600
00:15 +810 ~1: /Users/denisnadey/apps/flutter_full_svg_support/test/golden_comparison/golden_comparison_test.dart: Golden Comparison Tests Golden: dart matches browser render                         00:15 +811 ~1: /Users/denisnadey/apps/flutter_full_svg_support/test/golden_comparison/golden_comparison_test.dart: Golden Comparison Tests Golden: dart matches browser render                         00:15 +812 ~1: /Users/denisnadey/apps/flutter_full_svg_support/test/golden_comparison/golden_comparison_test.dart: Golden Comparison Tests Golden: dart matches browser render                         00:15 +813 ~1: /Users/denisnadey/apps/flutter_full_svg_support/test/golden_comparison/golden_comparison_test.dart: Golden Comparison Tests Golden: dart matches browser render                         00:15 +814 ~1: /Users/denisnadey/apps/flutter_full_svg_support/test/golden_comparison/golden_comparison_test.dart: Golden Comparison Tests Golden: dart matches browser render                         00:15 +815 ~1: /Users/denisnadey/apps/flutter_full_svg_support/test/golden_comparison/golden_comparison_test.dart: Golden Comparison Tests Golden: dart matches browser render                         00:15 +816 ~1: /Users/denisnadey/apps/flutter_full_svg_support/test/golden_comparison/golden_comparison_test.dart: Golden Comparison Tests Golden: dart matches browser render                         00:15 +817 ~1: /Users/denisnadey/apps/flutter_full_svg_support/test/golden_comparison/golden_comparison_test.dart: Golden Comparison Tests Golden: dart matches browser render                         00:15 +818 ~1: /Users/denisnadey/apps/flutter_full_svg_support/test/golden_comparison/golden_comparison_test.dart: Golden Comparison Tests Golden: dart matches browser render                         00:15 +819 ~1: /Users/denisnadey/apps/flutter_full_svg_support/test/golden_comparison/golden_comparison_test.dart: Golden Comparison Tests Golden: dart matches browser render                         00:15 +820 ~1: /Users/denisnadey/apps/flutter_full_svg_support/test/golden_comparison/golden_comparison_test.dart: Golden Comparison Tests Golden: dart matches browser render                         00:15 +821 ~1: /Users/denisnadey/apps/flutter_full_svg_support/test/golden_comparison/golden_comparison_test.dart: Golden Comparison Tests Golden: dart matches browser render                         00:15 +822 ~1: /Users/denisnadey/apps/flutter_full_svg_support/test/golden_comparison/golden_comparison_test.dart: Golden Comparison Tests Golden: dart matches browser render                         00:15 +823 ~1: /Users/denisnadey/apps/flutter_full_svg_support/test/golden_comparison/golden_comparison_test.dart: Golden Comparison Tests Golden: dart matches browser render                         00:15 +824 ~1: /Users/denisnadey/apps/flutter_full_svg_support/test/golden_comparison/golden_comparison_test.dart: Golden Comparison Tests Golden: dart matches browser render                         00:15 +824 ~1: /Users/denisnadey/apps/flutter_full_svg_support/test/animation/use_symbol_inheritance_test.dart: Use and Symbol Inheritance Tests Use x/y Translation use transform combines with x/y translation
Image size: 800x600
00:15 +825 ~1: /Users/denisnadey/apps/flutter_full_svg_support/test/golden_comparison/golden_comparison_test.dart: Golden Comparison Tests Golden: dart matches browser render                         00:15 +826 ~1: /Users/denisnadey/apps/flutter_full_svg_support/test/golden_comparison/golden_comparison_test.dart: Golden Comparison Tests Golden: dart matches browser render                         00:15 +827 ~1: /Users/denisnadey/apps/flutter_full_svg_support/test/golden_comparison/golden_comparison_test.dart: Golden Comparison Tests Golden: dart matches browser render                         00:15 +828 ~1: /Users/denisnadey/apps/flutter_full_svg_support/test/golden_comparison/golden_comparison_test.dart: Golden Comparison Tests Golden: dart matches browser render                         00:15 +829 ~1: /Users/denisnadey/apps/flutter_full_svg_support/test/golden_comparison/golden_comparison_test.dart: Golden Comparison Tests Golden: dart matches browser render                         00:15 +830 ~1: /Users/denisnadey/apps/flutter_full_svg_support/test/golden_comparison/golden_comparison_test.dart: Golden Comparison Tests Golden: dart matches browser render                         00:15 +831 ~1: /Users/denisnadey/apps/flutter_full_svg_support/test/golden_comparison/golden_comparison_test.dart: Golden Comparison Tests Golden: dart matches browser render                         00:15 +832 ~1: /Users/denisnadey/apps/flutter_full_svg_support/test/golden_comparison/golden_comparison_test.dart: Golden Comparison Tests Golden: dart matches browser render                         00:15 +833 ~1: /Users/denisnadey/apps/flutter_full_svg_support/test/golden_comparison/golden_comparison_test.dart: Golden Comparison Tests Golden: dart matches browser render                         00:15 +833 ~1: /Users/denisnadey/apps/flutter_full_svg_support/test/animation/use_symbol_inheritance_test.dart: Use and Symbol Inheritance Tests Style Inheritance Chain style attribute on use overrides attribute
Image size: 800x600
00:15 +834 ~1: /Users/denisnadey/apps/flutter_full_svg_support/test/golden_comparison/golden_comparison_test.dart: Golden Comparison Tests Golden: dart matches browser render                         00:15 +835 ~1: /Users/denisnadey/apps/flutter_full_svg_support/test/golden_comparison/golden_comparison_test.dart: Golden Comparison Tests Golden: dart matches browser render                         00:15 +836 ~1: /Users/denisnadey/apps/flutter_full_svg_support/test/golden_comparison/golden_comparison_test.dart: Golden Comparison Tests Golden: dart matches browser render                         00:15 +836 ~1: /Users/denisnadey/apps/flutter_full_svg_support/test/animation/use_symbol_inheritance_test.dart: Use and Symbol Inheritance Tests Style Inheritance Chain multiple use elements get independent inheritance
Image size: 800x600
00:15 +837 ~1: /Users/denisnadey/apps/flutter_full_svg_support/test/golden_comparison/golden_comparison_test.dart: Golden Comparison Tests Golden: dart matches browser render                         00:15 +838 ~1: /Users/denisnadey/apps/flutter_full_svg_support/test/golden_comparison/golden_comparison_test.dart: Golden Comparison Tests Golden: dart matches browser render                         00:15 +839 ~1: /Users/denisnadey/apps/flutter_full_svg_support/test/golden_comparison/golden_comparison_test.dart: Golden Comparison Tests Golden: dart matches browser render                         00:15 +840 ~1: /Users/denisnadey/apps/flutter_full_svg_support/test/golden_comparison/golden_comparison_test.dart: Golden Comparison Tests Golden: dart matches browser render                         00:15 +840 ~1: /Users/denisnadey/apps/flutter_full_svg_support/test/animation/use_symbol_inheritance_test.dart: Use and Symbol Inheritance Tests CSS Inheritance Through Use Boundary inheritable CSS properties pass through use boundary
Image size: 800x600
00:15 +841 ~1: /Users/denisnadey/apps/flutter_full_svg_support/test/golden_comparison/golden_comparison_test.dart: Golden Comparison Tests Golden: dart matches browser render                         00:15 +841 ~1: /Users/denisnadey/apps/flutter_full_svg_support/test/animation/use_symbol_inheritance_test.dart: Use and Symbol Inheritance Tests CSS Inheritance Through Use Boundary stroke-width inherits through use boundary
Image size: 800x600
00:15 +842 ~1: /Users/denisnadey/apps/flutter_full_svg_support/test/golden_comparison/golden_comparison_test.dart: Golden Comparison Tests Golden: dart matches browser render                         00:15 +843 ~1: /Users/denisnadey/apps/flutter_full_svg_support/test/golden_comparison/golden_comparison_test.dart: Golden Comparison Tests Golden: dart matches browser render                         00:15 +844 ~1: /Users/denisnadey/apps/flutter_full_svg_support/test/golden_comparison/golden_comparison_test.dart: Golden Comparison Tests Golden: dart matches browser render                         00:15 +845 ~1: /Users/denisnadey/apps/flutter_full_svg_support/test/golden_comparison/golden_comparison_test.dart: Golden Comparison Tests Golden: dart matches browser render                         00:15 +846 ~1: /Users/denisnadey/apps/flutter_full_svg_support/test/golden_comparison/golden_comparison_test.dart: Golden Comparison Tests Golden: dart matches browser render                         00:15 +847 ~1: /Users/denisnadey/apps/flutter_full_svg_support/test/golden_comparison/golden_comparison_test.dart: Golden Comparison Tests Golden: dart matches browser render                         00:15 +847 ~1: /Users/denisnadey/apps/flutter_full_svg_support/test/animation/use_symbol_inheritance_test.dart: Use and Symbol Inheritance Tests Symbol Overflow Clipping symbol with overflow="visible" does not clip
Image size: 800x600
00:15 +848 ~1: /Users/denisnadey/apps/flutter_full_svg_support/test/golden_comparison/golden_comparison_test.dart: Golden Comparison Tests Golden: dart matches browser render                         00:15 +849 ~1: /Users/denisnadey/apps/flutter_full_svg_support/test/golden_comparison/golden_comparison_test.dart: Golden Comparison Tests Golden: dart matches browser render                         00:15 +850 ~1: /Users/denisnadey/apps/flutter_full_svg_support/test/golden_comparison/golden_comparison_test.dart: Golden Comparison Tests Golden: dart matches browser render                         00:15 +851 ~1: /Users/denisnadey/apps/flutter_full_svg_support/test/golden_comparison/golden_comparison_test.dart: Golden Comparison Tests Golden: dart matches browser render                         00:15 +851 ~1: /Users/denisnadey/apps/flutter_full_svg_support/test/animation/use_symbol_inheritance_test.dart: Use and Symbol Inheritance Tests Nested Use Inheritance Chains attributes cascade through multiple use boundaries
Image size: 800x600
00:15 +852 ~1: /Users/denisnadey/apps/flutter_full_svg_support/test/golden_comparison/golden_comparison_test.dart: Golden Comparison Tests Golden: dart matches browser render                         00:15 +852 ~1: /Users/denisnadey/apps/flutter_full_svg_support/test/animation/use_symbol_inheritance_test.dart: Use and Symbol Inheritance Tests Nested Use Inheritance Chains intermediate use can override parent use attributes
Image size: 800x600
00:15 +853 ~1: /Users/denisnadey/apps/flutter_full_svg_support/test/golden_comparison/golden_comparison_test.dart: Golden Comparison Tests Golden: dart matches browser render                         00:15 +854 ~1: /Users/denisnadey/apps/flutter_full_svg_support/test/golden_comparison/golden_comparison_test.dart: Golden Comparison Tests Golden: dart matches browser render                         00:15 +854 ~1: /Users/denisnadey/apps/flutter_full_svg_support/test/animation/use_symbol_inheritance_test.dart: Use and Symbol Inheritance Tests Presentation Attribute vs Style Precedence style attribute on use overrides presentation attribute
Image size: 800x600
00:15 +855 ~1: /Users/denisnadey/apps/flutter_full_svg_support/test/golden_comparison/golden_comparison_test.dart: Golden Comparison Tests Golden: dart matches browser render                         00:15 +855 ~1: /Users/denisnadey/apps/flutter_full_svg_support/test/animation/use_symbol_inheritance_test.dart: Use and Symbol Inheritance Tests Presentation Attribute vs Style Precedence referenced element own style takes precedence
Image size: 800x600
00:15 +856 ~1: /Users/denisnadey/apps/flutter_full_svg_support/test/golden_comparison/golden_comparison_test.dart: Golden Comparison Tests Golden: dart matches browser render                         00:15 +856 ~1: /Users/denisnadey/apps/flutter_full_svg_support/test/animation/use_symbol_inheritance_test.dart: Use and Symbol Inheritance Tests Presentation Attribute vs Style Precedence inherited use values apply when element has no own value
Image size: 800x600
00:15 +857 ~1: /Users/denisnadey/apps/flutter_full_svg_support/test/golden_comparison/golden_comparison_test.dart: Golden Comparison Tests Golden: dart matches browser render                         00:15 +858 ~1: /Users/denisnadey/apps/flutter_full_svg_support/test/golden_comparison/golden_comparison_test.dart: Golden Comparison Tests Golden: dart matches browser render                         00:15 +858 ~1: /Users/denisnadey/apps/flutter_full_svg_support/test/animation/use_symbol_inheritance_test.dart: Use and Symbol Inheritance Tests Non-Inherited Properties Do NOT Flow Through Use transform on use applies to use element only
Image size: 800x600
00:15 +859 ~1: /Users/denisnadey/apps/flutter_full_svg_support/test/golden_comparison/golden_comparison_test.dart: Golden Comparison Tests Golden: dart matches browser render                         00:15 +860 ~1: /Users/denisnadey/apps/flutter_full_svg_support/test/golden_comparison/golden_comparison_test.dart: Golden Comparison Tests Golden: dart matches browser render                         00:15 +860 ~1: /Users/denisnadey/apps/flutter_full_svg_support/test/animation/use_symbol_inheritance_test.dart: Use and Symbol Inheritance Tests CSS Custom Properties Through Use Boundaries CSS variable defined on use cascades to referenced content
Image size: 800x600
00:15 +861 ~1: /Users/denisnadey/apps/flutter_full_svg_support/test/golden_comparison/golden_comparison_test.dart: Golden Comparison Tests Golden: dart matches browser render                         00:15 +861 ~1: /Users/denisnadey/apps/flutter_full_svg_support/test/animation/use_symbol_inheritance_test.dart: Use and Symbol Inheritance Tests CSS Custom Properties Through Use Boundaries CSS variable on parent of use cascades to referenced content
Image size: 800x600
00:15 +862 ~1: /Users/denisnadey/apps/flutter_full_svg_support/test/golden_comparison/golden_comparison_test.dart: Golden Comparison Tests Golden: dart matches browser render                         00:15 +862 ~1: /Users/denisnadey/apps/flutter_full_svg_support/test/animation/use_symbol_inheritance_test.dart: Use and Symbol Inheritance Tests CSS Custom Properties Through Use Boundaries CSS variable fallback is used when variable not defined
Image size: 800x600
00:15 +863 ~1: /Users/denisnadey/apps/flutter_full_svg_support/test/golden_comparison/golden_comparison_test.dart: Golden Comparison Tests Golden: dart matches browser render                         00:15 +863 ~1: /Users/denisnadey/apps/flutter_full_svg_support/test/animation/use_symbol_inheritance_test.dart: Use and Symbol Inheritance Tests CSS Custom Properties Through Use Boundaries nested use elements inherit CSS variables through chain
Image size: 800x600
00:15 +864 ~1: /Users/denisnadey/apps/flutter_full_svg_support/test/golden_comparison/golden_comparison_test.dart: Golden Comparison Tests Golden: dart matches browser render                         00:15 +865 ~1: /Users/denisnadey/apps/flutter_full_svg_support/test/golden_comparison/golden_comparison_test.dart: Golden Comparison Tests Golden: dart matches browser render                         00:15 +866 ~1: /Users/denisnadey/apps/flutter_full_svg_support/test/golden_comparison/golden_comparison_test.dart: Golden Comparison Tests Golden: dart matches browser render                         00:16 +867 ~1: /Users/denisnadey/apps/flutter_full_svg_support/test/golden_comparison/golden_comparison_test.dart: Golden Comparison Tests Golden: dart matches browser render                         00:16 +868 ~1: /Users/denisnadey/apps/flutter_full_svg_support/test/golden_comparison/golden_comparison_test.dart: Golden Comparison Tests Golden: dart matches browser render                         00:16 +869 ~1: /Users/denisnadey/apps/flutter_full_svg_support/test/golden_comparison/golden_comparison_test.dart: Golden Comparison Tests Golden: dart matches browser render                         00:16 +870 ~1: /Users/denisnadey/apps/flutter_full_svg_support/test/golden_comparison/golden_comparison_test.dart: Golden Comparison Tests Golden: dart matches browser render                         00:16 +871 ~1: /Users/denisnadey/apps/flutter_full_svg_support/test/golden_comparison/golden_comparison_test.dart: Golden Comparison Tests Golden: dart matches browser render                         00:16 +872 ~1: /Users/denisnadey/apps/flutter_full_svg_support/test/golden_comparison/golden_comparison_test.dart: Golden Comparison Tests Golden: dart matches browser render                         00:16 +873 ~1: /Users/denisnadey/apps/flutter_full_svg_support/test/golden_comparison/golden_comparison_test.dart: Golden Comparison Tests Golden: dart matches browser render                         00:16 +874 ~1: /Users/denisnadey/apps/flutter_full_svg_support/test/golden_comparison/golden_comparison_test.dart: Golden Comparison Tests Golden: dart matches browser render                         00:16 +875 ~1: /Users/denisnadey/apps/flutter_full_svg_support/test/golden_comparison/golden_comparison_test.dart: Golden Comparison Tests Golden: dart matches browser render                         00:16 +876 ~1: /Users/denisnadey/apps/flutter_full_svg_support/test/golden_comparison/golden_comparison_test.dart: Golden Comparison Tests Golden: dart matches browser render                         00:16 +877 ~1: /Users/denisnadey/apps/flutter_full_svg_support/test/golden_comparison/golden_comparison_test.dart: Golden Comparison Tests Golden: dart matches browser render                         00:16 +878 ~1: /Users/denisnadey/apps/flutter_full_svg_support/test/golden_comparison/golden_comparison_test.dart: Golden Comparison Tests Golden: dart matches browser render                         00:16 +879 ~1: /Users/denisnadey/apps/flutter_full_svg_support/test/golden_comparison/golden_comparison_test.dart: Golden Comparison Tests Golden: dart matches browser render                         00:16 +880 ~1: /Users/denisnadey/apps/flutter_full_svg_support/test/golden_comparison/golden_comparison_test.dart: Golden Comparison Tests Golden: dart matches browser render                         00:16 +881 ~1: /Users/denisnadey/apps/flutter_full_svg_support/test/golden_comparison/golden_comparison_test.dart: Golden Comparison Tests Golden: dart matches browser render                         00:16 +882 ~1: /Users/denisnadey/apps/flutter_full_svg_support/test/golden_comparison/golden_comparison_test.dart: Golden Comparison Tests Golden: dart matches browser render                         00:16 +883 ~1: /Users/denisnadey/apps/flutter_full_svg_support/test/golden_comparison/golden_comparison_test.dart: Golden Comparison Tests Golden: dart matches browser render                         00:16 +884 ~1: /Users/denisnadey/apps/flutter_full_svg_support/test/golden_comparison/golden_comparison_test.dart: Golden Comparison Tests Golden: dart matches browser render                         00:16 +885 ~1: /Users/denisnadey/apps/flutter_full_svg_support/test/golden_comparison/golden_comparison_test.dart: Golden Comparison Tests Golden: dart matches browser render                         00:16 +886 ~1: /Users/denisnadey/apps/flutter_full_svg_support/test/golden_comparison/golden_comparison_test.dart: Golden Comparison Tests Golden: dart matches browser render                         00:16 +887 ~1: /Users/denisnadey/apps/flutter_full_svg_support/test/golden_comparison/golden_comparison_test.dart: Golden Comparison Tests Golden: dart matches browser render                         00:16 +888 ~1: /Users/denisnadey/apps/flutter_full_svg_support/test/golden_comparison/golden_comparison_test.dart: Golden Comparison Tests Golden: dart matches browser render                         00:16 +889 ~1: /Users/denisnadey/apps/flutter_full_svg_support/test/golden_comparison/golden_comparison_test.dart: Golden Comparison Tests Golden: dart matches browser render                         00:16 +890 ~1: /Users/denisnadey/apps/flutter_full_svg_support/test/golden_comparison/golden_comparison_test.dart: Golden Comparison Tests Golden: dart matches browser render                         00:16 +891 ~1: /Users/denisnadey/apps/flutter_full_svg_support/test/golden_comparison/golden_comparison_test.dart: Golden Comparison Tests Golden: dart matches browser render                         00:16 +892 ~1: /Users/denisnadey/apps/flutter_full_svg_support/test/golden_comparison/golden_comparison_test.dart: Golden Comparison Tests Golden: dart matches browser render                         00:16 +893 ~1: /Users/denisnadey/apps/flutter_full_svg_support/test/golden_comparison/golden_comparison_test.dart: Golden Comparison Tests Golden: dart matches browser render                         00:16 +894 ~1: /Users/denisnadey/apps/flutter_full_svg_support/test/golden_comparison/golden_comparison_test.dart: Golden Comparison Tests Golden: dart matches browser render                         00:16 +895 ~1: /Users/denisnadey/apps/flutter_full_svg_support/test/golden_comparison/golden_comparison_test.dart: Golden Comparison Tests Golden: dart matches browser render                         00:16 +896 ~1: /Users/denisnadey/apps/flutter_full_svg_support/test/golden_comparison/golden_comparison_test.dart: Golden Comparison Tests Golden: dart matches browser render                         00:16 +897 ~1: /Users/denisnadey/apps/flutter_full_svg_support/test/golden_comparison/golden_comparison_test.dart: Golden Comparison Tests Golden: dart matches browser render                         00:16 +898 ~1: /Users/denisnadey/apps/flutter_full_svg_support/test/golden_comparison/golden_comparison_test.dart: Golden Comparison Tests Golden: dart matches browser render                         00:16 +899 ~1: /Users/denisnadey/apps/flutter_full_svg_support/test/golden_comparison/golden_comparison_test.dart: Golden Comparison Tests Golden: dart matches browser render                         00:16 +900 ~1: /Users/denisnadey/apps/flutter_full_svg_support/test/golden_comparison/golden_comparison_test.dart: Golden Comparison Tests Golden: dart matches browser render                         00:16 +901 ~1: /Users/denisnadey/apps/flutter_full_svg_support/test/golden_comparison/golden_comparison_test.dart: Golden Comparison Tests Golden: dart matches browser render                         00:16 +902 ~1: /Users/denisnadey/apps/flutter_full_svg_support/test/golden_comparison/golden_comparison_test.dart: Golden Comparison Tests Golden: dart matches browser render                         00:16 +903 ~1: /Users/denisnadey/apps/flutter_full_svg_support/test/golden_comparison/golden_comparison_test.dart: Golden Comparison Tests Golden: dart matches browser render                         00:16 +904 ~1: /Users/denisnadey/apps/flutter_full_svg_support/test/golden_comparison/golden_comparison_test.dart: Golden Comparison Tests Golden: dart matches browser render                         00:16 +905 ~1: /Users/denisnadey/apps/flutter_full_svg_support/test/golden_comparison/golden_comparison_test.dart: Golden Comparison Tests Golden: dart matches browser render                         00:17 +905 ~1: /Users/denisnadey/apps/flutter_full_svg_support/test/golden_comparison/golden_comparison_test.dart: Golden Comparison Tests Golden: dart matches browser render                         00:17 +906 ~1: /Users/denisnadey/apps/flutter_full_svg_support/test/golden_comparison/golden_comparison_test.dart: Golden Comparison Tests Golden: dart matches browser render                         00:17 +907 ~1: /Users/denisnadey/apps/flutter_full_svg_support/test/golden_comparison/golden_comparison_test.dart: Golden Comparison Tests Golden: dart matches browser render                         00:17 +908 ~1: /Users/denisnadey/apps/flutter_full_svg_support/test/golden_comparison/golden_comparison_test.dart: Golden Comparison Tests Golden: dart matches browser render                         00:17 +909 ~1: /Users/denisnadey/apps/flutter_full_svg_support/test/golden_comparison/golden_comparison_test.dart: Golden Comparison Tests Golden: dart matches browser render                         00:17 +910 ~1: /Users/denisnadey/apps/flutter_full_svg_support/test/golden_comparison/golden_comparison_test.dart: Golden Comparison Tests Golden: dart matches browser render                         00:17 +911 ~1: /Users/denisnadey/apps/flutter_full_svg_support/test/golden_comparison/golden_comparison_test.dart: Golden Comparison Tests Golden: dart matches browser render                         00:17 +912 ~1: /Users/denisnadey/apps/flutter_full_svg_support/test/golden_comparison/golden_comparison_test.dart: Golden Comparison Tests Golden: dart matches browser render                         00:17 +913 ~1: /Users/denisnadey/apps/flutter_full_svg_support/test/golden_comparison/golden_comparison_test.dart: Golden Comparison Tests Golden: dart matches browser render                         00:17 +914 ~1: /Users/denisnadey/apps/flutter_full_svg_support/test/golden_comparison/golden_comparison_test.dart: Golden Comparison Tests Golden: dart matches browser render                         00:17 +915 ~1: /Users/denisnadey/apps/flutter_full_svg_support/test/golden_comparison/golden_comparison_test.dart: Golden Comparison Tests Golden: dart matches browser render                         00:17 +916 ~1: /Users/denisnadey/apps/flutter_full_svg_support/test/golden_comparison/golden_comparison_test.dart: Golden Comparison Tests Golden: dart matches browser render                         00:17 +917 ~1: /Users/denisnadey/apps/flutter_full_svg_support/test/golden_comparison/golden_comparison_test.dart: Golden Comparison Tests Golden: dart matches browser render                         00:17 +918 ~1: /Users/denisnadey/apps/flutter_full_svg_support/test/golden_comparison/golden_comparison_test.dart: Golden Comparison Tests Golden: dart matches browser render                         00:17 +919 ~1: /Users/denisnadey/apps/flutter_full_svg_support/test/golden_comparison/golden_comparison_test.dart: Golden Comparison Tests Golden: dart matches browser render                         00:17 +920 ~1: /Users/denisnadey/apps/flutter_full_svg_support/test/golden_comparison/golden_comparison_test.dart: Golden Comparison Tests Golden: dart matches browser render                         00:17 +921 ~1: /Users/denisnadey/apps/flutter_full_svg_support/test/golden_comparison/golden_comparison_test.dart: Golden Comparison Tests Golden: dart matches browser render                         00:17 +922 ~1: /Users/denisnadey/apps/flutter_full_svg_support/test/golden_comparison/golden_comparison_test.dart: Golden Comparison Tests Golden: dart matches browser render                         00:17 +923 ~1: /Users/denisnadey/apps/flutter_full_svg_support/test/golden_comparison/golden_comparison_test.dart: Golden Comparison Tests Golden: dart matches browser render                         00:17 +924 ~1: /Users/denisnadey/apps/flutter_full_svg_support/test/golden_comparison/golden_comparison_test.dart: Golden Comparison Tests Golden: dart matches browser render                         00:17 +925 ~1: /Users/denisnadey/apps/flutter_full_svg_support/test/golden_comparison/golden_comparison_test.dart: Golden Comparison Tests Golden: dart matches browser render                         00:17 +926 ~1: /Users/denisnadey/apps/flutter_full_svg_support/test/golden_comparison/golden_comparison_test.dart: Golden Comparison Tests Golden: dart matches browser render                         00:17 +927 ~1: /Users/denisnadey/apps/flutter_full_svg_support/test/golden_comparison/golden_comparison_test.dart: Golden Comparison Tests Golden: dart matches browser render                         00:17 +928 ~1: /Users/denisnadey/apps/flutter_full_svg_support/test/golden_comparison/golden_comparison_test.dart: Golden Comparison Tests Golden: dart matches browser render                         00:17 +929 ~1: /Users/denisnadey/apps/flutter_full_svg_support/test/golden_comparison/golden_comparison_test.dart: Golden Comparison Tests Golden: dart matches browser render                         00:17 +930 ~1: /Users/denisnadey/apps/flutter_full_svg_support/test/golden_comparison/golden_comparison_test.dart: Golden Comparison Tests Golden: dart matches browser render                         00:17 +931 ~1: /Users/denisnadey/apps/flutter_full_svg_support/test/golden_comparison/golden_comparison_test.dart: Golden Comparison Tests Golden: dart matches browser render                         00:17 +932 ~1: /Users/denisnadey/apps/flutter_full_svg_support/test/golden_comparison/golden_comparison_test.dart: Golden Comparison Tests Golden: dart matches browser render                         00:17 +933 ~1: /Users/denisnadey/apps/flutter_full_svg_support/test/golden_comparison/golden_comparison_test.dart: Golden Comparison Tests Golden: dart matches browser render                         00:17 +934 ~1: /Users/denisnadey/apps/flutter_full_svg_support/test/golden_comparison/golden_comparison_test.dart: Golden Comparison Tests Golden: dart matches browser render                         00:17 +935 ~1: /Users/denisnadey/apps/flutter_full_svg_support/test/golden_comparison/golden_comparison_test.dart: Golden Comparison Tests Golden: dart matches browser render                         00:17 +936 ~1: /Users/denisnadey/apps/flutter_full_svg_support/test/golden_comparison/golden_comparison_test.dart: Golden Comparison Tests Golden: dart matches browser render                         00:17 +937 ~1: /Users/denisnadey/apps/flutter_full_svg_support/test/golden_comparison/golden_comparison_test.dart: Golden Comparison Tests Golden: dart matches browser render                         00:17 +938 ~1: /Users/denisnadey/apps/flutter_full_svg_support/test/golden_comparison/golden_comparison_test.dart: Golden Comparison Tests Golden: dart matches browser render                         00:17 +939 ~1: /Users/denisnadey/apps/flutter_full_svg_support/test/golden_comparison/golden_comparison_test.dart: Golden Comparison Tests Golden: dart matches browser render                         00:17 +940 ~1: /Users/denisnadey/apps/flutter_full_svg_support/test/golden_comparison/golden_comparison_test.dart: Golden Comparison Tests Golden: dart matches browser render                         00:17 +941 ~1: /Users/denisnadey/apps/flutter_full_svg_support/test/golden_comparison/golden_comparison_test.dart: Golden Comparison Tests Golden: dart matches browser render                         00:17 +942 ~1: /Users/denisnadey/apps/flutter_full_svg_support/test/golden_comparison/golden_comparison_test.dart: Golden Comparison Tests Golden: dart matches browser render                         00:17 +943 ~1: /Users/denisnadey/apps/flutter_full_svg_support/test/golden_comparison/golden_comparison_test.dart: Golden Comparison Tests Golden: dart matches browser render                         00:17 +944 ~1: /Users/denisnadey/apps/flutter_full_svg_support/test/golden_comparison/golden_comparison_test.dart: Golden Comparison Tests Golden: dart matches browser render                         00:17 +945 ~1: /Users/denisnadey/apps/flutter_full_svg_support/test/golden_comparison/golden_comparison_test.dart: Golden Comparison Tests Golden: dart matches browser render                         00:17 +946 ~1: /Users/denisnadey/apps/flutter_full_svg_support/test/golden_comparison/golden_comparison_test.dart: Golden Comparison Tests Golden: dart matches browser render                         00:17 +947 ~1: /Users/denisnadey/apps/flutter_full_svg_support/test/golden_comparison/golden_comparison_test.dart: Golden Comparison Tests Golden: dart matches browser render                         00:17 +948 ~1: /Users/denisnadey/apps/flutter_full_svg_support/test/golden_comparison/golden_comparison_test.dart: Golden Comparison Tests Golden: dart matches browser render                         00:17 +949 ~1: /Users/denisnadey/apps/flutter_full_svg_support/test/golden_comparison/golden_comparison_test.dart: Golden Comparison Tests Golden: dart matches browser render                         00:17 +950 ~1: /Users/denisnadey/apps/flutter_full_svg_support/test/golden_comparison/golden_comparison_test.dart: Golden Comparison Tests Golden: dart matches browser render                         00:17 +951 ~1: /Users/denisnadey/apps/flutter_full_svg_support/test/golden_comparison/golden_comparison_test.dart: Golden Comparison Tests Golden: dart matches browser render                         00:17 +952 ~1: /Users/denisnadey/apps/flutter_full_svg_support/test/golden_comparison/golden_comparison_test.dart: Golden Comparison Tests Golden: dart matches browser render                         00:17 +953 ~1: /Users/denisnadey/apps/flutter_full_svg_support/test/golden_comparison/golden_comparison_test.dart: Golden Comparison Tests Golden: dart matches browser render                         00:17 +954 ~1: /Users/denisnadey/apps/flutter_full_svg_support/test/golden_comparison/golden_comparison_test.dart: Golden Comparison Tests Golden: dart matches browser render                         00:17 +955 ~1: /Users/denisnadey/apps/flutter_full_svg_support/test/golden_comparison/golden_comparison_test.dart: Golden Comparison Tests Golden: dart matches browser render                         00:17 +956 ~1: /Users/denisnadey/apps/flutter_full_svg_support/test/golden_comparison/golden_comparison_test.dart: Golden Comparison Tests Golden: dart matches browser render                         00:17 +957 ~1: /Users/denisnadey/apps/flutter_full_svg_support/test/golden_comparison/golden_comparison_test.dart: Golden Comparison Tests Golden: dart matches browser render                         00:17 +958 ~1: /Users/denisnadey/apps/flutter_full_svg_support/test/golden_comparison/golden_comparison_test.dart: Golden Comparison Tests Golden: dart matches browser render                         00:17 +959 ~1: /Users/denisnadey/apps/flutter_full_svg_support/test/golden_comparison/golden_comparison_test.dart: Golden Comparison Tests Golden: dart matches browser render                         00:17 +960 ~1: /Users/denisnadey/apps/flutter_full_svg_support/test/golden_comparison/golden_comparison_test.dart: Golden Comparison Tests Golden: dart matches browser render                         00:17 +961 ~1: /Users/denisnadey/apps/flutter_full_svg_support/test/golden_comparison/golden_comparison_test.dart: Golden Comparison Tests Golden: dart matches browser render                         00:17 +962 ~1: /Users/denisnadey/apps/flutter_full_svg_support/test/golden_comparison/golden_comparison_test.dart: Golden Comparison Tests Golden: dart matches browser render                         00:17 +963 ~1: /Users/denisnadey/apps/flutter_full_svg_support/test/golden_comparison/golden_comparison_test.dart: Golden Comparison Tests Golden: dart matches browser render                         00:17 +964 ~1: /Users/denisnadey/apps/flutter_full_svg_support/test/golden_comparison/golden_comparison_test.dart: Golden Comparison Tests Golden: dart matches browser render                         00:17 +965 ~1: /Users/denisnadey/apps/flutter_full_svg_support/test/golden_comparison/golden_comparison_test.dart: Golden Comparison Tests Golden: dart matches browser render                         00:17 +966 ~1: /Users/denisnadey/apps/flutter_full_svg_support/test/golden_comparison/golden_comparison_test.dart: Golden Comparison Tests Golden: dart matches browser render                         00:17 +967 ~1: /Users/denisnadey/apps/flutter_full_svg_support/test/golden_comparison/golden_comparison_test.dart: Golden Comparison Tests Golden: dart matches browser render                         00:17 +968 ~1: /Users/denisnadey/apps/flutter_full_svg_support/test/golden_comparison/golden_comparison_test.dart: Golden Comparison Tests Golden: dart matches browser render                         00:17 +969 ~1: /Users/denisnadey/apps/flutter_full_svg_support/test/golden_comparison/golden_comparison_test.dart: Golden Comparison Tests Golden: dart matches browser render                         00:17 +970 ~1: /Users/denisnadey/apps/flutter_full_svg_support/test/golden_comparison/golden_comparison_test.dart: Golden Comparison Tests Golden: dart matches browser render                         00:17 +971 ~1: /Users/denisnadey/apps/flutter_full_svg_support/test/golden_comparison/golden_comparison_test.dart: Golden Comparison Tests Golden: dart matches browser render                         00:17 +972 ~1: /Users/denisnadey/apps/flutter_full_svg_support/test/golden_comparison/golden_comparison_test.dart: Golden Comparison Tests Golden: dart matches browser render                         00:17 +973 ~1: /Users/denisnadey/apps/flutter_full_svg_support/test/golden_comparison/golden_comparison_test.dart: Golden Comparison Tests Golden: dart matches browser render                         00:17 +974 ~1: /Users/denisnadey/apps/flutter_full_svg_support/test/golden_comparison/golden_comparison_test.dart: Golden Comparison Tests Golden: dart matches browser render                         00:17 +975 ~1: /Users/denisnadey/apps/flutter_full_svg_support/test/golden_comparison/golden_comparison_test.dart: Golden Comparison Tests Golden: dart matches browser render                         00:17 +976 ~1: /Users/denisnadey/apps/flutter_full_svg_support/test/golden_comparison/golden_comparison_test.dart: Golden Comparison Tests Golden: dart matches browser render                         00:17 +977 ~1: /Users/denisnadey/apps/flutter_full_svg_support/test/golden_comparison/golden_comparison_test.dart: Golden Comparison Tests Golden: dart matches browser render                         00:17 +978 ~1: /Users/denisnadey/apps/flutter_full_svg_support/test/golden_comparison/golden_comparison_test.dart: Golden Comparison Tests Golden: dart matches browser render                         00:17 +979 ~1: /Users/denisnadey/apps/flutter_full_svg_support/test/golden_comparison/golden_comparison_test.dart: Golden Comparison Tests Golden: dart matches browser render                         00:17 +980 ~1: /Users/denisnadey/apps/flutter_full_svg_support/test/golden_comparison/golden_comparison_test.dart: Golden Comparison Tests Golden: dart matches browser render                         00:17 +981 ~1: /Users/denisnadey/apps/flutter_full_svg_support/test/golden_comparison/golden_comparison_test.dart: Golden Comparison Tests Golden: dart matches browser render                         00:17 +982 ~1: /Users/denisnadey/apps/flutter_full_svg_support/test/golden_comparison/golden_comparison_test.dart: Golden Comparison Tests Golden: dart matches browser render                         00:17 +983 ~1: /Users/denisnadey/apps/flutter_full_svg_support/test/golden_comparison/golden_comparison_test.dart: Golden Comparison Tests Golden: dart matches browser render                         00:17 +984 ~1: /Users/denisnadey/apps/flutter_full_svg_support/test/golden_comparison/golden_comparison_test.dart: Golden Comparison Tests Golden: dart matches browser render                         00:17 +985 ~1: /Users/denisnadey/apps/flutter_full_svg_support/test/golden_comparison/golden_comparison_test.dart: Golden Comparison Tests Golden: dart matches browser render                         00:17 +986 ~1: /Users/denisnadey/apps/flutter_full_svg_support/test/golden_comparison/golden_comparison_test.dart: Golden Comparison Tests Golden: dart matches browser render                         00:17 +987 ~1: /Users/denisnadey/apps/flutter_full_svg_support/test/golden_comparison/golden_comparison_test.dart: Golden Comparison Tests Golden: dart matches browser render                         00:17 +988 ~1: /Users/denisnadey/apps/flutter_full_svg_support/test/golden_comparison/golden_comparison_test.dart: Golden Comparison Tests Golden: dart matches browser render                         00:17 +989 ~1: /Users/denisnadey/apps/flutter_full_svg_support/test/golden_comparison/golden_comparison_test.dart: Golden Comparison Tests Golden: dart matches browser render                         00:17 +990 ~1: /Users/denisnadey/apps/flutter_full_svg_support/test/golden_comparison/golden_comparison_test.dart: Golden Comparison Tests Golden: dart matches browser render                         00:17 +991 ~1: /Users/denisnadey/apps/flutter_full_svg_support/test/golden_comparison/golden_comparison_test.dart: Golden Comparison Tests Golden: dart matches browser render                         00:17 +992 ~1: /Users/denisnadey/apps/flutter_full_svg_support/test/golden_comparison/golden_comparison_test.dart: Golden Comparison Tests Golden: dart matches browser render                         00:17 +993 ~1: /Users/denisnadey/apps/flutter_full_svg_support/test/golden_comparison/golden_comparison_test.dart: Golden Comparison Tests Golden: dart matches browser render                         00:17 +994 ~1: /Users/denisnadey/apps/flutter_full_svg_support/test/golden_comparison/golden_comparison_test.dart: Golden Comparison Tests Golden: dart matches browser render                         00:18 +994 ~1: /Users/denisnadey/apps/flutter_full_svg_support/test/golden_comparison/golden_comparison_test.dart: Golden Comparison Tests Golden: dart matches browser render                         00:18 +995 ~1: /Users/denisnadey/apps/flutter_full_svg_support/test/golden_comparison/golden_comparison_test.dart: Golden Comparison Tests Golden: dart matches browser render                         00:18 +996 ~1: /Users/denisnadey/apps/flutter_full_svg_support/test/golden_comparison/golden_comparison_test.dart: Golden Comparison Tests Golden: dart matches browser render                         00:18 +997 ~1: /Users/denisnadey/apps/flutter_full_svg_support/test/golden_comparison/golden_comparison_test.dart: Golden Comparison Tests Golden: dart matches browser render                         00:18 +998 ~1: /Users/denisnadey/apps/flutter_full_svg_support/test/golden_comparison/golden_comparison_test.dart: Golden Comparison Tests Golden: dart matches browser render                         00:18 +999 ~1: /Users/denisnadey/apps/flutter_full_svg_support/test/golden_comparison/golden_comparison_test.dart: Golden Comparison Tests Golden: dart matches browser render                         00:18 +1000 ~1: /Users/denisnadey/apps/flutter_full_svg_support/test/golden_comparison/golden_comparison_test.dart: Golden Comparison Tests Golden: dart matches browser render                        00:18 +1001 ~1: /Users/denisnadey/apps/flutter_full_svg_support/test/golden_comparison/golden_comparison_test.dart: Golden Comparison Tests Golden: dart matches browser render                        00:18 +1002 ~1: /Users/denisnadey/apps/flutter_full_svg_support/test/golden_comparison/golden_comparison_test.dart: Golden Comparison Tests Golden: dart matches browser render                        00:18 +1003 ~1: /Users/denisnadey/apps/flutter_full_svg_support/test/golden_comparison/golden_comparison_test.dart: Golden Comparison Tests Golden: dart matches browser render                        00:18 +1004 ~1: /Users/denisnadey/apps/flutter_full_svg_support/test/golden_comparison/golden_comparison_test.dart: Golden Comparison Tests Golden: dart matches browser render                        00:18 +1005 ~1: /Users/denisnadey/apps/flutter_full_svg_support/test/golden_comparison/golden_comparison_test.dart: Golden Comparison Tests Golden: dart matches browser render                        00:18 +1006 ~1: /Users/denisnadey/apps/flutter_full_svg_support/test/golden_comparison/golden_comparison_test.dart: Golden Comparison Tests Golden: dart matches browser render                        00:18 +1007 ~1: /Users/denisnadey/apps/flutter_full_svg_support/test/golden_comparison/golden_comparison_test.dart: Golden Comparison Tests Golden: dart matches browser render                        00:18 +1008 ~1: /Users/denisnadey/apps/flutter_full_svg_support/test/golden_comparison/golden_comparison_test.dart: Golden Comparison Tests Golden: dart matches browser render                        00:18 +1009 ~1: /Users/denisnadey/apps/flutter_full_svg_support/test/golden_comparison/golden_comparison_test.dart: Golden Comparison Tests Golden: dart matches browser render                        00:18 +1010 ~1: /Users/denisnadey/apps/flutter_full_svg_support/test/golden_comparison/golden_comparison_test.dart: Golden Comparison Tests Golden: dart matches browser render                        00:18 +1011 ~1: /Users/denisnadey/apps/flutter_full_svg_support/test/golden_comparison/golden_comparison_test.dart: Golden Comparison Tests Golden: dart matches browser render                        00:18 +1012 ~1: /Users/denisnadey/apps/flutter_full_svg_support/test/golden_comparison/golden_comparison_test.dart: Golden Comparison Tests Golden: dart matches browser render                        00:18 +1013 ~1: /Users/denisnadey/apps/flutter_full_svg_support/test/golden_comparison/golden_comparison_test.dart: Golden Comparison Tests Golden: dart matches browser render                        00:18 +1014 ~1: /Users/denisnadey/apps/flutter_full_svg_support/test/golden_comparison/golden_comparison_test.dart: Golden Comparison Tests Golden: dart matches browser render                        00:18 +1015 ~1: /Users/denisnadey/apps/flutter_full_svg_support/test/golden_comparison/golden_comparison_test.dart: Golden Comparison Tests Golden: dart matches browser render                        00:18 +1016 ~1: /Users/denisnadey/apps/flutter_full_svg_support/test/golden_comparison/golden_comparison_test.dart: Golden Comparison Tests Golden: dart matches browser render                        00:18 +1017 ~1: /Users/denisnadey/apps/flutter_full_svg_support/test/golden_comparison/golden_comparison_test.dart: Golden Comparison Tests Golden: dart matches browser render                        00:18 +1018 ~1: /Users/denisnadey/apps/flutter_full_svg_support/test/golden_comparison/golden_comparison_test.dart: Golden Comparison Tests Golden: dart matches browser render                        00:18 +1019 ~1: /Users/denisnadey/apps/flutter_full_svg_support/test/golden_comparison/golden_comparison_test.dart: Golden Comparison Tests Golden: dart matches browser render                        00:18 +1020 ~1: /Users/denisnadey/apps/flutter_full_svg_support/test/golden_comparison/golden_comparison_test.dart: Golden Comparison Tests Golden: dart matches browser render                        00:18 +1021 ~1: /Users/denisnadey/apps/flutter_full_svg_support/test/golden_comparison/golden_comparison_test.dart: Golden Comparison Tests Golden: dart matches browser render                        00:18 +1022 ~1: /Users/denisnadey/apps/flutter_full_svg_support/test/golden_comparison/golden_comparison_test.dart: Golden Comparison Tests Golden: dart matches browser render                        00:18 +1023 ~1: /Users/denisnadey/apps/flutter_full_svg_support/test/golden_comparison/golden_comparison_test.dart: Golden Comparison Tests Golden: dart matches browser render                        00:18 +1024 ~1: /Users/denisnadey/apps/flutter_full_svg_support/test/golden_comparison/golden_comparison_test.dart: Golden Comparison Tests Golden: dart matches browser render                        00:18 +1025 ~1: /Users/denisnadey/apps/flutter_full_svg_support/test/golden_comparison/golden_comparison_test.dart: Golden Comparison Tests Golden: dart matches browser render                        00:18 +1026 ~1: /Users/denisnadey/apps/flutter_full_svg_support/test/golden_comparison/golden_comparison_test.dart: Golden Comparison Tests Golden: dart matches browser render                        00:18 +1027 ~1: /Users/denisnadey/apps/flutter_full_svg_support/test/golden_comparison/golden_comparison_test.dart: Golden Comparison Tests Golden: dart matches browser render                        00:18 +1028 ~1: /Users/denisnadey/apps/flutter_full_svg_support/test/golden_comparison/golden_comparison_test.dart: Golden Comparison Tests Golden: dart matches browser render                        00:18 +1029 ~1: /Users/denisnadey/apps/flutter_full_svg_support/test/golden_comparison/golden_comparison_test.dart: Golden Comparison Tests Golden: dart matches browser render                        00:18 +1030 ~1: /Users/denisnadey/apps/flutter_full_svg_support/test/golden_comparison/golden_comparison_test.dart: Golden Comparison Tests Golden: dart matches browser render                        00:18 +1031 ~1: /Users/denisnadey/apps/flutter_full_svg_support/test/golden_comparison/golden_comparison_test.dart: Golden Comparison Tests Golden: dart matches browser render                        00:18 +1032 ~1: /Users/denisnadey/apps/flutter_full_svg_support/test/golden_comparison/golden_comparison_test.dart: Golden Comparison Tests Golden: dart matches browser render                        00:18 +1033 ~1: /Users/denisnadey/apps/flutter_full_svg_support/test/golden_comparison/golden_comparison_test.dart: Golden Comparison Tests Golden: dart matches browser render                        00:18 +1034 ~1: /Users/denisnadey/apps/flutter_full_svg_support/test/golden_comparison/golden_comparison_test.dart: Golden Comparison Tests Golden: dart matches browser render                        00:19 +1034 ~1: /Users/denisnadey/apps/flutter_full_svg_support/test/golden_comparison/golden_comparison_test.dart: Golden Comparison Tests Golden: dart matches browser render                        00:19 +1035 ~1: /Users/denisnadey/apps/flutter_full_svg_support/test/golden_comparison/golden_comparison_test.dart: Golden Comparison Tests Golden: dart matches browser render                        00:19 +1036 ~1: /Users/denisnadey/apps/flutter_full_svg_support/test/golden_comparison/golden_comparison_test.dart: Golden Comparison Tests Golden: dart matches browser render                        00:19 +1037 ~1: /Users/denisnadey/apps/flutter_full_svg_support/test/golden_comparison/golden_comparison_test.dart: Golden Comparison Tests Golden: dart matches browser render                        00:19 +1038 ~1: /Users/denisnadey/apps/flutter_full_svg_support/test/golden_comparison/golden_comparison_test.dart: Golden Comparison Tests Golden: dart matches browser render                        00:19 +1039 ~1: /Users/denisnadey/apps/flutter_full_svg_support/test/golden_comparison/golden_comparison_test.dart: Golden Comparison Tests Golden: dart matches browser render                        00:19 +1040 ~1: /Users/denisnadey/apps/flutter_full_svg_support/test/golden_comparison/golden_comparison_test.dart: Golden Comparison Tests Golden: dart matches browser render                        00:19 +1041 ~1: /Users/denisnadey/apps/flutter_full_svg_support/test/golden_comparison/golden_comparison_test.dart: Golden Comparison Tests Golden: dart matches browser render                        00:19 +1042 ~1: /Users/denisnadey/apps/flutter_full_svg_support/test/golden_comparison/golden_comparison_test.dart: Golden Comparison Tests Golden: dart matches browser render                        00:19 +1043 ~1: /Users/denisnadey/apps/flutter_full_svg_support/test/golden_comparison/golden_comparison_test.dart: Golden Comparison Tests Golden: dart matches browser render                        00:19 +1044 ~1: /Users/denisnadey/apps/flutter_full_svg_support/test/golden_comparison/golden_comparison_test.dart: Golden Comparison Tests Golden: dart matches browser render                        00:19 +1045 ~1: /Users/denisnadey/apps/flutter_full_svg_support/test/golden_comparison/golden_comparison_test.dart: Golden Comparison Tests Golden: dart matches browser render                        00:19 +1046 ~1: /Users/denisnadey/apps/flutter_full_svg_support/test/golden_comparison/golden_comparison_test.dart: Golden Comparison Tests Golden: dart matches browser render                        00:19 +1047 ~1: /Users/denisnadey/apps/flutter_full_svg_support/test/golden_comparison/golden_comparison_test.dart: Golden Comparison Tests Golden: dart matches browser render                        00:19 +1048 ~1: /Users/denisnadey/apps/flutter_full_svg_support/test/golden_comparison/golden_comparison_test.dart: Golden Comparison Tests Golden: dart matches browser render                        00:19 +1049 ~1: /Users/denisnadey/apps/flutter_full_svg_support/test/golden_comparison/golden_comparison_test.dart: Golden Comparison Tests Golden: dart matches browser render                        00:19 +1050 ~1: /Users/denisnadey/apps/flutter_full_svg_support/test/golden_comparison/golden_comparison_test.dart: Golden Comparison Tests Golden: dart matches browser render                        00:19 +1051 ~1: /Users/denisnadey/apps/flutter_full_svg_support/test/golden_comparison/golden_comparison_test.dart: Golden Comparison Tests Golden: dart matches browser render                        00:19 +1052 ~1: /Users/denisnadey/apps/flutter_full_svg_support/test/golden_comparison/golden_comparison_test.dart: Golden Comparison Tests Golden: dart matches browser render                        00:19 +1053 ~1: /Users/denisnadey/apps/flutter_full_svg_support/test/golden_comparison/golden_comparison_test.dart: Golden Comparison Tests Golden: dart matches browser render                        00:19 +1054 ~1: /Users/denisnadey/apps/flutter_full_svg_support/test/golden_comparison/golden_comparison_test.dart: Golden Comparison Tests Golden: dart matches browser render                        00:19 +1055 ~1: /Users/denisnadey/apps/flutter_full_svg_support/test/golden_comparison/golden_comparison_test.dart: Golden Comparison Tests Golden: dart matches browser render                        00:19 +1056 ~1: /Users/denisnadey/apps/flutter_full_svg_support/test/golden_comparison/golden_comparison_test.dart: Golden Comparison Tests Golden: dart matches browser render                        00:19 +1057 ~1: /Users/denisnadey/apps/flutter_full_svg_support/test/golden_comparison/golden_comparison_test.dart: Golden Comparison Tests Golden: dart matches browser render                        00:19 +1058 ~1: /Users/denisnadey/apps/flutter_full_svg_support/test/golden_comparison/golden_comparison_test.dart: Golden Comparison Tests Golden: dart matches browser render                        00:19 +1059 ~1: /Users/denisnadey/apps/flutter_full_svg_support/test/golden_comparison/golden_comparison_test.dart: Golden Comparison Tests Golden: dart matches browser render                        00:19 +1060 ~1: /Users/denisnadey/apps/flutter_full_svg_support/test/golden_comparison/golden_comparison_test.dart: Golden Comparison Tests Golden: dart matches browser render                        00:19 +1061 ~1: /Users/denisnadey/apps/flutter_full_svg_support/test/golden_comparison/golden_comparison_test.dart: Golden Comparison Tests Golden: dart matches browser render                        00:19 +1062 ~1: /Users/denisnadey/apps/flutter_full_svg_support/test/golden_comparison/golden_comparison_test.dart: Golden Comparison Tests Golden: dart matches browser render                        00:19 +1063 ~1: /Users/denisnadey/apps/flutter_full_svg_support/test/golden_comparison/golden_comparison_test.dart: Golden Comparison Tests Golden: dart matches browser render                        00:19 +1064 ~1: /Users/denisnadey/apps/flutter_full_svg_support/test/golden_comparison/golden_comparison_test.dart: Golden Comparison Tests Golden: dart matches browser render                        00:19 +1065 ~1: /Users/denisnadey/apps/flutter_full_svg_support/test/golden_comparison/golden_comparison_test.dart: Golden Comparison Tests Golden: dart matches browser render                        00:19 +1066 ~1: /Users/denisnadey/apps/flutter_full_svg_support/test/golden_comparison/golden_comparison_test.dart: Golden Comparison Tests Golden: dart matches browser render                        00:19 +1067 ~1: /Users/denisnadey/apps/flutter_full_svg_support/test/golden_comparison/golden_comparison_test.dart: Golden Comparison Tests Golden: dart matches browser render                        00:19 +1068 ~1: /Users/denisnadey/apps/flutter_full_svg_support/test/golden_comparison/golden_comparison_test.dart: Golden Comparison Tests Golden: dart matches browser render                        00:19 +1069 ~1: /Users/denisnadey/apps/flutter_full_svg_support/test/golden_comparison/golden_comparison_test.dart: Golden Comparison Tests Golden: dart matches browser render                        00:19 +1070 ~1: /Users/denisnadey/apps/flutter_full_svg_support/test/golden_comparison/golden_comparison_test.dart: Golden Comparison Tests Golden: dart matches browser render                        00:19 +1071 ~1: /Users/denisnadey/apps/flutter_full_svg_support/test/golden_comparison/golden_comparison_test.dart: Golden Comparison Tests Golden: dart matches browser render                        00:19 +1072 ~1: /Users/denisnadey/apps/flutter_full_svg_support/test/golden_comparison/golden_comparison_test.dart: Golden Comparison Tests Golden: dart matches browser render                        00:19 +1073 ~1: /Users/denisnadey/apps/flutter_full_svg_support/test/golden_comparison/golden_comparison_test.dart: Golden Comparison Tests Golden: dart matches browser render                        00:19 +1074 ~1: /Users/denisnadey/apps/flutter_full_svg_support/test/golden_comparison/golden_comparison_test.dart: Golden Comparison Tests Golden: dart matches browser render                        00:19 +1075 ~1: /Users/denisnadey/apps/flutter_full_svg_support/test/golden_comparison/golden_comparison_test.dart: Golden Comparison Tests Golden: dart matches browser render                        00:19 +1076 ~1: /Users/denisnadey/apps/flutter_full_svg_support/test/golden_comparison/golden_comparison_test.dart: Golden Comparison Tests Golden: dart matches browser render                        00:19 +1077 ~1: /Users/denisnadey/apps/flutter_full_svg_support/test/golden_comparison/golden_comparison_test.dart: Golden Comparison Tests Golden: dart matches browser render                        00:19 +1078 ~1: /Users/denisnadey/apps/flutter_full_svg_support/test/golden_comparison/golden_comparison_test.dart: Golden Comparison Tests Golden: dart matches browser render                        00:19 +1079 ~1: /Users/denisnadey/apps/flutter_full_svg_support/test/golden_comparison/golden_comparison_test.dart: Golden Comparison Tests Golden: dart matches browser render                        00:19 +1080 ~1: /Users/denisnadey/apps/flutter_full_svg_support/test/golden_comparison/golden_comparison_test.dart: Golden Comparison Tests Golden: dart matches browser render                        00:19 +1081 ~1: /Users/denisnadey/apps/flutter_full_svg_support/test/golden_comparison/golden_comparison_test.dart: Golden Comparison Tests Golden: dart matches browser render                        00:19 +1082 ~1: /Users/denisnadey/apps/flutter_full_svg_support/test/golden_comparison/golden_comparison_test.dart: Golden Comparison Tests Golden: dart matches browser render                        00:19 +1083 ~1: /Users/denisnadey/apps/flutter_full_svg_support/test/golden_comparison/golden_comparison_test.dart: Golden Comparison Tests Golden: dart matches browser render                        00:19 +1084 ~1: /Users/denisnadey/apps/flutter_full_svg_support/test/golden_comparison/golden_comparison_test.dart: Golden Comparison Tests Golden: dart matches browser render                        00:19 +1085 ~1: /Users/denisnadey/apps/flutter_full_svg_support/test/golden_comparison/golden_comparison_test.dart: Golden Comparison Tests Golden: dart matches browser render                        00:19 +1086 ~1: /Users/denisnadey/apps/flutter_full_svg_support/test/golden_comparison/golden_comparison_test.dart: Golden Comparison Tests Golden: dart matches browser render                        00:19 +1087 ~1: /Users/denisnadey/apps/flutter_full_svg_support/test/golden_comparison/golden_comparison_test.dart: Golden Comparison Tests Golden: dart matches browser render                        00:19 +1088 ~1: /Users/denisnadey/apps/flutter_full_svg_support/test/golden_comparison/golden_comparison_test.dart: Golden Comparison Tests Golden: dart matches browser render                        00:19 +1089 ~1: /Users/denisnadey/apps/flutter_full_svg_support/test/golden_comparison/golden_comparison_test.dart: Golden Comparison Tests Golden: dart matches browser render                        00:20 +1089 ~1: /Users/denisnadey/apps/flutter_full_svg_support/test/golden_comparison/golden_comparison_test.dart: Golden Comparison Tests Golden: dart matches browser render                        00:20 +1090 ~1: /Users/denisnadey/apps/flutter_full_svg_support/test/golden_comparison/golden_comparison_test.dart: Golden Comparison Tests Golden: dart matches browser render                        00:20 +1091 ~1: /Users/denisnadey/apps/flutter_full_svg_support/test/golden_comparison/golden_comparison_test.dart: Golden Comparison Tests Golden: dart matches browser render                        00:20 +1092 ~1: /Users/denisnadey/apps/flutter_full_svg_support/test/golden_comparison/golden_comparison_test.dart: Golden Comparison Tests Golden: dart matches browser render                        00:20 +1093 ~1: /Users/denisnadey/apps/flutter_full_svg_support/test/golden_comparison/golden_comparison_test.dart: Golden Comparison Tests Golden: dart matches browser render                        00:20 +1094 ~1: /Users/denisnadey/apps/flutter_full_svg_support/test/golden_comparison/golden_comparison_test.dart: Golden Comparison Tests Golden: dart matches browser render                        00:20 +1095 ~1: /Users/denisnadey/apps/flutter_full_svg_support/test/golden_comparison/golden_comparison_test.dart: Golden Comparison Tests Golden: dart matches browser render                        00:20 +1096 ~1: /Users/denisnadey/apps/flutter_full_svg_support/test/golden_comparison/golden_comparison_test.dart: Golden Comparison Tests Golden: dart matches browser render                        00:20 +1097 ~1: /Users/denisnadey/apps/flutter_full_svg_support/test/golden_comparison/golden_comparison_test.dart: Golden Comparison Tests Golden: dart matches browser render                        00:20 +1098 ~1: /Users/denisnadey/apps/flutter_full_svg_support/test/golden_comparison/golden_comparison_test.dart: Golden Comparison Tests Golden: dart matches browser render                        00:20 +1099 ~1: /Users/denisnadey/apps/flutter_full_svg_support/test/golden_comparison/golden_comparison_test.dart: Golden Comparison Tests Golden: dart matches browser render                        00:20 +1100 ~1: /Users/denisnadey/apps/flutter_full_svg_support/test/golden_comparison/golden_comparison_test.dart: Golden Comparison Tests Golden: dart matches browser render                        00:20 +1101 ~1: /Users/denisnadey/apps/flutter_full_svg_support/test/golden_comparison/golden_comparison_test.dart: Golden Comparison Tests Golden: dart matches browser render                        00:20 +1102 ~1: /Users/denisnadey/apps/flutter_full_svg_support/test/golden_comparison/golden_comparison_test.dart: Golden Comparison Tests Golden: dart matches browser render                        00:20 +1103 ~1: /Users/denisnadey/apps/flutter_full_svg_support/test/golden_comparison/golden_comparison_test.dart: Golden Comparison Tests Golden: dart matches browser render                        00:20 +1104 ~1: /Users/denisnadey/apps/flutter_full_svg_support/test/golden_comparison/golden_comparison_test.dart: Golden Comparison Tests Golden: dart matches browser render                        00:20 +1105 ~1: /Users/denisnadey/apps/flutter_full_svg_support/test/golden_comparison/golden_comparison_test.dart: Golden Comparison Tests Golden: dart matches browser render                        00:20 +1106 ~1: /Users/denisnadey/apps/flutter_full_svg_support/test/golden_comparison/golden_comparison_test.dart: Golden Comparison Tests Golden: dart matches browser render                        00:20 +1107 ~1: /Users/denisnadey/apps/flutter_full_svg_support/test/golden_comparison/golden_comparison_test.dart: Golden Comparison Tests Golden: dart matches browser render                        00:20 +1108 ~1: /Users/denisnadey/apps/flutter_full_svg_support/test/golden_comparison/golden_comparison_test.dart: Golden Comparison Tests Golden: dart matches browser render                        00:20 +1109 ~1: /Users/denisnadey/apps/flutter_full_svg_support/test/golden_comparison/golden_comparison_test.dart: Golden Comparison Tests Golden: dart matches browser render                        00:20 +1110 ~1: /Users/denisnadey/apps/flutter_full_svg_support/test/golden_comparison/golden_comparison_test.dart: Golden Comparison Tests Golden: dart matches browser render                        00:20 +1111 ~1: /Users/denisnadey/apps/flutter_full_svg_support/test/golden_comparison/golden_comparison_test.dart: Golden Comparison Tests Golden: dart matches browser render                        00:20 +1112 ~1: /Users/denisnadey/apps/flutter_full_svg_support/test/golden_comparison/golden_comparison_test.dart: Golden Comparison Tests Golden: dart matches browser render                        00:20 +1113 ~1: /Users/denisnadey/apps/flutter_full_svg_support/test/golden_comparison/golden_comparison_test.dart: Golden Comparison Tests Golden: dart matches browser render                        00:20 +1114 ~1: /Users/denisnadey/apps/flutter_full_svg_support/test/golden_comparison/golden_comparison_test.dart: Golden Comparison Tests Golden: dart matches browser render                        00:20 +1115 ~1: /Users/denisnadey/apps/flutter_full_svg_support/test/golden_comparison/golden_comparison_test.dart: Golden Comparison Tests Golden: dart matches browser render                        00:20 +1116 ~1: /Users/denisnadey/apps/flutter_full_svg_support/test/golden_comparison/golden_comparison_test.dart: Golden Comparison Tests Golden: dart matches browser render                        00:20 +1117 ~1: /Users/denisnadey/apps/flutter_full_svg_support/test/golden_comparison/golden_comparison_test.dart: Golden Comparison Tests Golden: dart matches browser render                        00:20 +1118 ~1: /Users/denisnadey/apps/flutter_full_svg_support/test/golden_comparison/golden_comparison_test.dart: Golden Comparison Tests Golden: dart matches browser render                        00:20 +1119 ~1: /Users/denisnadey/apps/flutter_full_svg_support/test/golden_comparison/golden_comparison_test.dart: Golden Comparison Tests Golden: dart matches browser render                        00:20 +1120 ~1: /Users/denisnadey/apps/flutter_full_svg_support/test/golden_comparison/golden_comparison_test.dart: Golden Comparison Tests Golden: dart matches browser render                        00:20 +1121 ~1: /Users/denisnadey/apps/flutter_full_svg_support/test/golden_comparison/golden_comparison_test.dart: Golden Comparison Tests Golden: dart matches browser render                        00:20 +1122 ~1: /Users/denisnadey/apps/flutter_full_svg_support/test/golden_comparison/golden_comparison_test.dart: Golden Comparison Tests Golden: dart matches browser render                        00:20 +1123 ~1: /Users/denisnadey/apps/flutter_full_svg_support/test/golden_comparison/golden_comparison_test.dart: Golden Comparison Tests Golden: dart matches browser render                        00:20 +1124 ~1: /Users/denisnadey/apps/flutter_full_svg_support/test/golden_comparison/golden_comparison_test.dart: Golden Comparison Tests Golden: dart matches browser render                        00:20 +1125 ~1: /Users/denisnadey/apps/flutter_full_svg_support/test/golden_comparison/golden_comparison_test.dart: Golden Comparison Tests Golden: dart matches browser render                        00:20 +1126 ~1: /Users/denisnadey/apps/flutter_full_svg_support/test/golden_comparison/golden_comparison_test.dart: Golden Comparison Tests Golden: dart matches browser render                        00:20 +1127 ~1: /Users/denisnadey/apps/flutter_full_svg_support/test/golden_comparison/golden_comparison_test.dart: Golden Comparison Tests Golden: dart matches browser render                        00:20 +1128 ~1: /Users/denisnadey/apps/flutter_full_svg_support/test/golden_comparison/golden_comparison_test.dart: Golden Comparison Tests Golden: dart matches browser render                        00:20 +1129 ~1: /Users/denisnadey/apps/flutter_full_svg_support/test/golden_comparison/golden_comparison_test.dart: Golden Comparison Tests Golden: dart matches browser render                        00:20 +1130 ~1: /Users/denisnadey/apps/flutter_full_svg_support/test/golden_comparison/golden_comparison_test.dart: Golden Comparison Tests Golden: dart matches browser render                        00:20 +1131 ~1: /Users/denisnadey/apps/flutter_full_svg_support/test/golden_comparison/golden_comparison_test.dart: Golden Comparison Tests Golden: dart matches browser render                        00:20 +1132 ~1: /Users/denisnadey/apps/flutter_full_svg_support/test/golden_comparison/golden_comparison_test.dart: Golden Comparison Tests Golden: dart matches browser render                        00:20 +1133 ~1: /Users/denisnadey/apps/flutter_full_svg_support/test/golden_comparison/golden_comparison_test.dart: Golden Comparison Tests Golden: dart matches browser render                        00:20 +1134 ~1: /Users/denisnadey/apps/flutter_full_svg_support/test/golden_comparison/golden_comparison_test.dart: Golden Comparison Tests Golden: dart matches browser render                        00:20 +1135 ~1: /Users/denisnadey/apps/flutter_full_svg_support/test/golden_comparison/golden_comparison_test.dart: Golden Comparison Tests Golden: dart matches browser render                        00:20 +1136 ~1: /Users/denisnadey/apps/flutter_full_svg_support/test/golden_comparison/golden_comparison_test.dart: Golden Comparison Tests Golden: dart matches browser render                        00:20 +1137 ~1: /Users/denisnadey/apps/flutter_full_svg_support/test/golden_comparison/golden_comparison_test.dart: Golden Comparison Tests Golden: dart matches browser render                        00:20 +1138 ~1: /Users/denisnadey/apps/flutter_full_svg_support/test/golden_comparison/golden_comparison_test.dart: Golden Comparison Tests Golden: dart matches browser render                        00:20 +1139 ~1: /Users/denisnadey/apps/flutter_full_svg_support/test/golden_comparison/golden_comparison_test.dart: Golden Comparison Tests Golden: dart matches browser render                        00:20 +1140 ~1: /Users/denisnadey/apps/flutter_full_svg_support/test/golden_comparison/golden_comparison_test.dart: Golden Comparison Tests Golden: dart matches browser render                        00:20 +1141 ~1: /Users/denisnadey/apps/flutter_full_svg_support/test/golden_comparison/golden_comparison_test.dart: Golden Comparison Tests Golden: dart matches browser render                        00:20 +1142 ~1: /Users/denisnadey/apps/flutter_full_svg_support/test/golden_comparison/golden_comparison_test.dart: Golden Comparison Tests Golden: dart matches browser render                        00:20 +1143 ~1: /Users/denisnadey/apps/flutter_full_svg_support/test/golden_comparison/golden_comparison_test.dart: Golden Comparison Tests Golden: dart matches browser render                        00:20 +1144 ~1: /Users/denisnadey/apps/flutter_full_svg_support/test/golden_comparison/golden_comparison_test.dart: Golden Comparison Tests Golden: dart matches browser render                        00:20 +1145 ~1: /Users/denisnadey/apps/flutter_full_svg_support/test/golden_comparison/golden_comparison_test.dart: Golden Comparison Tests Golden: dart matches browser render                        00:20 +1146 ~1: /Users/denisnadey/apps/flutter_full_svg_support/test/golden_comparison/golden_comparison_test.dart: Golden Comparison Tests Golden: dart matches browser render                        00:20 +1147 ~1: /Users/denisnadey/apps/flutter_full_svg_support/test/golden_comparison/golden_comparison_test.dart: Golden Comparison Tests Golden: dart matches browser render                        00:20 +1148 ~1: /Users/denisnadey/apps/flutter_full_svg_support/test/golden_comparison/golden_comparison_test.dart: Golden Comparison Tests Golden: dart matches browser render                        00:20 +1149 ~1: /Users/denisnadey/apps/flutter_full_svg_support/test/golden_comparison/golden_comparison_test.dart: Golden Comparison Tests Golden: dart matches browser render                        00:20 +1150 ~1: /Users/denisnadey/apps/flutter_full_svg_support/test/golden_comparison/golden_comparison_test.dart: Golden Comparison Tests Golden: dart matches browser render                        00:20 +1151 ~1: /Users/denisnadey/apps/flutter_full_svg_support/test/golden_comparison/golden_comparison_test.dart: Golden Comparison Tests Golden: dart matches browser render                        00:20 +1152 ~1: /Users/denisnadey/apps/flutter_full_svg_support/test/golden_comparison/golden_comparison_test.dart: Golden Comparison Tests Golden: dart matches browser render                        00:20 +1153 ~1: /Users/denisnadey/apps/flutter_full_svg_support/test/golden_comparison/golden_comparison_test.dart: Golden Comparison Tests Golden: dart matches browser render                        00:20 +1154 ~1: /Users/denisnadey/apps/flutter_full_svg_support/test/golden_comparison/golden_comparison_test.dart: Golden Comparison Tests Golden: dart matches browser render                        00:20 +1155 ~1: /Users/denisnadey/apps/flutter_full_svg_support/test/golden_comparison/golden_comparison_test.dart: Golden Comparison Tests Golden: dart matches browser render                        00:20 +1156 ~1: /Users/denisnadey/apps/flutter_full_svg_support/test/golden_comparison/golden_comparison_test.dart: Golden Comparison Tests Golden: dart matches browser render                        00:20 +1157 ~1: /Users/denisnadey/apps/flutter_full_svg_support/test/golden_comparison/golden_comparison_test.dart: Golden Comparison Tests Golden: dart matches browser render                        00:20 +1158 ~1: /Users/denisnadey/apps/flutter_full_svg_support/test/golden_comparison/golden_comparison_test.dart: Golden Comparison Tests Golden: dart matches browser render                        00:20 +1159 ~1: /Users/denisnadey/apps/flutter_full_svg_support/test/golden_comparison/golden_comparison_test.dart: Golden Comparison Tests Golden: dart matches browser render                        00:20 +1160 ~1: /Users/denisnadey/apps/flutter_full_svg_support/test/golden_comparison/golden_comparison_test.dart: Golden Comparison Tests Golden: dart matches browser render                        00:20 +1161 ~1: /Users/denisnadey/apps/flutter_full_svg_support/test/golden_comparison/golden_comparison_test.dart: Golden Comparison Tests Golden: dart matches browser render                        00:20 +1162 ~1: /Users/denisnadey/apps/flutter_full_svg_support/test/golden_comparison/golden_comparison_test.dart: Golden Comparison Tests Golden: dart matches browser render                        00:20 +1163 ~1: /Users/denisnadey/apps/flutter_full_svg_support/test/golden_comparison/golden_comparison_test.dart: Golden Comparison Tests Golden: dart matches browser render                        00:20 +1164 ~1: /Users/denisnadey/apps/flutter_full_svg_support/test/golden_comparison/golden_comparison_test.dart: Golden Comparison Tests Golden: dart matches browser render                        00:20 +1165 ~1: /Users/denisnadey/apps/flutter_full_svg_support/test/golden_comparison/golden_comparison_test.dart: Golden Comparison Tests Golden: dart matches browser render                        00:20 +1166 ~1: /Users/denisnadey/apps/flutter_full_svg_support/test/golden_comparison/golden_comparison_test.dart: Golden Comparison Tests Golden: dart matches browser render                        00:20 +1167 ~1: /Users/denisnadey/apps/flutter_full_svg_support/test/golden_comparison/golden_comparison_test.dart: Golden Comparison Tests Golden: dart matches browser render                        00:20 +1168 ~1: /Users/denisnadey/apps/flutter_full_svg_support/test/golden_comparison/golden_comparison_test.dart: Golden Comparison Tests Golden: dart matches browser render                        00:20 +1169 ~1: /Users/denisnadey/apps/flutter_full_svg_support/test/golden_comparison/golden_comparison_test.dart: Golden Comparison Tests Golden: dart matches browser render                        00:20 +1170 ~1: /Users/denisnadey/apps/flutter_full_svg_support/test/golden_comparison/golden_comparison_test.dart: Golden Comparison Tests Golden: dart matches browser render                        00:20 +1171 ~1: /Users/denisnadey/apps/flutter_full_svg_support/test/golden_comparison/golden_comparison_test.dart: Golden Comparison Tests Golden: dart matches browser render                        00:20 +1172 ~1: /Users/denisnadey/apps/flutter_full_svg_support/test/golden_comparison/golden_comparison_test.dart: Golden Comparison Tests Golden: dart matches browser render                        00:20 +1173 ~1: /Users/denisnadey/apps/flutter_full_svg_support/test/golden_comparison/golden_comparison_test.dart: Golden Comparison Tests Golden: dart matches browser render                        00:20 +1174 ~1: /Users/denisnadey/apps/flutter_full_svg_support/test/golden_comparison/golden_comparison_test.dart: Golden Comparison Tests Golden: dart matches browser render                        00:20 +1175 ~1: /Users/denisnadey/apps/flutter_full_svg_support/test/golden_comparison/golden_comparison_test.dart: Golden Comparison Tests Golden: dart matches browser render                        00:20 +1176 ~1: /Users/denisnadey/apps/flutter_full_svg_support/test/golden_comparison/golden_comparison_test.dart: Golden Comparison Tests Golden: dart matches browser render                        00:20 +1177 ~1: /Users/denisnadey/apps/flutter_full_svg_support/test/golden_comparison/golden_comparison_test.dart: Golden Comparison Tests Golden: dart matches browser render                        00:20 +1178 ~1: /Users/denisnadey/apps/flutter_full_svg_support/test/golden_comparison/golden_comparison_test.dart: Golden Comparison Tests Golden: dart matches browser render                        00:20 +1179 ~1: /Users/denisnadey/apps/flutter_full_svg_support/test/golden_comparison/golden_comparison_test.dart: Golden Comparison Tests Golden: dart matches browser render                        00:20 +1180 ~1: /Users/denisnadey/apps/flutter_full_svg_support/test/golden_comparison/golden_comparison_test.dart: Golden Comparison Tests Golden: dart matches browser render                        00:20 +1181 ~1: /Users/denisnadey/apps/flutter_full_svg_support/test/golden_comparison/golden_comparison_test.dart: Golden Comparison Tests Golden: dart matches browser render                        00:20 +1182 ~1: /Users/denisnadey/apps/flutter_full_svg_support/test/golden_comparison/golden_comparison_test.dart: Golden Comparison Tests Golden: dart matches browser render                        00:20 +1183 ~1: /Users/denisnadey/apps/flutter_full_svg_support/test/golden_comparison/golden_comparison_test.dart: Golden Comparison Tests Golden: dart matches browser render                        00:20 +1184 ~1: /Users/denisnadey/apps/flutter_full_svg_support/test/golden_comparison/golden_comparison_test.dart: Golden Comparison Tests Golden: dart matches browser render                        00:20 +1185 ~1: /Users/denisnadey/apps/flutter_full_svg_support/test/golden_comparison/golden_comparison_test.dart: Golden Comparison Tests Golden: dart matches browser render                        00:20 +1186 ~1: /Users/denisnadey/apps/flutter_full_svg_support/test/golden_comparison/golden_comparison_test.dart: Golden Comparison Tests Golden: dart matches browser render                        00:20 +1187 ~1: /Users/denisnadey/apps/flutter_full_svg_support/test/golden_comparison/golden_comparison_test.dart: Golden Comparison Tests Golden: dart matches browser render                        00:20 +1188 ~1: /Users/denisnadey/apps/flutter_full_svg_support/test/golden_comparison/golden_comparison_test.dart: Golden Comparison Tests Golden: dart matches browser render                        00:20 +1189 ~1: /Users/denisnadey/apps/flutter_full_svg_support/test/golden_comparison/golden_comparison_test.dart: Golden Comparison Tests Golden: dart matches browser render                        00:20 +1190 ~1: /Users/denisnadey/apps/flutter_full_svg_support/test/golden_comparison/golden_comparison_test.dart: Golden Comparison Tests Golden: dart matches browser render                        00:20 +1191 ~1: /Users/denisnadey/apps/flutter_full_svg_support/test/golden_comparison/golden_comparison_test.dart: Golden Comparison Tests Golden: dart matches browser render                        00:20 +1192 ~1: /Users/denisnadey/apps/flutter_full_svg_support/test/golden_comparison/golden_comparison_test.dart: Golden Comparison Tests Golden: dart matches browser render                        00:20 +1193 ~1: /Users/denisnadey/apps/flutter_full_svg_support/test/golden_comparison/golden_comparison_test.dart: Golden Comparison Tests Golden: dart matches browser render                        00:20 +1194 ~1: /Users/denisnadey/apps/flutter_full_svg_support/test/golden_comparison/golden_comparison_test.dart: Golden Comparison Tests Golden: dart matches browser render                        00:20 +1195 ~1: /Users/denisnadey/apps/flutter_full_svg_support/test/golden_comparison/golden_comparison_test.dart: Golden Comparison Tests Golden: dart matches browser render                        00:20 +1196 ~1: /Users/denisnadey/apps/flutter_full_svg_support/test/golden_comparison/golden_comparison_test.dart: Golden Comparison Tests Golden: dart matches browser render                        00:20 +1197 ~1: /Users/denisnadey/apps/flutter_full_svg_support/test/golden_comparison/golden_comparison_test.dart: Golden Comparison Tests Golden: dart matches browser render                        00:20 +1198 ~1: /Users/denisnadey/apps/flutter_full_svg_support/test/golden_comparison/golden_comparison_test.dart: Golden Comparison Tests Golden: dart matches browser render                        00:20 +1199 ~1: /Users/denisnadey/apps/flutter_full_svg_support/test/golden_comparison/golden_comparison_test.dart: Golden Comparison Tests Golden: dart matches browser render                        00:20 +1200 ~1: /Users/denisnadey/apps/flutter_full_svg_support/test/golden_comparison/golden_comparison_test.dart: Golden Comparison Tests Golden: dart matches browser render                        00:21 +1200 ~1: /Users/denisnadey/apps/flutter_full_svg_support/test/golden_comparison/golden_comparison_test.dart: Golden Comparison Tests Golden: dart matches browser render                        00:21 +1201 ~1: /Users/denisnadey/apps/flutter_full_svg_support/test/golden_comparison/golden_comparison_test.dart: Golden Comparison Tests Golden: dart matches browser render                        00:21 +1202 ~1: /Users/denisnadey/apps/flutter_full_svg_support/test/golden_comparison/golden_comparison_test.dart: Golden Comparison Tests Golden: dart matches browser render                        00:21 +1203 ~1: /Users/denisnadey/apps/flutter_full_svg_support/test/golden_comparison/golden_comparison_test.dart: Golden Comparison Tests Golden: dart matches browser render                        00:21 +1204 ~1: /Users/denisnadey/apps/flutter_full_svg_support/test/golden_comparison/golden_comparison_test.dart: Golden Comparison Tests Golden: dart matches browser render                        00:21 +1205 ~1: /Users/denisnadey/apps/flutter_full_svg_support/test/golden_comparison/golden_comparison_test.dart: Golden Comparison Tests Golden: dart matches browser render                        00:21 +1206 ~1: /Users/denisnadey/apps/flutter_full_svg_support/test/golden_comparison/golden_comparison_test.dart: Golden Comparison Tests Golden: dart matches browser render                        00:21 +1207 ~1: /Users/denisnadey/apps/flutter_full_svg_support/test/golden_comparison/golden_comparison_test.dart: Golden Comparison Tests Golden: dart matches browser render                        00:21 +1208 ~1: /Users/denisnadey/apps/flutter_full_svg_support/test/golden_comparison/golden_comparison_test.dart: Golden Comparison Tests Golden: dart matches browser render                        00:21 +1209 ~1: /Users/denisnadey/apps/flutter_full_svg_support/test/golden_comparison/golden_comparison_test.dart: Golden Comparison Tests Golden: dart matches browser render                        00:21 +1210 ~1: /Users/denisnadey/apps/flutter_full_svg_support/test/golden_comparison/golden_comparison_test.dart: Golden Comparison Tests Golden: dart matches browser render                        00:21 +1211 ~1: /Users/denisnadey/apps/flutter_full_svg_support/test/golden_comparison/golden_comparison_test.dart: Golden Comparison Tests Golden: dart matches browser render                        00:21 +1212 ~1: /Users/denisnadey/apps/flutter_full_svg_support/test/golden_comparison/golden_comparison_test.dart: Golden Comparison Tests Golden: dart matches browser render                        00:21 +1213 ~1: /Users/denisnadey/apps/flutter_full_svg_support/test/golden_comparison/golden_comparison_test.dart: Golden Comparison Tests Golden: dart matches browser render                        00:21 +1214 ~1: /Users/denisnadey/apps/flutter_full_svg_support/test/golden_comparison/golden_comparison_test.dart: Golden Comparison Tests Golden: dart matches browser render                        00:21 +1215 ~1: /Users/denisnadey/apps/flutter_full_svg_support/test/golden_comparison/golden_comparison_test.dart: Golden Comparison Tests Golden: dart matches browser render                        00:21 +1216 ~1: /Users/denisnadey/apps/flutter_full_svg_support/test/golden_comparison/golden_comparison_test.dart: Golden Comparison Tests Golden: dart matches browser render                        00:21 +1217 ~1: /Users/denisnadey/apps/flutter_full_svg_support/test/golden_comparison/golden_comparison_test.dart: Golden Comparison Tests Golden: dart matches browser render                        00:21 +1218 ~1: /Users/denisnadey/apps/flutter_full_svg_support/test/golden_comparison/golden_comparison_test.dart: Golden Comparison Tests Golden: dart matches browser render                        00:21 +1219 ~1: /Users/denisnadey/apps/flutter_full_svg_support/test/golden_comparison/golden_comparison_test.dart: Golden Comparison Tests Golden: dart matches browser render                        00:21 +1219 ~1: /Users/denisnadey/apps/flutter_full_svg_support/test/animation/hit_test_advanced_test.dart: Advanced Hit-Testing stroke-linecap hit regions stroke-linecap:round expands hit region at endpoints
Image size: 800x600
Image size: 800x600
00:21 +1220 ~1: /Users/denisnadey/apps/flutter_full_svg_support/test/golden_comparison/golden_comparison_test.dart: Golden Comparison Tests Golden: dart matches browser render                        00:21 +1220 ~1: /Users/denisnadey/apps/flutter_full_svg_support/test/animation/hit_test_advanced_test.dart: Advanced Hit-Testing stroke-linecap hit regions stroke-linecap:butt does not expand hit region at endpoints
Image size: 800x600
Image size: 800x600
00:21 +1221 ~1: /Users/denisnadey/apps/flutter_full_svg_support/test/golden_comparison/golden_comparison_test.dart: Golden Comparison Tests Golden: dart matches browser render                        00:21 +1222 ~1: /Users/denisnadey/apps/flutter_full_svg_support/test/golden_comparison/golden_comparison_test.dart: Golden Comparison Tests Golden: dart matches browser render                        00:21 +1223 ~1: /Users/denisnadey/apps/flutter_full_svg_support/test/golden_comparison/golden_comparison_test.dart: Golden Comparison Tests Golden: dart matches browser render                        00:21 +1223 ~1: /Users/denisnadey/apps/flutter_full_svg_support/test/animation/hit_test_advanced_test.dart: Advanced Hit-Testing stroke-width expansion large stroke-width expands hit region proportionally
Image size: 800x600
00:21 +1224 ~1: /Users/denisnadey/apps/flutter_full_svg_support/test/golden_comparison/golden_comparison_test.dart: Golden Comparison Tests Golden: dart matches browser render                        00:21 +1224 ~1: /Users/denisnadey/apps/flutter_full_svg_support/test/animation/hit_test_advanced_test.dart: Advanced Hit-Testing stroke-width expansion large stroke-width expands hit region proportionally
Image size: 800x600
00:22 +1225 ~1: /Users/denisnadey/apps/flutter_full_svg_support/test/golden_comparison/golden_comparison_test.dart: Golden Comparison Tests Golden: dart matches browser render                        00:22 +1226 ~1: /Users/denisnadey/apps/flutter_full_svg_support/test/golden_comparison/golden_comparison_test.dart: Golden Comparison Tests Golden: dart matches browser render                        00:22 +1227 ~1: /Users/denisnadey/apps/flutter_full_svg_support/test/golden_comparison/golden_comparison_test.dart: Golden Comparison Tests Golden: dart matches browser render                        00:22 +1228 ~1: /Users/denisnadey/apps/flutter_full_svg_support/test/golden_comparison/golden_comparison_test.dart: Golden Comparison Tests Golden: dart matches browser render                        00:22 +1229 ~1: /Users/denisnadey/apps/flutter_full_svg_support/test/golden_comparison/golden_comparison_test.dart: Golden Comparison Tests Golden: dart matches browser render                        00:22 +1229 ~1: /Users/denisnadey/apps/flutter_full_svg_support/test/animation/hit_test_advanced_test.dart: Advanced Hit-Testing clip-path hit-testing element with clipPath only hittable inside clip region
Image size: 800x600
Image size: 800x600
Image size: 800x600
00:22 +1230 ~1: /Users/denisnadey/apps/flutter_full_svg_support/test/golden_comparison/golden_comparison_test.dart: Golden Comparison Tests Golden: dart matches browser render                        00:22 +1230 ~1: /Users/denisnadey/apps/flutter_full_svg_support/test/animation/hit_test_advanced_test.dart: Advanced Hit-Testing mask alpha hit-testing transparent mask regions are not hittable      
Image size: 800x600
Image size: 800x600
Image size: 800x600
00:22 +1231 ~1: /Users/denisnadey/apps/flutter_full_svg_support/test/golden_comparison/golden_comparison_test.dart: Golden Comparison Tests Golden: dart matches browser render                        00:22 +1231 ~1: /Users/denisnadey/apps/flutter_full_svg_support/test/animation/hit_test_advanced_test.dart: Advanced Hit-Testing pointer-events edge cases visibility:hidden with pointer-events:painted is not hittable
Image size: 800x600
Image size: 800x600
00:22 +1232 ~1: /Users/denisnadey/apps/flutter_full_svg_support/test/golden_comparison/golden_comparison_test.dart: Golden Comparison Tests Golden: dart matches browser render                        00:22 +1232 ~1: /Users/denisnadey/apps/flutter_full_svg_support/test/animation/advanced_mask_test.dart: Luminosity Masking 1. Luminosity mask with white content (fully visible)                       
Image size: 800x600
00:22 +1232 ~1: /Users/denisnadey/apps/flutter_full_svg_support/test/golden_comparison/golden_comparison_test.dart: Golden Comparison Tests Golden: dart matches browser render                        00:22 +1232 ~1: /Users/denisnadey/apps/flutter_full_svg_support/test/animation/hit_test_advanced_test.dart: Advanced Hit-Testing pointer-events edge cases visibility:hidden with pointer-events:visible is not hittable
Image size: 800x600
Image size: 800x600
00:22 +1233 ~1: /Users/denisnadey/apps/flutter_full_svg_support/test/golden_comparison/golden_comparison_test.dart: Golden Comparison Tests Golden: dart matches browser render                        00:22 +1234 ~1: /Users/denisnadey/apps/flutter_full_svg_support/test/golden_comparison/golden_comparison_test.dart: Golden Comparison Tests Golden: dart matches browser render                        00:22 +1234 ~1: /Users/denisnadey/apps/flutter_full_svg_support/test/animation/hit_test_advanced_test.dart: Advanced Hit-Testing pointer-events edge cases display:none is never hittable regardless of pointer-events
Image size: 800x600
Image size: 800x600
00:22 +1235 ~1: /Users/denisnadey/apps/flutter_full_svg_support/test/golden_comparison/golden_comparison_test.dart: Golden Comparison Tests Golden: dart matches browser render                        00:22 +1236 ~1: /Users/denisnadey/apps/flutter_full_svg_support/test/golden_comparison/golden_comparison_test.dart: Golden Comparison Tests Golden: dart matches browser render                        00:22 +1236 ~1: /Users/denisnadey/apps/flutter_full_svg_support/test/animation/hit_test_advanced_test.dart: Advanced Hit-Testing polyline hit-testing polyline stroke with round linecap is hittable at endpoints
Image size: 800x600
00:22 +1237 ~1: /Users/denisnadey/apps/flutter_full_svg_support/test/golden_comparison/golden_comparison_test.dart: Golden Comparison Tests Golden: dart matches browser render                        00:22 +1237 ~1: /Users/denisnadey/apps/flutter_full_svg_support/test/animation/hit_test_advanced_test.dart: Advanced Hit-Testing polyline hit-testing polyline stroke with round linecap is hittable at endpoints
Image size: 800x600
00:22 +1238 ~1: /Users/denisnadey/apps/flutter_full_svg_support/test/golden_comparison/golden_comparison_test.dart: Golden Comparison Tests Golden: dart matches browser render                        00:22 +1238 ~1: /Users/denisnadey/apps/flutter_full_svg_support/test/animation/advanced_mask_test.dart: Luminosity Masking 4. Luminosity mask with colored content (compute luminance)                 
Image size: 800x600
00:22 +1239 ~1: /Users/denisnadey/apps/flutter_full_svg_support/test/golden_comparison/golden_comparison_test.dart: Golden Comparison Tests Golden: dart matches browser render                        00:22 +1240 ~1: /Users/denisnadey/apps/flutter_full_svg_support/test/golden_comparison/golden_comparison_test.dart: Golden Comparison Tests Golden: dart matches browser render                        00:22 +1241 ~1: /Users/denisnadey/apps/flutter_full_svg_support/test/golden_comparison/golden_comparison_test.dart: Golden Comparison Tests Golden: dart matches browser render                        00:22 +1241 ~1: /Users/denisnadey/apps/flutter_full_svg_support/test/animation/advanced_mask_test.dart: Luminosity Masking 6. Default mask-type is luminance per SVG spec                              
Image size: 800x600
00:22 +1242 ~1: /Users/denisnadey/apps/flutter_full_svg_support/test/golden_comparison/golden_comparison_test.dart: Golden Comparison Tests Golden: dart matches browser render                        00:22 +1242 ~1: /Users/denisnadey/apps/flutter_full_svg_support/test/animation/advanced_mask_test.dart: maskUnits Coordinate Systems 7. maskUnits="objectBoundingBox" default region (-10%, -10%, 120%, 120%)
Image size: 800x600
00:22 +1243 ~1: /Users/denisnadey/apps/flutter_full_svg_support/test/golden_comparison/golden_comparison_test.dart: Golden Comparison Tests Golden: dart matches browser render                        00:22 +1243 ~1: /Users/denisnadey/apps/flutter_full_svg_support/test/animation/advanced_mask_test.dart: maskUnits Coordinate Systems 8. maskUnits="userSpaceOnUse" with explicit region                
Image size: 800x600
00:22 +1244 ~1: /Users/denisnadey/apps/flutter_full_svg_support/test/golden_comparison/golden_comparison_test.dart: Golden Comparison Tests Golden: dart matches browser render                        00:22 +1244 ~1: /Users/denisnadey/apps/flutter_full_svg_support/test/animation/advanced_mask_test.dart: maskContentUnits Coordinate Systems 9. maskContentUnits="objectBoundingBox" scales content     
Image size: 800x600
00:22 +1245 ~1: /Users/denisnadey/apps/flutter_full_svg_support/test/golden_comparison/golden_comparison_test.dart: Golden Comparison Tests Golden: dart matches browser render                        00:22 +1245 ~1: /Users/denisnadey/apps/flutter_full_svg_support/test/animation/advanced_mask_test.dart: maskContentUnits Coordinate Systems 10. maskContentUnits="userSpaceOnUse" (default) uses user coords
Image size: 800x600
00:22 +1246 ~1: /Users/denisnadey/apps/flutter_full_svg_support/test/golden_comparison/golden_comparison_test.dart: Golden Comparison Tests Golden: dart matches browser render                        00:22 +1246 ~1: /Users/denisnadey/apps/flutter_full_svg_support/test/animation/advanced_mask_test.dart: Advanced Mask Features 11. Mask with gradient content (smooth transition)                      
Image size: 800x600
00:22 +1247 ~1: /Users/denisnadey/apps/flutter_full_svg_support/test/golden_comparison/golden_comparison_test.dart: Golden Comparison Tests Golden: dart matches browser render                        00:22 +1247 ~1: /Users/denisnadey/apps/flutter_full_svg_support/test/animation/advanced_mask_test.dart: Advanced Mask Features 12. Mask on filtered element                                            
Image size: 800x600
00:22 +1248 ~1: /Users/denisnadey/apps/flutter_full_svg_support/test/golden_comparison/golden_comparison_test.dart: Golden Comparison Tests Golden: dart matches browser render                        00:22 +1249 ~1: /Users/denisnadey/apps/flutter_full_svg_support/test/golden_comparison/golden_comparison_test.dart: Golden Comparison Tests Golden: dart matches browser render                        00:22 +1250 ~1: /Users/denisnadey/apps/flutter_full_svg_support/test/golden_comparison/golden_comparison_test.dart: Golden Comparison Tests Golden: dart matches browser render                        00:22 +1250 ~1: /Users/denisnadey/apps/flutter_full_svg_support/test/animation/advanced_mask_test.dart: Advanced Mask Features 13. Mask on group element                                               
Image size: 800x600
00:22 +1251 ~1: /Users/denisnadey/apps/flutter_full_svg_support/test/golden_comparison/golden_comparison_test.dart: Golden Comparison Tests Golden: dart matches browser render                        00:22 +1252 ~1: /Users/denisnadey/apps/flutter_full_svg_support/test/golden_comparison/golden_comparison_test.dart: Golden Comparison Tests Golden: dart matches browser render                        00:22 +1252 ~1: /Users/denisnadey/apps/flutter_full_svg_support/test/animation/advanced_mask_test.dart: Advanced Mask Features 15. Mask with transform on mask content                                 
Image size: 800x600
00:22 +1253 ~1: /Users/denisnadey/apps/flutter_full_svg_support/test/golden_comparison/golden_comparison_test.dart: Golden Comparison Tests Golden: dart matches browser render                        00:22 +1254 ~1: /Users/denisnadey/apps/flutter_full_svg_support/test/golden_comparison/golden_comparison_test.dart: Golden Comparison Tests Golden: dart matches browser render                        00:22 +1255 ~1: /Users/denisnadey/apps/flutter_full_svg_support/test/golden_comparison/golden_comparison_test.dart: Golden Comparison Tests Golden: dart matches browser render                        00:22 +1256 ~1: /Users/denisnadey/apps/flutter_full_svg_support/test/golden_comparison/golden_comparison_test.dart: Golden Comparison Tests Golden: dart matches browser render                        00:22 +1257 ~1: /Users/denisnadey/apps/flutter_full_svg_support/test/golden_comparison/golden_comparison_test.dart: Golden Comparison Tests Golden: dart matches browser render                        00:22 +1258 ~1: /Users/denisnadey/apps/flutter_full_svg_support/test/golden_comparison/golden_comparison_test.dart: Golden Comparison Tests Golden: dart matches browser render                        00:22 +1259 ~1: /Users/denisnadey/apps/flutter_full_svg_support/test/golden_comparison/golden_comparison_test.dart: Golden Comparison Tests Golden: dart matches browser render                        00:22 +1260 ~1: /Users/denisnadey/apps/flutter_full_svg_support/test/golden_comparison/golden_comparison_test.dart: Golden Comparison Tests Golden: dart matches browser render                        00:22 +1261 ~1: /Users/denisnadey/apps/flutter_full_svg_support/test/golden_comparison/golden_comparison_test.dart: Golden Comparison Tests Golden: dart matches browser render                        00:22 +1262 ~1: /Users/denisnadey/apps/flutter_full_svg_support/test/golden_comparison/golden_comparison_test.dart: Golden Comparison Tests Golden: dart matches browser render                        00:22 +1263 ~1: /Users/denisnadey/apps/flutter_full_svg_support/test/golden_comparison/golden_comparison_test.dart: Golden Comparison Tests Golden: dart matches browser render                        00:22 +1264 ~1: /Users/denisnadey/apps/flutter_full_svg_support/test/golden_comparison/golden_comparison_test.dart: Golden Comparison Tests Golden: dart matches browser render                        00:22 +1265 ~1: /Users/denisnadey/apps/flutter_full_svg_support/test/golden_comparison/golden_comparison_test.dart: Golden Comparison Tests Golden: dart matches browser render                        00:22 +1266 ~1: /Users/denisnadey/apps/flutter_full_svg_support/test/golden_comparison/golden_comparison_test.dart: Golden Comparison Tests Golden: dart matches browser render                        00:22 +1267 ~1: /Users/denisnadey/apps/flutter_full_svg_support/test/golden_comparison/golden_comparison_test.dart: Golden Comparison Tests Golden: dart matches browser render                        00:22 +1268 ~1: /Users/denisnadey/apps/flutter_full_svg_support/test/golden_comparison/golden_comparison_test.dart: Golden Comparison Tests Golden: dart matches browser render                        00:22 +1269 ~1: /Users/denisnadey/apps/flutter_full_svg_support/test/golden_comparison/golden_comparison_test.dart: Golden Comparison Tests Golden: dart matches browser render                        00:22 +1270 ~1: /Users/denisnadey/apps/flutter_full_svg_support/test/golden_comparison/golden_comparison_test.dart: Golden Comparison Tests Golden: dart matches browser render                        00:22 +1271 ~1: /Users/denisnadey/apps/flutter_full_svg_support/test/golden_comparison/golden_comparison_test.dart: Golden Comparison Tests Golden: dart matches browser render                        00:22 +1272 ~1: /Users/denisnadey/apps/flutter_full_svg_support/test/golden_comparison/golden_comparison_test.dart: Golden Comparison Tests Golden: dart matches browser render                        00:22 +1273 ~1: /Users/denisnadey/apps/flutter_full_svg_support/test/golden_comparison/golden_comparison_test.dart: Golden Comparison Tests Golden: dart matches browser render                        00:22 +1274 ~1: /Users/denisnadey/apps/flutter_full_svg_support/test/golden_comparison/golden_comparison_test.dart: Golden Comparison Tests Golden: dart matches browser render                        00:22 +1275 ~1: /Users/denisnadey/apps/flutter_full_svg_support/test/golden_comparison/golden_comparison_test.dart: Golden Comparison Tests Golden: dart matches browser render                        00:22 +1276 ~1: /Users/denisnadey/apps/flutter_full_svg_support/test/golden_comparison/golden_comparison_test.dart: Golden Comparison Tests Golden: dart matches browser render                        00:22 +1277 ~1: /Users/denisnadey/apps/flutter_full_svg_support/test/golden_comparison/golden_comparison_test.dart: Golden Comparison Tests Golden: dart matches browser render                        00:22 +1278 ~1: /Users/denisnadey/apps/flutter_full_svg_support/test/golden_comparison/golden_comparison_test.dart: Golden Comparison Tests Golden: dart matches browser render                        00:22 +1279 ~1: /Users/denisnadey/apps/flutter_full_svg_support/test/golden_comparison/golden_comparison_test.dart: Golden Comparison Tests Golden: dart matches browser render                        00:22 +1280 ~1: /Users/denisnadey/apps/flutter_full_svg_support/test/golden_comparison/golden_comparison_test.dart: Golden Comparison Tests Golden: dart matches browser render                        00:22 +1281 ~1: /Users/denisnadey/apps/flutter_full_svg_support/test/golden_comparison/golden_comparison_test.dart: Golden Comparison Tests Golden: dart matches browser render                        00:22 +1282 ~1: /Users/denisnadey/apps/flutter_full_svg_support/test/golden_comparison/golden_comparison_test.dart: Golden Comparison Tests Golden: dart matches browser render                        00:22 +1283 ~1: /Users/denisnadey/apps/flutter_full_svg_support/test/golden_comparison/golden_comparison_test.dart: Golden Comparison Tests Golden: dart matches browser render                        00:22 +1284 ~1: /Users/denisnadey/apps/flutter_full_svg_support/test/golden_comparison/golden_comparison_test.dart: Golden Comparison Tests Golden: dart matches browser render                        00:22 +1285 ~1: /Users/denisnadey/apps/flutter_full_svg_support/test/golden_comparison/golden_comparison_test.dart: Golden Comparison Tests Golden: dart matches browser render                        00:22 +1286 ~1: /Users/denisnadey/apps/flutter_full_svg_support/test/golden_comparison/golden_comparison_test.dart: Golden Comparison Tests Golden: dart matches browser render                        00:22 +1287 ~1: /Users/denisnadey/apps/flutter_full_svg_support/test/golden_comparison/golden_comparison_test.dart: Golden Comparison Tests Golden: dart matches browser render                        00:22 +1288 ~1: /Users/denisnadey/apps/flutter_full_svg_support/test/golden_comparison/golden_comparison_test.dart: Golden Comparison Tests Golden: dart matches browser render                        00:22 +1289 ~1: /Users/denisnadey/apps/flutter_full_svg_support/test/golden_comparison/golden_comparison_test.dart: Golden Comparison Tests Golden: dart matches browser render                        00:22 +1290 ~1: /Users/denisnadey/apps/flutter_full_svg_support/test/golden_comparison/golden_comparison_test.dart: Golden Comparison Tests Golden: dart matches browser render                        00:22 +1291 ~1: /Users/denisnadey/apps/flutter_full_svg_support/test/golden_comparison/golden_comparison_test.dart: Golden Comparison Tests Golden: dart matches browser render                        00:22 +1292 ~1: /Users/denisnadey/apps/flutter_full_svg_support/test/golden_comparison/golden_comparison_test.dart: Golden Comparison Tests Golden: dart matches browser render                        00:22 +1293 ~1: /Users/denisnadey/apps/flutter_full_svg_support/test/golden_comparison/golden_comparison_test.dart: Golden Comparison Tests Golden: dart matches browser render                        00:22 +1294 ~1: /Users/denisnadey/apps/flutter_full_svg_support/test/golden_comparison/golden_comparison_test.dart: Golden Comparison Tests Golden: dart matches browser render                        00:22 +1295 ~1: /Users/denisnadey/apps/flutter_full_svg_support/test/golden_comparison/golden_comparison_test.dart: Golden Comparison Tests Golden: dart matches browser render                        00:22 +1296 ~1: /Users/denisnadey/apps/flutter_full_svg_support/test/golden_comparison/golden_comparison_test.dart: Golden Comparison Tests Golden: dart matches browser render                        00:22 +1297 ~1: /Users/denisnadey/apps/flutter_full_svg_support/test/golden_comparison/golden_comparison_test.dart: Golden Comparison Tests Golden: dart matches browser render                        00:22 +1298 ~1: /Users/denisnadey/apps/flutter_full_svg_support/test/golden_comparison/golden_comparison_test.dart: Golden Comparison Tests Golden: dart matches browser render                        00:22 +1299 ~1: /Users/denisnadey/apps/flutter_full_svg_support/test/golden_comparison/golden_comparison_test.dart: Golden Comparison Tests Golden: dart matches browser render                        00:23 +1299 ~1: /Users/denisnadey/apps/flutter_full_svg_support/test/golden_comparison/golden_comparison_test.dart: Golden Comparison Tests Golden: dart matches browser render                        00:23 +1300 ~1: /Users/denisnadey/apps/flutter_full_svg_support/test/golden_comparison/golden_comparison_test.dart: Golden Comparison Tests Golden: dart matches browser render                        00:23 +1301 ~1: /Users/denisnadey/apps/flutter_full_svg_support/test/golden_comparison/golden_comparison_test.dart: Golden Comparison Tests Golden: dart matches browser render                        00:23 +1302 ~1: /Users/denisnadey/apps/flutter_full_svg_support/test/golden_comparison/golden_comparison_test.dart: Golden Comparison Tests Golden: dart matches browser render                        00:23 +1303 ~1: /Users/denisnadey/apps/flutter_full_svg_support/test/golden_comparison/golden_comparison_test.dart: Golden Comparison Tests Golden: dart matches browser render                        00:23 +1304 ~1: /Users/denisnadey/apps/flutter_full_svg_support/test/golden_comparison/golden_comparison_test.dart: Golden Comparison Tests Golden: dart matches browser render                        00:23 +1305 ~1: /Users/denisnadey/apps/flutter_full_svg_support/test/golden_comparison/golden_comparison_test.dart: Golden Comparison Tests Golden: dart matches browser render                        00:23 +1306 ~1: /Users/denisnadey/apps/flutter_full_svg_support/test/golden_comparison/golden_comparison_test.dart: Golden Comparison Tests Golden: dart matches browser render                        00:23 +1307 ~1: /Users/denisnadey/apps/flutter_full_svg_support/test/golden_comparison/golden_comparison_test.dart: Golden Comparison Tests Golden: dart matches browser render                        00:23 +1308 ~1: /Users/denisnadey/apps/flutter_full_svg_support/test/golden_comparison/golden_comparison_test.dart: Golden Comparison Tests Golden: dart matches browser render                        00:23 +1309 ~1: /Users/denisnadey/apps/flutter_full_svg_support/test/golden_comparison/golden_comparison_test.dart: Golden Comparison Tests Golden: dart matches browser render                        00:23 +1310 ~1: /Users/denisnadey/apps/flutter_full_svg_support/test/golden_comparison/golden_comparison_test.dart: Golden Comparison Tests Golden: dart matches browser render                        00:23 +1311 ~1: /Users/denisnadey/apps/flutter_full_svg_support/test/golden_comparison/golden_comparison_test.dart: Golden Comparison Tests Golden: dart matches browser render                        00:23 +1312 ~1: /Users/denisnadey/apps/flutter_full_svg_support/test/golden_comparison/golden_comparison_test.dart: Golden Comparison Tests Golden: dart matches browser render                        00:23 +1313 ~1: /Users/denisnadey/apps/flutter_full_svg_support/test/golden_comparison/golden_comparison_test.dart: Golden Comparison Tests Golden: dart matches browser render                        00:23 +1314 ~1: /Users/denisnadey/apps/flutter_full_svg_support/test/golden_comparison/golden_comparison_test.dart: Golden Comparison Tests Golden: dart matches browser render                        00:23 +1315 ~1: /Users/denisnadey/apps/flutter_full_svg_support/test/golden_comparison/golden_comparison_test.dart: Golden Comparison Tests Golden: dart matches browser render                        00:23 +1316 ~1: /Users/denisnadey/apps/flutter_full_svg_support/test/golden_comparison/golden_comparison_test.dart: Golden Comparison Tests Golden: dart matches browser render                        00:23 +1317 ~1: /Users/denisnadey/apps/flutter_full_svg_support/test/golden_comparison/golden_comparison_test.dart: Golden Comparison Tests Golden: dart matches browser render                        00:23 +1317 ~1: /Users/denisnadey/apps/flutter_full_svg_support/test/animation/autoplay_false_test.dart: autoPlay: false SVG renders first frame when autoPlay is false                                
Image size: 800x600
✅ autoPlay: false test passed!
   Pixels found: 400
   Centroid: Offset(49.5, 49.5)
   BoundingBox: Rect.fromLTRB(40.0, 40.0, 59.0, 59.0)
00:23 +1318 ~1: /Users/denisnadey/apps/flutter_full_svg_support/test/golden_comparison/golden_comparison_test.dart: Golden Comparison Tests Golden: dart matches browser render                        00:23 +1318 ~1: /Users/denisnadey/apps/flutter_full_svg_support/test/animation/autoplay_false_test.dart: autoPlay: false Animation does not progress when autoPlay is false                            
Image size: 800x600
Image size: 800x600
✅ Animation freeze test passed!
   Initial centroid: Offset(9.5, 9.5)
   After 500ms: Offset(9.5, 9.5)
   Delta: 0.0px
00:23 +1319 ~1: /Users/denisnadey/apps/flutter_full_svg_support/test/golden_comparison/golden_comparison_test.dart: Golden Comparison Tests Golden: dart matches browser render                        00:23 +1319 ~1: /Users/denisnadey/apps/flutter_full_svg_support/test/animation/autoplay_false_test.dart: autoPlay: false SVG renders correctly with autoPlay: true for comparison                      
Image size: 800x600
✅ autoPlay: true (control) test passed!
   Pixels found: 400
00:23 +1320 ~1: /Users/denisnadey/apps/flutter_full_svg_support/test/golden_comparison/golden_comparison_test.dart: Golden Comparison Tests Golden: dart matches browser render                        00:23 +1321 ~1: /Users/denisnadey/apps/flutter_full_svg_support/test/golden_comparison/golden_comparison_test.dart: Golden Comparison Tests Golden: dart matches browser render                        00:23 +1322 ~1: /Users/denisnadey/apps/flutter_full_svg_support/test/golden_comparison/golden_comparison_test.dart: Golden Comparison Tests Golden: dart matches browser render                        00:23 +1323 ~1: /Users/denisnadey/apps/flutter_full_svg_support/test/golden_comparison/golden_comparison_test.dart: Golden Comparison Tests Golden: dart matches browser render                        00:23 +1324 ~1: /Users/denisnadey/apps/flutter_full_svg_support/test/golden_comparison/golden_comparison_test.dart: Golden Comparison Tests Golden: dart matches browser render                        00:23 +1325 ~1: /Users/denisnadey/apps/flutter_full_svg_support/test/golden_comparison/golden_comparison_test.dart: Golden Comparison Tests Golden: dart matches browser render                        00:23 +1326 ~1: /Users/denisnadey/apps/flutter_full_svg_support/test/golden_comparison/golden_comparison_test.dart: Golden Comparison Tests Golden: dart matches browser render                        00:23 +1327 ~1: /Users/denisnadey/apps/flutter_full_svg_support/test/golden_comparison/golden_comparison_test.dart: Golden Comparison Tests Golden: dart matches browser render                        00:23 +1328 ~1: /Users/denisnadey/apps/flutter_full_svg_support/test/golden_comparison/golden_comparison_test.dart: Golden Comparison Tests Golden: dart matches browser render                        00:23 +1329 ~1: /Users/denisnadey/apps/flutter_full_svg_support/test/golden_comparison/golden_comparison_test.dart: Golden Comparison Tests Golden: dart matches browser render                        00:23 +1330 ~1: /Users/denisnadey/apps/flutter_full_svg_support/test/golden_comparison/golden_comparison_test.dart: Golden Comparison Tests Golden: dart matches browser render                        00:23 +1331 ~1: /Users/denisnadey/apps/flutter_full_svg_support/test/golden_comparison/golden_comparison_test.dart: Golden Comparison Tests Golden: dart matches browser render                        00:23 +1332 ~1: /Users/denisnadey/apps/flutter_full_svg_support/test/golden_comparison/golden_comparison_test.dart: Golden Comparison Tests Golden: dart matches browser render                        00:23 +1333 ~1: /Users/denisnadey/apps/flutter_full_svg_support/test/golden_comparison/golden_comparison_test.dart: Golden Comparison Tests Golden: dart matches browser render                        00:23 +1334 ~1: /Users/denisnadey/apps/flutter_full_svg_support/test/golden_comparison/golden_comparison_test.dart: Golden Comparison Tests Golden: dart matches browser render                        00:23 +1335 ~1: /Users/denisnadey/apps/flutter_full_svg_support/test/golden_comparison/golden_comparison_test.dart: Golden Comparison Tests Golden: dart matches browser render                        00:23 +1336 ~1: /Users/denisnadey/apps/flutter_full_svg_support/test/golden_comparison/golden_comparison_test.dart: Golden Comparison Tests Golden: dart matches browser render                        00:23 +1337 ~1: /Users/denisnadey/apps/flutter_full_svg_support/test/golden_comparison/golden_comparison_test.dart: Golden Comparison Tests Golden: dart matches browser render                        00:23 +1338 ~1: /Users/denisnadey/apps/flutter_full_svg_support/test/golden_comparison/golden_comparison_test.dart: Golden Comparison Tests Golden: dart matches browser render                        00:23 +1339 ~1: /Users/denisnadey/apps/flutter_full_svg_support/test/golden_comparison/golden_comparison_test.dart: Golden Comparison Tests Golden: dart matches browser render                        00:23 +1340 ~1: /Users/denisnadey/apps/flutter_full_svg_support/test/golden_comparison/golden_comparison_test.dart: Golden Comparison Tests Golden: dart matches browser render                        00:23 +1341 ~1: /Users/denisnadey/apps/flutter_full_svg_support/test/golden_comparison/golden_comparison_test.dart: Golden Comparison Tests Golden: dart matches browser render                        00:23 +1342 ~1: /Users/denisnadey/apps/flutter_full_svg_support/test/golden_comparison/golden_comparison_test.dart: Golden Comparison Tests Golden: dart matches browser render                        00:23 +1343 ~1: /Users/denisnadey/apps/flutter_full_svg_support/test/golden_comparison/golden_comparison_test.dart: Golden Comparison Tests Golden: dart matches browser render                        00:23 +1344 ~1: /Users/denisnadey/apps/flutter_full_svg_support/test/golden_comparison/golden_comparison_test.dart: Golden Comparison Tests Golden: dart matches browser render                        00:23 +1345 ~1: /Users/denisnadey/apps/flutter_full_svg_support/test/golden_comparison/golden_comparison_test.dart: Golden Comparison Tests Golden: dart matches browser render                        00:23 +1346 ~1: /Users/denisnadey/apps/flutter_full_svg_support/test/golden_comparison/golden_comparison_test.dart: Golden Comparison Tests Golden: dart matches browser render                        00:23 +1347 ~1: /Users/denisnadey/apps/flutter_full_svg_support/test/golden_comparison/golden_comparison_test.dart: Golden Comparison Tests Golden: dart matches browser render                        00:23 +1348 ~1: /Users/denisnadey/apps/flutter_full_svg_support/test/golden_comparison/golden_comparison_test.dart: Golden Comparison Tests Golden: dart matches browser render                        00:23 +1349 ~1: /Users/denisnadey/apps/flutter_full_svg_support/test/golden_comparison/golden_comparison_test.dart: Golden Comparison Tests Golden: dart matches browser render                        00:23 +1350 ~1: /Users/denisnadey/apps/flutter_full_svg_support/test/golden_comparison/golden_comparison_test.dart: Golden Comparison Tests Golden: dart matches browser render                        00:23 +1351 ~1: /Users/denisnadey/apps/flutter_full_svg_support/test/golden_comparison/golden_comparison_test.dart: Golden Comparison Tests Golden: dart matches browser render                        00:23 +1352 ~1: /Users/denisnadey/apps/flutter_full_svg_support/test/golden_comparison/golden_comparison_test.dart: Golden Comparison Tests Golden: dart matches browser render                        00:23 +1353 ~1: /Users/denisnadey/apps/flutter_full_svg_support/test/golden_comparison/golden_comparison_test.dart: Golden Comparison Tests Golden: dart matches browser render                        00:23 +1354 ~1: /Users/denisnadey/apps/flutter_full_svg_support/test/golden_comparison/golden_comparison_test.dart: Golden Comparison Tests Golden: dart matches browser render                        00:23 +1355 ~1: /Users/denisnadey/apps/flutter_full_svg_support/test/golden_comparison/golden_comparison_test.dart: Golden Comparison Tests Golden: dart matches browser render                        00:23 +1356 ~1: /Users/denisnadey/apps/flutter_full_svg_support/test/golden_comparison/golden_comparison_test.dart: Golden Comparison Tests Golden: dart matches browser render                        00:23 +1357 ~1: /Users/denisnadey/apps/flutter_full_svg_support/test/golden_comparison/golden_comparison_test.dart: Golden Comparison Tests Golden: dart matches browser render                        00:23 +1358 ~1: /Users/denisnadey/apps/flutter_full_svg_support/test/golden_comparison/golden_comparison_test.dart: Golden Comparison Tests Golden: dart matches browser render                        00:23 +1359 ~1: /Users/denisnadey/apps/flutter_full_svg_support/test/golden_comparison/golden_comparison_test.dart: Golden Comparison Tests Golden: dart matches browser render                        00:23 +1360 ~1: /Users/denisnadey/apps/flutter_full_svg_support/test/golden_comparison/golden_comparison_test.dart: Golden Comparison Tests Golden: dart matches browser render                        00:23 +1361 ~1: /Users/denisnadey/apps/flutter_full_svg_support/test/golden_comparison/golden_comparison_test.dart: Golden Comparison Tests Golden: dart matches browser render                        00:23 +1362 ~1: /Users/denisnadey/apps/flutter_full_svg_support/test/golden_comparison/golden_comparison_test.dart: Golden Comparison Tests Golden: dart matches browser render                        00:23 +1363 ~1: /Users/denisnadey/apps/flutter_full_svg_support/test/golden_comparison/golden_comparison_test.dart: Golden Comparison Tests Golden: dart matches browser render                        00:23 +1364 ~1: /Users/denisnadey/apps/flutter_full_svg_support/test/golden_comparison/golden_comparison_test.dart: Golden Comparison Tests Golden: dart matches browser render                        00:23 +1365 ~1: /Users/denisnadey/apps/flutter_full_svg_support/test/golden_comparison/golden_comparison_test.dart: Golden Comparison Tests Golden: dart matches browser render                        00:23 +1366 ~1: /Users/denisnadey/apps/flutter_full_svg_support/test/golden_comparison/golden_comparison_test.dart: Golden Comparison Tests Golden: dart matches browser render                        00:23 +1367 ~1: /Users/denisnadey/apps/flutter_full_svg_support/test/golden_comparison/golden_comparison_test.dart: Golden Comparison Tests Golden: dart matches browser render                        00:23 +1368 ~1: /Users/denisnadey/apps/flutter_full_svg_support/test/golden_comparison/golden_comparison_test.dart: Golden Comparison Tests Golden: dart matches browser render                        00:23 +1369 ~1: /Users/denisnadey/apps/flutter_full_svg_support/test/golden_comparison/golden_comparison_test.dart: Golden Comparison Tests Golden: dart matches browser render                        00:23 +1370 ~1: /Users/denisnadey/apps/flutter_full_svg_support/test/golden_comparison/golden_comparison_test.dart: Golden Comparison Tests Golden: dart matches browser render                        00:23 +1371 ~1: /Users/denisnadey/apps/flutter_full_svg_support/test/golden_comparison/golden_comparison_test.dart: Golden Comparison Tests Golden: dart matches browser render                        00:23 +1372 ~1: /Users/denisnadey/apps/flutter_full_svg_support/test/golden_comparison/golden_comparison_test.dart: Golden Comparison Tests Golden: dart matches browser render                        00:23 +1373 ~1: /Users/denisnadey/apps/flutter_full_svg_support/test/golden_comparison/golden_comparison_test.dart: Golden Comparison Tests Golden: dart matches browser render                        00:23 +1374 ~1: /Users/denisnadey/apps/flutter_full_svg_support/test/golden_comparison/golden_comparison_test.dart: Golden Comparison Tests Golden: dart matches browser render                        00:23 +1375 ~1: /Users/denisnadey/apps/flutter_full_svg_support/test/golden_comparison/golden_comparison_test.dart: Golden Comparison Tests Golden: dart matches browser render                        00:24 +1376 ~1: /Users/denisnadey/apps/flutter_full_svg_support/test/golden_comparison/golden_comparison_test.dart: Golden Comparison Tests Golden: dart matches browser render                        00:24 +1377 ~1: /Users/denisnadey/apps/flutter_full_svg_support/test/golden_comparison/golden_comparison_test.dart: Golden Comparison Tests Golden: dart matches browser render                        00:24 +1378 ~1: /Users/denisnadey/apps/flutter_full_svg_support/test/golden_comparison/golden_comparison_test.dart: Golden Comparison Tests Golden: dart matches browser render                        00:24 +1379 ~1: /Users/denisnadey/apps/flutter_full_svg_support/test/golden_comparison/golden_comparison_test.dart: Golden Comparison Tests Golden: dart matches browser render                        00:24 +1380 ~1: /Users/denisnadey/apps/flutter_full_svg_support/test/golden_comparison/golden_comparison_test.dart: Golden Comparison Tests Golden: dart matches browser render                        00:24 +1381 ~1: /Users/denisnadey/apps/flutter_full_svg_support/test/golden_comparison/golden_comparison_test.dart: Golden Comparison Tests Golden: dart matches browser render                        00:24 +1382 ~1: /Users/denisnadey/apps/flutter_full_svg_support/test/golden_comparison/golden_comparison_test.dart: Golden Comparison Tests Golden: dart matches browser render                        00:24 +1383 ~1: /Users/denisnadey/apps/flutter_full_svg_support/test/golden_comparison/golden_comparison_test.dart: Golden Comparison Tests Golden: dart matches browser render                        00:24 +1384 ~1: /Users/denisnadey/apps/flutter_full_svg_support/test/golden_comparison/golden_comparison_test.dart: Golden Comparison Tests Golden: dart matches browser render                        00:24 +1385 ~1: /Users/denisnadey/apps/flutter_full_svg_support/test/golden_comparison/golden_comparison_test.dart: Golden Comparison Tests Golden: dart matches browser render                        00:24 +1385 ~1: /Users/denisnadey/apps/flutter_full_svg_support/test/animation/hit_test_precision_test.dart: Hit-Test Precision ClipPath Precision point inside clipPath hits element                  
Image size: 800x600
00:24 +1386 ~1: /Users/denisnadey/apps/flutter_full_svg_support/test/golden_comparison/golden_comparison_test.dart: Golden Comparison Tests Golden: dart matches browser render                        00:24 +1387 ~1: /Users/denisnadey/apps/flutter_full_svg_support/test/golden_comparison/golden_comparison_test.dart: Golden Comparison Tests Golden: dart matches browser render                        00:24 +1387 ~1: /Users/denisnadey/apps/flutter_full_svg_support/test/animation/image_foreignobject_edge_cases_test.dart: SVG-in-SVG Nesting Tests nested SVG with viewBox transforms correctly         
Image size: 800x600
00:24 +1388 ~1: /Users/denisnadey/apps/flutter_full_svg_support/test/golden_comparison/golden_comparison_test.dart: Golden Comparison Tests Golden: dart matches browser render                        00:24 +1389 ~1: /Users/denisnadey/apps/flutter_full_svg_support/test/golden_comparison/golden_comparison_test.dart: Golden Comparison Tests Golden: dart matches browser render                        00:24 +1390 ~1: /Users/denisnadey/apps/flutter_full_svg_support/test/golden_comparison/golden_comparison_test.dart: Golden Comparison Tests Golden: dart matches browser render                        00:24 +1391 ~1: /Users/denisnadey/apps/flutter_full_svg_support/test/golden_comparison/golden_comparison_test.dart: Golden Comparison Tests Golden: dart matches browser render                        00:24 +1392 ~1: /Users/denisnadey/apps/flutter_full_svg_support/test/golden_comparison/golden_comparison_test.dart: Golden Comparison Tests Golden: dart matches browser render                        00:24 +1393 ~1: /Users/denisnadey/apps/flutter_full_svg_support/test/golden_comparison/golden_comparison_test.dart: Golden Comparison Tests Golden: dart matches browser render                        00:24 +1394 ~1: /Users/denisnadey/apps/flutter_full_svg_support/test/golden_comparison/golden_comparison_test.dart: Golden Comparison Tests Golden: dart matches browser render                        00:24 +1394 ~1: /Users/denisnadey/apps/flutter_full_svg_support/test/animation/hit_test_precision_test.dart: Hit-Test Precision ClipPath Precision point inside clipPath hits element                  
Image size: 800x600
00:24 +1395 ~1: /Users/denisnadey/apps/flutter_full_svg_support/test/golden_comparison/golden_comparison_test.dart: Golden Comparison Tests Golden: dart matches browser render                        00:24 +1396 ~1: /Users/denisnadey/apps/flutter_full_svg_support/test/golden_comparison/golden_comparison_test.dart: Golden Comparison Tests Golden: dart matches browser render                        00:24 +1397 ~1: /Users/denisnadey/apps/flutter_full_svg_support/test/golden_comparison/golden_comparison_test.dart: Golden Comparison Tests Golden: dart matches browser render                        00:24 +1398 ~1: /Users/denisnadey/apps/flutter_full_svg_support/test/golden_comparison/golden_comparison_test.dart: Golden Comparison Tests Golden: dart matches browser render                        00:24 +1399 ~1: /Users/denisnadey/apps/flutter_full_svg_support/test/golden_comparison/golden_comparison_test.dart: Golden Comparison Tests Golden: dart matches browser render                        00:24 +1400 ~1: /Users/denisnadey/apps/flutter_full_svg_support/test/golden_comparison/golden_comparison_test.dart: Golden Comparison Tests Golden: dart matches browser render                        00:24 +1401 ~1: /Users/denisnadey/apps/flutter_full_svg_support/test/golden_comparison/golden_comparison_test.dart: Golden Comparison Tests Golden: dart matches browser render                        00:24 +1402 ~1: /Users/denisnadey/apps/flutter_full_svg_support/test/golden_comparison/golden_comparison_test.dart: Golden Comparison Tests Golden: dart matches browser render                        00:24 +1403 ~1: /Users/denisnadey/apps/flutter_full_svg_support/test/golden_comparison/golden_comparison_test.dart: Golden Comparison Tests Golden: dart matches browser render                        00:24 +1404 ~1: /Users/denisnadey/apps/flutter_full_svg_support/test/golden_comparison/golden_comparison_test.dart: Golden Comparison Tests Golden: dart matches browser render                        00:24 +1405 ~1: /Users/denisnadey/apps/flutter_full_svg_support/test/golden_comparison/golden_comparison_test.dart: Golden Comparison Tests Golden: dart matches browser render                        00:24 +1406 ~1: /Users/denisnadey/apps/flutter_full_svg_support/test/golden_comparison/golden_comparison_test.dart: Golden Comparison Tests Golden: dart matches browser render                        00:24 +1407 ~1: /Users/denisnadey/apps/flutter_full_svg_support/test/golden_comparison/golden_comparison_test.dart: Golden Comparison Tests Golden: dart matches browser render                        00:24 +1407 ~1: /Users/denisnadey/apps/flutter_full_svg_support/test/animation/image_foreignobject_edge_cases_test.dart: SVG-in-SVG Nesting Tests deeply nested SVG (3 levels) with viewBox            
Image size: 800x600
00:24 +1408 ~1: /Users/denisnadey/apps/flutter_full_svg_support/test/golden_comparison/golden_comparison_test.dart: Golden Comparison Tests Golden: dart matches browser render                        00:24 +1409 ~1: /Users/denisnadey/apps/flutter_full_svg_support/test/golden_comparison/golden_comparison_test.dart: Golden Comparison Tests Golden: dart matches browser render                        00:24 +1410 ~1: /Users/denisnadey/apps/flutter_full_svg_support/test/golden_comparison/golden_comparison_test.dart: Golden Comparison Tests Golden: dart matches browser render                        00:24 +1411 ~1: /Users/denisnadey/apps/flutter_full_svg_support/test/golden_comparison/golden_comparison_test.dart: Golden Comparison Tests Golden: dart matches browser render                        00:24 +1412 ~1: /Users/denisnadey/apps/flutter_full_svg_support/test/golden_comparison/golden_comparison_test.dart: Golden Comparison Tests Golden: dart matches browser render                        00:24 +1413 ~1: /Users/denisnadey/apps/flutter_full_svg_support/test/golden_comparison/golden_comparison_test.dart: Golden Comparison Tests Golden: dart matches browser render                        00:24 +1414 ~1: /Users/denisnadey/apps/flutter_full_svg_support/test/golden_comparison/golden_comparison_test.dart: Golden Comparison Tests Golden: dart matches browser render                        00:24 +1415 ~1: /Users/denisnadey/apps/flutter_full_svg_support/test/golden_comparison/golden_comparison_test.dart: Golden Comparison Tests Golden: dart matches browser render                        00:24 +1416 ~1: /Users/denisnadey/apps/flutter_full_svg_support/test/golden_comparison/golden_comparison_test.dart: Golden Comparison Tests Golden: dart matches browser render                        00:24 +1416 ~1: /Users/denisnadey/apps/flutter_full_svg_support/test/animation/hit_test_precision_test.dart: Hit-Test Precision ClipPath Precision point outside clipPath but inside element misses    
Image size: 800x600
00:24 +1416 ~1: /Users/denisnadey/apps/flutter_full_svg_support/test/animation/image_foreignobject_edge_cases_test.dart: SVG-in-SVG Nesting Tests nested SVG with preserveAspectRatio none at each level
Image size: 800x600
00:24 +1416 ~1: /Users/denisnadey/apps/flutter_full_svg_support/test/animation/hit_test_precision_test.dart: Hit-Test Precision ClipPath Precision point outside clipPath but inside element misses    
Image size: 800x600
00:24 +1417 ~1: /Users/denisnadey/apps/flutter_full_svg_support/test/golden_comparison/golden_comparison_test.dart: Golden Comparison Tests Golden: dart matches browser render                        00:24 +1418 ~1: /Users/denisnadey/apps/flutter_full_svg_support/test/golden_comparison/golden_comparison_test.dart: Golden Comparison Tests Golden: dart matches browser render                        00:24 +1419 ~1: /Users/denisnadey/apps/flutter_full_svg_support/test/golden_comparison/golden_comparison_test.dart: Golden Comparison Tests Golden: dart matches browser render                        00:24 +1419 ~1: /Users/denisnadey/apps/flutter_full_svg_support/test/animation/hit_test_precision_test.dart: Hit-Test Precision ClipPath Precision clipPath with objectBoundingBox units               
Image size: 800x600
Image size: 800x600
00:24 +1420 ~1: /Users/denisnadey/apps/flutter_full_svg_support/test/golden_comparison/golden_comparison_test.dart: Golden Comparison Tests Golden: dart matches browser render                        00:24 +1420 ~1: /Users/denisnadey/apps/flutter_full_svg_support/test/animation/image_foreignobject_edge_cases_test.dart: preserveAspectRatio Edge Cases preserveAspectRatio xMinYMin meet              
Image size: 800x600
00:24 +1421 ~1: /Users/denisnadey/apps/flutter_full_svg_support/test/golden_comparison/golden_comparison_test.dart: Golden Comparison Tests Golden: dart matches browser render                        00:24 +1421 ~1: /Users/denisnadey/apps/flutter_full_svg_support/test/animation/image_foreignobject_edge_cases_test.dart: preserveAspectRatio Edge Cases preserveAspectRatio xMidYMid slice clips overflow
Image size: 800x600
00:24 +1421 ~1: /Users/denisnadey/apps/flutter_full_svg_support/test/animation/hit_test_precision_test.dart: Hit-Test Precision ClipPath Precision nested clipPath scenarios                           
Image size: 800x600
00:24 +1422 ~1: /Users/denisnadey/apps/flutter_full_svg_support/test/golden_comparison/golden_comparison_test.dart: Golden Comparison Tests Golden: dart matches browser render                        00:24 +1422 ~1: /Users/denisnadey/apps/flutter_full_svg_support/test/animation/hit_test_precision_test.dart: Hit-Test Precision ClipPath Precision nested clipPath scenarios                           
Image size: 800x600
00:24 +1423 ~1: /Users/denisnadey/apps/flutter_full_svg_support/test/golden_comparison/golden_comparison_test.dart: Golden Comparison Tests Golden: dart matches browser render                        00:24 +1423 ~1: /Users/denisnadey/apps/flutter_full_svg_support/test/animation/image_foreignobject_edge_cases_test.dart: preserveAspectRatio Edge Cases preserveAspectRatio xMaxYMax meet              
Image size: 800x600
00:24 +1424 ~1: /Users/denisnadey/apps/flutter_full_svg_support/test/golden_comparison/golden_comparison_test.dart: Golden Comparison Tests Golden: dart matches browser render                        00:24 +1424 ~1: /Users/denisnadey/apps/flutter_full_svg_support/test/animation/hit_test_precision_test.dart: Hit-Test Precision Mask Precision point inside mask region hits element                   
Image size: 800x600
00:24 +1424 ~1: /Users/denisnadey/apps/flutter_full_svg_support/test/animation/image_foreignobject_edge_cases_test.dart: preserveAspectRatio Edge Cases preserveAspectRatio xMidYMin slice             
Image size: 800x600
00:24 +1424 ~1: /Users/denisnadey/apps/flutter_full_svg_support/test/animation/hit_test_precision_test.dart: Hit-Test Precision Mask Precision point inside mask region hits element                   
Image size: 800x600
00:24 +1425 ~1: /Users/denisnadey/apps/flutter_full_svg_support/test/golden_comparison/golden_comparison_test.dart: Golden Comparison Tests Golden: dart matches browser render                        00:24 +1426 ~1: /Users/denisnadey/apps/flutter_full_svg_support/test/golden_comparison/golden_comparison_test.dart: Golden Comparison Tests Golden: dart matches browser render                        00:24 +1426 ~1: /Users/denisnadey/apps/flutter_full_svg_support/test/animation/hit_test_precision_test.dart: Hit-Test Precision Mask Precision mask with fill:none content not hit-testable            
Image size: 800x600
00:24 +1427 ~1: /Users/denisnadey/apps/flutter_full_svg_support/test/golden_comparison/golden_comparison_test.dart: Golden Comparison Tests Golden: dart matches browser render                        00:24 +1427 ~1: /Users/denisnadey/apps/flutter_full_svg_support/test/animation/hit_test_precision_test.dart: Hit-Test Precision Mask Precision mask with fill:none content not hit-testable            
Image size: 800x600
00:24 +1428 ~1: /Users/denisnadey/apps/flutter_full_svg_support/test/golden_comparison/golden_comparison_test.dart: Golden Comparison Tests Golden: dart matches browser render                        00:24 +1429 ~1: /Users/denisnadey/apps/flutter_full_svg_support/test/golden_comparison/golden_comparison_test.dart: Golden Comparison Tests Golden: dart matches browser render                        00:24 +1429 ~1: /Users/denisnadey/apps/flutter_full_svg_support/test/animation/hit_test_precision_test.dart: Hit-Test Precision Use Element Precision use element with x/y offset hit-tests at correct position
Image size: 800x600
00:24 +1430 ~1: /Users/denisnadey/apps/flutter_full_svg_support/test/golden_comparison/golden_comparison_test.dart: Golden Comparison Tests Golden: dart matches browser render                        00:24 +1430 ~1: /Users/denisnadey/apps/flutter_full_svg_support/test/animation/hit_test_precision_test.dart: Hit-Test Precision Use Element Precision use element with x/y offset hit-tests at correct position
Image size: 800x600
00:24 +1431 ~1: /Users/denisnadey/apps/flutter_full_svg_support/test/golden_comparison/golden_comparison_test.dart: Golden Comparison Tests Golden: dart matches browser render                        00:24 +1431 ~1: /Users/denisnadey/apps/flutter_full_svg_support/test/animation/image_foreignobject_edge_cases_test.dart: Nested viewBox Stacking Tests 3-level viewBox stacking composes correctly     
Image size: 800x600
00:24 +1432 ~1: /Users/denisnadey/apps/flutter_full_svg_support/test/golden_comparison/golden_comparison_test.dart: Golden Comparison Tests Golden: dart matches browser render                        00:24 +1432 ~1: /Users/denisnadey/apps/flutter_full_svg_support/test/animation/hit_test_precision_test.dart: Hit-Test Precision Use Element Precision symbol with viewBox hit-tests with viewport transformation
Image size: 800x600
Image size: 800x600
00:24 +1432 ~1: /Users/denisnadey/apps/flutter_full_svg_support/test/animation/image_foreignobject_edge_cases_test.dart: Nested viewBox Stacking Tests mixed viewBox with preserveAspectRatio stacking 
Image size: 800x600
00:24 +1433 ~1: /Users/denisnadey/apps/flutter_full_svg_support/test/golden_comparison/golden_comparison_test.dart: Golden Comparison Tests Golden: dart matches browser render                        00:24 +1434 ~1: /Users/denisnadey/apps/flutter_full_svg_support/test/golden_comparison/golden_comparison_test.dart: Golden Comparison Tests Golden: dart matches browser render                        00:24 +1434 ~1: /Users/denisnadey/apps/flutter_full_svg_support/test/animation/hit_test_precision_test.dart: Hit-Test Precision Use Element Precision pointer-events:none on use element blocks hit    
Image size: 800x600
00:24 +1435 ~1: /Users/denisnadey/apps/flutter_full_svg_support/test/golden_comparison/golden_comparison_test.dart: Golden Comparison Tests Golden: dart matches browser render                        00:24 +1435 ~1: /Users/denisnadey/apps/flutter_full_svg_support/test/animation/hit_test_precision_test.dart: Hit-Test Precision Use Element Precision pointer-events:none on use element blocks hit    
Image size: 800x600
00:24 +1436 ~1: /Users/denisnadey/apps/flutter_full_svg_support/test/golden_comparison/golden_comparison_test.dart: Golden Comparison Tests Golden: dart matches browser render                        00:24 +1437 ~1: /Users/denisnadey/apps/flutter_full_svg_support/test/golden_comparison/golden_comparison_test.dart: Golden Comparison Tests Golden: dart matches browser render                        00:24 +1438 ~1: /Users/denisnadey/apps/flutter_full_svg_support/test/golden_comparison/golden_comparison_test.dart: Golden Comparison Tests Golden: dart matches browser render                        00:24 +1439 ~1: /Users/denisnadey/apps/flutter_full_svg_support/test/golden_comparison/golden_comparison_test.dart: Golden Comparison Tests Golden: dart matches browser render                        00:24 +1439 ~1: /Users/denisnadey/apps/flutter_full_svg_support/test/animation/hit_test_precision_test.dart: Hit-Test Precision Text Character-Level Precision text with per-character dx offsets      
Image size: 800x600
Image size: 800x600
00:24 +1440 ~1: /Users/denisnadey/apps/flutter_full_svg_support/test/golden_comparison/golden_comparison_test.dart: Golden Comparison Tests Golden: dart matches browser render                        00:24 +1441 ~1: /Users/denisnadey/apps/flutter_full_svg_support/test/golden_comparison/golden_comparison_test.dart: Golden Comparison Tests Golden: dart matches browser render                        00:24 +1442 ~1: /Users/denisnadey/apps/flutter_full_svg_support/test/golden_comparison/golden_comparison_test.dart: Golden Comparison Tests Golden: dart matches browser render                        00:24 +1442 ~1: /Users/denisnadey/apps/flutter_full_svg_support/test/animation/image_foreignobject_edge_cases_test.dart: Edge Cases foreignObject with requiredExtensions fallback                     
Image size: 800x600
00:24 +1442 ~1: /Users/denisnadey/apps/flutter_full_svg_support/test/animation/hit_test_precision_test.dart: Hit-Test Precision Text Character-Level Precision text with rotation attribute            
Image size: 800x600
00:24 +1443 ~1: /Users/denisnadey/apps/flutter_full_svg_support/test/golden_comparison/golden_comparison_test.dart: Golden Comparison Tests Golden: dart matches browser render                        00:24 +1443 ~1: /Users/denisnadey/apps/flutter_full_svg_support/test/animation/hit_test_precision_test.dart: Hit-Test Precision Text Character-Level Precision text with rotation attribute            
Image size: 800x600
00:24 +1444 ~1: /Users/denisnadey/apps/flutter_full_svg_support/test/golden_comparison/golden_comparison_test.dart: Golden Comparison Tests Golden: dart matches browser render                        00:24 +1444 ~1: /Users/denisnadey/apps/flutter_full_svg_support/test/animation/image_foreignobject_edge_cases_test.dart: Edge Cases foreignObject overflow hidden clips content                        
Image size: 800x600
00:24 +1445 ~1: /Users/denisnadey/apps/flutter_full_svg_support/test/golden_comparison/golden_comparison_test.dart: Golden Comparison Tests Golden: dart matches browser render                        00:24 +1445 ~1: /Users/denisnadey/apps/flutter_full_svg_support/test/animation/hit_test_precision_test.dart: Hit-Test Precision Text Character-Level Precision textPath character positioning along path
Image size: 800x600
00:24 +1446 ~1: /Users/denisnadey/apps/flutter_full_svg_support/test/golden_comparison/golden_comparison_test.dart: Golden Comparison Tests Golden: dart matches browser render                        00:24 +1446 ~1: /Users/denisnadey/apps/flutter_full_svg_support/test/animation/hit_test_precision_test.dart: Hit-Test Precision Text Character-Level Precision textPath character positioning along path
Image size: 800x600
00:24 +1447 ~1: /Users/denisnadey/apps/flutter_full_svg_support/test/golden_comparison/golden_comparison_test.dart: Golden Comparison Tests Golden: dart matches browser render                        00:24 +1447 ~1: /Users/denisnadey/apps/flutter_full_svg_support/test/animation/hit_test_precision_test.dart: Hit-Test Precision Combined Precision Scenarios element with both clipPath and mask       
Image size: 800x600
Image size: 800x600
00:24 +1448 ~1: /Users/denisnadey/apps/flutter_full_svg_support/test/golden_comparison/golden_comparison_test.dart: Golden Comparison Tests Golden: dart matches browser render                        00:24 +1448 ~1: /Users/denisnadey/apps/flutter_full_svg_support/test/animation/hit_test_precision_test.dart: Hit-Test Precision Combined Precision Scenarios use element with clipPath on referenced content
Image size: 800x600
Image size: 800x600
00:24 +1449 ~1: /Users/denisnadey/apps/flutter_full_svg_support/test/golden_comparison/golden_comparison_test.dart: Golden Comparison Tests Golden: dart matches browser render                        00:24 +1450 ~1: /Users/denisnadey/apps/flutter_full_svg_support/test/golden_comparison/golden_comparison_test.dart: Golden Comparison Tests Golden: dart matches browser render                        00:24 +1450 ~1: /Users/denisnadey/apps/flutter_full_svg_support/test/animation/hit_test_precision_test.dart: Hit-Test Precision Combined Precision Scenarios transformed element with clipPath         
Image size: 800x600
00:24 +1451 ~1: /Users/denisnadey/apps/flutter_full_svg_support/test/golden_comparison/golden_comparison_test.dart: Golden Comparison Tests Golden: dart matches browser render                        00:24 +1452 ~1: /Users/denisnadey/apps/flutter_full_svg_support/test/golden_comparison/golden_comparison_test.dart: Golden Comparison Tests Golden: dart matches browser render                        00:24 +1452 ~1: /Users/denisnadey/apps/flutter_full_svg_support/test/animation/hit_test_precision_test.dart: Hit-Test Precision Combined Precision Scenarios transformed element with clipPath         
Image size: 800x600
00:24 +1453 ~1: /Users/denisnadey/apps/flutter_full_svg_support/test/golden_comparison/golden_comparison_test.dart: Golden Comparison Tests Golden: dart matches browser render                        00:24 +1454 ~1: /Users/denisnadey/apps/flutter_full_svg_support/test/golden_comparison/golden_comparison_test.dart: Golden Comparison Tests Golden: dart matches browser render                        00:24 +1455 ~1: /Users/denisnadey/apps/flutter_full_svg_support/test/golden_comparison/golden_comparison_test.dart: Golden Comparison Tests Golden: dart matches browser render                        00:24 +1456 ~1: /Users/denisnadey/apps/flutter_full_svg_support/test/golden_comparison/golden_comparison_test.dart: Golden Comparison Tests Golden: dart matches browser render                        00:24 +1457 ~1: /Users/denisnadey/apps/flutter_full_svg_support/test/golden_comparison/golden_comparison_test.dart: Golden Comparison Tests Golden: dart matches browser render                        00:24 +1458 ~1: /Users/denisnadey/apps/flutter_full_svg_support/test/golden_comparison/golden_comparison_test.dart: Golden Comparison Tests Golden: dart matches browser render                        00:24 +1459 ~1: /Users/denisnadey/apps/flutter_full_svg_support/test/golden_comparison/golden_comparison_test.dart: Golden Comparison Tests Golden: dart matches browser render                        00:24 +1460 ~1: /Users/denisnadey/apps/flutter_full_svg_support/test/golden_comparison/golden_comparison_test.dart: Golden Comparison Tests Golden: dart matches browser render                        00:24 +1461 ~1: /Users/denisnadey/apps/flutter_full_svg_support/test/golden_comparison/golden_comparison_test.dart: Golden Comparison Tests Golden: dart matches browser render                        00:24 +1461 ~1 -1: /Users/denisnadey/apps/flutter_full_svg_support/test/animation/fe_lighting_test.dart: Lighting Filter Pipeline Integration feDiffuseLighting resolves color filter in pipeline [E]  
  Expected: not null
    Actual: <null>
  
  package:matcher                                     expect
  package:flutter_test/src/widget_tester.dart 473:18  expect
  test/animation/fe_lighting_test.dart 301:7          main.<fn>.<fn>
  

To run this test again: /Users/denisnadey/fvm/versions/3.38.1/bin/cache/dart-sdk/bin/dart test /Users/denisnadey/apps/flutter_full_svg_support/test/animation/fe_lighting_test.dart -p vm --plain-name 'Lighting Filter Pipeline Integration feDiffuseLighting resolves color filter in pipeline'
00:24 +1461 ~1 -2: /Users/denisnadey/apps/flutter_full_svg_support/test/animation/fe_lighting_test.dart: Lighting Filter Pipeline Integration feSpecularLighting resolves color filter in pipeline [E] 
  Expected: not null
    Actual: <null>
  
  package:matcher                                     expect
  package:flutter_test/src/widget_tester.dart 473:18  expect
  test/animation/fe_lighting_test.dart 322:7          main.<fn>.<fn>
  

To run this test again: /Users/denisnadey/fvm/versions/3.38.1/bin/cache/dart-sdk/bin/dart test /Users/denisnadey/apps/flutter_full_svg_support/test/animation/fe_lighting_test.dart -p vm --plain-name 'Lighting Filter Pipeline Integration feSpecularLighting resolves color filter in pipeline'
00:24 +1462 ~1 -2: /Users/denisnadey/apps/flutter_full_svg_support/test/golden_comparison/golden_comparison_test.dart: Golden Comparison Tests Golden: dart matches browser render                     00:24 +1463 ~1 -2: /Users/denisnadey/apps/flutter_full_svg_support/test/golden_comparison/golden_comparison_test.dart: Golden Comparison Tests Golden: dart matches browser render                     00:24 +1464 ~1 -2: /Users/denisnadey/apps/flutter_full_svg_support/test/golden_comparison/golden_comparison_test.dart: Golden Comparison Tests Golden: dart matches browser render                     00:24 +1465 ~1 -2: /Users/denisnadey/apps/flutter_full_svg_support/test/golden_comparison/golden_comparison_test.dart: Golden Comparison Tests Golden: dart matches browser render                     00:24 +1466 ~1 -2: /Users/denisnadey/apps/flutter_full_svg_support/test/golden_comparison/golden_comparison_test.dart: Golden Comparison Tests Golden: dart matches browser render                     00:24 +1467 ~1 -2: /Users/denisnadey/apps/flutter_full_svg_support/test/golden_comparison/golden_comparison_test.dart: Golden Comparison Tests Golden: dart matches browser render                     00:24 +1468 ~1 -2: /Users/denisnadey/apps/flutter_full_svg_support/test/golden_comparison/golden_comparison_test.dart: Golden Comparison Tests Golden: dart matches browser render                     00:24 +1469 ~1 -2: /Users/denisnadey/apps/flutter_full_svg_support/test/golden_comparison/golden_comparison_test.dart: Golden Comparison Tests Golden: dart matches browser render                     00:24 +1470 ~1 -2: /Users/denisnadey/apps/flutter_full_svg_support/test/golden_comparison/golden_comparison_test.dart: Golden Comparison Tests Golden: dart matches browser render                     00:24 +1471 ~1 -2: /Users/denisnadey/apps/flutter_full_svg_support/test/golden_comparison/golden_comparison_test.dart: Golden Comparison Tests Golden: dart matches browser render                     00:24 +1472 ~1 -2: /Users/denisnadey/apps/flutter_full_svg_support/test/golden_comparison/golden_comparison_test.dart: Golden Comparison Tests Golden: dart matches browser render                     00:24 +1473 ~1 -2: /Users/denisnadey/apps/flutter_full_svg_support/test/golden_comparison/golden_comparison_test.dart: Golden Comparison Tests Golden: dart matches browser render                     00:24 +1474 ~1 -2: /Users/denisnadey/apps/flutter_full_svg_support/test/golden_comparison/golden_comparison_test.dart: Golden Comparison Tests Golden: dart matches browser render                     00:24 +1475 ~1 -2: /Users/denisnadey/apps/flutter_full_svg_support/test/golden_comparison/golden_comparison_test.dart: Golden Comparison Tests Golden: dart matches browser render                     00:24 +1476 ~1 -2: /Users/denisnadey/apps/flutter_full_svg_support/test/golden_comparison/golden_comparison_test.dart: Golden Comparison Tests Golden: dart matches browser render                     00:24 +1477 ~1 -2: /Users/denisnadey/apps/flutter_full_svg_support/test/golden_comparison/golden_comparison_test.dart: Golden Comparison Tests Golden: dart matches browser render                     00:24 +1478 ~1 -2: /Users/denisnadey/apps/flutter_full_svg_support/test/golden_comparison/golden_comparison_test.dart: Golden Comparison Tests Golden: dart matches browser render                     00:24 +1479 ~1 -2: /Users/denisnadey/apps/flutter_full_svg_support/test/golden_comparison/golden_comparison_test.dart: Golden Comparison Tests Golden: dart matches browser render                     00:24 +1480 ~1 -2: /Users/denisnadey/apps/flutter_full_svg_support/test/golden_comparison/golden_comparison_test.dart: Golden Comparison Tests Golden: dart matches browser render                     00:24 +1481 ~1 -2: /Users/denisnadey/apps/flutter_full_svg_support/test/golden_comparison/golden_comparison_test.dart: Golden Comparison Tests Golden: dart matches browser render                     00:24 +1482 ~1 -2: /Users/denisnadey/apps/flutter_full_svg_support/test/golden_comparison/golden_comparison_test.dart: Golden Comparison Tests Golden: dart matches browser render                     00:24 +1483 ~1 -2: /Users/denisnadey/apps/flutter_full_svg_support/test/golden_comparison/golden_comparison_test.dart: Golden Comparison Tests Golden: dart matches browser render                     00:24 +1484 ~1 -2: /Users/denisnadey/apps/flutter_full_svg_support/test/golden_comparison/golden_comparison_test.dart: Golden Comparison Tests Golden: dart matches browser render                     00:24 +1485 ~1 -2: /Users/denisnadey/apps/flutter_full_svg_support/test/golden_comparison/golden_comparison_test.dart: Golden Comparison Tests Golden: dart matches browser render                     00:24 +1486 ~1 -2: /Users/denisnadey/apps/flutter_full_svg_support/test/golden_comparison/golden_comparison_test.dart: Golden Comparison Tests Golden: dart matches browser render                     00:24 +1487 ~1 -2: /Users/denisnadey/apps/flutter_full_svg_support/test/golden_comparison/golden_comparison_test.dart: Golden Comparison Tests Golden: dart matches browser render                     00:24 +1488 ~1 -2: /Users/denisnadey/apps/flutter_full_svg_support/test/golden_comparison/golden_comparison_test.dart: Golden Comparison Tests Golden: dart matches browser render                     00:24 +1489 ~1 -2: /Users/denisnadey/apps/flutter_full_svg_support/test/golden_comparison/golden_comparison_test.dart: Golden Comparison Tests Golden: dart matches browser render                     00:24 +1490 ~1 -2: /Users/denisnadey/apps/flutter_full_svg_support/test/golden_comparison/golden_comparison_test.dart: Golden Comparison Tests Golden: dart matches browser render                     00:24 +1491 ~1 -2: /Users/denisnadey/apps/flutter_full_svg_support/test/golden_comparison/golden_comparison_test.dart: Golden Comparison Tests Golden: dart matches browser render                     00:24 +1492 ~1 -2: /Users/denisnadey/apps/flutter_full_svg_support/test/golden_comparison/golden_comparison_test.dart: Golden Comparison Tests Golden: dart matches browser render                     00:24 +1493 ~1 -2: /Users/denisnadey/apps/flutter_full_svg_support/test/golden_comparison/golden_comparison_test.dart: Golden Comparison Tests Golden: dart matches browser render                     00:24 +1494 ~1 -2: /Users/denisnadey/apps/flutter_full_svg_support/test/golden_comparison/golden_comparison_test.dart: Golden Comparison Tests Golden: dart matches browser render                     00:24 +1495 ~1 -2: /Users/denisnadey/apps/flutter_full_svg_support/test/golden_comparison/golden_comparison_test.dart: Golden Comparison Tests Golden: dart matches browser render                     00:24 +1496 ~1 -2: /Users/denisnadey/apps/flutter_full_svg_support/test/golden_comparison/golden_comparison_test.dart: Golden Comparison Tests Golden: dart matches browser render                     00:24 +1497 ~1 -2: /Users/denisnadey/apps/flutter_full_svg_support/test/golden_comparison/golden_comparison_test.dart: Golden Comparison Tests Golden: dart matches browser render                     00:24 +1498 ~1 -2: /Users/denisnadey/apps/flutter_full_svg_support/test/golden_comparison/golden_comparison_test.dart: Golden Comparison Tests Golden: dart matches browser render                     00:24 +1499 ~1 -2: /Users/denisnadey/apps/flutter_full_svg_support/test/golden_comparison/golden_comparison_test.dart: Golden Comparison Tests Golden: dart matches browser render                     00:24 +1500 ~1 -2: /Users/denisnadey/apps/flutter_full_svg_support/test/golden_comparison/golden_comparison_test.dart: Golden Comparison Tests Golden: dart matches browser render                     00:24 +1501 ~1 -2: /Users/denisnadey/apps/flutter_full_svg_support/test/golden_comparison/golden_comparison_test.dart: Golden Comparison Tests Golden: dart matches browser render                     00:24 +1502 ~1 -2: /Users/denisnadey/apps/flutter_full_svg_support/test/golden_comparison/golden_comparison_test.dart: Golden Comparison Tests Golden: dart matches browser render                     00:24 +1503 ~1 -2: /Users/denisnadey/apps/flutter_full_svg_support/test/golden_comparison/golden_comparison_test.dart: Golden Comparison Tests Golden: dart matches browser render                     00:24 +1504 ~1 -2: /Users/denisnadey/apps/flutter_full_svg_support/test/golden_comparison/golden_comparison_test.dart: Golden Comparison Tests Golden: dart matches browser render                     00:24 +1505 ~1 -2: /Users/denisnadey/apps/flutter_full_svg_support/test/golden_comparison/golden_comparison_test.dart: Golden Comparison Tests Golden: dart matches browser render                     00:24 +1506 ~1 -2: /Users/denisnadey/apps/flutter_full_svg_support/test/golden_comparison/golden_comparison_test.dart: Golden Comparison Tests Golden: dart matches browser render                     00:24 +1507 ~1 -2: /Users/denisnadey/apps/flutter_full_svg_support/test/golden_comparison/golden_comparison_test.dart: Golden Comparison Tests Golden: dart matches browser render                     00:24 +1508 ~1 -2: /Users/denisnadey/apps/flutter_full_svg_support/test/golden_comparison/golden_comparison_test.dart: Golden Comparison Tests Golden: dart matches browser render                     00:24 +1509 ~1 -2: /Users/denisnadey/apps/flutter_full_svg_support/test/golden_comparison/golden_comparison_test.dart: Golden Comparison Tests Golden: dart matches browser render                     00:24 +1510 ~1 -2: /Users/denisnadey/apps/flutter_full_svg_support/test/golden_comparison/golden_comparison_test.dart: Golden Comparison Tests Golden: dart matches browser render                     00:24 +1511 ~1 -2: /Users/denisnadey/apps/flutter_full_svg_support/test/golden_comparison/golden_comparison_test.dart: Golden Comparison Tests Golden: dart matches browser render                     00:25 +1511 ~1 -2: /Users/denisnadey/apps/flutter_full_svg_support/test/golden_comparison/golden_comparison_test.dart: Golden Comparison Tests Golden: dart matches browser render                     00:25 +1512 ~1 -2: /Users/denisnadey/apps/flutter_full_svg_support/test/golden_comparison/golden_comparison_test.dart: Golden Comparison Tests Golden: dart matches browser render                     00:25 +1513 ~1 -2: /Users/denisnadey/apps/flutter_full_svg_support/test/golden_comparison/golden_comparison_test.dart: Golden Comparison Tests Golden: dart matches browser render                     00:25 +1514 ~1 -2: /Users/denisnadey/apps/flutter_full_svg_support/test/golden_comparison/golden_comparison_test.dart: Golden Comparison Tests Golden: dart matches browser render                     00:25 +1515 ~1 -2: /Users/denisnadey/apps/flutter_full_svg_support/test/golden_comparison/golden_comparison_test.dart: Golden Comparison Tests Golden: dart matches browser render                     00:25 +1516 ~1 -2: /Users/denisnadey/apps/flutter_full_svg_support/test/golden_comparison/golden_comparison_test.dart: Golden Comparison Tests Golden: dart matches browser render                     00:25 +1517 ~1 -2: /Users/denisnadey/apps/flutter_full_svg_support/test/golden_comparison/golden_comparison_test.dart: Golden Comparison Tests Golden: dart matches browser render                     00:25 +1518 ~1 -2: /Users/denisnadey/apps/flutter_full_svg_support/test/golden_comparison/golden_comparison_test.dart: Golden Comparison Tests Golden: dart matches browser render                     00:25 +1519 ~1 -2: /Users/denisnadey/apps/flutter_full_svg_support/test/golden_comparison/golden_comparison_test.dart: Golden Comparison Tests Golden: dart matches browser render                     00:25 +1520 ~1 -2: /Users/denisnadey/apps/flutter_full_svg_support/test/golden_comparison/golden_comparison_test.dart: Golden Comparison Tests Golden: dart matches browser render                     00:25 +1521 ~1 -2: /Users/denisnadey/apps/flutter_full_svg_support/test/golden_comparison/golden_comparison_test.dart: Golden Comparison Tests Golden: dart matches browser render                     00:25 +1522 ~1 -2: /Users/denisnadey/apps/flutter_full_svg_support/test/golden_comparison/golden_comparison_test.dart: Golden Comparison Tests Golden: dart matches browser render                     00:25 +1523 ~1 -2: /Users/denisnadey/apps/flutter_full_svg_support/test/golden_comparison/golden_comparison_test.dart: Golden Comparison Tests Golden: dart matches browser render                     00:25 +1524 ~1 -2: /Users/denisnadey/apps/flutter_full_svg_support/test/golden_comparison/golden_comparison_test.dart: Golden Comparison Tests Golden: dart matches browser render                     00:25 +1525 ~1 -2: /Users/denisnadey/apps/flutter_full_svg_support/test/golden_comparison/golden_comparison_test.dart: Golden Comparison Tests Golden: dart matches browser render                     00:25 +1526 ~1 -2: /Users/denisnadey/apps/flutter_full_svg_support/test/golden_comparison/golden_comparison_test.dart: Golden Comparison Tests Golden: dart matches browser render                     00:25 +1527 ~1 -2: /Users/denisnadey/apps/flutter_full_svg_support/test/golden_comparison/golden_comparison_test.dart: Golden Comparison Tests Golden: dart matches browser render                     00:25 +1528 ~1 -2: /Users/denisnadey/apps/flutter_full_svg_support/test/golden_comparison/golden_comparison_test.dart: Golden Comparison Tests Golden: dart matches browser render                     00:25 +1529 ~1 -2: /Users/denisnadey/apps/flutter_full_svg_support/test/golden_comparison/golden_comparison_test.dart: Golden Comparison Tests Golden: dart matches browser render                     00:25 +1530 ~1 -2: /Users/denisnadey/apps/flutter_full_svg_support/test/golden_comparison/golden_comparison_test.dart: Golden Comparison Tests Golden: dart matches browser render                     00:25 +1531 ~1 -2: /Users/denisnadey/apps/flutter_full_svg_support/test/golden_comparison/golden_comparison_test.dart: Golden Comparison Tests Golden: dart matches browser render                     00:25 +1532 ~1 -2: /Users/denisnadey/apps/flutter_full_svg_support/test/golden_comparison/golden_comparison_test.dart: Golden Comparison Tests Golden: dart matches browser render                     00:25 +1533 ~1 -2: /Users/denisnadey/apps/flutter_full_svg_support/test/golden_comparison/golden_comparison_test.dart: Golden Comparison Tests Golden: dart matches browser render                     00:25 +1534 ~1 -2: /Users/denisnadey/apps/flutter_full_svg_support/test/golden_comparison/golden_comparison_test.dart: Golden Comparison Tests Golden: dart matches browser render                     00:25 +1535 ~1 -2: /Users/denisnadey/apps/flutter_full_svg_support/test/golden_comparison/golden_comparison_test.dart: Golden Comparison Tests Golden: dart matches browser render                     00:25 +1536 ~1 -2: /Users/denisnadey/apps/flutter_full_svg_support/test/golden_comparison/golden_comparison_test.dart: Golden Comparison Tests Golden: dart matches browser render                     00:25 +1537 ~1 -2: /Users/denisnadey/apps/flutter_full_svg_support/test/golden_comparison/golden_comparison_test.dart: Golden Comparison Tests Golden: dart matches browser render                     00:25 +1538 ~1 -2: /Users/denisnadey/apps/flutter_full_svg_support/test/golden_comparison/golden_comparison_test.dart: Golden Comparison Tests Golden: dart matches browser render                     00:25 +1539 ~1 -2: /Users/denisnadey/apps/flutter_full_svg_support/test/golden_comparison/golden_comparison_test.dart: Golden Comparison Tests Golden: dart matches browser render                     00:25 +1540 ~1 -2: /Users/denisnadey/apps/flutter_full_svg_support/test/golden_comparison/golden_comparison_test.dart: Golden Comparison Tests Golden: dart matches browser render                     00:25 +1541 ~1 -2: /Users/denisnadey/apps/flutter_full_svg_support/test/golden_comparison/golden_comparison_test.dart: Golden Comparison Tests Golden: dart matches browser render                     00:25 +1542 ~1 -2: /Users/denisnadey/apps/flutter_full_svg_support/test/golden_comparison/golden_comparison_test.dart: Golden Comparison Tests Golden: dart matches browser render                     00:25 +1543 ~1 -2: /Users/denisnadey/apps/flutter_full_svg_support/test/golden_comparison/golden_comparison_test.dart: Golden Comparison Tests Golden: dart matches browser render                     00:25 +1544 ~1 -2: /Users/denisnadey/apps/flutter_full_svg_support/test/golden_comparison/golden_comparison_test.dart: Golden Comparison Tests Golden: dart matches browser render                     00:25 +1545 ~1 -2: /Users/denisnadey/apps/flutter_full_svg_support/test/golden_comparison/golden_comparison_test.dart: Golden Comparison Tests Golden: dart matches browser render                     00:25 +1546 ~1 -2: /Users/denisnadey/apps/flutter_full_svg_support/test/golden_comparison/golden_comparison_test.dart: Golden Comparison Tests Golden: dart matches browser render                     00:25 +1547 ~1 -2: /Users/denisnadey/apps/flutter_full_svg_support/test/golden_comparison/golden_comparison_test.dart: Golden Comparison Tests Golden: dart matches browser render                     00:25 +1548 ~1 -2: /Users/denisnadey/apps/flutter_full_svg_support/test/golden_comparison/golden_comparison_test.dart: Golden Comparison Tests Golden: dart matches browser render                     00:25 +1549 ~1 -2: /Users/denisnadey/apps/flutter_full_svg_support/test/golden_comparison/golden_comparison_test.dart: Golden Comparison Tests Golden: dart matches browser render                     00:25 +1550 ~1 -2: /Users/denisnadey/apps/flutter_full_svg_support/test/golden_comparison/golden_comparison_test.dart: Golden Comparison Tests Golden: dart matches browser render                     00:25 +1551 ~1 -2: /Users/denisnadey/apps/flutter_full_svg_support/test/golden_comparison/golden_comparison_test.dart: Golden Comparison Tests Golden: dart matches browser render                     00:25 +1552 ~1 -2: /Users/denisnadey/apps/flutter_full_svg_support/test/golden_comparison/golden_comparison_test.dart: Golden Comparison Tests Golden: dart matches browser render                     00:25 +1553 ~1 -2: /Users/denisnadey/apps/flutter_full_svg_support/test/golden_comparison/golden_comparison_test.dart: Golden Comparison Tests Golden: dart matches browser render                     00:25 +1554 ~1 -2: /Users/denisnadey/apps/flutter_full_svg_support/test/golden_comparison/golden_comparison_test.dart: Golden Comparison Tests Golden: dart matches browser render                     00:25 +1555 ~1 -2: /Users/denisnadey/apps/flutter_full_svg_support/test/golden_comparison/golden_comparison_test.dart: Golden Comparison Tests Golden: dart matches browser render                     00:25 +1556 ~1 -2: /Users/denisnadey/apps/flutter_full_svg_support/test/golden_comparison/golden_comparison_test.dart: Golden Comparison Tests Golden: dart matches browser render                     00:25 +1557 ~1 -2: /Users/denisnadey/apps/flutter_full_svg_support/test/golden_comparison/golden_comparison_test.dart: Golden Comparison Tests Golden: dart matches browser render                     00:25 +1558 ~1 -2: /Users/denisnadey/apps/flutter_full_svg_support/test/golden_comparison/golden_comparison_test.dart: Golden Comparison Tests Golden: dart matches browser render                     00:25 +1559 ~1 -2: /Users/denisnadey/apps/flutter_full_svg_support/test/golden_comparison/golden_comparison_test.dart: Golden Comparison Tests Golden: dart matches browser render                     00:25 +1560 ~1 -2: /Users/denisnadey/apps/flutter_full_svg_support/test/golden_comparison/golden_comparison_test.dart: Golden Comparison Tests Golden: dart matches browser render                     00:25 +1561 ~1 -2: /Users/denisnadey/apps/flutter_full_svg_support/test/golden_comparison/golden_comparison_test.dart: Golden Comparison Tests Golden: dart matches browser render                     00:25 +1562 ~1 -2: /Users/denisnadey/apps/flutter_full_svg_support/test/golden_comparison/golden_comparison_test.dart: Golden Comparison Tests Golden: dart matches browser render                     00:25 +1563 ~1 -2: /Users/denisnadey/apps/flutter_full_svg_support/test/golden_comparison/golden_comparison_test.dart: Golden Comparison Tests Golden: dart matches browser render                     00:25 +1564 ~1 -2: /Users/denisnadey/apps/flutter_full_svg_support/test/golden_comparison/golden_comparison_test.dart: Golden Comparison Tests Golden: dart matches browser render                     00:25 +1565 ~1 -2: /Users/denisnadey/apps/flutter_full_svg_support/test/golden_comparison/golden_comparison_test.dart: Golden Comparison Tests Golden: dart matches browser render                     00:25 +1566 ~1 -2: /Users/denisnadey/apps/flutter_full_svg_support/test/golden_comparison/golden_comparison_test.dart: Golden Comparison Tests Golden: dart matches browser render                     00:25 +1567 ~1 -2: /Users/denisnadey/apps/flutter_full_svg_support/test/golden_comparison/golden_comparison_test.dart: Golden Comparison Tests Golden: dart matches browser render                     00:25 +1568 ~1 -2: /Users/denisnadey/apps/flutter_full_svg_support/test/golden_comparison/golden_comparison_test.dart: Golden Comparison Tests Golden: dart matches browser render                     00:25 +1569 ~1 -2: /Users/denisnadey/apps/flutter_full_svg_support/test/golden_comparison/golden_comparison_test.dart: Golden Comparison Tests Golden: dart matches browser render                     00:25 +1570 ~1 -2: /Users/denisnadey/apps/flutter_full_svg_support/test/golden_comparison/golden_comparison_test.dart: Golden Comparison Tests Golden: dart matches browser render                     00:25 +1571 ~1 -2: /Users/denisnadey/apps/flutter_full_svg_support/test/golden_comparison/golden_comparison_test.dart: Golden Comparison Tests Golden: dart matches browser render                     00:25 +1572 ~1 -2: /Users/denisnadey/apps/flutter_full_svg_support/test/golden_comparison/golden_comparison_test.dart: Golden Comparison Tests Golden: dart matches browser render                     00:25 +1573 ~1 -2: /Users/denisnadey/apps/flutter_full_svg_support/test/golden_comparison/golden_comparison_test.dart: Golden Comparison Tests Golden: dart matches browser render                     00:25 +1574 ~1 -2: /Users/denisnadey/apps/flutter_full_svg_support/test/golden_comparison/golden_comparison_test.dart: Golden Comparison Tests Golden: dart matches browser render                     00:25 +1575 ~1 -2: /Users/denisnadey/apps/flutter_full_svg_support/test/golden_comparison/golden_comparison_test.dart: Golden Comparison Tests Golden: dart matches browser render                     00:25 +1576 ~1 -2: /Users/denisnadey/apps/flutter_full_svg_support/test/golden_comparison/golden_comparison_test.dart: Golden Comparison Tests Golden: dart matches browser render                     00:25 +1577 ~1 -2: /Users/denisnadey/apps/flutter_full_svg_support/test/golden_comparison/golden_comparison_test.dart: Golden Comparison Tests Golden: dart matches browser render                     00:25 +1578 ~1 -2: /Users/denisnadey/apps/flutter_full_svg_support/test/golden_comparison/golden_comparison_test.dart: Golden Comparison Tests Golden: dart matches browser render                     00:25 +1579 ~1 -2: /Users/denisnadey/apps/flutter_full_svg_support/test/golden_comparison/golden_comparison_test.dart: Golden Comparison Tests Golden: dart matches browser render                     00:25 +1580 ~1 -2: /Users/denisnadey/apps/flutter_full_svg_support/test/golden_comparison/golden_comparison_test.dart: Golden Comparison Tests Golden: dart matches browser render                     00:25 +1581 ~1 -2: /Users/denisnadey/apps/flutter_full_svg_support/test/golden_comparison/golden_comparison_test.dart: Golden Comparison Tests Golden: dart matches browser render                     00:25 +1582 ~1 -2: /Users/denisnadey/apps/flutter_full_svg_support/test/golden_comparison/golden_comparison_test.dart: Golden Comparison Tests Golden: dart matches browser render                     00:25 +1583 ~1 -2: /Users/denisnadey/apps/flutter_full_svg_support/test/golden_comparison/golden_comparison_test.dart: Golden Comparison Tests Golden: dart matches browser render                     00:25 +1584 ~1 -2: /Users/denisnadey/apps/flutter_full_svg_support/test/golden_comparison/golden_comparison_test.dart: Golden Comparison Tests Golden: dart matches browser render                     00:25 +1585 ~1 -2: /Users/denisnadey/apps/flutter_full_svg_support/test/golden_comparison/golden_comparison_test.dart: Golden Comparison Tests Golden: dart matches browser render                     00:25 +1586 ~1 -2: /Users/denisnadey/apps/flutter_full_svg_support/test/golden_comparison/golden_comparison_test.dart: Golden Comparison Tests Golden: dart matches browser render                     00:25 +1587 ~1 -2: /Users/denisnadey/apps/flutter_full_svg_support/test/golden_comparison/golden_comparison_test.dart: Golden Comparison Tests Golden: dart matches browser render                     00:25 +1588 ~1 -2: /Users/denisnadey/apps/flutter_full_svg_support/test/golden_comparison/golden_comparison_test.dart: Golden Comparison Tests Golden: dart matches browser render                     00:25 +1589 ~1 -2: /Users/denisnadey/apps/flutter_full_svg_support/test/golden_comparison/golden_comparison_test.dart: Golden Comparison Tests Golden: dart matches browser render                     00:25 +1590 ~1 -2: /Users/denisnadey/apps/flutter_full_svg_support/test/golden_comparison/golden_comparison_test.dart: Golden Comparison Tests Golden: dart matches browser render                     00:25 +1591 ~1 -2: /Users/denisnadey/apps/flutter_full_svg_support/test/golden_comparison/golden_comparison_test.dart: Golden Comparison Tests Golden: dart matches browser render                     00:25 +1592 ~1 -2: /Users/denisnadey/apps/flutter_full_svg_support/test/golden_comparison/golden_comparison_test.dart: Golden Comparison Tests Golden: dart matches browser render                     00:25 +1593 ~1 -2: /Users/denisnadey/apps/flutter_full_svg_support/test/golden_comparison/golden_comparison_test.dart: Golden Comparison Tests Golden: dart matches browser render                     00:25 +1594 ~1 -2: /Users/denisnadey/apps/flutter_full_svg_support/test/golden_comparison/golden_comparison_test.dart: Golden Comparison Tests Golden: dart matches browser render                     00:25 +1595 ~1 -2: /Users/denisnadey/apps/flutter_full_svg_support/test/golden_comparison/golden_comparison_test.dart: Golden Comparison Tests Golden: dart matches browser render                     00:25 +1596 ~1 -2: /Users/denisnadey/apps/flutter_full_svg_support/test/golden_comparison/golden_comparison_test.dart: Golden Comparison Tests Golden: dart matches browser render                     00:25 +1597 ~1 -2: /Users/denisnadey/apps/flutter_full_svg_support/test/golden_comparison/golden_comparison_test.dart: Golden Comparison Tests Golden: dart matches browser render                     00:25 +1598 ~1 -2: /Users/denisnadey/apps/flutter_full_svg_support/test/golden_comparison/golden_comparison_test.dart: Golden Comparison Tests Golden: dart matches browser render                     00:25 +1599 ~1 -2: /Users/denisnadey/apps/flutter_full_svg_support/test/golden_comparison/golden_comparison_test.dart: Golden Comparison Tests Golden: dart matches browser render                     00:25 +1600 ~1 -2: /Users/denisnadey/apps/flutter_full_svg_support/test/golden_comparison/golden_comparison_test.dart: Golden Comparison Tests Golden: dart matches browser render                     00:25 +1601 ~1 -2: /Users/denisnadey/apps/flutter_full_svg_support/test/golden_comparison/golden_comparison_test.dart: Golden Comparison Tests Golden: dart matches browser render                     00:25 +1602 ~1 -2: /Users/denisnadey/apps/flutter_full_svg_support/test/golden_comparison/golden_comparison_test.dart: Golden Comparison Tests Golden: dart matches browser render                     00:25 +1603 ~1 -2: /Users/denisnadey/apps/flutter_full_svg_support/test/golden_comparison/golden_comparison_test.dart: Golden Comparison Tests Golden: dart matches browser render                     00:25 +1604 ~1 -2: /Users/denisnadey/apps/flutter_full_svg_support/test/golden_comparison/golden_comparison_test.dart: Golden Comparison Tests Golden: dart matches browser render                     00:25 +1605 ~1 -2: /Users/denisnadey/apps/flutter_full_svg_support/test/golden_comparison/golden_comparison_test.dart: Golden Comparison Tests Golden: dart matches browser render                     00:25 +1606 ~1 -2: /Users/denisnadey/apps/flutter_full_svg_support/test/golden_comparison/golden_comparison_test.dart: Golden Comparison Tests Golden: dart matches browser render                     00:25 +1607 ~1 -2: /Users/denisnadey/apps/flutter_full_svg_support/test/golden_comparison/golden_comparison_test.dart: Golden Comparison Tests Golden: dart matches browser render                     00:25 +1608 ~1 -2: /Users/denisnadey/apps/flutter_full_svg_support/test/golden_comparison/golden_comparison_test.dart: Golden Comparison Tests Golden: dart matches browser render                     00:25 +1609 ~1 -2: /Users/denisnadey/apps/flutter_full_svg_support/test/golden_comparison/golden_comparison_test.dart: Golden Comparison Tests Golden: dart matches browser render                     00:25 +1610 ~1 -2: /Users/denisnadey/apps/flutter_full_svg_support/test/golden_comparison/golden_comparison_test.dart: Golden Comparison Tests Golden: dart matches browser render                     00:25 +1611 ~1 -2: /Users/denisnadey/apps/flutter_full_svg_support/test/golden_comparison/golden_comparison_test.dart: Golden Comparison Tests Golden: dart matches browser render                     00:25 +1612 ~1 -2: /Users/denisnadey/apps/flutter_full_svg_support/test/golden_comparison/golden_comparison_test.dart: Golden Comparison Tests Golden: dart matches browser render                     00:25 +1613 ~1 -2: /Users/denisnadey/apps/flutter_full_svg_support/test/golden_comparison/golden_comparison_test.dart: Golden Comparison Tests Golden: dart matches browser render                     00:25 +1614 ~1 -2: /Users/denisnadey/apps/flutter_full_svg_support/test/golden_comparison/golden_comparison_test.dart: Golden Comparison Tests Golden: dart matches browser render                     00:25 +1615 ~1 -2: /Users/denisnadey/apps/flutter_full_svg_support/test/golden_comparison/golden_comparison_test.dart: Golden Comparison Tests Golden: dart matches browser render                     00:25 +1616 ~1 -2: /Users/denisnadey/apps/flutter_full_svg_support/test/golden_comparison/golden_comparison_test.dart: Golden Comparison Tests Golden: dart matches browser render                     00:25 +1617 ~1 -2: /Users/denisnadey/apps/flutter_full_svg_support/test/golden_comparison/golden_comparison_test.dart: Golden Comparison Tests Golden: dart matches browser render                     00:25 +1618 ~1 -2: /Users/denisnadey/apps/flutter_full_svg_support/test/golden_comparison/golden_comparison_test.dart: Golden Comparison Tests Golden: dart matches browser render                     00:25 +1619 ~1 -2: /Users/denisnadey/apps/flutter_full_svg_support/test/golden_comparison/golden_comparison_test.dart: Golden Comparison Tests Golden: dart matches browser render                     00:25 +1620 ~1 -2: /Users/denisnadey/apps/flutter_full_svg_support/test/golden_comparison/golden_comparison_test.dart: Golden Comparison Tests Golden: dart matches browser render                     00:25 +1621 ~1 -2: /Users/denisnadey/apps/flutter_full_svg_support/test/golden_comparison/golden_comparison_test.dart: Golden Comparison Tests Golden: dart matches browser render                     00:25 +1622 ~1 -2: /Users/denisnadey/apps/flutter_full_svg_support/test/golden_comparison/golden_comparison_test.dart: Golden Comparison Tests Golden: dart matches browser render                     00:25 +1623 ~1 -2: /Users/denisnadey/apps/flutter_full_svg_support/test/golden_comparison/golden_comparison_test.dart: Golden Comparison Tests Golden: dart matches browser render                     00:25 +1624 ~1 -2: /Users/denisnadey/apps/flutter_full_svg_support/test/golden_comparison/golden_comparison_test.dart: Golden Comparison Tests Golden: dart matches browser render                     00:25 +1625 ~1 -2: /Users/denisnadey/apps/flutter_full_svg_support/test/golden_comparison/golden_comparison_test.dart: Golden Comparison Tests Golden: dart matches browser render                     00:25 +1626 ~1 -2: /Users/denisnadey/apps/flutter_full_svg_support/test/golden_comparison/golden_comparison_test.dart: Golden Comparison Tests Golden: dart matches browser render                     00:25 +1627 ~1 -2: /Users/denisnadey/apps/flutter_full_svg_support/test/golden_comparison/golden_comparison_test.dart: Golden Comparison Tests Golden: dart matches browser render                     00:25 +1628 ~1 -2: /Users/denisnadey/apps/flutter_full_svg_support/test/golden_comparison/golden_comparison_test.dart: Golden Comparison Tests Golden: dart matches browser render                     00:25 +1629 ~1 -2: /Users/denisnadey/apps/flutter_full_svg_support/test/golden_comparison/golden_comparison_test.dart: Golden Comparison Tests Golden: dart matches browser render                     00:25 +1630 ~1 -2: /Users/denisnadey/apps/flutter_full_svg_support/test/golden_comparison/golden_comparison_test.dart: Golden Comparison Tests Golden: dart matches browser render                     00:25 +1631 ~1 -2: /Users/denisnadey/apps/flutter_full_svg_support/test/golden_comparison/golden_comparison_test.dart: Golden Comparison Tests Golden: dart matches browser render                     00:25 +1632 ~1 -2: /Users/denisnadey/apps/flutter_full_svg_support/test/golden_comparison/golden_comparison_test.dart: Golden Comparison Tests Golden: dart matches browser render                     00:25 +1633 ~1 -2: /Users/denisnadey/apps/flutter_full_svg_support/test/golden_comparison/golden_comparison_test.dart: Golden Comparison Tests Golden: dart matches browser render                     00:25 +1634 ~1 -2: /Users/denisnadey/apps/flutter_full_svg_support/test/golden_comparison/golden_comparison_test.dart: Golden Comparison Tests Golden: dart matches browser render                     00:25 +1635 ~1 -2: /Users/denisnadey/apps/flutter_full_svg_support/test/golden_comparison/golden_comparison_test.dart: Golden Comparison Tests Golden: dart matches browser render                     00:25 +1636 ~1 -2: /Users/denisnadey/apps/flutter_full_svg_support/test/golden_comparison/golden_comparison_test.dart: Golden Comparison Tests Golden: dart matches browser render                     00:25 +1637 ~1 -2: /Users/denisnadey/apps/flutter_full_svg_support/test/golden_comparison/golden_comparison_test.dart: Golden Comparison Tests Golden: dart matches browser render                     00:25 +1638 ~1 -2: /Users/denisnadey/apps/flutter_full_svg_support/test/golden_comparison/golden_comparison_test.dart: Golden Comparison Tests Golden: dart matches browser render                     00:25 +1639 ~1 -2: /Users/denisnadey/apps/flutter_full_svg_support/test/golden_comparison/golden_comparison_test.dart: Golden Comparison Tests Golden: dart matches browser render                     00:25 +1640 ~1 -2: /Users/denisnadey/apps/flutter_full_svg_support/test/golden_comparison/golden_comparison_test.dart: Golden Comparison Tests Golden: dart matches browser render                     00:25 +1641 ~1 -2: /Users/denisnadey/apps/flutter_full_svg_support/test/golden_comparison/golden_comparison_test.dart: Golden Comparison Tests Golden: dart matches browser render                     00:25 +1642 ~1 -2: /Users/denisnadey/apps/flutter_full_svg_support/test/golden_comparison/golden_comparison_test.dart: Golden Comparison Tests Golden: dart matches browser render                     00:25 +1643 ~1 -2: /Users/denisnadey/apps/flutter_full_svg_support/test/golden_comparison/golden_comparison_test.dart: Golden Comparison Tests Golden: dart matches browser render                     00:25 +1644 ~1 -2: /Users/denisnadey/apps/flutter_full_svg_support/test/golden_comparison/golden_comparison_test.dart: Golden Comparison Tests Golden: dart matches browser render                     00:25 +1645 ~1 -2: /Users/denisnadey/apps/flutter_full_svg_support/test/golden_comparison/golden_comparison_test.dart: Golden Comparison Tests Golden: dart matches browser render                     00:25 +1646 ~1 -2: /Users/denisnadey/apps/flutter_full_svg_support/test/golden_comparison/golden_comparison_test.dart: Golden Comparison Tests Golden: dart matches browser render                     00:25 +1647 ~1 -2: /Users/denisnadey/apps/flutter_full_svg_support/test/golden_comparison/golden_comparison_test.dart: Golden Comparison Tests Golden: dart matches browser render                     00:25 +1648 ~1 -2: /Users/denisnadey/apps/flutter_full_svg_support/test/golden_comparison/golden_comparison_test.dart: Golden Comparison Tests Golden: dart matches browser render                     00:25 +1649 ~1 -2: /Users/denisnadey/apps/flutter_full_svg_support/test/golden_comparison/golden_comparison_test.dart: Golden Comparison Tests Golden: dart matches browser render                     00:25 +1650 ~1 -2: /Users/denisnadey/apps/flutter_full_svg_support/test/golden_comparison/golden_comparison_test.dart: Golden Comparison Tests Golden: dart matches browser render                     00:25 +1651 ~1 -2: /Users/denisnadey/apps/flutter_full_svg_support/test/golden_comparison/golden_comparison_test.dart: Golden Comparison Tests Golden: dart matches browser render                     00:25 +1652 ~1 -2: /Users/denisnadey/apps/flutter_full_svg_support/test/golden_comparison/golden_comparison_test.dart: Golden Comparison Tests Golden: dart matches browser render                     00:25 +1653 ~1 -2: /Users/denisnadey/apps/flutter_full_svg_support/test/golden_comparison/golden_comparison_test.dart: Golden Comparison Tests Golden: dart matches browser render                     00:25 +1654 ~1 -2: /Users/denisnadey/apps/flutter_full_svg_support/test/golden_comparison/golden_comparison_test.dart: Golden Comparison Tests Golden: dart matches browser render                     00:25 +1655 ~1 -2: /Users/denisnadey/apps/flutter_full_svg_support/test/golden_comparison/golden_comparison_test.dart: Golden Comparison Tests Golden: dart matches browser render                     00:25 +1656 ~1 -2: /Users/denisnadey/apps/flutter_full_svg_support/test/golden_comparison/golden_comparison_test.dart: Golden Comparison Tests Golden: dart matches browser render                     00:25 +1657 ~1 -2: /Users/denisnadey/apps/flutter_full_svg_support/test/golden_comparison/golden_comparison_test.dart: Golden Comparison Tests Golden: dart matches browser render                     00:25 +1658 ~1 -2: /Users/denisnadey/apps/flutter_full_svg_support/test/golden_comparison/golden_comparison_test.dart: Golden Comparison Tests Golden: dart matches browser render                     00:25 +1659 ~1 -2: /Users/denisnadey/apps/flutter_full_svg_support/test/golden_comparison/golden_comparison_test.dart: Golden Comparison Tests Golden: dart matches browser render                     00:25 +1660 ~1 -2: /Users/denisnadey/apps/flutter_full_svg_support/test/golden_comparison/golden_comparison_test.dart: Golden Comparison Tests Golden: dart matches browser render                     00:25 +1661 ~1 -2: /Users/denisnadey/apps/flutter_full_svg_support/test/golden_comparison/golden_comparison_test.dart: Golden Comparison Tests Golden: dart matches browser render                     00:25 +1662 ~1 -2: /Users/denisnadey/apps/flutter_full_svg_support/test/golden_comparison/golden_comparison_test.dart: Golden Comparison Tests Golden: dart matches browser render                     00:25 +1663 ~1 -2: /Users/denisnadey/apps/flutter_full_svg_support/test/golden_comparison/golden_comparison_test.dart: Golden Comparison Tests Golden: dart matches browser render                     00:25 +1664 ~1 -2: /Users/denisnadey/apps/flutter_full_svg_support/test/golden_comparison/golden_comparison_test.dart: Golden Comparison Tests Golden: dart matches browser render                     00:25 +1665 ~1 -2: /Users/denisnadey/apps/flutter_full_svg_support/test/golden_comparison/golden_comparison_test.dart: Golden Comparison Tests Golden: dart matches browser render                     00:25 +1666 ~1 -2: /Users/denisnadey/apps/flutter_full_svg_support/test/golden_comparison/golden_comparison_test.dart: Golden Comparison Tests Golden: dart matches browser render                     00:25 +1667 ~1 -2: /Users/denisnadey/apps/flutter_full_svg_support/test/golden_comparison/golden_comparison_test.dart: Golden Comparison Tests Golden: dart matches browser render                     00:25 +1668 ~1 -2: /Users/denisnadey/apps/flutter_full_svg_support/test/golden_comparison/golden_comparison_test.dart: Golden Comparison Tests Golden: dart matches browser render                     00:25 +1669 ~1 -2: /Users/denisnadey/apps/flutter_full_svg_support/test/golden_comparison/golden_comparison_test.dart: Golden Comparison Tests Golden: dart matches browser render                     00:26 +1670 ~1 -2: /Users/denisnadey/apps/flutter_full_svg_support/test/golden_comparison/golden_comparison_test.dart: Golden Comparison Tests Golden: dart matches browser render                     00:26 +1671 ~1 -2: /Users/denisnadey/apps/flutter_full_svg_support/test/golden_comparison/golden_comparison_test.dart: Golden Comparison Tests Golden: dart matches browser render                     00:26 +1672 ~1 -2: /Users/denisnadey/apps/flutter_full_svg_support/test/golden_comparison/golden_comparison_test.dart: Golden Comparison Tests Golden: dart matches browser render                     00:26 +1673 ~1 -2: /Users/denisnadey/apps/flutter_full_svg_support/test/golden_comparison/golden_comparison_test.dart: Golden Comparison Tests Golden: dart matches browser render                     00:26 +1674 ~1 -2: /Users/denisnadey/apps/flutter_full_svg_support/test/golden_comparison/golden_comparison_test.dart: Golden Comparison Tests Golden: dart matches browser render                     00:26 +1675 ~1 -2: /Users/denisnadey/apps/flutter_full_svg_support/test/golden_comparison/golden_comparison_test.dart: Golden Comparison Tests Golden: dart matches browser render                     00:26 +1676 ~1 -2: /Users/denisnadey/apps/flutter_full_svg_support/test/golden_comparison/golden_comparison_test.dart: Golden Comparison Tests Golden: dart matches browser render                     00:26 +1677 ~1 -2: /Users/denisnadey/apps/flutter_full_svg_support/test/golden_comparison/golden_comparison_test.dart: Golden Comparison Tests Golden: dart matches browser render                     00:26 +1678 ~1 -2: /Users/denisnadey/apps/flutter_full_svg_support/test/golden_comparison/golden_comparison_test.dart: Golden Comparison Tests Golden: dart matches browser render                     00:26 +1679 ~1 -2: /Users/denisnadey/apps/flutter_full_svg_support/test/golden_comparison/golden_comparison_test.dart: Golden Comparison Tests Golden: dart matches browser render                     00:26 +1680 ~1 -2: /Users/denisnadey/apps/flutter_full_svg_support/test/golden_comparison/golden_comparison_test.dart: Golden Comparison Tests Golden: dart matches browser render                     00:26 +1681 ~1 -2: /Users/denisnadey/apps/flutter_full_svg_support/test/golden_comparison/golden_comparison_test.dart: Golden Comparison Tests Golden: dart matches browser render                     00:26 +1682 ~1 -2: /Users/denisnadey/apps/flutter_full_svg_support/test/golden_comparison/golden_comparison_test.dart: Golden Comparison Tests Golden: dart matches browser render                     00:26 +1683 ~1 -2: /Users/denisnadey/apps/flutter_full_svg_support/test/golden_comparison/golden_comparison_test.dart: Golden Comparison Tests Golden: dart matches browser render                     00:26 +1684 ~1 -2: /Users/denisnadey/apps/flutter_full_svg_support/test/golden_comparison/golden_comparison_test.dart: Golden Comparison Tests Golden: dart matches browser render                     00:26 +1685 ~1 -2: /Users/denisnadey/apps/flutter_full_svg_support/test/golden_comparison/golden_comparison_test.dart: Golden Comparison Tests Golden: dart matches browser render                     00:26 +1686 ~1 -2: /Users/denisnadey/apps/flutter_full_svg_support/test/golden_comparison/golden_comparison_test.dart: Golden Comparison Tests Golden: dart matches browser render                     00:26 +1687 ~1 -2: /Users/denisnadey/apps/flutter_full_svg_support/test/golden_comparison/golden_comparison_test.dart: Golden Comparison Tests Golden: dart matches browser render                     00:26 +1688 ~1 -2: /Users/denisnadey/apps/flutter_full_svg_support/test/golden_comparison/golden_comparison_test.dart: Golden Comparison Tests Golden: dart matches browser render                     00:26 +1689 ~1 -2: /Users/denisnadey/apps/flutter_full_svg_support/test/golden_comparison/golden_comparison_test.dart: Golden Comparison Tests Golden: dart matches browser render                     00:26 +1690 ~1 -2: /Users/denisnadey/apps/flutter_full_svg_support/test/golden_comparison/golden_comparison_test.dart: Golden Comparison Tests Golden: dart matches browser render                     00:26 +1691 ~1 -2: /Users/denisnadey/apps/flutter_full_svg_support/test/golden_comparison/golden_comparison_test.dart: Golden Comparison Tests Golden: dart matches browser render                     00:26 +1692 ~1 -2: /Users/denisnadey/apps/flutter_full_svg_support/test/golden_comparison/golden_comparison_test.dart: Golden Comparison Tests Golden: dart matches browser render                     00:26 +1693 ~1 -2: /Users/denisnadey/apps/flutter_full_svg_support/test/golden_comparison/golden_comparison_test.dart: Golden Comparison Tests Golden: dart matches browser render                     00:26 +1694 ~1 -2: /Users/denisnadey/apps/flutter_full_svg_support/test/golden_comparison/golden_comparison_test.dart: Golden Comparison Tests Golden: dart matches browser render                     00:26 +1695 ~1 -2: /Users/denisnadey/apps/flutter_full_svg_support/test/golden_comparison/golden_comparison_test.dart: Golden Comparison Tests Golden: dart matches browser render                     00:26 +1696 ~1 -2: /Users/denisnadey/apps/flutter_full_svg_support/test/golden_comparison/golden_comparison_test.dart: Golden Comparison Tests Golden: dart matches browser render                     00:26 +1697 ~1 -2: /Users/denisnadey/apps/flutter_full_svg_support/test/golden_comparison/golden_comparison_test.dart: Golden Comparison Tests Golden: dart matches browser render                     00:26 +1698 ~1 -2: /Users/denisnadey/apps/flutter_full_svg_support/test/golden_comparison/golden_comparison_test.dart: Golden Comparison Tests Golden: dart matches browser render                     00:26 +1699 ~1 -2: /Users/denisnadey/apps/flutter_full_svg_support/test/golden_comparison/golden_comparison_test.dart: Golden Comparison Tests Golden: dart matches browser render                     00:26 +1700 ~1 -2: /Users/denisnadey/apps/flutter_full_svg_support/test/golden_comparison/golden_comparison_test.dart: Golden Comparison Tests Golden: dart matches browser render                     00:26 +1701 ~1 -2: /Users/denisnadey/apps/flutter_full_svg_support/test/golden_comparison/golden_comparison_test.dart: Golden Comparison Tests Golden: dart matches browser render                     00:26 +1702 ~1 -2: /Users/denisnadey/apps/flutter_full_svg_support/test/golden_comparison/golden_comparison_test.dart: Golden Comparison Tests Golden: dart matches browser render                     00:26 +1703 ~1 -2: /Users/denisnadey/apps/flutter_full_svg_support/test/golden_comparison/golden_comparison_test.dart: Golden Comparison Tests Golden: dart matches browser render                     00:26 +1704 ~1 -2: /Users/denisnadey/apps/flutter_full_svg_support/test/golden_comparison/golden_comparison_test.dart: Golden Comparison Tests Golden: dart matches browser render                     00:26 +1705 ~1 -2: /Users/denisnadey/apps/flutter_full_svg_support/test/golden_comparison/golden_comparison_test.dart: Golden Comparison Tests Golden: dart matches browser render                     00:26 +1706 ~1 -2: /Users/denisnadey/apps/flutter_full_svg_support/test/golden_comparison/golden_comparison_test.dart: Golden Comparison Tests Golden: dart matches browser render                     00:26 +1707 ~1 -2: /Users/denisnadey/apps/flutter_full_svg_support/test/golden_comparison/golden_comparison_test.dart: Golden Comparison Tests Golden: dart matches browser render                     00:26 +1708 ~1 -2: /Users/denisnadey/apps/flutter_full_svg_support/test/golden_comparison/golden_comparison_test.dart: Golden Comparison Tests Golden: dart matches browser render                     00:26 +1709 ~1 -2: /Users/denisnadey/apps/flutter_full_svg_support/test/golden_comparison/golden_comparison_test.dart: Golden Comparison Tests Golden: dart matches browser render                     00:26 +1710 ~1 -2: /Users/denisnadey/apps/flutter_full_svg_support/test/golden_comparison/golden_comparison_test.dart: Golden Comparison Tests Golden: dart matches browser render                     00:26 +1711 ~1 -2: /Users/denisnadey/apps/flutter_full_svg_support/test/golden_comparison/golden_comparison_test.dart: Golden Comparison Tests Golden: dart matches browser render                     00:26 +1712 ~1 -2: /Users/denisnadey/apps/flutter_full_svg_support/test/golden_comparison/golden_comparison_test.dart: Golden Comparison Tests Golden: dart matches browser render                     00:26 +1713 ~1 -2: /Users/denisnadey/apps/flutter_full_svg_support/test/golden_comparison/golden_comparison_test.dart: Golden Comparison Tests Golden: dart matches browser render                     00:26 +1714 ~1 -2: /Users/denisnadey/apps/flutter_full_svg_support/test/golden_comparison/golden_comparison_test.dart: Golden Comparison Tests Golden: dart matches browser render                     00:26 +1715 ~1 -2: /Users/denisnadey/apps/flutter_full_svg_support/test/golden_comparison/golden_comparison_test.dart: Golden Comparison Tests Golden: dart matches browser render                     00:26 +1716 ~1 -2: /Users/denisnadey/apps/flutter_full_svg_support/test/golden_comparison/golden_comparison_test.dart: Golden Comparison Tests Golden: dart matches browser render                     00:26 +1717 ~1 -2: /Users/denisnadey/apps/flutter_full_svg_support/test/golden_comparison/golden_comparison_test.dart: Golden Comparison Tests Golden: dart matches browser render                     00:26 +1718 ~1 -2: /Users/denisnadey/apps/flutter_full_svg_support/test/golden_comparison/golden_comparison_test.dart: Golden Comparison Tests Golden: dart matches browser render                     00:26 +1719 ~1 -2: /Users/denisnadey/apps/flutter_full_svg_support/test/golden_comparison/golden_comparison_test.dart: Golden Comparison Tests Golden: dart matches browser render                     00:26 +1720 ~1 -2: /Users/denisnadey/apps/flutter_full_svg_support/test/golden_comparison/golden_comparison_test.dart: Golden Comparison Tests Golden: dart matches browser render                     00:26 +1721 ~1 -2: /Users/denisnadey/apps/flutter_full_svg_support/test/golden_comparison/golden_comparison_test.dart: Golden Comparison Tests Golden: dart matches browser render                     00:26 +1722 ~1 -2: /Users/denisnadey/apps/flutter_full_svg_support/test/golden_comparison/golden_comparison_test.dart: Golden Comparison Tests Golden: dart matches browser render                     00:26 +1723 ~1 -2: /Users/denisnadey/apps/flutter_full_svg_support/test/golden_comparison/golden_comparison_test.dart: Golden Comparison Tests Golden: dart matches browser render                     00:26 +1724 ~1 -2: /Users/denisnadey/apps/flutter_full_svg_support/test/golden_comparison/golden_comparison_test.dart: Golden Comparison Tests Golden: dart matches browser render                     00:26 +1725 ~1 -2: /Users/denisnadey/apps/flutter_full_svg_support/test/golden_comparison/golden_comparison_test.dart: Golden Comparison Tests Golden: dart matches browser render                     00:26 +1726 ~1 -2: /Users/denisnadey/apps/flutter_full_svg_support/test/golden_comparison/golden_comparison_test.dart: Golden Comparison Tests Golden: dart matches browser render                     00:26 +1727 ~1 -2: /Users/denisnadey/apps/flutter_full_svg_support/test/golden_comparison/golden_comparison_test.dart: Golden Comparison Tests Golden: dart matches browser render                     00:26 +1728 ~1 -2: /Users/denisnadey/apps/flutter_full_svg_support/test/golden_comparison/golden_comparison_test.dart: Golden Comparison Tests Golden: dart matches browser render                     00:26 +1729 ~1 -2: /Users/denisnadey/apps/flutter_full_svg_support/test/golden_comparison/golden_comparison_test.dart: Golden Comparison Tests Golden: dart matches browser render                     00:26 +1730 ~1 -2: /Users/denisnadey/apps/flutter_full_svg_support/test/golden_comparison/golden_comparison_test.dart: Golden Comparison Tests Golden: dart matches browser render                     00:26 +1731 ~1 -2: /Users/denisnadey/apps/flutter_full_svg_support/test/golden_comparison/golden_comparison_test.dart: Golden Comparison Tests Golden: dart matches browser render                     00:26 +1732 ~1 -2: /Users/denisnadey/apps/flutter_full_svg_support/test/golden_comparison/golden_comparison_test.dart: Golden Comparison Tests Golden: dart matches browser render                     00:26 +1733 ~1 -2: /Users/denisnadey/apps/flutter_full_svg_support/test/golden_comparison/golden_comparison_test.dart: Golden Comparison Tests Golden: dart matches browser render                     00:26 +1734 ~1 -2: /Users/denisnadey/apps/flutter_full_svg_support/test/golden_comparison/golden_comparison_test.dart: Golden Comparison Tests Golden: dart matches browser render                     00:26 +1735 ~1 -2: /Users/denisnadey/apps/flutter_full_svg_support/test/golden_comparison/golden_comparison_test.dart: Golden Comparison Tests Golden: dart matches browser render                     00:26 +1736 ~1 -2: /Users/denisnadey/apps/flutter_full_svg_support/test/golden_comparison/golden_comparison_test.dart: Golden Comparison Tests Golden: dart matches browser render                     00:26 +1737 ~1 -2: /Users/denisnadey/apps/flutter_full_svg_support/test/golden_comparison/golden_comparison_test.dart: Golden Comparison Tests Golden: dart matches browser render                     00:26 +1738 ~1 -2: /Users/denisnadey/apps/flutter_full_svg_support/test/golden_comparison/golden_comparison_test.dart: Golden Comparison Tests Golden: dart matches browser render                     00:26 +1739 ~1 -2: /Users/denisnadey/apps/flutter_full_svg_support/test/golden_comparison/golden_comparison_test.dart: Golden Comparison Tests Golden: dart matches browser render                     00:26 +1740 ~1 -2: /Users/denisnadey/apps/flutter_full_svg_support/test/golden_comparison/golden_comparison_test.dart: Golden Comparison Tests Golden: dart matches browser render                     00:27 +1740 ~1 -2: /Users/denisnadey/apps/flutter_full_svg_support/test/golden_comparison/golden_comparison_test.dart: Golden Comparison Tests Golden: dart matches browser render                     00:27 +1741 ~1 -2: /Users/denisnadey/apps/flutter_full_svg_support/test/golden_comparison/golden_comparison_test.dart: Golden Comparison Tests Golden: dart matches browser render                     00:27 +1742 ~1 -2: /Users/denisnadey/apps/flutter_full_svg_support/test/golden_comparison/golden_comparison_test.dart: Golden Comparison Tests Golden: dart matches browser render                     00:27 +1743 ~1 -2: /Users/denisnadey/apps/flutter_full_svg_support/test/golden_comparison/golden_comparison_test.dart: Golden Comparison Tests Golden: dart matches browser render                     00:27 +1744 ~1 -2: /Users/denisnadey/apps/flutter_full_svg_support/test/golden_comparison/golden_comparison_test.dart: Golden Comparison Tests Golden: dart matches browser render                     00:27 +1745 ~1 -2: /Users/denisnadey/apps/flutter_full_svg_support/test/golden_comparison/golden_comparison_test.dart: Golden Comparison Tests Golden: dart matches browser render                     00:27 +1746 ~1 -2: /Users/denisnadey/apps/flutter_full_svg_support/test/golden_comparison/golden_comparison_test.dart: Golden Comparison Tests Golden: dart matches browser render                     00:27 +1747 ~1 -2: /Users/denisnadey/apps/flutter_full_svg_support/test/golden_comparison/golden_comparison_test.dart: Golden Comparison Tests Golden: dart matches browser render                     00:27 +1748 ~1 -2: /Users/denisnadey/apps/flutter_full_svg_support/test/golden_comparison/golden_comparison_test.dart: Golden Comparison Tests Golden: dart matches browser render                     00:27 +1749 ~1 -2: /Users/denisnadey/apps/flutter_full_svg_support/test/golden_comparison/golden_comparison_test.dart: Golden Comparison Tests Golden: dart matches browser render                     00:27 +1750 ~1 -2: /Users/denisnadey/apps/flutter_full_svg_support/test/golden_comparison/golden_comparison_test.dart: Golden Comparison Tests Golden: dart matches browser render                     00:27 +1751 ~1 -2: /Users/denisnadey/apps/flutter_full_svg_support/test/golden_comparison/golden_comparison_test.dart: Golden Comparison Tests Golden: dart matches browser render                     00:27 +1752 ~1 -2: /Users/denisnadey/apps/flutter_full_svg_support/test/golden_comparison/golden_comparison_test.dart: Golden Comparison Tests Golden: dart matches browser render                     00:27 +1753 ~1 -2: /Users/denisnadey/apps/flutter_full_svg_support/test/golden_comparison/golden_comparison_test.dart: Golden Comparison Tests Golden: dart matches browser render                     00:27 +1754 ~1 -2: /Users/denisnadey/apps/flutter_full_svg_support/test/golden_comparison/golden_comparison_test.dart: Golden Comparison Tests Golden: dart matches browser render                     00:27 +1755 ~1 -2: /Users/denisnadey/apps/flutter_full_svg_support/test/golden_comparison/golden_comparison_test.dart: Golden Comparison Tests Golden: dart matches browser render                     00:27 +1756 ~1 -2: /Users/denisnadey/apps/flutter_full_svg_support/test/golden_comparison/golden_comparison_test.dart: Golden Comparison Tests Golden: dart matches browser render                     00:27 +1757 ~1 -2: /Users/denisnadey/apps/flutter_full_svg_support/test/golden_comparison/golden_comparison_test.dart: Golden Comparison Tests Golden: dart matches browser render                     00:27 +1758 ~1 -2: /Users/denisnadey/apps/flutter_full_svg_support/test/golden_comparison/golden_comparison_test.dart: Golden Comparison Tests Golden: dart matches browser render                     00:27 +1759 ~1 -2: /Users/denisnadey/apps/flutter_full_svg_support/test/golden_comparison/golden_comparison_test.dart: Golden Comparison Tests Golden: dart matches browser render                     00:27 +1760 ~1 -2: /Users/denisnadey/apps/flutter_full_svg_support/test/golden_comparison/golden_comparison_test.dart: Golden Comparison Tests Golden: dart matches browser render                     00:27 +1761 ~1 -2: /Users/denisnadey/apps/flutter_full_svg_support/test/golden_comparison/golden_comparison_test.dart: Golden Comparison Tests Golden: dart matches browser render                     00:27 +1762 ~1 -2: /Users/denisnadey/apps/flutter_full_svg_support/test/golden_comparison/golden_comparison_test.dart: Golden Comparison Tests Golden: dart matches browser render                     00:27 +1763 ~1 -2: /Users/denisnadey/apps/flutter_full_svg_support/test/golden_comparison/golden_comparison_test.dart: Golden Comparison Tests Golden: dart matches browser render                     00:27 +1764 ~1 -2: /Users/denisnadey/apps/flutter_full_svg_support/test/golden_comparison/golden_comparison_test.dart: Golden Comparison Tests Golden: dart matches browser render                     00:27 +1765 ~1 -2: /Users/denisnadey/apps/flutter_full_svg_support/test/golden_comparison/golden_comparison_test.dart: Golden Comparison Tests Golden: dart matches browser render                     00:27 +1766 ~1 -2: /Users/denisnadey/apps/flutter_full_svg_support/test/golden_comparison/golden_comparison_test.dart: Golden Comparison Tests Golden: dart matches browser render                     00:27 +1767 ~1 -2: /Users/denisnadey/apps/flutter_full_svg_support/test/golden_comparison/golden_comparison_test.dart: Golden Comparison Tests Golden: dart matches browser render                     00:27 +1768 ~1 -2: /Users/denisnadey/apps/flutter_full_svg_support/test/golden_comparison/golden_comparison_test.dart: Golden Comparison Tests Golden: dart matches browser render                     00:27 +1769 ~1 -2: /Users/denisnadey/apps/flutter_full_svg_support/test/golden_comparison/golden_comparison_test.dart: Golden Comparison Tests Golden: dart matches browser render                     00:27 +1770 ~1 -2: /Users/denisnadey/apps/flutter_full_svg_support/test/golden_comparison/golden_comparison_test.dart: Golden Comparison Tests Golden: dart matches browser render                     00:27 +1771 ~1 -2: /Users/denisnadey/apps/flutter_full_svg_support/test/golden_comparison/golden_comparison_test.dart: Golden Comparison Tests Golden: dart matches browser render                     00:27 +1772 ~1 -2: /Users/denisnadey/apps/flutter_full_svg_support/test/golden_comparison/golden_comparison_test.dart: Golden Comparison Tests Golden: dart matches browser render                     00:27 +1773 ~1 -2: /Users/denisnadey/apps/flutter_full_svg_support/test/golden_comparison/golden_comparison_test.dart: Golden Comparison Tests Golden: dart matches browser render                     00:27 +1774 ~1 -2: /Users/denisnadey/apps/flutter_full_svg_support/test/golden_comparison/golden_comparison_test.dart: Golden Comparison Tests Golden: dart matches browser render                     00:27 +1775 ~1 -2: /Users/denisnadey/apps/flutter_full_svg_support/test/golden_comparison/golden_comparison_test.dart: Golden Comparison Tests Golden: dart matches browser render                     00:27 +1776 ~1 -2: /Users/denisnadey/apps/flutter_full_svg_support/test/golden_comparison/golden_comparison_test.dart: Golden Comparison Tests Golden: dart matches browser render                     00:27 +1777 ~1 -2: /Users/denisnadey/apps/flutter_full_svg_support/test/golden_comparison/golden_comparison_test.dart: Golden Comparison Tests Golden: dart matches browser render                     00:27 +1778 ~1 -2: /Users/denisnadey/apps/flutter_full_svg_support/test/golden_comparison/golden_comparison_test.dart: Golden Comparison Tests Golden: dart matches browser render                     00:27 +1779 ~1 -2: /Users/denisnadey/apps/flutter_full_svg_support/test/golden_comparison/golden_comparison_test.dart: Golden Comparison Tests Golden: dart matches browser render                     00:27 +1780 ~1 -2: /Users/denisnadey/apps/flutter_full_svg_support/test/golden_comparison/golden_comparison_test.dart: Golden Comparison Tests Golden: dart matches browser render                     00:27 +1781 ~1 -2: /Users/denisnadey/apps/flutter_full_svg_support/test/golden_comparison/golden_comparison_test.dart: Golden Comparison Tests Golden: dart matches browser render                     00:27 +1782 ~1 -2: /Users/denisnadey/apps/flutter_full_svg_support/test/golden_comparison/golden_comparison_test.dart: Golden Comparison Tests Golden: dart matches browser render                     00:27 +1783 ~1 -2: /Users/denisnadey/apps/flutter_full_svg_support/test/golden_comparison/golden_comparison_test.dart: Golden Comparison Tests Golden: dart matches browser render                     00:27 +1784 ~1 -2: /Users/denisnadey/apps/flutter_full_svg_support/test/golden_comparison/golden_comparison_test.dart: Golden Comparison Tests Golden: dart matches browser render                     00:27 +1785 ~1 -2: /Users/denisnadey/apps/flutter_full_svg_support/test/golden_comparison/golden_comparison_test.dart: Golden Comparison Tests Golden: dart matches browser render                     00:27 +1786 ~1 -2: /Users/denisnadey/apps/flutter_full_svg_support/test/golden_comparison/golden_comparison_test.dart: Golden Comparison Tests Golden: dart matches browser render                     00:27 +1787 ~1 -2: /Users/denisnadey/apps/flutter_full_svg_support/test/golden_comparison/golden_comparison_test.dart: Golden Comparison Tests Golden: dart matches browser render                     00:27 +1788 ~1 -2: /Users/denisnadey/apps/flutter_full_svg_support/test/golden_comparison/golden_comparison_test.dart: Golden Comparison Tests Golden: dart matches browser render                     00:27 +1789 ~1 -2: /Users/denisnadey/apps/flutter_full_svg_support/test/golden_comparison/golden_comparison_test.dart: Golden Comparison Tests Golden: dart matches browser render                     00:27 +1790 ~1 -2: /Users/denisnadey/apps/flutter_full_svg_support/test/golden_comparison/golden_comparison_test.dart: Golden Comparison Tests Golden: dart matches browser render                     00:27 +1791 ~1 -2: /Users/denisnadey/apps/flutter_full_svg_support/test/golden_comparison/golden_comparison_test.dart: Golden Comparison Tests Golden: dart matches browser render                     00:27 +1792 ~1 -2: /Users/denisnadey/apps/flutter_full_svg_support/test/golden_comparison/golden_comparison_test.dart: Golden Comparison Tests Golden: dart matches browser render                     00:27 +1793 ~1 -2: /Users/denisnadey/apps/flutter_full_svg_support/test/golden_comparison/golden_comparison_test.dart: Golden Comparison Tests Golden: dart matches browser render                     00:27 +1794 ~1 -2: /Users/denisnadey/apps/flutter_full_svg_support/test/golden_comparison/golden_comparison_test.dart: Golden Comparison Tests Golden: dart matches browser render                     00:27 +1795 ~1 -2: /Users/denisnadey/apps/flutter_full_svg_support/test/golden_comparison/golden_comparison_test.dart: Golden Comparison Tests Golden: dart matches browser render                     00:27 +1796 ~1 -2: /Users/denisnadey/apps/flutter_full_svg_support/test/golden_comparison/golden_comparison_test.dart: Golden Comparison Tests Golden: dart matches browser render                     00:27 +1797 ~1 -2: /Users/denisnadey/apps/flutter_full_svg_support/test/golden_comparison/golden_comparison_test.dart: Golden Comparison Tests Golden: dart matches browser render                     00:27 +1798 ~1 -2: /Users/denisnadey/apps/flutter_full_svg_support/test/golden_comparison/golden_comparison_test.dart: Golden Comparison Tests Golden: dart matches browser render                     00:27 +1799 ~1 -2: /Users/denisnadey/apps/flutter_full_svg_support/test/golden_comparison/golden_comparison_test.dart: Golden Comparison Tests Golden: dart matches browser render                     00:27 +1800 ~1 -2: /Users/denisnadey/apps/flutter_full_svg_support/test/golden_comparison/golden_comparison_test.dart: Golden Comparison Tests Golden: dart matches browser render                     00:27 +1801 ~1 -2: /Users/denisnadey/apps/flutter_full_svg_support/test/golden_comparison/golden_comparison_test.dart: Golden Comparison Tests Golden: dart matches browser render                     00:27 +1802 ~1 -2: /Users/denisnadey/apps/flutter_full_svg_support/test/golden_comparison/golden_comparison_test.dart: Golden Comparison Tests Golden: dart matches browser render                     00:27 +1803 ~1 -2: /Users/denisnadey/apps/flutter_full_svg_support/test/golden_comparison/golden_comparison_test.dart: Golden Comparison Tests Golden: dart matches browser render                     00:27 +1804 ~1 -2: /Users/denisnadey/apps/flutter_full_svg_support/test/golden_comparison/golden_comparison_test.dart: Golden Comparison Tests Golden: dart matches browser render                     00:27 +1805 ~1 -2: /Users/denisnadey/apps/flutter_full_svg_support/test/golden_comparison/golden_comparison_test.dart: Golden Comparison Tests Golden: dart matches browser render                     00:27 +1806 ~1 -2: /Users/denisnadey/apps/flutter_full_svg_support/test/golden_comparison/golden_comparison_test.dart: Golden Comparison Tests Golden: dart matches browser render                     00:27 +1807 ~1 -2: /Users/denisnadey/apps/flutter_full_svg_support/test/golden_comparison/golden_comparison_test.dart: Golden Comparison Tests Golden: dart matches browser render                     00:27 +1808 ~1 -2: /Users/denisnadey/apps/flutter_full_svg_support/test/golden_comparison/golden_comparison_test.dart: Golden Comparison Tests Golden: dart matches browser render                     00:27 +1809 ~1 -2: /Users/denisnadey/apps/flutter_full_svg_support/test/golden_comparison/golden_comparison_test.dart: Golden Comparison Tests Golden: dart matches browser render                     00:27 +1810 ~1 -2: /Users/denisnadey/apps/flutter_full_svg_support/test/golden_comparison/golden_comparison_test.dart: Golden Comparison Tests Golden: dart matches browser render                     00:27 +1811 ~1 -2: /Users/denisnadey/apps/flutter_full_svg_support/test/golden_comparison/golden_comparison_test.dart: Golden Comparison Tests Golden: dart matches browser render                     00:27 +1812 ~1 -2: /Users/denisnadey/apps/flutter_full_svg_support/test/golden_comparison/golden_comparison_test.dart: Golden Comparison Tests Golden: dart matches browser render                     00:27 +1813 ~1 -2: /Users/denisnadey/apps/flutter_full_svg_support/test/golden_comparison/golden_comparison_test.dart: Golden Comparison Tests Golden: dart matches browser render                     00:27 +1814 ~1 -2: /Users/denisnadey/apps/flutter_full_svg_support/test/golden_comparison/golden_comparison_test.dart: Golden Comparison Tests Golden: dart matches browser render                     00:27 +1815 ~1 -2: /Users/denisnadey/apps/flutter_full_svg_support/test/golden_comparison/golden_comparison_test.dart: Golden Comparison Tests Golden: dart matches browser render                     00:27 +1816 ~1 -2: /Users/denisnadey/apps/flutter_full_svg_support/test/golden_comparison/golden_comparison_test.dart: Golden Comparison Tests Golden: dart matches browser render                     00:27 +1817 ~1 -2: /Users/denisnadey/apps/flutter_full_svg_support/test/golden_comparison/golden_comparison_test.dart: Golden Comparison Tests Golden: dart matches browser render                     00:27 +1818 ~1 -2: /Users/denisnadey/apps/flutter_full_svg_support/test/golden_comparison/golden_comparison_test.dart: Golden Comparison Tests Golden: dart matches browser render                     00:27 +1819 ~1 -2: /Users/denisnadey/apps/flutter_full_svg_support/test/golden_comparison/golden_comparison_test.dart: Golden Comparison Tests Golden: dart matches browser render                     00:27 +1820 ~1 -2: /Users/denisnadey/apps/flutter_full_svg_support/test/golden_comparison/golden_comparison_test.dart: Golden Comparison Tests Golden: dart matches browser render                     00:27 +1821 ~1 -2: /Users/denisnadey/apps/flutter_full_svg_support/test/golden_comparison/golden_comparison_test.dart: Golden Comparison Tests Golden: dart matches browser render                     00:27 +1822 ~1 -2: /Users/denisnadey/apps/flutter_full_svg_support/test/golden_comparison/golden_comparison_test.dart: Golden Comparison Tests Golden: dart matches browser render                     00:27 +1823 ~1 -2: /Users/denisnadey/apps/flutter_full_svg_support/test/golden_comparison/golden_comparison_test.dart: Golden Comparison Tests Golden: dart matches browser render                     00:27 +1824 ~1 -2: /Users/denisnadey/apps/flutter_full_svg_support/test/golden_comparison/golden_comparison_test.dart: Golden Comparison Tests Golden: dart matches browser render                     00:27 +1825 ~1 -2: /Users/denisnadey/apps/flutter_full_svg_support/test/golden_comparison/golden_comparison_test.dart: Golden Comparison Tests Golden: dart matches browser render                     00:27 +1826 ~1 -2: /Users/denisnadey/apps/flutter_full_svg_support/test/golden_comparison/golden_comparison_test.dart: Golden Comparison Tests Golden: dart matches browser render                     00:27 +1827 ~1 -2: /Users/denisnadey/apps/flutter_full_svg_support/test/golden_comparison/golden_comparison_test.dart: Golden Comparison Tests Golden: dart matches browser render                     00:27 +1828 ~1 -2: /Users/denisnadey/apps/flutter_full_svg_support/test/golden_comparison/golden_comparison_test.dart: Golden Comparison Tests Golden: dart matches browser render                     00:27 +1829 ~1 -2: /Users/denisnadey/apps/flutter_full_svg_support/test/golden_comparison/golden_comparison_test.dart: Golden Comparison Tests Golden: dart matches browser render                     00:27 +1830 ~1 -2: /Users/denisnadey/apps/flutter_full_svg_support/test/golden_comparison/golden_comparison_test.dart: Golden Comparison Tests Golden: dart matches browser render                     00:28 +1830 ~1 -2: /Users/denisnadey/apps/flutter_full_svg_support/test/golden_comparison/golden_comparison_test.dart: Golden Comparison Tests Golden: dart matches browser render                     00:28 +1831 ~1 -2: /Users/denisnadey/apps/flutter_full_svg_support/test/golden_comparison/golden_comparison_test.dart: Golden Comparison Tests Golden: dart matches browser render                     00:28 +1832 ~1 -2: /Users/denisnadey/apps/flutter_full_svg_support/test/golden_comparison/golden_comparison_test.dart: Golden Comparison Tests Golden: dart matches browser render                     00:28 +1833 ~1 -2: /Users/denisnadey/apps/flutter_full_svg_support/test/golden_comparison/golden_comparison_test.dart: Golden Comparison Tests Golden: dart matches browser render                     00:28 +1834 ~1 -2: /Users/denisnadey/apps/flutter_full_svg_support/test/golden_comparison/golden_comparison_test.dart: Golden Comparison Tests Golden: dart matches browser render                     00:28 +1835 ~1 -2: /Users/denisnadey/apps/flutter_full_svg_support/test/golden_comparison/golden_comparison_test.dart: Golden Comparison Tests Golden: dart matches browser render                     00:28 +1836 ~1 -2: /Users/denisnadey/apps/flutter_full_svg_support/test/golden_comparison/golden_comparison_test.dart: Golden Comparison Tests Golden: dart matches browser render                     00:28 +1836 ~1 -2: /Users/denisnadey/apps/flutter_full_svg_support/test/animation/path_morphing_correctness_test.dart: Path Morphing Correctness Tests Square to circle morphing produces different shapes at different t

Square first cubic: (36.66666666666667, 10.0) -> (90.0, 10.0)
Circle first cubic: (71.94335081419453, 10.0) -> (90.0, 50.0)
Expected at t=0.5: cp1=(54.3050087404306, 10.0), end=(90.0, 30.0)

✅ Path morphing works correctly!
   t=0.0 produces valid path (square)
   t=0.5 produces valid path (intermediate)
   t=1.0 produces valid path (circle)
00:28 +1837 ~1 -2: /Users/denisnadey/apps/flutter_full_svg_support/test/golden_comparison/golden_comparison_test.dart: Golden Comparison Tests Golden: dart matches browser render                     00:28 +1838 ~1 -2: /Users/denisnadey/apps/flutter_full_svg_support/test/golden_comparison/golden_comparison_test.dart: Golden Comparison Tests Golden: dart matches browser render                     00:28 +1838 ~1 -2: /Users/denisnadey/apps/flutter_full_svg_support/test/animation/path_morphing_correctness_test.dart: Path Morphing Correctness Tests Arc commands are properly converted to cubic beziers

✅ Arc to cubic conversion works!
   Arc converted to 2 cubic bezier(s)
   First cubic: (71.94335081419453, 10.0), (90.0, 28.056649185805465), (90.0, 50.0)
00:28 +1839 ~1 -2: /Users/denisnadey/apps/flutter_full_svg_support/test/golden_comparison/golden_comparison_test.dart: Golden Comparison Tests Golden: dart matches browser render                     00:28 +1839 ~1 -2: /Users/denisnadey/apps/flutter_full_svg_support/test/animation/path_morphing_correctness_test.dart: Path Morphing Correctness Tests Full circle (4 arcs) is properly converted      

✅ Full circle conversion works!
   4 arcs converted to 6 cubic beziers
00:28 +1840 ~1 -2: /Users/denisnadey/apps/flutter_full_svg_support/test/golden_comparison/golden_comparison_test.dart: Golden Comparison Tests Golden: dart matches browser render                     00:28 +1840 ~1 -2: /Users/denisnadey/apps/flutter_full_svg_support/test/animation/path_morphing_correctness_test.dart: Path Morphing Correctness Tests Morphing between different vertex counts works  

✅ Different vertex count morphing works!
   Triangle (4) and Hexagon (7)
   Normalized to 8 commands each
00:28 +1841 ~1 -2: /Users/denisnadey/apps/flutter_full_svg_support/test/golden_comparison/golden_comparison_test.dart: Golden Comparison Tests Golden: dart matches browser render                     00:28 +1841 ~1 -2: /Users/denisnadey/apps/flutter_full_svg_support/test/animation/path_morphing_correctness_test.dart: Path Morphing Correctness Tests Extension methods work correctly                

✅ Extension methods work!
00:28 +1842 ~1 -2: /Users/denisnadey/apps/flutter_full_svg_support/test/golden_comparison/golden_comparison_test.dart: Golden Comparison Tests Golden: dart matches browser render                     00:28 +1843 ~1 -2: /Users/denisnadey/apps/flutter_full_svg_support/test/golden_comparison/golden_comparison_test.dart: Golden Comparison Tests Golden: dart matches browser render                     00:28 +1844 ~1 -2: /Users/denisnadey/apps/flutter_full_svg_support/test/golden_comparison/golden_comparison_test.dart: Golden Comparison Tests Golden: dart matches browser render                     00:28 +1845 ~1 -2: /Users/denisnadey/apps/flutter_full_svg_support/test/golden_comparison/golden_comparison_test.dart: Golden Comparison Tests Golden: dart matches browser render                     00:28 +1846 ~1 -2: /Users/denisnadey/apps/flutter_full_svg_support/test/golden_comparison/golden_comparison_test.dart: Golden Comparison Tests Golden: dart matches browser render                     00:28 +1847 ~1 -2: /Users/denisnadey/apps/flutter_full_svg_support/test/golden_comparison/golden_comparison_test.dart: Golden Comparison Tests Golden: dart matches browser render                     00:28 +1848 ~1 -2: /Users/denisnadey/apps/flutter_full_svg_support/test/golden_comparison/golden_comparison_test.dart: Golden Comparison Tests Golden: dart matches browser render                     00:28 +1849 ~1 -2: /Users/denisnadey/apps/flutter_full_svg_support/test/golden_comparison/golden_comparison_test.dart: Golden Comparison Tests Golden: dart matches browser render                     00:28 +1850 ~1 -2: /Users/denisnadey/apps/flutter_full_svg_support/test/golden_comparison/golden_comparison_test.dart: Golden Comparison Tests Golden: dart matches browser render                     00:28 +1851 ~1 -2: /Users/denisnadey/apps/flutter_full_svg_support/test/golden_comparison/golden_comparison_test.dart: Golden Comparison Tests Golden: dart matches browser render                     00:28 +1852 ~1 -2: /Users/denisnadey/apps/flutter_full_svg_support/test/golden_comparison/golden_comparison_test.dart: Golden Comparison Tests Golden: dart matches browser render                     00:28 +1853 ~1 -2: /Users/denisnadey/apps/flutter_full_svg_support/test/golden_comparison/golden_comparison_test.dart: Golden Comparison Tests Golden: dart matches browser render                     00:28 +1854 ~1 -2: /Users/denisnadey/apps/flutter_full_svg_support/test/golden_comparison/golden_comparison_test.dart: Golden Comparison Tests Golden: dart matches browser render                     00:28 +1855 ~1 -2: /Users/denisnadey/apps/flutter_full_svg_support/test/golden_comparison/golden_comparison_test.dart: Golden Comparison Tests Golden: dart matches browser render                     00:28 +1856 ~1 -2: /Users/denisnadey/apps/flutter_full_svg_support/test/golden_comparison/golden_comparison_test.dart: Golden Comparison Tests Golden: dart matches browser render                     00:28 +1857 ~1 -2: /Users/denisnadey/apps/flutter_full_svg_support/test/golden_comparison/golden_comparison_test.dart: Golden Comparison Tests Golden: dart matches browser render                     00:28 +1858 ~1 -2: /Users/denisnadey/apps/flutter_full_svg_support/test/golden_comparison/golden_comparison_test.dart: Golden Comparison Tests Golden: dart matches browser render                     00:28 +1859 ~1 -2: /Users/denisnadey/apps/flutter_full_svg_support/test/golden_comparison/golden_comparison_test.dart: Golden Comparison Tests Golden: dart matches browser render                     00:28 +1860 ~1 -2: /Users/denisnadey/apps/flutter_full_svg_support/test/golden_comparison/golden_comparison_test.dart: Golden Comparison Tests Golden: dart matches browser render                     00:28 +1861 ~1 -2: /Users/denisnadey/apps/flutter_full_svg_support/test/golden_comparison/golden_comparison_test.dart: Golden Comparison Tests Golden: dart matches browser render                     00:28 +1862 ~1 -2: /Users/denisnadey/apps/flutter_full_svg_support/test/golden_comparison/golden_comparison_test.dart: Golden Comparison Tests Golden: dart matches browser render                     00:28 +1863 ~1 -2: /Users/denisnadey/apps/flutter_full_svg_support/test/golden_comparison/golden_comparison_test.dart: Golden Comparison Tests Golden: dart matches browser render                     00:28 +1864 ~1 -2: /Users/denisnadey/apps/flutter_full_svg_support/test/golden_comparison/golden_comparison_test.dart: Golden Comparison Tests Golden: dart matches browser render                     00:28 +1865 ~1 -2: /Users/denisnadey/apps/flutter_full_svg_support/test/golden_comparison/golden_comparison_test.dart: Golden Comparison Tests Golden: dart matches browser render                     00:28 +1866 ~1 -2: /Users/denisnadey/apps/flutter_full_svg_support/test/golden_comparison/golden_comparison_test.dart: Golden Comparison Tests Golden: dart matches browser render                     00:28 +1867 ~1 -2: /Users/denisnadey/apps/flutter_full_svg_support/test/golden_comparison/golden_comparison_test.dart: Golden Comparison Tests Golden: dart matches browser render                     00:28 +1868 ~1 -2: /Users/denisnadey/apps/flutter_full_svg_support/test/golden_comparison/golden_comparison_test.dart: Golden Comparison Tests Golden: dart matches browser render                     00:28 +1869 ~1 -2: /Users/denisnadey/apps/flutter_full_svg_support/test/golden_comparison/golden_comparison_test.dart: Golden Comparison Tests Golden: dart matches browser render                     00:28 +1870 ~1 -2: /Users/denisnadey/apps/flutter_full_svg_support/test/golden_comparison/golden_comparison_test.dart: Golden Comparison Tests Golden: dart matches browser render                     00:28 +1871 ~1 -2: /Users/denisnadey/apps/flutter_full_svg_support/test/golden_comparison/golden_comparison_test.dart: Golden Comparison Tests Golden: dart matches browser render                     00:28 +1872 ~1 -2: /Users/denisnadey/apps/flutter_full_svg_support/test/golden_comparison/golden_comparison_test.dart: Golden Comparison Tests Golden: dart matches browser render                     00:28 +1873 ~1 -2: /Users/denisnadey/apps/flutter_full_svg_support/test/golden_comparison/golden_comparison_test.dart: Golden Comparison Tests Golden: dart matches browser render                     00:29 +1873 ~1 -2: /Users/denisnadey/apps/flutter_full_svg_support/test/golden_comparison/golden_comparison_test.dart: Golden Comparison Tests Golden: dart matches browser render                     00:29 +1874 ~1 -2: /Users/denisnadey/apps/flutter_full_svg_support/test/golden_comparison/golden_comparison_test.dart: Golden Comparison Tests Golden: dart matches browser render                     00:29 +1875 ~1 -2: /Users/denisnadey/apps/flutter_full_svg_support/test/golden_comparison/golden_comparison_test.dart: Golden Comparison Tests Golden: dart matches browser render                     00:29 +1876 ~1 -2: /Users/denisnadey/apps/flutter_full_svg_support/test/golden_comparison/golden_comparison_test.dart: Golden Comparison Tests Golden: dart matches browser render                     00:29 +1877 ~1 -2: /Users/denisnadey/apps/flutter_full_svg_support/test/golden_comparison/golden_comparison_test.dart: Golden Comparison Tests Golden: dart matches browser render                     00:29 +1878 ~1 -2: /Users/denisnadey/apps/flutter_full_svg_support/test/golden_comparison/golden_comparison_test.dart: Golden Comparison Tests Golden: dart matches browser render                     00:29 +1879 ~1 -2: /Users/denisnadey/apps/flutter_full_svg_support/test/golden_comparison/golden_comparison_test.dart: Golden Comparison Tests Golden: dart matches browser render                     00:29 +1880 ~1 -2: /Users/denisnadey/apps/flutter_full_svg_support/test/golden_comparison/golden_comparison_test.dart: Golden Comparison Tests Golden: dart matches browser render                     00:29 +1881 ~1 -2: /Users/denisnadey/apps/flutter_full_svg_support/test/golden_comparison/golden_comparison_test.dart: Golden Comparison Tests Golden: dart matches browser render                     00:29 +1882 ~1 -2: /Users/denisnadey/apps/flutter_full_svg_support/test/golden_comparison/golden_comparison_test.dart: Golden Comparison Tests Golden: dart matches browser render                     00:29 +1883 ~1 -2: /Users/denisnadey/apps/flutter_full_svg_support/test/golden_comparison/golden_comparison_test.dart: Golden Comparison Tests Golden: dart matches browser render                     00:29 +1884 ~1 -2: /Users/denisnadey/apps/flutter_full_svg_support/test/golden_comparison/golden_comparison_test.dart: Golden Comparison Tests Golden: dart matches browser render                     00:29 +1885 ~1 -2: /Users/denisnadey/apps/flutter_full_svg_support/test/golden_comparison/golden_comparison_test.dart: Golden Comparison Tests Golden: dart matches browser render                     00:29 +1886 ~1 -2: /Users/denisnadey/apps/flutter_full_svg_support/test/golden_comparison/golden_comparison_test.dart: Golden Comparison Tests Golden: dart matches browser render                     00:29 +1886 ~1 -2: /Users/denisnadey/apps/flutter_full_svg_support/test/animation/advanced_clip_mask_test.dart: Luminosity Masking Tests mask type attribute on mask element                           
Image size: 800x600
00:29 +1887 ~1 -2: /Users/denisnadey/apps/flutter_full_svg_support/test/golden_comparison/golden_comparison_test.dart: Golden Comparison Tests Golden: dart matches browser render                     00:29 +1888 ~1 -2: /Users/denisnadey/apps/flutter_full_svg_support/test/golden_comparison/golden_comparison_test.dart: Golden Comparison Tests Golden: dart matches browser render                     00:29 +1889 ~1 -2: /Users/denisnadey/apps/flutter_full_svg_support/test/golden_comparison/golden_comparison_test.dart: Golden Comparison Tests Golden: dart matches browser render                     00:29 +1890 ~1 -2: /Users/denisnadey/apps/flutter_full_svg_support/test/golden_comparison/golden_comparison_test.dart: Golden Comparison Tests Golden: dart matches browser render                     00:29 +1890 ~1 -2: /Users/denisnadey/apps/flutter_full_svg_support/test/animation/advanced_clip_mask_test.dart: Nested Composition Chains clip-path inside mask: clip first, then mask                 
Image size: 800x600
00:29 +1891 ~1 -2: /Users/denisnadey/apps/flutter_full_svg_support/test/golden_comparison/golden_comparison_test.dart: Golden Comparison Tests Golden: dart matches browser render                     00:29 +1891 ~1 -2: /Users/denisnadey/apps/flutter_full_svg_support/test/animation/advanced_clip_mask_test.dart: Nested Composition Chains mask inside clip-path: both applied                          
Image size: 800x600
00:29 +1892 ~1 -2: /Users/denisnadey/apps/flutter_full_svg_support/test/golden_comparison/golden_comparison_test.dart: Golden Comparison Tests Golden: dart matches browser render                     00:29 +1892 ~1 -2: /Users/denisnadey/apps/flutter_full_svg_support/test/animation/advanced_clip_mask_test.dart: Nested Composition Chains nested clip-paths (2 levels deep)                            
Image size: 800x600
00:29 +1893 ~1 -2: /Users/denisnadey/apps/flutter_full_svg_support/test/golden_comparison/golden_comparison_test.dart: Golden Comparison Tests Golden: dart matches browser render                     00:29 +1893 ~1 -2: /Users/denisnadey/apps/flutter_full_svg_support/test/animation/advanced_clip_mask_test.dart: Nested Composition Chains nested clip-paths (3 levels deep)                            
Image size: 800x600
00:29 +1894 ~1 -2: /Users/denisnadey/apps/flutter_full_svg_support/test/golden_comparison/golden_comparison_test.dart: Golden Comparison Tests Golden: dart matches browser render                     00:29 +1894 ~1 -2: /Users/denisnadey/apps/flutter_full_svg_support/test/animation/advanced_clip_mask_test.dart: Nested Composition Chains nested masks (2 levels deep)                                 
Image size: 800x600
00:29 +1895 ~1 -2: /Users/denisnadey/apps/flutter_full_svg_support/test/golden_comparison/golden_comparison_test.dart: Golden Comparison Tests Golden: dart matches browser render                     00:29 +1895 ~1 -2: /Users/denisnadey/apps/flutter_full_svg_support/test/animation/advanced_clip_mask_test.dart: Nested Composition Chains mixed nesting: clip -> mask -> clip                          
Image size: 800x600
00:29 +1896 ~1 -2: /Users/denisnadey/apps/flutter_full_svg_support/test/golden_comparison/golden_comparison_test.dart: Golden Comparison Tests Golden: dart matches browser render                     00:29 +1896 ~1 -2: /Users/denisnadey/apps/flutter_full_svg_support/test/animation/advanced_clip_mask_test.dart: clipPathUnits and maskUnits clipPathUnits userSpaceOnUse                               
Image size: 800x600
00:29 +1897 ~1 -2: /Users/denisnadey/apps/flutter_full_svg_support/test/golden_comparison/golden_comparison_test.dart: Golden Comparison Tests Golden: dart matches browser render                     00:29 +1897 ~1 -2: /Users/denisnadey/apps/flutter_full_svg_support/test/animation/advanced_clip_mask_test.dart: clipPathUnits and maskUnits clipPathUnits objectBoundingBox                            
Image size: 800x600
00:29 +1898 ~1 -2: /Users/denisnadey/apps/flutter_full_svg_support/test/golden_comparison/golden_comparison_test.dart: Golden Comparison Tests Golden: dart matches browser render                     00:29 +1898 ~1 -2: /Users/denisnadey/apps/flutter_full_svg_support/test/animation/advanced_clip_mask_test.dart: clipPathUnits and maskUnits maskUnits userSpaceOnUse                                   
Image size: 800x600
00:29 +1899 ~1 -2: /Users/denisnadey/apps/flutter_full_svg_support/test/golden_comparison/golden_comparison_test.dart: Golden Comparison Tests Golden: dart matches browser render                     00:29 +1899 ~1 -2: /Users/denisnadey/apps/flutter_full_svg_support/test/animation/clip_mask_use_verification_test.dart: Clip-path Verification Tests Basic clip-path with shapes clip-path with rect shape
Image size: 800x600
00:29 +1899 ~1 -2: /Users/denisnadey/apps/flutter_full_svg_support/test/animation/advanced_clip_mask_test.dart: clipPathUnits and maskUnits maskContentUnits objectBoundingBox                         
Image size: 800x600
00:29 +1900 ~1 -2: /Users/denisnadey/apps/flutter_full_svg_support/test/golden_comparison/golden_comparison_test.dart: Golden Comparison Tests Golden: dart matches browser render                     00:29 +1901 ~1 -2: /Users/denisnadey/apps/flutter_full_svg_support/test/golden_comparison/golden_comparison_test.dart: Golden Comparison Tests Golden: dart matches browser render                     00:29 +1902 ~1 -2: /Users/denisnadey/apps/flutter_full_svg_support/test/golden_comparison/golden_comparison_test.dart: Golden Comparison Tests Golden: dart matches browser render                     00:29 +1902 ~1 -2: /Users/denisnadey/apps/flutter_full_svg_support/test/animation/advanced_clip_mask_test.dart: Edge Feathering diagonal clip-path with anti-aliasing                                  
Image size: 800x600
00:29 +1902 ~1 -2: /Users/denisnadey/apps/flutter_full_svg_support/test/golden_comparison/golden_comparison_test.dart: Golden Comparison Tests Golden: dart matches browser render                     00:29 +1902 ~1 -2: /Users/denisnadey/apps/flutter_full_svg_support/test/animation/clip_mask_use_verification_test.dart: Clip-path Verification Tests Basic clip-path with shapes clip-path with circle shape
Image size: 800x600
00:29 +1903 ~1 -2: /Users/denisnadey/apps/flutter_full_svg_support/test/golden_comparison/golden_comparison_test.dart: Golden Comparison Tests Golden: dart matches browser render                     00:29 +1904 ~1 -2: /Users/denisnadey/apps/flutter_full_svg_support/test/golden_comparison/golden_comparison_test.dart: Golden Comparison Tests Golden: dart matches browser render                     00:29 +1904 ~1 -2: /Users/denisnadey/apps/flutter_full_svg_support/test/animation/advanced_clip_mask_test.dart: Complex Composition Scenarios group with clip-path containing masked elements          
Image size: 800x600
00:29 +1904 ~1 -2: /Users/denisnadey/apps/flutter_full_svg_support/test/golden_comparison/golden_comparison_test.dart: Golden Comparison Tests Golden: dart matches browser render                     00:29 +1905 ~1 -2: /Users/denisnadey/apps/flutter_full_svg_support/test/golden_comparison/golden_comparison_test.dart: Golden Comparison Tests Golden: dart matches browser render                     00:29 +1905 ~1 -2: /Users/denisnadey/apps/flutter_full_svg_support/test/animation/clip_mask_use_verification_test.dart: Clip-path Verification Tests Basic clip-path with shapes clip-path with path shape
Image size: 800x600
00:29 +1906 ~1 -2: /Users/denisnadey/apps/flutter_full_svg_support/test/golden_comparison/golden_comparison_test.dart: Golden Comparison Tests Golden: dart matches browser render                     00:29 +1906 ~1 -2: /Users/denisnadey/apps/flutter_full_svg_support/test/animation/advanced_clip_mask_test.dart: Complex Composition Scenarios use element with clip-path and mask                      
Image size: 800x600
00:29 +1907 ~1 -2: /Users/denisnadey/apps/flutter_full_svg_support/test/golden_comparison/golden_comparison_test.dart: Golden Comparison Tests Golden: dart matches browser render                     00:29 +1907 ~1 -2: /Users/denisnadey/apps/flutter_full_svg_support/test/animation/clip_mask_use_verification_test.dart: Clip-path Verification Tests clipPathUnits clipPathUnits userSpaceOnUse (default)
Image size: 800x600
00:29 +1908 ~1 -2: /Users/denisnadey/apps/flutter_full_svg_support/test/golden_comparison/golden_comparison_test.dart: Golden Comparison Tests Golden: dart matches browser render                     00:29 +1908 ~1 -2: /Users/denisnadey/apps/flutter_full_svg_support/test/animation/advanced_clip_mask_test.dart: Complex Composition Scenarios clip-path referencing use element                        
Image size: 800x600
00:29 +1909 ~1 -2: /Users/denisnadey/apps/flutter_full_svg_support/test/golden_comparison/golden_comparison_test.dart: Golden Comparison Tests Golden: dart matches browser render                     00:29 +1909 ~1 -2: /Users/denisnadey/apps/flutter_full_svg_support/test/animation/clip_mask_use_verification_test.dart: Clip-path Verification Tests clipPathUnits clipPathUnits objectBoundingBox     
Image size: 800x600
00:29 +1909 ~1 -2: /Users/denisnadey/apps/flutter_full_svg_support/test/animation/advanced_clip_mask_test.dart: Complex Composition Scenarios mask referencing use element                             
Image size: 800x600
00:29 +1910 ~1 -2: /Users/denisnadey/apps/flutter_full_svg_support/test/golden_comparison/golden_comparison_test.dart: Golden Comparison Tests Golden: dart matches browser render                     00:29 +1911 ~1 -2: /Users/denisnadey/apps/flutter_full_svg_support/test/golden_comparison/golden_comparison_test.dart: Golden Comparison Tests Golden: dart matches browser render                     00:29 +1911 ~1 -2: /Users/denisnadey/apps/flutter_full_svg_support/test/animation/clip_mask_use_verification_test.dart: Clip-path Verification Tests clip-path CSS vs attribute clip-path via CSS style attribute
Image size: 800x600
00:29 +1911 ~1 -2: /Users/denisnadey/apps/flutter_full_svg_support/test/animation/advanced_clip_mask_test.dart: Alpha Mask Preservation alpha mask with white fill renders content                     
Image size: 800x600
00:29 +1912 ~1 -2: /Users/denisnadey/apps/flutter_full_svg_support/test/golden_comparison/golden_comparison_test.dart: Golden Comparison Tests Golden: dart matches browser render                     00:29 +1913 ~1 -2: /Users/denisnadey/apps/flutter_full_svg_support/test/golden_comparison/golden_comparison_test.dart: Golden Comparison Tests Golden: dart matches browser render                     00:29 +1913 ~1 -2: /Users/denisnadey/apps/flutter_full_svg_support/test/animation/clip_mask_use_verification_test.dart: Clip-path Verification Tests clip-path CSS vs attribute clip-path via presentation attribute
Image size: 800x600
00:29 +1914 ~1 -2: /Users/denisnadey/apps/flutter_full_svg_support/test/golden_comparison/golden_comparison_test.dart: Golden Comparison Tests Golden: dart matches browser render                     00:29 +1915 ~1 -2: /Users/denisnadey/apps/flutter_full_svg_support/test/golden_comparison/golden_comparison_test.dart: Golden Comparison Tests Golden: dart matches browser render                     00:29 +1915 ~1 -2: /Users/denisnadey/apps/flutter_full_svg_support/test/animation/clip_mask_use_verification_test.dart: Clip-path Verification Tests nested clip-paths clip-path with multiple shapes  
Image size: 800x600
00:29 +1916 ~1 -2: /Users/denisnadey/apps/flutter_full_svg_support/test/golden_comparison/golden_comparison_test.dart: Golden Comparison Tests Golden: dart matches browser render                     00:29 +1916 ~1 -2: /Users/denisnadey/apps/flutter_full_svg_support/test/animation/clip_mask_use_verification_test.dart: Clip-path Verification Tests nested clip-paths group with clip-path            
Image size: 800x600
00:29 +1917 ~1 -2: /Users/denisnadey/apps/flutter_full_svg_support/test/golden_comparison/golden_comparison_test.dart: Golden Comparison Tests Golden: dart matches browser render                     00:29 +1917 ~1 -2: /Users/denisnadey/apps/flutter_full_svg_support/test/animation/clip_mask_use_verification_test.dart: Mask Verification Tests Basic mask rendering mask with white fill allows rendering
Image size: 800x600
00:29 +1918 ~1 -2: /Users/denisnadey/apps/flutter_full_svg_support/test/golden_comparison/golden_comparison_test.dart: Golden Comparison Tests Golden: dart matches browser render                     00:29 +1919 ~1 -2: /Users/denisnadey/apps/flutter_full_svg_support/test/golden_comparison/golden_comparison_test.dart: Golden Comparison Tests Golden: dart matches browser render                     00:29 +1919 ~1 -2: /Users/denisnadey/apps/flutter_full_svg_support/test/animation/clip_mask_use_verification_test.dart: Mask Verification Tests maskUnits and maskContentUnits maskUnits objectBoundingBox (default)
Image size: 800x600
00:29 +1920 ~1 -2: /Users/denisnadey/apps/flutter_full_svg_support/test/golden_comparison/golden_comparison_test.dart: Golden Comparison Tests Golden: dart matches browser render                     00:29 +1921 ~1 -2: /Users/denisnadey/apps/flutter_full_svg_support/test/golden_comparison/golden_comparison_test.dart: Golden Comparison Tests Golden: dart matches browser render                     00:30 +1921 ~1 -2: /Users/denisnadey/apps/flutter_full_svg_support/test/golden_comparison/golden_comparison_test.dart: Golden Comparison Tests Golden: dart matches browser render                     00:30 +1921 ~1 -2: /Users/denisnadey/apps/flutter_full_svg_support/test/animation/clip_mask_use_verification_test.dart: Mask Verification Tests maskUnits and maskContentUnits maskContentUnits objectBoundingBox
Image size: 800x600
00:30 +1922 ~1 -2: /Users/denisnadey/apps/flutter_full_svg_support/test/golden_comparison/golden_comparison_test.dart: Golden Comparison Tests Golden: dart matches browser render                     00:30 +1923 ~1 -2: /Users/denisnadey/apps/flutter_full_svg_support/test/golden_comparison/golden_comparison_test.dart: Golden Comparison Tests Golden: dart matches browser render                     00:30 +1924 ~1 -2: /Users/denisnadey/apps/flutter_full_svg_support/test/golden_comparison/golden_comparison_test.dart: Golden Comparison Tests Golden: dart matches browser render                     00:30 +1925 ~1 -2: /Users/denisnadey/apps/flutter_full_svg_support/test/golden_comparison/golden_comparison_test.dart: Golden Comparison Tests Golden: dart matches browser render                     00:30 +1926 ~1 -2: /Users/denisnadey/apps/flutter_full_svg_support/test/golden_comparison/golden_comparison_test.dart: Golden Comparison Tests Golden: dart matches browser render                     00:30 +1927 ~1 -2: /Users/denisnadey/apps/flutter_full_svg_support/test/golden_comparison/golden_comparison_test.dart: Golden Comparison Tests Golden: dart matches browser render                     00:30 +1927 ~1 -2: /Users/denisnadey/apps/flutter_full_svg_support/test/animation/clip_mask_use_verification_test.dart: Use/Symbol Verification Tests Basic use referencing defs elements use references rect in defs
Image size: 800x600
00:30 +1928 ~1 -2: /Users/denisnadey/apps/flutter_full_svg_support/test/golden_comparison/golden_comparison_test.dart: Golden Comparison Tests Golden: dart matches browser render                     00:30 +1928 ~1 -2: /Users/denisnadey/apps/flutter_full_svg_support/test/animation/clip_mask_use_verification_test.dart: Use/Symbol Verification Tests Basic use referencing defs elements use references path in defs
Image size: 800x600
00:30 +1929 ~1 -2: /Users/denisnadey/apps/flutter_full_svg_support/test/golden_comparison/golden_comparison_test.dart: Golden Comparison Tests Golden: dart matches browser render                     00:30 +1929 ~1 -2: /Users/denisnadey/apps/flutter_full_svg_support/test/animation/clip_mask_use_verification_test.dart: Use/Symbol Verification Tests Symbol with viewBox and preserveAspectRatio symbol with viewBox scales correctly
Image size: 800x600
00:30 +1930 ~1 -2: /Users/denisnadey/apps/flutter_full_svg_support/test/golden_comparison/golden_comparison_test.dart: Golden Comparison Tests Golden: dart matches browser render                     00:30 +1930 ~1 -2: /Users/denisnadey/apps/flutter_full_svg_support/test/animation/clip_mask_use_verification_test.dart: Use/Symbol Verification Tests Symbol with viewBox and preserveAspectRatio symbol preserveAspectRatio xMidYMid meet
Image size: 800x600
00:30 +1931 ~1 -2: /Users/denisnadey/apps/flutter_full_svg_support/test/golden_comparison/golden_comparison_test.dart: Golden Comparison Tests Golden: dart matches browser render                     00:30 +1931 ~1 -2: /Users/denisnadey/apps/flutter_full_svg_support/test/animation/clip_mask_use_verification_test.dart: Use/Symbol Verification Tests Symbol with viewBox and preserveAspectRatio symbol preserveAspectRatio none stretches
Image size: 800x600
00:30 +1932 ~1 -2: /Users/denisnadey/apps/flutter_full_svg_support/test/golden_comparison/golden_comparison_test.dart: Golden Comparison Tests Golden: dart matches browser render                     00:30 +1932 ~1 -2: /Users/denisnadey/apps/flutter_full_svg_support/test/animation/clip_mask_use_verification_test.dart: Use/Symbol Verification Tests CSS cascade through use references inline style > style block > presentation attributes
Image size: 800x600
00:30 +1933 ~1 -2: /Users/denisnadey/apps/flutter_full_svg_support/test/golden_comparison/golden_comparison_test.dart: Golden Comparison Tests Golden: dart matches browser render                     00:30 +1933 ~1 -2: /Users/denisnadey/apps/flutter_full_svg_support/test/animation/clip_mask_use_verification_test.dart: Use/Symbol Verification Tests CSS cascade through use references CSS class selector applied to referenced element
Image size: 800x600
00:30 +1934 ~1 -2: /Users/denisnadey/apps/flutter_full_svg_support/test/golden_comparison/golden_comparison_test.dart: Golden Comparison Tests Golden: dart matches browser render                     00:30 +1935 ~1 -2: /Users/denisnadey/apps/flutter_full_svg_support/test/golden_comparison/golden_comparison_test.dart: Golden Comparison Tests Golden: dart matches browser render                     00:30 +1935 ~1 -2: /Users/denisnadey/apps/flutter_full_svg_support/test/animation/clip_mask_use_verification_test.dart: Use/Symbol Verification Tests CSS cascade through use references inheritance from use element
Image size: 800x600
00:30 +1936 ~1 -2: /Users/denisnadey/apps/flutter_full_svg_support/test/golden_comparison/golden_comparison_test.dart: Golden Comparison Tests Golden: dart matches browser render                     00:30 +1937 ~1 -2: /Users/denisnadey/apps/flutter_full_svg_support/test/golden_comparison/golden_comparison_test.dart: Golden Comparison Tests Golden: dart matches browser render                     00:30 +1937 ~1 -2: /Users/denisnadey/apps/flutter_full_svg_support/test/animation/clip_mask_use_verification_test.dart: Use/Symbol Verification Tests Nested use elements nested use elements render correctly
Image size: 800x600
00:30 +1938 ~1 -2: /Users/denisnadey/apps/flutter_full_svg_support/test/golden_comparison/golden_comparison_test.dart: Golden Comparison Tests Golden: dart matches browser render                     00:30 +1939 ~1 -2: /Users/denisnadey/apps/flutter_full_svg_support/test/golden_comparison/golden_comparison_test.dart: Golden Comparison Tests Golden: dart matches browser render                     00:30 +1939 ~1 -2: /Users/denisnadey/apps/flutter_full_svg_support/test/animation/clip_mask_use_verification_test.dart: Use/Symbol Verification Tests Nested use elements deeply nested use (5 levels) 
Image size: 800x600
00:30 +1940 ~1 -2: /Users/denisnadey/apps/flutter_full_svg_support/test/golden_comparison/golden_comparison_test.dart: Golden Comparison Tests Golden: dart matches browser render                     00:30 +1941 ~1 -2: /Users/denisnadey/apps/flutter_full_svg_support/test/golden_comparison/golden_comparison_test.dart: Golden Comparison Tests Golden: dart matches browser render                     00:30 +1941 ~1 -2: /Users/denisnadey/apps/flutter_full_svg_support/test/animation/clip_mask_use_verification_test.dart: Use/Symbol Verification Tests use with x/y offset attributes use x/y translates content
Image size: 800x600
00:30 +1942 ~1 -2: /Users/denisnadey/apps/flutter_full_svg_support/test/golden_comparison/golden_comparison_test.dart: Golden Comparison Tests Golden: dart matches browser render                     00:30 +1943 ~1 -2: /Users/denisnadey/apps/flutter_full_svg_support/test/golden_comparison/golden_comparison_test.dart: Golden Comparison Tests Golden: dart matches browser render                     00:30 +1943 ~1 -2: /Users/denisnadey/apps/flutter_full_svg_support/test/animation/clip_mask_use_verification_test.dart: Use/Symbol Verification Tests use with x/y offset attributes multiple uses at different positions
Image size: 800x600
00:30 +1944 ~1 -2: /Users/denisnadey/apps/flutter_full_svg_support/test/golden_comparison/golden_comparison_test.dart: Golden Comparison Tests Golden: dart matches browser render                     00:30 +1945 ~1 -2: /Users/denisnadey/apps/flutter_full_svg_support/test/golden_comparison/golden_comparison_test.dart: Golden Comparison Tests Golden: dart matches browser render                     00:30 +1946 ~1 -2: /Users/denisnadey/apps/flutter_full_svg_support/test/golden_comparison/golden_comparison_test.dart: Golden Comparison Tests Golden: dart matches browser render                     00:30 +1946 ~1 -2: /Users/denisnadey/apps/flutter_full_svg_support/test/animation/clip_mask_use_verification_test.dart: Combined clip-path, mask, and use use element with clip-path                   
Image size: 800x600
00:30 +1947 ~1 -2: /Users/denisnadey/apps/flutter_full_svg_support/test/golden_comparison/golden_comparison_test.dart: Golden Comparison Tests Golden: dart matches browser render                     00:30 +1948 ~1 -2: /Users/denisnadey/apps/flutter_full_svg_support/test/golden_comparison/golden_comparison_test.dart: Golden Comparison Tests Golden: dart matches browser render                     00:30 +1948 ~1 -2: /Users/denisnadey/apps/flutter_full_svg_support/test/animation/clip_mask_use_verification_test.dart: Combined clip-path, mask, and use use element with mask                        
Image size: 800x600
00:30 +1949 ~1 -2: /Users/denisnadey/apps/flutter_full_svg_support/test/golden_comparison/golden_comparison_test.dart: Golden Comparison Tests Golden: dart matches browser render                     00:30 +1950 ~1 -2: /Users/denisnadey/apps/flutter_full_svg_support/test/golden_comparison/golden_comparison_test.dart: Golden Comparison Tests Golden: dart matches browser render                     00:30 +1950 ~1 -2: /Users/denisnadey/apps/flutter_full_svg_support/test/animation/clip_mask_use_verification_test.dart: Combined clip-path, mask, and use mask using use element internally            
Image size: 800x600
00:30 +1951 ~1 -2: /Users/denisnadey/apps/flutter_full_svg_support/test/golden_comparison/golden_comparison_test.dart: Golden Comparison Tests Golden: dart matches browser render                     00:30 +1952 ~1 -2: /Users/denisnadey/apps/flutter_full_svg_support/test/golden_comparison/golden_comparison_test.dart: Golden Comparison Tests Golden: dart matches browser render                     00:30 +1953 ~1 -2: /Users/denisnadey/apps/flutter_full_svg_support/test/golden_comparison/golden_comparison_test.dart: Golden Comparison Tests Golden: dart matches browser render                     00:30 +1953 ~1 -2: /Users/denisnadey/apps/flutter_full_svg_support/test/animation/clip_mask_use_verification_test.dart: Combined clip-path, mask, and use clipPath using use element internally        
Image size: 800x600
00:30 +1954 ~1 -2: /Users/denisnadey/apps/flutter_full_svg_support/test/golden_comparison/golden_comparison_test.dart: Golden Comparison Tests Golden: dart matches browser render                     00:30 +1955 ~1 -2: /Users/denisnadey/apps/flutter_full_svg_support/test/golden_comparison/golden_comparison_test.dart: Golden Comparison Tests Golden: dart matches browser render                     00:30 +1956 ~1 -2: /Users/denisnadey/apps/flutter_full_svg_support/test/golden_comparison/golden_comparison_test.dart: Golden Comparison Tests Golden: dart matches browser render                     00:30 +1957 ~1 -2: /Users/denisnadey/apps/flutter_full_svg_support/test/golden_comparison/golden_comparison_test.dart: Golden Comparison Tests Golden: dart matches browser render                     00:30 +1958 ~1 -2: /Users/denisnadey/apps/flutter_full_svg_support/test/golden_comparison/golden_comparison_test.dart: Golden Comparison Tests Golden: dart matches browser render                     00:30 +1959 ~1 -2: /Users/denisnadey/apps/flutter_full_svg_support/test/golden_comparison/golden_comparison_test.dart: Golden Comparison Tests Golden: dart matches browser render                     00:30 +1960 ~1 -2: /Users/denisnadey/apps/flutter_full_svg_support/test/golden_comparison/golden_comparison_test.dart: Golden Comparison Tests Golden: dart matches browser render                     00:30 +1961 ~1 -2: /Users/denisnadey/apps/flutter_full_svg_support/test/golden_comparison/golden_comparison_test.dart: Golden Comparison Tests Golden: dart matches browser render                     00:30 +1962 ~1 -2: /Users/denisnadey/apps/flutter_full_svg_support/test/golden_comparison/golden_comparison_test.dart: Golden Comparison Tests Golden: dart matches browser render                     00:30 +1963 ~1 -2: /Users/denisnadey/apps/flutter_full_svg_support/test/golden_comparison/golden_comparison_test.dart: Golden Comparison Tests Golden: dart matches browser render                     00:30 +1964 ~1 -2: /Users/denisnadey/apps/flutter_full_svg_support/test/golden_comparison/golden_comparison_test.dart: Golden Comparison Tests Golden: dart matches browser render                     00:30 +1965 ~1 -2: /Users/denisnadey/apps/flutter_full_svg_support/test/golden_comparison/golden_comparison_test.dart: Golden Comparison Tests Golden: dart matches browser render                     00:30 +1966 ~1 -2: /Users/denisnadey/apps/flutter_full_svg_support/test/golden_comparison/golden_comparison_test.dart: Golden Comparison Tests Golden: dart matches browser render                     00:30 +1967 ~1 -2: /Users/denisnadey/apps/flutter_full_svg_support/test/golden_comparison/golden_comparison_test.dart: Golden Comparison Tests Golden: dart matches browser render                     00:30 +1968 ~1 -2: /Users/denisnadey/apps/flutter_full_svg_support/test/golden_comparison/golden_comparison_test.dart: Golden Comparison Tests Golden: dart matches browser render                     00:30 +1969 ~1 -2: /Users/denisnadey/apps/flutter_full_svg_support/test/golden_comparison/golden_comparison_test.dart: Golden Comparison Tests Golden: dart matches browser render                     00:30 +1970 ~1 -2: /Users/denisnadey/apps/flutter_full_svg_support/test/golden_comparison/golden_comparison_test.dart: Golden Comparison Tests Golden: dart matches browser render                     00:30 +1971 ~1 -2: /Users/denisnadey/apps/flutter_full_svg_support/test/golden_comparison/golden_comparison_test.dart: Golden Comparison Tests Golden: dart matches browser render                     00:30 +1972 ~1 -2: /Users/denisnadey/apps/flutter_full_svg_support/test/golden_comparison/golden_comparison_test.dart: Golden Comparison Tests Golden: dart matches browser render                     00:30 +1973 ~1 -2: /Users/denisnadey/apps/flutter_full_svg_support/test/golden_comparison/golden_comparison_test.dart: Golden Comparison Tests Golden: dart matches browser render                     00:30 +1974 ~1 -2: /Users/denisnadey/apps/flutter_full_svg_support/test/golden_comparison/golden_comparison_test.dart: Golden Comparison Tests Golden: dart matches browser render                     00:30 +1975 ~1 -2: /Users/denisnadey/apps/flutter_full_svg_support/test/golden_comparison/golden_comparison_test.dart: Golden Comparison Tests Golden: dart matches browser render                     00:30 +1976 ~1 -2: /Users/denisnadey/apps/flutter_full_svg_support/test/golden_comparison/golden_comparison_test.dart: Golden Comparison Tests Golden: dart matches browser render                     00:30 +1977 ~1 -2: /Users/denisnadey/apps/flutter_full_svg_support/test/golden_comparison/golden_comparison_test.dart: Golden Comparison Tests Golden: dart matches browser render                     00:30 +1978 ~1 -2: /Users/denisnadey/apps/flutter_full_svg_support/test/golden_comparison/golden_comparison_test.dart: Golden Comparison Tests Golden: dart matches browser render                     00:30 +1979 ~1 -2: /Users/denisnadey/apps/flutter_full_svg_support/test/golden_comparison/golden_comparison_test.dart: Golden Comparison Tests Golden: dart matches browser render                     00:30 +1980 ~1 -2: /Users/denisnadey/apps/flutter_full_svg_support/test/golden_comparison/golden_comparison_test.dart: Golden Comparison Tests Golden: dart matches browser render                     00:30 +1981 ~1 -2: /Users/denisnadey/apps/flutter_full_svg_support/test/golden_comparison/golden_comparison_test.dart: Golden Comparison Tests Golden: dart matches browser render                     00:31 +1981 ~1 -2: /Users/denisnadey/apps/flutter_full_svg_support/test/golden_comparison/golden_comparison_test.dart: Golden Comparison Tests Golden: dart matches browser render                     00:31 +1982 ~1 -2: /Users/denisnadey/apps/flutter_full_svg_support/test/golden_comparison/golden_comparison_test.dart: Golden Comparison Tests Golden: dart matches browser render                     00:31 +1983 ~1 -2: /Users/denisnadey/apps/flutter_full_svg_support/test/golden_comparison/golden_comparison_test.dart: Golden Comparison Tests Golden: dart matches browser render                     00:31 +1984 ~1 -2: /Users/denisnadey/apps/flutter_full_svg_support/test/golden_comparison/golden_comparison_test.dart: Golden Comparison Tests Golden: dart matches browser render                     00:31 +1985 ~1 -2: /Users/denisnadey/apps/flutter_full_svg_support/test/golden_comparison/golden_comparison_test.dart: Golden Comparison Tests Golden: dart matches browser render                     00:31 +1986 ~1 -2: /Users/denisnadey/apps/flutter_full_svg_support/test/golden_comparison/golden_comparison_test.dart: Golden Comparison Tests Golden: dart matches browser render                     00:31 +1987 ~1 -2: /Users/denisnadey/apps/flutter_full_svg_support/test/golden_comparison/golden_comparison_test.dart: Golden Comparison Tests Golden: dart matches browser render                     00:31 +1988 ~1 -2: /Users/denisnadey/apps/flutter_full_svg_support/test/golden_comparison/golden_comparison_test.dart: Golden Comparison Tests Golden: dart matches browser render                     00:31 +1989 ~1 -2: /Users/denisnadey/apps/flutter_full_svg_support/test/golden_comparison/golden_comparison_test.dart: Golden Comparison Tests Golden: dart matches browser render                     00:31 +1990 ~1 -2: /Users/denisnadey/apps/flutter_full_svg_support/test/golden_comparison/golden_comparison_test.dart: Golden Comparison Tests Golden: dart matches browser render                     00:31 +1991 ~1 -2: /Users/denisnadey/apps/flutter_full_svg_support/test/golden_comparison/golden_comparison_test.dart: Golden Comparison Tests Golden: dart matches browser render                     00:31 +1992 ~1 -2: /Users/denisnadey/apps/flutter_full_svg_support/test/golden_comparison/golden_comparison_test.dart: Golden Comparison Tests Golden: dart matches browser render                     00:31 +1993 ~1 -2: /Users/denisnadey/apps/flutter_full_svg_support/test/golden_comparison/golden_comparison_test.dart: Golden Comparison Tests Golden: dart matches browser render                     00:31 +1994 ~1 -2: /Users/denisnadey/apps/flutter_full_svg_support/test/golden_comparison/golden_comparison_test.dart: Golden Comparison Tests Golden: dart matches browser render                     00:31 +1995 ~1 -2: /Users/denisnadey/apps/flutter_full_svg_support/test/golden_comparison/golden_comparison_test.dart: Golden Comparison Tests Golden: dart matches browser render                     00:31 +1996 ~1 -2: /Users/denisnadey/apps/flutter_full_svg_support/test/golden_comparison/golden_comparison_test.dart: Golden Comparison Tests Golden: dart matches browser render                     00:31 +1997 ~1 -2: /Users/denisnadey/apps/flutter_full_svg_support/test/golden_comparison/golden_comparison_test.dart: Golden Comparison Tests Golden: dart matches browser render                     00:31 +1998 ~1 -2: /Users/denisnadey/apps/flutter_full_svg_support/test/golden_comparison/golden_comparison_test.dart: Golden Comparison Tests Golden: dart matches browser render                     00:31 +1999 ~1 -2: /Users/denisnadey/apps/flutter_full_svg_support/test/golden_comparison/golden_comparison_test.dart: Golden Comparison Tests Golden: dart matches browser render                     00:31 +1999 ~1 -2: /Users/denisnadey/apps/flutter_full_svg_support/test/animation/path_integration_test.dart: Path Morphing Integration Tests Square to Circle Morphing normalizes square and circle to same length
Normalized square commands: 8
Normalized circle commands: 8
  [0] Square: M, Circle: M
  [1] Square: C, Circle: C
  [2] Square: C, Circle: C
  [3] Square: C, Circle: C
  [4] Square: C, Circle: C
  [5] Square: C, Circle: C
  [6] Square: C, Circle: C
  [7] Square: Z, Circle: Z
00:31 +2000 ~1 -2: /Users/denisnadey/apps/flutter_full_svg_support/test/golden_comparison/golden_comparison_test.dart: Golden Comparison Tests Golden: dart matches browser render                     00:31 +2001 ~1 -2: /Users/denisnadey/apps/flutter_full_svg_support/test/golden_comparison/golden_comparison_test.dart: Golden Comparison Tests Golden: dart matches browser render                     00:31 +2002 ~1 -2: /Users/denisnadey/apps/flutter_full_svg_support/test/golden_comparison/golden_comparison_test.dart: Golden Comparison Tests Golden: dart matches browser render                     00:31 +2003 ~1 -2: /Users/denisnadey/apps/flutter_full_svg_support/test/golden_comparison/golden_comparison_test.dart: Golden Comparison Tests Golden: dart matches browser render                     00:31 +2003 ~1 -2: /Users/denisnadey/apps/flutter_full_svg_support/test/animation/path_integration_test.dart: Path Morphing Integration Tests Square to Circle Morphing PathMorpher produces consistent results
t=0.0 bounds: Rect.fromLTRB(10.0, 10.0, 90.0, 90.0)
t=0.5 bounds: Rect.fromLTRB(10.0, 10.0, 90.0, 90.0)
t=1.0 bounds: Rect.fromLTRB(10.0, 10.0, 90.0, 90.0)
00:31 +2004 ~1 -2: /Users/denisnadey/apps/flutter_full_svg_support/test/golden_comparison/golden_comparison_test.dart: Golden Comparison Tests Golden: dart matches browser render                     00:31 +2005 ~1 -2: /Users/denisnadey/apps/flutter_full_svg_support/test/golden_comparison/golden_comparison_test.dart: Golden Comparison Tests Golden: dart matches browser render                     00:31 +2005 ~1 -2: /Users/denisnadey/apps/flutter_full_svg_support/test/animation/path_integration_test.dart: Path Morphing Integration Tests Star to Heart Morphing morphs star to heart smoothly     
Star→Heart at t=0.0: bounds=Rect.fromLTRB(5.0, 5.0, 95.0, 91.0)
Star→Heart at t=0.25: bounds=Rect.fromLTRB(16.3, 25.0, 79.3, 89.5)
Star→Heart at t=0.5: bounds=Rect.fromLTRB(27.5, 27.3, 79.7, 88.0)
Star→Heart at t=0.75: bounds=Rect.fromLTRB(25.6, 18.7, 84.8, 86.5)
Star→Heart at t=1.0: bounds=Rect.fromLTRB(10.0, 10.0, 90.0, 85.0)
00:31 +2006 ~1 -2: /Users/denisnadey/apps/flutter_full_svg_support/test/golden_comparison/golden_comparison_test.dart: Golden Comparison Tests Golden: dart matches browser render                     00:31 +2007 ~1 -2: /Users/denisnadey/apps/flutter_full_svg_support/test/golden_comparison/golden_comparison_test.dart: Golden Comparison Tests Golden: dart matches browser render                     00:31 +2008 ~1 -2: /Users/denisnadey/apps/flutter_full_svg_support/test/golden_comparison/golden_comparison_test.dart: Golden Comparison Tests Golden: dart matches browser render                     00:31 +2009 ~1 -2: /Users/denisnadey/apps/flutter_full_svg_support/test/golden_comparison/golden_comparison_test.dart: Golden Comparison Tests Golden: dart matches browser render                     00:31 +2010 ~1 -2: /Users/denisnadey/apps/flutter_full_svg_support/test/golden_comparison/golden_comparison_test.dart: Golden Comparison Tests Golden: dart matches browser render                     00:31 +2011 ~1 -2: /Users/denisnadey/apps/flutter_full_svg_support/test/golden_comparison/golden_comparison_test.dart: Golden Comparison Tests Golden: dart matches browser render                     00:31 +2012 ~1 -2: /Users/denisnadey/apps/flutter_full_svg_support/test/golden_comparison/golden_comparison_test.dart: Golden Comparison Tests Golden: dart matches browser render                     00:31 +2013 ~1 -2: /Users/denisnadey/apps/flutter_full_svg_support/test/golden_comparison/golden_comparison_test.dart: Golden Comparison Tests Golden: dart matches browser render                     00:31 +2014 ~1 -2: /Users/denisnadey/apps/flutter_full_svg_support/test/golden_comparison/golden_comparison_test.dart: Golden Comparison Tests Golden: dart matches browser render                     00:31 +2015 ~1 -2: /Users/denisnadey/apps/flutter_full_svg_support/test/golden_comparison/golden_comparison_test.dart: Golden Comparison Tests Golden: dart matches browser render                     00:31 +2016 ~1 -2: /Users/denisnadey/apps/flutter_full_svg_support/test/golden_comparison/golden_comparison_test.dart: Golden Comparison Tests Golden: dart matches browser render                     00:31 +2017 ~1 -2: /Users/denisnadey/apps/flutter_full_svg_support/test/golden_comparison/golden_comparison_test.dart: Golden Comparison Tests Golden: dart matches browser render                     00:31 +2018 ~1 -2: /Users/denisnadey/apps/flutter_full_svg_support/test/golden_comparison/golden_comparison_test.dart: Golden Comparison Tests Golden: dart matches browser render                     00:31 +2019 ~1 -2: /Users/denisnadey/apps/flutter_full_svg_support/test/golden_comparison/golden_comparison_test.dart: Golden Comparison Tests Golden: dart matches browser render                     00:31 +2020 ~1 -2: /Users/denisnadey/apps/flutter_full_svg_support/test/golden_comparison/golden_comparison_test.dart: Golden Comparison Tests Golden: dart matches browser render                     00:31 +2021 ~1 -2: /Users/denisnadey/apps/flutter_full_svg_support/test/golden_comparison/golden_comparison_test.dart: Golden Comparison Tests Golden: dart matches browser render                     00:31 +2022 ~1 -2: /Users/denisnadey/apps/flutter_full_svg_support/test/golden_comparison/golden_comparison_test.dart: Golden Comparison Tests Golden: dart matches browser render                     00:31 +2023 ~1 -2: /Users/denisnadey/apps/flutter_full_svg_support/test/golden_comparison/golden_comparison_test.dart: Golden Comparison Tests Golden: dart matches browser render                     00:31 +2024 ~1 -2: /Users/denisnadey/apps/flutter_full_svg_support/test/golden_comparison/golden_comparison_test.dart: Golden Comparison Tests Golden: dart matches browser render                     00:31 +2025 ~1 -2: /Users/denisnadey/apps/flutter_full_svg_support/test/golden_comparison/golden_comparison_test.dart: Golden Comparison Tests Golden: dart matches browser render                     00:31 +2026 ~1 -2: /Users/denisnadey/apps/flutter_full_svg_support/test/golden_comparison/golden_comparison_test.dart: Golden Comparison Tests Golden: dart matches browser render                     00:31 +2027 ~1 -2: /Users/denisnadey/apps/flutter_full_svg_support/test/golden_comparison/golden_comparison_test.dart: Golden Comparison Tests Golden: dart matches browser render                     00:31 +2028 ~1 -2: /Users/denisnadey/apps/flutter_full_svg_support/test/golden_comparison/golden_comparison_test.dart: Golden Comparison Tests Golden: dart matches browser render                     00:31 +2029 ~1 -2: /Users/denisnadey/apps/flutter_full_svg_support/test/golden_comparison/golden_comparison_test.dart: Golden Comparison Tests Golden: dart matches browser render                     00:31 +2030 ~1 -2: /Users/denisnadey/apps/flutter_full_svg_support/test/golden_comparison/golden_comparison_test.dart: Golden Comparison Tests Golden: dart matches browser render                     00:31 +2031 ~1 -2: /Users/denisnadey/apps/flutter_full_svg_support/test/golden_comparison/golden_comparison_test.dart: Golden Comparison Tests Golden: dart matches browser render                     00:31 +2032 ~1 -2: /Users/denisnadey/apps/flutter_full_svg_support/test/golden_comparison/golden_comparison_test.dart: Golden Comparison Tests Golden: dart matches browser render                     00:31 +2033 ~1 -2: /Users/denisnadey/apps/flutter_full_svg_support/test/golden_comparison/golden_comparison_test.dart: Golden Comparison Tests Golden: dart matches browser render                     00:31 +2034 ~1 -2: /Users/denisnadey/apps/flutter_full_svg_support/test/golden_comparison/golden_comparison_test.dart: Golden Comparison Tests Golden: dart matches browser render                     00:31 +2035 ~1 -2: /Users/denisnadey/apps/flutter_full_svg_support/test/golden_comparison/golden_comparison_test.dart: Golden Comparison Tests Golden: dart matches browser render                     00:31 +2036 ~1 -2: /Users/denisnadey/apps/flutter_full_svg_support/test/golden_comparison/golden_comparison_test.dart: Golden Comparison Tests Golden: dart matches browser render                     00:31 +2037 ~1 -2: /Users/denisnadey/apps/flutter_full_svg_support/test/golden_comparison/golden_comparison_test.dart: Golden Comparison Tests Golden: dart matches browser render                     00:31 +2038 ~1 -2: /Users/denisnadey/apps/flutter_full_svg_support/test/golden_comparison/golden_comparison_test.dart: Golden Comparison Tests Golden: dart matches browser render                     00:31 +2039 ~1 -2: /Users/denisnadey/apps/flutter_full_svg_support/test/golden_comparison/golden_comparison_test.dart: Golden Comparison Tests Golden: dart matches browser render                     00:31 +2040 ~1 -2: /Users/denisnadey/apps/flutter_full_svg_support/test/golden_comparison/golden_comparison_test.dart: Golden Comparison Tests Golden: dart matches browser render                     00:32 +2040 ~1 -2: /Users/denisnadey/apps/flutter_full_svg_support/test/golden_comparison/golden_comparison_test.dart: Golden Comparison Tests Golden: dart matches browser render                     00:32 +2041 ~1 -2: /Users/denisnadey/apps/flutter_full_svg_support/test/golden_comparison/golden_comparison_test.dart: Golden Comparison Tests Golden: dart matches browser render                     00:32 +2042 ~1 -2: /Users/denisnadey/apps/flutter_full_svg_support/test/golden_comparison/golden_comparison_test.dart: Golden Comparison Tests Golden: dart matches browser render                     00:32 +2043 ~1 -2: /Users/denisnadey/apps/flutter_full_svg_support/test/golden_comparison/golden_comparison_test.dart: Golden Comparison Tests Golden: dart matches browser render                     00:32 +2044 ~1 -2: /Users/denisnadey/apps/flutter_full_svg_support/test/golden_comparison/golden_comparison_test.dart: Golden Comparison Tests Golden: dart matches browser render                     00:32 +2045 ~1 -2: /Users/denisnadey/apps/flutter_full_svg_support/test/golden_comparison/golden_comparison_test.dart: Golden Comparison Tests Golden: dart matches browser render                     00:32 +2046 ~1 -2: /Users/denisnadey/apps/flutter_full_svg_support/test/golden_comparison/golden_comparison_test.dart: Golden Comparison Tests Golden: dart matches browser render                     00:32 +2047 ~1 -2: /Users/denisnadey/apps/flutter_full_svg_support/test/golden_comparison/golden_comparison_test.dart: Golden Comparison Tests Golden: dart matches browser render                     00:32 +2048 ~1 -2: /Users/denisnadey/apps/flutter_full_svg_support/test/golden_comparison/golden_comparison_test.dart: Golden Comparison Tests Golden: dart matches browser render                     00:32 +2049 ~1 -2: /Users/denisnadey/apps/flutter_full_svg_support/test/golden_comparison/golden_comparison_test.dart: Golden Comparison Tests Golden: dart matches browser render                     00:32 +2050 ~1 -2: /Users/denisnadey/apps/flutter_full_svg_support/test/golden_comparison/golden_comparison_test.dart: Golden Comparison Tests Golden: dart matches browser render                     00:32 +2051 ~1 -2: /Users/denisnadey/apps/flutter_full_svg_support/test/golden_comparison/golden_comparison_test.dart: Golden Comparison Tests Golden: dart matches browser render                     00:32 +2052 ~1 -2: /Users/denisnadey/apps/flutter_full_svg_support/test/golden_comparison/golden_comparison_test.dart: Golden Comparison Tests Golden: dart matches browser render                     00:32 +2053 ~1 -2: /Users/denisnadey/apps/flutter_full_svg_support/test/golden_comparison/golden_comparison_test.dart: Golden Comparison Tests Golden: dart matches browser render                     00:32 +2054 ~1 -2: /Users/denisnadey/apps/flutter_full_svg_support/test/golden_comparison/golden_comparison_test.dart: Golden Comparison Tests Golden: dart matches browser render                     00:32 +2055 ~1 -2: /Users/denisnadey/apps/flutter_full_svg_support/test/golden_comparison/golden_comparison_test.dart: Golden Comparison Tests Golden: dart matches browser render                     00:32 +2056 ~1 -2: /Users/denisnadey/apps/flutter_full_svg_support/test/golden_comparison/golden_comparison_test.dart: Golden Comparison Tests Golden: dart matches browser render                     00:32 +2057 ~1 -2: /Users/denisnadey/apps/flutter_full_svg_support/test/golden_comparison/golden_comparison_test.dart: Golden Comparison Tests Golden: dart matches browser render                     00:32 +2058 ~1 -2: /Users/denisnadey/apps/flutter_full_svg_support/test/golden_comparison/golden_comparison_test.dart: Golden Comparison Tests Golden: dart matches browser render                     00:32 +2059 ~1 -2: /Users/denisnadey/apps/flutter_full_svg_support/test/golden_comparison/golden_comparison_test.dart: Golden Comparison Tests Golden: dart matches browser render                     00:32 +2060 ~1 -2: /Users/denisnadey/apps/flutter_full_svg_support/test/golden_comparison/golden_comparison_test.dart: Golden Comparison Tests Golden: dart matches browser render                     00:32 +2061 ~1 -2: /Users/denisnadey/apps/flutter_full_svg_support/test/golden_comparison/golden_comparison_test.dart: Golden Comparison Tests Golden: dart matches browser render                     00:32 +2062 ~1 -2: /Users/denisnadey/apps/flutter_full_svg_support/test/golden_comparison/golden_comparison_test.dart: Golden Comparison Tests Golden: dart matches browser render                     00:32 +2063 ~1 -2: /Users/denisnadey/apps/flutter_full_svg_support/test/golden_comparison/golden_comparison_test.dart: Golden Comparison Tests Golden: dart matches browser render                     00:32 +2064 ~1 -2: /Users/denisnadey/apps/flutter_full_svg_support/test/golden_comparison/golden_comparison_test.dart: Golden Comparison Tests Golden: dart matches browser render                     00:32 +2065 ~1 -2: /Users/denisnadey/apps/flutter_full_svg_support/test/golden_comparison/golden_comparison_test.dart: Golden Comparison Tests Golden: dart matches browser render                     00:32 +2066 ~1 -2: /Users/denisnadey/apps/flutter_full_svg_support/test/golden_comparison/golden_comparison_test.dart: Golden Comparison Tests Golden: dart matches browser render                     00:32 +2067 ~1 -2: /Users/denisnadey/apps/flutter_full_svg_support/test/golden_comparison/golden_comparison_test.dart: Golden Comparison Tests Golden: dart matches browser render                     00:32 +2068 ~1 -2: /Users/denisnadey/apps/flutter_full_svg_support/test/golden_comparison/golden_comparison_test.dart: Golden Comparison Tests Golden: dart matches browser render                     00:32 +2069 ~1 -2: /Users/denisnadey/apps/flutter_full_svg_support/test/golden_comparison/golden_comparison_test.dart: Golden Comparison Tests Golden: dart matches browser render                     00:32 +2070 ~1 -2: /Users/denisnadey/apps/flutter_full_svg_support/test/golden_comparison/golden_comparison_test.dart: Golden Comparison Tests Golden: dart matches browser render                     00:32 +2071 ~1 -2: /Users/denisnadey/apps/flutter_full_svg_support/test/golden_comparison/golden_comparison_test.dart: Golden Comparison Tests Golden: dart matches browser render                     00:32 +2072 ~1 -2: /Users/denisnadey/apps/flutter_full_svg_support/test/golden_comparison/golden_comparison_test.dart: Golden Comparison Tests Golden: dart matches browser render                     00:32 +2073 ~1 -2: /Users/denisnadey/apps/flutter_full_svg_support/test/golden_comparison/golden_comparison_test.dart: Golden Comparison Tests Golden: dart matches browser render                     00:32 +2074 ~1 -2: /Users/denisnadey/apps/flutter_full_svg_support/test/golden_comparison/golden_comparison_test.dart: Golden Comparison Tests Golden: dart matches browser render                     00:32 +2075 ~1 -2: /Users/denisnadey/apps/flutter_full_svg_support/test/golden_comparison/golden_comparison_test.dart: Golden Comparison Tests Golden: dart matches browser render                     00:32 +2076 ~1 -2: /Users/denisnadey/apps/flutter_full_svg_support/test/golden_comparison/golden_comparison_test.dart: Golden Comparison Tests Golden: dart matches browser render                     00:32 +2077 ~1 -2: /Users/denisnadey/apps/flutter_full_svg_support/test/golden_comparison/golden_comparison_test.dart: Golden Comparison Tests Golden: dart matches browser render                     00:32 +2078 ~1 -2: /Users/denisnadey/apps/flutter_full_svg_support/test/golden_comparison/golden_comparison_test.dart: Golden Comparison Tests Golden: dart matches browser render                     00:32 +2078 ~1 -2: /Users/denisnadey/apps/flutter_full_svg_support/test/animation/text_matrix_transform_test.dart: Matrix adjacent negative number parsing parses matrix(0-1 1 0...) format            
Test 1 (0-1): 1 transforms, values: [0.0, -1.0, 1.0, 0.0, 136.353074, 431.758938]
00:32 +2079 ~1 -2: /Users/denisnadey/apps/flutter_full_svg_support/test/golden_comparison/golden_comparison_test.dart: Golden Comparison Tests Golden: dart matches browser render                     00:32 +2079 ~1 -2: /Users/denisnadey/apps/flutter_full_svg_support/test/animation/text_matrix_transform_test.dart: Matrix adjacent negative number parsing parses standard comma format                
Test 2 (commas): 1 transforms, values: [0.0, -1.0, 1.0, 0.0, 136.353074, 431.758938]
00:32 +2080 ~1 -2: /Users/denisnadey/apps/flutter_full_svg_support/test/golden_comparison/golden_comparison_test.dart: Golden Comparison Tests Golden: dart matches browser render                     00:32 +2080 ~1 -2: /Users/denisnadey/apps/flutter_full_svg_support/test/animation/text_matrix_transform_test.dart: Matrix adjacent negative number parsing parses matrix(0-.363742...) format          
Test 3 (0-.363742): 1 transforms, values: [0.0, -0.363742, 0.363742, 0.0, 93.814966, 511.567068]
00:32 +2081 ~1 -2: /Users/denisnadey/apps/flutter_full_svg_support/test/golden_comparison/golden_comparison_test.dart: Golden Comparison Tests Golden: dart matches browser render                     00:32 +2082 ~1 -2: /Users/denisnadey/apps/flutter_full_svg_support/test/golden_comparison/golden_comparison_test.dart: Golden Comparison Tests Golden: dart matches browser render                     00:32 +2083 ~1 -2: /Users/denisnadey/apps/flutter_full_svg_support/test/golden_comparison/golden_comparison_test.dart: Golden Comparison Tests Golden: dart matches browser render                     00:32 +2084 ~1 -2: /Users/denisnadey/apps/flutter_full_svg_support/test/golden_comparison/golden_comparison_test.dart: Golden Comparison Tests Golden: dart matches browser render                     00:32 +2085 ~1 -2: /Users/denisnadey/apps/flutter_full_svg_support/test/golden_comparison/golden_comparison_test.dart: Golden Comparison Tests Golden: dart matches browser render                     00:32 +2086 ~1 -2: /Users/denisnadey/apps/flutter_full_svg_support/test/golden_comparison/golden_comparison_test.dart: Golden Comparison Tests Golden: dart matches browser render                     00:32 +2087 ~1 -2: /Users/denisnadey/apps/flutter_full_svg_support/test/golden_comparison/golden_comparison_test.dart: Golden Comparison Tests Golden: dart matches browser render                     00:32 +2088 ~1 -2: /Users/denisnadey/apps/flutter_full_svg_support/test/golden_comparison/golden_comparison_test.dart: Golden Comparison Tests Golden: dart matches browser render                     00:32 +2089 ~1 -2: /Users/denisnadey/apps/flutter_full_svg_support/test/golden_comparison/golden_comparison_test.dart: Golden Comparison Tests Golden: dart matches browser render                     00:32 +2090 ~1 -2: /Users/denisnadey/apps/flutter_full_svg_support/test/golden_comparison/golden_comparison_test.dart: Golden Comparison Tests Golden: dart matches browser render                     00:32 +2091 ~1 -2: /Users/denisnadey/apps/flutter_full_svg_support/test/golden_comparison/golden_comparison_test.dart: Golden Comparison Tests Golden: dart matches browser render                     00:32 +2092 ~1 -2: /Users/denisnadey/apps/flutter_full_svg_support/test/golden_comparison/golden_comparison_test.dart: Golden Comparison Tests Golden: dart matches browser render                     00:32 +2093 ~1 -2: /Users/denisnadey/apps/flutter_full_svg_support/test/golden_comparison/golden_comparison_test.dart: Golden Comparison Tests Golden: dart matches browser render                     00:32 +2094 ~1 -2: /Users/denisnadey/apps/flutter_full_svg_support/test/golden_comparison/golden_comparison_test.dart: Golden Comparison Tests Golden: dart matches browser render                     00:32 +2095 ~1 -2: /Users/denisnadey/apps/flutter_full_svg_support/test/golden_comparison/golden_comparison_test.dart: Golden Comparison Tests Golden: dart matches browser render                     00:32 +2096 ~1 -2: /Users/denisnadey/apps/flutter_full_svg_support/test/golden_comparison/golden_comparison_test.dart: Golden Comparison Tests Golden: dart matches browser render                     00:32 +2097 ~1 -2: /Users/denisnadey/apps/flutter_full_svg_support/test/golden_comparison/golden_comparison_test.dart: Golden Comparison Tests Golden: dart matches browser render                     00:32 +2098 ~1 -2: /Users/denisnadey/apps/flutter_full_svg_support/test/golden_comparison/golden_comparison_test.dart: Golden Comparison Tests Golden: dart matches browser render                     00:32 +2099 ~1 -2: /Users/denisnadey/apps/flutter_full_svg_support/test/golden_comparison/golden_comparison_test.dart: Golden Comparison Tests Golden: dart matches browser render                     00:32 +2100 ~1 -2: /Users/denisnadey/apps/flutter_full_svg_support/test/golden_comparison/golden_comparison_test.dart: Golden Comparison Tests Golden: dart matches browser render                     00:32 +2101 ~1 -2: /Users/denisnadey/apps/flutter_full_svg_support/test/golden_comparison/golden_comparison_test.dart: Golden Comparison Tests Golden: dart matches browser render                     00:32 +2102 ~1 -2: /Users/denisnadey/apps/flutter_full_svg_support/test/golden_comparison/golden_comparison_test.dart: Golden Comparison Tests Golden: dart matches browser render                     00:32 +2103 ~1 -2: /Users/denisnadey/apps/flutter_full_svg_support/test/golden_comparison/golden_comparison_test.dart: Golden Comparison Tests Golden: dart matches browser render                     00:32 +2104 ~1 -2: /Users/denisnadey/apps/flutter_full_svg_support/test/golden_comparison/golden_comparison_test.dart: Golden Comparison Tests Golden: dart matches browser render                     00:32 +2105 ~1 -2: /Users/denisnadey/apps/flutter_full_svg_support/test/golden_comparison/golden_comparison_test.dart: Golden Comparison Tests Golden: dart matches browser render                     00:32 +2106 ~1 -2: /Users/denisnadey/apps/flutter_full_svg_support/test/golden_comparison/golden_comparison_test.dart: Golden Comparison Tests Golden: dart matches browser render                     00:32 +2107 ~1 -2: /Users/denisnadey/apps/flutter_full_svg_support/test/golden_comparison/golden_comparison_test.dart: Golden Comparison Tests Golden: dart matches browser render                     00:32 +2108 ~1 -2: /Users/denisnadey/apps/flutter_full_svg_support/test/golden_comparison/golden_comparison_test.dart: Golden Comparison Tests Golden: dart matches browser render                     00:32 +2109 ~1 -2: /Users/denisnadey/apps/flutter_full_svg_support/test/golden_comparison/golden_comparison_test.dart: Golden Comparison Tests Golden: dart matches browser render                     00:32 +2110 ~1 -2: /Users/denisnadey/apps/flutter_full_svg_support/test/golden_comparison/golden_comparison_test.dart: Golden Comparison Tests Golden: dart matches browser render                     00:32 +2111 ~1 -2: /Users/denisnadey/apps/flutter_full_svg_support/test/golden_comparison/golden_comparison_test.dart: Golden Comparison Tests Golden: dart matches browser render                     00:32 +2112 ~1 -2: /Users/denisnadey/apps/flutter_full_svg_support/test/golden_comparison/golden_comparison_test.dart: Golden Comparison Tests Golden: dart matches browser render                     00:32 +2113 ~1 -2: /Users/denisnadey/apps/flutter_full_svg_support/test/golden_comparison/golden_comparison_test.dart: Golden Comparison Tests Golden: dart matches browser render                     00:32 +2114 ~1 -2: /Users/denisnadey/apps/flutter_full_svg_support/test/golden_comparison/golden_comparison_test.dart: Golden Comparison Tests Golden: dart matches browser render                     00:32 +2115 ~1 -2: /Users/denisnadey/apps/flutter_full_svg_support/test/golden_comparison/golden_comparison_test.dart: Golden Comparison Tests Golden: dart matches browser render                     00:32 +2116 ~1 -2: /Users/denisnadey/apps/flutter_full_svg_support/test/golden_comparison/golden_comparison_test.dart: Golden Comparison Tests Golden: dart matches browser render                     00:32 +2117 ~1 -2: /Users/denisnadey/apps/flutter_full_svg_support/test/golden_comparison/golden_comparison_test.dart: Golden Comparison Tests Golden: dart matches browser render                     00:32 +2118 ~1 -2: /Users/denisnadey/apps/flutter_full_svg_support/test/golden_comparison/golden_comparison_test.dart: Golden Comparison Tests Golden: dart matches browser render                     00:32 +2119 ~1 -2: /Users/denisnadey/apps/flutter_full_svg_support/test/golden_comparison/golden_comparison_test.dart: Golden Comparison Tests Golden: dart matches browser render                     00:32 +2120 ~1 -2: /Users/denisnadey/apps/flutter_full_svg_support/test/golden_comparison/golden_comparison_test.dart: Golden Comparison Tests Golden: dart matches browser render                     00:32 +2121 ~1 -2: /Users/denisnadey/apps/flutter_full_svg_support/test/golden_comparison/golden_comparison_test.dart: Golden Comparison Tests Golden: dart matches browser render                     00:32 +2122 ~1 -2: /Users/denisnadey/apps/flutter_full_svg_support/test/golden_comparison/golden_comparison_test.dart: Golden Comparison Tests Golden: dart matches browser render                     00:32 +2123 ~1 -2: /Users/denisnadey/apps/flutter_full_svg_support/test/golden_comparison/golden_comparison_test.dart: Golden Comparison Tests Golden: dart matches browser render                     00:32 +2124 ~1 -2: /Users/denisnadey/apps/flutter_full_svg_support/test/golden_comparison/golden_comparison_test.dart: Golden Comparison Tests Golden: dart matches browser render                     00:32 +2125 ~1 -2: /Users/denisnadey/apps/flutter_full_svg_support/test/golden_comparison/golden_comparison_test.dart: Golden Comparison Tests Golden: dart matches browser render                     00:32 +2126 ~1 -2: /Users/denisnadey/apps/flutter_full_svg_support/test/golden_comparison/golden_comparison_test.dart: Golden Comparison Tests Golden: dart matches browser render                     00:32 +2127 ~1 -2: /Users/denisnadey/apps/flutter_full_svg_support/test/golden_comparison/golden_comparison_test.dart: Golden Comparison Tests Golden: dart matches browser render                     00:32 +2128 ~1 -2: /Users/denisnadey/apps/flutter_full_svg_support/test/golden_comparison/golden_comparison_test.dart: Golden Comparison Tests Golden: dart matches browser render                     00:32 +2129 ~1 -2: /Users/denisnadey/apps/flutter_full_svg_support/test/golden_comparison/golden_comparison_test.dart: Golden Comparison Tests Golden: dart matches browser render                     00:32 +2130 ~1 -2: /Users/denisnadey/apps/flutter_full_svg_support/test/golden_comparison/golden_comparison_test.dart: Golden Comparison Tests Golden: dart matches browser render                     00:32 +2131 ~1 -2: /Users/denisnadey/apps/flutter_full_svg_support/test/golden_comparison/golden_comparison_test.dart: Golden Comparison Tests Golden: dart matches browser render                     00:32 +2132 ~1 -2: /Users/denisnadey/apps/flutter_full_svg_support/test/golden_comparison/golden_comparison_test.dart: Golden Comparison Tests Golden: dart matches browser render                     00:32 +2133 ~1 -2: /Users/denisnadey/apps/flutter_full_svg_support/test/golden_comparison/golden_comparison_test.dart: Golden Comparison Tests Golden: dart matches browser render                     00:32 +2134 ~1 -2: /Users/denisnadey/apps/flutter_full_svg_support/test/golden_comparison/golden_comparison_test.dart: Golden Comparison Tests Golden: dart matches browser render                     00:32 +2135 ~1 -2: /Users/denisnadey/apps/flutter_full_svg_support/test/golden_comparison/golden_comparison_test.dart: Golden Comparison Tests Golden: dart matches browser render                     00:32 +2136 ~1 -2: /Users/denisnadey/apps/flutter_full_svg_support/test/golden_comparison/golden_comparison_test.dart: Golden Comparison Tests Golden: dart matches browser render                     00:32 +2137 ~1 -2: /Users/denisnadey/apps/flutter_full_svg_support/test/golden_comparison/golden_comparison_test.dart: Golden Comparison Tests Golden: dart matches browser render                     00:32 +2138 ~1 -2: /Users/denisnadey/apps/flutter_full_svg_support/test/golden_comparison/golden_comparison_test.dart: Golden Comparison Tests Golden: dart matches browser render                     00:32 +2139 ~1 -2: /Users/denisnadey/apps/flutter_full_svg_support/test/golden_comparison/golden_comparison_test.dart: Golden Comparison Tests Golden: dart matches browser render                     00:32 +2140 ~1 -2: /Users/denisnadey/apps/flutter_full_svg_support/test/golden_comparison/golden_comparison_test.dart: Golden Comparison Tests Golden: dart matches browser render                     00:32 +2141 ~1 -2: /Users/denisnadey/apps/flutter_full_svg_support/test/golden_comparison/golden_comparison_test.dart: Golden Comparison Tests Golden: dart matches browser render                     00:32 +2142 ~1 -2: /Users/denisnadey/apps/flutter_full_svg_support/test/golden_comparison/golden_comparison_test.dart: Golden Comparison Tests Golden: dart matches browser render                     00:32 +2143 ~1 -2: /Users/denisnadey/apps/flutter_full_svg_support/test/golden_comparison/golden_comparison_test.dart: Golden Comparison Tests Golden: dart matches browser render                     00:32 +2144 ~1 -2: /Users/denisnadey/apps/flutter_full_svg_support/test/golden_comparison/golden_comparison_test.dart: Golden Comparison Tests Golden: dart matches browser render                     00:32 +2145 ~1 -2: /Users/denisnadey/apps/flutter_full_svg_support/test/golden_comparison/golden_comparison_test.dart: Golden Comparison Tests Golden: dart matches browser render                     00:32 +2146 ~1 -2: /Users/denisnadey/apps/flutter_full_svg_support/test/golden_comparison/golden_comparison_test.dart: Golden Comparison Tests Golden: dart matches browser render                     00:32 +2147 ~1 -2: /Users/denisnadey/apps/flutter_full_svg_support/test/golden_comparison/golden_comparison_test.dart: Golden Comparison Tests Golden: dart matches browser render                     00:32 +2148 ~1 -2: /Users/denisnadey/apps/flutter_full_svg_support/test/golden_comparison/golden_comparison_test.dart: Golden Comparison Tests Golden: dart matches browser render                     00:32 +2149 ~1 -2: /Users/denisnadey/apps/flutter_full_svg_support/test/golden_comparison/golden_comparison_test.dart: Golden Comparison Tests Golden: dart matches browser render                     00:32 +2150 ~1 -2: /Users/denisnadey/apps/flutter_full_svg_support/test/golden_comparison/golden_comparison_test.dart: Golden Comparison Tests Golden: dart matches browser render                     00:32 +2151 ~1 -2: /Users/denisnadey/apps/flutter_full_svg_support/test/golden_comparison/golden_comparison_test.dart: Golden Comparison Tests Golden: dart matches browser render                     00:32 +2152 ~1 -2: /Users/denisnadey/apps/flutter_full_svg_support/test/golden_comparison/golden_comparison_test.dart: Golden Comparison Tests Golden: dart matches browser render                     00:32 +2153 ~1 -2: /Users/denisnadey/apps/flutter_full_svg_support/test/golden_comparison/golden_comparison_test.dart: Golden Comparison Tests Golden: dart matches browser render                     00:33 +2153 ~1 -2: /Users/denisnadey/apps/flutter_full_svg_support/test/golden_comparison/golden_comparison_test.dart: Golden Comparison Tests Golden: dart matches browser render                     00:33 +2153 ~1 -2: /Users/denisnadey/apps/flutter_full_svg_support/test/animation/initial_time_test.dart: initialTime API initialTime: Duration.zero shows first frame                                 
Image size: 800x600
✅ initialTime: Duration.zero test passed!
   Pixels: 400
   Centroid: Offset(9.5, 49.5) (should be on left)
00:33 +2153 ~1 -2: /Users/denisnadey/apps/flutter_full_svg_support/test/golden_comparison/golden_comparison_test.dart: Golden Comparison Tests Golden: dart matches browser render                     00:33 +2154 ~1 -2: /Users/denisnadey/apps/flutter_full_svg_support/test/golden_comparison/golden_comparison_test.dart: Golden Comparison Tests Golden: dart matches browser render                     00:33 +2154 ~1 -2: /Users/denisnadey/apps/flutter_full_svg_support/test/animation/initial_time_test.dart: initialTime API initialTime: Duration(seconds: 1) shows mid-animation                        
Image size: 800x600
✅ initialTime: 1s test passed!
   Pixels: 400
   Centroid: Offset(49.5, 49.5) (should be in middle/right)
00:33 +2155 ~1 -2: /Users/denisnadey/apps/flutter_full_svg_support/test/golden_comparison/golden_comparison_test.dart: Golden Comparison Tests Golden: dart matches browser render                     00:33 +2155 ~1 -2: /Users/denisnadey/apps/flutter_full_svg_support/test/animation/initial_time_test.dart: initialTime API initialTime with rotation shows specific angle                               
Image size: 800x600
✅ initialTime rotation test passed!
   t=1s (90°) pixels: 400
   Centroid: Offset(49.5, 49.5)
00:33 +2156 ~1 -2: /Users/denisnadey/apps/flutter_full_svg_support/test/golden_comparison/golden_comparison_test.dart: Golden Comparison Tests Golden: dart matches browser render                     00:33 +2156 ~1 -2: /Users/denisnadey/apps/flutter_full_svg_support/test/animation/visual_scale_test.dart: Visual Scale Tests scale animation renders correctly                                         

================================================================================
TEST: Scale Animation Visual Rendering
================================================================================

📸 Building animated SVG widget...
00:33 +2156 ~1 -2: /Users/denisnadey/apps/flutter_full_svg_support/test/animation/initial_time_test.dart: initialTime API initialTime works with autoPlay: true                                        
Image size: 800x600
✅ initialTime + autoPlay test passed!
   Pixels: 400
00:33 +2157 ~1 -2: /Users/denisnadey/apps/flutter_full_svg_support/test/golden_comparison/golden_comparison_test.dart: Golden Comparison Tests Golden: dart matches browser render                     00:33 +2158 ~1 -2: /Users/denisnadey/apps/flutter_full_svg_support/test/golden_comparison/golden_comparison_test.dart: Golden Comparison Tests Golden: dart matches browser render                     00:33 +2159 ~1 -2: /Users/denisnadey/apps/flutter_full_svg_support/test/golden_comparison/golden_comparison_test.dart: Golden Comparison Tests Golden: dart matches browser render                     00:33 +2160 ~1 -2: /Users/denisnadey/apps/flutter_full_svg_support/test/golden_comparison/golden_comparison_test.dart: Golden Comparison Tests Golden: dart matches browser render                     00:33 +2161 ~1 -2: /Users/denisnadey/apps/flutter_full_svg_support/test/golden_comparison/golden_comparison_test.dart: Golden Comparison Tests Golden: dart matches browser render                     00:33 +2161 ~1 -2: /Users/denisnadey/apps/flutter_full_svg_support/test/animation/visual_scale_test.dart: Visual Scale Tests scale animation renders correctly                                         
📸 Capturing pixels...
Image size: 800x600
✅ Analysis:
   Red pixels: 441
   Centroid: (402.0, 302.0)
   BBox: 20×20 at (392, 292)
   Hash: 27fc5ce0

📊 Result: ✅ SVG RENDERED
================================================================================

00:33 +2162 ~1 -2: /Users/denisnadey/apps/flutter_full_svg_support/test/golden_comparison/golden_comparison_test.dart: Golden Comparison Tests Golden: dart matches browser render                     00:33 +2163 ~1 -2: /Users/denisnadey/apps/flutter_full_svg_support/test/golden_comparison/golden_comparison_test.dart: Golden Comparison Tests Golden: dart matches browser render                     00:33 +2164 ~1 -2: /Users/denisnadey/apps/flutter_full_svg_support/test/golden_comparison/golden_comparison_test.dart: Golden Comparison Tests Golden: dart matches browser render                     00:33 +2165 ~1 -2: /Users/denisnadey/apps/flutter_full_svg_support/test/golden_comparison/golden_comparison_test.dart: Golden Comparison Tests Golden: dart matches browser render                     00:33 +2166 ~1 -2: /Users/denisnadey/apps/flutter_full_svg_support/test/golden_comparison/golden_comparison_test.dart: Golden Comparison Tests Golden: dart matches browser render                     00:33 +2167 ~1 -2: /Users/denisnadey/apps/flutter_full_svg_support/test/golden_comparison/golden_comparison_test.dart: Golden Comparison Tests Golden: dart matches browser render                     00:33 +2168 ~1 -2: /Users/denisnadey/apps/flutter_full_svg_support/test/golden_comparison/golden_comparison_test.dart: Golden Comparison Tests Golden: dart matches browser render                     00:33 +2169 ~1 -2: /Users/denisnadey/apps/flutter_full_svg_support/test/golden_comparison/golden_comparison_test.dart: Golden Comparison Tests Golden: dart matches browser render                     00:33 +2170 ~1 -2: /Users/denisnadey/apps/flutter_full_svg_support/test/golden_comparison/golden_comparison_test.dart: Golden Comparison Tests Golden: dart matches browser render                     00:33 +2171 ~1 -2: /Users/denisnadey/apps/flutter_full_svg_support/test/golden_comparison/golden_comparison_test.dart: Golden Comparison Tests Golden: dart matches browser render                     00:33 +2172 ~1 -2: /Users/denisnadey/apps/flutter_full_svg_support/test/golden_comparison/golden_comparison_test.dart: Golden Comparison Tests Golden: dart matches browser render                     00:33 +2173 ~1 -2: /Users/denisnadey/apps/flutter_full_svg_support/test/golden_comparison/golden_comparison_test.dart: Golden Comparison Tests Golden: dart matches browser render                     00:33 +2174 ~1 -2: /Users/denisnadey/apps/flutter_full_svg_support/test/golden_comparison/golden_comparison_test.dart: Golden Comparison Tests Golden: dart matches browser render                     00:34 +2174 ~1 -2: /Users/denisnadey/apps/flutter_full_svg_support/test/golden_comparison/golden_comparison_test.dart: Golden Comparison Tests Golden: dart matches browser render                     00:34 +2175 ~1 -2: /Users/denisnadey/apps/flutter_full_svg_support/test/golden_comparison/golden_comparison_test.dart: Golden Comparison Tests Golden: dart matches browser render                     00:34 +2176 ~1 -2: /Users/denisnadey/apps/flutter_full_svg_support/test/golden_comparison/golden_comparison_test.dart: Golden Comparison Tests Golden: dart matches browser render                     00:34 +2177 ~1 -2: /Users/denisnadey/apps/flutter_full_svg_support/test/golden_comparison/golden_comparison_test.dart: Golden Comparison Tests Golden: dart matches browser render                     00:34 +2178 ~1 -2: /Users/denisnadey/apps/flutter_full_svg_support/test/golden_comparison/golden_comparison_test.dart: Golden Comparison Tests Golden: dart matches browser render                     00:34 +2179 ~1 -2: /Users/denisnadey/apps/flutter_full_svg_support/test/golden_comparison/golden_comparison_test.dart: Golden Comparison Tests Golden: dart matches browser render                     00:34 +2180 ~1 -2: /Users/denisnadey/apps/flutter_full_svg_support/test/golden_comparison/golden_comparison_test.dart: Golden Comparison Tests Golden: dart matches browser render                     00:34 +2181 ~1 -2: /Users/denisnadey/apps/flutter_full_svg_support/test/golden_comparison/golden_comparison_test.dart: Golden Comparison Tests Golden: dart matches browser render                     00:34 +2182 ~1 -2: /Users/denisnadey/apps/flutter_full_svg_support/test/golden_comparison/golden_comparison_test.dart: Golden Comparison Tests Golden: dart matches browser render                     00:34 +2183 ~1 -2: /Users/denisnadey/apps/flutter_full_svg_support/test/golden_comparison/golden_comparison_test.dart: Golden Comparison Tests Golden: dart matches browser render                     00:34 +2184 ~1 -2: /Users/denisnadey/apps/flutter_full_svg_support/test/golden_comparison/golden_comparison_test.dart: Golden Comparison Tests Golden: dart matches browser render                     00:34 +2185 ~1 -2: /Users/denisnadey/apps/flutter_full_svg_support/test/golden_comparison/golden_comparison_test.dart: Golden Comparison Tests Golden: dart matches browser render                     00:34 +2186 ~1 -2: /Users/denisnadey/apps/flutter_full_svg_support/test/golden_comparison/golden_comparison_test.dart: Golden Comparison Tests Golden: dart matches browser render                     00:34 +2187 ~1 -2: /Users/denisnadey/apps/flutter_full_svg_support/test/golden_comparison/golden_comparison_test.dart: Golden Comparison Tests Golden: dart matches browser render                     00:34 +2188 ~1 -2: /Users/denisnadey/apps/flutter_full_svg_support/test/golden_comparison/golden_comparison_test.dart: Golden Comparison Tests Golden: dart matches browser render                     00:34 +2189 ~1 -2: /Users/denisnadey/apps/flutter_full_svg_support/test/golden_comparison/golden_comparison_test.dart: Golden Comparison Tests Golden: dart matches browser render                     00:34 +2190 ~1 -2: /Users/denisnadey/apps/flutter_full_svg_support/test/golden_comparison/golden_comparison_test.dart: Golden Comparison Tests Golden: dart matches browser render                     00:34 +2191 ~1 -2: /Users/denisnadey/apps/flutter_full_svg_support/test/golden_comparison/golden_comparison_test.dart: Golden Comparison Tests Golden: dart matches browser render                     00:34 +2192 ~1 -2: /Users/denisnadey/apps/flutter_full_svg_support/test/golden_comparison/golden_comparison_test.dart: Golden Comparison Tests Golden: dart matches browser render                     00:34 +2192 ~1 -2: /Users/denisnadey/apps/flutter_full_svg_support/test/animation/use_css_cascade_test.dart: Use CSS Cascade Tests CSS Class Rules Applied to Use-Referenced Elements CSS class rule applies to referenced element with class
Image size: 800x600
00:34 +2193 ~1 -2: /Users/denisnadey/apps/flutter_full_svg_support/test/golden_comparison/golden_comparison_test.dart: Golden Comparison Tests Golden: dart matches browser render                     00:34 +2193 ~1 -2: /Users/denisnadey/apps/flutter_full_svg_support/test/animation/use_css_cascade_test.dart: Use CSS Cascade Tests CSS Class Rules Applied to Use-Referenced Elements CSS id rule applies to referenced element with id
Image size: 800x600
00:34 +2194 ~1 -2: /Users/denisnadey/apps/flutter_full_svg_support/test/golden_comparison/golden_comparison_test.dart: Golden Comparison Tests Golden: dart matches browser render                     00:34 +2194 ~1 -2: /Users/denisnadey/apps/flutter_full_svg_support/test/animation/use_css_cascade_test.dart: Use CSS Cascade Tests CSS Class Rules Applied to Use-Referenced Elements CSS element type rule applies to referenced element
Image size: 800x600
00:34 +2195 ~1 -2: /Users/denisnadey/apps/flutter_full_svg_support/test/golden_comparison/golden_comparison_test.dart: Golden Comparison Tests Golden: dart matches browser render                     00:34 +2195 ~1 -2: /Users/denisnadey/apps/flutter_full_svg_support/test/animation/use_css_cascade_test.dart: Use CSS Cascade Tests CSS Specificity Tests inline style on referenced element overrides CSS class rule
Image size: 800x600
00:34 +2196 ~1 -2: /Users/denisnadey/apps/flutter_full_svg_support/test/golden_comparison/golden_comparison_test.dart: Golden Comparison Tests Golden: dart matches browser render                     00:34 +2196 ~1 -2: /Users/denisnadey/apps/flutter_full_svg_support/test/animation/use_css_cascade_test.dart: Use CSS Cascade Tests CSS Specificity Tests CSS rule overrides use element presentation attribute
Image size: 800x600
00:34 +2197 ~1 -2: /Users/denisnadey/apps/flutter_full_svg_support/test/golden_comparison/golden_comparison_test.dart: Golden Comparison Tests Golden: dart matches browser render                     00:34 +2198 ~1 -2: /Users/denisnadey/apps/flutter_full_svg_support/test/golden_comparison/golden_comparison_test.dart: Golden Comparison Tests Golden: dart matches browser render                     00:34 +2198 ~1 -2: /Users/denisnadey/apps/flutter_full_svg_support/test/animation/use_css_cascade_test.dart: Use CSS Cascade Tests CSS Specificity Tests referenced element attribute overrides use presentation attribute
Image size: 800x600
00:34 +2199 ~1 -2: /Users/denisnadey/apps/flutter_full_svg_support/test/golden_comparison/golden_comparison_test.dart: Golden Comparison Tests Golden: dart matches browser render                     00:34 +2200 ~1 -2: /Users/denisnadey/apps/flutter_full_svg_support/test/golden_comparison/golden_comparison_test.dart: Golden Comparison Tests Golden: dart matches browser render                     00:34 +2201 ~1 -2: /Users/denisnadey/apps/flutter_full_svg_support/test/golden_comparison/golden_comparison_test.dart: Golden Comparison Tests Golden: dart matches browser render                     00:34 +2201 ~1 -2: /Users/denisnadey/apps/flutter_full_svg_support/test/animation/use_css_cascade_test.dart: Use CSS Cascade Tests CSS Specificity Tests use presentation attribute applies when element has none
Image size: 800x600
00:34 +2202 ~1 -2: /Users/denisnadey/apps/flutter_full_svg_support/test/golden_comparison/golden_comparison_test.dart: Golden Comparison Tests Golden: dart matches browser render                     00:34 +2202 ~1 -2: /Users/denisnadey/apps/flutter_full_svg_support/test/animation/use_css_cascade_test.dart: Use CSS Cascade Tests Symbol ViewBox and PreserveAspectRatio symbol viewBox scales correctly with use width/height
Image size: 800x600
00:34 +2203 ~1 -2: /Users/denisnadey/apps/flutter_full_svg_support/test/golden_comparison/golden_comparison_test.dart: Golden Comparison Tests Golden: dart matches browser render                     00:34 +2203 ~1 -2: /Users/denisnadey/apps/flutter_full_svg_support/test/animation/use_css_cascade_test.dart: Use CSS Cascade Tests Symbol ViewBox and PreserveAspectRatio preserveAspectRatio xMinYMin meet aligns content
Image size: 800x600
00:34 +2204 ~1 -2: /Users/denisnadey/apps/flutter_full_svg_support/test/golden_comparison/golden_comparison_test.dart: Golden Comparison Tests Golden: dart matches browser render                     00:34 +2204 ~1 -2: /Users/denisnadey/apps/flutter_full_svg_support/test/animation/use_css_cascade_test.dart: Use CSS Cascade Tests Symbol ViewBox and PreserveAspectRatio preserveAspectRatio xMaxYMax meet aligns content
Image size: 800x600
00:34 +2205 ~1 -2: /Users/denisnadey/apps/flutter_full_svg_support/test/golden_comparison/golden_comparison_test.dart: Golden Comparison Tests Golden: dart matches browser render                     00:34 +2205 ~1 -2: /Users/denisnadey/apps/flutter_full_svg_support/test/animation/use_css_cascade_test.dart: Use CSS Cascade Tests Symbol ViewBox and PreserveAspectRatio preserveAspectRatio slice clips and scales content
Image size: 800x600
00:34 +2206 ~1 -2: /Users/denisnadey/apps/flutter_full_svg_support/test/golden_comparison/golden_comparison_test.dart: Golden Comparison Tests Golden: dart matches browser render                     00:34 +2206 ~1 -2: /Users/denisnadey/apps/flutter_full_svg_support/test/animation/use_css_cascade_test.dart: Use CSS Cascade Tests Symbol ViewBox and PreserveAspectRatio preserveAspectRatio none stretches content
Image size: 800x600
00:34 +2207 ~1 -2: /Users/denisnadey/apps/flutter_full_svg_support/test/golden_comparison/golden_comparison_test.dart: Golden Comparison Tests Golden: dart matches browser render                     00:34 +2208 ~1 -2: /Users/denisnadey/apps/flutter_full_svg_support/test/golden_comparison/golden_comparison_test.dart: Golden Comparison Tests Golden: dart matches browser render                     00:34 +2209 ~1 -2: /Users/denisnadey/apps/flutter_full_svg_support/test/golden_comparison/golden_comparison_test.dart: Golden Comparison Tests Golden: dart matches browser render                     00:34 +2210 ~1 -2: /Users/denisnadey/apps/flutter_full_svg_support/test/golden_comparison/golden_comparison_test.dart: Golden Comparison Tests Golden: dart matches browser render                     00:34 +2211 ~1 -2: /Users/denisnadey/apps/flutter_full_svg_support/test/golden_comparison/golden_comparison_test.dart: Golden Comparison Tests Golden: dart matches browser render                     00:34 +2211 ~1 -2: /Users/denisnadey/apps/flutter_full_svg_support/test/animation/use_css_cascade_test.dart: Use CSS Cascade Tests Symbol Overflow Handling symbol with overflow="visible" does not clip
Image size: 800x600
00:34 +2212 ~1 -2: /Users/denisnadey/apps/flutter_full_svg_support/test/golden_comparison/golden_comparison_test.dart: Golden Comparison Tests Golden: dart matches browser render                     00:34 +2213 ~1 -2: /Users/denisnadey/apps/flutter_full_svg_support/test/golden_comparison/golden_comparison_test.dart: Golden Comparison Tests Golden: dart matches browser render                     00:34 +2214 ~1 -2: /Users/denisnadey/apps/flutter_full_svg_support/test/golden_comparison/golden_comparison_test.dart: Golden Comparison Tests Golden: dart matches browser render                     00:34 +2215 ~1 -2: /Users/denisnadey/apps/flutter_full_svg_support/test/golden_comparison/golden_comparison_test.dart: Golden Comparison Tests Golden: dart matches browser render                     00:34 +2215 ~1 -2: /Users/denisnadey/apps/flutter_full_svg_support/test/animation/use_css_cascade_test.dart: Use CSS Cascade Tests Nested Use and Symbol CSS Cascade CSS rules apply through nested use elements
Image size: 800x600
00:34 +2216 ~1 -2: /Users/denisnadey/apps/flutter_full_svg_support/test/golden_comparison/golden_comparison_test.dart: Golden Comparison Tests Golden: dart matches browser render                     00:34 +2217 ~1 -2: /Users/denisnadey/apps/flutter_full_svg_support/test/golden_comparison/golden_comparison_test.dart: Golden Comparison Tests Golden: dart matches browser render                     00:34 +2218 ~1 -2: /Users/denisnadey/apps/flutter_full_svg_support/test/golden_comparison/golden_comparison_test.dart: Golden Comparison Tests Golden: dart matches browser render                     00:34 +2218 ~1 -2: /Users/denisnadey/apps/flutter_full_svg_support/test/animation/use_css_cascade_test.dart: Use CSS Cascade Tests Nested Use and Symbol CSS Cascade CSS rules apply to symbol children
Image size: 800x600
00:34 +2219 ~1 -2: /Users/denisnadey/apps/flutter_full_svg_support/test/golden_comparison/golden_comparison_test.dart: Golden Comparison Tests Golden: dart matches browser render                     00:34 +2219 ~1 -2: /Users/denisnadey/apps/flutter_full_svg_support/test/animation/use_css_cascade_test.dart: Use CSS Cascade Tests Presentation Attribute Override Semantics use fill applies when referenced element inherits fill
Image size: 800x600
00:34 +2220 ~1 -2: /Users/denisnadey/apps/flutter_full_svg_support/test/golden_comparison/golden_comparison_test.dart: Golden Comparison Tests Golden: dart matches browser render                     00:34 +2220 ~1 -2: /Users/denisnadey/apps/flutter_full_svg_support/test/animation/use_css_cascade_test.dart: Use CSS Cascade Tests Presentation Attribute Override Semantics referenced element explicit fill overrides use fill
Image size: 800x600
00:34 +2221 ~1 -2: /Users/denisnadey/apps/flutter_full_svg_support/test/golden_comparison/golden_comparison_test.dart: Golden Comparison Tests Golden: dart matches browser render                     00:34 +2221 ~1 -2: /Users/denisnadey/apps/flutter_full_svg_support/test/animation/use_css_cascade_test.dart: Use CSS Cascade Tests Presentation Attribute Override Semantics use style attribute overrides use presentation attribute
Image size: 800x600
00:34 +2222 ~1 -2: /Users/denisnadey/apps/flutter_full_svg_support/test/golden_comparison/golden_comparison_test.dart: Golden Comparison Tests Golden: dart matches browser render                     00:34 +2222 ~1 -2: /Users/denisnadey/apps/flutter_full_svg_support/test/animation/use_css_cascade_test.dart: Use CSS Cascade Tests Multiple CSS Rules Specificity higher specificity CSS rule wins     
Image size: 800x600
00:34 +2223 ~1 -2: /Users/denisnadey/apps/flutter_full_svg_support/test/golden_comparison/golden_comparison_test.dart: Golden Comparison Tests Golden: dart matches browser render                     00:34 +2223 ~1 -2: /Users/denisnadey/apps/flutter_full_svg_support/test/animation/use_css_cascade_test.dart: Use CSS Cascade Tests Multiple CSS Rules Specificity id selector has higher specificity than class
Image size: 800x600
00:34 +2224 ~1 -2: /Users/denisnadey/apps/flutter_full_svg_support/test/golden_comparison/golden_comparison_test.dart: Golden Comparison Tests Golden: dart matches browser render                     00:34 +2225 ~1 -2: /Users/denisnadey/apps/flutter_full_svg_support/test/golden_comparison/golden_comparison_test.dart: Golden Comparison Tests Golden: dart matches browser render                     00:34 +2225 ~1 -2: /Users/denisnadey/apps/flutter_full_svg_support/test/animation/use_css_cascade_test.dart: Use CSS Cascade Tests Hardened CSS Cascade Tests !important in inline style wins over CSS rules
Image size: 800x600
00:34 +2226 ~1 -2: /Users/denisnadey/apps/flutter_full_svg_support/test/golden_comparison/golden_comparison_test.dart: Golden Comparison Tests Golden: dart matches browser render                     00:34 +2226 ~1 -2: /Users/denisnadey/apps/flutter_full_svg_support/test/animation/use_css_cascade_test.dart: Use CSS Cascade Tests Hardened CSS Cascade Tests CSS rules inherit through use boundary for inheritable props
Image size: 800x600
00:34 +2227 ~1 -2: /Users/denisnadey/apps/flutter_full_svg_support/test/golden_comparison/golden_comparison_test.dart: Golden Comparison Tests Golden: dart matches browser render                     00:34 +2227 ~1 -2: /Users/denisnadey/apps/flutter_full_svg_support/test/animation/use_css_cascade_test.dart: Use CSS Cascade Tests Hardened CSS Cascade Tests multiple uses of same symbol with different styles
Image size: 800x600
00:35 +2228 ~1 -2: /Users/denisnadey/apps/flutter_full_svg_support/test/golden_comparison/golden_comparison_test.dart: Golden Comparison Tests Golden: dart matches browser render                     00:35 +2229 ~1 -2: /Users/denisnadey/apps/flutter_full_svg_support/test/golden_comparison/golden_comparison_test.dart: Golden Comparison Tests Golden: dart matches browser render                     00:35 +2230 ~1 -2: /Users/denisnadey/apps/flutter_full_svg_support/test/golden_comparison/golden_comparison_test.dart: Golden Comparison Tests Golden: dart matches browser render                     00:35 +2231 ~1 -2: /Users/denisnadey/apps/flutter_full_svg_support/test/golden_comparison/golden_comparison_test.dart: Golden Comparison Tests Golden: dart matches browser render                     00:35 +2232 ~1 -2: /Users/denisnadey/apps/flutter_full_svg_support/test/golden_comparison/golden_comparison_test.dart: Golden Comparison Tests Golden: dart matches browser render                     00:35 +2233 ~1 -2: /Users/denisnadey/apps/flutter_full_svg_support/test/golden_comparison/golden_comparison_test.dart: Golden Comparison Tests Golden: dart matches browser render                     00:35 +2234 ~1 -2: /Users/denisnadey/apps/flutter_full_svg_support/test/golden_comparison/golden_comparison_test.dart: Golden Comparison Tests Golden: dart matches browser render                     00:35 +2234 ~1 -2: /Users/denisnadey/apps/flutter_full_svg_support/test/animation/use_css_cascade_test.dart: Use CSS Cascade Tests Hardened CSS Cascade Tests use element with transform inherits through boundary
Image size: 800x600
00:35 +2235 ~1 -2: /Users/denisnadey/apps/flutter_full_svg_support/test/golden_comparison/golden_comparison_test.dart: Golden Comparison Tests Golden: dart matches browser render                     00:35 +2235 ~1 -2: /Users/denisnadey/apps/flutter_full_svg_support/test/animation/use_css_cascade_test.dart: Use CSS Cascade Tests Hardened CSS Cascade Tests deeply nested use chains maintain CSS inheritance
Image size: 800x600
00:35 +2236 ~1 -2: /Users/denisnadey/apps/flutter_full_svg_support/test/golden_comparison/golden_comparison_test.dart: Golden Comparison Tests Golden: dart matches browser render                     00:35 +2236 ~1 -2: /Users/denisnadey/apps/flutter_full_svg_support/test/animation/use_css_cascade_test.dart: Use CSS Cascade Tests Hardened CSS Cascade Tests symbol viewBox rescaling with use width/height override
Image size: 800x600
00:35 +2237 ~1 -2: /Users/denisnadey/apps/flutter_full_svg_support/test/golden_comparison/golden_comparison_test.dart: Golden Comparison Tests Golden: dart matches browser render                     00:35 +2238 ~1 -2: /Users/denisnadey/apps/flutter_full_svg_support/test/golden_comparison/golden_comparison_test.dart: Golden Comparison Tests Golden: dart matches browser render                     00:35 +2239 ~1 -2: /Users/denisnadey/apps/flutter_full_svg_support/test/golden_comparison/golden_comparison_test.dart: Golden Comparison Tests Golden: dart matches browser render                     00:35 +2239 ~1 -2: /Users/denisnadey/apps/flutter_full_svg_support/test/animation/use_css_cascade_test.dart: Use CSS Cascade Tests Hardened CSS Cascade Tests use element stroke inherits correctly    
Image size: 800x600
00:35 +2240 ~1 -2: /Users/denisnadey/apps/flutter_full_svg_support/test/golden_comparison/golden_comparison_test.dart: Golden Comparison Tests Golden: dart matches browser render                     00:35 +2241 ~1 -2: /Users/denisnadey/apps/flutter_full_svg_support/test/golden_comparison/golden_comparison_test.dart: Golden Comparison Tests Golden: dart matches browser render                     00:35 +2242 ~1 -2: /Users/denisnadey/apps/flutter_full_svg_support/test/golden_comparison/golden_comparison_test.dart: Golden Comparison Tests Golden: dart matches browser render                     00:35 +2243 ~1 -2: /Users/denisnadey/apps/flutter_full_svg_support/test/golden_comparison/golden_comparison_test.dart: Golden Comparison Tests Golden: dart matches browser render                     00:35 +2244 ~1 -2: /Users/denisnadey/apps/flutter_full_svg_support/test/golden_comparison/golden_comparison_test.dart: Golden Comparison Tests Golden: dart matches browser render                     00:35 +2245 ~1 -2: /Users/denisnadey/apps/flutter_full_svg_support/test/golden_comparison/golden_comparison_test.dart: Golden Comparison Tests Golden: dart matches browser render                     00:35 +2246 ~1 -2: /Users/denisnadey/apps/flutter_full_svg_support/test/golden_comparison/golden_comparison_test.dart: Golden Comparison Tests Golden: dart matches browser render                     00:35 +2247 ~1 -2: /Users/denisnadey/apps/flutter_full_svg_support/test/golden_comparison/golden_comparison_test.dart: Golden Comparison Tests Golden: dart matches browser render                     00:35 +2248 ~1 -2: /Users/denisnadey/apps/flutter_full_svg_support/test/golden_comparison/golden_comparison_test.dart: Golden Comparison Tests Golden: dart matches browser render                     00:35 +2249 ~1 -2: /Users/denisnadey/apps/flutter_full_svg_support/test/golden_comparison/golden_comparison_test.dart: Golden Comparison Tests Golden: dart matches browser render                     00:35 +2250 ~1 -2: /Users/denisnadey/apps/flutter_full_svg_support/test/golden_comparison/golden_comparison_test.dart: Golden Comparison Tests Golden: dart matches browser render                     00:35 +2251 ~1 -2: /Users/denisnadey/apps/flutter_full_svg_support/test/golden_comparison/golden_comparison_test.dart: Golden Comparison Tests Golden: dart matches browser render                     00:35 +2252 ~1 -2: /Users/denisnadey/apps/flutter_full_svg_support/test/golden_comparison/golden_comparison_test.dart: Golden Comparison Tests Golden: dart matches browser render                     00:35 +2253 ~1 -2: /Users/denisnadey/apps/flutter_full_svg_support/test/golden_comparison/golden_comparison_test.dart: Golden Comparison Tests Golden: dart matches browser render                     00:35 +2254 ~1 -2: /Users/denisnadey/apps/flutter_full_svg_support/test/golden_comparison/golden_comparison_test.dart: Golden Comparison Tests Golden: dart matches browser render                     00:35 +2255 ~1 -2: /Users/denisnadey/apps/flutter_full_svg_support/test/golden_comparison/golden_comparison_test.dart: Golden Comparison Tests Golden: dart matches browser render                     00:35 +2256 ~1 -2: /Users/denisnadey/apps/flutter_full_svg_support/test/golden_comparison/golden_comparison_test.dart: Golden Comparison Tests Golden: dart matches browser render                     00:35 +2257 ~1 -2: /Users/denisnadey/apps/flutter_full_svg_support/test/golden_comparison/golden_comparison_test.dart: Golden Comparison Tests Golden: dart matches browser render                     00:35 +2258 ~1 -2: /Users/denisnadey/apps/flutter_full_svg_support/test/golden_comparison/golden_comparison_test.dart: Golden Comparison Tests Golden: dart matches browser render                     00:35 +2259 ~1 -2: /Users/denisnadey/apps/flutter_full_svg_support/test/golden_comparison/golden_comparison_test.dart: Golden Comparison Tests Golden: dart matches browser render                     00:35 +2260 ~1 -2: /Users/denisnadey/apps/flutter_full_svg_support/test/golden_comparison/golden_comparison_test.dart: Golden Comparison Tests Golden: dart matches browser render                     00:35 +2261 ~1 -2: /Users/denisnadey/apps/flutter_full_svg_support/test/golden_comparison/golden_comparison_test.dart: Golden Comparison Tests Golden: dart matches browser render                     00:35 +2262 ~1 -2: /Users/denisnadey/apps/flutter_full_svg_support/test/golden_comparison/golden_comparison_test.dart: Golden Comparison Tests Golden: dart matches browser render                     00:35 +2263 ~1 -2: /Users/denisnadey/apps/flutter_full_svg_support/test/golden_comparison/golden_comparison_test.dart: Golden Comparison Tests Golden: dart matches browser render                     00:35 +2264 ~1 -2: /Users/denisnadey/apps/flutter_full_svg_support/test/golden_comparison/golden_comparison_test.dart: Golden Comparison Tests Golden: dart matches browser render                     00:35 +2265 ~1 -2: /Users/denisnadey/apps/flutter_full_svg_support/test/golden_comparison/golden_comparison_test.dart: Golden Comparison Tests Golden: dart matches browser render                     00:35 +2266 ~1 -2: /Users/denisnadey/apps/flutter_full_svg_support/test/golden_comparison/golden_comparison_test.dart: Golden Comparison Tests Golden: dart matches browser render                     00:35 +2267 ~1 -2: /Users/denisnadey/apps/flutter_full_svg_support/test/golden_comparison/golden_comparison_test.dart: Golden Comparison Tests Golden: dart matches browser render                     00:35 +2268 ~1 -2: /Users/denisnadey/apps/flutter_full_svg_support/test/golden_comparison/golden_comparison_test.dart: Golden Comparison Tests Golden: dart matches browser render                     00:35 +2269 ~1 -2: /Users/denisnadey/apps/flutter_full_svg_support/test/golden_comparison/golden_comparison_test.dart: Golden Comparison Tests Golden: dart matches browser render                     00:35 +2270 ~1 -2: /Users/denisnadey/apps/flutter_full_svg_support/test/golden_comparison/golden_comparison_test.dart: Golden Comparison Tests Golden: dart matches browser render                     00:35 +2271 ~1 -2: /Users/denisnadey/apps/flutter_full_svg_support/test/golden_comparison/golden_comparison_test.dart: Golden Comparison Tests Golden: dart matches browser render                     00:35 +2272 ~1 -2: /Users/denisnadey/apps/flutter_full_svg_support/test/golden_comparison/golden_comparison_test.dart: Golden Comparison Tests Golden: dart matches browser render                     00:35 +2273 ~1 -2: /Users/denisnadey/apps/flutter_full_svg_support/test/golden_comparison/golden_comparison_test.dart: Golden Comparison Tests Golden: dart matches browser render                     00:35 +2274 ~1 -2: /Users/denisnadey/apps/flutter_full_svg_support/test/golden_comparison/golden_comparison_test.dart: Golden Comparison Tests Golden: dart matches browser render                     00:35 +2275 ~1 -2: /Users/denisnadey/apps/flutter_full_svg_support/test/golden_comparison/golden_comparison_test.dart: Golden Comparison Tests Golden: dart matches browser render                     00:35 +2276 ~1 -2: /Users/denisnadey/apps/flutter_full_svg_support/test/golden_comparison/golden_comparison_test.dart: Golden Comparison Tests Golden: dart matches browser render                     00:35 +2277 ~1 -2: /Users/denisnadey/apps/flutter_full_svg_support/test/golden_comparison/golden_comparison_test.dart: Golden Comparison Tests Golden: dart matches browser render                     00:35 +2278 ~1 -2: /Users/denisnadey/apps/flutter_full_svg_support/test/golden_comparison/golden_comparison_test.dart: Golden Comparison Tests Golden: dart matches browser render                     00:35 +2279 ~1 -2: /Users/denisnadey/apps/flutter_full_svg_support/test/golden_comparison/golden_comparison_test.dart: Golden Comparison Tests Golden: dart matches browser render                     00:35 +2280 ~1 -2: /Users/denisnadey/apps/flutter_full_svg_support/test/golden_comparison/golden_comparison_test.dart: Golden Comparison Tests Golden: dart matches browser render                     00:35 +2281 ~1 -2: /Users/denisnadey/apps/flutter_full_svg_support/test/golden_comparison/golden_comparison_test.dart: Golden Comparison Tests Golden: dart matches browser render                     00:36 +2281 ~1 -2: /Users/denisnadey/apps/flutter_full_svg_support/test/golden_comparison/golden_comparison_test.dart: Golden Comparison Tests Golden: dart matches browser render                     00:36 +2282 ~1 -2: /Users/denisnadey/apps/flutter_full_svg_support/test/golden_comparison/golden_comparison_test.dart: Golden Comparison Tests Golden: dart matches browser render                     00:36 +2283 ~1 -2: /Users/denisnadey/apps/flutter_full_svg_support/test/golden_comparison/golden_comparison_test.dart: Golden Comparison Tests Golden: dart matches browser render                     00:36 +2284 ~1 -2: /Users/denisnadey/apps/flutter_full_svg_support/test/golden_comparison/golden_comparison_test.dart: Golden Comparison Tests Golden: dart matches browser render                     00:36 +2285 ~1 -2: /Users/denisnadey/apps/flutter_full_svg_support/test/golden_comparison/golden_comparison_test.dart: Golden Comparison Tests Golden: dart matches browser render                     00:36 +2286 ~1 -2: /Users/denisnadey/apps/flutter_full_svg_support/test/golden_comparison/golden_comparison_test.dart: Golden Comparison Tests Golden: dart matches browser render                     00:36 +2287 ~1 -2: /Users/denisnadey/apps/flutter_full_svg_support/test/golden_comparison/golden_comparison_test.dart: Golden Comparison Tests Golden: dart matches browser render                     00:36 +2288 ~1 -2: /Users/denisnadey/apps/flutter_full_svg_support/test/golden_comparison/golden_comparison_test.dart: Golden Comparison Tests Golden: dart matches browser render                     00:36 +2289 ~1 -2: /Users/denisnadey/apps/flutter_full_svg_support/test/golden_comparison/golden_comparison_test.dart: Golden Comparison Tests Golden: dart matches browser render                     00:36 +2290 ~1 -2: /Users/denisnadey/apps/flutter_full_svg_support/test/golden_comparison/golden_comparison_test.dart: Golden Comparison Tests Golden: dart matches browser render                     00:36 +2291 ~1 -2: /Users/denisnadey/apps/flutter_full_svg_support/test/golden_comparison/golden_comparison_test.dart: Golden Comparison Tests Golden: dart matches browser render                     00:36 +2292 ~1 -2: /Users/denisnadey/apps/flutter_full_svg_support/test/golden_comparison/golden_comparison_test.dart: Golden Comparison Tests Golden: dart matches browser render                     00:36 +2293 ~1 -2: /Users/denisnadey/apps/flutter_full_svg_support/test/golden_comparison/golden_comparison_test.dart: Golden Comparison Tests Golden: dart matches browser render                     00:36 +2294 ~1 -2: /Users/denisnadey/apps/flutter_full_svg_support/test/golden_comparison/golden_comparison_test.dart: Golden Comparison Tests Golden: dart matches browser render                     00:36 +2295 ~1 -2: /Users/denisnadey/apps/flutter_full_svg_support/test/golden_comparison/golden_comparison_test.dart: Golden Comparison Tests Golden: dart matches browser render                     00:36 +2296 ~1 -2: /Users/denisnadey/apps/flutter_full_svg_support/test/golden_comparison/golden_comparison_test.dart: Golden Comparison Tests Golden: dart matches browser render                     00:36 +2297 ~1 -2: /Users/denisnadey/apps/flutter_full_svg_support/test/golden_comparison/golden_comparison_test.dart: Golden Comparison Tests Golden: dart matches browser render                     00:36 +2298 ~1 -2: /Users/denisnadey/apps/flutter_full_svg_support/test/golden_comparison/golden_comparison_test.dart: Golden Comparison Tests Golden: dart matches browser render                     00:36 +2298 ~1 -2: /Users/denisnadey/apps/flutter_full_svg_support/test/animation/animated_svg_picture_test.dart: AnimatedSvgPicture renders path shape                                                
Image size: 800x600
00:36 +2299 ~1 -2: /Users/denisnadey/apps/flutter_full_svg_support/test/golden_comparison/golden_comparison_test.dart: Golden Comparison Tests Golden: dart matches browser render                     00:36 +2299 ~1 -2: /Users/denisnadey/apps/flutter_full_svg_support/test/animation/animated_svg_picture_test.dart: AnimatedSvgPicture renders polygon shape                                             
Image size: 800x600
00:36 +2300 ~1 -2: /Users/denisnadey/apps/flutter_full_svg_support/test/golden_comparison/golden_comparison_test.dart: Golden Comparison Tests Golden: dart matches browser render                     00:36 +2300 ~1 -2: /Users/denisnadey/apps/flutter_full_svg_support/test/animation/animated_svg_picture_test.dart: AnimatedSvgPicture renders polyline shape                                            
Image size: 800x600
00:36 +2301 ~1 -2: /Users/denisnadey/apps/flutter_full_svg_support/test/golden_comparison/golden_comparison_test.dart: Golden Comparison Tests Golden: dart matches browser render                     00:36 +2301 ~1 -2: /Users/denisnadey/apps/flutter_full_svg_support/test/animation/animated_svg_picture_test.dart: AnimatedSvgPicture renders text element                                              
Image size: 800x600
00:36 +2302 ~1 -2: /Users/denisnadey/apps/flutter_full_svg_support/test/golden_comparison/golden_comparison_test.dart: Golden Comparison Tests Golden: dart matches browser render                     00:36 +2302 ~1 -2: /Users/denisnadey/apps/flutter_full_svg_support/test/animation/animated_svg_picture_test.dart: AnimatedSvgPicture renders tspan children with inherited text position               
Image size: 800x600
00:36 +2303 ~1 -2: /Users/denisnadey/apps/flutter_full_svg_support/test/golden_comparison/golden_comparison_test.dart: Golden Comparison Tests Golden: dart matches browser render                     00:36 +2303 ~1 -2: /Users/denisnadey/apps/flutter_full_svg_support/test/animation/animated_svg_picture_test.dart: AnimatedSvgPicture renders textPath content on referenced path                       
Image size: 800x600
00:36 +2304 ~1 -2: /Users/denisnadey/apps/flutter_full_svg_support/test/golden_comparison/golden_comparison_test.dart: Golden Comparison Tests Golden: dart matches browser render                     00:36 +2305 ~1 -2: /Users/denisnadey/apps/flutter_full_svg_support/test/golden_comparison/golden_comparison_test.dart: Golden Comparison Tests Golden: dart matches browser render                     00:36 +2306 ~1 -2: /Users/denisnadey/apps/flutter_full_svg_support/test/golden_comparison/golden_comparison_test.dart: Golden Comparison Tests Golden: dart matches browser render                     00:36 +2307 ~1 -2: /Users/denisnadey/apps/flutter_full_svg_support/test/golden_comparison/golden_comparison_test.dart: Golden Comparison Tests Golden: dart matches browser render                     00:36 +2308 ~1 -2: /Users/denisnadey/apps/flutter_full_svg_support/test/golden_comparison/golden_comparison_test.dart: Golden Comparison Tests Golden: dart matches browser render                     00:36 +2309 ~1 -2: /Users/denisnadey/apps/flutter_full_svg_support/test/golden_comparison/golden_comparison_test.dart: Golden Comparison Tests Golden: dart matches browser render                     00:36 +2310 ~1 -2: /Users/denisnadey/apps/flutter_full_svg_support/test/golden_comparison/golden_comparison_test.dart: Golden Comparison Tests Golden: dart matches browser render                     00:36 +2311 ~1 -2: /Users/denisnadey/apps/flutter_full_svg_support/test/golden_comparison/golden_comparison_test.dart: Golden Comparison Tests Golden: dart matches browser render                     00:36 +2312 ~1 -2: /Users/denisnadey/apps/flutter_full_svg_support/test/golden_comparison/golden_comparison_test.dart: Golden Comparison Tests Golden: dart matches browser render                     00:36 +2313 ~1 -2: /Users/denisnadey/apps/flutter_full_svg_support/test/golden_comparison/golden_comparison_test.dart: Golden Comparison Tests Golden: dart matches browser render                     00:36 +2314 ~1 -2: /Users/denisnadey/apps/flutter_full_svg_support/test/golden_comparison/golden_comparison_test.dart: Golden Comparison Tests Golden: dart matches browser render                     00:36 +2315 ~1 -2: /Users/denisnadey/apps/flutter_full_svg_support/test/golden_comparison/golden_comparison_test.dart: Golden Comparison Tests Golden: dart matches browser render                     00:36 +2316 ~1 -2: /Users/denisnadey/apps/flutter_full_svg_support/test/golden_comparison/golden_comparison_test.dart: Golden Comparison Tests Golden: dart matches browser render                     00:36 +2317 ~1 -2: /Users/denisnadey/apps/flutter_full_svg_support/test/golden_comparison/golden_comparison_test.dart: Golden Comparison Tests Golden: dart matches browser render                     00:36 +2318 ~1 -2: /Users/denisnadey/apps/flutter_full_svg_support/test/golden_comparison/golden_comparison_test.dart: Golden Comparison Tests Golden: dart matches browser render                     00:36 +2319 ~1 -2: /Users/denisnadey/apps/flutter_full_svg_support/test/golden_comparison/golden_comparison_test.dart: Golden Comparison Tests Golden: dart matches browser render                     00:36 +2320 ~1 -2: /Users/denisnadey/apps/flutter_full_svg_support/test/golden_comparison/golden_comparison_test.dart: Golden Comparison Tests Golden: dart matches browser render                     00:36 +2321 ~1 -2: /Users/denisnadey/apps/flutter_full_svg_support/test/golden_comparison/golden_comparison_test.dart: Golden Comparison Tests Golden: dart matches browser render                     00:36 +2322 ~1 -2: /Users/denisnadey/apps/flutter_full_svg_support/test/golden_comparison/golden_comparison_test.dart: Golden Comparison Tests Golden: dart matches browser render                     00:36 +2323 ~1 -2: /Users/denisnadey/apps/flutter_full_svg_support/test/golden_comparison/golden_comparison_test.dart: Golden Comparison Tests Golden: dart matches browser render                     00:36 +2324 ~1 -2: /Users/denisnadey/apps/flutter_full_svg_support/test/golden_comparison/golden_comparison_test.dart: Golden Comparison Tests Golden: dart matches browser render                     00:36 +2325 ~1 -2: /Users/denisnadey/apps/flutter_full_svg_support/test/golden_comparison/golden_comparison_test.dart: Golden Comparison Tests Golden: dart matches browser render                     00:36 +2326 ~1 -2: /Users/denisnadey/apps/flutter_full_svg_support/test/golden_comparison/golden_comparison_test.dart: Golden Comparison Tests Golden: dart matches browser render                     00:36 +2327 ~1 -2: /Users/denisnadey/apps/flutter_full_svg_support/test/golden_comparison/golden_comparison_test.dart: Golden Comparison Tests Golden: dart matches browser render                     00:36 +2328 ~1 -2: /Users/denisnadey/apps/flutter_full_svg_support/test/golden_comparison/golden_comparison_test.dart: Golden Comparison Tests Golden: dart matches browser render                     00:36 +2329 ~1 -2: /Users/denisnadey/apps/flutter_full_svg_support/test/golden_comparison/golden_comparison_test.dart: Golden Comparison Tests Golden: dart matches browser render                     00:36 +2330 ~1 -2: /Users/denisnadey/apps/flutter_full_svg_support/test/golden_comparison/golden_comparison_test.dart: Golden Comparison Tests Golden: dart matches browser render                     00:36 +2331 ~1 -2: /Users/denisnadey/apps/flutter_full_svg_support/test/golden_comparison/golden_comparison_test.dart: Golden Comparison Tests Golden: dart matches browser render                     00:36 +2332 ~1 -2: /Users/denisnadey/apps/flutter_full_svg_support/test/golden_comparison/golden_comparison_test.dart: Golden Comparison Tests Golden: dart matches browser render                     00:36 +2333 ~1 -2: /Users/denisnadey/apps/flutter_full_svg_support/test/golden_comparison/golden_comparison_test.dart: Golden Comparison Tests Golden: dart matches browser render                     00:36 +2334 ~1 -2: /Users/denisnadey/apps/flutter_full_svg_support/test/golden_comparison/golden_comparison_test.dart: Golden Comparison Tests Golden: dart matches browser render                     00:36 +2335 ~1 -2: /Users/denisnadey/apps/flutter_full_svg_support/test/golden_comparison/golden_comparison_test.dart: Golden Comparison Tests Golden: dart matches browser render                     00:36 +2336 ~1 -2: /Users/denisnadey/apps/flutter_full_svg_support/test/golden_comparison/golden_comparison_test.dart: Golden Comparison Tests Golden: dart matches browser render                     00:36 +2337 ~1 -2: /Users/denisnadey/apps/flutter_full_svg_support/test/golden_comparison/golden_comparison_test.dart: Golden Comparison Tests Golden: dart matches browser render                     00:36 +2338 ~1 -2: /Users/denisnadey/apps/flutter_full_svg_support/test/golden_comparison/golden_comparison_test.dart: Golden Comparison Tests Golden: dart matches browser render                     00:36 +2339 ~1 -2: /Users/denisnadey/apps/flutter_full_svg_support/test/golden_comparison/golden_comparison_test.dart: Golden Comparison Tests Golden: dart matches browser render                     00:36 +2340 ~1 -2: /Users/denisnadey/apps/flutter_full_svg_support/test/golden_comparison/golden_comparison_test.dart: Golden Comparison Tests Golden: dart matches browser render                     00:36 +2340 ~1 -2: /Users/denisnadey/apps/flutter_full_svg_support/test/animation/animated_svg_picture_test.dart: AnimatedSvgPicture renders image element from data URI                               
Image size: 800x600
00:36 +2341 ~1 -2: /Users/denisnadey/apps/flutter_full_svg_support/test/golden_comparison/golden_comparison_test.dart: Golden Comparison Tests Golden: dart matches browser render                     00:36 +2342 ~1 -2: /Users/denisnadey/apps/flutter_full_svg_support/test/golden_comparison/golden_comparison_test.dart: Golden Comparison Tests Golden: dart matches browser render                     00:36 +2342 ~1 -2: /Users/denisnadey/apps/flutter_full_svg_support/test/animation/animated_svg_picture_test.dart: AnimatedSvgPicture renders foreignObject viewport with translation and clipping      
Image size: 800x600
00:36 +2343 ~1 -2: /Users/denisnadey/apps/flutter_full_svg_support/test/golden_comparison/golden_comparison_test.dart: Golden Comparison Tests Golden: dart matches browser render                     00:36 +2344 ~1 -2: /Users/denisnadey/apps/flutter_full_svg_support/test/golden_comparison/golden_comparison_test.dart: Golden Comparison Tests Golden: dart matches browser render                     00:36 +2345 ~1 -2: /Users/denisnadey/apps/flutter_full_svg_support/test/golden_comparison/golden_comparison_test.dart: Golden Comparison Tests Golden: dart matches browser render                     00:36 +2345 ~1 -2: /Users/denisnadey/apps/flutter_full_svg_support/test/animation/animated_svg_picture_test.dart: AnimatedSvgPicture renders linear gradient fill                                      
Image size: 800x600
00:36 +2346 ~1 -2: /Users/denisnadey/apps/flutter_full_svg_support/test/golden_comparison/golden_comparison_test.dart: Golden Comparison Tests Golden: dart matches browser render                     00:36 +2346 ~1 -2: /Users/denisnadey/apps/flutter_full_svg_support/test/animation/animated_svg_picture_test.dart: AnimatedSvgPicture renders radial gradient fill                                      
Image size: 800x600
00:36 +2347 ~1 -2: /Users/denisnadey/apps/flutter_full_svg_support/test/golden_comparison/golden_comparison_test.dart: Golden Comparison Tests Golden: dart matches browser render                     00:36 +2348 ~1 -2: /Users/denisnadey/apps/flutter_full_svg_support/test/golden_comparison/golden_comparison_test.dart: Golden Comparison Tests Golden: dart matches browser render                     00:36 +2349 ~1 -2: /Users/denisnadey/apps/flutter_full_svg_support/test/golden_comparison/golden_comparison_test.dart: Golden Comparison Tests Golden: dart matches browser render                     00:36 +2349 ~1 -2: /Users/denisnadey/apps/flutter_full_svg_support/test/animation/animated_svg_picture_test.dart: AnimatedSvgPicture renders gradient stroke and respects fill none                    
Image size: 800x600
00:36 +2350 ~1 -2: /Users/denisnadey/apps/flutter_full_svg_support/test/golden_comparison/golden_comparison_test.dart: Golden Comparison Tests Golden: dart matches browser render                     00:36 +2351 ~1 -2: /Users/denisnadey/apps/flutter_full_svg_support/test/golden_comparison/golden_comparison_test.dart: Golden Comparison Tests Golden: dart matches browser render                     00:36 +2352 ~1 -2: /Users/denisnadey/apps/flutter_full_svg_support/test/golden_comparison/golden_comparison_test.dart: Golden Comparison Tests Golden: dart matches browser render                     00:36 +2352 ~1 -2: /Users/denisnadey/apps/flutter_full_svg_support/test/animation/animated_svg_picture_test.dart: AnimatedSvgPicture renders use references from defs only where used                  
Image size: 800x600
00:36 +2353 ~1 -2: /Users/denisnadey/apps/flutter_full_svg_support/test/golden_comparison/golden_comparison_test.dart: Golden Comparison Tests Golden: dart matches browser render                     00:36 +2353 ~1 -2: /Users/denisnadey/apps/flutter_full_svg_support/test/animation/animated_svg_picture_test.dart: AnimatedSvgPicture renders symbol via use with viewBox scaling                       
Image size: 800x600
00:36 +2354 ~1 -2: /Users/denisnadey/apps/flutter_full_svg_support/test/golden_comparison/golden_comparison_test.dart: Golden Comparison Tests Golden: dart matches browser render                     00:36 +2354 ~1 -2: /Users/denisnadey/apps/flutter_full_svg_support/test/animation/animated_svg_picture_test.dart: AnimatedSvgPicture renders symbol via use with preserveAspectRatio="none"            
Image size: 800x600
00:36 +2355 ~1 -2: /Users/denisnadey/apps/flutter_full_svg_support/test/golden_comparison/golden_comparison_test.dart: Golden Comparison Tests Golden: dart matches browser render                     00:36 +2356 ~1 -2: /Users/denisnadey/apps/flutter_full_svg_support/test/golden_comparison/golden_comparison_test.dart: Golden Comparison Tests Golden: dart matches browser render                     00:36 +2356 ~1 -2: /Users/denisnadey/apps/flutter_full_svg_support/test/animation/animated_svg_picture_test.dart: AnimatedSvgPicture renders nested svg via use with preserveAspectRatio="none"        
Image size: 800x600
00:36 +2357 ~1 -2: /Users/denisnadey/apps/flutter_full_svg_support/test/golden_comparison/golden_comparison_test.dart: Golden Comparison Tests Golden: dart matches browser render                     00:36 +2358 ~1 -2: /Users/denisnadey/apps/flutter_full_svg_support/test/golden_comparison/golden_comparison_test.dart: Golden Comparison Tests Golden: dart matches browser render                     00:36 +2358 ~1 -2: /Users/denisnadey/apps/flutter_full_svg_support/test/animation/animated_svg_picture_test.dart: AnimatedSvgPicture use inherits fill from use element into symbol subtree            
Image size: 800x600
00:36 +2359 ~1 -2: /Users/denisnadey/apps/flutter_full_svg_support/test/golden_comparison/golden_comparison_test.dart: Golden Comparison Tests Golden: dart matches browser render                     00:36 +2360 ~1 -2: /Users/denisnadey/apps/flutter_full_svg_support/test/golden_comparison/golden_comparison_test.dart: Golden Comparison Tests Golden: dart matches browser render                     00:36 +2360 ~1 -2: /Users/denisnadey/apps/flutter_full_svg_support/test/animation/animated_svg_picture_test.dart: AnimatedSvgPicture use style fill overrides attribute on symbol subtree              
Image size: 800x600
00:36 +2361 ~1 -2: /Users/denisnadey/apps/flutter_full_svg_support/test/golden_comparison/golden_comparison_test.dart: Golden Comparison Tests Golden: dart matches browser render                     00:36 +2362 ~1 -2: /Users/denisnadey/apps/flutter_full_svg_support/test/golden_comparison/golden_comparison_test.dart: Golden Comparison Tests Golden: dart matches browser render                     00:37 +2362 ~1 -2: /Users/denisnadey/apps/flutter_full_svg_support/test/golden_comparison/golden_comparison_test.dart: Golden Comparison Tests Golden: dart matches browser render                     00:37 +2363 ~1 -2: /Users/denisnadey/apps/flutter_full_svg_support/test/golden_comparison/golden_comparison_test.dart: Golden Comparison Tests Golden: dart matches browser render                     00:37 +2363 ~1 -2: /Users/denisnadey/apps/flutter_full_svg_support/test/animation/animated_svg_picture_test.dart: AnimatedSvgPicture switch renders only first matching child by requiredFeatures      
Image size: 800x600
00:37 +2364 ~1 -2: /Users/denisnadey/apps/flutter_full_svg_support/test/golden_comparison/golden_comparison_test.dart: Golden Comparison Tests Golden: dart matches browser render                     00:37 +2365 ~1 -2: /Users/denisnadey/apps/flutter_full_svg_support/test/golden_comparison/golden_comparison_test.dart: Golden Comparison Tests Golden: dart matches browser render                     00:37 +2365 ~1 -2: /Users/denisnadey/apps/flutter_full_svg_support/test/animation/animated_svg_picture_test.dart: AnimatedSvgPicture switch renders first child when supported feature is specified    
Image size: 800x600
00:37 +2366 ~1 -2: /Users/denisnadey/apps/flutter_full_svg_support/test/golden_comparison/golden_comparison_test.dart: Golden Comparison Tests Golden: dart matches browser render                     00:37 +2367 ~1 -2: /Users/denisnadey/apps/flutter_full_svg_support/test/golden_comparison/golden_comparison_test.dart: Golden Comparison Tests Golden: dart matches browser render                     00:37 +2367 ~1 -2: /Users/denisnadey/apps/flutter_full_svg_support/test/animation/animated_svg_picture_test.dart: AnimatedSvgPicture switch skips child with requiredExtensions                        
Image size: 800x600
00:37 +2368 ~1 -2: /Users/denisnadey/apps/flutter_full_svg_support/test/golden_comparison/golden_comparison_test.dart: Golden Comparison Tests Golden: dart matches browser render                     00:37 +2369 ~1 -2: /Users/denisnadey/apps/flutter_full_svg_support/test/golden_comparison/golden_comparison_test.dart: Golden Comparison Tests Golden: dart matches browser render                     00:37 +2369 ~1 -2: /Users/denisnadey/apps/flutter_full_svg_support/test/animation/animated_svg_picture_test.dart: AnimatedSvgPicture switch renders nothing when no children match                     
Image size: 800x600
00:37 +2370 ~1 -2: /Users/denisnadey/apps/flutter_full_svg_support/test/golden_comparison/golden_comparison_test.dart: Golden Comparison Tests Golden: dart matches browser render                     00:37 +2371 ~1 -2: /Users/denisnadey/apps/flutter_full_svg_support/test/golden_comparison/golden_comparison_test.dart: Golden Comparison Tests Golden: dart matches browser render                     00:37 +2371 ~1 -2: /Users/denisnadey/apps/flutter_full_svg_support/test/animation/animated_svg_picture_test.dart: AnimatedSvgPicture switch child without conditions always matches                    
Image size: 800x600
00:37 +2372 ~1 -2: /Users/denisnadey/apps/flutter_full_svg_support/test/golden_comparison/golden_comparison_test.dart: Golden Comparison Tests Golden: dart matches browser render                     00:37 +2373 ~1 -2: /Users/denisnadey/apps/flutter_full_svg_support/test/golden_comparison/golden_comparison_test.dart: Golden Comparison Tests Golden: dart matches browser render                     00:37 +2373 ~1 -2: /Users/denisnadey/apps/flutter_full_svg_support/test/animation/animated_svg_picture_test.dart: AnimatedSvgPicture use does not render disallowed foreignObject reference            
Image size: 800x600
00:37 +2374 ~1 -2: /Users/denisnadey/apps/flutter_full_svg_support/test/golden_comparison/golden_comparison_test.dart: Golden Comparison Tests Golden: dart matches browser render                     00:37 +2375 ~1 -2: /Users/denisnadey/apps/flutter_full_svg_support/test/golden_comparison/golden_comparison_test.dart: Golden Comparison Tests Golden: dart matches browser render                     00:37 +2376 ~1 -2: /Users/denisnadey/apps/flutter_full_svg_support/test/golden_comparison/golden_comparison_test.dart: Golden Comparison Tests Golden: dart matches browser render                     00:37 +2377 ~1 -2: /Users/denisnadey/apps/flutter_full_svg_support/test/golden_comparison/golden_comparison_test.dart: Golden Comparison Tests Golden: dart matches browser render                     00:37 +2378 ~1 -2: /Users/denisnadey/apps/flutter_full_svg_support/test/golden_comparison/golden_comparison_test.dart: Golden Comparison Tests Golden: dart matches browser render                     00:37 +2379 ~1 -2: /Users/denisnadey/apps/flutter_full_svg_support/test/golden_comparison/golden_comparison_test.dart: Golden Comparison Tests Golden: dart matches browser render                     00:37 +2380 ~1 -2: /Users/denisnadey/apps/flutter_full_svg_support/test/golden_comparison/golden_comparison_test.dart: Golden Comparison Tests Golden: dart matches browser render                     00:37 +2381 ~1 -2: /Users/denisnadey/apps/flutter_full_svg_support/test/golden_comparison/golden_comparison_test.dart: Golden Comparison Tests Golden: dart matches browser render                     00:37 +2382 ~1 -2: /Users/denisnadey/apps/flutter_full_svg_support/test/golden_comparison/golden_comparison_test.dart: Golden Comparison Tests Golden: dart matches browser render                     00:37 +2383 ~1 -2: /Users/denisnadey/apps/flutter_full_svg_support/test/golden_comparison/golden_comparison_test.dart: Golden Comparison Tests Golden: dart matches browser render                     00:37 +2384 ~1 -2: /Users/denisnadey/apps/flutter_full_svg_support/test/golden_comparison/golden_comparison_test.dart: Golden Comparison Tests Golden: dart matches browser render                     00:37 +2384 ~1 -2: /Users/denisnadey/apps/flutter_full_svg_support/test/animation/animated_svg_picture_test.dart: AnimatedSvgPicture applies clipPath to painted geometry                              
Image size: 800x600
00:37 +2385 ~1 -2: /Users/denisnadey/apps/flutter_full_svg_support/test/golden_comparison/golden_comparison_test.dart: Golden Comparison Tests Golden: dart matches browser render                     00:37 +2386 ~1 -2: /Users/denisnadey/apps/flutter_full_svg_support/test/golden_comparison/golden_comparison_test.dart: Golden Comparison Tests Golden: dart matches browser render                     00:37 +2387 ~1 -2: /Users/denisnadey/apps/flutter_full_svg_support/test/golden_comparison/golden_comparison_test.dart: Golden Comparison Tests Golden: dart matches browser render                     00:37 +2388 ~1 -2: /Users/denisnadey/apps/flutter_full_svg_support/test/golden_comparison/golden_comparison_test.dart: Golden Comparison Tests Golden: dart matches browser render                     00:37 +2389 ~1 -2: /Users/denisnadey/apps/flutter_full_svg_support/test/golden_comparison/golden_comparison_test.dart: Golden Comparison Tests Golden: dart matches browser render                     00:37 +2390 ~1 -2: /Users/denisnadey/apps/flutter_full_svg_support/test/golden_comparison/golden_comparison_test.dart: Golden Comparison Tests Golden: dart matches browser render                     00:37 +2391 ~1 -2: /Users/denisnadey/apps/flutter_full_svg_support/test/golden_comparison/golden_comparison_test.dart: Golden Comparison Tests Golden: dart matches browser render                     00:37 +2392 ~1 -2: /Users/denisnadey/apps/flutter_full_svg_support/test/golden_comparison/golden_comparison_test.dart: Golden Comparison Tests Golden: dart matches browser render                     00:37 +2393 ~1 -2: /Users/denisnadey/apps/flutter_full_svg_support/test/golden_comparison/golden_comparison_test.dart: Golden Comparison Tests Golden: dart matches browser render                     00:37 +2394 ~1 -2: /Users/denisnadey/apps/flutter_full_svg_support/test/golden_comparison/golden_comparison_test.dart: Golden Comparison Tests Golden: dart matches browser render                     00:37 +2395 ~1 -2: /Users/denisnadey/apps/flutter_full_svg_support/test/golden_comparison/golden_comparison_test.dart: Golden Comparison Tests Golden: dart matches browser render                     00:37 +2396 ~1 -2: /Users/denisnadey/apps/flutter_full_svg_support/test/golden_comparison/golden_comparison_test.dart: Golden Comparison Tests Golden: dart matches browser render                     00:37 +2397 ~1 -2: /Users/denisnadey/apps/flutter_full_svg_support/test/golden_comparison/golden_comparison_test.dart: Golden Comparison Tests Golden: dart matches browser render                     00:37 +2398 ~1 -2: /Users/denisnadey/apps/flutter_full_svg_support/test/golden_comparison/golden_comparison_test.dart: Golden Comparison Tests Golden: dart matches browser render                     00:37 +2398 ~1 -2: /Users/denisnadey/apps/flutter_full_svg_support/test/animation/animated_svg_picture_test.dart: AnimatedSvgPicture applies clipPath from style to painted geometry                   
Image size: 800x600
00:37 +2399 ~1 -2: /Users/denisnadey/apps/flutter_full_svg_support/test/golden_comparison/golden_comparison_test.dart: Golden Comparison Tests Golden: dart matches browser render                     00:37 +2400 ~1 -2: /Users/denisnadey/apps/flutter_full_svg_support/test/golden_comparison/golden_comparison_test.dart: Golden Comparison Tests Golden: dart matches browser render                     00:37 +2401 ~1 -2: /Users/denisnadey/apps/flutter_full_svg_support/test/golden_comparison/golden_comparison_test.dart: Golden Comparison Tests Golden: dart matches browser render                     00:37 +2402 ~1 -2: /Users/denisnadey/apps/flutter_full_svg_support/test/golden_comparison/golden_comparison_test.dart: Golden Comparison Tests Golden: dart matches browser render                     00:37 +2403 ~1 -2: /Users/denisnadey/apps/flutter_full_svg_support/test/golden_comparison/golden_comparison_test.dart: Golden Comparison Tests Golden: dart matches browser render                     00:37 +2404 ~1 -2: /Users/denisnadey/apps/flutter_full_svg_support/test/golden_comparison/golden_comparison_test.dart: Golden Comparison Tests Golden: dart matches browser render                     00:37 +2405 ~1 -2: /Users/denisnadey/apps/flutter_full_svg_support/test/golden_comparison/golden_comparison_test.dart: Golden Comparison Tests Golden: dart matches browser render                     00:37 +2406 ~1 -2: /Users/denisnadey/apps/flutter_full_svg_support/test/golden_comparison/golden_comparison_test.dart: Golden Comparison Tests Golden: dart matches browser render                     00:37 +2407 ~1 -2: /Users/denisnadey/apps/flutter_full_svg_support/test/golden_comparison/golden_comparison_test.dart: Golden Comparison Tests Golden: dart matches browser render                     00:37 +2408 ~1 -2: /Users/denisnadey/apps/flutter_full_svg_support/test/golden_comparison/golden_comparison_test.dart: Golden Comparison Tests Golden: dart matches browser render                     00:37 +2409 ~1 -2: /Users/denisnadey/apps/flutter_full_svg_support/test/golden_comparison/golden_comparison_test.dart: Golden Comparison Tests Golden: dart matches browser render                     00:37 +2410 ~1 -2: /Users/denisnadey/apps/flutter_full_svg_support/test/golden_comparison/golden_comparison_test.dart: Golden Comparison Tests Golden: dart matches browser render                     00:37 +2411 ~1 -2: /Users/denisnadey/apps/flutter_full_svg_support/test/golden_comparison/golden_comparison_test.dart: Golden Comparison Tests Golden: dart matches browser render                     00:37 +2412 ~1 -2: /Users/denisnadey/apps/flutter_full_svg_support/test/golden_comparison/golden_comparison_test.dart: Golden Comparison Tests Golden: dart matches browser render                     00:37 +2413 ~1 -2: /Users/denisnadey/apps/flutter_full_svg_support/test/golden_comparison/golden_comparison_test.dart: Golden Comparison Tests Golden: dart matches browser render                     00:37 +2413 ~1 -2: /Users/denisnadey/apps/flutter_full_svg_support/test/animation/animated_svg_picture_test.dart: AnimatedSvgPicture applies mask to painted geometry                                  
Image size: 800x600
00:37 +2414 ~1 -2: /Users/denisnadey/apps/flutter_full_svg_support/test/golden_comparison/golden_comparison_test.dart: Golden Comparison Tests Golden: dart matches browser render                     00:37 +2415 ~1 -2: /Users/denisnadey/apps/flutter_full_svg_support/test/golden_comparison/golden_comparison_test.dart: Golden Comparison Tests Golden: dart matches browser render                     00:37 +2416 ~1 -2: /Users/denisnadey/apps/flutter_full_svg_support/test/golden_comparison/golden_comparison_test.dart: Golden Comparison Tests Golden: dart matches browser render                     00:37 +2417 ~1 -2: /Users/denisnadey/apps/flutter_full_svg_support/test/golden_comparison/golden_comparison_test.dart: Golden Comparison Tests Golden: dart matches browser render                     00:37 +2418 ~1 -2: /Users/denisnadey/apps/flutter_full_svg_support/test/golden_comparison/golden_comparison_test.dart: Golden Comparison Tests Golden: dart matches browser render                     00:37 +2419 ~1 -2: /Users/denisnadey/apps/flutter_full_svg_support/test/golden_comparison/golden_comparison_test.dart: Golden Comparison Tests Golden: dart matches browser render                     00:37 +2420 ~1 -2: /Users/denisnadey/apps/flutter_full_svg_support/test/golden_comparison/golden_comparison_test.dart: Golden Comparison Tests Golden: dart matches browser render                     00:37 +2421 ~1 -2: /Users/denisnadey/apps/flutter_full_svg_support/test/golden_comparison/golden_comparison_test.dart: Golden Comparison Tests Golden: dart matches browser render                     00:37 +2422 ~1 -2: /Users/denisnadey/apps/flutter_full_svg_support/test/golden_comparison/golden_comparison_test.dart: Golden Comparison Tests Golden: dart matches browser render                     00:37 +2423 ~1 -2: /Users/denisnadey/apps/flutter_full_svg_support/test/golden_comparison/golden_comparison_test.dart: Golden Comparison Tests Golden: dart matches browser render                     00:37 +2424 ~1 -2: /Users/denisnadey/apps/flutter_full_svg_support/test/golden_comparison/golden_comparison_test.dart: Golden Comparison Tests Golden: dart matches browser render                     00:37 +2425 ~1 -2: /Users/denisnadey/apps/flutter_full_svg_support/test/golden_comparison/golden_comparison_test.dart: Golden Comparison Tests Golden: dart matches browser render                     00:37 +2425 ~1 -2: /Users/denisnadey/apps/flutter_full_svg_support/test/animation/animated_svg_picture_test.dart: AnimatedSvgPicture applies mask from style to painted geometry                       
Image size: 800x600
00:37 +2426 ~1 -2: /Users/denisnadey/apps/flutter_full_svg_support/test/golden_comparison/golden_comparison_test.dart: Golden Comparison Tests Golden: dart matches browser render                     00:37 +2427 ~1 -2: /Users/denisnadey/apps/flutter_full_svg_support/test/golden_comparison/golden_comparison_test.dart: Golden Comparison Tests Golden: dart matches browser render                     00:37 +2427 ~1 -2: /Users/denisnadey/apps/flutter_full_svg_support/test/animation/animated_svg_picture_test.dart: AnimatedSvgPicture applies maskUnits objectBoundingBox to painted geometry           
Image size: 800x600
00:37 +2427 ~1 -2: /Users/denisnadey/apps/flutter_full_svg_support/test/animation/interpolation_coords_test.dart: Verify interpolation produces different coordinates                                  

=== Checking interpolation at different t values ===

--- t=0.0 ---
MoveTo: (10.0, 10.0)
CubicTo: cp1=(36.66666666666667, 10.0), cp2=(63.333333333333336, 10.0), end=(90.0, 10.0)
CubicTo: cp1=(90.0, 36.66666666666667), cp2=(90.0, 63.333333333333336), end=(90.0, 90.0)
CubicTo: cp1=(63.33333333333333, 90.0), cp2=(36.666666666666664, 90.0), end=(10.0, 90.0)
00:37 +2428 ~1 -2: /Users/denisnadey/apps/flutter_full_svg_support/test/golden_comparison/golden_comparison_test.dart: Golden Comparison Tests Golden: dart matches browser render                     00:37 +2428 ~1 -2: /Users/denisnadey/apps/flutter_full_svg_support/test/animation/interpolation_coords_test.dart: Verify interpolation produces different coordinates                                  
CubicTo: cp1=(10.0, 63.33333333333333), cp2=(10.0, 36.666666666666664), end=(10.0, 10.0)
CubicTo: cp1=(10.0, 10.0), cp2=(10.0, 10.0), end=(10.0, 10.0)
CubicTo: cp1=(10.0, 10.0), cp2=(10.0, 10.0), end=(10.0, 10.0)

--- t=0.25 ---
MoveTo: (20.0, 10.0)
CubicTo: cp1=(45.48583770354864, 10.0), cp2=(70.0, 14.514162296451367), end=(90.0, 20.0)
CubicTo: cp1=(90.0, 45.48583770354864), cp2=(85.48583770354864, 70.0), end=(80.0, 90.0)
CubicTo: cp1=(54.51416229645136, 90.0), cp2=(30.0, 85.48583770354864), end=(10.0, 80.0)
CubicTo: cp1=(10.0, 57.348852265086975), cp2=(11.054287646850169, 34.80357672941888), end=(12.928932188134523, 12.928932188134524)
CubicTo: cp1=(14.803576729418879, 11.05428764685017), cp2=(17.348852265086975, 10.0), end=(20.0, 10.0)
CubicTo: cp1=(20.0, 10.0), cp2=(20.0, 10.0), end=(20.0, 10.0)

--- t=0.5 ---
MoveTo: (30.0, 10.0)
00:37 +2429 ~1 -2: /Users/denisnadey/apps/flutter_full_svg_support/test/golden_comparison/golden_comparison_test.dart: Golden Comparison Tests Golden: dart matches browser render                     00:37 +2429 ~1 -2: /Users/denisnadey/apps/flutter_full_svg_support/test/animation/interpolation_coords_test.dart: Verify interpolation produces different coordinates                                  
CubicTo: cp1=(54.3050087404306, 10.0), cp2=(76.66666666666667, 19.028324592902734), end=(90.0, 30.0)
CubicTo: cp1=(90.0, 54.3050087404306), cp2=(80.97167540709727, 76.66666666666667), end=(70.0, 90.0)
CubicTo: cp1=(45.6949912595694, 90.0), cp2=(23.333333333333336, 80.97167540709727), end=(10.0, 70.0)
CubicTo: cp1=(10.0, 51.364371196840615), cp2=(12.108575293700337, 32.94048679217109), end=(15.857864376269045, 15.85786437626905)
CubicTo: cp1=(19.607153458837757, 12.10857529370034), cp2=(24.697704530173947, 10.0), end=(29.999999999999996, 10.0)
CubicTo: cp1=(29.999999999999996, 10.0), cp2=(30.0, 10.0), end=(30.0, 10.0)

--- t=0.75 ---
MoveTo: (40.0, 10.0)
CubicTo: cp1=(63.12417977731256, 10.0), cp2=(83.33333333333334, 23.542486889354098), end=(90.0, 40.0)
CubicTo: cp1=(90.0, 63.12417977731256), cp2=(76.45751311064589, 83.33333333333334), end=(60.0, 90.0)
CubicTo: cp1=(36.87582022268744, 90.0), cp2=(16.66666666666667, 76.45751311064589), end=(10.0, 60.00000000000001)
CubicTo: cp1=(10.0, 45.379890128594255), cp2=(13.162862940550506, 31.07739685492331), end=(18.786796564403566, 18.786796564403577)
CubicTo: cp1=(24.410730188256633, 13.16286294055051), cp2=(32.04655679526092, 10.0), end=(39.99999999999999, 10.0)
CubicTo: cp1=(39.99999999999999, 10.0), cp2=(40.0, 10.0), end=(40.0, 10.0)

--- t=1.0 ---
MoveTo: (50.0, 10.0)
CubicTo: cp1=(71.94335081419453, 10.0), cp2=(90.0, 28.056649185805465), end=(90.0, 50.0)
CubicTo: cp1=(90.0, 71.94335081419453), cp2=(71.94335081419453, 90.0), end=(50.0, 90.0)
CubicTo: cp1=(28.05664918580547, 90.0), cp2=(10.000000000000007, 71.94335081419453), end=(10.0, 50.00000000000001)
CubicTo: cp1=(10.0, 39.3954090603479), cp2=(14.217150587400674, 29.214306917675525), end=(21.71572875253809, 21.7157287525381)
CubicTo: cp1=(29.21430691767551, 14.217150587400681), cp2=(39.395409060347895, 10.0), end=(49.99999999999999, 10.0)
CubicTo: cp1=(49.99999999999999, 10.0), cp2=(50.0, 10.0), end=(50.0, 10.0)


=== Testing PathInterpolator ===
t=0.5 bounds: Rect.fromLTRB(10.0, 10.0, 90.0, 90.0)
t=0.0 bounds: Rect.fromLTRB(10.0, 10.0, 90.0, 90.0)
t=1.0 bounds: Rect.fromLTRB(10.0, 10.0, 90.0, 90.0)
00:37 +2430 ~1 -2: /Users/denisnadey/apps/flutter_full_svg_support/test/golden_comparison/golden_comparison_test.dart: Golden Comparison Tests Golden: dart matches browser render                     00:37 +2430 ~1 -2: /Users/denisnadey/apps/flutter_full_svg_support/test/animation/animated_svg_picture_test.dart: AnimatedSvgPicture applies maskUnits userSpaceOnUse percentage region to painted geometry
Image size: 800x600
00:37 +2431 ~1 -2: /Users/denisnadey/apps/flutter_full_svg_support/test/golden_comparison/golden_comparison_test.dart: Golden Comparison Tests Golden: dart matches browser render                     00:37 +2432 ~1 -2: /Users/denisnadey/apps/flutter_full_svg_support/test/golden_comparison/golden_comparison_test.dart: Golden Comparison Tests Golden: dart matches browser render                     00:37 +2433 ~1 -2: /Users/denisnadey/apps/flutter_full_svg_support/test/golden_comparison/golden_comparison_test.dart: Golden Comparison Tests Golden: dart matches browser render                     00:37 +2434 ~1 -2: /Users/denisnadey/apps/flutter_full_svg_support/test/golden_comparison/golden_comparison_test.dart: Golden Comparison Tests Golden: dart matches browser render                     00:37 +2435 ~1 -2: /Users/denisnadey/apps/flutter_full_svg_support/test/golden_comparison/golden_comparison_test.dart: Golden Comparison Tests Golden: dart matches browser render                     00:37 +2435 ~1 -2: /Users/denisnadey/apps/flutter_full_svg_support/test/animation/animated_svg_picture_test.dart: AnimatedSvgPicture applies feFlood as solid color filter                             
Image size: 800x600
00:37 +2436 ~1 -2: /Users/denisnadey/apps/flutter_full_svg_support/test/golden_comparison/golden_comparison_test.dart: Golden Comparison Tests Golden: dart matches browser render                     00:37 +2436 ~1 -2: /Users/denisnadey/apps/flutter_full_svg_support/test/animation/animated_svg_picture_test.dart: AnimatedSvgPicture applies filter from style as solid color filter                   
Image size: 800x600
00:37 +2437 ~1 -2: /Users/denisnadey/apps/flutter_full_svg_support/test/golden_comparison/golden_comparison_test.dart: Golden Comparison Tests Golden: dart matches browser render                     00:37 +2437 ~1 -2: /Users/denisnadey/apps/flutter_full_svg_support/test/animation/animated_svg_picture_test.dart: AnimatedSvgPicture applies filter from style with !important and spaced url          
Image size: 800x600
00:37 +2438 ~1 -2: /Users/denisnadey/apps/flutter_full_svg_support/test/golden_comparison/golden_comparison_test.dart: Golden Comparison Tests Golden: dart matches browser render                     00:37 +2438 ~1 -2: /Users/denisnadey/apps/flutter_full_svg_support/test/animation/animated_svg_picture_test.dart: AnimatedSvgPicture resolves FillPaint input using element paint context              
Image size: 800x600
00:37 +2439 ~1 -2: /Users/denisnadey/apps/flutter_full_svg_support/test/golden_comparison/golden_comparison_test.dart: Golden Comparison Tests Golden: dart matches browser render                     00:37 +2439 ~1 -2: /Users/denisnadey/apps/flutter_full_svg_support/test/animation/animated_svg_picture_test.dart: AnimatedSvgPicture resolves StrokePaint input using element paint context            
Image size: 800x600
00:37 +2440 ~1 -2: /Users/denisnadey/apps/flutter_full_svg_support/test/golden_comparison/golden_comparison_test.dart: Golden Comparison Tests Golden: dart matches browser render                     00:37 +2440 ~1 -2: /Users/denisnadey/apps/flutter_full_svg_support/test/animation/animated_svg_picture_test.dart: AnimatedSvgPicture resolves FillPaint fallback as fill-only for paint-server fill    
Image size: 800x600
00:37 +2441 ~1 -2: /Users/denisnadey/apps/flutter_full_svg_support/test/golden_comparison/golden_comparison_test.dart: Golden Comparison Tests Golden: dart matches browser render                     00:37 +2441 ~1 -2: /Users/denisnadey/apps/flutter_full_svg_support/test/animation/animated_svg_picture_test.dart: AnimatedSvgPicture resolves StrokePaint fallback as stroke-only for paint-server stroke
Image size: 800x600
00:37 +2442 ~1 -2: /Users/denisnadey/apps/flutter_full_svg_support/test/golden_comparison/golden_comparison_test.dart: Golden Comparison Tests Golden: dart matches browser render                     00:37 +2442 ~1 -2: /Users/denisnadey/apps/flutter_full_svg_support/test/animation/animated_svg_picture_test.dart: AnimatedSvgPicture style visibility hidden on parent hides painted descendants       
Image size: 800x600
00:37 +2443 ~1 -2: /Users/denisnadey/apps/flutter_full_svg_support/test/golden_comparison/golden_comparison_test.dart: Golden Comparison Tests Golden: dart matches browser render                     00:37 +2443 ~1 -2: /Users/denisnadey/apps/flutter_full_svg_support/test/animation/animated_svg_picture_test.dart: AnimatedSvgPicture child visibility visible overrides hidden parent for painted geometry
Image size: 800x600
00:37 +2444 ~1 -2: /Users/denisnadey/apps/flutter_full_svg_support/test/golden_comparison/golden_comparison_test.dart: Golden Comparison Tests Golden: dart matches browser render                     00:37 +2444 ~1 -2: /Users/denisnadey/apps/flutter_full_svg_support/test/animation/animated_svg_picture_test.dart: AnimatedSvgPicture applies feBlend multiply over backdrop                            
Image size: 800x600
00:37 +2445 ~1 -2: /Users/denisnadey/apps/flutter_full_svg_support/test/golden_comparison/golden_comparison_test.dart: Golden Comparison Tests Golden: dart matches browser render                     00:37 +2445 ~1 -2: /Users/denisnadey/apps/flutter_full_svg_support/test/animation/animated_svg_picture_test.dart: AnimatedSvgPicture applies feComposite xor over backdrop                             
Image size: 800x600
00:37 +2446 ~1 -2: /Users/denisnadey/apps/flutter_full_svg_support/test/golden_comparison/golden_comparison_test.dart: Golden Comparison Tests Golden: dart matches browser render                     00:37 +2446 ~1 -2: /Users/denisnadey/apps/flutter_full_svg_support/test/animation/animated_svg_picture_test.dart: AnimatedSvgPicture parses feMerge filter and keeps source rendering baseline         
Image size: 800x600
00:37 +2447 ~1 -2: /Users/denisnadey/apps/flutter_full_svg_support/test/golden_comparison/golden_comparison_test.dart: Golden Comparison Tests Golden: dart matches browser render                     00:37 +2447 ~1 -2: /Users/denisnadey/apps/flutter_full_svg_support/test/animation/animated_svg_picture_test.dart: AnimatedSvgPicture renders feDropShadow with source + shadow composition             
Image size: 800x600
00:37 +2448 ~1 -2: /Users/denisnadey/apps/flutter_full_svg_support/test/golden_comparison/golden_comparison_test.dart: Golden Comparison Tests Golden: dart matches browser render                     00:37 +2448 ~1 -2: /Users/denisnadey/apps/flutter_full_svg_support/test/animation/animated_svg_picture_test.dart: AnimatedSvgPicture renders feDropShadow StrokePaint input without fill bleed         
Image size: 800x600
00:37 +2449 ~1 -2: /Users/denisnadey/apps/flutter_full_svg_support/test/golden_comparison/golden_comparison_test.dart: Golden Comparison Tests Golden: dart matches browser render                     00:37 +2449 ~1 -2: /Users/denisnadey/apps/flutter_full_svg_support/test/animation/animated_svg_picture_test.dart: AnimatedSvgPicture renders feMerge with blurred result and source graphic            
Image size: 800x600
00:37 +2450 ~1 -2: /Users/denisnadey/apps/flutter_full_svg_support/test/golden_comparison/golden_comparison_test.dart: Golden Comparison Tests Golden: dart matches browser render                     00:37 +2451 ~1 -2: /Users/denisnadey/apps/flutter_full_svg_support/test/golden_comparison/golden_comparison_test.dart: Golden Comparison Tests Golden: dart matches browser render                     00:37 +2452 ~1 -2: /Users/denisnadey/apps/flutter_full_svg_support/test/golden_comparison/golden_comparison_test.dart: Golden Comparison Tests Golden: dart matches browser render                     00:37 +2453 ~1 -2: /Users/denisnadey/apps/flutter_full_svg_support/test/golden_comparison/golden_comparison_test.dart: Golden Comparison Tests Golden: dart matches browser render                     00:37 +2454 ~1 -2: /Users/denisnadey/apps/flutter_full_svg_support/test/golden_comparison/golden_comparison_test.dart: Golden Comparison Tests Golden: dart matches browser render                     00:37 +2455 ~1 -2: /Users/denisnadey/apps/flutter_full_svg_support/test/golden_comparison/golden_comparison_test.dart: Golden Comparison Tests Golden: dart matches browser render                     00:37 +2456 ~1 -2: /Users/denisnadey/apps/flutter_full_svg_support/test/golden_comparison/golden_comparison_test.dart: Golden Comparison Tests Golden: dart matches browser render                     00:37 +2457 ~1 -2: /Users/denisnadey/apps/flutter_full_svg_support/test/golden_comparison/golden_comparison_test.dart: Golden Comparison Tests Golden: dart matches browser render                     00:37 +2458 ~1 -2: /Users/denisnadey/apps/flutter_full_svg_support/test/golden_comparison/golden_comparison_test.dart: Golden Comparison Tests Golden: dart matches browser render                     00:37 +2459 ~1 -2: /Users/denisnadey/apps/flutter_full_svg_support/test/golden_comparison/golden_comparison_test.dart: Golden Comparison Tests Golden: dart matches browser render                     00:37 +2460 ~1 -2: /Users/denisnadey/apps/flutter_full_svg_support/test/golden_comparison/golden_comparison_test.dart: Golden Comparison Tests Golden: dart matches browser render                     00:37 +2461 ~1 -2: /Users/denisnadey/apps/flutter_full_svg_support/test/golden_comparison/golden_comparison_test.dart: Golden Comparison Tests Golden: dart matches browser render                     00:37 +2462 ~1 -2: /Users/denisnadey/apps/flutter_full_svg_support/test/golden_comparison/golden_comparison_test.dart: Golden Comparison Tests Golden: dart matches browser render                     00:37 +2463 ~1 -2: /Users/denisnadey/apps/flutter_full_svg_support/test/golden_comparison/golden_comparison_test.dart: Golden Comparison Tests Golden: dart matches browser render                     00:37 +2464 ~1 -2: /Users/denisnadey/apps/flutter_full_svg_support/test/golden_comparison/golden_comparison_test.dart: Golden Comparison Tests Golden: dart matches browser render                     00:37 +2465 ~1 -2: /Users/denisnadey/apps/flutter_full_svg_support/test/golden_comparison/golden_comparison_test.dart: Golden Comparison Tests Golden: dart matches browser render                     00:37 +2466 ~1 -2: /Users/denisnadey/apps/flutter_full_svg_support/test/golden_comparison/golden_comparison_test.dart: Golden Comparison Tests Golden: dart matches browser render                     00:37 +2467 ~1 -2: /Users/denisnadey/apps/flutter_full_svg_support/test/golden_comparison/golden_comparison_test.dart: Golden Comparison Tests Golden: dart matches browser render                     00:37 +2468 ~1 -2: /Users/denisnadey/apps/flutter_full_svg_support/test/golden_comparison/golden_comparison_test.dart: Golden Comparison Tests Golden: dart matches browser render                     00:37 +2469 ~1 -2: /Users/denisnadey/apps/flutter_full_svg_support/test/golden_comparison/golden_comparison_test.dart: Golden Comparison Tests Golden: dart matches browser render                     00:37 +2469 ~1 -2: /Users/denisnadey/apps/flutter_full_svg_support/test/animation/animated_svg_picture_test.dart: AnimatedSvgPicture element-specific click triggers targeted animation only           
Image size: 800x600
00:37 +2470 ~1 -2: /Users/denisnadey/apps/flutter_full_svg_support/test/golden_comparison/golden_comparison_test.dart: Golden Comparison Tests Golden: dart matches browser render                     00:37 +2471 ~1 -2: /Users/denisnadey/apps/flutter_full_svg_support/test/golden_comparison/golden_comparison_test.dart: Golden Comparison Tests Golden: dart matches browser render                     00:37 +2472 ~1 -2: /Users/denisnadey/apps/flutter_full_svg_support/test/golden_comparison/golden_comparison_test.dart: Golden Comparison Tests Golden: dart matches browser render                     00:37 +2473 ~1 -2: /Users/denisnadey/apps/flutter_full_svg_support/test/golden_comparison/golden_comparison_test.dart: Golden Comparison Tests Golden: dart matches browser render                     00:37 +2474 ~1 -2: /Users/denisnadey/apps/flutter_full_svg_support/test/golden_comparison/golden_comparison_test.dart: Golden Comparison Tests Golden: dart matches browser render                     00:37 +2475 ~1 -2: /Users/denisnadey/apps/flutter_full_svg_support/test/golden_comparison/golden_comparison_test.dart: Golden Comparison Tests Golden: dart matches browser render                     00:37 +2476 ~1 -2: /Users/denisnadey/apps/flutter_full_svg_support/test/golden_comparison/golden_comparison_test.dart: Golden Comparison Tests Golden: dart matches browser render                     00:37 +2477 ~1 -2: /Users/denisnadey/apps/flutter_full_svg_support/test/golden_comparison/golden_comparison_test.dart: Golden Comparison Tests Golden: dart matches browser render                     00:37 +2478 ~1 -2: /Users/denisnadey/apps/flutter_full_svg_support/test/golden_comparison/golden_comparison_test.dart: Golden Comparison Tests Golden: dart matches browser render                     00:37 +2479 ~1 -2: /Users/denisnadey/apps/flutter_full_svg_support/test/golden_comparison/golden_comparison_test.dart: Golden Comparison Tests Golden: dart matches browser render                     00:37 +2480 ~1 -2: /Users/denisnadey/apps/flutter_full_svg_support/test/golden_comparison/golden_comparison_test.dart: Golden Comparison Tests Golden: dart matches browser render                     00:37 +2481 ~1 -2: /Users/denisnadey/apps/flutter_full_svg_support/test/golden_comparison/golden_comparison_test.dart: Golden Comparison Tests Golden: dart matches browser render                     00:37 +2481 ~1 -2: /Users/denisnadey/apps/flutter_full_svg_support/test/animation/animated_svg_picture_test.dart: AnimatedSvgPicture element-specific click triggers targeted animation only           
Image size: 800x600
Image size: 800x600
00:37 +2482 ~1 -2: /Users/denisnadey/apps/flutter_full_svg_support/test/golden_comparison/golden_comparison_test.dart: Golden Comparison Tests Golden: dart matches browser render                     00:37 +2482 ~1 -2: /Users/denisnadey/apps/flutter_full_svg_support/test/animation/animated_svg_picture_test.dart: AnimatedSvgPicture pointer-events none disables target click hit-testing             
Image size: 800x600
Image size: 800x600
00:37 +2483 ~1 -2: /Users/denisnadey/apps/flutter_full_svg_support/test/golden_comparison/golden_comparison_test.dart: Golden Comparison Tests Golden: dart matches browser render                     00:37 +2483 ~1 -2: /Users/denisnadey/apps/flutter_full_svg_support/test/animation/animated_svg_picture_test.dart: AnimatedSvgPicture pointer-events child override restores click hit-testing          
Image size: 800x600
Image size: 800x600
00:38 +2484 ~1 -2: /Users/denisnadey/apps/flutter_full_svg_support/test/golden_comparison/golden_comparison_test.dart: Golden Comparison Tests Golden: dart matches browser render                     00:38 +2484 ~1 -2: /Users/denisnadey/apps/flutter_full_svg_support/test/animation/animated_svg_picture_test.dart: AnimatedSvgPicture pointer-events fill hits even when fill paint is none             
Image size: 800x600
Image size: 800x600
00:38 +2485 ~1 -2: /Users/denisnadey/apps/flutter_full_svg_support/test/golden_comparison/golden_comparison_test.dart: Golden Comparison Tests Golden: dart matches browser render                     00:38 +2485 ~1 -2: /Users/denisnadey/apps/flutter_full_svg_support/test/animation/animated_svg_picture_test.dart: AnimatedSvgPicture pointer-events stroke hits only on stroke geometry                
Image size: 800x600
Image size: 800x600
Image size: 800x600
00:38 +2486 ~1 -2: /Users/denisnadey/apps/flutter_full_svg_support/test/golden_comparison/golden_comparison_test.dart: Golden Comparison Tests Golden: dart matches browser render                     00:38 +2487 ~1 -2: /Users/denisnadey/apps/flutter_full_svg_support/test/golden_comparison/golden_comparison_test.dart: Golden Comparison Tests Golden: dart matches browser render                     00:38 +2487 ~1 -2: /Users/denisnadey/apps/flutter_full_svg_support/test/animation/animated_svg_picture_test.dart: AnimatedSvgPicture pointer-events bounding-box uses element bounds for circle hit-testing
Image size: 800x600
00:38 +2488 ~1 -2: /Users/denisnadey/apps/flutter_full_svg_support/test/golden_comparison/golden_comparison_test.dart: Golden Comparison Tests Golden: dart matches browser render                     00:38 +2488 ~1 -2: /Users/denisnadey/apps/flutter_full_svg_support/test/animation/animated_svg_picture_test.dart: AnimatedSvgPicture pointer-events bounding-box uses element bounds for circle hit-testing
Image size: 800x600
00:38 +2489 ~1 -2: /Users/denisnadey/apps/flutter_full_svg_support/test/golden_comparison/golden_comparison_test.dart: Golden Comparison Tests Golden: dart matches browser render                     00:38 +2490 ~1 -2: /Users/denisnadey/apps/flutter_full_svg_support/test/golden_comparison/golden_comparison_test.dart: Golden Comparison Tests Golden: dart matches browser render                     00:38 +2490 ~1 -2: /Users/denisnadey/apps/flutter_full_svg_support/test/animation/animated_svg_picture_test.dart: AnimatedSvgPicture pointer-events bounding-box uses element bounds for circle hit-testing
Image size: 800x600
00:38 +2491 ~1 -2: /Users/denisnadey/apps/flutter_full_svg_support/test/golden_comparison/golden_comparison_test.dart: Golden Comparison Tests Golden: dart matches browser render                     00:38 +2492 ~1 -2: /Users/denisnadey/apps/flutter_full_svg_support/test/golden_comparison/golden_comparison_test.dart: Golden Comparison Tests Golden: dart matches browser render                     00:38 +2493 ~1 -2: /Users/denisnadey/apps/flutter_full_svg_support/test/golden_comparison/golden_comparison_test.dart: Golden Comparison Tests Golden: dart matches browser render                     00:38 +2493 ~1 -2: /Users/denisnadey/apps/flutter_full_svg_support/test/animation/animated_svg_picture_test.dart: AnimatedSvgPicture pointer-events visiblepainted respects visibility hidden          
Image size: 800x600
00:38 +2494 ~1 -2: /Users/denisnadey/apps/flutter_full_svg_support/test/golden_comparison/golden_comparison_test.dart: Golden Comparison Tests Golden: dart matches browser render                     00:38 +2494 ~1 -2: /Users/denisnadey/apps/flutter_full_svg_support/test/animation/animated_svg_picture_test.dart: AnimatedSvgPicture pointer-events visiblepainted respects visibility hidden          
Image size: 800x600
00:38 +2495 ~1 -2: /Users/denisnadey/apps/flutter_full_svg_support/test/golden_comparison/golden_comparison_test.dart: Golden Comparison Tests Golden: dart matches browser render                     00:38 +2496 ~1 -2: /Users/denisnadey/apps/flutter_full_svg_support/test/golden_comparison/golden_comparison_test.dart: Golden Comparison Tests Golden: dart matches browser render                     00:38 +2496 ~1 -2: /Users/denisnadey/apps/flutter_full_svg_support/test/animation/animated_svg_picture_test.dart: AnimatedSvgPicture pointer-events painted ignores visibility hidden                  
Image size: 800x600
Image size: 800x600
00:38 +2497 ~1 -2: /Users/denisnadey/apps/flutter_full_svg_support/test/golden_comparison/golden_comparison_test.dart: Golden Comparison Tests Golden: dart matches browser render                     00:38 +2497 ~1 -2: /Users/denisnadey/apps/flutter_full_svg_support/test/animation/animated_svg_picture_test.dart: AnimatedSvgPicture display none disables target hit-testing                          
Image size: 800x600
Image size: 800x600
00:38 +2498 ~1 -2: /Users/denisnadey/apps/flutter_full_svg_support/test/golden_comparison/golden_comparison_test.dart: Golden Comparison Tests Golden: dart matches browser render                     00:38 +2498 ~1 -2: /Users/denisnadey/apps/flutter_full_svg_support/test/animation/animated_svg_picture_test.dart: AnimatedSvgPicture style display none !important disables target hit-testing         
Image size: 800x600
Image size: 800x600
00:38 +2499 ~1 -2: /Users/denisnadey/apps/flutter_full_svg_support/test/golden_comparison/golden_comparison_test.dart: Golden Comparison Tests Golden: dart matches browser render                     00:38 +2499 ~1 -2: /Users/denisnadey/apps/flutter_full_svg_support/test/animation/animated_svg_picture_test.dart: AnimatedSvgPicture text pointer-events stroke skips fill-only text hit               
Image size: 800x600
Image size: 800x600
00:38 +2500 ~1 -2: /Users/denisnadey/apps/flutter_full_svg_support/test/golden_comparison/golden_comparison_test.dart: Golden Comparison Tests Golden: dart matches browser render                     00:38 +2500 ~1 -2: /Users/denisnadey/apps/flutter_full_svg_support/test/animation/animated_svg_picture_test.dart: AnimatedSvgPicture text pointer-events fill hits when fill paint is none             
Image size: 800x600
Image size: 800x600
00:38 +2501 ~1 -2: /Users/denisnadey/apps/flutter_full_svg_support/test/golden_comparison/golden_comparison_test.dart: Golden Comparison Tests Golden: dart matches browser render                     00:38 +2501 ~1 -2: /Users/denisnadey/apps/flutter_full_svg_support/test/animation/animated_svg_picture_test.dart: AnimatedSvgPicture text visiblepainted respects visibility hidden                    
Image size: 800x600
Image size: 800x600
00:38 +2502 ~1 -2: /Users/denisnadey/apps/flutter_full_svg_support/test/golden_comparison/golden_comparison_test.dart: Golden Comparison Tests Golden: dart matches browser render                     00:38 +2502 ~1 -2: /Users/denisnadey/apps/flutter_full_svg_support/test/animation/animated_svg_picture_test.dart: AnimatedSvgPicture use-referenced target click triggers targeted animation only      
Image size: 800x600
Image size: 800x600
Image size: 800x600
00:38 +2503 ~1 -2: /Users/denisnadey/apps/flutter_full_svg_support/test/golden_comparison/golden_comparison_test.dart: Golden Comparison Tests Golden: dart matches browser render                     00:38 +2503 ~1 -2: /Users/denisnadey/apps/flutter_full_svg_support/test/animation/animated_svg_picture_test.dart: AnimatedSvgPicture switch hit-testing resolves only active branch                    
Image size: 800x600
Image size: 800x600
Image size: 800x600
00:38 +2504 ~1 -2: /Users/denisnadey/apps/flutter_full_svg_support/test/golden_comparison/golden_comparison_test.dart: Golden Comparison Tests Golden: dart matches browser render                     00:38 +2504 ~1 -2: /Users/denisnadey/apps/flutter_full_svg_support/test/animation/animated_svg_picture_test.dart: AnimatedSvgPicture clipPath use geometry gates hit-testing                           
Image size: 800x600
Image size: 800x600
00:38 +2504 ~1 -2: /Users/denisnadey/apps/flutter_full_svg_support/test/golden_comparison/golden_comparison_test.dart: Golden Comparison Tests Golden: dart matches browser render                     00:38 +2504 ~1 -2: /Users/denisnadey/apps/flutter_full_svg_support/test/animation/animated_svg_picture_test.dart: AnimatedSvgPicture clipPath use geometry gates hit-testing                           
Image size: 800x600
00:38 +2505 ~1 -2: /Users/denisnadey/apps/flutter_full_svg_support/test/golden_comparison/golden_comparison_test.dart: Golden Comparison Tests Golden: dart matches browser render                     00:38 +2506 ~1 -2: /Users/denisnadey/apps/flutter_full_svg_support/test/golden_comparison/golden_comparison_test.dart: Golden Comparison Tests Golden: dart matches browser render                     00:38 +2506 ~1 -2: /Users/denisnadey/apps/flutter_full_svg_support/test/animation/animated_svg_picture_test.dart: AnimatedSvgPicture mask use geometry gates hit-testing                               
Image size: 800x600
00:38 +2507 ~1 -2: /Users/denisnadey/apps/flutter_full_svg_support/test/golden_comparison/golden_comparison_test.dart: Golden Comparison Tests Golden: dart matches browser render                     00:38 +2508 ~1 -2: /Users/denisnadey/apps/flutter_full_svg_support/test/golden_comparison/golden_comparison_test.dart: Golden Comparison Tests Golden: dart matches browser render                     00:38 +2509 ~1 -2: /Users/denisnadey/apps/flutter_full_svg_support/test/golden_comparison/golden_comparison_test.dart: Golden Comparison Tests Golden: dart matches browser render                     00:38 +2509 ~1 -2: /Users/denisnadey/apps/flutter_full_svg_support/test/animation/animated_svg_picture_test.dart: AnimatedSvgPicture mask use geometry gates hit-testing                               
Image size: 800x600
00:38 +2510 ~1 -2: /Users/denisnadey/apps/flutter_full_svg_support/test/golden_comparison/golden_comparison_test.dart: Golden Comparison Tests Golden: dart matches browser render                     00:38 +2511 ~1 -2: /Users/denisnadey/apps/flutter_full_svg_support/test/golden_comparison/golden_comparison_test.dart: Golden Comparison Tests Golden: dart matches browser render                     00:38 +2512 ~1 -2: /Users/denisnadey/apps/flutter_full_svg_support/test/golden_comparison/golden_comparison_test.dart: Golden Comparison Tests Golden: dart matches browser render                     00:38 +2513 ~1 -2: /Users/denisnadey/apps/flutter_full_svg_support/test/golden_comparison/golden_comparison_test.dart: Golden Comparison Tests Golden: dart matches browser render                     00:38 +2513 ~1 -2: /Users/denisnadey/apps/flutter_full_svg_support/test/animation/animated_svg_picture_test.dart: AnimatedSvgPicture mask use geometry gates hit-testing                               
Image size: 800x600
00:38 +2514 ~1 -2: /Users/denisnadey/apps/flutter_full_svg_support/test/golden_comparison/golden_comparison_test.dart: Golden Comparison Tests Golden: dart matches browser render                     00:38 +2515 ~1 -2: /Users/denisnadey/apps/flutter_full_svg_support/test/golden_comparison/golden_comparison_test.dart: Golden Comparison Tests Golden: dart matches browser render                     00:38 +2516 ~1 -2: /Users/denisnadey/apps/flutter_full_svg_support/test/golden_comparison/golden_comparison_test.dart: Golden Comparison Tests Golden: dart matches browser render                     00:38 +2517 ~1 -2: /Users/denisnadey/apps/flutter_full_svg_support/test/golden_comparison/golden_comparison_test.dart: Golden Comparison Tests Golden: dart matches browser render                     00:38 +2518 ~1 -2: /Users/denisnadey/apps/flutter_full_svg_support/test/golden_comparison/golden_comparison_test.dart: Golden Comparison Tests Golden: dart matches browser render                     00:38 +2519 ~1 -2: /Users/denisnadey/apps/flutter_full_svg_support/test/golden_comparison/golden_comparison_test.dart: Golden Comparison Tests Golden: dart matches browser render                     00:38 +2520 ~1 -2: /Users/denisnadey/apps/flutter_full_svg_support/test/golden_comparison/golden_comparison_test.dart: Golden Comparison Tests Golden: dart matches browser render                     00:38 +2521 ~1 -2: /Users/denisnadey/apps/flutter_full_svg_support/test/golden_comparison/golden_comparison_test.dart: Golden Comparison Tests Golden: dart matches browser render                     00:38 +2522 ~1 -2: /Users/denisnadey/apps/flutter_full_svg_support/test/golden_comparison/golden_comparison_test.dart: Golden Comparison Tests Golden: dart matches browser render                     00:38 +2523 ~1 -2: /Users/denisnadey/apps/flutter_full_svg_support/test/golden_comparison/golden_comparison_test.dart: Golden Comparison Tests Golden: dart matches browser render                     00:38 +2524 ~1 -2: /Users/denisnadey/apps/flutter_full_svg_support/test/golden_comparison/golden_comparison_test.dart: Golden Comparison Tests Golden: dart matches browser render                     00:38 +2525 ~1 -2: /Users/denisnadey/apps/flutter_full_svg_support/test/golden_comparison/golden_comparison_test.dart: Golden Comparison Tests Golden: dart matches browser render                     00:38 +2526 ~1 -2: /Users/denisnadey/apps/flutter_full_svg_support/test/golden_comparison/golden_comparison_test.dart: Golden Comparison Tests Golden: dart matches browser render                     00:38 +2527 ~1 -2: /Users/denisnadey/apps/flutter_full_svg_support/test/golden_comparison/golden_comparison_test.dart: Golden Comparison Tests Golden: dart matches browser render                     00:38 +2528 ~1 -2: /Users/denisnadey/apps/flutter_full_svg_support/test/golden_comparison/golden_comparison_test.dart: Golden Comparison Tests Golden: dart matches browser render                     00:38 +2529 ~1 -2: /Users/denisnadey/apps/flutter_full_svg_support/test/golden_comparison/golden_comparison_test.dart: Golden Comparison Tests Golden: dart matches browser render                     00:38 +2529 ~1 -2: /Users/denisnadey/apps/flutter_full_svg_support/test/animation/animated_svg_picture_test.dart: AnimatedSvgPicture use fill none disables hit-testing for inherited fill target      
Image size: 800x600
00:38 +2530 ~1 -2: /Users/denisnadey/apps/flutter_full_svg_support/test/golden_comparison/golden_comparison_test.dart: Golden Comparison Tests Golden: dart matches browser render                     00:38 +2531 ~1 -2: /Users/denisnadey/apps/flutter_full_svg_support/test/golden_comparison/golden_comparison_test.dart: Golden Comparison Tests Golden: dart matches browser render                     00:38 +2532 ~1 -2: /Users/denisnadey/apps/flutter_full_svg_support/test/golden_comparison/golden_comparison_test.dart: Golden Comparison Tests Golden: dart matches browser render                     00:38 +2533 ~1 -2: /Users/denisnadey/apps/flutter_full_svg_support/test/golden_comparison/golden_comparison_test.dart: Golden Comparison Tests Golden: dart matches browser render                     00:38 +2533 ~1 -2: /Users/denisnadey/apps/flutter_full_svg_support/test/animation/animated_svg_picture_test.dart: AnimatedSvgPicture use fill none disables hit-testing for inherited fill target      
Image size: 800x600
00:38 +2534 ~1 -2: /Users/denisnadey/apps/flutter_full_svg_support/test/golden_comparison/golden_comparison_test.dart: Golden Comparison Tests Golden: dart matches browser render                     00:38 +2535 ~1 -2: /Users/denisnadey/apps/flutter_full_svg_support/test/golden_comparison/golden_comparison_test.dart: Golden Comparison Tests Golden: dart matches browser render                     00:38 +2536 ~1 -2: /Users/denisnadey/apps/flutter_full_svg_support/test/golden_comparison/golden_comparison_test.dart: Golden Comparison Tests Golden: dart matches browser render                     00:38 +2537 ~1 -2: /Users/denisnadey/apps/flutter_full_svg_support/test/golden_comparison/golden_comparison_test.dart: Golden Comparison Tests Golden: dart matches browser render                     00:38 +2538 ~1 -2: /Users/denisnadey/apps/flutter_full_svg_support/test/golden_comparison/golden_comparison_test.dart: Golden Comparison Tests Golden: dart matches browser render                     00:38 +2539 ~1 -2: /Users/denisnadey/apps/flutter_full_svg_support/test/golden_comparison/golden_comparison_test.dart: Golden Comparison Tests Golden: dart matches browser render                     00:38 +2540 ~1 -2: /Users/denisnadey/apps/flutter_full_svg_support/test/golden_comparison/golden_comparison_test.dart: Golden Comparison Tests Golden: dart matches browser render                     00:38 +2541 ~1 -2: /Users/denisnadey/apps/flutter_full_svg_support/test/golden_comparison/golden_comparison_test.dart: Golden Comparison Tests Golden: dart matches browser render                     00:38 +2542 ~1 -2: /Users/denisnadey/apps/flutter_full_svg_support/test/golden_comparison/golden_comparison_test.dart: Golden Comparison Tests Golden: dart matches browser render                     00:38 +2543 ~1 -2: /Users/denisnadey/apps/flutter_full_svg_support/test/golden_comparison/golden_comparison_test.dart: Golden Comparison Tests Golden: dart matches browser render                     00:38 +2543 ~1 -2: /Users/denisnadey/apps/flutter_full_svg_support/test/animation/animated_svg_picture_test.dart: AnimatedSvgPicture use style fill none disables hit-testing over attribute fill      
Image size: 800x600
00:38 +2544 ~1 -2: /Users/denisnadey/apps/flutter_full_svg_support/test/golden_comparison/golden_comparison_test.dart: Golden Comparison Tests Golden: dart matches browser render                     00:38 +2545 ~1 -2: /Users/denisnadey/apps/flutter_full_svg_support/test/golden_comparison/golden_comparison_test.dart: Golden Comparison Tests Golden: dart matches browser render                     00:38 +2546 ~1 -2: /Users/denisnadey/apps/flutter_full_svg_support/test/golden_comparison/golden_comparison_test.dart: Golden Comparison Tests Golden: dart matches browser render                     00:38 +2546 ~1 -2: /Users/denisnadey/apps/flutter_full_svg_support/test/animation/animated_svg_picture_test.dart: AnimatedSvgPicture use style fill none disables hit-testing over attribute fill      
Image size: 800x600
00:38 +2547 ~1 -2: /Users/denisnadey/apps/flutter_full_svg_support/test/golden_comparison/golden_comparison_test.dart: Golden Comparison Tests Golden: dart matches browser render                     00:38 +2547 ~1 -2: /Users/denisnadey/apps/flutter_full_svg_support/test/animation/animated_svg_picture_test.dart: AnimatedSvgPicture symbol use with slice clips hit-testing to use viewport           
Image size: 800x600
Image size: 800x600
Image size: 800x600
00:38 +2548 ~1 -2: /Users/denisnadey/apps/flutter_full_svg_support/test/golden_comparison/golden_comparison_test.dart: Golden Comparison Tests Golden: dart matches browser render                     00:38 +2548 ~1 -2: /Users/denisnadey/apps/flutter_full_svg_support/test/animation/animated_svg_picture_test.dart: AnimatedSvgPicture svg use with slice clips hit-testing to use viewport              
Image size: 800x600
Image size: 800x600
Image size: 800x600
00:38 +2549 ~1 -2: /Users/denisnadey/apps/flutter_full_svg_support/test/golden_comparison/golden_comparison_test.dart: Golden Comparison Tests Golden: dart matches browser render                     00:38 +2549 ~1 -2: /Users/denisnadey/apps/flutter_full_svg_support/test/animation/animated_svg_picture_test.dart: AnimatedSvgPicture use of foreignObject does not trigger target click animations     
Image size: 800x600
Image size: 800x600
00:38 +2549 ~1 -2: /Users/denisnadey/apps/flutter_full_svg_support/test/golden_comparison/golden_comparison_test.dart: Golden Comparison Tests Golden: dart matches browser render                     00:38 +2550 ~1 -2: /Users/denisnadey/apps/flutter_full_svg_support/test/golden_comparison/golden_comparison_test.dart: Golden Comparison Tests Golden: dart matches browser render                     00:38 +2550 ~1 -2: /Users/denisnadey/apps/flutter_full_svg_support/test/animation/animated_svg_picture_test.dart: AnimatedSvgPicture clipPath-aware click respects clipped hit region                  
Image size: 800x600
Image size: 800x600
Image size: 800x600
00:38 +2551 ~1 -2: /Users/denisnadey/apps/flutter_full_svg_support/test/golden_comparison/golden_comparison_test.dart: Golden Comparison Tests Golden: dart matches browser render                     00:38 +2551 ~1 -2: /Users/denisnadey/apps/flutter_full_svg_support/test/animation/animated_svg_picture_test.dart: AnimatedSvgPicture style clip-path gates click hit region                            
Image size: 800x600
Image size: 800x600
Image size: 800x600
00:38 +2552 ~1 -2: /Users/denisnadey/apps/flutter_full_svg_support/test/golden_comparison/golden_comparison_test.dart: Golden Comparison Tests Golden: dart matches browser render                     00:38 +2552 ~1 -2: /Users/denisnadey/apps/flutter_full_svg_support/test/animation/animated_svg_picture_test.dart: AnimatedSvgPicture style clip-path !important gates click hit region                 
Image size: 800x600
Image size: 800x600
Image size: 800x600
00:38 +2553 ~1 -2: /Users/denisnadey/apps/flutter_full_svg_support/test/golden_comparison/golden_comparison_test.dart: Golden Comparison Tests Golden: dart matches browser render                     00:38 +2553 ~1 -2: /Users/denisnadey/apps/flutter_full_svg_support/test/animation/animated_svg_picture_test.dart: AnimatedSvgPicture clipPathUnits objectBoundingBox gates click hit region            
Image size: 800x600
Image size: 800x600
Image size: 800x600
00:38 +2554 ~1 -2: /Users/denisnadey/apps/flutter_full_svg_support/test/golden_comparison/golden_comparison_test.dart: Golden Comparison Tests Golden: dart matches browser render                     00:38 +2554 ~1 -2: /Users/denisnadey/apps/flutter_full_svg_support/test/animation/animated_svg_picture_test.dart: AnimatedSvgPicture maskContentUnits objectBoundingBox gates click hit region         
Image size: 800x600
Image size: 800x600
Image size: 800x600
00:38 +2555 ~1 -2: /Users/denisnadey/apps/flutter_full_svg_support/test/golden_comparison/golden_comparison_test.dart: Golden Comparison Tests Golden: dart matches browser render                     00:38 +2555 ~1 -2: /Users/denisnadey/apps/flutter_full_svg_support/test/animation/animated_svg_picture_test.dart: AnimatedSvgPicture style mask gates click hit region                                 
Image size: 800x600
Image size: 800x600
Image size: 800x600
00:38 +2556 ~1 -2: /Users/denisnadey/apps/flutter_full_svg_support/test/golden_comparison/golden_comparison_test.dart: Golden Comparison Tests Golden: dart matches browser render                     00:38 +2556 ~1 -2: /Users/denisnadey/apps/flutter_full_svg_support/test/animation/animated_svg_picture_test.dart: AnimatedSvgPicture style mask !important gates click hit region                      
Image size: 800x600
Image size: 800x600
Image size: 800x600
00:38 +2557 ~1 -2: /Users/denisnadey/apps/flutter_full_svg_support/test/golden_comparison/golden_comparison_test.dart: Golden Comparison Tests Golden: dart matches browser render                     00:38 +2558 ~1 -2: /Users/denisnadey/apps/flutter_full_svg_support/test/golden_comparison/golden_comparison_test.dart: Golden Comparison Tests Golden: dart matches browser render                     00:38 +2559 ~1 -2: /Users/denisnadey/apps/flutter_full_svg_support/test/golden_comparison/golden_comparison_test.dart: Golden Comparison Tests Golden: dart matches browser render                     00:38 +2559 ~1 -2: /Users/denisnadey/apps/flutter_full_svg_support/test/animation/animated_svg_picture_test.dart: AnimatedSvgPicture maskUnits objectBoundingBox gates click hit region                
Image size: 800x600
00:38 +2560 ~1 -2: /Users/denisnadey/apps/flutter_full_svg_support/test/golden_comparison/golden_comparison_test.dart: Golden Comparison Tests Golden: dart matches browser render                     00:38 +2560 ~1 -2: /Users/denisnadey/apps/flutter_full_svg_support/test/animation/animated_svg_picture_test.dart: AnimatedSvgPicture maskUnits objectBoundingBox gates click hit region                
Image size: 800x600
Image size: 800x600
00:38 +2561 ~1 -2: /Users/denisnadey/apps/flutter_full_svg_support/test/golden_comparison/golden_comparison_test.dart: Golden Comparison Tests Golden: dart matches browser render                     00:38 +2562 ~1 -2: /Users/denisnadey/apps/flutter_full_svg_support/test/golden_comparison/golden_comparison_test.dart: Golden Comparison Tests Golden: dart matches browser render                     00:38 +2563 ~1 -2: /Users/denisnadey/apps/flutter_full_svg_support/test/golden_comparison/golden_comparison_test.dart: Golden Comparison Tests Golden: dart matches browser render                     00:38 +2563 ~1 -2: /Users/denisnadey/apps/flutter_full_svg_support/test/animation/animated_svg_picture_test.dart: AnimatedSvgPicture maskUnits userSpaceOnUse percentages gate click hit region        
Image size: 800x600
00:38 +2564 ~1 -2: /Users/denisnadey/apps/flutter_full_svg_support/test/golden_comparison/golden_comparison_test.dart: Golden Comparison Tests Golden: dart matches browser render                     00:38 +2564 ~1 -2: /Users/denisnadey/apps/flutter_full_svg_support/test/animation/animated_svg_picture_test.dart: AnimatedSvgPicture maskUnits userSpaceOnUse percentages gate click hit region        
Image size: 800x600
Image size: 800x600
00:38 +2565 ~1 -2: /Users/denisnadey/apps/flutter_full_svg_support/test/golden_comparison/golden_comparison_test.dart: Golden Comparison Tests Golden: dart matches browser render                     00:38 +2566 ~1 -2: /Users/denisnadey/apps/flutter_full_svg_support/test/golden_comparison/golden_comparison_test.dart: Golden Comparison Tests Golden: dart matches browser render                     00:38 +2566 ~1 -2: /Users/denisnadey/apps/flutter_full_svg_support/test/animation/animated_svg_picture_test.dart: AnimatedSvgPicture polygon target click triggers targeted animation only             
Image size: 800x600
Image size: 800x600
Image size: 800x600
00:38 +2567 ~1 -2: /Users/denisnadey/apps/flutter_full_svg_support/test/golden_comparison/golden_comparison_test.dart: Golden Comparison Tests Golden: dart matches browser render                     00:38 +2568 ~1 -2: /Users/denisnadey/apps/flutter_full_svg_support/test/golden_comparison/golden_comparison_test.dart: Golden Comparison Tests Golden: dart matches browser render                     00:38 +2569 ~1 -2: /Users/denisnadey/apps/flutter_full_svg_support/test/golden_comparison/golden_comparison_test.dart: Golden Comparison Tests Golden: dart matches browser render                     00:39 +2569 ~1 -2: /Users/denisnadey/apps/flutter_full_svg_support/test/golden_comparison/golden_comparison_test.dart: Golden Comparison Tests Golden: dart matches browser render                     00:39 +2570 ~1 -2: /Users/denisnadey/apps/flutter_full_svg_support/test/golden_comparison/golden_comparison_test.dart: Golden Comparison Tests Golden: dart matches browser render                     00:39 +2570 ~1 -2: /Users/denisnadey/apps/flutter_full_svg_support/test/animation/animated_svg_picture_test.dart: AnimatedSvgPicture path target click triggers targeted animation only                
Image size: 800x600
00:39 +2571 ~1 -2: /Users/denisnadey/apps/flutter_full_svg_support/test/golden_comparison/golden_comparison_test.dart: Golden Comparison Tests Golden: dart matches browser render                     00:39 +2571 ~1 -2: /Users/denisnadey/apps/flutter_full_svg_support/test/animation/animated_svg_picture_test.dart: AnimatedSvgPicture path target click triggers targeted animation only                
Image size: 800x600
00:39 +2572 ~1 -2: /Users/denisnadey/apps/flutter_full_svg_support/test/golden_comparison/golden_comparison_test.dart: Golden Comparison Tests Golden: dart matches browser render                     00:39 +2573 ~1 -2: /Users/denisnadey/apps/flutter_full_svg_support/test/golden_comparison/golden_comparison_test.dart: Golden Comparison Tests Golden: dart matches browser render                     00:39 +2573 ~1 -2: /Users/denisnadey/apps/flutter_full_svg_support/test/animation/animated_svg_picture_test.dart: AnimatedSvgPicture path target click triggers targeted animation only                
Image size: 800x600
00:39 +2574 ~1 -2: /Users/denisnadey/apps/flutter_full_svg_support/test/golden_comparison/golden_comparison_test.dart: Golden Comparison Tests Golden: dart matches browser render                     00:39 +2575 ~1 -2: /Users/denisnadey/apps/flutter_full_svg_support/test/golden_comparison/golden_comparison_test.dart: Golden Comparison Tests Golden: dart matches browser render                     00:39 +2576 ~1 -2: /Users/denisnadey/apps/flutter_full_svg_support/test/golden_comparison/golden_comparison_test.dart: Golden Comparison Tests Golden: dart matches browser render                     00:39 +2577 ~1 -2: /Users/denisnadey/apps/flutter_full_svg_support/test/golden_comparison/golden_comparison_test.dart: Golden Comparison Tests Golden: dart matches browser render                     00:39 +2578 ~1 -2: /Users/denisnadey/apps/flutter_full_svg_support/test/golden_comparison/golden_comparison_test.dart: Golden Comparison Tests Golden: dart matches browser render                     00:39 +2579 ~1 -2: /Users/denisnadey/apps/flutter_full_svg_support/test/golden_comparison/golden_comparison_test.dart: Golden Comparison Tests Golden: dart matches browser render                     00:39 +2580 ~1 -2: /Users/denisnadey/apps/flutter_full_svg_support/test/golden_comparison/golden_comparison_test.dart: Golden Comparison Tests Golden: dart matches browser render                     00:39 +2581 ~1 -2: /Users/denisnadey/apps/flutter_full_svg_support/test/golden_comparison/golden_comparison_test.dart: Golden Comparison Tests Golden: dart matches browser render                     00:39 +2582 ~1 -2: /Users/denisnadey/apps/flutter_full_svg_support/test/golden_comparison/golden_comparison_test.dart: Golden Comparison Tests Golden: dart matches browser render                     00:39 +2583 ~1 -2: /Users/denisnadey/apps/flutter_full_svg_support/test/golden_comparison/golden_comparison_test.dart: Golden Comparison Tests Golden: dart matches browser render                     00:39 +2584 ~1 -2: /Users/denisnadey/apps/flutter_full_svg_support/test/golden_comparison/golden_comparison_test.dart: Golden Comparison Tests Golden: dart matches browser render                     00:39 +2584 ~1 -2: /Users/denisnadey/apps/flutter_full_svg_support/test/animation/animated_svg_picture_test.dart: AnimatedSvgPicture text letter-spacing expands hit-testing region                    
Image size: 800x600
00:39 +2585 ~1 -2: /Users/denisnadey/apps/flutter_full_svg_support/test/golden_comparison/golden_comparison_test.dart: Golden Comparison Tests Golden: dart matches browser render                     00:39 +2586 ~1 -2: /Users/denisnadey/apps/flutter_full_svg_support/test/golden_comparison/golden_comparison_test.dart: Golden Comparison Tests Golden: dart matches browser render                     00:39 +2587 ~1 -2: /Users/denisnadey/apps/flutter_full_svg_support/test/golden_comparison/golden_comparison_test.dart: Golden Comparison Tests Golden: dart matches browser render                     00:39 +2587 ~1 -2: /Users/denisnadey/apps/flutter_full_svg_support/test/animation/animated_svg_picture_test.dart: AnimatedSvgPicture text letter-spacing expands hit-testing region                    
Image size: 800x600
00:39 +2588 ~1 -2: /Users/denisnadey/apps/flutter_full_svg_support/test/golden_comparison/golden_comparison_test.dart: Golden Comparison Tests Golden: dart matches browser render                     00:39 +2589 ~1 -2: /Users/denisnadey/apps/flutter_full_svg_support/test/golden_comparison/golden_comparison_test.dart: Golden Comparison Tests Golden: dart matches browser render                     00:39 +2590 ~1 -2: /Users/denisnadey/apps/flutter_full_svg_support/test/golden_comparison/golden_comparison_test.dart: Golden Comparison Tests Golden: dart matches browser render                     00:39 +2591 ~1 -2: /Users/denisnadey/apps/flutter_full_svg_support/test/golden_comparison/golden_comparison_test.dart: Golden Comparison Tests Golden: dart matches browser render                     00:39 +2592 ~1 -2: /Users/denisnadey/apps/flutter_full_svg_support/test/golden_comparison/golden_comparison_test.dart: Golden Comparison Tests Golden: dart matches browser render                     00:39 +2593 ~1 -2: /Users/denisnadey/apps/flutter_full_svg_support/test/golden_comparison/golden_comparison_test.dart: Golden Comparison Tests Golden: dart matches browser render                     00:39 +2594 ~1 -2: /Users/denisnadey/apps/flutter_full_svg_support/test/golden_comparison/golden_comparison_test.dart: Golden Comparison Tests Golden: dart matches browser render                     00:39 +2594 ~1 -2: /Users/denisnadey/apps/flutter_full_svg_support/test/animation/animated_svg_picture_test.dart: AnimatedSvgPicture text word-spacing expands hit-testing region                      
Image size: 800x600
00:39 +2595 ~1 -2: /Users/denisnadey/apps/flutter_full_svg_support/test/golden_comparison/golden_comparison_test.dart: Golden Comparison Tests Golden: dart matches browser render                     00:39 +2596 ~1 -2: /Users/denisnadey/apps/flutter_full_svg_support/test/golden_comparison/golden_comparison_test.dart: Golden Comparison Tests Golden: dart matches browser render                     00:39 +2597 ~1 -2: /Users/denisnadey/apps/flutter_full_svg_support/test/golden_comparison/golden_comparison_test.dart: Golden Comparison Tests Golden: dart matches browser render                     00:39 +2597 ~1 -2: /Users/denisnadey/apps/flutter_full_svg_support/test/animation/animated_svg_picture_test.dart: AnimatedSvgPicture text word-spacing expands hit-testing region                      
Image size: 800x600
00:39 +2598 ~1 -2: /Users/denisnadey/apps/flutter_full_svg_support/test/golden_comparison/golden_comparison_test.dart: Golden Comparison Tests Golden: dart matches browser render                     00:39 +2599 ~1 -2: /Users/denisnadey/apps/flutter_full_svg_support/test/golden_comparison/golden_comparison_test.dart: Golden Comparison Tests Golden: dart matches browser render                     00:39 +2600 ~1 -2: /Users/denisnadey/apps/flutter_full_svg_support/test/golden_comparison/golden_comparison_test.dart: Golden Comparison Tests Golden: dart matches browser render                     00:39 +2601 ~1 -2: /Users/denisnadey/apps/flutter_full_svg_support/test/golden_comparison/golden_comparison_test.dart: Golden Comparison Tests Golden: dart matches browser render                     00:39 +2601 ~1 -2: /Users/denisnadey/apps/flutter_full_svg_support/test/animation/svg_event_model_test.dart: W3C SVG Event Model Event Retargeting Through <use> click on element inside use retargets to use element
Image size: 800x600
00:39 +2601 ~1 -2: /Users/denisnadey/apps/flutter_full_svg_support/test/animation/animated_svg_picture_test.dart: AnimatedSvgPicture textLength with default spacing expands hit-testing region        
Image size: 800x600
Image size: 800x600
00:39 +2602 ~1 -2: /Users/denisnadey/apps/flutter_full_svg_support/test/golden_comparison/golden_comparison_test.dart: Golden Comparison Tests Golden: dart matches browser render                     00:39 +2602 ~1 -2: /Users/denisnadey/apps/flutter_full_svg_support/test/animation/animated_svg_picture_test.dart: AnimatedSvgPicture textLength spacingAndGlyphs scales single glyph hit-testing region
Image size: 800x600
00:39 +2602 ~1 -2: /Users/denisnadey/apps/flutter_full_svg_support/test/animation/svg_event_model_test.dart: W3C SVG Event Model Event Retargeting Through <use> click on element inside use retargets to use element
Image size: 800x600
00:39 +2602 ~1 -2: /Users/denisnadey/apps/flutter_full_svg_support/test/animation/animated_svg_picture_test.dart: AnimatedSvgPicture textLength spacingAndGlyphs scales single glyph hit-testing region
Image size: 800x600
00:39 +2603 ~1 -2: /Users/denisnadey/apps/flutter_full_svg_support/test/golden_comparison/golden_comparison_test.dart: Golden Comparison Tests Golden: dart matches browser render                     00:39 +2603 ~1 -2: /Users/denisnadey/apps/flutter_full_svg_support/test/animation/animated_svg_picture_test.dart: AnimatedSvgPicture text baseline-shift offsets hit-testing region upward             
Image size: 800x600
00:39 +2604 ~1 -2: /Users/denisnadey/apps/flutter_full_svg_support/test/golden_comparison/golden_comparison_test.dart: Golden Comparison Tests Golden: dart matches browser render                     00:39 +2604 ~1 -2: /Users/denisnadey/apps/flutter_full_svg_support/test/animation/animated_svg_picture_test.dart: AnimatedSvgPicture text baseline-shift offsets hit-testing region upward             
Image size: 800x600
00:39 +2605 ~1 -2: /Users/denisnadey/apps/flutter_full_svg_support/test/golden_comparison/golden_comparison_test.dart: Golden Comparison Tests Golden: dart matches browser render                     00:39 +2605 ~1 -2: /Users/denisnadey/apps/flutter_full_svg_support/test/animation/animated_svg_picture_test.dart: AnimatedSvgPicture text dominant-baseline affects hit-testing region                 
Image size: 800x600
00:39 +2605 ~1 -2: /Users/denisnadey/apps/flutter_full_svg_support/test/animation/svg_event_model_test.dart: W3C SVG Event Model Event Retargeting Through <use> nested use element click propagates correctly
Image size: 800x600
00:39 +2605 ~1 -2: /Users/denisnadey/apps/flutter_full_svg_support/test/animation/animated_svg_picture_test.dart: AnimatedSvgPicture text dominant-baseline affects hit-testing region                 
Image size: 800x600
00:39 +2606 ~1 -2: /Users/denisnadey/apps/flutter_full_svg_support/test/golden_comparison/golden_comparison_test.dart: Golden Comparison Tests Golden: dart matches browser render                     00:39 +2606 ~1 -2: /Users/denisnadey/apps/flutter_full_svg_support/test/animation/svg_event_model_test.dart: W3C SVG Event Model Event Retargeting Through <use> nested use element click propagates correctly
Image size: 800x600
00:39 +2607 ~1 -2: /Users/denisnadey/apps/flutter_full_svg_support/test/golden_comparison/golden_comparison_test.dart: Golden Comparison Tests Golden: dart matches browser render                     00:39 +2607 ~1 -2: /Users/denisnadey/apps/flutter_full_svg_support/test/animation/animated_svg_picture_test.dart: AnimatedSvgPicture text target click triggers targeted animation only                
Image size: 800x600
00:39 +2607 ~1 -2: /Users/denisnadey/apps/flutter_full_svg_support/test/animation/svg_event_model_test.dart: W3C SVG Event Model Event Bubbling click event bubbles from child to parent               
Image size: 800x600
00:39 +2607 ~1 -2: /Users/denisnadey/apps/flutter_full_svg_support/test/animation/animated_svg_picture_test.dart: AnimatedSvgPicture text target click triggers targeted animation only                
Image size: 800x600
00:39 +2607 ~1 -2: /Users/denisnadey/apps/flutter_full_svg_support/test/animation/svg_event_model_test.dart: W3C SVG Event Model Event Bubbling click event bubbles from child to parent               
Image size: 800x600
00:39 +2607 ~1 -2: /Users/denisnadey/apps/flutter_full_svg_support/test/animation/animated_svg_picture_test.dart: AnimatedSvgPicture text target click triggers targeted animation only                
Image size: 800x600
00:39 +2608 ~1 -2: /Users/denisnadey/apps/flutter_full_svg_support/test/golden_comparison/golden_comparison_test.dart: Golden Comparison Tests Golden: dart matches browser render                     00:39 +2609 ~1 -2: /Users/denisnadey/apps/flutter_full_svg_support/test/golden_comparison/golden_comparison_test.dart: Golden Comparison Tests Golden: dart matches browser render                     00:39 +2609 ~1 -2: /Users/denisnadey/apps/flutter_full_svg_support/test/animation/svg_event_model_test.dart: W3C SVG Event Model Event Bubbling deep nesting bubbles through multiple levels           
Image size: 800x600
00:39 +2609 ~1 -2: /Users/denisnadey/apps/flutter_full_svg_support/test/animation/animated_svg_picture_test.dart: AnimatedSvgPicture tspan target click uses rendered cursor position from previous sibling
Image size: 800x600
00:39 +2609 ~1 -2: /Users/denisnadey/apps/flutter_full_svg_support/test/animation/svg_event_model_test.dart: W3C SVG Event Model Event Bubbling deep nesting bubbles through multiple levels           
Image size: 800x600
00:39 +2609 ~1 -2: /Users/denisnadey/apps/flutter_full_svg_support/test/animation/animated_svg_picture_test.dart: AnimatedSvgPicture tspan target click uses rendered cursor position from previous sibling
Image size: 800x600
00:39 +2610 ~1 -2: /Users/denisnadey/apps/flutter_full_svg_support/test/golden_comparison/golden_comparison_test.dart: Golden Comparison Tests Golden: dart matches browser render                     00:39 +2610 ~1 -2: /Users/denisnadey/apps/flutter_full_svg_support/test/animation/animated_svg_picture_test.dart: AnimatedSvgPicture tspan target click uses rendered cursor position from previous sibling
Image size: 800x600
00:39 +2611 ~1 -2: /Users/denisnadey/apps/flutter_full_svg_support/test/golden_comparison/golden_comparison_test.dart: Golden Comparison Tests Golden: dart matches browser render                     00:39 +2611 ~1 -2: /Users/denisnadey/apps/flutter_full_svg_support/test/animation/svg_event_model_test.dart: W3C SVG Event Model Mouseenter/Mouseleave (Non-Bubbling) mouseenter fires on target element
Image size: 800x600
00:39 +2611 ~1 -2: /Users/denisnadey/apps/flutter_full_svg_support/test/animation/animated_svg_picture_test.dart: AnimatedSvgPicture textPath startOffset gates hit-testing to rendered text segment   
Image size: 800x600
Image size: 800x600
00:39 +2611 ~1 -2: /Users/denisnadey/apps/flutter_full_svg_support/test/animation/svg_event_model_test.dart: W3C SVG Event Model Mouseenter/Mouseleave (Non-Bubbling) mouseenter fires on target element
Image size: 800x600
00:39 +2611 ~1 -2: /Users/denisnadey/apps/flutter_full_svg_support/test/animation/animated_svg_picture_test.dart: AnimatedSvgPicture textPath startOffset gates hit-testing to rendered text segment   
Image size: 800x600
00:39 +2612 ~1 -2: /Users/denisnadey/apps/flutter_full_svg_support/test/golden_comparison/golden_comparison_test.dart: Golden Comparison Tests Golden: dart matches browser render                     00:39 +2613 ~1 -2: /Users/denisnadey/apps/flutter_full_svg_support/test/golden_comparison/golden_comparison_test.dart: Golden Comparison Tests Golden: dart matches browser render                     00:39 +2613 ~1 -2: /Users/denisnadey/apps/flutter_full_svg_support/test/animation/animated_svg_picture_test.dart: AnimatedSvgPicture textPath baseline-shift offsets hit-testing region                
Image size: 800x600
00:39 +2613 ~1 -2: /Users/denisnadey/apps/flutter_full_svg_support/test/animation/svg_event_model_test.dart: W3C SVG Event Model Mouseenter/Mouseleave (Non-Bubbling) mouseleave fires when leaving element
Image size: 800x600
00:39 +2613 ~1 -2: /Users/denisnadey/apps/flutter_full_svg_support/test/animation/animated_svg_picture_test.dart: AnimatedSvgPicture textPath baseline-shift offsets hit-testing region                
Image size: 800x600
00:39 +2614 ~1 -2: /Users/denisnadey/apps/flutter_full_svg_support/test/golden_comparison/golden_comparison_test.dart: Golden Comparison Tests Golden: dart matches browser render                     00:39 +2614 ~1 -2: /Users/denisnadey/apps/flutter_full_svg_support/test/animation/svg_event_model_test.dart: W3C SVG Event Model Mouseenter/Mouseleave (Non-Bubbling) mouseleave fires when leaving element
Image size: 800x600
00:39 +2615 ~1 -2: /Users/denisnadey/apps/flutter_full_svg_support/test/golden_comparison/golden_comparison_test.dart: Golden Comparison Tests Golden: dart matches browser render                     00:39 +2615 ~1 -2: /Users/denisnadey/apps/flutter_full_svg_support/test/animation/animated_svg_picture_test.dart: AnimatedSvgPicture textPath textLength expands hit-testing segment                   
Image size: 800x600
Image size: 800x600
00:39 +2616 ~1 -2: /Users/denisnadey/apps/flutter_full_svg_support/test/golden_comparison/golden_comparison_test.dart: Golden Comparison Tests Golden: dart matches browser render                     00:39 +2617 ~1 -2: /Users/denisnadey/apps/flutter_full_svg_support/test/golden_comparison/golden_comparison_test.dart: Golden Comparison Tests Golden: dart matches browser render                     00:39 +2617 ~1 -2: /Users/denisnadey/apps/flutter_full_svg_support/test/animation/animated_svg_picture_test.dart: AnimatedSvgPicture textPath textLength spacingAndGlyphs scales single glyph segment  
Image size: 800x600
Image size: 800x600
00:39 +2618 ~1 -2: /Users/denisnadey/apps/flutter_full_svg_support/test/golden_comparison/golden_comparison_test.dart: Golden Comparison Tests Golden: dart matches browser render                     00:39 +2618 ~1 -2: /Users/denisnadey/apps/flutter_full_svg_support/test/animation/svg_event_model_test.dart: W3C SVG Event Model Events on Transformed Elements click event works on rotated element   
Image size: 800x600
00:39 +2618 ~1 -2: /Users/denisnadey/apps/flutter_full_svg_support/test/golden_comparison/golden_comparison_test.dart: Golden Comparison Tests Golden: dart matches browser render                     00:39 +2618 ~1 -2: /Users/denisnadey/apps/flutter_full_svg_support/test/animation/svg_event_model_test.dart: W3C SVG Event Model Events on Transformed Elements click event works on rotated element   
Image size: 800x600
00:39 +2619 ~1 -2: /Users/denisnadey/apps/flutter_full_svg_support/test/golden_comparison/golden_comparison_test.dart: Golden Comparison Tests Golden: dart matches browser render                     00:39 +2619 ~1 -2: /Users/denisnadey/apps/flutter_full_svg_support/test/animation/animated_svg_picture_test.dart: AnimatedSvgPicture textPath target click triggers targeted animation only            
Image size: 800x600
Image size: 800x600
Image size: 800x600
00:39 +2619 ~1 -2: /Users/denisnadey/apps/flutter_full_svg_support/test/golden_comparison/golden_comparison_test.dart: Golden Comparison Tests Golden: dart matches browser render                     00:39 +2620 ~1 -2: /Users/denisnadey/apps/flutter_full_svg_support/test/golden_comparison/golden_comparison_test.dart: Golden Comparison Tests Golden: dart matches browser render                     00:39 +2620 ~1 -2: /Users/denisnadey/apps/flutter_full_svg_support/test/animation/svg_event_model_test.dart: W3C SVG Event Model Events on Transformed Elements click event works on scaled element    
Image size: 800x600
00:39 +2620 ~1 -2: /Users/denisnadey/apps/flutter_full_svg_support/test/animation/square_circle_debug_test.dart: Debug square to circle normalization                                                  

=== Parsing paths ===
Square: 5 commands
Circle: 6 commands

=== Normalizing square ===
Normalized square: 6 commands
  [0] M
  [1] C (36.66666666666667, 10.0), (63.333333333333336, 10.0), (90.0, 10.0)
00:39 +2620 ~1 -2: /Users/denisnadey/apps/flutter_full_svg_support/test/animation/svg_event_model_test.dart: W3C SVG Event Model Events on Transformed Elements click event works on scaled element    
Image size: 800x600
00:39 +2620 ~1 -2: /Users/denisnadey/apps/flutter_full_svg_support/test/animation/square_circle_debug_test.dart: Debug square to circle normalization                                                  
  [2] C (90.0, 36.66666666666667), (90.0, 63.333333333333336), (90.0, 90.0)
  [3] C (63.33333333333333, 90.0), (36.666666666666664, 90.0), (10.0, 90.0)
  [4] C (10.0, 63.33333333333333), (10.0, 36.666666666666664), (10.0, 10.0)
  [5] Z

=== Normalizing circle ===
Normalized circle: 8 commands
  [0] M
  [1] C (71.94335081419453, 10.0), (90.0, 28.056649185805465), (90.0, 50.0)
  [2] C (90.0, 71.94335081419453), (71.94335081419453, 90.0), (50.0, 90.0)
  [3] C (28.05664918580547, 90.0), (10.000000000000007, 71.94335081419453), (10.0, 50.00000000000001)
  [4] C (10.0, 39.3954090603479), (14.217150587400674, 29.214306917675525), (21.71572875253809, 21.7157287525381)
00:39 +2621 ~1 -2: /Users/denisnadey/apps/flutter_full_svg_support/test/golden_comparison/golden_comparison_test.dart: Golden Comparison Tests Golden: dart matches browser render                     00:39 +2621 ~1 -2: /Users/denisnadey/apps/flutter_full_svg_support/test/animation/square_circle_debug_test.dart: Debug square to circle normalization                                                  
  [5] C (29.21430691767551, 14.217150587400681), (39.395409060347895, 10.0), (49.99999999999999, 10.0)
  [6] C (49.99999999999999, 10.0), (50.0, 10.0), (50.0, 10.0)
  [7] Z

=== Normalizing pair ===
From (square): 8 commands
  [0] M
  [1] C (36.66666666666667, 10.0), (63.333333333333336, 10.0), (90.0, 10.0)
  [2] C (90.0, 36.66666666666667), (90.0, 63.333333333333336), (90.0, 90.0)
  [3] C (63.33333333333333, 90.0), (36.666666666666664, 90.0), (10.0, 90.0)
  [4] C (10.0, 63.33333333333333), (10.0, 36.666666666666664), (10.0, 10.0)
  [5] C (10.0, 10.0), (10.0, 10.0), (10.0, 10.0)
  [6] C (10.0, 10.0), (10.0, 10.0), (10.0, 10.0)
  [7] Z

To (circle): 8 commands
  [0] M
  [1] C (71.94335081419453, 10.0), (90.0, 28.056649185805465), (90.0, 50.0)
  [2] C (90.0, 71.94335081419453), (71.94335081419453, 90.0), (50.0, 90.0)
  [3] C (28.05664918580547, 90.0), (10.000000000000007, 71.94335081419453), (10.0, 50.00000000000001)
  [4] C (10.0, 39.3954090603479), (14.217150587400674, 29.214306917675525), (21.71572875253809, 21.7157287525381)
  [5] C (29.21430691767551, 14.217150587400681), (39.395409060347895, 10.0), (49.99999999999999, 10.0)
  [6] C (49.99999999999999, 10.0), (50.0, 10.0), (50.0, 10.0)
  [7] Z

=== Testing interpolation ===
00:39 +2621 ~1 -2: /Users/denisnadey/apps/flutter_full_svg_support/test/animation/animated_svg_picture_test.dart: AnimatedSvgPicture image target click triggers targeted animation only               
Image size: 800x600
00:39 +2621 ~1 -2: /Users/denisnadey/apps/flutter_full_svg_support/test/animation/square_circle_debug_test.dart: Debug square to circle normalization                                                  
t=0.0: Rect.fromLTRB(10.0, 10.0, 90.0, 90.0)
t=0.5: Rect.fromLTRB(10.0, 10.0, 90.0, 90.0)
t=1.0: Rect.fromLTRB(10.0, 10.0, 90.0, 90.0)

=== Analyzing first cubic at different t values ===
From cubic: (36.66666666666667, 10.0), (63.333333333333336, 10.0), (90.0, 10.0)
To cubic: (71.94335081419453, 10.0), (90.0, 28.056649185805465), (90.0, 50.0)
Expected at t=0.5: x1=54.3050087404306, y1=10.0
00:39 +2622 ~1 -2: /Users/denisnadey/apps/flutter_full_svg_support/test/golden_comparison/golden_comparison_test.dart: Golden Comparison Tests Golden: dart matches browser render                     00:39 +2622 ~1 -2: /Users/denisnadey/apps/flutter_full_svg_support/test/animation/animated_svg_picture_test.dart: AnimatedSvgPicture image target click triggers targeted animation only               
Image size: 800x600
Image size: 800x600
00:39 +2623 ~1 -2: /Users/denisnadey/apps/flutter_full_svg_support/test/golden_comparison/golden_comparison_test.dart: Golden Comparison Tests Golden: dart matches browser render                     00:39 +2623 ~1 -2: /Users/denisnadey/apps/flutter_full_svg_support/test/animation/svg_event_model_test.dart: W3C SVG Event Model Events on Clipped/Masked Elements click respects clip-path boundaries 
Image size: 800x600
Image size: 800x600
00:39 +2624 ~1 -2: /Users/denisnadey/apps/flutter_full_svg_support/test/golden_comparison/golden_comparison_test.dart: Golden Comparison Tests Golden: dart matches browser render                     00:39 +2624 ~1 -2: /Users/denisnadey/apps/flutter_full_svg_support/test/animation/animated_svg_picture_test.dart: AnimatedSvgPicture foreignObject child target click triggers targeted animation only 
Image size: 800x600
Image size: 800x600
Image size: 800x600
00:39 +2625 ~1 -2: /Users/denisnadey/apps/flutter_full_svg_support/test/golden_comparison/golden_comparison_test.dart: Golden Comparison Tests Golden: dart matches browser render                     00:39 +2625 ~1 -2: /Users/denisnadey/apps/flutter_full_svg_support/test/animation/svg_event_model_test.dart: W3C SVG Event Model Events on Clipped/Masked Elements click outside clip-path does not trigger event
Image size: 800x600
Image size: 800x600
00:39 +2626 ~1 -2: /Users/denisnadey/apps/flutter_full_svg_support/test/golden_comparison/golden_comparison_test.dart: Golden Comparison Tests Golden: dart matches browser render                     00:39 +2627 ~1 -2: /Users/denisnadey/apps/flutter_full_svg_support/test/golden_comparison/golden_comparison_test.dart: Golden Comparison Tests Golden: dart matches browser render                     00:39 +2627 ~1 -2: /Users/denisnadey/apps/flutter_full_svg_support/test/animation/svg_event_model_test.dart: W3C SVG Event Model Event Delegation Pattern parent can handle events for multiple children
Image size: 800x600
Image size: 800x600
00:39 +2628 ~1 -2: /Users/denisnadey/apps/flutter_full_svg_support/test/golden_comparison/golden_comparison_test.dart: Golden Comparison Tests Golden: dart matches browser render                     00:39 +2628 ~1 -2: /Users/denisnadey/apps/flutter_full_svg_support/test/animation/advanced_use_symbol_test.dart: CSS Cascade Through Use Shadow Boundary presentation attributes on use propagate into shadow tree
Image size: 800x600
00:39 +2629 ~1 -2: /Users/denisnadey/apps/flutter_full_svg_support/test/golden_comparison/golden_comparison_test.dart: Golden Comparison Tests Golden: dart matches browser render                     00:39 +2629 ~1 -2: /Users/denisnadey/apps/flutter_full_svg_support/test/animation/advanced_use_symbol_test.dart: CSS Cascade Through Use Shadow Boundary style rules from original definition context are preserved
Image size: 800x600
00:39 +2630 ~1 -2: /Users/denisnadey/apps/flutter_full_svg_support/test/golden_comparison/golden_comparison_test.dart: Golden Comparison Tests Golden: dart matches browser render                     00:40 +2630 ~1 -2: /Users/denisnadey/apps/flutter_full_svg_support/test/golden_comparison/golden_comparison_test.dart: Golden Comparison Tests Golden: dart matches browser render                     00:40 +2630 ~1 -2: /Users/denisnadey/apps/flutter_full_svg_support/test/animation/advanced_use_symbol_test.dart: CSS Cascade Through Use Shadow Boundary inline styles on referenced elements take precedence over use pres attrs
Image size: 800x600
00:40 +2631 ~1 -2: /Users/denisnadey/apps/flutter_full_svg_support/test/golden_comparison/golden_comparison_test.dart: Golden Comparison Tests Golden: dart matches browser render                     00:40 +2631 ~1 -2: /Users/denisnadey/apps/flutter_full_svg_support/test/animation/advanced_use_symbol_test.dart: CSS Cascade Through Use Shadow Boundary inherited CSS properties flow through use boundary correctly
Image size: 800x600
00:40 +2632 ~1 -2: /Users/denisnadey/apps/flutter_full_svg_support/test/golden_comparison/golden_comparison_test.dart: Golden Comparison Tests Golden: dart matches browser render                     00:40 +2632 ~1 -2: /Users/denisnadey/apps/flutter_full_svg_support/test/animation/advanced_use_symbol_test.dart: 3-Level Nested Use Coordinate Stacking 3-level nested use x/y offsets stack correctly 
Image size: 800x600
00:40 +2632 ~1 -2: /Users/denisnadey/apps/flutter_full_svg_support/test/golden_comparison/golden_comparison_test.dart: Golden Comparison Tests Golden: dart matches browser render                     00:40 +2633 ~1 -2: /Users/denisnadey/apps/flutter_full_svg_support/test/golden_comparison/golden_comparison_test.dart: Golden Comparison Tests Golden: dart matches browser render                     00:40 +2634 ~1 -2: /Users/denisnadey/apps/flutter_full_svg_support/test/golden_comparison/golden_comparison_test.dart: Golden Comparison Tests Golden: dart matches browser render                     00:40 +2635 ~1 -2: /Users/denisnadey/apps/flutter_full_svg_support/test/golden_comparison/golden_comparison_test.dart: Golden Comparison Tests Golden: dart matches browser render                     00:40 +2636 ~1 -2: /Users/denisnadey/apps/flutter_full_svg_support/test/golden_comparison/golden_comparison_test.dart: Golden Comparison Tests Golden: dart matches browser render                     00:40 +2637 ~1 -2: /Users/denisnadey/apps/flutter_full_svg_support/test/golden_comparison/golden_comparison_test.dart: Golden Comparison Tests Golden: dart matches browser render                     00:40 +2638 ~1 -2: /Users/denisnadey/apps/flutter_full_svg_support/test/golden_comparison/golden_comparison_test.dart: Golden Comparison Tests Golden: dart matches browser render                     00:40 +2639 ~1 -2: /Users/denisnadey/apps/flutter_full_svg_support/test/golden_comparison/golden_comparison_test.dart: Golden Comparison Tests Golden: dart matches browser render                     00:40 +2640 ~1 -2: /Users/denisnadey/apps/flutter_full_svg_support/test/golden_comparison/golden_comparison_test.dart: Golden Comparison Tests Golden: dart matches browser render                     00:40 +2640 ~1 -2: /Users/denisnadey/apps/flutter_full_svg_support/test/animation/advanced_use_symbol_test.dart: 3-Level Nested Use Coordinate Stacking nested use with transform attribute composition
Image size: 800x600
00:40 +2641 ~1 -2: /Users/denisnadey/apps/flutter_full_svg_support/test/golden_comparison/golden_comparison_test.dart: Golden Comparison Tests Golden: dart matches browser render                     00:40 +2641 ~1 -2: /Users/denisnadey/apps/flutter_full_svg_support/test/animation/advanced_use_symbol_test.dart: 3-Level Nested Use Coordinate Stacking nested symbol viewBox transforms compose correctly
Image size: 800x600
00:40 +2642 ~1 -2: /Users/denisnadey/apps/flutter_full_svg_support/test/golden_comparison/golden_comparison_test.dart: Golden Comparison Tests Golden: dart matches browser render                     00:40 +2643 ~1 -2: /Users/denisnadey/apps/flutter_full_svg_support/test/golden_comparison/golden_comparison_test.dart: Golden Comparison Tests Golden: dart matches browser render                     00:40 +2644 ~1 -2: /Users/denisnadey/apps/flutter_full_svg_support/test/golden_comparison/golden_comparison_test.dart: Golden Comparison Tests Golden: dart matches browser render                     00:40 +2645 ~1 -2: /Users/denisnadey/apps/flutter_full_svg_support/test/golden_comparison/golden_comparison_test.dart: Golden Comparison Tests Golden: dart matches browser render                     00:40 +2646 ~1 -2: /Users/denisnadey/apps/flutter_full_svg_support/test/golden_comparison/golden_comparison_test.dart: Golden Comparison Tests Golden: dart matches browser render                     00:40 +2646 ~1 -2: /Users/denisnadey/apps/flutter_full_svg_support/test/animation/advanced_use_symbol_test.dart: Event Retargeting use element with ID renders referenced content at correct position  
Image size: 800x600
00:40 +2647 ~1 -2: /Users/denisnadey/apps/flutter_full_svg_support/test/golden_comparison/golden_comparison_test.dart: Golden Comparison Tests Golden: dart matches browser render                     00:40 +2648 ~1 -2: /Users/denisnadey/apps/flutter_full_svg_support/test/golden_comparison/golden_comparison_test.dart: Golden Comparison Tests Golden: dart matches browser render                     00:40 +2649 ~1 -2: /Users/denisnadey/apps/flutter_full_svg_support/test/golden_comparison/golden_comparison_test.dart: Golden Comparison Tests Golden: dart matches browser render                     00:40 +2650 ~1 -2: /Users/denisnadey/apps/flutter_full_svg_support/test/golden_comparison/golden_comparison_test.dart: Golden Comparison Tests Golden: dart matches browser render                     00:40 +2651 ~1 -2: /Users/denisnadey/apps/flutter_full_svg_support/test/golden_comparison/golden_comparison_test.dart: Golden Comparison Tests Golden: dart matches browser render                     00:40 +2652 ~1 -2: /Users/denisnadey/apps/flutter_full_svg_support/test/golden_comparison/golden_comparison_test.dart: Golden Comparison Tests Golden: dart matches browser render                     00:40 +2653 ~1 -2: /Users/denisnadey/apps/flutter_full_svg_support/test/golden_comparison/golden_comparison_test.dart: Golden Comparison Tests Golden: dart matches browser render                     00:40 +2654 ~1 -2: /Users/denisnadey/apps/flutter_full_svg_support/test/golden_comparison/golden_comparison_test.dart: Golden Comparison Tests Golden: dart matches browser render                     00:40 +2655 ~1 -2: /Users/denisnadey/apps/flutter_full_svg_support/test/golden_comparison/golden_comparison_test.dart: Golden Comparison Tests Golden: dart matches browser render                     00:40 +2656 ~1 -2: /Users/denisnadey/apps/flutter_full_svg_support/test/golden_comparison/golden_comparison_test.dart: Golden Comparison Tests Golden: dart matches browser render                     00:40 +2657 ~1 -2: /Users/denisnadey/apps/flutter_full_svg_support/test/golden_comparison/golden_comparison_test.dart: Golden Comparison Tests Golden: dart matches browser render                     00:40 +2658 ~1 -2: /Users/denisnadey/apps/flutter_full_svg_support/test/golden_comparison/golden_comparison_test.dart: Golden Comparison Tests Golden: dart matches browser render                     00:40 +2658 ~1 -2: /Users/denisnadey/apps/flutter_full_svg_support/test/animation/advanced_use_symbol_test.dart: Event Retargeting nested use with IDs renders at combined position                    
Image size: 800x600
00:40 +2659 ~1 -2: /Users/denisnadey/apps/flutter_full_svg_support/test/golden_comparison/golden_comparison_test.dart: Golden Comparison Tests Golden: dart matches browser render                     00:40 +2660 ~1 -2: /Users/denisnadey/apps/flutter_full_svg_support/test/golden_comparison/golden_comparison_test.dart: Golden Comparison Tests Golden: dart matches browser render                     00:40 +2661 ~1 -2: /Users/denisnadey/apps/flutter_full_svg_support/test/golden_comparison/golden_comparison_test.dart: Golden Comparison Tests Golden: dart matches browser render                     00:40 +2662 ~1 -2: /Users/denisnadey/apps/flutter_full_svg_support/test/golden_comparison/golden_comparison_test.dart: Golden Comparison Tests Golden: dart matches browser render                     00:40 +2663 ~1 -2: /Users/denisnadey/apps/flutter_full_svg_support/test/golden_comparison/golden_comparison_test.dart: Golden Comparison Tests Golden: dart matches browser render                     00:40 +2664 ~1 -2: /Users/denisnadey/apps/flutter_full_svg_support/test/golden_comparison/golden_comparison_test.dart: Golden Comparison Tests Golden: dart matches browser render                     00:40 +2665 ~1 -2: /Users/denisnadey/apps/flutter_full_svg_support/test/golden_comparison/golden_comparison_test.dart: Golden Comparison Tests Golden: dart matches browser render                     00:40 +2666 ~1 -2: /Users/denisnadey/apps/flutter_full_svg_support/test/golden_comparison/golden_comparison_test.dart: Golden Comparison Tests Golden: dart matches browser render                     00:40 +2667 ~1 -2: /Users/denisnadey/apps/flutter_full_svg_support/test/golden_comparison/golden_comparison_test.dart: Golden Comparison Tests Golden: dart matches browser render                     00:40 +2668 ~1 -2: /Users/denisnadey/apps/flutter_full_svg_support/test/golden_comparison/golden_comparison_test.dart: Golden Comparison Tests Golden: dart matches browser render                     00:40 +2669 ~1 -2: /Users/denisnadey/apps/flutter_full_svg_support/test/golden_comparison/golden_comparison_test.dart: Golden Comparison Tests Golden: dart matches browser render                     00:40 +2670 ~1 -2: /Users/denisnadey/apps/flutter_full_svg_support/test/golden_comparison/golden_comparison_test.dart: Golden Comparison Tests Golden: dart matches browser render                     00:40 +2671 ~1 -2: /Users/denisnadey/apps/flutter_full_svg_support/test/golden_comparison/golden_comparison_test.dart: Golden Comparison Tests Golden: dart matches browser render                     00:40 +2672 ~1 -2: /Users/denisnadey/apps/flutter_full_svg_support/test/golden_comparison/golden_comparison_test.dart: Golden Comparison Tests Golden: dart matches browser render                     00:40 +2673 ~1 -2: /Users/denisnadey/apps/flutter_full_svg_support/test/golden_comparison/golden_comparison_test.dart: Golden Comparison Tests Golden: dart matches browser render                     00:40 +2674 ~1 -2: /Users/denisnadey/apps/flutter_full_svg_support/test/golden_comparison/golden_comparison_test.dart: Golden Comparison Tests Golden: dart matches browser render                     00:40 +2674 ~1 -2: /Users/denisnadey/apps/flutter_full_svg_support/test/animation/advanced_use_symbol_test.dart: Use Inside ClipPath use element inside clipPath clips correctly                       
Image size: 800x600
00:40 +2675 ~1 -2: /Users/denisnadey/apps/flutter_full_svg_support/test/golden_comparison/golden_comparison_test.dart: Golden Comparison Tests Golden: dart matches browser render                     00:40 +2676 ~1 -2: /Users/denisnadey/apps/flutter_full_svg_support/test/golden_comparison/golden_comparison_test.dart: Golden Comparison Tests Golden: dart matches browser render                     00:40 +2677 ~1 -2: /Users/denisnadey/apps/flutter_full_svg_support/test/golden_comparison/golden_comparison_test.dart: Golden Comparison Tests Golden: dart matches browser render                     00:40 +2678 ~1 -2: /Users/denisnadey/apps/flutter_full_svg_support/test/golden_comparison/golden_comparison_test.dart: Golden Comparison Tests Golden: dart matches browser render                     00:40 +2679 ~1 -2: /Users/denisnadey/apps/flutter_full_svg_support/test/golden_comparison/golden_comparison_test.dart: Golden Comparison Tests Golden: dart matches browser render                     00:40 +2680 ~1 -2: /Users/denisnadey/apps/flutter_full_svg_support/test/golden_comparison/golden_comparison_test.dart: Golden Comparison Tests Golden: dart matches browser render                     00:40 +2681 ~1 -2: /Users/denisnadey/apps/flutter_full_svg_support/test/golden_comparison/golden_comparison_test.dart: Golden Comparison Tests Golden: dart matches browser render                     00:40 +2682 ~1 -2: /Users/denisnadey/apps/flutter_full_svg_support/test/golden_comparison/golden_comparison_test.dart: Golden Comparison Tests Golden: dart matches browser render                     00:40 +2683 ~1 -2: /Users/denisnadey/apps/flutter_full_svg_support/test/golden_comparison/golden_comparison_test.dart: Golden Comparison Tests Golden: dart matches browser render                     00:40 +2683 ~1 -2: /Users/denisnadey/apps/flutter_full_svg_support/test/animation/advanced_use_symbol_test.dart: Use Inside ClipPath use of symbol inside clipPath with viewBox                        
Image size: 800x600
00:40 +2684 ~1 -2: /Users/denisnadey/apps/flutter_full_svg_support/test/golden_comparison/golden_comparison_test.dart: Golden Comparison Tests Golden: dart matches browser render                     00:40 +2685 ~1 -2: /Users/denisnadey/apps/flutter_full_svg_support/test/golden_comparison/golden_comparison_test.dart: Golden Comparison Tests Golden: dart matches browser render                     00:40 +2686 ~1 -2: /Users/denisnadey/apps/flutter_full_svg_support/test/golden_comparison/golden_comparison_test.dart: Golden Comparison Tests Golden: dart matches browser render                     00:40 +2687 ~1 -2: /Users/denisnadey/apps/flutter_full_svg_support/test/golden_comparison/golden_comparison_test.dart: Golden Comparison Tests Golden: dart matches browser render                     00:40 +2688 ~1 -2: /Users/denisnadey/apps/flutter_full_svg_support/test/golden_comparison/golden_comparison_test.dart: Golden Comparison Tests Golden: dart matches browser render                     00:40 +2689 ~1 -2: /Users/denisnadey/apps/flutter_full_svg_support/test/golden_comparison/golden_comparison_test.dart: Golden Comparison Tests Golden: dart matches browser render                     00:40 +2690 ~1 -2: /Users/denisnadey/apps/flutter_full_svg_support/test/golden_comparison/golden_comparison_test.dart: Golden Comparison Tests Golden: dart matches browser render                     00:40 +2691 ~1 -2: /Users/denisnadey/apps/flutter_full_svg_support/test/golden_comparison/golden_comparison_test.dart: Golden Comparison Tests Golden: dart matches browser render                     00:40 +2692 ~1 -2: /Users/denisnadey/apps/flutter_full_svg_support/test/golden_comparison/golden_comparison_test.dart: Golden Comparison Tests Golden: dart matches browser render                     00:40 +2693 ~1 -2: /Users/denisnadey/apps/flutter_full_svg_support/test/golden_comparison/golden_comparison_test.dart: Golden Comparison Tests Golden: dart matches browser render                     00:40 +2693 ~1 -2: /Users/denisnadey/apps/flutter_full_svg_support/test/animation/advanced_use_symbol_test.dart: Use Inside Mask use element inside mask works correctly                               
Image size: 800x600
00:40 +2694 ~1 -2: /Users/denisnadey/apps/flutter_full_svg_support/test/golden_comparison/golden_comparison_test.dart: Golden Comparison Tests Golden: dart matches browser render                     00:40 +2695 ~1 -2: /Users/denisnadey/apps/flutter_full_svg_support/test/golden_comparison/golden_comparison_test.dart: Golden Comparison Tests Golden: dart matches browser render                     00:40 +2696 ~1 -2: /Users/denisnadey/apps/flutter_full_svg_support/test/golden_comparison/golden_comparison_test.dart: Golden Comparison Tests Golden: dart matches browser render                     00:40 +2697 ~1 -2: /Users/denisnadey/apps/flutter_full_svg_support/test/golden_comparison/golden_comparison_test.dart: Golden Comparison Tests Golden: dart matches browser render                     00:40 +2698 ~1 -2: /Users/denisnadey/apps/flutter_full_svg_support/test/golden_comparison/golden_comparison_test.dart: Golden Comparison Tests Golden: dart matches browser render                     00:40 +2699 ~1 -2: /Users/denisnadey/apps/flutter_full_svg_support/test/golden_comparison/golden_comparison_test.dart: Golden Comparison Tests Golden: dart matches browser render                     00:40 +2700 ~1 -2: /Users/denisnadey/apps/flutter_full_svg_support/test/golden_comparison/golden_comparison_test.dart: Golden Comparison Tests Golden: dart matches browser render                     00:40 +2701 ~1 -2: /Users/denisnadey/apps/flutter_full_svg_support/test/golden_comparison/golden_comparison_test.dart: Golden Comparison Tests Golden: dart matches browser render                     00:40 +2702 ~1 -2: /Users/denisnadey/apps/flutter_full_svg_support/test/golden_comparison/golden_comparison_test.dart: Golden Comparison Tests Golden: dart matches browser render                     00:40 +2702 ~1 -2: /Users/denisnadey/apps/flutter_full_svg_support/test/animation/advanced_use_symbol_test.dart: Nested Symbol ViewBox Stacking (3+ levels) 3-level nested symbol viewBox stacking     
Image size: 800x600
00:40 +2703 ~1 -2: /Users/denisnadey/apps/flutter_full_svg_support/test/golden_comparison/golden_comparison_test.dart: Golden Comparison Tests Golden: dart matches browser render                     00:40 +2704 ~1 -2: /Users/denisnadey/apps/flutter_full_svg_support/test/golden_comparison/golden_comparison_test.dart: Golden Comparison Tests Golden: dart matches browser render                     00:40 +2705 ~1 -2: /Users/denisnadey/apps/flutter_full_svg_support/test/golden_comparison/golden_comparison_test.dart: Golden Comparison Tests Golden: dart matches browser render                     00:40 +2706 ~1 -2: /Users/denisnadey/apps/flutter_full_svg_support/test/golden_comparison/golden_comparison_test.dart: Golden Comparison Tests Golden: dart matches browser render                     00:40 +2707 ~1 -2: /Users/denisnadey/apps/flutter_full_svg_support/test/golden_comparison/golden_comparison_test.dart: Golden Comparison Tests Golden: dart matches browser render                     00:40 +2708 ~1 -2: /Users/denisnadey/apps/flutter_full_svg_support/test/golden_comparison/golden_comparison_test.dart: Golden Comparison Tests Golden: dart matches browser render                     00:40 +2709 ~1 -2: /Users/denisnadey/apps/flutter_full_svg_support/test/golden_comparison/golden_comparison_test.dart: Golden Comparison Tests Golden: dart matches browser render                     00:40 +2710 ~1 -2: /Users/denisnadey/apps/flutter_full_svg_support/test/golden_comparison/golden_comparison_test.dart: Golden Comparison Tests Golden: dart matches browser render                     00:40 +2711 ~1 -2: /Users/denisnadey/apps/flutter_full_svg_support/test/golden_comparison/golden_comparison_test.dart: Golden Comparison Tests Golden: dart matches browser render                     00:40 +2712 ~1 -2: /Users/denisnadey/apps/flutter_full_svg_support/test/golden_comparison/golden_comparison_test.dart: Golden Comparison Tests Golden: dart matches browser render                     00:40 +2713 ~1 -2: /Users/denisnadey/apps/flutter_full_svg_support/test/golden_comparison/golden_comparison_test.dart: Golden Comparison Tests Golden: dart matches browser render                     00:40 +2714 ~1 -2: /Users/denisnadey/apps/flutter_full_svg_support/test/golden_comparison/golden_comparison_test.dart: Golden Comparison Tests Golden: dart matches browser render                     00:40 +2715 ~1 -2: /Users/denisnadey/apps/flutter_full_svg_support/test/golden_comparison/golden_comparison_test.dart: Golden Comparison Tests Golden: dart matches browser render                     00:40 +2716 ~1 -2: /Users/denisnadey/apps/flutter_full_svg_support/test/golden_comparison/golden_comparison_test.dart: Golden Comparison Tests Golden: dart matches browser render                     00:40 +2717 ~1 -2: /Users/denisnadey/apps/flutter_full_svg_support/test/golden_comparison/golden_comparison_test.dart: Golden Comparison Tests Golden: dart matches browser render                     00:40 +2718 ~1 -2: /Users/denisnadey/apps/flutter_full_svg_support/test/golden_comparison/golden_comparison_test.dart: Golden Comparison Tests Golden: dart matches browser render                     00:40 +2719 ~1 -2: /Users/denisnadey/apps/flutter_full_svg_support/test/golden_comparison/golden_comparison_test.dart: Golden Comparison Tests Golden: dart matches browser render                     00:40 +2720 ~1 -2: /Users/denisnadey/apps/flutter_full_svg_support/test/golden_comparison/golden_comparison_test.dart: Golden Comparison Tests Golden: dart matches browser render                     00:40 +2721 ~1 -2: /Users/denisnadey/apps/flutter_full_svg_support/test/golden_comparison/golden_comparison_test.dart: Golden Comparison Tests Golden: dart matches browser render                     00:40 +2722 ~1 -2: /Users/denisnadey/apps/flutter_full_svg_support/test/golden_comparison/golden_comparison_test.dart: Golden Comparison Tests Golden: dart matches browser render                     00:40 +2723 ~1 -2: /Users/denisnadey/apps/flutter_full_svg_support/test/golden_comparison/golden_comparison_test.dart: Golden Comparison Tests Golden: dart matches browser render                     00:40 +2724 ~1 -2: /Users/denisnadey/apps/flutter_full_svg_support/test/golden_comparison/golden_comparison_test.dart: Golden Comparison Tests Golden: dart matches browser render                     00:40 +2725 ~1 -2: /Users/denisnadey/apps/flutter_full_svg_support/test/golden_comparison/golden_comparison_test.dart: Golden Comparison Tests Golden: dart matches browser render                     00:40 +2726 ~1 -2: /Users/denisnadey/apps/flutter_full_svg_support/test/golden_comparison/golden_comparison_test.dart: Golden Comparison Tests Golden: dart matches browser render                     00:40 +2727 ~1 -2: /Users/denisnadey/apps/flutter_full_svg_support/test/golden_comparison/golden_comparison_test.dart: Golden Comparison Tests Golden: dart matches browser render                     00:40 +2728 ~1 -2: /Users/denisnadey/apps/flutter_full_svg_support/test/golden_comparison/golden_comparison_test.dart: Golden Comparison Tests Golden: dart matches browser render                     00:40 +2728 ~1 -2: /Users/denisnadey/apps/flutter_full_svg_support/test/animation/advanced_use_symbol_test.dart: Edge Cases missing href handled gracefully                                            
Image size: 800x600
00:40 +2729 ~1 -2: /Users/denisnadey/apps/flutter_full_svg_support/test/golden_comparison/golden_comparison_test.dart: Golden Comparison Tests Golden: dart matches browser render                     00:40 +2730 ~1 -2: /Users/denisnadey/apps/flutter_full_svg_support/test/golden_comparison/golden_comparison_test.dart: Golden Comparison Tests Golden: dart matches browser render                     00:40 +2731 ~1 -2: /Users/denisnadey/apps/flutter_full_svg_support/test/golden_comparison/golden_comparison_test.dart: Golden Comparison Tests Golden: dart matches browser render                     00:40 +2732 ~1 -2: /Users/denisnadey/apps/flutter_full_svg_support/test/golden_comparison/golden_comparison_test.dart: Golden Comparison Tests Golden: dart matches browser render                     00:40 +2733 ~1 -2: /Users/denisnadey/apps/flutter_full_svg_support/test/golden_comparison/golden_comparison_test.dart: Golden Comparison Tests Golden: dart matches browser render                     00:40 +2734 ~1 -2: /Users/denisnadey/apps/flutter_full_svg_support/test/golden_comparison/golden_comparison_test.dart: Golden Comparison Tests Golden: dart matches browser render                     00:40 +2735 ~1 -2: /Users/denisnadey/apps/flutter_full_svg_support/test/golden_comparison/golden_comparison_test.dart: Golden Comparison Tests Golden: dart matches browser render                     00:40 +2736 ~1 -2: /Users/denisnadey/apps/flutter_full_svg_support/test/golden_comparison/golden_comparison_test.dart: Golden Comparison Tests Golden: dart matches browser render                     00:40 +2737 ~1 -2: /Users/denisnadey/apps/flutter_full_svg_support/test/golden_comparison/golden_comparison_test.dart: Golden Comparison Tests Golden: dart matches browser render                     00:40 +2738 ~1 -2: /Users/denisnadey/apps/flutter_full_svg_support/test/golden_comparison/golden_comparison_test.dart: Golden Comparison Tests Golden: dart matches browser render                     00:40 +2739 ~1 -2: /Users/denisnadey/apps/flutter_full_svg_support/test/golden_comparison/golden_comparison_test.dart: Golden Comparison Tests Golden: dart matches browser render                     00:40 +2740 ~1 -2: /Users/denisnadey/apps/flutter_full_svg_support/test/golden_comparison/golden_comparison_test.dart: Golden Comparison Tests Golden: dart matches browser render                     00:40 +2741 ~1 -2: /Users/denisnadey/apps/flutter_full_svg_support/test/golden_comparison/golden_comparison_test.dart: Golden Comparison Tests Golden: dart matches browser render                     00:40 +2741 ~1 -2: /Users/denisnadey/apps/flutter_full_svg_support/test/animation/arc_debug_test.dart: Debug arc to cubic conversion                                                                   

=== Parsing circle path ===
Parsed 6 commands:
  [0] M: [50.0, 10.0]
  [1] A: [40.0, 40.0, 0.0, 0.0, 1.0, 90.0, 50.0]
  [2] A: [40.0, 40.0, 0.0, 0.0, 1.0, 50.0, 90.0]
  [3] A: [40.0, 40.0, 0.0, 0.0, 1.0, 10.0, 50.0]
  [4] A: [40.0, 40.0, 0.0, 0.0, 1.0, 50.0, 10.0]
  [5] Z: []

=== Normalizing circle ===
Normalized to 8 commands:
  [0] M 50.0, 10.0
  [1] C 71.94335081419453, 10.0, 90.0, 28.056649185805465, 90.0, 50.0
  [2] C 90.0, 71.94335081419453, 71.94335081419453, 90.0, 50.0, 90.0
  [3] C 28.05664918580547, 90.0, 10.000000000000007, 71.94335081419453, 10.0, 50.00000000000001
  [4] C 10.0, 39.3954090603479, 14.217150587400674, 29.214306917675525, 21.71572875253809, 21.7157287525381
  [5] C 29.21430691767551, 14.217150587400681, 39.395409060347895, 10.0, 49.99999999999999, 10.0
  [6] C 49.99999999999999, 10.0, 50.0, 10.0, 50.0, 10.0
  [7] Z

=== Checking cubic bezier variety ===
Found 6 cubic bezier commands
First cubic: (71.94335081419453, 10.0), (90.0, 28.056649185805465), (90.0, 50.0)
Second cubic: (90.0, 71.94335081419453), (71.94335081419453, 90.0), (50.0, 90.0)
Cubics are different: true
00:40 +2742 ~1 -2: /Users/denisnadey/apps/flutter_full_svg_support/test/golden_comparison/golden_comparison_test.dart: Golden Comparison Tests Golden: dart matches browser render                     00:41 +2742 ~1 -2: /Users/denisnadey/apps/flutter_full_svg_support/test/golden_comparison/golden_comparison_test.dart: Golden Comparison Tests Golden: dart matches browser render                     00:41 +2742 ~1 -2: /Users/denisnadey/apps/flutter_full_svg_support/test/animation/visual_translation_test.dart: Visual Translation Tests translation animation renders correctly                       

================================================================================
TEST: Translation Animation Visual Rendering
================================================================================

📸 Building animated SVG widget...
00:41 +2742 ~1 -2: /Users/denisnadey/apps/flutter_full_svg_support/test/golden_comparison/golden_comparison_test.dart: Golden Comparison Tests Golden: dart matches browser render                     00:41 +2743 ~1 -2: /Users/denisnadey/apps/flutter_full_svg_support/test/golden_comparison/golden_comparison_test.dart: Golden Comparison Tests Golden: dart matches browser render                     00:41 +2744 ~1 -2: /Users/denisnadey/apps/flutter_full_svg_support/test/golden_comparison/golden_comparison_test.dart: Golden Comparison Tests Golden: dart matches browser render                     00:41 +2745 ~1 -2: /Users/denisnadey/apps/flutter_full_svg_support/test/golden_comparison/golden_comparison_test.dart: Golden Comparison Tests Golden: dart matches browser render                     00:41 +2746 ~1 -2: /Users/denisnadey/apps/flutter_full_svg_support/test/golden_comparison/golden_comparison_test.dart: Golden Comparison Tests Golden: dart matches browser render                     00:41 +2747 ~1 -2: /Users/denisnadey/apps/flutter_full_svg_support/test/golden_comparison/golden_comparison_test.dart: Golden Comparison Tests Golden: dart matches browser render                     00:41 +2748 ~1 -2: /Users/denisnadey/apps/flutter_full_svg_support/test/golden_comparison/golden_comparison_test.dart: Golden Comparison Tests Golden: dart matches browser render                     00:41 +2749 ~1 -2: /Users/denisnadey/apps/flutter_full_svg_support/test/golden_comparison/golden_comparison_test.dart: Golden Comparison Tests Golden: dart matches browser render                     00:41 +2750 ~1 -2: /Users/denisnadey/apps/flutter_full_svg_support/test/golden_comparison/golden_comparison_test.dart: Golden Comparison Tests Golden: dart matches browser render                     00:41 +2751 ~1 -2: /Users/denisnadey/apps/flutter_full_svg_support/test/golden_comparison/golden_comparison_test.dart: Golden Comparison Tests Golden: dart matches browser render                     00:41 +2752 ~1 -2: /Users/denisnadey/apps/flutter_full_svg_support/test/golden_comparison/golden_comparison_test.dart: Golden Comparison Tests Golden: dart matches browser render                     00:41 +2753 ~1 -2: /Users/denisnadey/apps/flutter_full_svg_support/test/golden_comparison/golden_comparison_test.dart: Golden Comparison Tests Golden: dart matches browser render                     00:41 +2754 ~1 -2: /Users/denisnadey/apps/flutter_full_svg_support/test/golden_comparison/golden_comparison_test.dart: Golden Comparison Tests Golden: dart matches browser render                     00:41 +2755 ~1 -2: /Users/denisnadey/apps/flutter_full_svg_support/test/golden_comparison/golden_comparison_test.dart: Golden Comparison Tests Golden: dart matches browser render                     00:41 +2756 ~1 -2: /Users/denisnadey/apps/flutter_full_svg_support/test/golden_comparison/golden_comparison_test.dart: Golden Comparison Tests Golden: dart matches browser render                     00:41 +2757 ~1 -2: /Users/denisnadey/apps/flutter_full_svg_support/test/golden_comparison/golden_comparison_test.dart: Golden Comparison Tests Golden: dart matches browser render                     00:41 +2758 ~1 -2: /Users/denisnadey/apps/flutter_full_svg_support/test/golden_comparison/golden_comparison_test.dart: Golden Comparison Tests Golden: dart matches browser render                     00:41 +2758 ~1 -2: /Users/denisnadey/apps/flutter_full_svg_support/test/animation/use_symbol_advanced_test.dart: Advanced Use/Symbol Inheritance Tests Shadow DOM-like Inheritance referenced element inline style wins over use element style
Image size: 800x600
00:41 +2758 ~1 -2: /Users/denisnadey/apps/flutter_full_svg_support/test/animation/visual_translation_test.dart: Visual Translation Tests translation animation renders correctly                       
📸 Capturing pixels...
Image size: 800x600
✅ Analysis:
   Red pixels: 361
   Centroid: (373.0, 273.0)
   BBox: 18×18 at (364, 264)
   Hash: 3c6056e0

📊 Result: ✅ SVG RENDERED
================================================================================

00:41 +2759 ~1 -2: /Users/denisnadey/apps/flutter_full_svg_support/test/golden_comparison/golden_comparison_test.dart: Golden Comparison Tests Golden: dart matches browser render                     00:41 +2760 ~1 -2: /Users/denisnadey/apps/flutter_full_svg_support/test/golden_comparison/golden_comparison_test.dart: Golden Comparison Tests Golden: dart matches browser render                     00:41 +2761 ~1 -2: /Users/denisnadey/apps/flutter_full_svg_support/test/golden_comparison/golden_comparison_test.dart: Golden Comparison Tests Golden: dart matches browser render                     00:41 +2762 ~1 -2: /Users/denisnadey/apps/flutter_full_svg_support/test/golden_comparison/golden_comparison_test.dart: Golden Comparison Tests Golden: dart matches browser render                     00:41 +2763 ~1 -2: /Users/denisnadey/apps/flutter_full_svg_support/test/golden_comparison/golden_comparison_test.dart: Golden Comparison Tests Golden: dart matches browser render                     00:41 +2764 ~1 -2: /Users/denisnadey/apps/flutter_full_svg_support/test/golden_comparison/golden_comparison_test.dart: Golden Comparison Tests Golden: dart matches browser render                     00:41 +2765 ~1 -2: /Users/denisnadey/apps/flutter_full_svg_support/test/golden_comparison/golden_comparison_test.dart: Golden Comparison Tests Golden: dart matches browser render                     00:41 +2766 ~1 -2: /Users/denisnadey/apps/flutter_full_svg_support/test/golden_comparison/golden_comparison_test.dart: Golden Comparison Tests Golden: dart matches browser render                     00:41 +2767 ~1 -2: /Users/denisnadey/apps/flutter_full_svg_support/test/golden_comparison/golden_comparison_test.dart: Golden Comparison Tests Golden: dart matches browser render                     00:41 +2768 ~1 -2: /Users/denisnadey/apps/flutter_full_svg_support/test/golden_comparison/golden_comparison_test.dart: Golden Comparison Tests Golden: dart matches browser render                     00:41 +2769 ~1 -2: /Users/denisnadey/apps/flutter_full_svg_support/test/golden_comparison/golden_comparison_test.dart: Golden Comparison Tests Golden: dart matches browser render                     00:41 +2769 ~1 -2: /Users/denisnadey/apps/flutter_full_svg_support/test/animation/use_symbol_advanced_test.dart: Advanced Use/Symbol Inheritance Tests Shadow DOM-like Inheritance use element presentation attr applies when ref has no explicit value
Image size: 800x600
00:41 +2770 ~1 -2: /Users/denisnadey/apps/flutter_full_svg_support/test/golden_comparison/golden_comparison_test.dart: Golden Comparison Tests Golden: dart matches browser render                     00:41 +2771 ~1 -2: /Users/denisnadey/apps/flutter_full_svg_support/test/golden_comparison/golden_comparison_test.dart: Golden Comparison Tests Golden: dart matches browser render                     00:41 +2772 ~1 -2: /Users/denisnadey/apps/flutter_full_svg_support/test/golden_comparison/golden_comparison_test.dart: Golden Comparison Tests Golden: dart matches browser render                     00:41 +2773 ~1 -2: /Users/denisnadey/apps/flutter_full_svg_support/test/golden_comparison/golden_comparison_test.dart: Golden Comparison Tests Golden: dart matches browser render                     00:41 +2774 ~1 -2: /Users/denisnadey/apps/flutter_full_svg_support/test/golden_comparison/golden_comparison_test.dart: Golden Comparison Tests Golden: dart matches browser render                     00:41 +2775 ~1 -2: /Users/denisnadey/apps/flutter_full_svg_support/test/golden_comparison/golden_comparison_test.dart: Golden Comparison Tests Golden: dart matches browser render                     00:41 +2776 ~1 -2: /Users/denisnadey/apps/flutter_full_svg_support/test/golden_comparison/golden_comparison_test.dart: Golden Comparison Tests Golden: dart matches browser render                     00:41 +2777 ~1 -2: /Users/denisnadey/apps/flutter_full_svg_support/test/golden_comparison/golden_comparison_test.dart: Golden Comparison Tests Golden: dart matches browser render                     00:41 +2778 ~1 -2: /Users/denisnadey/apps/flutter_full_svg_support/test/golden_comparison/golden_comparison_test.dart: Golden Comparison Tests Golden: dart matches browser render                     00:41 +2779 ~1 -2: /Users/denisnadey/apps/flutter_full_svg_support/test/golden_comparison/golden_comparison_test.dart: Golden Comparison Tests Golden: dart matches browser render                     00:41 +2780 ~1 -2: /Users/denisnadey/apps/flutter_full_svg_support/test/golden_comparison/golden_comparison_test.dart: Golden Comparison Tests Golden: dart matches browser render                     00:41 +2781 ~1 -2: /Users/denisnadey/apps/flutter_full_svg_support/test/golden_comparison/golden_comparison_test.dart: Golden Comparison Tests Golden: dart matches browser render                     00:41 +2781 ~1 -2: /Users/denisnadey/apps/flutter_full_svg_support/test/animation/use_symbol_advanced_test.dart: Advanced Use/Symbol Inheritance Tests Shadow DOM-like Inheritance referenced element pres attr overrides use pres attr
Image size: 800x600
00:41 +2782 ~1 -2: /Users/denisnadey/apps/flutter_full_svg_support/test/golden_comparison/golden_comparison_test.dart: Golden Comparison Tests Golden: dart matches browser render                     00:41 +2783 ~1 -2: /Users/denisnadey/apps/flutter_full_svg_support/test/golden_comparison/golden_comparison_test.dart: Golden Comparison Tests Golden: dart matches browser render                     00:41 +2784 ~1 -2: /Users/denisnadey/apps/flutter_full_svg_support/test/golden_comparison/golden_comparison_test.dart: Golden Comparison Tests Golden: dart matches browser render                     00:41 +2784 ~1 -2: /Users/denisnadey/apps/flutter_full_svg_support/test/animation/use_symbol_advanced_test.dart: Advanced Use/Symbol Inheritance Tests Shadow DOM-like Inheritance inherited style from use parent cascades through boundary
Image size: 800x600
00:41 +2785 ~1 -2: /Users/denisnadey/apps/flutter_full_svg_support/test/golden_comparison/golden_comparison_test.dart: Golden Comparison Tests Golden: dart matches browser render                     00:41 +2786 ~1 -2: /Users/denisnadey/apps/flutter_full_svg_support/test/golden_comparison/golden_comparison_test.dart: Golden Comparison Tests Golden: dart matches browser render                     00:41 +2787 ~1 -2: /Users/denisnadey/apps/flutter_full_svg_support/test/golden_comparison/golden_comparison_test.dart: Golden Comparison Tests Golden: dart matches browser render                     00:41 +2787 ~1 -2: /Users/denisnadey/apps/flutter_full_svg_support/test/animation/use_symbol_advanced_test.dart: Advanced Use/Symbol Inheritance Tests CSS Cascade Through Use References CSS class rule applies to element inside use-referenced content
Image size: 800x600
00:41 +2788 ~1 -2: /Users/denisnadey/apps/flutter_full_svg_support/test/golden_comparison/golden_comparison_test.dart: Golden Comparison Tests Golden: dart matches browser render                     00:41 +2788 ~1 -2: /Users/denisnadey/apps/flutter_full_svg_support/test/animation/use_symbol_advanced_test.dart: Advanced Use/Symbol Inheritance Tests CSS Cascade Through Use References CSS ID selector matches element inside use-referenced content
Image size: 800x600
00:41 +2789 ~1 -2: /Users/denisnadey/apps/flutter_full_svg_support/test/golden_comparison/golden_comparison_test.dart: Golden Comparison Tests Golden: dart matches browser render                     00:41 +2790 ~1 -2: /Users/denisnadey/apps/flutter_full_svg_support/test/golden_comparison/golden_comparison_test.dart: Golden Comparison Tests Golden: dart matches browser render                     00:41 +2790 ~1 -2: /Users/denisnadey/apps/flutter_full_svg_support/test/animation/use_symbol_advanced_test.dart: Advanced Use/Symbol Inheritance Tests CSS Cascade Through Use References CSS descendant selector works within use-referenced content
Image size: 800x600
00:41 +2791 ~1 -2: /Users/denisnadey/apps/flutter_full_svg_support/test/golden_comparison/golden_comparison_test.dart: Golden Comparison Tests Golden: dart matches browser render                     00:41 +2791 ~1 -2: /Users/denisnadey/apps/flutter_full_svg_support/test/animation/use_symbol_advanced_test.dart: Advanced Use/Symbol Inheritance Tests Animation Inheritance Through Symbol References animated element in symbol renders with use transform context
Image size: 800x600
00:41 +2792 ~1 -2: /Users/denisnadey/apps/flutter_full_svg_support/test/golden_comparison/golden_comparison_test.dart: Golden Comparison Tests Golden: dart matches browser render                     00:41 +2792 ~1 -2: /Users/denisnadey/apps/flutter_full_svg_support/test/animation/use_symbol_advanced_test.dart: Advanced Use/Symbol Inheritance Tests Animation Inheritance Through Symbol References multiple uses of animated symbol maintain independent positions
Image size: 800x600
00:41 +2793 ~1 -2: /Users/denisnadey/apps/flutter_full_svg_support/test/golden_comparison/golden_comparison_test.dart: Golden Comparison Tests Golden: dart matches browser render                     00:41 +2793 ~1 -2: /Users/denisnadey/apps/flutter_full_svg_support/test/animation/use_symbol_advanced_test.dart: Advanced Use/Symbol Inheritance Tests Nested Use Support double-nested use references resolve correctly
Image size: 800x600
00:41 +2794 ~1 -2: /Users/denisnadey/apps/flutter_full_svg_support/test/golden_comparison/golden_comparison_test.dart: Golden Comparison Tests Golden: dart matches browser render                     00:41 +2794 ~1 -2: /Users/denisnadey/apps/flutter_full_svg_support/test/animation/use_symbol_advanced_test.dart: Advanced Use/Symbol Inheritance Tests Nested Use Support use referencing group containing use works correctly
Image size: 800x600
00:41 +2795 ~1 -2: /Users/denisnadey/apps/flutter_full_svg_support/test/golden_comparison/golden_comparison_test.dart: Golden Comparison Tests Golden: dart matches browser render                     00:41 +2796 ~1 -2: /Users/denisnadey/apps/flutter_full_svg_support/test/golden_comparison/golden_comparison_test.dart: Golden Comparison Tests Golden: dart matches browser render                     00:41 +2797 ~1 -2: /Users/denisnadey/apps/flutter_full_svg_support/test/golden_comparison/golden_comparison_test.dart: Golden Comparison Tests Golden: dart matches browser render                     00:41 +2798 ~1 -2: /Users/denisnadey/apps/flutter_full_svg_support/test/golden_comparison/golden_comparison_test.dart: Golden Comparison Tests Golden: dart matches browser render                     00:41 +2799 ~1 -2: /Users/denisnadey/apps/flutter_full_svg_support/test/golden_comparison/golden_comparison_test.dart: Golden Comparison Tests Golden: dart matches browser render                     00:41 +2800 ~1 -2: /Users/denisnadey/apps/flutter_full_svg_support/test/golden_comparison/golden_comparison_test.dart: Golden Comparison Tests Golden: dart matches browser render                     00:41 +2800 ~1 -2: /Users/denisnadey/apps/flutter_full_svg_support/test/animation/use_symbol_advanced_test.dart: Advanced Use/Symbol Inheritance Tests ID Namespace Collision Handling multiple uses of symbol with internal clip-path work correctly
Image size: 800x600
00:41 +2801 ~1 -2: /Users/denisnadey/apps/flutter_full_svg_support/test/golden_comparison/golden_comparison_test.dart: Golden Comparison Tests Golden: dart matches browser render                     00:41 +2802 ~1 -2: /Users/denisnadey/apps/flutter_full_svg_support/test/golden_comparison/golden_comparison_test.dart: Golden Comparison Tests Golden: dart matches browser render                     00:41 +2803 ~1 -2: /Users/denisnadey/apps/flutter_full_svg_support/test/golden_comparison/golden_comparison_test.dart: Golden Comparison Tests Golden: dart matches browser render                     00:41 +2804 ~1 -2: /Users/denisnadey/apps/flutter_full_svg_support/test/golden_comparison/golden_comparison_test.dart: Golden Comparison Tests Golden: dart matches browser render                     00:41 +2804 ~1 -2: /Users/denisnadey/apps/flutter_full_svg_support/test/animation/use_symbol_advanced_test.dart: Advanced Use/Symbol Inheritance Tests Edge Cases use element without href is handled gracefully
Image size: 800x600
00:41 +2805 ~1 -2: /Users/denisnadey/apps/flutter_full_svg_support/test/golden_comparison/golden_comparison_test.dart: Golden Comparison Tests Golden: dart matches browser render                     00:41 +2805 ~1 -2: /Users/denisnadey/apps/flutter_full_svg_support/test/animation/use_symbol_advanced_test.dart: Advanced Use/Symbol Inheritance Tests Edge Cases use element referencing non-existent ID is handled gracefully
Image size: 800x600
00:41 +2806 ~1 -2: /Users/denisnadey/apps/flutter_full_svg_support/test/golden_comparison/golden_comparison_test.dart: Golden Comparison Tests Golden: dart matches browser render                     00:41 +2807 ~1 -2: /Users/denisnadey/apps/flutter_full_svg_support/test/golden_comparison/golden_comparison_test.dart: Golden Comparison Tests Golden: dart matches browser render                     00:41 +2808 ~1 -2: /Users/denisnadey/apps/flutter_full_svg_support/test/golden_comparison/golden_comparison_test.dart: Golden Comparison Tests Golden: dart matches browser render                     00:41 +2808 ~1 -2: /Users/denisnadey/apps/flutter_full_svg_support/test/animation/use_symbol_advanced_test.dart: Advanced Use/Symbol Inheritance Tests Edge Cases empty symbol handles gracefully      
Image size: 800x600
00:41 +2809 ~1 -2: /Users/denisnadey/apps/flutter_full_svg_support/test/golden_comparison/golden_comparison_test.dart: Golden Comparison Tests Golden: dart matches browser render                     00:42 +2809 ~1 -2: /Users/denisnadey/apps/flutter_full_svg_support/test/golden_comparison/golden_comparison_test.dart: Golden Comparison Tests Golden: dart matches browser render                     00:42 +2810 ~1 -2: /Users/denisnadey/apps/flutter_full_svg_support/test/golden_comparison/golden_comparison_test.dart: Golden Comparison Tests Golden: dart matches browser render                     00:42 +2811 ~1 -2: /Users/denisnadey/apps/flutter_full_svg_support/test/golden_comparison/golden_comparison_test.dart: Golden Comparison Tests Golden: dart matches browser render                     00:42 +2812 ~1 -2: /Users/denisnadey/apps/flutter_full_svg_support/test/golden_comparison/golden_comparison_test.dart: Golden Comparison Tests Golden: dart matches browser render                     00:42 +2813 ~1 -2: /Users/denisnadey/apps/flutter_full_svg_support/test/golden_comparison/golden_comparison_test.dart: Golden Comparison Tests Golden: dart matches browser render                     00:42 +2814 ~1 -2: /Users/denisnadey/apps/flutter_full_svg_support/test/golden_comparison/golden_comparison_test.dart: Golden Comparison Tests Golden: dart matches browser render                     00:42 +2815 ~1 -2: /Users/denisnadey/apps/flutter_full_svg_support/test/golden_comparison/golden_comparison_test.dart: Golden Comparison Tests Golden: dart matches browser render                     00:42 +2816 ~1 -2: /Users/denisnadey/apps/flutter_full_svg_support/test/golden_comparison/golden_comparison_test.dart: Golden Comparison Tests Golden: dart matches browser render                     00:42 +2817 ~1 -2: /Users/denisnadey/apps/flutter_full_svg_support/test/golden_comparison/golden_comparison_test.dart: Golden Comparison Tests Golden: dart matches browser render                     00:42 +2818 ~1 -2: /Users/denisnadey/apps/flutter_full_svg_support/test/golden_comparison/golden_comparison_test.dart: Golden Comparison Tests Golden: dart matches browser render                     00:42 +2819 ~1 -2: /Users/denisnadey/apps/flutter_full_svg_support/test/golden_comparison/golden_comparison_test.dart: Golden Comparison Tests Golden: dart matches browser render                     00:42 +2820 ~1 -2: /Users/denisnadey/apps/flutter_full_svg_support/test/golden_comparison/golden_comparison_test.dart: Golden Comparison Tests Golden: dart matches browser render                     00:42 +2821 ~1 -2: /Users/denisnadey/apps/flutter_full_svg_support/test/golden_comparison/golden_comparison_test.dart: Golden Comparison Tests Golden: dart matches browser render                     00:42 +2822 ~1 -2: /Users/denisnadey/apps/flutter_full_svg_support/test/golden_comparison/golden_comparison_test.dart: Golden Comparison Tests Golden: dart matches browser render                     00:42 +2823 ~1 -2: /Users/denisnadey/apps/flutter_full_svg_support/test/golden_comparison/golden_comparison_test.dart: Golden Comparison Tests Golden: dart matches browser render                     00:42 +2824 ~1 -2: /Users/denisnadey/apps/flutter_full_svg_support/test/golden_comparison/golden_comparison_test.dart: Golden Comparison Tests Golden: dart matches browser render                     00:42 +2825 ~1 -2: /Users/denisnadey/apps/flutter_full_svg_support/test/golden_comparison/golden_comparison_test.dart: Golden Comparison Tests Golden: dart matches browser render                     00:42 +2826 ~1 -2: /Users/denisnadey/apps/flutter_full_svg_support/test/golden_comparison/golden_comparison_test.dart: Golden Comparison Tests Golden: dart matches browser render                     00:42 +2827 ~1 -2: /Users/denisnadey/apps/flutter_full_svg_support/test/golden_comparison/golden_comparison_test.dart: Golden Comparison Tests Golden: dart matches browser render                     00:42 +2828 ~1 -2: /Users/denisnadey/apps/flutter_full_svg_support/test/golden_comparison/golden_comparison_test.dart: Golden Comparison Tests Golden: dart matches browser render                     00:42 +2829 ~1 -2: /Users/denisnadey/apps/flutter_full_svg_support/test/golden_comparison/golden_comparison_test.dart: Golden Comparison Tests Golden: dart matches browser render                     00:42 +2829 ~1 -2: /Users/denisnadey/apps/flutter_full_svg_support/test/animation/advanced_clip_path_test.dart: Advanced ClipPath Semantics 1. Multiple cascading clipPaths with intersection          
Image size: 800x600
00:42 +2830 ~1 -2: /Users/denisnadey/apps/flutter_full_svg_support/test/golden_comparison/golden_comparison_test.dart: Golden Comparison Tests Golden: dart matches browser render                     00:42 +2830 ~1 -2: /Users/denisnadey/apps/flutter_full_svg_support/test/animation/advanced_clip_path_test.dart: Advanced ClipPath Semantics 2. Circle element as clipPath child                        
Image size: 800x600
00:42 +2831 ~1 -2: /Users/denisnadey/apps/flutter_full_svg_support/test/golden_comparison/golden_comparison_test.dart: Golden Comparison Tests Golden: dart matches browser render                     00:42 +2831 ~1 -2: /Users/denisnadey/apps/flutter_full_svg_support/test/animation/controller_test.dart: AnimatedSvgController controller integrates with AnimatedSvgPicture                            
Image size: 800x600
Image size: 800x600
00:42 +2831 ~1 -2: /Users/denisnadey/apps/flutter_full_svg_support/test/animation/advanced_clip_path_test.dart: Advanced ClipPath Semantics 3. Ellipse element as clipPath child                       
Image size: 800x600
00:42 +2831 ~1 -2: /Users/denisnadey/apps/flutter_full_svg_support/test/animation/controller_test.dart: AnimatedSvgController controller integrates with AnimatedSvgPicture                            
Controller integration test:
  Centroid before seek: Offset(354.5, 249.5)
  Centroid after seek: Offset(399.5, 249.5)
  Delta X: 45.0
00:42 +2832 ~1 -2: /Users/denisnadey/apps/flutter_full_svg_support/test/golden_comparison/golden_comparison_test.dart: Golden Comparison Tests Golden: dart matches browser render                     00:42 +2832 ~1 -2: /Users/denisnadey/apps/flutter_full_svg_support/test/animation/advanced_clip_path_test.dart: Advanced ClipPath Semantics 4. Polygon element as clipPath child                       
Image size: 800x600
00:42 +2833 ~1 -2: /Users/denisnadey/apps/flutter_full_svg_support/test/golden_comparison/golden_comparison_test.dart: Golden Comparison Tests Golden: dart matches browser render                     00:42 +2834 ~1 -2: /Users/denisnadey/apps/flutter_full_svg_support/test/golden_comparison/golden_comparison_test.dart: Golden Comparison Tests Golden: dart matches browser render                     00:42 +2834 ~1 -2: /Users/denisnadey/apps/flutter_full_svg_support/test/animation/controller_test.dart: AnimatedSvgController controller pause stops animation                                         
Image size: 800x600
Image size: 800x600
00:42 +2834 ~1 -2: /Users/denisnadey/apps/flutter_full_svg_support/test/animation/advanced_clip_path_test.dart: Advanced ClipPath Semantics 5. Polyline element as clipPath child                      
Image size: 800x600
00:42 +2834 ~1 -2: /Users/denisnadey/apps/flutter_full_svg_support/test/animation/controller_test.dart: AnimatedSvgController controller pause stops animation                                         
Pause test:
  Centroid before pause wait: Offset(354.5, 249.5)
  Centroid after pause wait: Offset(354.5, 249.5)
00:42 +2835 ~1 -2: /Users/denisnadey/apps/flutter_full_svg_support/test/golden_comparison/golden_comparison_test.dart: Golden Comparison Tests Golden: dart matches browser render                     00:42 +2836 ~1 -2: /Users/denisnadey/apps/flutter_full_svg_support/test/golden_comparison/golden_comparison_test.dart: Golden Comparison Tests Golden: dart matches browser render                     00:42 +2836 ~1 -2: /Users/denisnadey/apps/flutter_full_svg_support/test/animation/controller_test.dart: AnimatedSvgController controller playbackRate changes speed                                    
Image size: 800x600
00:42 +2837 ~1 -2: /Users/denisnadey/apps/flutter_full_svg_support/test/golden_comparison/golden_comparison_test.dart: Golden Comparison Tests Golden: dart matches browser render                     00:42 +2837 ~1 -2: /Users/denisnadey/apps/flutter_full_svg_support/test/animation/controller_test.dart: AnimatedSvgController controller playbackRate changes speed                                    
Image size: 800x600
Playback rate test:
  Centroid start: Offset(349.5, 249.5)
  Centroid after 250ms at 2x: Offset(362.0, 249.5)
  Delta X: 12.5
00:42 +2838 ~1 -2: /Users/denisnadey/apps/flutter_full_svg_support/test/golden_comparison/golden_comparison_test.dart: Golden Comparison Tests Golden: dart matches browser render                     00:42 +2838 ~1 -2: /Users/denisnadey/apps/flutter_full_svg_support/test/animation/advanced_clip_path_test.dart: Advanced ClipPath Semantics 7. clipPathUnits userSpaceOnUse with transformed element   
Image size: 800x600
00:42 +2839 ~1 -2: /Users/denisnadey/apps/flutter_full_svg_support/test/golden_comparison/golden_comparison_test.dart: Golden Comparison Tests Golden: dart matches browser render                     00:42 +2839 ~1 -2: /Users/denisnadey/apps/flutter_full_svg_support/test/animation/controller_test.dart: AnimatedSvgController controller reverse changes playback direction                            
Image size: 800x600
00:42 +2840 ~1 -2: /Users/denisnadey/apps/flutter_full_svg_support/test/golden_comparison/golden_comparison_test.dart: Golden Comparison Tests Golden: dart matches browser render                     00:42 +2840 ~1 -2: /Users/denisnadey/apps/flutter_full_svg_support/test/animation/controller_test.dart: AnimatedSvgController controller reverse changes playback direction                            
Image size: 800x600
00:42 +2841 ~1 -2: /Users/denisnadey/apps/flutter_full_svg_support/test/golden_comparison/golden_comparison_test.dart: Golden Comparison Tests Golden: dart matches browser render                     00:42 +2842 ~1 -2: /Users/denisnadey/apps/flutter_full_svg_support/test/golden_comparison/golden_comparison_test.dart: Golden Comparison Tests Golden: dart matches browser render                     00:42 +2842 ~1 -2: /Users/denisnadey/apps/flutter_full_svg_support/test/animation/advanced_clip_path_test.dart: Advanced ClipPath Semantics 8. clipPathUnits objectBoundingBox with ellipse            
Image size: 800x600
00:42 +2843 ~1 -2: /Users/denisnadey/apps/flutter_full_svg_support/test/golden_comparison/golden_comparison_test.dart: Golden Comparison Tests Golden: dart matches browser render                     00:42 +2844 ~1 -2: /Users/denisnadey/apps/flutter_full_svg_support/test/golden_comparison/golden_comparison_test.dart: Golden Comparison Tests Golden: dart matches browser render                     00:42 +2845 ~1 -2: /Users/denisnadey/apps/flutter_full_svg_support/test/golden_comparison/golden_comparison_test.dart: Golden Comparison Tests Golden: dart matches browser render                     00:42 +2846 ~1 -2: /Users/denisnadey/apps/flutter_full_svg_support/test/golden_comparison/golden_comparison_test.dart: Golden Comparison Tests Golden: dart matches browser render                     00:42 +2846 ~1 -2: /Users/denisnadey/apps/flutter_full_svg_support/test/animation/advanced_clip_path_test.dart: Advanced ClipPath Semantics 9. Transform on clipPath element                           
Image size: 800x600
00:42 +2847 ~1 -2: /Users/denisnadey/apps/flutter_full_svg_support/test/golden_comparison/golden_comparison_test.dart: Golden Comparison Tests Golden: dart matches browser render                     00:42 +2848 ~1 -2: /Users/denisnadey/apps/flutter_full_svg_support/test/golden_comparison/golden_comparison_test.dart: Golden Comparison Tests Golden: dart matches browser render                     00:42 +2849 ~1 -2: /Users/denisnadey/apps/flutter_full_svg_support/test/golden_comparison/golden_comparison_test.dart: Golden Comparison Tests Golden: dart matches browser render                     00:42 +2849 ~1 -2: /Users/denisnadey/apps/flutter_full_svg_support/test/animation/advanced_clip_path_test.dart: Advanced ClipPath Semantics 10. Nested transforms within clipPath content              
Image size: 800x600
00:42 +2850 ~1 -2: /Users/denisnadey/apps/flutter_full_svg_support/test/golden_comparison/golden_comparison_test.dart: Golden Comparison Tests Golden: dart matches browser render                     00:42 +2851 ~1 -2: /Users/denisnadey/apps/flutter_full_svg_support/test/golden_comparison/golden_comparison_test.dart: Golden Comparison Tests Golden: dart matches browser render                     00:42 +2852 ~1 -2: /Users/denisnadey/apps/flutter_full_svg_support/test/golden_comparison/golden_comparison_test.dart: Golden Comparison Tests Golden: dart matches browser render                     00:42 +2853 ~1 -2: /Users/denisnadey/apps/flutter_full_svg_support/test/golden_comparison/golden_comparison_test.dart: Golden Comparison Tests Golden: dart matches browser render                     00:42 +2854 ~1 -2: /Users/denisnadey/apps/flutter_full_svg_support/test/golden_comparison/golden_comparison_test.dart: Golden Comparison Tests Golden: dart matches browser render                     00:42 +2854 ~1 -2: /Users/denisnadey/apps/flutter_full_svg_support/test/animation/advanced_clip_path_test.dart: Advanced ClipPath Semantics 14. viewBox interaction with clipPath                      
Image size: 800x600
00:42 +2855 ~1 -2: /Users/denisnadey/apps/flutter_full_svg_support/test/golden_comparison/golden_comparison_test.dart: Golden Comparison Tests Golden: dart matches browser render                     00:42 +2855 ~1 -2: /Users/denisnadey/apps/flutter_full_svg_support/test/animation/advanced_clip_path_test.dart: Advanced ClipPath Semantics 15. Use element in clipPath referencing symbol             
Image size: 800x600
00:42 +2855 ~1 -2: /Users/denisnadey/apps/flutter_full_svg_support/test/golden_comparison/golden_comparison_test.dart: Golden Comparison Tests Golden: dart matches browser render                     00:42 +2856 ~1 -2: /Users/denisnadey/apps/flutter_full_svg_support/test/golden_comparison/golden_comparison_test.dart: Golden Comparison Tests Golden: dart matches browser render                     00:43 +2856 ~1 -2: /Users/denisnadey/apps/flutter_full_svg_support/test/golden_comparison/golden_comparison_test.dart: Golden Comparison Tests Golden: dart matches browser render                     00:43 +2856 ~1 -2: /Users/denisnadey/apps/flutter_full_svg_support/test/animation/hit_test_edge_cases_test.dart: Hit-Testing Edge Cases Nested ClipPath clipPath referencing another clipPath respects both
Image size: 800x600
Image size: 800x600
00:43 +2857 ~1 -2: /Users/denisnadey/apps/flutter_full_svg_support/test/golden_comparison/golden_comparison_test.dart: Golden Comparison Tests Golden: dart matches browser render                     00:43 +2857 ~1 -2: /Users/denisnadey/apps/flutter_full_svg_support/test/animation/hit_test_edge_cases_test.dart: Hit-Testing Edge Cases Nested ClipPath clipPath with transform affects hit region     
Image size: 800x600
Image size: 800x600
00:43 +2858 ~1 -2: /Users/denisnadey/apps/flutter_full_svg_support/test/golden_comparison/golden_comparison_test.dart: Golden Comparison Tests Golden: dart matches browser render                     00:43 +2858 ~1 -2: /Users/denisnadey/apps/flutter_full_svg_support/test/animation/hit_test_edge_cases_test.dart: Hit-Testing Edge Cases Mask Gradient Alpha mask with transparent gradient stops excludes from hit
Image size: 800x600
Image size: 800x600
00:43 +2859 ~1 -2: /Users/denisnadey/apps/flutter_full_svg_support/test/golden_comparison/golden_comparison_test.dart: Golden Comparison Tests Golden: dart matches browser render                     00:43 +2859 ~2 -2: /Users/denisnadey/apps/flutter_full_svg_support/test/golden_comparison/golden_comparison_test.dart: Golden Comparison Tests Golden: dart matches browser render                     00:43 +2860 ~2 -2: /Users/denisnadey/apps/flutter_full_svg_support/test/golden_comparison/golden_comparison_test.dart: Golden Comparison Tests Golden: dart matches browser render                     00:43 +2861 ~2 -2: /Users/denisnadey/apps/flutter_full_svg_support/test/golden_comparison/golden_comparison_test.dart: Golden Comparison Tests Golden: dart matches browser render                     00:43 +2861 ~2 -2: /Users/denisnadey/apps/flutter_full_svg_support/test/animation/hit_test_edge_cases_test.dart: Hit-Testing Edge Cases Use Element Boundary pointer-events:none on use element blocks hit
Image size: 800x600
Image size: 800x600
00:43 +2862 ~2 -2: /Users/denisnadey/apps/flutter_full_svg_support/test/golden_comparison/golden_comparison_test.dart: Golden Comparison Tests Golden: dart matches browser render                     00:43 +2863 ~2 -2: /Users/denisnadey/apps/flutter_full_svg_support/test/golden_comparison/golden_comparison_test.dart: Golden Comparison Tests Golden: dart matches browser render                     00:43 +2864 ~2 -2: /Users/denisnadey/apps/flutter_full_svg_support/test/golden_comparison/golden_comparison_test.dart: Golden Comparison Tests Golden: dart matches browser render                     00:43 +2864 ~2 -2: /Users/denisnadey/apps/flutter_full_svg_support/test/animation/hit_test_edge_cases_test.dart: Hit-Testing Edge Cases Transform Combinations transform-origin affects hit region     
Image size: 800x600
Image size: 800x600
00:43 +2865 ~2 -2: /Users/denisnadey/apps/flutter_full_svg_support/test/golden_comparison/golden_comparison_test.dart: Golden Comparison Tests Golden: dart matches browser render                     00:43 +2866 ~2 -2: /Users/denisnadey/apps/flutter_full_svg_support/test/golden_comparison/golden_comparison_test.dart: Golden Comparison Tests Golden: dart matches browser render                     00:43 +2867 ~2 -2: /Users/denisnadey/apps/flutter_full_svg_support/test/golden_comparison/golden_comparison_test.dart: Golden Comparison Tests Golden: dart matches browser render                     00:43 +2867 ~2 -2: /Users/denisnadey/apps/flutter_full_svg_support/test/animation/hit_test_edge_cases_test.dart: Hit-Testing Edge Cases Transform Combinations skewX transform affects hit region      
Image size: 800x600
00:43 +2868 ~2 -2: /Users/denisnadey/apps/flutter_full_svg_support/test/golden_comparison/golden_comparison_test.dart: Golden Comparison Tests Golden: dart matches browser render                     00:43 +2868 ~2 -2: /Users/denisnadey/apps/flutter_full_svg_support/test/animation/hit_test_edge_cases_test.dart: Hit-Testing Edge Cases Transform Combinations skewX transform affects hit region      
Image size: 800x600
00:43 +2869 ~2 -2: /Users/denisnadey/apps/flutter_full_svg_support/test/golden_comparison/golden_comparison_test.dart: Golden Comparison Tests Golden: dart matches browser render                     00:43 +2870 ~2 -2: /Users/denisnadey/apps/flutter_full_svg_support/test/golden_comparison/golden_comparison_test.dart: Golden Comparison Tests Golden: dart matches browser render                     00:43 +2871 ~2 -2: /Users/denisnadey/apps/flutter_full_svg_support/test/golden_comparison/golden_comparison_test.dart: Golden Comparison Tests Golden: dart matches browser render                     00:43 +2872 ~2 -2: /Users/denisnadey/apps/flutter_full_svg_support/test/golden_comparison/golden_comparison_test.dart: Golden Comparison Tests Golden: dart matches browser render                     00:43 +2873 ~2 -2: /Users/denisnadey/apps/flutter_full_svg_support/test/golden_comparison/golden_comparison_test.dart: Golden Comparison Tests Golden: dart matches browser render                     00:43 +2874 ~2 -2: /Users/denisnadey/apps/flutter_full_svg_support/test/golden_comparison/golden_comparison_test.dart: Golden Comparison Tests Golden: dart matches browser render                     00:43 +2875 ~2 -2: /Users/denisnadey/apps/flutter_full_svg_support/test/golden_comparison/golden_comparison_test.dart: Golden Comparison Tests Golden: dart matches browser render                     00:43 +2876 ~2 -2: /Users/denisnadey/apps/flutter_full_svg_support/test/golden_comparison/golden_comparison_test.dart: Golden Comparison Tests Golden: dart matches browser render                     00:43 +2877 ~2 -2: /Users/denisnadey/apps/flutter_full_svg_support/test/golden_comparison/golden_comparison_test.dart: Golden Comparison Tests Golden: dart matches browser render                     00:43 +2878 ~2 -2: /Users/denisnadey/apps/flutter_full_svg_support/test/golden_comparison/golden_comparison_test.dart: Golden Comparison Tests Golden: dart matches browser render                     00:43 +2878 ~2 -2: /Users/denisnadey/apps/flutter_full_svg_support/test/animation/hit_test_edge_cases_test.dart: Hit-Testing Edge Cases Pointer-Events Semantics visibleFill requires fill to be visible
Image size: 800x600
Image size: 800x600
00:43 +2878 ~2 -2: /Users/denisnadey/apps/flutter_full_svg_support/test/animation/advanced_use_inheritance_test.dart: Advanced Use/Symbol Inheritance Tests CSS Cascade Through Use Boundary !important on use element overrides when element has no value
Image size: 800x600
00:43 +2879 ~2 -2: /Users/denisnadey/apps/flutter_full_svg_support/test/golden_comparison/golden_comparison_test.dart: Golden Comparison Tests Golden: dart matches browser render                     00:43 +2879 ~2 -2: /Users/denisnadey/apps/flutter_full_svg_support/test/animation/hit_test_edge_cases_test.dart: Hit-Testing Edge Cases Pointer-Events Semantics visibleStroke requires stroke to be visible
Image size: 800x600
Image size: 800x600
00:43 +2880 ~2 -2: /Users/denisnadey/apps/flutter_full_svg_support/test/golden_comparison/golden_comparison_test.dart: Golden Comparison Tests Golden: dart matches browser render                     00:43 +2881 ~2 -2: /Users/denisnadey/apps/flutter_full_svg_support/test/golden_comparison/golden_comparison_test.dart: Golden Comparison Tests Golden: dart matches browser render                     00:43 +2881 ~2 -2: /Users/denisnadey/apps/flutter_full_svg_support/test/animation/advanced_use_inheritance_test.dart: Advanced Use/Symbol Inheritance Tests CSS Cascade Through Use Boundary CSS rule with !important overrides use presentation attr
Image size: 800x600
00:43 +2881 ~2 -2: /Users/denisnadey/apps/flutter_full_svg_support/test/animation/hit_test_edge_cases_test.dart: Hit-Testing Edge Cases Pointer-Events Semantics bounding-box mode uses element bounds 
Image size: 800x600
00:43 +2882 ~2 -2: /Users/denisnadey/apps/flutter_full_svg_support/test/golden_comparison/golden_comparison_test.dart: Golden Comparison Tests Golden: dart matches browser render                     00:43 +2882 ~2 -2: /Users/denisnadey/apps/flutter_full_svg_support/test/animation/hit_test_edge_cases_test.dart: Hit-Testing Edge Cases Pointer-Events Semantics bounding-box mode uses element bounds 
Image size: 800x600
00:43 +2883 ~2 -2: /Users/denisnadey/apps/flutter_full_svg_support/test/golden_comparison/golden_comparison_test.dart: Golden Comparison Tests Golden: dart matches browser render                     00:43 +2883 ~2 -2: /Users/denisnadey/apps/flutter_full_svg_support/test/animation/advanced_use_inheritance_test.dart: Advanced Use/Symbol Inheritance Tests CSS Cascade Through Use Boundary inheritable properties flow through use boundary
Image size: 800x600
00:43 +2884 ~2 -2: /Users/denisnadey/apps/flutter_full_svg_support/test/golden_comparison/golden_comparison_test.dart: Golden Comparison Tests Golden: dart matches browser render                     00:43 +2884 ~2 -2: /Users/denisnadey/apps/flutter_full_svg_support/test/animation/hit_test_edge_cases_test.dart: Hit-Testing Edge Cases ClipPathUnits objectBoundingBox objectBoundingBox units transform clipPath correctly
Image size: 800x600
Image size: 800x600
00:43 +2885 ~2 -2: /Users/denisnadey/apps/flutter_full_svg_support/test/golden_comparison/golden_comparison_test.dart: Golden Comparison Tests Golden: dart matches browser render                     00:43 +2886 ~2 -2: /Users/denisnadey/apps/flutter_full_svg_support/test/golden_comparison/golden_comparison_test.dart: Golden Comparison Tests Golden: dart matches browser render                     00:43 +2886 ~2 -2: /Users/denisnadey/apps/flutter_full_svg_support/test/animation/hit_test_edge_cases_test.dart: Hit-Testing Edge Cases Mask ContentUnits maskContentUnits objectBoundingBox transforms mask
Image size: 800x600
00:43 +2886 ~2 -2: /Users/denisnadey/apps/flutter_full_svg_support/test/animation/advanced_use_inheritance_test.dart: Advanced Use/Symbol Inheritance Tests Nested Use Coordinate Transforms nested use x/y offsets stack correctly
Image size: 800x600
00:43 +2886 ~2 -2: /Users/denisnadey/apps/flutter_full_svg_support/test/animation/hit_test_edge_cases_test.dart: Hit-Testing Edge Cases Mask ContentUnits maskContentUnits objectBoundingBox transforms mask
Image size: 800x600
00:43 +2887 ~2 -2: /Users/denisnadey/apps/flutter_full_svg_support/test/golden_comparison/golden_comparison_test.dart: Golden Comparison Tests Golden: dart matches browser render                     00:43 +2888 ~2 -2: /Users/denisnadey/apps/flutter_full_svg_support/test/golden_comparison/golden_comparison_test.dart: Golden Comparison Tests Golden: dart matches browser render                     00:43 +2888 ~2 -2: /Users/denisnadey/apps/flutter_full_svg_support/test/animation/advanced_use_inheritance_test.dart: Advanced Use/Symbol Inheritance Tests Nested Use Coordinate Transforms use -> symbol -> use -> symbol chain transforms correctly
Image size: 800x600
00:43 +2889 ~2 -2: /Users/denisnadey/apps/flutter_full_svg_support/test/golden_comparison/golden_comparison_test.dart: Golden Comparison Tests Golden: dart matches browser render                     00:43 +2889 ~2 -2: /Users/denisnadey/apps/flutter_full_svg_support/test/animation/advanced_use_inheritance_test.dart: Advanced Use/Symbol Inheritance Tests Nested Use Coordinate Transforms transform attribute on use applies before x/y
Image size: 800x600
00:43 +2890 ~2 -2: /Users/denisnadey/apps/flutter_full_svg_support/test/golden_comparison/golden_comparison_test.dart: Golden Comparison Tests Golden: dart matches browser render                     00:43 +2890 ~2 -2: /Users/denisnadey/apps/flutter_full_svg_support/test/animation/advanced_use_inheritance_test.dart: Advanced Use/Symbol Inheritance Tests Nested Use Coordinate Transforms deeply nested use (5 levels) renders correctly
Image size: 800x600
00:43 +2891 ~2 -2: /Users/denisnadey/apps/flutter_full_svg_support/test/golden_comparison/golden_comparison_test.dart: Golden Comparison Tests Golden: dart matches browser render                     00:43 +2892 ~2 -2: /Users/denisnadey/apps/flutter_full_svg_support/test/golden_comparison/golden_comparison_test.dart: Golden Comparison Tests Golden: dart matches browser render                     00:43 +2893 ~2 -2: /Users/denisnadey/apps/flutter_full_svg_support/test/golden_comparison/golden_comparison_test.dart: Golden Comparison Tests Golden: dart matches browser render                     00:43 +2893 ~2 -2: /Users/denisnadey/apps/flutter_full_svg_support/test/animation/advanced_use_inheritance_test.dart: Advanced Use/Symbol Inheritance Tests Use Within ClipPath and Mask use element inside clipPath clips content correctly
Image size: 800x600
00:43 +2894 ~2 -2: /Users/denisnadey/apps/flutter_full_svg_support/test/golden_comparison/golden_comparison_test.dart: Golden Comparison Tests Golden: dart matches browser render                     00:43 +2894 ~2 -2: /Users/denisnadey/apps/flutter_full_svg_support/test/animation/advanced_use_inheritance_test.dart: Advanced Use/Symbol Inheritance Tests Use Within ClipPath and Mask use with x/y offset inside clipPath applies offset
Image size: 800x600
00:43 +2895 ~2 -2: /Users/denisnadey/apps/flutter_full_svg_support/test/golden_comparison/golden_comparison_test.dart: Golden Comparison Tests Golden: dart matches browser render                     00:44 +2895 ~2 -2: /Users/denisnadey/apps/flutter_full_svg_support/test/golden_comparison/golden_comparison_test.dart: Golden Comparison Tests Golden: dart matches browser render                     00:44 +2896 ~2 -2: /Users/denisnadey/apps/flutter_full_svg_support/test/golden_comparison/golden_comparison_test.dart: Golden Comparison Tests Golden: dart matches browser render                     00:44 +2897 ~2 -2: /Users/denisnadey/apps/flutter_full_svg_support/test/golden_comparison/golden_comparison_test.dart: Golden Comparison Tests Golden: dart matches browser render                     00:44 +2897 ~2 -2: /Users/denisnadey/apps/flutter_full_svg_support/test/animation/advanced_use_inheritance_test.dart: Advanced Use/Symbol Inheritance Tests CSS Selector Matching in Use Context simple selectors work on referenced element
Image size: 800x600
00:44 +2898 ~2 -2: /Users/denisnadey/apps/flutter_full_svg_support/test/golden_comparison/golden_comparison_test.dart: Golden Comparison Tests Golden: dart matches browser render                     00:44 +2899 ~2 -2: /Users/denisnadey/apps/flutter_full_svg_support/test/golden_comparison/golden_comparison_test.dart: Golden Comparison Tests Golden: dart matches browser render                     00:44 +2900 ~2 -2: /Users/denisnadey/apps/flutter_full_svg_support/test/golden_comparison/golden_comparison_test.dart: Golden Comparison Tests Golden: dart matches browser render                     00:44 +2900 ~2 -2: /Users/denisnadey/apps/flutter_full_svg_support/test/animation/advanced_use_inheritance_test.dart: Advanced Use/Symbol Inheritance Tests CSS Selector Matching in Use Context ID selector matches referenced element
Image size: 800x600
00:44 +2901 ~2 -2: /Users/denisnadey/apps/flutter_full_svg_support/test/golden_comparison/golden_comparison_test.dart: Golden Comparison Tests Golden: dart matches browser render                     00:44 +2901 ~2 -2: /Users/denisnadey/apps/flutter_full_svg_support/test/animation/advanced_use_inheritance_test.dart: Advanced Use/Symbol Inheritance Tests CSS Selector Matching in Use Context class selector on referenced element works
Image size: 800x600
00:44 +2902 ~2 -2: /Users/denisnadey/apps/flutter_full_svg_support/test/golden_comparison/golden_comparison_test.dart: Golden Comparison Tests Golden: dart matches browser render                     00:44 +2903 ~2 -2: /Users/denisnadey/apps/flutter_full_svg_support/test/golden_comparison/golden_comparison_test.dart: Golden Comparison Tests Golden: dart matches browser render                     00:44 +2904 ~2 -2: /Users/denisnadey/apps/flutter_full_svg_support/test/golden_comparison/golden_comparison_test.dart: Golden Comparison Tests Golden: dart matches browser render                     00:44 +2905 ~2 -2: /Users/denisnadey/apps/flutter_full_svg_support/test/golden_comparison/golden_comparison_test.dart: Golden Comparison Tests Golden: dart matches browser render                     00:44 +2905 ~2 -2: /Users/denisnadey/apps/flutter_full_svg_support/test/animation/advanced_use_inheritance_test.dart: Advanced Use/Symbol Inheritance Tests Deep Nesting Edge Cases empty href is handled gracefully
Image size: 800x600
00:44 +2906 ~2 -2: /Users/denisnadey/apps/flutter_full_svg_support/test/golden_comparison/golden_comparison_test.dart: Golden Comparison Tests Golden: dart matches browser render                     00:44 +2907 ~2 -2: /Users/denisnadey/apps/flutter_full_svg_support/test/golden_comparison/golden_comparison_test.dart: Golden Comparison Tests Golden: dart matches browser render                     00:44 +2908 ~2 -2: /Users/denisnadey/apps/flutter_full_svg_support/test/golden_comparison/golden_comparison_test.dart: Golden Comparison Tests Golden: dart matches browser render                     00:44 +2909 ~2 -2: /Users/denisnadey/apps/flutter_full_svg_support/test/golden_comparison/golden_comparison_test.dart: Golden Comparison Tests Golden: dart matches browser render                     00:44 +2910 ~2 -2: /Users/denisnadey/apps/flutter_full_svg_support/test/golden_comparison/golden_comparison_test.dart: Golden Comparison Tests Golden: dart matches browser render                     00:44 +2911 ~2 -2: /Users/denisnadey/apps/flutter_full_svg_support/test/golden_comparison/golden_comparison_test.dart: Golden Comparison Tests Golden: dart matches browser render                     00:44 +2912 ~2 -2: /Users/denisnadey/apps/flutter_full_svg_support/test/golden_comparison/golden_comparison_test.dart: Golden Comparison Tests Golden: dart matches browser render                     00:44 +2913 ~2 -2: /Users/denisnadey/apps/flutter_full_svg_support/test/golden_comparison/golden_comparison_test.dart: Golden Comparison Tests Golden: dart matches browser render                     00:44 +2914 ~2 -2: /Users/denisnadey/apps/flutter_full_svg_support/test/golden_comparison/golden_comparison_test.dart: Golden Comparison Tests Golden: dart matches browser render                     00:44 +2915 ~2 -2: /Users/denisnadey/apps/flutter_full_svg_support/test/golden_comparison/golden_comparison_test.dart: Golden Comparison Tests Golden: dart matches browser render                     00:44 +2916 ~2 -2: /Users/denisnadey/apps/flutter_full_svg_support/test/golden_comparison/golden_comparison_test.dart: Golden Comparison Tests Golden: dart matches browser render                     00:44 +2917 ~2 -2: /Users/denisnadey/apps/flutter_full_svg_support/test/golden_comparison/golden_comparison_test.dart: Golden Comparison Tests Golden: dart matches browser render                     00:44 +2918 ~2 -2: /Users/denisnadey/apps/flutter_full_svg_support/test/golden_comparison/golden_comparison_test.dart: Golden Comparison Tests Golden: dart matches browser render                     00:44 +2919 ~2 -2: /Users/denisnadey/apps/flutter_full_svg_support/test/golden_comparison/golden_comparison_test.dart: Golden Comparison Tests Golden: dart matches browser render                     00:44 +2920 ~2 -2: /Users/denisnadey/apps/flutter_full_svg_support/test/golden_comparison/golden_comparison_test.dart: Golden Comparison Tests Golden: dart matches browser render                     00:44 +2921 ~2 -2: /Users/denisnadey/apps/flutter_full_svg_support/test/golden_comparison/golden_comparison_test.dart: Golden Comparison Tests Golden: dart matches browser render                     00:44 +2922 ~2 -2: /Users/denisnadey/apps/flutter_full_svg_support/test/golden_comparison/golden_comparison_test.dart: Golden Comparison Tests Golden: dart matches browser render                     00:44 +2923 ~2 -2: /Users/denisnadey/apps/flutter_full_svg_support/test/golden_comparison/golden_comparison_test.dart: Golden Comparison Tests Golden: dart matches browser render                     00:44 +2924 ~2 -2: /Users/denisnadey/apps/flutter_full_svg_support/test/golden_comparison/golden_comparison_test.dart: Golden Comparison Tests Golden: dart matches browser render                     00:44 +2925 ~2 -2: /Users/denisnadey/apps/flutter_full_svg_support/test/golden_comparison/golden_comparison_test.dart: Golden Comparison Tests Golden: dart matches browser render                     00:44 +2926 ~2 -2: /Users/denisnadey/apps/flutter_full_svg_support/test/golden_comparison/golden_comparison_test.dart: Golden Comparison Tests Golden: dart matches browser render                     00:44 +2927 ~2 -2: /Users/denisnadey/apps/flutter_full_svg_support/test/golden_comparison/golden_comparison_test.dart: Golden Comparison Tests Golden: dart matches browser render                     00:44 +2928 ~2 -2: /Users/denisnadey/apps/flutter_full_svg_support/test/golden_comparison/golden_comparison_test.dart: Golden Comparison Tests Golden: dart matches browser render                     00:44 +2929 ~2 -2: /Users/denisnadey/apps/flutter_full_svg_support/test/golden_comparison/golden_comparison_test.dart: Golden Comparison Tests Golden: dart matches browser render                     00:44 +2930 ~2 -2: /Users/denisnadey/apps/flutter_full_svg_support/test/golden_comparison/golden_comparison_test.dart: Golden Comparison Tests Golden: dart matches browser render                     00:44 +2931 ~2 -2: /Users/denisnadey/apps/flutter_full_svg_support/test/golden_comparison/golden_comparison_test.dart: Golden Comparison Tests Golden: dart matches browser render                     00:44 +2932 ~2 -2: /Users/denisnadey/apps/flutter_full_svg_support/test/golden_comparison/golden_comparison_test.dart: Golden Comparison Tests Golden: dart matches browser render                     00:44 +2933 ~2 -2: /Users/denisnadey/apps/flutter_full_svg_support/test/golden_comparison/golden_comparison_test.dart: Golden Comparison Tests Golden: dart matches browser render                     00:44 +2934 ~2 -2: /Users/denisnadey/apps/flutter_full_svg_support/test/golden_comparison/golden_comparison_test.dart: Golden Comparison Tests Golden: dart matches browser render                     00:44 +2935 ~2 -2: /Users/denisnadey/apps/flutter_full_svg_support/test/golden_comparison/golden_comparison_test.dart: Golden Comparison Tests Golden: dart matches browser render                     00:44 +2936 ~2 -2: /Users/denisnadey/apps/flutter_full_svg_support/test/golden_comparison/golden_comparison_test.dart: Golden Comparison Tests Golden: dart matches browser render                     00:44 +2937 ~2 -2: /Users/denisnadey/apps/flutter_full_svg_support/test/golden_comparison/golden_comparison_test.dart: Golden Comparison Tests Golden: dart matches browser render                     00:44 +2938 ~2 -2: /Users/denisnadey/apps/flutter_full_svg_support/test/golden_comparison/golden_comparison_test.dart: Golden Comparison Tests Golden: dart matches browser render                     00:44 +2939 ~2 -2: /Users/denisnadey/apps/flutter_full_svg_support/test/golden_comparison/golden_comparison_test.dart: Golden Comparison Tests Golden: dart matches browser render                     00:44 +2940 ~2 -2: /Users/denisnadey/apps/flutter_full_svg_support/test/golden_comparison/golden_comparison_test.dart: Golden Comparison Tests Golden: dart matches browser render                     00:44 +2941 ~2 -2: /Users/denisnadey/apps/flutter_full_svg_support/test/golden_comparison/golden_comparison_test.dart: Golden Comparison Tests Golden: dart matches browser render                     00:44 +2942 ~2 -2: /Users/denisnadey/apps/flutter_full_svg_support/test/golden_comparison/golden_comparison_test.dart: Golden Comparison Tests Golden: dart matches browser render                     00:44 +2943 ~2 -2: /Users/denisnadey/apps/flutter_full_svg_support/test/golden_comparison/golden_comparison_test.dart: Golden Comparison Tests Golden: dart matches browser render                     00:44 +2944 ~2 -2: /Users/denisnadey/apps/flutter_full_svg_support/test/golden_comparison/golden_comparison_test.dart: Golden Comparison Tests Golden: dart matches browser render                     00:44 +2945 ~2 -2: /Users/denisnadey/apps/flutter_full_svg_support/test/golden_comparison/golden_comparison_test.dart: Golden Comparison Tests Golden: dart matches browser render                     00:44 +2946 ~2 -2: /Users/denisnadey/apps/flutter_full_svg_support/test/golden_comparison/golden_comparison_test.dart: Golden Comparison Tests Golden: dart matches browser render                     00:44 +2947 ~2 -2: /Users/denisnadey/apps/flutter_full_svg_support/test/golden_comparison/golden_comparison_test.dart: Golden Comparison Tests Golden: dart matches browser render                     00:44 +2948 ~2 -2: /Users/denisnadey/apps/flutter_full_svg_support/test/golden_comparison/golden_comparison_test.dart: Golden Comparison Tests Golden: dart matches browser render                     00:44 +2949 ~2 -2: /Users/denisnadey/apps/flutter_full_svg_support/test/golden_comparison/golden_comparison_test.dart: Golden Comparison Tests Golden: dart matches browser render                     00:44 +2950 ~2 -2: /Users/denisnadey/apps/flutter_full_svg_support/test/golden_comparison/golden_comparison_test.dart: Golden Comparison Tests Golden: dart matches browser render                     00:44 +2951 ~2 -2: /Users/denisnadey/apps/flutter_full_svg_support/test/golden_comparison/golden_comparison_test.dart: Golden Comparison Tests Golden: dart matches browser render                     00:44 +2952 ~2 -2: /Users/denisnadey/apps/flutter_full_svg_support/test/golden_comparison/golden_comparison_test.dart: Golden Comparison Tests Golden: dart matches browser render                     00:44 +2953 ~2 -2: /Users/denisnadey/apps/flutter_full_svg_support/test/golden_comparison/golden_comparison_test.dart: Golden Comparison Tests Golden: dart matches browser render                     00:44 +2954 ~2 -2: /Users/denisnadey/apps/flutter_full_svg_support/test/golden_comparison/golden_comparison_test.dart: Golden Comparison Tests Golden: dart matches browser render                     00:44 +2955 ~2 -2: /Users/denisnadey/apps/flutter_full_svg_support/test/golden_comparison/golden_comparison_test.dart: Golden Comparison Tests Golden: dart matches browser render                     00:44 +2956 ~2 -2: /Users/denisnadey/apps/flutter_full_svg_support/test/golden_comparison/golden_comparison_test.dart: Golden Comparison Tests Golden: dart matches browser render                     00:44 +2957 ~2 -2: /Users/denisnadey/apps/flutter_full_svg_support/test/golden_comparison/golden_comparison_test.dart: Golden Comparison Tests Golden: dart matches browser render                     00:44 +2958 ~2 -2: /Users/denisnadey/apps/flutter_full_svg_support/test/golden_comparison/golden_comparison_test.dart: Golden Comparison Tests Golden: dart matches browser render                     00:44 +2959 ~2 -2: /Users/denisnadey/apps/flutter_full_svg_support/test/golden_comparison/golden_comparison_test.dart: Golden Comparison Tests Golden: dart matches browser render                     00:44 +2960 ~2 -2: /Users/denisnadey/apps/flutter_full_svg_support/test/golden_comparison/golden_comparison_test.dart: Golden Comparison Tests Golden: dart matches browser render                     00:44 +2961 ~2 -2: /Users/denisnadey/apps/flutter_full_svg_support/test/golden_comparison/golden_comparison_test.dart: Golden Comparison Tests Golden: dart matches browser render                     00:44 +2962 ~2 -2: /Users/denisnadey/apps/flutter_full_svg_support/test/golden_comparison/golden_comparison_test.dart: Golden Comparison Tests Golden: dart matches browser render                     00:44 +2963 ~2 -2: /Users/denisnadey/apps/flutter_full_svg_support/test/golden_comparison/golden_comparison_test.dart: Golden Comparison Tests Golden: dart matches browser render                     00:44 +2964 ~2 -2: /Users/denisnadey/apps/flutter_full_svg_support/test/golden_comparison/golden_comparison_test.dart: Golden Comparison Tests Golden: dart matches browser render                     00:44 +2965 ~2 -2: /Users/denisnadey/apps/flutter_full_svg_support/test/golden_comparison/golden_comparison_test.dart: Golden Comparison Tests Golden: dart matches browser render                     00:44 +2966 ~2 -2: /Users/denisnadey/apps/flutter_full_svg_support/test/golden_comparison/golden_comparison_test.dart: Golden Comparison Tests Golden: dart matches browser render                     00:44 +2967 ~2 -2: /Users/denisnadey/apps/flutter_full_svg_support/test/golden_comparison/golden_comparison_test.dart: Golden Comparison Tests Golden: dart matches browser render                     00:44 +2968 ~2 -2: /Users/denisnadey/apps/flutter_full_svg_support/test/golden_comparison/golden_comparison_test.dart: Golden Comparison Tests Golden: dart matches browser render                     00:44 +2969 ~2 -2: /Users/denisnadey/apps/flutter_full_svg_support/test/golden_comparison/golden_comparison_test.dart: Golden Comparison Tests Golden: dart matches browser render                     00:44 +2970 ~2 -2: /Users/denisnadey/apps/flutter_full_svg_support/test/golden_comparison/golden_comparison_test.dart: Golden Comparison Tests Golden: dart matches browser render                     00:44 +2971 ~2 -2: /Users/denisnadey/apps/flutter_full_svg_support/test/golden_comparison/golden_comparison_test.dart: Golden Comparison Tests Golden: dart matches browser render                     00:44 +2972 ~2 -2: /Users/denisnadey/apps/flutter_full_svg_support/test/golden_comparison/golden_comparison_test.dart: Golden Comparison Tests Golden: dart matches browser render                     00:44 +2973 ~2 -2: /Users/denisnadey/apps/flutter_full_svg_support/test/golden_comparison/golden_comparison_test.dart: Golden Comparison Tests Golden: dart matches browser render                     00:44 +2974 ~2 -2: /Users/denisnadey/apps/flutter_full_svg_support/test/golden_comparison/golden_comparison_test.dart: Golden Comparison Tests Golden: dart matches browser render                     00:44 +2975 ~2 -2: /Users/denisnadey/apps/flutter_full_svg_support/test/golden_comparison/golden_comparison_test.dart: Golden Comparison Tests Golden: dart matches browser render                     00:44 +2976 ~2 -2: /Users/denisnadey/apps/flutter_full_svg_support/test/golden_comparison/golden_comparison_test.dart: Golden Comparison Tests Golden: dart matches browser render                     00:44 +2977 ~2 -2: /Users/denisnadey/apps/flutter_full_svg_support/test/golden_comparison/golden_comparison_test.dart: Golden Comparison Tests Golden: dart matches browser render                     00:44 +2978 ~2 -2: /Users/denisnadey/apps/flutter_full_svg_support/test/golden_comparison/golden_comparison_test.dart: Golden Comparison Tests Golden: dart matches browser render                     00:44 +2979 ~2 -2: /Users/denisnadey/apps/flutter_full_svg_support/test/golden_comparison/golden_comparison_test.dart: Golden Comparison Tests Golden: dart matches browser render                     00:44 +2980 ~2 -2: /Users/denisnadey/apps/flutter_full_svg_support/test/golden_comparison/golden_comparison_test.dart: Golden Comparison Tests Golden: dart matches browser render                     00:44 +2981 ~2 -2: /Users/denisnadey/apps/flutter_full_svg_support/test/golden_comparison/golden_comparison_test.dart: Golden Comparison Tests Golden: dart matches browser render                     00:44 +2982 ~2 -2: /Users/denisnadey/apps/flutter_full_svg_support/test/golden_comparison/golden_comparison_test.dart: Golden Comparison Tests Golden: dart matches browser render                     00:44 +2983 ~2 -2: /Users/denisnadey/apps/flutter_full_svg_support/test/golden_comparison/golden_comparison_test.dart: Golden Comparison Tests Golden: dart matches browser render                     00:44 +2984 ~2 -2: /Users/denisnadey/apps/flutter_full_svg_support/test/golden_comparison/golden_comparison_test.dart: Golden Comparison Tests Golden: dart matches browser render                     00:44 +2985 ~2 -2: /Users/denisnadey/apps/flutter_full_svg_support/test/golden_comparison/golden_comparison_test.dart: Golden Comparison Tests Golden: dart matches browser render                     00:44 +2986 ~2 -2: /Users/denisnadey/apps/flutter_full_svg_support/test/golden_comparison/golden_comparison_test.dart: Golden Comparison Tests Golden: dart matches browser render                     00:44 +2987 ~2 -2: /Users/denisnadey/apps/flutter_full_svg_support/test/golden_comparison/golden_comparison_test.dart: Golden Comparison Tests Golden: dart matches browser render                     00:44 +2988 ~2 -2: /Users/denisnadey/apps/flutter_full_svg_support/test/golden_comparison/golden_comparison_test.dart: Golden Comparison Tests Golden: dart matches browser render                     00:44 +2989 ~2 -2: /Users/denisnadey/apps/flutter_full_svg_support/test/golden_comparison/golden_comparison_test.dart: Golden Comparison Tests Golden: dart matches browser render                     00:44 +2990 ~2 -2: /Users/denisnadey/apps/flutter_full_svg_support/test/golden_comparison/golden_comparison_test.dart: Golden Comparison Tests Golden: dart matches browser render                     00:44 +2991 ~2 -2: /Users/denisnadey/apps/flutter_full_svg_support/test/golden_comparison/golden_comparison_test.dart: Golden Comparison Tests Golden: dart matches browser render                     00:44 +2992 ~2 -2: /Users/denisnadey/apps/flutter_full_svg_support/test/golden_comparison/golden_comparison_test.dart: Golden Comparison Tests Golden: dart matches browser render                     00:44 +2993 ~2 -2: /Users/denisnadey/apps/flutter_full_svg_support/test/golden_comparison/golden_comparison_test.dart: Golden Comparison Tests Golden: dart matches browser render                     00:44 +2994 ~2 -2: /Users/denisnadey/apps/flutter_full_svg_support/test/golden_comparison/golden_comparison_test.dart: Golden Comparison Tests Golden: dart matches browser render                     00:44 +2995 ~2 -2: /Users/denisnadey/apps/flutter_full_svg_support/test/golden_comparison/golden_comparison_test.dart: Golden Comparison Tests Golden: dart matches browser render                     00:44 +2996 ~2 -2: /Users/denisnadey/apps/flutter_full_svg_support/test/golden_comparison/golden_comparison_test.dart: Golden Comparison Tests Golden: dart matches browser render                     00:44 +2997 ~2 -2: /Users/denisnadey/apps/flutter_full_svg_support/test/golden_comparison/golden_comparison_test.dart: Golden Comparison Tests Golden: dart matches browser render                     00:44 +2998 ~2 -2: /Users/denisnadey/apps/flutter_full_svg_support/test/golden_comparison/golden_comparison_test.dart: Golden Comparison Tests Golden: dart matches browser render                     00:44 +2999 ~2 -2: /Users/denisnadey/apps/flutter_full_svg_support/test/golden_comparison/golden_comparison_test.dart: Golden Comparison Tests Golden: dart matches browser render                     00:44 +3000 ~2 -2: /Users/denisnadey/apps/flutter_full_svg_support/test/golden_comparison/golden_comparison_test.dart: Golden Comparison Tests Golden: dart matches browser render                     00:44 +3001 ~2 -2: /Users/denisnadey/apps/flutter_full_svg_support/test/golden_comparison/golden_comparison_test.dart: Golden Comparison Tests Golden: dart matches browser render                     00:44 +3002 ~2 -2: /Users/denisnadey/apps/flutter_full_svg_support/test/golden_comparison/golden_comparison_test.dart: Golden Comparison Tests Golden: dart matches browser render                     00:44 +3003 ~2 -2: /Users/denisnadey/apps/flutter_full_svg_support/test/golden_comparison/golden_comparison_test.dart: Golden Comparison Tests Golden: dart matches browser render                     00:44 +3004 ~2 -2: /Users/denisnadey/apps/flutter_full_svg_support/test/golden_comparison/golden_comparison_test.dart: Golden Comparison Tests Golden: dart matches browser render                     00:44 +3005 ~2 -2: /Users/denisnadey/apps/flutter_full_svg_support/test/golden_comparison/golden_comparison_test.dart: Golden Comparison Tests Golden: dart matches browser render                     00:44 +3006 ~2 -2: /Users/denisnadey/apps/flutter_full_svg_support/test/golden_comparison/golden_comparison_test.dart: Golden Comparison Tests Golden: dart matches browser render                     00:44 +3007 ~2 -2: /Users/denisnadey/apps/flutter_full_svg_support/test/golden_comparison/golden_comparison_test.dart: Golden Comparison Tests Golden: dart matches browser render                     00:44 +3008 ~2 -2: /Users/denisnadey/apps/flutter_full_svg_support/test/golden_comparison/golden_comparison_test.dart: Golden Comparison Tests Golden: dart matches browser render                     00:44 +3009 ~2 -2: /Users/denisnadey/apps/flutter_full_svg_support/test/golden_comparison/golden_comparison_test.dart: Golden Comparison Tests Golden: dart matches browser render                     00:44 +3010 ~2 -2: /Users/denisnadey/apps/flutter_full_svg_support/test/golden_comparison/golden_comparison_test.dart: Golden Comparison Tests Golden: dart matches browser render                     00:44 +3011 ~2 -2: /Users/denisnadey/apps/flutter_full_svg_support/test/golden_comparison/golden_comparison_test.dart: Golden Comparison Tests Golden: dart matches browser render                     00:44 +3012 ~2 -2: /Users/denisnadey/apps/flutter_full_svg_support/test/golden_comparison/golden_comparison_test.dart: Golden Comparison Tests Golden: dart matches browser render                     00:44 +3013 ~2 -2: /Users/denisnadey/apps/flutter_full_svg_support/test/golden_comparison/golden_comparison_test.dart: Golden Comparison Tests Golden: dart matches browser render                     00:44 +3014 ~2 -2: /Users/denisnadey/apps/flutter_full_svg_support/test/golden_comparison/golden_comparison_test.dart: Golden Comparison Tests Golden: dart matches browser render                     00:44 +3015 ~2 -2: /Users/denisnadey/apps/flutter_full_svg_support/test/golden_comparison/golden_comparison_test.dart: Golden Comparison Tests Golden: dart matches browser render                     00:44 +3016 ~2 -2: /Users/denisnadey/apps/flutter_full_svg_support/test/golden_comparison/golden_comparison_test.dart: Golden Comparison Tests Golden: dart matches browser render                     00:44 +3017 ~2 -2: /Users/denisnadey/apps/flutter_full_svg_support/test/golden_comparison/golden_comparison_test.dart: Golden Comparison Tests Golden: dart matches browser render                     00:44 +3018 ~2 -2: /Users/denisnadey/apps/flutter_full_svg_support/test/golden_comparison/golden_comparison_test.dart: Golden Comparison Tests Golden: dart matches browser render                     00:44 +3019 ~2 -2: /Users/denisnadey/apps/flutter_full_svg_support/test/golden_comparison/golden_comparison_test.dart: Golden Comparison Tests Golden: dart matches browser render                     00:44 +3020 ~2 -2: /Users/denisnadey/apps/flutter_full_svg_support/test/golden_comparison/golden_comparison_test.dart: Golden Comparison Tests Golden: dart matches browser render                     00:44 +3021 ~2 -2: /Users/denisnadey/apps/flutter_full_svg_support/test/golden_comparison/golden_comparison_test.dart: Golden Comparison Tests Golden: dart matches browser render                     00:44 +3022 ~2 -2: /Users/denisnadey/apps/flutter_full_svg_support/test/golden_comparison/golden_comparison_test.dart: Golden Comparison Tests Golden: dart matches browser render                     00:44 +3023 ~2 -2: /Users/denisnadey/apps/flutter_full_svg_support/test/golden_comparison/golden_comparison_test.dart: Golden Comparison Tests Golden: dart matches browser render                     00:44 +3024 ~2 -2: /Users/denisnadey/apps/flutter_full_svg_support/test/golden_comparison/golden_comparison_test.dart: Golden Comparison Tests Golden: dart matches browser render                     00:44 +3025 ~2 -2: /Users/denisnadey/apps/flutter_full_svg_support/test/golden_comparison/golden_comparison_test.dart: Golden Comparison Tests Golden: dart matches browser render                     00:44 +3026 ~2 -2: /Users/denisnadey/apps/flutter_full_svg_support/test/golden_comparison/golden_comparison_test.dart: Golden Comparison Tests Golden: dart matches browser render                     00:44 +3027 ~2 -2: /Users/denisnadey/apps/flutter_full_svg_support/test/golden_comparison/golden_comparison_test.dart: Golden Comparison Tests Golden: dart matches browser render                     00:44 +3028 ~2 -2: /Users/denisnadey/apps/flutter_full_svg_support/test/golden_comparison/golden_comparison_test.dart: Golden Comparison Tests Golden: dart matches browser render                     00:44 +3029 ~2 -2: /Users/denisnadey/apps/flutter_full_svg_support/test/golden_comparison/golden_comparison_test.dart: Golden Comparison Tests Golden: dart matches browser render                     00:44 +3030 ~2 -2: /Users/denisnadey/apps/flutter_full_svg_support/test/golden_comparison/golden_comparison_test.dart: Golden Comparison Tests Golden: dart matches browser render                     00:44 +3031 ~2 -2: /Users/denisnadey/apps/flutter_full_svg_support/test/golden_comparison/golden_comparison_test.dart: Golden Comparison Tests Golden: dart matches browser render                     00:44 +3032 ~2 -2: /Users/denisnadey/apps/flutter_full_svg_support/test/golden_comparison/golden_comparison_test.dart: Golden Comparison Tests Golden: dart matches browser render                     00:44 +3033 ~2 -2: /Users/denisnadey/apps/flutter_full_svg_support/test/golden_comparison/golden_comparison_test.dart: Golden Comparison Tests Golden: dart matches browser render                     00:44 +3034 ~2 -2: /Users/denisnadey/apps/flutter_full_svg_support/test/golden_comparison/golden_comparison_test.dart: Golden Comparison Tests Golden: dart matches browser render                     00:44 +3035 ~2 -2: /Users/denisnadey/apps/flutter_full_svg_support/test/golden_comparison/golden_comparison_test.dart: Golden Comparison Tests Golden: dart matches browser render                     00:44 +3036 ~2 -2: /Users/denisnadey/apps/flutter_full_svg_support/test/golden_comparison/golden_comparison_test.dart: Golden Comparison Tests Golden: dart matches browser render                     00:44 +3037 ~2 -2: /Users/denisnadey/apps/flutter_full_svg_support/test/golden_comparison/golden_comparison_test.dart: Golden Comparison Tests Golden: dart matches browser render                     00:44 +3038 ~2 -2: /Users/denisnadey/apps/flutter_full_svg_support/test/golden_comparison/golden_comparison_test.dart: Golden Comparison Tests Golden: dart matches browser render                     00:44 +3039 ~2 -2: /Users/denisnadey/apps/flutter_full_svg_support/test/golden_comparison/golden_comparison_test.dart: Golden Comparison Tests Golden: dart matches browser render                     00:44 +3040 ~2 -2: /Users/denisnadey/apps/flutter_full_svg_support/test/golden_comparison/golden_comparison_test.dart: Golden Comparison Tests Golden: dart matches browser render                     00:44 +3041 ~2 -2: /Users/denisnadey/apps/flutter_full_svg_support/test/golden_comparison/golden_comparison_test.dart: Golden Comparison Tests Golden: dart matches browser render                     00:44 +3042 ~2 -2: /Users/denisnadey/apps/flutter_full_svg_support/test/golden_comparison/golden_comparison_test.dart: Golden Comparison Tests Golden: dart matches browser render                     00:44 +3043 ~2 -2: /Users/denisnadey/apps/flutter_full_svg_support/test/golden_comparison/golden_comparison_test.dart: Golden Comparison Tests Golden: dart matches browser render                     00:44 +3044 ~2 -2: /Users/denisnadey/apps/flutter_full_svg_support/test/golden_comparison/golden_comparison_test.dart: Golden Comparison Tests Golden: dart matches browser render                     00:44 +3045 ~2 -2: /Users/denisnadey/apps/flutter_full_svg_support/test/golden_comparison/golden_comparison_test.dart: Golden Comparison Tests Golden: dart matches browser render                     00:44 +3046 ~2 -2: /Users/denisnadey/apps/flutter_full_svg_support/test/golden_comparison/golden_comparison_test.dart: Golden Comparison Tests Golden: dart matches browser render                     00:44 +3047 ~2 -2: /Users/denisnadey/apps/flutter_full_svg_support/test/golden_comparison/golden_comparison_test.dart: Golden Comparison Tests Golden: dart matches browser render                     00:44 +3048 ~2 -2: /Users/denisnadey/apps/flutter_full_svg_support/test/golden_comparison/golden_comparison_test.dart: Golden Comparison Tests Golden: dart matches browser render                     00:44 +3049 ~2 -2: /Users/denisnadey/apps/flutter_full_svg_support/test/golden_comparison/golden_comparison_test.dart: Golden Comparison Tests Golden: dart matches browser render                     00:44 +3050 ~2 -2: /Users/denisnadey/apps/flutter_full_svg_support/test/golden_comparison/golden_comparison_test.dart: Golden Comparison Tests Golden: dart matches browser render                     00:44 +3051 ~2 -2: /Users/denisnadey/apps/flutter_full_svg_support/test/golden_comparison/golden_comparison_test.dart: Golden Comparison Tests Golden: dart matches browser render                     00:44 +3052 ~2 -2: /Users/denisnadey/apps/flutter_full_svg_support/test/golden_comparison/golden_comparison_test.dart: Golden Comparison Tests Golden: dart matches browser render                     00:44 +3053 ~2 -2: /Users/denisnadey/apps/flutter_full_svg_support/test/golden_comparison/golden_comparison_test.dart: Golden Comparison Tests Golden: dart matches browser render                     00:44 +3054 ~2 -2: /Users/denisnadey/apps/flutter_full_svg_support/test/golden_comparison/golden_comparison_test.dart: Golden Comparison Tests Golden: dart matches browser render                     00:44 +3055 ~2 -2: /Users/denisnadey/apps/flutter_full_svg_support/test/golden_comparison/golden_comparison_test.dart: Golden Comparison Tests Golden: dart matches browser render                     00:44 +3056 ~2 -2: /Users/denisnadey/apps/flutter_full_svg_support/test/golden_comparison/golden_comparison_test.dart: Golden Comparison Tests Golden: dart matches browser render                     00:44 +3057 ~2 -2: /Users/denisnadey/apps/flutter_full_svg_support/test/golden_comparison/golden_comparison_test.dart: Golden Comparison Tests Golden: dart matches browser render                     00:44 +3058 ~2 -2: /Users/denisnadey/apps/flutter_full_svg_support/test/golden_comparison/golden_comparison_test.dart: Golden Comparison Tests Golden: dart matches browser render                     00:45 +3058 ~2 -2: /Users/denisnadey/apps/flutter_full_svg_support/test/golden_comparison/golden_comparison_test.dart: Golden Comparison Tests Golden: dart matches browser render                     00:45 +3059 ~2 -2: /Users/denisnadey/apps/flutter_full_svg_support/test/golden_comparison/golden_comparison_test.dart: Golden Comparison Tests Golden: dart matches browser render                     00:45 +3060 ~2 -2: /Users/denisnadey/apps/flutter_full_svg_support/test/golden_comparison/golden_comparison_test.dart: Golden Comparison Tests Golden: dart matches browser render                     00:45 +3061 ~2 -2: /Users/denisnadey/apps/flutter_full_svg_support/test/golden_comparison/golden_comparison_test.dart: Golden Comparison Tests Golden: dart matches browser render                     00:45 +3062 ~2 -2: /Users/denisnadey/apps/flutter_full_svg_support/test/golden_comparison/golden_comparison_test.dart: Golden Comparison Tests Golden: dart matches browser render                     00:45 +3063 ~2 -2: /Users/denisnadey/apps/flutter_full_svg_support/test/golden_comparison/golden_comparison_test.dart: Golden Comparison Tests Golden: dart matches browser render                     00:45 +3064 ~2 -2: /Users/denisnadey/apps/flutter_full_svg_support/test/golden_comparison/golden_comparison_test.dart: Golden Comparison Tests Golden: dart matches browser render                     00:45 +3065 ~2 -2: /Users/denisnadey/apps/flutter_full_svg_support/test/golden_comparison/golden_comparison_test.dart: Golden Comparison Tests Golden: dart matches browser render                     00:45 +3066 ~2 -2: /Users/denisnadey/apps/flutter_full_svg_support/test/golden_comparison/golden_comparison_test.dart: Golden Comparison Tests Golden: dart matches browser render                     00:45 +3067 ~2 -2: /Users/denisnadey/apps/flutter_full_svg_support/test/golden_comparison/golden_comparison_test.dart: Golden Comparison Tests Golden: dart matches browser render                     00:45 +3068 ~2 -2: /Users/denisnadey/apps/flutter_full_svg_support/test/golden_comparison/golden_comparison_test.dart: Golden Comparison Tests Golden: dart matches browser render                     00:45 +3069 ~2 -2: /Users/denisnadey/apps/flutter_full_svg_support/test/golden_comparison/golden_comparison_test.dart: Golden Comparison Tests Golden: dart matches browser render                     00:45 +3070 ~2 -2: /Users/denisnadey/apps/flutter_full_svg_support/test/golden_comparison/golden_comparison_test.dart: Golden Comparison Tests Golden: dart matches browser render                     00:45 +3071 ~2 -2: /Users/denisnadey/apps/flutter_full_svg_support/test/golden_comparison/golden_comparison_test.dart: Golden Comparison Tests Golden: dart matches browser render                     00:45 +3072 ~2 -2: /Users/denisnadey/apps/flutter_full_svg_support/test/golden_comparison/golden_comparison_test.dart: Golden Comparison Tests Golden: dart matches browser render                     00:45 +3073 ~2 -2: /Users/denisnadey/apps/flutter_full_svg_support/test/golden_comparison/golden_comparison_test.dart: Golden Comparison Tests Golden: dart matches browser render                     00:45 +3074 ~2 -2: /Users/denisnadey/apps/flutter_full_svg_support/test/golden_comparison/golden_comparison_test.dart: Golden Comparison Tests Golden: dart matches browser render                     00:45 +3075 ~2 -2: /Users/denisnadey/apps/flutter_full_svg_support/test/golden_comparison/golden_comparison_test.dart: Golden Comparison Tests Golden: dart matches browser render                     00:45 +3076 ~2 -2: /Users/denisnadey/apps/flutter_full_svg_support/test/golden_comparison/golden_comparison_test.dart: Golden Comparison Tests Golden: dart matches browser render                     00:45 +3077 ~2 -2: /Users/denisnadey/apps/flutter_full_svg_support/test/golden_comparison/golden_comparison_test.dart: Golden Comparison Tests Golden: dart matches browser render                     00:45 +3078 ~2 -2: /Users/denisnadey/apps/flutter_full_svg_support/test/golden_comparison/golden_comparison_test.dart: Golden Comparison Tests Golden: dart matches browser render                     00:45 +3079 ~2 -2: /Users/denisnadey/apps/flutter_full_svg_support/test/golden_comparison/golden_comparison_test.dart: Golden Comparison Tests Golden: dart matches browser render                     00:45 +3080 ~2 -2: /Users/denisnadey/apps/flutter_full_svg_support/test/golden_comparison/golden_comparison_test.dart: Golden Comparison Tests Golden: dart matches browser render                     00:45 +3081 ~2 -2: /Users/denisnadey/apps/flutter_full_svg_support/test/golden_comparison/golden_comparison_test.dart: Golden Comparison Tests Golden: dart matches browser render                     00:45 +3082 ~2 -2: /Users/denisnadey/apps/flutter_full_svg_support/test/golden_comparison/golden_comparison_test.dart: Golden Comparison Tests Golden: dart matches browser render                     00:45 +3083 ~2 -2: /Users/denisnadey/apps/flutter_full_svg_support/test/golden_comparison/golden_comparison_test.dart: Golden Comparison Tests Golden: dart matches browser render                     00:45 +3084 ~2 -2: /Users/denisnadey/apps/flutter_full_svg_support/test/golden_comparison/golden_comparison_test.dart: Golden Comparison Tests Golden: dart matches browser render                     00:45 +3085 ~2 -2: /Users/denisnadey/apps/flutter_full_svg_support/test/golden_comparison/golden_comparison_test.dart: Golden Comparison Tests Golden: dart matches browser render                     00:45 +3086 ~2 -2: /Users/denisnadey/apps/flutter_full_svg_support/test/golden_comparison/golden_comparison_test.dart: Golden Comparison Tests Golden: dart matches browser render                     00:45 +3087 ~2 -2: /Users/denisnadey/apps/flutter_full_svg_support/test/golden_comparison/golden_comparison_test.dart: Golden Comparison Tests Golden: dart matches browser render                     00:45 +3088 ~2 -2: /Users/denisnadey/apps/flutter_full_svg_support/test/golden_comparison/golden_comparison_test.dart: Golden Comparison Tests Golden: dart matches browser render                     00:45 +3089 ~2 -2: /Users/denisnadey/apps/flutter_full_svg_support/test/golden_comparison/golden_comparison_test.dart: Golden Comparison Tests Golden: dart matches browser render                     00:45 +3090 ~2 -2: /Users/denisnadey/apps/flutter_full_svg_support/test/golden_comparison/golden_comparison_test.dart: Golden Comparison Tests Golden: dart matches browser render                     00:45 +3091 ~2 -2: /Users/denisnadey/apps/flutter_full_svg_support/test/golden_comparison/golden_comparison_test.dart: Golden Comparison Tests Golden: dart matches browser render                     00:45 +3092 ~2 -2: /Users/denisnadey/apps/flutter_full_svg_support/test/golden_comparison/golden_comparison_test.dart: Golden Comparison Tests Golden: dart matches browser render                     00:45 +3093 ~2 -2: /Users/denisnadey/apps/flutter_full_svg_support/test/golden_comparison/golden_comparison_test.dart: Golden Comparison Tests Golden: dart matches browser render                     00:45 +3094 ~2 -2: /Users/denisnadey/apps/flutter_full_svg_support/test/golden_comparison/golden_comparison_test.dart: Golden Comparison Tests Golden: dart matches browser render                     00:45 +3095 ~2 -2: /Users/denisnadey/apps/flutter_full_svg_support/test/golden_comparison/golden_comparison_test.dart: Golden Comparison Tests Golden: dart matches browser render                     00:45 +3096 ~2 -2: /Users/denisnadey/apps/flutter_full_svg_support/test/golden_comparison/golden_comparison_test.dart: Golden Comparison Tests Golden: dart matches browser render                     00:45 +3097 ~2 -2: /Users/denisnadey/apps/flutter_full_svg_support/test/golden_comparison/golden_comparison_test.dart: Golden Comparison Tests Golden: dart matches browser render                     00:45 +3098 ~2 -2: /Users/denisnadey/apps/flutter_full_svg_support/test/golden_comparison/golden_comparison_test.dart: Golden Comparison Tests Golden: dart matches browser render                     00:45 +3099 ~2 -2: /Users/denisnadey/apps/flutter_full_svg_support/test/golden_comparison/golden_comparison_test.dart: Golden Comparison Tests Golden: dart matches browser render                     00:45 +3100 ~2 -2: /Users/denisnadey/apps/flutter_full_svg_support/test/golden_comparison/golden_comparison_test.dart: Golden Comparison Tests Golden: dart matches browser render                     00:45 +3101 ~2 -2: /Users/denisnadey/apps/flutter_full_svg_support/test/golden_comparison/golden_comparison_test.dart: Golden Comparison Tests Golden: dart matches browser render                     00:45 +3102 ~2 -2: /Users/denisnadey/apps/flutter_full_svg_support/test/golden_comparison/golden_comparison_test.dart: Golden Comparison Tests Golden: dart matches browser render                     00:45 +3103 ~2 -2: /Users/denisnadey/apps/flutter_full_svg_support/test/golden_comparison/golden_comparison_test.dart: Golden Comparison Tests Golden: dart matches browser render                     00:45 +3104 ~2 -2: /Users/denisnadey/apps/flutter_full_svg_support/test/golden_comparison/golden_comparison_test.dart: Golden Comparison Tests Golden: dart matches browser render                     00:45 +3105 ~2 -2: /Users/denisnadey/apps/flutter_full_svg_support/test/golden_comparison/golden_comparison_test.dart: Golden Comparison Tests Golden: dart matches browser render                     00:45 +3106 ~2 -2: /Users/denisnadey/apps/flutter_full_svg_support/test/golden_comparison/golden_comparison_test.dart: Golden Comparison Tests Golden: dart matches browser render                     00:45 +3107 ~2 -2: /Users/denisnadey/apps/flutter_full_svg_support/test/golden_comparison/golden_comparison_test.dart: Golden Comparison Tests Golden: dart matches browser render                     00:45 +3108 ~2 -2: /Users/denisnadey/apps/flutter_full_svg_support/test/golden_comparison/golden_comparison_test.dart: Golden Comparison Tests Golden: dart matches browser render                     00:46 +3108 ~2 -2: /Users/denisnadey/apps/flutter_full_svg_support/test/golden_comparison/golden_comparison_test.dart: Golden Comparison Tests Golden: dart matches browser render                     00:46 +3108 ~2 -2: /Users/denisnadey/apps/flutter_full_svg_support/test/animation/advanced_transform_test.dart: Advanced Transform Rendering skewX transform renders correctly                         
Image size: 800x600
✅ skewX test passed!
   Pixels found: 1592
   Centroid: Offset(66.9, 49.5)
   BoundingBox: Rect.fromLTRB(41.0, 30.0, 93.0, 69.0)
00:46 +3109 ~2 -2: /Users/denisnadey/apps/flutter_full_svg_support/test/golden_comparison/golden_comparison_test.dart: Golden Comparison Tests Golden: dart matches browser render                     00:46 +3109 ~2 -2: /Users/denisnadey/apps/flutter_full_svg_support/test/animation/advanced_transform_test.dart: Advanced Transform Rendering skewY transform renders correctly                         
Image size: 800x600
✅ skewY test passed!
   Pixels found: 1592
   Centroid: Offset(49.5, 67.0)
00:46 +3110 ~2 -2: /Users/denisnadey/apps/flutter_full_svg_support/test/golden_comparison/golden_comparison_test.dart: Golden Comparison Tests Golden: dart matches browser render                     00:46 +3110 ~2 -2: /Users/denisnadey/apps/flutter_full_svg_support/test/animation/advanced_transform_test.dart: Advanced Transform Rendering matrix transform renders correctly                        
Image size: 800x600
✅ matrix transform test passed!
   Pixels found: 400
   Centroid: Offset(59.5, 59.5)
00:46 +3111 ~2 -2: /Users/denisnadey/apps/flutter_full_svg_support/test/golden_comparison/golden_comparison_test.dart: Golden Comparison Tests Golden: dart matches browser render                     00:46 +3111 ~2 -2: /Users/denisnadey/apps/flutter_full_svg_support/test/animation/advanced_transform_test.dart: Advanced Transform Rendering animated skewX renders correctly                          
Image size: 800x600
✅ animated skewX test passed!
   Pixels found: 1600
00:46 +3112 ~2 -2: /Users/denisnadey/apps/flutter_full_svg_support/test/golden_comparison/golden_comparison_test.dart: Golden Comparison Tests Golden: dart matches browser render                     00:46 +3112 ~2 -2: /Users/denisnadey/apps/flutter_full_svg_support/test/animation/advanced_transform_test.dart: Advanced Transform Rendering animated skewY renders correctly                          
Image size: 800x600
✅ animated skewY test passed!
   Pixels found: 1600
00:46 +3113 ~2 -2: /Users/denisnadey/apps/flutter_full_svg_support/test/golden_comparison/golden_comparison_test.dart: Golden Comparison Tests Golden: dart matches browser render                     00:46 +3113 ~2 -2: /Users/denisnadey/apps/flutter_full_svg_support/test/animation/advanced_transform_test.dart: Advanced Transform Rendering combined transforms render correctly                      
Image size: 800x600
✅ combined transforms test passed!
   Pixels found: 563
   Centroid: Offset(59.5, 73.7)
00:46 +3114 ~2 -2: /Users/denisnadey/apps/flutter_full_svg_support/test/golden_comparison/golden_comparison_test.dart: Golden Comparison Tests Golden: dart matches browser render                     00:46 +3115 ~2 -2: /Users/denisnadey/apps/flutter_full_svg_support/test/golden_comparison/golden_comparison_test.dart: Golden Comparison Tests Golden: dart matches browser render                     00:46 +3116 ~2 -2: /Users/denisnadey/apps/flutter_full_svg_support/test/golden_comparison/golden_comparison_test.dart: Golden Comparison Tests Golden: dart matches browser render                     00:46 +3117 ~2 -2: /Users/denisnadey/apps/flutter_full_svg_support/test/golden_comparison/golden_comparison_test.dart: Golden Comparison Tests Golden: dart matches browser render                     00:46 +3118 ~2 -2: /Users/denisnadey/apps/flutter_full_svg_support/test/golden_comparison/golden_comparison_test.dart: Golden Comparison Tests Golden: dart matches browser render                     00:46 +3119 ~2 -2: /Users/denisnadey/apps/flutter_full_svg_support/test/golden_comparison/golden_comparison_test.dart: Golden Comparison Tests Golden: dart matches browser render                     00:46 +3120 ~2 -2: /Users/denisnadey/apps/flutter_full_svg_support/test/golden_comparison/golden_comparison_test.dart: Golden Comparison Tests Golden: dart matches browser render                     00:46 +3121 ~2 -2: /Users/denisnadey/apps/flutter_full_svg_support/test/golden_comparison/golden_comparison_test.dart: Golden Comparison Tests Golden: dart matches browser render                     00:46 +3122 ~2 -2: /Users/denisnadey/apps/flutter_full_svg_support/test/golden_comparison/golden_comparison_test.dart: Golden Comparison Tests Golden: dart matches browser render                     00:46 +3122 ~2 -2: /Users/denisnadey/apps/flutter_full_svg_support/test/animation/advanced_mask_semantics_test.dart: Luminosity Masking luminance mask converts colored content to grayscale opacity   
Image size: 800x600
00:46 +3123 ~2 -2: /Users/denisnadey/apps/flutter_full_svg_support/test/golden_comparison/golden_comparison_test.dart: Golden Comparison Tests Golden: dart matches browser render                     00:46 +3124 ~2 -2: /Users/denisnadey/apps/flutter_full_svg_support/test/golden_comparison/golden_comparison_test.dart: Golden Comparison Tests Golden: dart matches browser render                     00:46 +3125 ~2 -2: /Users/denisnadey/apps/flutter_full_svg_support/test/golden_comparison/golden_comparison_test.dart: Golden Comparison Tests Golden: dart matches browser render                     00:46 +3126 ~2 -2: /Users/denisnadey/apps/flutter_full_svg_support/test/golden_comparison/golden_comparison_test.dart: Golden Comparison Tests Golden: dart matches browser render                     00:46 +3127 ~2 -2: /Users/denisnadey/apps/flutter_full_svg_support/test/golden_comparison/golden_comparison_test.dart: Golden Comparison Tests Golden: dart matches browser render                     00:46 +3128 ~2 -2: /Users/denisnadey/apps/flutter_full_svg_support/test/golden_comparison/golden_comparison_test.dart: Golden Comparison Tests Golden: dart matches browser render                     00:46 +3129 ~2 -2: /Users/denisnadey/apps/flutter_full_svg_support/test/golden_comparison/golden_comparison_test.dart: Golden Comparison Tests Golden: dart matches browser render                     00:46 +3129 ~2 -2: /Users/denisnadey/apps/flutter_full_svg_support/test/animation/advanced_mask_semantics_test.dart: Luminosity Masking CSS mask-mode property overrides mask type                     
Image size: 800x600
00:46 +3130 ~2 -2: /Users/denisnadey/apps/flutter_full_svg_support/test/golden_comparison/golden_comparison_test.dart: Golden Comparison Tests Golden: dart matches browser render                     00:46 +3131 ~2 -2: /Users/denisnadey/apps/flutter_full_svg_support/test/golden_comparison/golden_comparison_test.dart: Golden Comparison Tests Golden: dart matches browser render                     00:46 +3132 ~2 -2: /Users/denisnadey/apps/flutter_full_svg_support/test/golden_comparison/golden_comparison_test.dart: Golden Comparison Tests Golden: dart matches browser render                     00:46 +3133 ~2 -2: /Users/denisnadey/apps/flutter_full_svg_support/test/golden_comparison/golden_comparison_test.dart: Golden Comparison Tests Golden: dart matches browser render                     00:46 +3134 ~2 -2: /Users/denisnadey/apps/flutter_full_svg_support/test/golden_comparison/golden_comparison_test.dart: Golden Comparison Tests Golden: dart matches browser render                     00:46 +3134 ~2 -2: /Users/denisnadey/apps/flutter_full_svg_support/test/animation/advanced_mask_semantics_test.dart: Subgraph Masking with Filters element with filter and mask applies filter then mask
Image size: 800x600
00:46 +3135 ~2 -2: /Users/denisnadey/apps/flutter_full_svg_support/test/golden_comparison/golden_comparison_test.dart: Golden Comparison Tests Golden: dart matches browser render                     00:46 +3136 ~2 -2: /Users/denisnadey/apps/flutter_full_svg_support/test/golden_comparison/golden_comparison_test.dart: Golden Comparison Tests Golden: dart matches browser render                     00:46 +3137 ~2 -2: /Users/denisnadey/apps/flutter_full_svg_support/test/golden_comparison/golden_comparison_test.dart: Golden Comparison Tests Golden: dart matches browser render                     00:46 +3138 ~2 -2: /Users/denisnadey/apps/flutter_full_svg_support/test/golden_comparison/golden_comparison_test.dart: Golden Comparison Tests Golden: dart matches browser render                     00:46 +3139 ~2 -2: /Users/denisnadey/apps/flutter_full_svg_support/test/golden_comparison/golden_comparison_test.dart: Golden Comparison Tests Golden: dart matches browser render                     00:46 +3139 ~2 -2: /Users/denisnadey/apps/flutter_full_svg_support/test/animation/advanced_mask_semantics_test.dart: maskUnits Coordinate Systems maskUnits objectBoundingBox scales to element bounds 
Image size: 800x600
00:46 +3140 ~2 -2: /Users/denisnadey/apps/flutter_full_svg_support/test/golden_comparison/golden_comparison_test.dart: Golden Comparison Tests Golden: dart matches browser render                     00:46 +3141 ~2 -2: /Users/denisnadey/apps/flutter_full_svg_support/test/golden_comparison/golden_comparison_test.dart: Golden Comparison Tests Golden: dart matches browser render                     00:46 +3142 ~2 -2: /Users/denisnadey/apps/flutter_full_svg_support/test/golden_comparison/golden_comparison_test.dart: Golden Comparison Tests Golden: dart matches browser render                     00:46 +3143 ~2 -2: /Users/denisnadey/apps/flutter_full_svg_support/test/golden_comparison/golden_comparison_test.dart: Golden Comparison Tests Golden: dart matches browser render                     00:46 +3144 ~2 -2: /Users/denisnadey/apps/flutter_full_svg_support/test/golden_comparison/golden_comparison_test.dart: Golden Comparison Tests Golden: dart matches browser render                     00:46 +3145 ~2 -2: /Users/denisnadey/apps/flutter_full_svg_support/test/golden_comparison/golden_comparison_test.dart: Golden Comparison Tests Golden: dart matches browser render                     00:46 +3146 ~2 -2: /Users/denisnadey/apps/flutter_full_svg_support/test/golden_comparison/golden_comparison_test.dart: Golden Comparison Tests Golden: dart matches browser render                     00:46 +3146 ~2 -2: /Users/denisnadey/apps/flutter_full_svg_support/test/animation/advanced_mask_semantics_test.dart: maskUnits Coordinate Systems maskUnits userSpaceOnUse uses absolute coordinates   
Image size: 800x600
00:46 +3147 ~2 -2: /Users/denisnadey/apps/flutter_full_svg_support/test/golden_comparison/golden_comparison_test.dart: Golden Comparison Tests Golden: dart matches browser render                     00:46 +3148 ~2 -2: /Users/denisnadey/apps/flutter_full_svg_support/test/golden_comparison/golden_comparison_test.dart: Golden Comparison Tests Golden: dart matches browser render                     00:46 +3149 ~2 -2: /Users/denisnadey/apps/flutter_full_svg_support/test/golden_comparison/golden_comparison_test.dart: Golden Comparison Tests Golden: dart matches browser render                     00:46 +3150 ~2 -2: /Users/denisnadey/apps/flutter_full_svg_support/test/golden_comparison/golden_comparison_test.dart: Golden Comparison Tests Golden: dart matches browser render                     00:46 +3151 ~2 -2: /Users/denisnadey/apps/flutter_full_svg_support/test/golden_comparison/golden_comparison_test.dart: Golden Comparison Tests Golden: dart matches browser render                     00:46 +3152 ~2 -2: /Users/denisnadey/apps/flutter_full_svg_support/test/golden_comparison/golden_comparison_test.dart: Golden Comparison Tests Golden: dart matches browser render                     00:46 +3153 ~2 -2: /Users/denisnadey/apps/flutter_full_svg_support/test/golden_comparison/golden_comparison_test.dart: Golden Comparison Tests Golden: dart matches browser render                     00:46 +3154 ~2 -2: /Users/denisnadey/apps/flutter_full_svg_support/test/golden_comparison/golden_comparison_test.dart: Golden Comparison Tests Golden: dart matches browser render                     00:46 +3155 ~2 -2: /Users/denisnadey/apps/flutter_full_svg_support/test/golden_comparison/golden_comparison_test.dart: Golden Comparison Tests Golden: dart matches browser render                     00:46 +3155 ~2 -2: /Users/denisnadey/apps/flutter_full_svg_support/test/animation/advanced_mask_semantics_test.dart: maskContentUnits Coordinate Systems maskContentUnits objectBoundingBox scales content
Image size: 800x600
00:46 +3156 ~2 -2: /Users/denisnadey/apps/flutter_full_svg_support/test/golden_comparison/golden_comparison_test.dart: Golden Comparison Tests Golden: dart matches browser render                     00:46 +3157 ~2 -2: /Users/denisnadey/apps/flutter_full_svg_support/test/golden_comparison/golden_comparison_test.dart: Golden Comparison Tests Golden: dart matches browser render                     00:46 +3158 ~2 -2: /Users/denisnadey/apps/flutter_full_svg_support/test/golden_comparison/golden_comparison_test.dart: Golden Comparison Tests Golden: dart matches browser render                     00:46 +3159 ~2 -2: /Users/denisnadey/apps/flutter_full_svg_support/test/golden_comparison/golden_comparison_test.dart: Golden Comparison Tests Golden: dart matches browser render                     00:46 +3160 ~2 -2: /Users/denisnadey/apps/flutter_full_svg_support/test/golden_comparison/golden_comparison_test.dart: Golden Comparison Tests Golden: dart matches browser render                     00:46 +3161 ~2 -2: /Users/denisnadey/apps/flutter_full_svg_support/test/golden_comparison/golden_comparison_test.dart: Golden Comparison Tests Golden: dart matches browser render                     00:46 +3162 ~2 -2: /Users/denisnadey/apps/flutter_full_svg_support/test/golden_comparison/golden_comparison_test.dart: Golden Comparison Tests Golden: dart matches browser render                     00:46 +3163 ~2 -2: /Users/denisnadey/apps/flutter_full_svg_support/test/golden_comparison/golden_comparison_test.dart: Golden Comparison Tests Golden: dart matches browser render                     00:46 +3164 ~2 -2: /Users/denisnadey/apps/flutter_full_svg_support/test/golden_comparison/golden_comparison_test.dart: Golden Comparison Tests Golden: dart matches browser render                     00:46 +3165 ~2 -2: /Users/denisnadey/apps/flutter_full_svg_support/test/golden_comparison/golden_comparison_test.dart: Golden Comparison Tests Golden: dart matches browser render                     00:46 +3166 ~2 -2: /Users/denisnadey/apps/flutter_full_svg_support/test/golden_comparison/golden_comparison_test.dart: Golden Comparison Tests Golden: dart matches browser render                     00:46 +3167 ~2 -2: /Users/denisnadey/apps/flutter_full_svg_support/test/golden_comparison/golden_comparison_test.dart: Golden Comparison Tests Golden: dart matches browser render                     00:46 +3168 ~2 -2: /Users/denisnadey/apps/flutter_full_svg_support/test/golden_comparison/golden_comparison_test.dart: Golden Comparison Tests Golden: dart matches browser render                     00:46 +3169 ~2 -2: /Users/denisnadey/apps/flutter_full_svg_support/test/golden_comparison/golden_comparison_test.dart: Golden Comparison Tests Golden: dart matches browser render                     00:46 +3170 ~2 -2: /Users/denisnadey/apps/flutter_full_svg_support/test/golden_comparison/golden_comparison_test.dart: Golden Comparison Tests Golden: dart matches browser render                     00:46 +3171 ~2 -2: /Users/denisnadey/apps/flutter_full_svg_support/test/golden_comparison/golden_comparison_test.dart: Golden Comparison Tests Golden: dart matches browser render                     00:46 +3171 ~2 -2: /Users/denisnadey/apps/flutter_full_svg_support/test/animation/advanced_mask_semantics_test.dart: maskContentUnits Coordinate Systems maskContentUnits userSpaceOnUse uses absolute content coords
Image size: 800x600
00:46 +3172 ~2 -2: /Users/denisnadey/apps/flutter_full_svg_support/test/golden_comparison/golden_comparison_test.dart: Golden Comparison Tests Golden: dart matches browser render                     00:46 +3173 ~2 -2: /Users/denisnadey/apps/flutter_full_svg_support/test/golden_comparison/golden_comparison_test.dart: Golden Comparison Tests Golden: dart matches browser render                     00:46 +3174 ~2 -2: /Users/denisnadey/apps/flutter_full_svg_support/test/golden_comparison/golden_comparison_test.dart: Golden Comparison Tests Golden: dart matches browser render                     00:46 +3175 ~2 -2: /Users/denisnadey/apps/flutter_full_svg_support/test/golden_comparison/golden_comparison_test.dart: Golden Comparison Tests Golden: dart matches browser render                     00:46 +3176 ~2 -2: /Users/denisnadey/apps/flutter_full_svg_support/test/golden_comparison/golden_comparison_test.dart: Golden Comparison Tests Golden: dart matches browser render                     00:46 +3177 ~2 -2: /Users/denisnadey/apps/flutter_full_svg_support/test/golden_comparison/golden_comparison_test.dart: Golden Comparison Tests Golden: dart matches browser render                     00:46 +3178 ~2 -2: /Users/denisnadey/apps/flutter_full_svg_support/test/golden_comparison/golden_comparison_test.dart: Golden Comparison Tests Golden: dart matches browser render                     00:46 +3179 ~2 -2: /Users/denisnadey/apps/flutter_full_svg_support/test/golden_comparison/golden_comparison_test.dart: Golden Comparison Tests Golden: dart matches browser render                     00:46 +3180 ~2 -2: /Users/denisnadey/apps/flutter_full_svg_support/test/golden_comparison/golden_comparison_test.dart: Golden Comparison Tests Golden: dart matches browser render                     00:46 +3180 ~2 -2: /Users/denisnadey/apps/flutter_full_svg_support/test/animation/advanced_mask_semantics_test.dart: maskContentUnits Coordinate Systems mixed maskUnits and maskContentUnits          
Image size: 800x600
00:46 +3181 ~2 -2: /Users/denisnadey/apps/flutter_full_svg_support/test/golden_comparison/golden_comparison_test.dart: Golden Comparison Tests Golden: dart matches browser render                     00:46 +3182 ~2 -2: /Users/denisnadey/apps/flutter_full_svg_support/test/golden_comparison/golden_comparison_test.dart: Golden Comparison Tests Golden: dart matches browser render                     00:46 +3183 ~2 -2: /Users/denisnadey/apps/flutter_full_svg_support/test/golden_comparison/golden_comparison_test.dart: Golden Comparison Tests Golden: dart matches browser render                     00:46 +3184 ~2 -2: /Users/denisnadey/apps/flutter_full_svg_support/test/golden_comparison/golden_comparison_test.dart: Golden Comparison Tests Golden: dart matches browser render                     00:46 +3185 ~2 -2: /Users/denisnadey/apps/flutter_full_svg_support/test/golden_comparison/golden_comparison_test.dart: Golden Comparison Tests Golden: dart matches browser render                     00:46 +3186 ~2 -2: /Users/denisnadey/apps/flutter_full_svg_support/test/golden_comparison/golden_comparison_test.dart: Golden Comparison Tests Golden: dart matches browser render                     00:46 +3187 ~2 -2: /Users/denisnadey/apps/flutter_full_svg_support/test/golden_comparison/golden_comparison_test.dart: Golden Comparison Tests Golden: dart matches browser render                     00:46 +3188 ~2 -2: /Users/denisnadey/apps/flutter_full_svg_support/test/golden_comparison/golden_comparison_test.dart: Golden Comparison Tests Golden: dart matches browser render                     00:46 +3189 ~2 -2: /Users/denisnadey/apps/flutter_full_svg_support/test/golden_comparison/golden_comparison_test.dart: Golden Comparison Tests Golden: dart matches browser render                     00:46 +3190 ~2 -2: /Users/denisnadey/apps/flutter_full_svg_support/test/golden_comparison/golden_comparison_test.dart: Golden Comparison Tests Golden: dart matches browser render                     00:46 +3191 ~2 -2: /Users/denisnadey/apps/flutter_full_svg_support/test/golden_comparison/golden_comparison_test.dart: Golden Comparison Tests Golden: dart matches browser render                     00:46 +3192 ~2 -2: /Users/denisnadey/apps/flutter_full_svg_support/test/golden_comparison/golden_comparison_test.dart: Golden Comparison Tests Golden: dart matches browser render                     00:46 +3193 ~2 -2: /Users/denisnadey/apps/flutter_full_svg_support/test/golden_comparison/golden_comparison_test.dart: Golden Comparison Tests Golden: dart matches browser render                     00:46 +3194 ~2 -2: /Users/denisnadey/apps/flutter_full_svg_support/test/golden_comparison/golden_comparison_test.dart: Golden Comparison Tests Golden: dart matches browser render                     00:46 +3195 ~2 -2: /Users/denisnadey/apps/flutter_full_svg_support/test/golden_comparison/golden_comparison_test.dart: Golden Comparison Tests Golden: dart matches browser render                     00:46 +3196 ~2 -2: /Users/denisnadey/apps/flutter_full_svg_support/test/golden_comparison/golden_comparison_test.dart: Golden Comparison Tests Golden: dart matches browser render                     00:46 +3197 ~2 -2: /Users/denisnadey/apps/flutter_full_svg_support/test/golden_comparison/golden_comparison_test.dart: Golden Comparison Tests Golden: dart matches browser render                     00:46 +3198 ~2 -2: /Users/denisnadey/apps/flutter_full_svg_support/test/golden_comparison/golden_comparison_test.dart: Golden Comparison Tests Golden: dart matches browser render                     00:46 +3199 ~2 -2: /Users/denisnadey/apps/flutter_full_svg_support/test/golden_comparison/golden_comparison_test.dart: Golden Comparison Tests Golden: dart matches browser render                     00:46 +3199 ~2 -2: /Users/denisnadey/apps/flutter_full_svg_support/test/animation/advanced_mask_semantics_test.dart: Mask Edge Feathering default mask extends 10% beyond element bounds               
Image size: 800x600
00:46 +3200 ~2 -2: /Users/denisnadey/apps/flutter_full_svg_support/test/golden_comparison/golden_comparison_test.dart: Golden Comparison Tests Golden: dart matches browser render                     00:46 +3201 ~2 -2: /Users/denisnadey/apps/flutter_full_svg_support/test/golden_comparison/golden_comparison_test.dart: Golden Comparison Tests Golden: dart matches browser render                     00:46 +3202 ~2 -2: /Users/denisnadey/apps/flutter_full_svg_support/test/golden_comparison/golden_comparison_test.dart: Golden Comparison Tests Golden: dart matches browser render                     00:46 +3202 ~2 -2: /Users/denisnadey/apps/flutter_full_svg_support/test/animation/advanced_mask_semantics_test.dart: Mask Edge Feathering explicit mask region clips content outside region            
Image size: 800x600
00:46 +3203 ~2 -2: /Users/denisnadey/apps/flutter_full_svg_support/test/golden_comparison/golden_comparison_test.dart: Golden Comparison Tests Golden: dart matches browser render                     00:46 +3204 ~2 -2: /Users/denisnadey/apps/flutter_full_svg_support/test/golden_comparison/golden_comparison_test.dart: Golden Comparison Tests Golden: dart matches browser render                     00:46 +3205 ~2 -2: /Users/denisnadey/apps/flutter_full_svg_support/test/golden_comparison/golden_comparison_test.dart: Golden Comparison Tests Golden: dart matches browser render                     00:46 +3206 ~2 -2: /Users/denisnadey/apps/flutter_full_svg_support/test/golden_comparison/golden_comparison_test.dart: Golden Comparison Tests Golden: dart matches browser render                     00:46 +3207 ~2 -2: /Users/denisnadey/apps/flutter_full_svg_support/test/golden_comparison/golden_comparison_test.dart: Golden Comparison Tests Golden: dart matches browser render                     00:46 +3208 ~2 -2: /Users/denisnadey/apps/flutter_full_svg_support/test/golden_comparison/golden_comparison_test.dart: Golden Comparison Tests Golden: dart matches browser render                     00:46 +3209 ~2 -2: /Users/denisnadey/apps/flutter_full_svg_support/test/golden_comparison/golden_comparison_test.dart: Golden Comparison Tests Golden: dart matches browser render                     00:46 +3210 ~2 -2: /Users/denisnadey/apps/flutter_full_svg_support/test/golden_comparison/golden_comparison_test.dart: Golden Comparison Tests Golden: dart matches browser render                     00:46 +3211 ~2 -2: /Users/denisnadey/apps/flutter_full_svg_support/test/golden_comparison/golden_comparison_test.dart: Golden Comparison Tests Golden: dart matches browser render                     00:47 +3211 ~2 -2: /Users/denisnadey/apps/flutter_full_svg_support/test/golden_comparison/golden_comparison_test.dart: Golden Comparison Tests Golden: dart matches browser render                     00:47 +3212 ~2 -2: /Users/denisnadey/apps/flutter_full_svg_support/test/golden_comparison/golden_comparison_test.dart: Golden Comparison Tests Golden: dart matches browser render                     00:47 +3213 ~2 -2: /Users/denisnadey/apps/flutter_full_svg_support/test/golden_comparison/golden_comparison_test.dart: Golden Comparison Tests Golden: dart matches browser render                     00:47 +3213 ~2 -2: /Users/denisnadey/apps/flutter_full_svg_support/test/animation/advanced_mask_semantics_test.dart: Edge Cases non-uniform scaling with objectBoundingBox                             
Image size: 800x600
00:47 +3214 ~2 -2: /Users/denisnadey/apps/flutter_full_svg_support/test/golden_comparison/golden_comparison_test.dart: Golden Comparison Tests Golden: dart matches browser render                     00:47 +3215 ~2 -2: /Users/denisnadey/apps/flutter_full_svg_support/test/golden_comparison/golden_comparison_test.dart: Golden Comparison Tests Golden: dart matches browser render                     00:47 +3216 ~2 -2: /Users/denisnadey/apps/flutter_full_svg_support/test/golden_comparison/golden_comparison_test.dart: Golden Comparison Tests Golden: dart matches browser render                     00:47 +3216 ~2 -2: /Users/denisnadey/apps/flutter_full_svg_support/test/animation/advanced_mask_semantics_test.dart: Edge Cases mask on group affects all children                                     
Image size: 800x600
00:47 +3217 ~2 -2: /Users/denisnadey/apps/flutter_full_svg_support/test/golden_comparison/golden_comparison_test.dart: Golden Comparison Tests Golden: dart matches browser render                     00:47 +3218 ~2 -2: /Users/denisnadey/apps/flutter_full_svg_support/test/golden_comparison/golden_comparison_test.dart: Golden Comparison Tests Golden: dart matches browser render                     00:47 +3219 ~2 -2: /Users/denisnadey/apps/flutter_full_svg_support/test/golden_comparison/golden_comparison_test.dart: Golden Comparison Tests Golden: dart matches browser render                     00:47 +3220 ~2 -2: /Users/denisnadey/apps/flutter_full_svg_support/test/golden_comparison/golden_comparison_test.dart: Golden Comparison Tests Golden: dart matches browser render                     00:47 +3220 ~2 -2: /Users/denisnadey/apps/flutter_full_svg_support/test/animation/advanced_mask_semantics_test.dart: Advanced Mask Composition mask with gradient edge creates soft transition         
Image size: 800x600
00:47 +3221 ~2 -2: /Users/denisnadey/apps/flutter_full_svg_support/test/golden_comparison/golden_comparison_test.dart: Golden Comparison Tests Golden: dart matches browser render                     00:47 +3222 ~2 -2: /Users/denisnadey/apps/flutter_full_svg_support/test/golden_comparison/golden_comparison_test.dart: Golden Comparison Tests Golden: dart matches browser render                     00:47 +3223 ~2 -2: /Users/denisnadey/apps/flutter_full_svg_support/test/golden_comparison/golden_comparison_test.dart: Golden Comparison Tests Golden: dart matches browser render                     00:47 +3224 ~2 -2: /Users/denisnadey/apps/flutter_full_svg_support/test/golden_comparison/golden_comparison_test.dart: Golden Comparison Tests Golden: dart matches browser render                     00:47 +3224 ~2 -2: /Users/denisnadey/apps/flutter_full_svg_support/test/animation/advanced_mask_semantics_test.dart: Advanced Mask Composition nested masks apply in correct order                     
Image size: 800x600
00:47 +3225 ~2 -2: /Users/denisnadey/apps/flutter_full_svg_support/test/golden_comparison/golden_comparison_test.dart: Golden Comparison Tests Golden: dart matches browser render                     00:47 +3226 ~2 -2: /Users/denisnadey/apps/flutter_full_svg_support/test/golden_comparison/golden_comparison_test.dart: Golden Comparison Tests Golden: dart matches browser render                     00:47 +3226 ~2 -2: /Users/denisnadey/apps/flutter_full_svg_support/test/animation/advanced_mask_semantics_test.dart: Advanced Mask Composition mask combined with clip-path                            
Image size: 800x600
00:47 +3226 ~2 -2: /Users/denisnadey/apps/flutter_full_svg_support/test/golden_comparison/golden_comparison_test.dart: Golden Comparison Tests Golden: dart matches browser render                     00:47 +3227 ~2 -2: /Users/denisnadey/apps/flutter_full_svg_support/test/golden_comparison/golden_comparison_test.dart: Golden Comparison Tests Golden: dart matches browser render                     00:47 +3228 ~2 -2: /Users/denisnadey/apps/flutter_full_svg_support/test/golden_comparison/golden_comparison_test.dart: Golden Comparison Tests Golden: dart matches browser render                     00:47 +3229 ~2 -2: /Users/denisnadey/apps/flutter_full_svg_support/test/golden_comparison/golden_comparison_test.dart: Golden Comparison Tests Golden: dart matches browser render                     00:47 +3230 ~2 -2: /Users/denisnadey/apps/flutter_full_svg_support/test/golden_comparison/golden_comparison_test.dart: Golden Comparison Tests Golden: dart matches browser render                     00:47 +3231 ~2 -2: /Users/denisnadey/apps/flutter_full_svg_support/test/golden_comparison/golden_comparison_test.dart: Golden Comparison Tests Golden: dart matches browser render                     00:47 +3231 ~2 -2: /Users/denisnadey/apps/flutter_full_svg_support/test/animation/advanced_mask_semantics_test.dart: Mask Cache Invalidation animated mask shape triggers re-render                    
Image size: 800x600
00:47 +3232 ~2 -2: /Users/denisnadey/apps/flutter_full_svg_support/test/golden_comparison/golden_comparison_test.dart: Golden Comparison Tests Golden: dart matches browser render                     00:47 +3232 ~2 -2: /Users/denisnadey/apps/flutter_full_svg_support/test/animation/advanced_mask_semantics_test.dart: Mask Cache Invalidation animated mask shape triggers re-render                    
Image size: 800x600
00:47 +3233 ~2 -2: /Users/denisnadey/apps/flutter_full_svg_support/test/golden_comparison/golden_comparison_test.dart: Golden Comparison Tests Golden: dart matches browser render                     00:47 +3234 ~2 -2: /Users/denisnadey/apps/flutter_full_svg_support/test/golden_comparison/golden_comparison_test.dart: Golden Comparison Tests Golden: dart matches browser render                     00:47 +3235 ~2 -2: /Users/denisnadey/apps/flutter_full_svg_support/test/golden_comparison/golden_comparison_test.dart: Golden Comparison Tests Golden: dart matches browser render                     00:47 +3236 ~2 -2: /Users/denisnadey/apps/flutter_full_svg_support/test/golden_comparison/golden_comparison_test.dart: Golden Comparison Tests Golden: dart matches browser render                     00:47 +3237 ~2 -2: /Users/denisnadey/apps/flutter_full_svg_support/test/golden_comparison/golden_comparison_test.dart: Golden Comparison Tests Golden: dart matches browser render                     00:47 +3238 ~2 -2: /Users/denisnadey/apps/flutter_full_svg_support/test/golden_comparison/golden_comparison_test.dart: Golden Comparison Tests Golden: dart matches browser render                     00:47 +3239 ~2 -2: /Users/denisnadey/apps/flutter_full_svg_support/test/golden_comparison/golden_comparison_test.dart: Golden Comparison Tests Golden: dart matches browser render                     00:47 +3239 ~2 -2: /Users/denisnadey/apps/flutter_full_svg_support/test/animation/advanced_mask_semantics_test.dart: Mask Unit Edge Cases very small element with objectBoundingBox mask               
Image size: 800x600
00:47 +3240 ~2 -2: /Users/denisnadey/apps/flutter_full_svg_support/test/golden_comparison/golden_comparison_test.dart: Golden Comparison Tests Golden: dart matches browser render                     00:47 +3241 ~2 -2: /Users/denisnadey/apps/flutter_full_svg_support/test/golden_comparison/golden_comparison_test.dart: Golden Comparison Tests Golden: dart matches browser render                     00:47 +3242 ~2 -2: /Users/denisnadey/apps/flutter_full_svg_support/test/golden_comparison/golden_comparison_test.dart: Golden Comparison Tests Golden: dart matches browser render                     00:47 +3243 ~2 -2: /Users/denisnadey/apps/flutter_full_svg_support/test/golden_comparison/golden_comparison_test.dart: Golden Comparison Tests Golden: dart matches browser render                     00:47 +3243 ~2 -2: /Users/denisnadey/apps/flutter_full_svg_support/test/animation/advanced_mask_semantics_test.dart: Mask Unit Edge Cases percentage values in mask region                             
Image size: 800x600
00:47 +3244 ~2 -2: /Users/denisnadey/apps/flutter_full_svg_support/test/golden_comparison/golden_comparison_test.dart: Golden Comparison Tests Golden: dart matches browser render                     00:47 +3245 ~2 -2: /Users/denisnadey/apps/flutter_full_svg_support/test/golden_comparison/golden_comparison_test.dart: Golden Comparison Tests Golden: dart matches browser render                     00:47 +3246 ~2 -2: /Users/denisnadey/apps/flutter_full_svg_support/test/golden_comparison/golden_comparison_test.dart: Golden Comparison Tests Golden: dart matches browser render                     00:47 +3247 ~2 -2: /Users/denisnadey/apps/flutter_full_svg_support/test/golden_comparison/golden_comparison_test.dart: Golden Comparison Tests Golden: dart matches browser render                     00:47 +3247 ~2 -2: /Users/denisnadey/apps/flutter_full_svg_support/test/animation/advanced_mask_semantics_test.dart: Mask Unit Edge Cases extremely large mask region values                           
Image size: 800x600
00:47 +3248 ~2 -2: /Users/denisnadey/apps/flutter_full_svg_support/test/golden_comparison/golden_comparison_test.dart: Golden Comparison Tests Golden: dart matches browser render                     00:47 +3248 ~2 -2: /Users/denisnadey/apps/flutter_full_svg_support/test/animation/advanced_mask_semantics_test.dart: Mask Unit Edge Cases mask with use element reference                              
Image size: 800x600
00:47 +3248 ~2 -2: /Users/denisnadey/apps/flutter_full_svg_support/test/golden_comparison/golden_comparison_test.dart: Golden Comparison Tests Golden: dart matches browser render                     00:47 +3249 ~2 -2: /Users/denisnadey/apps/flutter_full_svg_support/test/golden_comparison/golden_comparison_test.dart: Golden Comparison Tests Golden: dart matches browser render                     00:47 +3250 ~2 -2: /Users/denisnadey/apps/flutter_full_svg_support/test/golden_comparison/golden_comparison_test.dart: Golden Comparison Tests Golden: dart matches browser render                     00:47 +3251 ~2 -2: /Users/denisnadey/apps/flutter_full_svg_support/test/golden_comparison/golden_comparison_test.dart: Golden Comparison Tests Golden: dart matches browser render                     00:47 +3252 ~2 -2: /Users/denisnadey/apps/flutter_full_svg_support/test/golden_comparison/golden_comparison_test.dart: Golden Comparison Tests Golden: dart matches browser render                     00:47 +3253 ~2 -2: /Users/denisnadey/apps/flutter_full_svg_support/test/golden_comparison/golden_comparison_test.dart: Golden Comparison Tests Golden: dart matches browser render                     00:47 +3254 ~2 -2: /Users/denisnadey/apps/flutter_full_svg_support/test/golden_comparison/golden_comparison_test.dart: Golden Comparison Tests Golden: dart matches browser render                     00:47 +3255 ~2 -2: /Users/denisnadey/apps/flutter_full_svg_support/test/golden_comparison/golden_comparison_test.dart: Golden Comparison Tests Golden: dart matches browser render                     00:47 +3256 ~2 -2: /Users/denisnadey/apps/flutter_full_svg_support/test/golden_comparison/golden_comparison_test.dart: Golden Comparison Tests Golden: dart matches browser render                     00:47 +3257 ~2 -2: /Users/denisnadey/apps/flutter_full_svg_support/test/golden_comparison/golden_comparison_test.dart: Golden Comparison Tests Golden: dart matches browser render                     00:47 +3258 ~2 -2: /Users/denisnadey/apps/flutter_full_svg_support/test/golden_comparison/golden_comparison_test.dart: Golden Comparison Tests Golden: dart matches browser render                     00:47 +3259 ~2 -2: /Users/denisnadey/apps/flutter_full_svg_support/test/golden_comparison/golden_comparison_test.dart: Golden Comparison Tests Golden: dart matches browser render                     00:47 +3260 ~2 -2: /Users/denisnadey/apps/flutter_full_svg_support/test/golden_comparison/golden_comparison_test.dart: Golden Comparison Tests Golden: dart matches browser render                     00:47 +3261 ~2 -2: /Users/denisnadey/apps/flutter_full_svg_support/test/golden_comparison/golden_comparison_test.dart: Golden Comparison Tests Golden: dart matches browser render                     00:47 +3262 ~2 -2: /Users/denisnadey/apps/flutter_full_svg_support/test/golden_comparison/golden_comparison_test.dart: Golden Comparison Tests Golden: dart matches browser render                     00:47 +3263 ~2 -2: /Users/denisnadey/apps/flutter_full_svg_support/test/golden_comparison/golden_comparison_test.dart: Golden Comparison Tests Golden: dart matches browser render                     00:47 +3264 ~2 -2: /Users/denisnadey/apps/flutter_full_svg_support/test/golden_comparison/golden_comparison_test.dart: Golden Comparison Tests Golden: dart matches browser render                     00:47 +3265 ~2 -2: /Users/denisnadey/apps/flutter_full_svg_support/test/golden_comparison/golden_comparison_test.dart: Golden Comparison Tests Golden: dart matches browser render                     00:47 +3266 ~2 -2: /Users/denisnadey/apps/flutter_full_svg_support/test/golden_comparison/golden_comparison_test.dart: Golden Comparison Tests Golden: dart matches browser render                     00:47 +3267 ~2 -2: /Users/denisnadey/apps/flutter_full_svg_support/test/golden_comparison/golden_comparison_test.dart: Golden Comparison Tests Golden: dart matches browser render                     00:47 +3268 ~2 -2: /Users/denisnadey/apps/flutter_full_svg_support/test/golden_comparison/golden_comparison_test.dart: Golden Comparison Tests Golden: dart matches browser render                     00:47 +3269 ~2 -2: /Users/denisnadey/apps/flutter_full_svg_support/test/golden_comparison/golden_comparison_test.dart: Golden Comparison Tests Golden: dart matches browser render                     00:47 +3270 ~2 -2: /Users/denisnadey/apps/flutter_full_svg_support/test/golden_comparison/golden_comparison_test.dart: Golden Comparison Tests Golden: dart matches browser render                     00:47 +3271 ~2 -2: /Users/denisnadey/apps/flutter_full_svg_support/test/golden_comparison/golden_comparison_test.dart: Golden Comparison Tests Golden: dart matches browser render                     00:47 +3272 ~2 -2: /Users/denisnadey/apps/flutter_full_svg_support/test/golden_comparison/golden_comparison_test.dart: Golden Comparison Tests Golden: dart matches browser render                     00:47 +3273 ~2 -2: /Users/denisnadey/apps/flutter_full_svg_support/test/golden_comparison/golden_comparison_test.dart: Golden Comparison Tests Golden: dart matches browser render                     00:47 +3274 ~2 -2: /Users/denisnadey/apps/flutter_full_svg_support/test/golden_comparison/golden_comparison_test.dart: Golden Comparison Tests Golden: dart matches browser render                     00:47 +3275 ~2 -2: /Users/denisnadey/apps/flutter_full_svg_support/test/golden_comparison/golden_comparison_test.dart: Golden Comparison Tests Golden: dart matches browser render                     00:47 +3276 ~2 -2: /Users/denisnadey/apps/flutter_full_svg_support/test/golden_comparison/golden_comparison_test.dart: Golden Comparison Tests Golden: dart matches browser render                     00:47 +3277 ~2 -2: /Users/denisnadey/apps/flutter_full_svg_support/test/golden_comparison/golden_comparison_test.dart: Golden Comparison Tests Golden: dart matches browser render                     00:47 +3278 ~2 -2: /Users/denisnadey/apps/flutter_full_svg_support/test/golden_comparison/golden_comparison_test.dart: Golden Comparison Tests Golden: dart matches browser render                     00:47 +3279 ~2 -2: /Users/denisnadey/apps/flutter_full_svg_support/test/golden_comparison/golden_comparison_test.dart: Golden Comparison Tests Golden: dart matches browser render                     00:47 +3280 ~2 -2: /Users/denisnadey/apps/flutter_full_svg_support/test/golden_comparison/golden_comparison_test.dart: Golden Comparison Tests Golden: dart matches browser render                     00:47 +3281 ~2 -2: /Users/denisnadey/apps/flutter_full_svg_support/test/golden_comparison/golden_comparison_test.dart: Golden Comparison Tests Golden: dart matches browser render                     00:47 +3282 ~2 -2: /Users/denisnadey/apps/flutter_full_svg_support/test/golden_comparison/golden_comparison_test.dart: Golden Comparison Tests Golden: dart matches browser render                     00:47 +3283 ~2 -2: /Users/denisnadey/apps/flutter_full_svg_support/test/golden_comparison/golden_comparison_test.dart: Golden Comparison Tests Golden: dart matches browser render                     00:47 +3284 ~2 -2: /Users/denisnadey/apps/flutter_full_svg_support/test/golden_comparison/golden_comparison_test.dart: Golden Comparison Tests Golden: dart matches browser render                     00:47 +3285 ~2 -2: /Users/denisnadey/apps/flutter_full_svg_support/test/golden_comparison/golden_comparison_test.dart: Golden Comparison Tests Golden: dart matches browser render                     00:47 +3286 ~2 -2: /Users/denisnadey/apps/flutter_full_svg_support/test/golden_comparison/golden_comparison_test.dart: Golden Comparison Tests Golden: dart matches browser render                     00:47 +3287 ~2 -2: /Users/denisnadey/apps/flutter_full_svg_support/test/golden_comparison/golden_comparison_test.dart: Golden Comparison Tests Golden: dart matches browser render                     00:47 +3288 ~2 -2: /Users/denisnadey/apps/flutter_full_svg_support/test/golden_comparison/golden_comparison_test.dart: Golden Comparison Tests Golden: dart matches browser render                     00:47 +3289 ~2 -2: /Users/denisnadey/apps/flutter_full_svg_support/test/golden_comparison/golden_comparison_test.dart: Golden Comparison Tests Golden: dart matches browser render                     00:47 +3290 ~2 -2: /Users/denisnadey/apps/flutter_full_svg_support/test/golden_comparison/golden_comparison_test.dart: Golden Comparison Tests Golden: dart matches browser render                     00:47 +3291 ~2 -2: /Users/denisnadey/apps/flutter_full_svg_support/test/golden_comparison/golden_comparison_test.dart: Golden Comparison Tests Golden: dart matches browser render                     00:47 +3292 ~2 -2: /Users/denisnadey/apps/flutter_full_svg_support/test/golden_comparison/golden_comparison_test.dart: Golden Comparison Tests Golden: dart matches browser render                     00:47 +3293 ~2 -2: /Users/denisnadey/apps/flutter_full_svg_support/test/golden_comparison/golden_comparison_test.dart: Golden Comparison Tests Golden: dart matches browser render                     00:47 +3294 ~2 -2: /Users/denisnadey/apps/flutter_full_svg_support/test/golden_comparison/golden_comparison_test.dart: Golden Comparison Tests Golden: dart matches browser render                     00:47 +3295 ~2 -2: /Users/denisnadey/apps/flutter_full_svg_support/test/golden_comparison/golden_comparison_test.dart: Golden Comparison Tests Golden: dart matches browser render                     00:47 +3296 ~2 -2: /Users/denisnadey/apps/flutter_full_svg_support/test/golden_comparison/golden_comparison_test.dart: Golden Comparison Tests Golden: dart matches browser render                     00:47 +3297 ~2 -2: /Users/denisnadey/apps/flutter_full_svg_support/test/golden_comparison/golden_comparison_test.dart: Golden Comparison Tests Golden: dart matches browser render                     00:47 +3298 ~2 -2: /Users/denisnadey/apps/flutter_full_svg_support/test/golden_comparison/golden_comparison_test.dart: Golden Comparison Tests Golden: dart matches browser render                     00:47 +3299 ~2 -2: /Users/denisnadey/apps/flutter_full_svg_support/test/golden_comparison/golden_comparison_test.dart: Golden Comparison Tests Golden: dart matches browser render                     00:47 +3300 ~2 -2: /Users/denisnadey/apps/flutter_full_svg_support/test/golden_comparison/golden_comparison_test.dart: Golden Comparison Tests Golden: dart matches browser render                     00:47 +3301 ~2 -2: /Users/denisnadey/apps/flutter_full_svg_support/test/golden_comparison/golden_comparison_test.dart: Golden Comparison Tests Golden: dart matches browser render                     00:47 +3302 ~2 -2: /Users/denisnadey/apps/flutter_full_svg_support/test/golden_comparison/golden_comparison_test.dart: Golden Comparison Tests Golden: dart matches browser render                     00:47 +3303 ~2 -2: /Users/denisnadey/apps/flutter_full_svg_support/test/golden_comparison/golden_comparison_test.dart: Golden Comparison Tests Golden: dart matches browser render                     00:47 +3304 ~2 -2: /Users/denisnadey/apps/flutter_full_svg_support/test/golden_comparison/golden_comparison_test.dart: Golden Comparison Tests Golden: dart matches browser render                     00:47 +3305 ~2 -2: /Users/denisnadey/apps/flutter_full_svg_support/test/golden_comparison/golden_comparison_test.dart: Golden Comparison Tests Golden: dart matches browser render                     00:47 +3306 ~2 -2: /Users/denisnadey/apps/flutter_full_svg_support/test/golden_comparison/golden_comparison_test.dart: Golden Comparison Tests Golden: dart matches browser render                     00:47 +3307 ~2 -2: /Users/denisnadey/apps/flutter_full_svg_support/test/golden_comparison/golden_comparison_test.dart: Golden Comparison Tests Golden: dart matches browser render                     00:47 +3308 ~2 -2: /Users/denisnadey/apps/flutter_full_svg_support/test/golden_comparison/golden_comparison_test.dart: Golden Comparison Tests Golden: dart matches browser render                     00:47 +3309 ~2 -2: /Users/denisnadey/apps/flutter_full_svg_support/test/golden_comparison/golden_comparison_test.dart: Golden Comparison Tests Golden: dart matches browser render                     00:47 +3310 ~2 -2: /Users/denisnadey/apps/flutter_full_svg_support/test/golden_comparison/golden_comparison_test.dart: Golden Comparison Tests Golden: dart matches browser render                     00:47 +3311 ~2 -2: /Users/denisnadey/apps/flutter_full_svg_support/test/golden_comparison/golden_comparison_test.dart: Golden Comparison Tests Golden: dart matches browser render                     00:47 +3312 ~2 -2: /Users/denisnadey/apps/flutter_full_svg_support/test/golden_comparison/golden_comparison_test.dart: Golden Comparison Tests Golden: dart matches browser render                     00:47 +3313 ~2 -2: /Users/denisnadey/apps/flutter_full_svg_support/test/golden_comparison/golden_comparison_test.dart: Golden Comparison Tests Golden: dart matches browser render                     00:47 +3314 ~2 -2: /Users/denisnadey/apps/flutter_full_svg_support/test/golden_comparison/golden_comparison_test.dart: Golden Comparison Tests Golden: dart matches browser render                     00:47 +3315 ~2 -2: /Users/denisnadey/apps/flutter_full_svg_support/test/golden_comparison/golden_comparison_test.dart: Golden Comparison Tests Golden: dart matches browser render                     00:47 +3316 ~2 -2: /Users/denisnadey/apps/flutter_full_svg_support/test/golden_comparison/golden_comparison_test.dart: Golden Comparison Tests Golden: dart matches browser render                     00:47 +3317 ~2 -2: /Users/denisnadey/apps/flutter_full_svg_support/test/golden_comparison/golden_comparison_test.dart: Golden Comparison Tests Golden: dart matches browser render                     00:47 +3318 ~2 -2: /Users/denisnadey/apps/flutter_full_svg_support/test/golden_comparison/golden_comparison_test.dart: Golden Comparison Tests Golden: dart matches browser render                     00:47 +3319 ~2 -2: /Users/denisnadey/apps/flutter_full_svg_support/test/golden_comparison/golden_comparison_test.dart: Golden Comparison Tests Golden: dart matches browser render                     00:47 +3320 ~2 -2: /Users/denisnadey/apps/flutter_full_svg_support/test/golden_comparison/golden_comparison_test.dart: Golden Comparison Tests Golden: dart matches browser render                     00:47 +3321 ~2 -2: /Users/denisnadey/apps/flutter_full_svg_support/test/golden_comparison/golden_comparison_test.dart: Golden Comparison Tests Golden: dart matches browser render                     00:47 +3322 ~2 -2: /Users/denisnadey/apps/flutter_full_svg_support/test/golden_comparison/golden_comparison_test.dart: Golden Comparison Tests Golden: dart matches browser render                     00:47 +3323 ~2 -2: /Users/denisnadey/apps/flutter_full_svg_support/test/golden_comparison/golden_comparison_test.dart: Golden Comparison Tests Golden: dart matches browser render                     00:47 +3324 ~2 -2: /Users/denisnadey/apps/flutter_full_svg_support/test/golden_comparison/golden_comparison_test.dart: Golden Comparison Tests Golden: dart matches browser render                     00:47 +3325 ~2 -2: /Users/denisnadey/apps/flutter_full_svg_support/test/golden_comparison/golden_comparison_test.dart: Golden Comparison Tests Golden: dart matches browser render                     00:47 +3326 ~2 -2: /Users/denisnadey/apps/flutter_full_svg_support/test/golden_comparison/golden_comparison_test.dart: Golden Comparison Tests Golden: dart matches browser render                     00:47 +3327 ~2 -2: /Users/denisnadey/apps/flutter_full_svg_support/test/golden_comparison/golden_comparison_test.dart: Golden Comparison Tests Golden: dart matches browser render                     00:47 +3328 ~2 -2: /Users/denisnadey/apps/flutter_full_svg_support/test/golden_comparison/golden_comparison_test.dart: Golden Comparison Tests Golden: dart matches browser render                     00:47 +3329 ~2 -2: /Users/denisnadey/apps/flutter_full_svg_support/test/golden_comparison/golden_comparison_test.dart: Golden Comparison Tests Golden: dart matches browser render                     00:47 +3330 ~2 -2: /Users/denisnadey/apps/flutter_full_svg_support/test/golden_comparison/golden_comparison_test.dart: Golden Comparison Tests Golden: dart matches browser render                     00:47 +3330 ~2 -2: /Users/denisnadey/apps/flutter_full_svg_support/test/animation/visual_rotation_test.dart: Visual Rotation Tests rotation animation renders correctly                                

================================================================================
TEST: Rotation Animation Visual Rendering
================================================================================

📸 Building animated SVG widget...
00:48 +3331 ~2 -2: /Users/denisnadey/apps/flutter_full_svg_support/test/golden_comparison/golden_comparison_test.dart: Golden Comparison Tests Golden: dart matches browser render                     00:48 +3332 ~2 -2: /Users/denisnadey/apps/flutter_full_svg_support/test/golden_comparison/golden_comparison_test.dart: Golden Comparison Tests Golden: dart matches browser render                     00:48 +3333 ~2 -2: /Users/denisnadey/apps/flutter_full_svg_support/test/golden_comparison/golden_comparison_test.dart: Golden Comparison Tests Golden: dart matches browser render                     00:48 +3334 ~2 -2: /Users/denisnadey/apps/flutter_full_svg_support/test/golden_comparison/golden_comparison_test.dart: Golden Comparison Tests Golden: dart matches browser render                     00:48 +3335 ~2 -2: /Users/denisnadey/apps/flutter_full_svg_support/test/golden_comparison/golden_comparison_test.dart: Golden Comparison Tests Golden: dart matches browser render                     00:48 +3336 ~2 -2: /Users/denisnadey/apps/flutter_full_svg_support/test/golden_comparison/golden_comparison_test.dart: Golden Comparison Tests Golden: dart matches browser render                     00:48 +3337 ~2 -2: /Users/denisnadey/apps/flutter_full_svg_support/test/golden_comparison/golden_comparison_test.dart: Golden Comparison Tests Golden: dart matches browser render                     00:48 +3338 ~2 -2: /Users/denisnadey/apps/flutter_full_svg_support/test/golden_comparison/golden_comparison_test.dart: Golden Comparison Tests Golden: dart matches browser render                     00:48 +3339 ~2 -2: /Users/denisnadey/apps/flutter_full_svg_support/test/golden_comparison/golden_comparison_test.dart: Golden Comparison Tests Golden: dart matches browser render                     00:48 +3340 ~2 -2: /Users/denisnadey/apps/flutter_full_svg_support/test/golden_comparison/golden_comparison_test.dart: Golden Comparison Tests Golden: dart matches browser render                     00:48 +3341 ~2 -2: /Users/denisnadey/apps/flutter_full_svg_support/test/golden_comparison/golden_comparison_test.dart: Golden Comparison Tests Golden: dart matches browser render                     00:48 +3341 ~2 -2: /Users/denisnadey/apps/flutter_full_svg_support/test/animation/light_source_elements_test.dart: Integration: feDiffuseLighting with light sources renders with feDistantLight without error
unhandled element <filter/>; Picture key: Svg loader
00:48 +3342 ~2 -2: /Users/denisnadey/apps/flutter_full_svg_support/test/golden_comparison/golden_comparison_test.dart: Golden Comparison Tests Golden: dart matches browser render                     00:48 +3343 ~2 -2: /Users/denisnadey/apps/flutter_full_svg_support/test/golden_comparison/golden_comparison_test.dart: Golden Comparison Tests Golden: dart matches browser render                     00:48 +3344 ~2 -2: /Users/denisnadey/apps/flutter_full_svg_support/test/golden_comparison/golden_comparison_test.dart: Golden Comparison Tests Golden: dart matches browser render                     00:48 +3345 ~2 -2: /Users/denisnadey/apps/flutter_full_svg_support/test/golden_comparison/golden_comparison_test.dart: Golden Comparison Tests Golden: dart matches browser render                     00:48 +3346 ~2 -2: /Users/denisnadey/apps/flutter_full_svg_support/test/golden_comparison/golden_comparison_test.dart: Golden Comparison Tests Golden: dart matches browser render                     00:48 +3347 ~2 -2: /Users/denisnadey/apps/flutter_full_svg_support/test/golden_comparison/golden_comparison_test.dart: Golden Comparison Tests Golden: dart matches browser render                     00:48 +3348 ~2 -2: /Users/denisnadey/apps/flutter_full_svg_support/test/golden_comparison/golden_comparison_test.dart: Golden Comparison Tests Golden: dart matches browser render                     00:48 +3349 ~2 -2: /Users/denisnadey/apps/flutter_full_svg_support/test/golden_comparison/golden_comparison_test.dart: Golden Comparison Tests Golden: dart matches browser render                     00:48 +3350 ~2 -2: /Users/denisnadey/apps/flutter_full_svg_support/test/golden_comparison/golden_comparison_test.dart: Golden Comparison Tests Golden: dart matches browser render                     00:48 +3351 ~2 -2: /Users/denisnadey/apps/flutter_full_svg_support/test/golden_comparison/golden_comparison_test.dart: Golden Comparison Tests Golden: dart matches browser render                     00:48 +3352 ~2 -2: /Users/denisnadey/apps/flutter_full_svg_support/test/golden_comparison/golden_comparison_test.dart: Golden Comparison Tests Golden: dart matches browser render                     00:48 +3353 ~2 -2: /Users/denisnadey/apps/flutter_full_svg_support/test/golden_comparison/golden_comparison_test.dart: Golden Comparison Tests Golden: dart matches browser render                     00:48 +3354 ~2 -2: /Users/denisnadey/apps/flutter_full_svg_support/test/golden_comparison/golden_comparison_test.dart: Golden Comparison Tests Golden: dart matches browser render                     00:48 +3355 ~2 -2: /Users/denisnadey/apps/flutter_full_svg_support/test/golden_comparison/golden_comparison_test.dart: Golden Comparison Tests Golden: dart matches browser render                     00:48 +3356 ~2 -2: /Users/denisnadey/apps/flutter_full_svg_support/test/golden_comparison/golden_comparison_test.dart: Golden Comparison Tests Golden: dart matches browser render                     00:48 +3357 ~2 -2: /Users/denisnadey/apps/flutter_full_svg_support/test/golden_comparison/golden_comparison_test.dart: Golden Comparison Tests Golden: dart matches browser render                     00:48 +3358 ~2 -2: /Users/denisnadey/apps/flutter_full_svg_support/test/golden_comparison/golden_comparison_test.dart: Golden Comparison Tests Golden: dart matches browser render                     00:48 +3359 ~2 -2: /Users/denisnadey/apps/flutter_full_svg_support/test/golden_comparison/golden_comparison_test.dart: Golden Comparison Tests Golden: dart matches browser render                     00:48 +3360 ~2 -2: /Users/denisnadey/apps/flutter_full_svg_support/test/golden_comparison/golden_comparison_test.dart: Golden Comparison Tests Golden: dart matches browser render                     00:48 +3361 ~2 -2: /Users/denisnadey/apps/flutter_full_svg_support/test/golden_comparison/golden_comparison_test.dart: Golden Comparison Tests Golden: dart matches browser render                     00:48 +3362 ~2 -2: /Users/denisnadey/apps/flutter_full_svg_support/test/golden_comparison/golden_comparison_test.dart: Golden Comparison Tests Golden: dart matches browser render                     00:48 +3363 ~2 -2: /Users/denisnadey/apps/flutter_full_svg_support/test/golden_comparison/golden_comparison_test.dart: Golden Comparison Tests Golden: dart matches browser render                     00:48 +3364 ~2 -2: /Users/denisnadey/apps/flutter_full_svg_support/test/golden_comparison/golden_comparison_test.dart: Golden Comparison Tests Golden: dart matches browser render                     00:48 +3365 ~2 -2: /Users/denisnadey/apps/flutter_full_svg_support/test/golden_comparison/golden_comparison_test.dart: Golden Comparison Tests Golden: dart matches browser render                     00:48 +3366 ~2 -2: /Users/denisnadey/apps/flutter_full_svg_support/test/golden_comparison/golden_comparison_test.dart: Golden Comparison Tests Golden: dart matches browser render                     00:48 +3367 ~2 -2: /Users/denisnadey/apps/flutter_full_svg_support/test/golden_comparison/golden_comparison_test.dart: Golden Comparison Tests Golden: dart matches browser render                     00:48 +3368 ~2 -2: /Users/denisnadey/apps/flutter_full_svg_support/test/golden_comparison/golden_comparison_test.dart: Golden Comparison Tests Golden: dart matches browser render                     00:48 +3369 ~2 -2: /Users/denisnadey/apps/flutter_full_svg_support/test/golden_comparison/golden_comparison_test.dart: Golden Comparison Tests Golden: dart matches browser render                     00:48 +3370 ~2 -2: /Users/denisnadey/apps/flutter_full_svg_support/test/golden_comparison/golden_comparison_test.dart: Golden Comparison Tests Golden: dart matches browser render                     00:48 +3371 ~2 -2: /Users/denisnadey/apps/flutter_full_svg_support/test/golden_comparison/golden_comparison_test.dart: Golden Comparison Tests Golden: dart matches browser render                     00:48 +3372 ~2 -2: /Users/denisnadey/apps/flutter_full_svg_support/test/golden_comparison/golden_comparison_test.dart: Golden Comparison Tests Golden: dart matches browser render                     00:48 +3372 ~2 -2: /Users/denisnadey/apps/flutter_full_svg_support/test/animation/visual_rotation_test.dart: Visual Rotation Tests rotation animation renders correctly                                
📸 Capturing pixels...
00:48 +3373 ~2 -2: /Users/denisnadey/apps/flutter_full_svg_support/test/golden_comparison/golden_comparison_test.dart: Golden Comparison Tests Golden: dart matches browser render                     00:48 +3373 ~2 -2: /Users/denisnadey/apps/flutter_full_svg_support/test/animation/visual_rotation_test.dart: Visual Rotation Tests rotation animation renders correctly                                
Image size: 800x600
✅ Analysis:
   Red pixels: 390
   Centroid: (399.5, 299.5)
   BBox: 21×21 at (389, 289)
   Estimated angle: 48.18°
   Hash: e736da00

📊 Result: ✅ SVG RENDERED
================================================================================

00:48 +3374 ~2 -2: /Users/denisnadey/apps/flutter_full_svg_support/test/golden_comparison/golden_comparison_test.dart: Golden Comparison Tests Golden: dart matches browser render                     00:48 +3375 ~2 -2: /Users/denisnadey/apps/flutter_full_svg_support/test/golden_comparison/golden_comparison_test.dart: Golden Comparison Tests Golden: dart matches browser render                     00:48 +3376 ~2 -2: /Users/denisnadey/apps/flutter_full_svg_support/test/golden_comparison/golden_comparison_test.dart: Golden Comparison Tests Golden: dart matches browser render                     00:48 +3377 ~2 -2: /Users/denisnadey/apps/flutter_full_svg_support/test/golden_comparison/golden_comparison_test.dart: Golden Comparison Tests Golden: dart matches browser render                     00:48 +3378 ~2 -2: /Users/denisnadey/apps/flutter_full_svg_support/test/golden_comparison/golden_comparison_test.dart: Golden Comparison Tests Golden: dart matches browser render                     00:48 +3379 ~2 -2: /Users/denisnadey/apps/flutter_full_svg_support/test/golden_comparison/golden_comparison_test.dart: Golden Comparison Tests Golden: dart matches browser render                     00:48 +3379 ~2 -2: /Users/denisnadey/apps/flutter_full_svg_support/test/animation/css_transform_edge_cases_test.dart: CSS transform property vs SVG attribute CSS transform property is applied        
Image size: 800x600
00:48 +3380 ~2 -2: /Users/denisnadey/apps/flutter_full_svg_support/test/golden_comparison/golden_comparison_test.dart: Golden Comparison Tests Golden: dart matches browser render                     00:48 +3381 ~2 -2: /Users/denisnadey/apps/flutter_full_svg_support/test/golden_comparison/golden_comparison_test.dart: Golden Comparison Tests Golden: dart matches browser render                     00:48 +3381 ~2 -2: /Users/denisnadey/apps/flutter_full_svg_support/test/animation/css_transform_edge_cases_test.dart: Nested transform contexts nested groups with transforms compose correctly        
Image size: 800x600
00:48 +3382 ~2 -2: /Users/denisnadey/apps/flutter_full_svg_support/test/golden_comparison/golden_comparison_test.dart: Golden Comparison Tests Golden: dart matches browser render                     00:48 +3382 ~2 -2: /Users/denisnadey/apps/flutter_full_svg_support/test/animation/css_transform_edge_cases_test.dart: Nested transform contexts viewBox with nested transform                          
Image size: 800x600
00:48 +3383 ~2 -2: /Users/denisnadey/apps/flutter_full_svg_support/test/golden_comparison/golden_comparison_test.dart: Golden Comparison Tests Golden: dart matches browser render                     00:48 +3384 ~2 -2: /Users/denisnadey/apps/flutter_full_svg_support/test/golden_comparison/golden_comparison_test.dart: Golden Comparison Tests Golden: dart matches browser render                     00:48 +3385 ~2 -2: /Users/denisnadey/apps/flutter_full_svg_support/test/golden_comparison/golden_comparison_test.dart: Golden Comparison Tests Golden: dart matches browser render                     00:48 +3386 ~2 -2: /Users/denisnadey/apps/flutter_full_svg_support/test/golden_comparison/golden_comparison_test.dart: Golden Comparison Tests Golden: dart matches browser render                     00:48 +3387 ~2 -2: /Users/denisnadey/apps/flutter_full_svg_support/test/golden_comparison/golden_comparison_test.dart: Golden Comparison Tests Golden: dart matches browser render                     00:48 +3388 ~2 -2: /Users/denisnadey/apps/flutter_full_svg_support/test/golden_comparison/golden_comparison_test.dart: Golden Comparison Tests Golden: dart matches browser render                     00:48 +3389 ~2 -2: /Users/denisnadey/apps/flutter_full_svg_support/test/golden_comparison/golden_comparison_test.dart: Golden Comparison Tests Golden: dart matches browser render                     00:48 +3390 ~2 -2: /Users/denisnadey/apps/flutter_full_svg_support/test/golden_comparison/golden_comparison_test.dart: Golden Comparison Tests Golden: dart matches browser render                     00:48 +3391 ~2 -2: /Users/denisnadey/apps/flutter_full_svg_support/test/golden_comparison/golden_comparison_test.dart: Golden Comparison Tests Golden: dart matches browser render                     00:48 +3392 ~2 -2: /Users/denisnadey/apps/flutter_full_svg_support/test/golden_comparison/golden_comparison_test.dart: Golden Comparison Tests Golden: dart matches browser render                     00:48 +3393 ~2 -2: /Users/denisnadey/apps/flutter_full_svg_support/test/golden_comparison/golden_comparison_test.dart: Golden Comparison Tests Golden: dart matches browser render                     00:48 +3394 ~2 -2: /Users/denisnadey/apps/flutter_full_svg_support/test/golden_comparison/golden_comparison_test.dart: Golden Comparison Tests Golden: dart matches browser render                     00:49 +3394 ~2 -2: /Users/denisnadey/apps/flutter_full_svg_support/test/golden_comparison/golden_comparison_test.dart: Golden Comparison Tests Golden: dart matches browser render                     00:49 +3395 ~2 -2: /Users/denisnadey/apps/flutter_full_svg_support/test/golden_comparison/golden_comparison_test.dart: Golden Comparison Tests Golden: dart matches browser render                     00:49 +3396 ~2 -2: /Users/denisnadey/apps/flutter_full_svg_support/test/golden_comparison/golden_comparison_test.dart: Golden Comparison Tests Golden: dart matches browser render                     00:49 +3396 ~2 -2: /Users/denisnadey/apps/flutter_full_svg_support/test/widget_svg_test.dart: SvgPicture.string                                                                                        
Warning - golden differed less than .06% (0.010147916666666666%), ignoring failure but producing output
Golden "golden_widget/flutter_logo.string.png": Pixel test failed, 1.01%, 4871px diff detected.
Failure feedback can be found at /Users/denisnadey/apps/flutter_full_svg_support/test/failures
00:49 +3397 ~2 -2: /Users/denisnadey/apps/flutter_full_svg_support/test/golden_comparison/golden_comparison_test.dart: Golden Comparison Tests Golden: dart matches browser render                     00:49 +3397 ~2 -2: /Users/denisnadey/apps/flutter_full_svg_support/test/widget_svg_test.dart: SvgPicture.string with renderingStrategy                                                                 
Warning - golden differed less than .06% (0.033564583333333335%), ignoring failure but producing output
Golden "golden_widget/flutter_logo.string.png": Pixel test failed, 3.36%, 16111px diff detected.
Failure feedback can be found at /Users/denisnadey/apps/flutter_full_svg_support/test/failures
00:49 +3398 ~2 -2: /Users/denisnadey/apps/flutter_full_svg_support/test/golden_comparison/golden_comparison_test.dart: Golden Comparison Tests Golden: dart matches browser render                     00:49 +3399 ~2 -2: /Users/denisnadey/apps/flutter_full_svg_support/test/golden_comparison/golden_comparison_test.dart: Golden Comparison Tests Golden: dart matches browser render                     00:50 +3399 ~2 -2: /Users/denisnadey/apps/flutter_full_svg_support/test/golden_comparison/golden_comparison_test.dart: Golden Comparison Tests Golden: dart matches browser render                     00:50 +3399 ~2 -2: /Users/denisnadey/apps/flutter_full_svg_support/test/widget_svg_test.dart: SvgPicture natural size                                                                                  
Warning - golden differed less than .06% (0.0012206018518518518%), ignoring failure but producing output
Golden "golden_widget/flutter_logo.natural.png": Pixel test failed, 0.12%, 5273px diff detected.
Failure feedback can be found at /Users/denisnadey/apps/flutter_full_svg_support/test/failures
00:50 +3400 ~2 -2: /Users/denisnadey/apps/flutter_full_svg_support/test/golden_comparison/golden_comparison_test.dart: Golden Comparison Tests Golden: dart matches browser render                     00:50 +3400 ~2 -2: /Users/denisnadey/apps/flutter_full_svg_support/test/widget_svg_test.dart: SvgPicture clipped                                                                                       
Warning - golden differed less than .06% (0.00011597222222222223%), ignoring failure but producing output
Golden "golden_widget/stick_figure.withclipping.png": Pixel test failed, 0.01%, 501px diff detected.
Failure feedback can be found at /Users/denisnadey/apps/flutter_full_svg_support/test/failures
00:50 +3401 ~2 -2: /Users/denisnadey/apps/flutter_full_svg_support/test/golden_comparison/golden_comparison_test.dart: Golden Comparison Tests Golden: dart matches browser render                     00:50 +3401 ~2 -2: /Users/denisnadey/apps/flutter_full_svg_support/test/widget_svg_test.dart: SvgPicture.string ltr                                                                                    
Warning - golden differed less than .06% (0.0012125%), ignoring failure but producing output
Golden "golden_widget/flutter_logo.string.ltr.png": Pixel test failed, 0.12%, 582px diff detected.
Failure feedback can be found at /Users/denisnadey/apps/flutter_full_svg_support/test/failures
00:50 +3402 ~2 -2: /Users/denisnadey/apps/flutter_full_svg_support/test/golden_comparison/golden_comparison_test.dart: Golden Comparison Tests Golden: dart matches browser render                     00:51 +3402 ~2 -2: /Users/denisnadey/apps/flutter_full_svg_support/test/widget_svg_test.dart: SvgPicture.string rtl                                                                                    
Warning - golden differed less than .06% (0.007183333333333333%), ignoring failure but producing output
Golden "golden_widget/flutter_logo.string.rtl.png": Pixel test failed, 0.72%, 3448px diff detected.
Failure feedback can be found at /Users/denisnadey/apps/flutter_full_svg_support/test/failures
00:51 +3403 ~2 -2: /Users/denisnadey/apps/flutter_full_svg_support/test/golden_comparison/golden_comparison_test.dart: Golden Comparison Tests Golden: dart matches browser render                     00:51 +3403 ~2 -2: /Users/denisnadey/apps/flutter_full_svg_support/test/widget_svg_test.dart: SvgPicture.memory                                                                                        
Warning - golden differed less than .06% (0.010147916666666666%), ignoring failure but producing output
Golden "golden_widget/flutter_logo.memory.png": Pixel test failed, 1.01%, 4871px diff detected.
Failure feedback can be found at /Users/denisnadey/apps/flutter_full_svg_support/test/failures
00:51 +3404 ~2 -2: /Users/denisnadey/apps/flutter_full_svg_support/test/golden_comparison/golden_comparison_test.dart: Golden Comparison Tests Golden: dart matches browser render                     00:51 +3404 ~2 -2: /Users/denisnadey/apps/flutter_full_svg_support/test/widget_svg_test.dart: SvgPicture.memory with strategy                                                                          
Warning - golden differed less than .06% (0.01629375%), ignoring failure but producing output
Golden "golden_widget/flutter_logo.memory.png": Pixel test failed, 1.63%, 7821px diff detected.
Failure feedback can be found at /Users/denisnadey/apps/flutter_full_svg_support/test/failures
00:51 +3405 ~2 -2: /Users/denisnadey/apps/flutter_full_svg_support/test/golden_comparison/golden_comparison_test.dart: Golden Comparison Tests Golden: dart matches browser render                     00:51 +3406 ~2 -2: /Users/denisnadey/apps/flutter_full_svg_support/test/golden_comparison/golden_comparison_test.dart: Golden Comparison Tests Golden: dart matches browser render                     00:51 +3406 ~2 -2: /Users/denisnadey/apps/flutter_full_svg_support/test/widget_svg_test.dart: SvgPicture.asset                                                                                         
Warning - golden differed less than .06% (0.010147916666666666%), ignoring failure but producing output
Golden "golden_widget/flutter_logo.asset.png": Pixel test failed, 1.01%, 4871px diff detected.
Failure feedback can be found at /Users/denisnadey/apps/flutter_full_svg_support/test/failures
00:51 +3407 ~2 -2: /Users/denisnadey/apps/flutter_full_svg_support/test/golden_comparison/golden_comparison_test.dart: Golden Comparison Tests Golden: dart matches browser render                     00:51 +3407 ~2 -2: /Users/denisnadey/apps/flutter_full_svg_support/test/widget_svg_test.dart: SvgPicture.asset with strategy                                                                           
Warning - golden differed less than .06% (0.01629375%), ignoring failure but producing output
Golden "golden_widget/flutter_logo.asset.png": Pixel test failed, 1.63%, 7821px diff detected.
Failure feedback can be found at /Users/denisnadey/apps/flutter_full_svg_support/test/failures
00:51 +3408 ~2 -2: /Users/denisnadey/apps/flutter_full_svg_support/test/golden_comparison/golden_comparison_test.dart: Golden Comparison Tests Golden: dart matches browser render                     00:51 +3409 ~2 -2: /Users/denisnadey/apps/flutter_full_svg_support/test/golden_comparison/golden_comparison_test.dart: Golden Comparison Tests Golden: dart matches browser render                     00:51 +3409 ~2 -2: /Users/denisnadey/apps/flutter_full_svg_support/test/widget_svg_test.dart: SvgPicture.asset DefaultAssetBundle                                                                      
Warning - golden differed less than .06% (0.010147916666666666%), ignoring failure but producing output
Golden "golden_widget/flutter_logo.asset.png": Pixel test failed, 1.01%, 4871px diff detected.
Failure feedback can be found at /Users/denisnadey/apps/flutter_full_svg_support/test/failures
00:51 +3410 ~2 -2: /Users/denisnadey/apps/flutter_full_svg_support/test/golden_comparison/golden_comparison_test.dart: Golden Comparison Tests Golden: dart matches browser render                     00:51 +3410 ~2 -2: /Users/denisnadey/apps/flutter_full_svg_support/test/widget_svg_test.dart: SvgPicture.asset DefaultAssetBundle with strategy                                                        
Warning - golden differed less than .06% (0.01629375%), ignoring failure but producing output
Golden "golden_widget/flutter_logo.asset.png": Pixel test failed, 1.63%, 7821px diff detected.
Failure feedback can be found at /Users/denisnadey/apps/flutter_full_svg_support/test/failures
00:51 +3411 ~2 -2: /Users/denisnadey/apps/flutter_full_svg_support/test/golden_comparison/golden_comparison_test.dart: Golden Comparison Tests Golden: dart matches browser render                     00:51 +3412 ~2 -2: /Users/denisnadey/apps/flutter_full_svg_support/test/golden_comparison/golden_comparison_test.dart: Golden Comparison Tests Golden: dart matches browser render                     00:51 +3412 ~2 -2: /Users/denisnadey/apps/flutter_full_svg_support/test/widget_svg_test.dart: SvgPicture.network                                                                                       
Warning - golden differed less than .06% (0.010147916666666666%), ignoring failure but producing output
Golden "golden_widget/flutter_logo.network.png": Pixel test failed, 1.01%, 4871px diff detected.
Failure feedback can be found at /Users/denisnadey/apps/flutter_full_svg_support/test/failures
00:51 +3413 ~2 -2: /Users/denisnadey/apps/flutter_full_svg_support/test/golden_comparison/golden_comparison_test.dart: Golden Comparison Tests Golden: dart matches browser render                     00:51 +3413 ~2 -2: /Users/denisnadey/apps/flutter_full_svg_support/test/widget_svg_test.dart: SvgPicture.network with strategy                                                                         
Warning - golden differed less than .06% (0.01629375%), ignoring failure but producing output
Golden "golden_widget/flutter_logo.network.png": Pixel test failed, 1.63%, 7821px diff detected.
Failure feedback can be found at /Users/denisnadey/apps/flutter_full_svg_support/test/failures
00:51 +3414 ~2 -2: /Users/denisnadey/apps/flutter_full_svg_support/test/golden_comparison/golden_comparison_test.dart: Golden Comparison Tests Golden: dart matches browser render                     00:51 +3415 ~2 -2: /Users/denisnadey/apps/flutter_full_svg_support/test/golden_comparison/golden_comparison_test.dart: Golden Comparison Tests Golden: dart matches browser render                     00:51 +3416 ~2 -2: /Users/denisnadey/apps/flutter_full_svg_support/test/golden_comparison/golden_comparison_test.dart: Golden Comparison Tests Golden: dart matches browser render                     00:51 +3416 ~2 -2: /Users/denisnadey/apps/flutter_full_svg_support/test/widget_svg_test.dart: SvgPicture can be created without a MediaQuery                                                           
Warning - golden differed less than .06% (0.010147916666666666%), ignoring failure but producing output
Golden "golden_widget/flutter_logo.string.png": Pixel test failed, 1.01%, 4871px diff detected.
Failure feedback can be found at /Users/denisnadey/apps/flutter_full_svg_support/test/failures
00:51 +3417 ~2 -2: /Users/denisnadey/apps/flutter_full_svg_support/test/golden_comparison/golden_comparison_test.dart: Golden Comparison Tests Golden: dart matches browser render                     00:51 +3418 ~2 -2: /Users/denisnadey/apps/flutter_full_svg_support/test/golden_comparison/golden_comparison_test.dart: Golden Comparison Tests Golden: dart matches browser render                     00:51 +3419 ~2 -2: /Users/denisnadey/apps/flutter_full_svg_support/test/golden_comparison/golden_comparison_test.dart: Golden Comparison Tests Golden: dart matches browser render                     00:51 +3420 ~2 -2: /Users/denisnadey/apps/flutter_full_svg_support/test/golden_comparison/golden_comparison_test.dart: Golden Comparison Tests Golden: dart matches browser render                     00:51 +3421 ~2 -2: /Users/denisnadey/apps/flutter_full_svg_support/test/golden_comparison/golden_comparison_test.dart: Golden Comparison Tests Golden: dart matches browser render                     00:52 +3421 ~2 -2: /Users/denisnadey/apps/flutter_full_svg_support/test/golden_comparison/golden_comparison_test.dart: Golden Comparison Tests Golden: dart matches browser render                     00:52 +3421 ~2 -2: /Users/denisnadey/apps/flutter_full_svg_support/test/widget_svg_test.dart: SvgPicture colorFilter - flutter logo                                                                    
Warning - golden differed less than .06% (0.005202083333333334%), ignoring failure but producing output
Golden "golden_widget/flutter_logo.string.color_filter.png": Pixel test failed, 0.52%, 2497px diff detected.
Failure feedback can be found at /Users/denisnadey/apps/flutter_full_svg_support/test/failures
00:52 +3422 ~2 -2: /Users/denisnadey/apps/flutter_full_svg_support/test/golden_comparison/golden_comparison_test.dart: Golden Comparison Tests Golden: dart matches browser render                     00:52 +3422 ~2 -2: /Users/denisnadey/apps/flutter_full_svg_support/test/widget_svg_test.dart: SvgPicture colorFilter with text                                                                         
Warning - golden differed less than .06% (0.0033%), ignoring failure but producing output
Golden "golden_widget/text_color_filter.png": Pixel test failed, 0.33%, 1584px diff detected.
Failure feedback can be found at /Users/denisnadey/apps/flutter_full_svg_support/test/failures
00:52 +3423 ~2 -2: /Users/denisnadey/apps/flutter_full_svg_support/test/golden_comparison/golden_comparison_test.dart: Golden Comparison Tests Golden: dart matches browser render                     00:52 +3424 ~2 -2: /Users/denisnadey/apps/flutter_full_svg_support/test/golden_comparison/golden_comparison_test.dart: Golden Comparison Tests Golden: dart matches browser render                     00:52 +3424 ~2 -2: /Users/denisnadey/apps/flutter_full_svg_support/test/widget_svg_test.dart: SvgPicture respects em units circle (cx, cy, r)                                                          
Warning - golden differed less than .06% (0.00430625%), ignoring failure but producing output
Golden "golden_widget/circle.em_ex.png": Pixel test failed, 0.43%, 2067px diff detected.
Failure feedback can be found at /Users/denisnadey/apps/flutter_full_svg_support/test/failures
00:52 +3425 ~2 -2: /Users/denisnadey/apps/flutter_full_svg_support/test/golden_comparison/golden_comparison_test.dart: Golden Comparison Tests Golden: dart matches browser render                     00:52 +3425 ~2 -2: /Users/denisnadey/apps/flutter_full_svg_support/test/widget_svg_test.dart: SvgPicture respects em units rect (x, y, width, height, rx, ry)                                          
Warning - golden differed less than .06% (0.0007229166666666666%), ignoring failure but producing output
Golden "golden_widget/rect.em_ex.png": Pixel test failed, 0.07%, 347px diff detected.
Failure feedback can be found at /Users/denisnadey/apps/flutter_full_svg_support/test/failures
00:52 +3426 ~2 -2: /Users/denisnadey/apps/flutter_full_svg_support/test/golden_comparison/golden_comparison_test.dart: Golden Comparison Tests Golden: dart matches browser render                     00:52 +3426 ~2 -2: /Users/denisnadey/apps/flutter_full_svg_support/test/widget_svg_test.dart: SvgPicture respects em units ellipse (cx, cy, rx, ry)                                                    
Warning - golden differed less than .06% (0.00195625%), ignoring failure but producing output
Golden "golden_widget/ellipse.em_ex.png": Pixel test failed, 0.20%, 939px diff detected.
Failure feedback can be found at /Users/denisnadey/apps/flutter_full_svg_support/test/failures
00:52 +3427 ~2 -2: /Users/denisnadey/apps/flutter_full_svg_support/test/golden_comparison/golden_comparison_test.dart: Golden Comparison Tests Golden: dart matches browser render                     00:52 +3428 ~2 -2: /Users/denisnadey/apps/flutter_full_svg_support/test/golden_comparison/golden_comparison_test.dart: Golden Comparison Tests Golden: dart matches browser render                     00:52 +3428 ~2 -2: /Users/denisnadey/apps/flutter_full_svg_support/test/widget_svg_test.dart: SvgPicture respects ex units circle (cx, cy, r)                                                          
Warning - golden differed less than .06% (0.00430625%), ignoring failure but producing output
Golden "golden_widget/circle.em_ex2.png": Pixel test failed, 0.43%, 2067px diff detected.
Failure feedback can be found at /Users/denisnadey/apps/flutter_full_svg_support/test/failures
00:52 +3429 ~2 -2: /Users/denisnadey/apps/flutter_full_svg_support/test/golden_comparison/golden_comparison_test.dart: Golden Comparison Tests Golden: dart matches browser render                     00:52 +3429 ~2 -2: /Users/denisnadey/apps/flutter_full_svg_support/test/widget_svg_test.dart: SvgPicture respects ex units rect (x, y, width, height, rx, ry)                                          
Warning - golden differed less than .06% (0.0007229166666666666%), ignoring failure but producing output
Golden "golden_widget/rect.em_ex2.png": Pixel test failed, 0.07%, 347px diff detected.
Failure feedback can be found at /Users/denisnadey/apps/flutter_full_svg_support/test/failures
00:52 +3430 ~2 -2: /Users/denisnadey/apps/flutter_full_svg_support/test/golden_comparison/golden_comparison_test.dart: Golden Comparison Tests Golden: dart matches browser render                     00:52 +3430 ~2 -2: /Users/denisnadey/apps/flutter_full_svg_support/test/widget_svg_test.dart: SvgPicture respects ex units ellipse (cx, cy, rx, ry)                                                    
Warning - golden differed less than .06% (0.00195625%), ignoring failure but producing output
Golden "golden_widget/ellipse.em_ex2.png": Pixel test failed, 0.20%, 939px diff detected.
Failure feedback can be found at /Users/denisnadey/apps/flutter_full_svg_support/test/failures
00:52 +3431 ~2 -2: /Users/denisnadey/apps/flutter_full_svg_support/test/golden_comparison/golden_comparison_test.dart: Golden Comparison Tests Golden: dart matches browser render                     00:52 +3432 ~2 -2: /Users/denisnadey/apps/flutter_full_svg_support/test/golden_comparison/golden_comparison_test.dart: Golden Comparison Tests Golden: dart matches browser render                     00:52 +3433 ~2 -2: /Users/denisnadey/apps/flutter_full_svg_support/test/golden_comparison/golden_comparison_test.dart: Golden Comparison Tests Golden: dart matches browser render                     00:53 +3434 ~2 -2: /Users/denisnadey/apps/flutter_full_svg_support/test/golden_comparison/golden_comparison_test.dart: Golden Comparison Tests Golden: dart matches browser render                     00:53 +3435 ~2 -2: /Users/denisnadey/apps/flutter_full_svg_support/test/golden_comparison/golden_comparison_test.dart: Golden Comparison Tests Golden: dart matches browser render                     00:53 +3436 ~2 -2: /Users/denisnadey/apps/flutter_full_svg_support/test/golden_comparison/golden_comparison_test.dart: Golden Comparison Tests Golden: dart matches browser render                     00:53 +3437 ~2 -2: /Users/denisnadey/apps/flutter_full_svg_support/test/golden_comparison/golden_comparison_test.dart: Golden Comparison Tests Golden: dart matches browser render                     00:53 +3438 ~2 -2: /Users/denisnadey/apps/flutter_full_svg_support/test/golden_comparison/golden_comparison_test.dart: Golden Comparison Tests Golden: dart matches browser render                     00:54 +3438 ~2 -2: /Users/denisnadey/apps/flutter_full_svg_support/test/golden_comparison/golden_comparison_test.dart: Golden Comparison Tests Golden: dart matches browser render                     00:55 +3438 ~2 -2: /Users/denisnadey/apps/flutter_full_svg_support/test/golden_comparison/golden_comparison_test.dart: Golden Comparison Tests Golden: dart matches browser render                     00:56 +3438 ~2 -2: /Users/denisnadey/apps/flutter_full_svg_support/test/golden_comparison/golden_comparison_test.dart: Golden Comparison Tests Golden: dart matches browser render                     00:57 +3438 ~2 -2: /Users/denisnadey/apps/flutter_full_svg_support/test/golden_comparison/golden_comparison_test.dart: Golden Comparison Tests Golden: dart matches browser render                     00:58 +3438 ~2 -2: /Users/denisnadey/apps/flutter_full_svg_support/test/golden_comparison/golden_comparison_test.dart: Golden Comparison Tests Golden: dart matches browser render                     00:59 +3438 ~2 -2: /Users/denisnadey/apps/flutter_full_svg_support/test/golden_comparison/golden_comparison_test.dart: Golden Comparison Tests Golden: dart matches browser render                     01:00 +3438 ~2 -2: /Users/denisnadey/apps/flutter_full_svg_support/test/golden_comparison/golden_comparison_test.dart: Golden Comparison Tests Golden: dart matches browser render                     01:01 +3438 ~2 -2: /Users/denisnadey/apps/flutter_full_svg_support/test/golden_comparison/golden_comparison_test.dart: Golden Comparison Tests Golden: dart matches browser render                     01:02 +3438 ~2 -2: /Users/denisnadey/apps/flutter_full_svg_support/test/golden_comparison/golden_comparison_test.dart: Golden Comparison Tests Golden: dart matches browser render                     01:03 +3438 ~2 -2: /Users/denisnadey/apps/flutter_full_svg_support/test/golden_comparison/golden_comparison_test.dart: Golden Comparison Tests Golden: dart matches browser render                     01:04 +3438 ~2 -2: /Users/denisnadey/apps/flutter_full_svg_support/test/golden_comparison/golden_comparison_test.dart: Golden Comparison Tests Golden: dart matches browser render                     01:05 +3438 ~2 -2: /Users/denisnadey/apps/flutter_full_svg_support/test/golden_comparison/golden_comparison_test.dart: Golden Comparison Tests Golden: dart matches browser render                     01:06 +3438 ~2 -2: /Users/denisnadey/apps/flutter_full_svg_support/test/golden_comparison/golden_comparison_test.dart: Golden Comparison Tests Golden: dart matches browser render                     01:07 +3438 ~2 -2: /Users/denisnadey/apps/flutter_full_svg_support/test/golden_comparison/golden_comparison_test.dart: Golden Comparison Tests Golden: dart matches browser render                     01:08 +3438 ~2 -2: /Users/denisnadey/apps/flutter_full_svg_support/test/golden_comparison/golden_comparison_test.dart: Golden Comparison Tests Golden: dart matches browser render                     01:09 +3438 ~2 -2: /Users/denisnadey/apps/flutter_full_svg_support/test/golden_comparison/golden_comparison_test.dart: Golden Comparison Tests Golden: dart matches browser render                     01:10 +3438 ~2 -2: /Users/denisnadey/apps/flutter_full_svg_support/test/golden_comparison/golden_comparison_test.dart: Golden Comparison Tests Golden: dart matches browser render                     01:11 +3438 ~2 -2: /Users/denisnadey/apps/flutter_full_svg_support/test/golden_comparison/golden_comparison_test.dart: Golden Comparison Tests Golden: dart matches browser render                     01:12 +3438 ~2 -2: /Users/denisnadey/apps/flutter_full_svg_support/test/golden_comparison/golden_comparison_test.dart: Golden Comparison Tests Golden: dart matches browser render                     01:13 +3438 ~2 -2: /Users/denisnadey/apps/flutter_full_svg_support/test/golden_comparison/golden_comparison_test.dart: Golden Comparison Tests Golden: dart matches browser render                     01:14 +3438 ~2 -2: /Users/denisnadey/apps/flutter_full_svg_support/test/golden_comparison/golden_comparison_test.dart: Golden Comparison Tests Golden: dart matches browser render                     01:15 +3438 ~2 -2: /Users/denisnadey/apps/flutter_full_svg_support/test/golden_comparison/golden_comparison_test.dart: Golden Comparison Tests Golden: dart matches browser render                     01:16 +3438 ~2 -2: /Users/denisnadey/apps/flutter_full_svg_support/test/golden_comparison/golden_comparison_test.dart: Golden Comparison Tests Golden: dart matches browser render                     01:17 +3438 ~2 -2: /Users/denisnadey/apps/flutter_full_svg_support/test/golden_comparison/golden_comparison_test.dart: Golden Comparison Tests Golden: dart matches browser render                     01:18 +3438 ~2 -2: /Users/denisnadey/apps/flutter_full_svg_support/test/golden_comparison/golden_comparison_test.dart: Golden Comparison Tests Golden: dart matches browser render                     01:19 +3438 ~2 -2: /Users/denisnadey/apps/flutter_full_svg_support/test/golden_comparison/golden_comparison_test.dart: Golden Comparison Tests Golden: dart matches browser render                     01:20 +3438 ~2 -2: /Users/denisnadey/apps/flutter_full_svg_support/test/golden_comparison/golden_comparison_test.dart: Golden Comparison Tests Golden: dart matches browser render                     01:21 +3438 ~2 -2: /Users/denisnadey/apps/flutter_full_svg_support/test/golden_comparison/golden_comparison_test.dart: Golden Comparison Tests Golden: dart matches browser render                     01:22 +3438 ~2 -2: /Users/denisnadey/apps/flutter_full_svg_support/test/golden_comparison/golden_comparison_test.dart: Golden Comparison Tests Golden: dart matches browser render                     01:23 +3438 ~2 -2: /Users/denisnadey/apps/flutter_full_svg_support/test/golden_comparison/golden_comparison_test.dart: Golden Comparison Tests Golden: dart matches browser render                     01:24 +3438 ~2 -2: /Users/denisnadey/apps/flutter_full_svg_support/test/golden_comparison/golden_comparison_test.dart: Golden Comparison Tests Golden: dart matches browser render                     01:25 +3438 ~2 -2: /Users/denisnadey/apps/flutter_full_svg_support/test/golden_comparison/golden_comparison_test.dart: Golden Comparison Tests Golden: dart matches browser render                     01:26 +3438 ~2 -2: /Users/denisnadey/apps/flutter_full_svg_support/test/golden_comparison/golden_comparison_test.dart: Golden Comparison Tests Golden: dart matches browser render                     01:27 +3438 ~2 -2: /Users/denisnadey/apps/flutter_full_svg_support/test/golden_comparison/golden_comparison_test.dart: Golden Comparison Tests Golden: dart matches browser render                     01:28 +3438 ~2 -2: /Users/denisnadey/apps/flutter_full_svg_support/test/golden_comparison/golden_comparison_test.dart: Golden Comparison Tests Golden: dart matches browser render                     01:29 +3438 ~2 -2: /Users/denisnadey/apps/flutter_full_svg_support/test/golden_comparison/golden_comparison_test.dart: Golden Comparison Tests Golden: dart matches browser render                     01:30 +3438 ~2 -2: /Users/denisnadey/apps/flutter_full_svg_support/test/golden_comparison/golden_comparison_test.dart: Golden Comparison Tests Golden: dart matches browser render                     01:31 +3438 ~2 -2: /Users/denisnadey/apps/flutter_full_svg_support/test/golden_comparison/golden_comparison_test.dart: Golden Comparison Tests Golden: dart matches browser render                     08:02 +3438 ~2 -2: /Users/denisnadey/apps/flutter_full_svg_support/test/golden_comparison/golden_comparison_test.dart: Golden Comparison Tests Golden: dart matches browser render                     08:03 +3438 ~2 -2: /Users/denisnadey/apps/flutter_full_svg_support/test/golden_comparison/golden_comparison_test.dart: Golden Comparison Tests Golden: dart matches browser render                     08:04 +3438 ~2 -2: /Users/denisnadey/apps/flutter_full_svg_support/test/golden_comparison/golden_comparison_test.dart: Golden Comparison Tests Golden: dart matches browser render                     08:05 +3438 ~2 -2: /Users/denisnadey/apps/flutter_full_svg_support/test/golden_comparison/golden_comparison_test.dart: Golden Comparison Tests Golden: dart matches browser render                     08:06 +3438 ~2 -2: /Users/denisnadey/apps/flutter_full_svg_support/test/golden_comparison/golden_comparison_test.dart: Golden Comparison Tests Golden: dart matches browser render                     08:07 +3438 ~2 -2: /Users/denisnadey/apps/flutter_full_svg_support/test/golden_comparison/golden_comparison_test.dart: Golden Comparison Tests Golden: dart matches browser render                     08:08 +3438 ~2 -2: /Users/denisnadey/apps/flutter_full_svg_support/test/golden_comparison/golden_comparison_test.dart: Golden Comparison Tests Golden: dart matches browser render                     08:09 +3438 ~2 -2: /Users/denisnadey/apps/flutter_full_svg_support/test/golden_comparison/golden_comparison_test.dart: Golden Comparison Tests Golden: dart matches browser render                     08:10 +3438 ~2 -2: /Users/denisnadey/apps/flutter_full_svg_support/test/golden_comparison/golden_comparison_test.dart: Golden Comparison Tests Golden: dart matches browser render                     08:11 +3438 ~2 -2: /Users/denisnadey/apps/flutter_full_svg_support/test/golden_comparison/golden_comparison_test.dart: Golden Comparison Tests Golden: dart matches browser render                     08:12 +3438 ~2 -2: /Users/denisnadey/apps/flutter_full_svg_support/test/golden_comparison/golden_comparison_test.dart: Golden Comparison Tests Golden: dart matches browser render                     08:13 +3438 ~2 -2: /Users/denisnadey/apps/flutter_full_svg_support/test/golden_comparison/golden_comparison_test.dart: Golden Comparison Tests Golden: dart matches browser render                     08:14 +3438 ~2 -2: /Users/denisnadey/apps/flutter_full_svg_support/test/golden_comparison/golden_comparison_test.dart: Golden Comparison Tests Golden: dart matches browser render                     08:15 +3438 ~2 -2: /Users/denisnadey/apps/flutter_full_svg_support/test/golden_comparison/golden_comparison_test.dart: Golden Comparison Tests Golden: dart matches browser render                     08:16 +3438 ~2 -2: /Users/denisnadey/apps/flutter_full_svg_support/test/golden_comparison/golden_comparison_test.dart: Golden Comparison Tests Golden: dart matches browser render                     08:17 +3438 ~2 -2: /Users/denisnadey/apps/flutter_full_svg_support/test/golden_comparison/golden_comparison_test.dart: Golden Comparison Tests Golden: dart matches browser render                     08:18 +3438 ~2 -2: /Users/denisnadey/apps/flutter_full_svg_support/test/golden_comparison/golden_comparison_test.dart: Golden Comparison Tests Golden: dart matches browser render                     08:19 +3438 ~2 -2: /Users/denisnadey/apps/flutter_full_svg_support/test/golden_comparison/golden_comparison_test.dart: Golden Comparison Tests Golden: dart matches browser render                     08:20 +3438 ~2 -2: /Users/denisnadey/apps/flutter_full_svg_support/test/golden_comparison/golden_comparison_test.dart: Golden Comparison Tests Golden: dart matches browser render                     08:21 +3438 ~2 -2: /Users/denisnadey/apps/flutter_full_svg_support/test/golden_comparison/golden_comparison_test.dart: Golden Comparison Tests Golden: dart matches browser render                     08:22 +3438 ~2 -2: /Users/denisnadey/apps/flutter_full_svg_support/test/golden_comparison/golden_comparison_test.dart: Golden Comparison Tests Golden: dart matches browser render                     08:23 +3438 ~2 -2: /Users/denisnadey/apps/flutter_full_svg_support/test/golden_comparison/golden_comparison_test.dart: Golden Comparison Tests Golden: dart matches browser render                     08:24 +3438 ~2 -2: /Users/denisnadey/apps/flutter_full_svg_support/test/golden_comparison/golden_comparison_test.dart: Golden Comparison Tests Golden: dart matches browser render                     08:25 +3438 ~2 -2: /Users/denisnadey/apps/flutter_full_svg_support/test/golden_comparison/golden_comparison_test.dart: Golden Comparison Tests Golden: dart matches browser render                     08:26 +3438 ~2 -2: /Users/denisnadey/apps/flutter_full_svg_support/test/golden_comparison/golden_comparison_test.dart: Golden Comparison Tests Golden: dart matches browser render                     08:27 +3438 ~2 -2: /Users/denisnadey/apps/flutter_full_svg_support/test/golden_comparison/golden_comparison_test.dart: Golden Comparison Tests Golden: dart matches browser render                     08:28 +3438 ~2 -2: /Users/denisnadey/apps/flutter_full_svg_support/test/golden_comparison/golden_comparison_test.dart: Golden Comparison Tests Golden: dart matches browser render                     08:29 +3438 ~2 -2: /Users/denisnadey/apps/flutter_full_svg_support/test/golden_comparison/golden_comparison_test.dart: Golden Comparison Tests Golden: dart matches browser render                     08:30 +3438 ~2 -2: /Users/denisnadey/apps/flutter_full_svg_support/test/golden_comparison/golden_comparison_test.dart: Golden Comparison Tests Golden: dart matches browser render                     08:31 +3438 ~2 -2: /Users/denisnadey/apps/flutter_full_svg_support/test/golden_comparison/golden_comparison_test.dart: Golden Comparison Tests Golden: dart matches browser render                     08:32 +3438 ~2 -2: /Users/denisnadey/apps/flutter_full_svg_support/test/golden_comparison/golden_comparison_test.dart: Golden Comparison Tests Golden: dart matches browser render                     08:33 +3438 ~2 -2: /Users/denisnadey/apps/flutter_full_svg_support/test/golden_comparison/golden_comparison_test.dart: Golden Comparison Tests Golden: dart matches browser render                     08:34 +3438 ~2 -2: /Users/denisnadey/apps/flutter_full_svg_support/test/golden_comparison/golden_comparison_test.dart: Golden Comparison Tests Golden: dart matches browser render                     08:35 +3438 ~2 -2: /Users/denisnadey/apps/flutter_full_svg_support/test/golden_comparison/golden_comparison_test.dart: Golden Comparison Tests Golden: dart matches browser render                     08:36 +3438 ~2 -2: /Users/denisnadey/apps/flutter_full_svg_support/test/golden_comparison/golden_comparison_test.dart: Golden Comparison Tests Golden: dart matches browser render                     08:37 +3438 ~2 -2: /Users/denisnadey/apps/flutter_full_svg_support/test/golden_comparison/golden_comparison_test.dart: Golden Comparison Tests Golden: dart matches browser render                     08:38 +3438 ~2 -2: /Users/denisnadey/apps/flutter_full_svg_support/test/golden_comparison/golden_comparison_test.dart: Golden Comparison Tests Golden: dart matches browser render                     08:39 +3438 ~2 -2: /Users/denisnadey/apps/flutter_full_svg_support/test/golden_comparison/golden_comparison_test.dart: Golden Comparison Tests Golden: dart matches browser render                     08:40 +3438 ~2 -2: /Users/denisnadey/apps/flutter_full_svg_support/test/golden_comparison/golden_comparison_test.dart: Golden Comparison Tests Golden: dart matches browser render                     08:41 +3438 ~2 -2: /Users/denisnadey/apps/flutter_full_svg_support/test/golden_comparison/golden_comparison_test.dart: Golden Comparison Tests Golden: dart matches browser render                     08:42 +3438 ~2 -2: /Users/denisnadey/apps/flutter_full_svg_support/test/golden_comparison/golden_comparison_test.dart: Golden Comparison Tests Golden: dart matches browser render                     08:43 +3438 ~2 -2: /Users/denisnadey/apps/flutter_full_svg_support/test/golden_comparison/golden_comparison_test.dart: Golden Comparison Tests Golden: dart matches browser render                     08:44 +3438 ~2 -2: /Users/denisnadey/apps/flutter_full_svg_support/test/golden_comparison/golden_comparison_test.dart: Golden Comparison Tests Golden: dart matches browser render                     08:45 +3438 ~2 -2: /Users/denisnadey/apps/flutter_full_svg_support/test/golden_comparison/golden_comparison_test.dart: Golden Comparison Tests Golden: dart matches browser render                     08:46 +3438 ~2 -2: /Users/denisnadey/apps/flutter_full_svg_support/test/golden_comparison/golden_comparison_test.dart: Golden Comparison Tests Golden: dart matches browser render                     08:47 +3438 ~2 -2: /Users/denisnadey/apps/flutter_full_svg_support/test/golden_comparison/golden_comparison_test.dart: Golden Comparison Tests Golden: dart matches browser render                     08:48 +3438 ~2 -2: /Users/denisnadey/apps/flutter_full_svg_support/test/golden_comparison/golden_comparison_test.dart: Golden Comparison Tests Golden: dart matches browser render                     08:49 +3438 ~2 -2: /Users/denisnadey/apps/flutter_full_svg_support/test/golden_comparison/golden_comparison_test.dart: Golden Comparison Tests Golden: dart matches browser render                     08:50 +3438 ~2 -2: /Users/denisnadey/apps/flutter_full_svg_support/test/golden_comparison/golden_comparison_test.dart: Golden Comparison Tests Golden: dart matches browser render                     08:51 +3438 ~2 -2: /Users/denisnadey/apps/flutter_full_svg_support/test/golden_comparison/golden_comparison_test.dart: Golden Comparison Tests Golden: dart matches browser render                     08:52 +3438 ~2 -2: /Users/denisnadey/apps/flutter_full_svg_support/test/golden_comparison/golden_comparison_test.dart: Golden Comparison Tests Golden: dart matches browser render                     08:53 +3438 ~2 -2: /Users/denisnadey/apps/flutter_full_svg_support/test/golden_comparison/golden_comparison_test.dart: Golden Comparison Tests Golden: dart matches browser render                     08:54 +3438 ~2 -2: /Users/denisnadey/apps/flutter_full_svg_support/test/golden_comparison/golden_comparison_test.dart: Golden Comparison Tests Golden: dart matches browser render                     08:55 +3438 ~2 -2: /Users/denisnadey/apps/flutter_full_svg_support/test/golden_comparison/golden_comparison_test.dart: Golden Comparison Tests Golden: dart matches browser render                     08:56 +3438 ~2 -2: /Users/denisnadey/apps/flutter_full_svg_support/test/golden_comparison/golden_comparison_test.dart: Golden Comparison Tests Golden: dart matches browser render                     08:57 +3438 ~2 -2: /Users/denisnadey/apps/flutter_full_svg_support/test/golden_comparison/golden_comparison_test.dart: Golden Comparison Tests Golden: dart matches browser render                     08:58 +3438 ~2 -2: /Users/denisnadey/apps/flutter_full_svg_support/test/golden_comparison/golden_comparison_test.dart: Golden Comparison Tests Golden: dart matches browser render                     08:59 +3438 ~2 -2: /Users/denisnadey/apps/flutter_full_svg_support/test/golden_comparison/golden_comparison_test.dart: Golden Comparison Tests Golden: dart matches browser render                     09:00 +3438 ~2 -2: /Users/denisnadey/apps/flutter_full_svg_support/test/golden_comparison/golden_comparison_test.dart: Golden Comparison Tests Golden: dart matches browser render                     09:01 +3438 ~2 -2: /Users/denisnadey/apps/flutter_full_svg_support/test/golden_comparison/golden_comparison_test.dart: Golden Comparison Tests Golden: dart matches browser render                     09:02 +3438 ~2 -2: /Users/denisnadey/apps/flutter_full_svg_support/test/golden_comparison/golden_comparison_test.dart: Golden Comparison Tests Golden: dart matches browser render                     09:03 +3438 ~2 -2: /Users/denisnadey/apps/flutter_full_svg_support/test/golden_comparison/golden_comparison_test.dart: Golden Comparison Tests Golden: dart matches browser render                     09:04 +3438 ~2 -2: /Users/denisnadey/apps/flutter_full_svg_support/test/golden_comparison/golden_comparison_test.dart: Golden Comparison Tests Golden: dart matches browser render                     09:05 +3438 ~2 -2: /Users/denisnadey/apps/flutter_full_svg_support/test/golden_comparison/golden_comparison_test.dart: Golden Comparison Tests Golden: dart matches browser render                     09:06 +3438 ~2 -2: /Users/denisnadey/apps/flutter_full_svg_support/test/golden_comparison/golden_comparison_test.dart: Golden Comparison Tests Golden: dart matches browser render                     09:07 +3438 ~2 -2: /Users/denisnadey/apps/flutter_full_svg_support/test/golden_comparison/golden_comparison_test.dart: Golden Comparison Tests Golden: dart matches browser render                     09:08 +3438 ~2 -2: /Users/denisnadey/apps/flutter_full_svg_support/test/golden_comparison/golden_comparison_test.dart: Golden Comparison Tests Golden: dart matches browser render                     09:09 +3438 ~2 -2: /Users/denisnadey/apps/flutter_full_svg_support/test/golden_comparison/golden_comparison_test.dart: Golden Comparison Tests Golden: dart matches browser render                     09:10 +3438 ~2 -2: /Users/denisnadey/apps/flutter_full_svg_support/test/golden_comparison/golden_comparison_test.dart: Golden Comparison Tests Golden: dart matches browser render                     09:11 +3438 ~2 -2: /Users/denisnadey/apps/flutter_full_svg_support/test/golden_comparison/golden_comparison_test.dart: Golden Comparison Tests Golden: dart matches browser render                     09:12 +3438 ~2 -2: /Users/denisnadey/apps/flutter_full_svg_support/test/golden_comparison/golden_comparison_test.dart: Golden Comparison Tests Golden: dart matches browser render                     09:13 +3438 ~2 -2: /Users/denisnadey/apps/flutter_full_svg_support/test/golden_comparison/golden_comparison_test.dart: Golden Comparison Tests Golden: dart matches browser render                     09:14 +3438 ~2 -2: /Users/denisnadey/apps/flutter_full_svg_support/test/golden_comparison/golden_comparison_test.dart: Golden Comparison Tests Golden: dart matches browser render                     09:15 +3438 ~2 -2: /Users/denisnadey/apps/flutter_full_svg_support/test/golden_comparison/golden_comparison_test.dart: Golden Comparison Tests Golden: dart matches browser render                     09:16 +3438 ~2 -2: /Users/denisnadey/apps/flutter_full_svg_support/test/golden_comparison/golden_comparison_test.dart: Golden Comparison Tests Golden: dart matches browser render                     09:17 +3438 ~2 -2: /Users/denisnadey/apps/flutter_full_svg_support/test/golden_comparison/golden_comparison_test.dart: Golden Comparison Tests Golden: dart matches browser render                     09:18 +3438 ~2 -2: /Users/denisnadey/apps/flutter_full_svg_support/test/golden_comparison/golden_comparison_test.dart: Golden Comparison Tests Golden: dart matches browser render                     09:19 +3438 ~2 -2: /Users/denisnadey/apps/flutter_full_svg_support/test/golden_comparison/golden_comparison_test.dart: Golden Comparison Tests Golden: dart matches browser render                     09:20 +3438 ~2 -2: /Users/denisnadey/apps/flutter_full_svg_support/test/golden_comparison/golden_comparison_test.dart: Golden Comparison Tests Golden: dart matches browser render                     09:21 +3438 ~2 -2: /Users/denisnadey/apps/flutter_full_svg_support/test/golden_comparison/golden_comparison_test.dart: Golden Comparison Tests Golden: dart matches browser render                     09:22 +3438 ~2 -2: /Users/denisnadey/apps/flutter_full_svg_support/test/golden_comparison/golden_comparison_test.dart: Golden Comparison Tests Golden: dart matches browser render                     09:23 +3438 ~2 -2: /Users/denisnadey/apps/flutter_full_svg_support/test/golden_comparison/golden_comparison_test.dart: Golden Comparison Tests Golden: dart matches browser render                     09:24 +3438 ~2 -2: /Users/denisnadey/apps/flutter_full_svg_support/test/golden_comparison/golden_comparison_test.dart: Golden Comparison Tests Golden: dart matches browser render                     09:25 +3438 ~2 -2: /Users/denisnadey/apps/flutter_full_svg_support/test/golden_comparison/golden_comparison_test.dart: Golden Comparison Tests Golden: dart matches browser render                     09:26 +3438 ~2 -2: /Users/denisnadey/apps/flutter_full_svg_support/test/golden_comparison/golden_comparison_test.dart: Golden Comparison Tests Golden: dart matches browser render                     09:27 +3438 ~2 -2: /Users/denisnadey/apps/flutter_full_svg_support/test/golden_comparison/golden_comparison_test.dart: Golden Comparison Tests Golden: dart matches browser render                     09:28 +3438 ~2 -2: /Users/denisnadey/apps/flutter_full_svg_support/test/golden_comparison/golden_comparison_test.dart: Golden Comparison Tests Golden: dart matches browser render                     09:29 +3438 ~2 -2: /Users/denisnadey/apps/flutter_full_svg_support/test/golden_comparison/golden_comparison_test.dart: Golden Comparison Tests Golden: dart matches browser render                     09:30 +3438 ~2 -2: /Users/denisnadey/apps/flutter_full_svg_support/test/golden_comparison/golden_comparison_test.dart: Golden Comparison Tests Golden: dart matches browser render                     09:31 +3438 ~2 -2: /Users/denisnadey/apps/flutter_full_svg_support/test/golden_comparison/golden_comparison_test.dart: Golden Comparison Tests Golden: dart matches browser render                     09:32 +3438 ~2 -2: /Users/denisnadey/apps/flutter_full_svg_support/test/golden_comparison/golden_comparison_test.dart: Golden Comparison Tests Golden: dart matches browser render                     09:33 +3438 ~2 -2: /Users/denisnadey/apps/flutter_full_svg_support/test/golden_comparison/golden_comparison_test.dart: Golden Comparison Tests Golden: dart matches browser render                     09:34 +3438 ~2 -2: /Users/denisnadey/apps/flutter_full_svg_support/test/golden_comparison/golden_comparison_test.dart: Golden Comparison Tests Golden: dart matches browser render                     09:35 +3438 ~2 -2: /Users/denisnadey/apps/flutter_full_svg_support/test/golden_comparison/golden_comparison_test.dart: Golden Comparison Tests Golden: dart matches browser render                     09:36 +3438 ~2 -2: /Users/denisnadey/apps/flutter_full_svg_support/test/golden_comparison/golden_comparison_test.dart: Golden Comparison Tests Golden: dart matches browser render                     09:37 +3438 ~2 -2: /Users/denisnadey/apps/flutter_full_svg_support/test/golden_comparison/golden_comparison_test.dart: Golden Comparison Tests Golden: dart matches browser render                     09:38 +3438 ~2 -2: /Users/denisnadey/apps/flutter_full_svg_support/test/golden_comparison/golden_comparison_test.dart: Golden Comparison Tests Golden: dart matches browser render                     09:39 +3438 ~2 -2: /Users/denisnadey/apps/flutter_full_svg_support/test/golden_comparison/golden_comparison_test.dart: Golden Comparison Tests Golden: dart matches browser render                     09:40 +3438 ~2 -2: /Users/denisnadey/apps/flutter_full_svg_support/test/golden_comparison/golden_comparison_test.dart: Golden Comparison Tests Golden: dart matches browser render                     09:41 +3438 ~2 -2: /Users/denisnadey/apps/flutter_full_svg_support/test/golden_comparison/golden_comparison_test.dart: Golden Comparison Tests Golden: dart matches browser render                     09:42 +3438 ~2 -2: /Users/denisnadey/apps/flutter_full_svg_support/test/golden_comparison/golden_comparison_test.dart: Golden Comparison Tests Golden: dart matches browser render                     09:43 +3438 ~2 -2: /Users/denisnadey/apps/flutter_full_svg_support/test/golden_comparison/golden_comparison_test.dart: Golden Comparison Tests Golden: dart matches browser render                     09:44 +3438 ~2 -2: /Users/denisnadey/apps/flutter_full_svg_support/test/golden_comparison/golden_comparison_test.dart: Golden Comparison Tests Golden: dart matches browser render                     09:45 +3438 ~2 -2: /Users/denisnadey/apps/flutter_full_svg_support/test/golden_comparison/golden_comparison_test.dart: Golden Comparison Tests Golden: dart matches browser render                     09:46 +3438 ~2 -2: /Users/denisnadey/apps/flutter_full_svg_support/test/golden_comparison/golden_comparison_test.dart: Golden Comparison Tests Golden: dart matches browser render                     09:47 +3438 ~2 -2: /Users/denisnadey/apps/flutter_full_svg_support/test/golden_comparison/golden_comparison_test.dart: Golden Comparison Tests Golden: dart matches browser render                     09:48 +3438 ~2 -2: /Users/denisnadey/apps/flutter_full_svg_support/test/golden_comparison/golden_comparison_test.dart: Golden Comparison Tests Golden: dart matches browser render                     09:49 +3438 ~2 -2: /Users/denisnadey/apps/flutter_full_svg_support/test/golden_comparison/golden_comparison_test.dart: Golden Comparison Tests Golden: dart matches browser render                     09:50 +3438 ~2 -2: /Users/denisnadey/apps/flutter_full_svg_support/test/golden_comparison/golden_comparison_test.dart: Golden Comparison Tests Golden: dart matches browser render                     09:51 +3438 ~2 -2: /Users/denisnadey/apps/flutter_full_svg_support/test/golden_comparison/golden_comparison_test.dart: Golden Comparison Tests Golden: dart matches browser render                     09:52 +3438 ~2 -2: /Users/denisnadey/apps/flutter_full_svg_support/test/golden_comparison/golden_comparison_test.dart: Golden Comparison Tests Golden: dart matches browser render                     09:53 +3438 ~2 -2: /Users/denisnadey/apps/flutter_full_svg_support/test/golden_comparison/golden_comparison_test.dart: Golden Comparison Tests Golden: dart matches browser render                     09:54 +3438 ~2 -2: /Users/denisnadey/apps/flutter_full_svg_support/test/golden_comparison/golden_comparison_test.dart: Golden Comparison Tests Golden: dart matches browser render                     09:55 +3438 ~2 -2: /Users/denisnadey/apps/flutter_full_svg_support/test/golden_comparison/golden_comparison_test.dart: Golden Comparison Tests Golden: dart matches browser render                     09:56 +3438 ~2 -2: /Users/denisnadey/apps/flutter_full_svg_support/test/golden_comparison/golden_comparison_test.dart: Golden Comparison Tests Golden: dart matches browser render                     09:57 +3438 ~2 -2: /Users/denisnadey/apps/flutter_full_svg_support/test/golden_comparison/golden_comparison_test.dart: Golden Comparison Tests Golden: dart matches browser render                     09:58 +3438 ~2 -2: /Users/denisnadey/apps/flutter_full_svg_support/test/golden_comparison/golden_comparison_test.dart: Golden Comparison Tests Golden: dart matches browser render                     09:59 +3438 ~2 -2: /Users/denisnadey/apps/flutter_full_svg_support/test/golden_comparison/golden_comparison_test.dart: Golden Comparison Tests Golden: dart matches browser render                     10:00 +3438 ~2 -2: /Users/denisnadey/apps/flutter_full_svg_support/test/golden_comparison/golden_comparison_test.dart: Golden Comparison Tests Golden: dart matches browser render                     10:01 +3438 ~2 -2: /Users/denisnadey/apps/flutter_full_svg_support/test/golden_comparison/golden_comparison_test.dart: Golden Comparison Tests Golden: dart matches browser render                     10:02 +3438 ~2 -2: /Users/denisnadey/apps/flutter_full_svg_support/test/golden_comparison/golden_comparison_test.dart: Golden Comparison Tests Golden: dart matches browser render                     10:03 +3438 ~2 -2: /Users/denisnadey/apps/flutter_full_svg_support/test/golden_comparison/golden_comparison_test.dart: Golden Comparison Tests Golden: dart matches browser render                     10:04 +3438 ~2 -2: /Users/denisnadey/apps/flutter_full_svg_support/test/golden_comparison/golden_comparison_test.dart: Golden Comparison Tests Golden: dart matches browser render                     10:05 +3438 ~2 -2: /Users/denisnadey/apps/flutter_full_svg_support/test/golden_comparison/golden_comparison_test.dart: Golden Comparison Tests Golden: dart matches browser render                     10:06 +3438 ~2 -2: /Users/denisnadey/apps/flutter_full_svg_support/test/golden_comparison/golden_comparison_test.dart: Golden Comparison Tests Golden: dart matches browser render                     10:07 +3438 ~2 -2: /Users/denisnadey/apps/flutter_full_svg_support/test/golden_comparison/golden_comparison_test.dart: Golden Comparison Tests Golden: dart matches browser render                     10:08 +3438 ~2 -2: /Users/denisnadey/apps/flutter_full_svg_support/test/golden_comparison/golden_comparison_test.dart: Golden Comparison Tests Golden: dart matches browser render                     10:09 +3438 ~2 -2: /Users/denisnadey/apps/flutter_full_svg_support/test/golden_comparison/golden_comparison_test.dart: Golden Comparison Tests Golden: dart matches browser render                     10:10 +3438 ~2 -2: /Users/denisnadey/apps/flutter_full_svg_support/test/golden_comparison/golden_comparison_test.dart: Golden Comparison Tests Golden: dart matches browser render                     10:11 +3438 ~2 -2: /Users/denisnadey/apps/flutter_full_svg_support/test/golden_comparison/golden_comparison_test.dart: Golden Comparison Tests Golden: dart matches browser render                     10:12 +3438 ~2 -2: /Users/denisnadey/apps/flutter_full_svg_support/test/golden_comparison/golden_comparison_test.dart: Golden Comparison Tests Golden: dart matches browser render                     10:13 +3438 ~2 -2: /Users/denisnadey/apps/flutter_full_svg_support/test/golden_comparison/golden_comparison_test.dart: Golden Comparison Tests Golden: dart matches browser render                     10:14 +3438 ~2 -2: /Users/denisnadey/apps/flutter_full_svg_support/test/golden_comparison/golden_comparison_test.dart: Golden Comparison Tests Golden: dart matches browser render                     10:15 +3438 ~2 -2: /Users/denisnadey/apps/flutter_full_svg_support/test/golden_comparison/golden_comparison_test.dart: Golden Comparison Tests Golden: dart matches browser render                     10:16 +3438 ~2 -2: /Users/denisnadey/apps/flutter_full_svg_support/test/golden_comparison/golden_comparison_test.dart: Golden Comparison Tests Golden: dart matches browser render                     10:17 +3438 ~2 -2: /Users/denisnadey/apps/flutter_full_svg_support/test/golden_comparison/golden_comparison_test.dart: Golden Comparison Tests Golden: dart matches browser render                     10:18 +3438 ~2 -2: /Users/denisnadey/apps/flutter_full_svg_support/test/golden_comparison/golden_comparison_test.dart: Golden Comparison Tests Golden: dart matches browser render                     10:19 +3438 ~2 -2: /Users/denisnadey/apps/flutter_full_svg_support/test/golden_comparison/golden_comparison_test.dart: Golden Comparison Tests Golden: dart matches browser render                     10:20 +3438 ~2 -2: /Users/denisnadey/apps/flutter_full_svg_support/test/golden_comparison/golden_comparison_test.dart: Golden Comparison Tests Golden: dart matches browser render                     10:21 +3438 ~2 -2: /Users/denisnadey/apps/flutter_full_svg_support/test/golden_comparison/golden_comparison_test.dart: Golden Comparison Tests Golden: dart matches browser render                     10:22 +3438 ~2 -2: /Users/denisnadey/apps/flutter_full_svg_support/test/golden_comparison/golden_comparison_test.dart: Golden Comparison Tests Golden: dart matches browser render                     10:23 +3438 ~2 -2: /Users/denisnadey/apps/flutter_full_svg_support/test/golden_comparison/golden_comparison_test.dart: Golden Comparison Tests Golden: dart matches browser render                     10:24 +3438 ~2 -2: /Users/denisnadey/apps/flutter_full_svg_support/test/golden_comparison/golden_comparison_test.dart: Golden Comparison Tests Golden: dart matches browser render                     10:25 +3438 ~2 -2: /Users/denisnadey/apps/flutter_full_svg_support/test/golden_comparison/golden_comparison_test.dart: Golden Comparison Tests Golden: dart matches browser render                     10:26 +3438 ~2 -2: /Users/denisnadey/apps/flutter_full_svg_support/test/golden_comparison/golden_comparison_test.dart: Golden Comparison Tests Golden: dart matches browser render                     10:27 +3438 ~2 -2: /Users/denisnadey/apps/flutter_full_svg_support/test/golden_comparison/golden_comparison_test.dart: Golden Comparison Tests Golden: dart matches browser render                     10:28 +3438 ~2 -2: /Users/denisnadey/apps/flutter_full_svg_support/test/golden_comparison/golden_comparison_test.dart: Golden Comparison Tests Golden: dart matches browser render                     10:29 +3438 ~2 -2: /Users/denisnadey/apps/flutter_full_svg_support/test/golden_comparison/golden_comparison_test.dart: Golden Comparison Tests Golden: dart matches browser render                     10:30 +3438 ~2 -2: /Users/denisnadey/apps/flutter_full_svg_support/test/golden_comparison/golden_comparison_test.dart: Golden Comparison Tests Golden: dart matches browser render                     10:31 +3438 ~2 -2: /Users/denisnadey/apps/flutter_full_svg_support/test/golden_comparison/golden_comparison_test.dart: Golden Comparison Tests Golden: dart matches browser render                     10:32 +3438 ~2 -2: /Users/denisnadey/apps/flutter_full_svg_support/test/golden_comparison/golden_comparison_test.dart: Golden Comparison Tests Golden: dart matches browser render                     10:33 +3438 ~2 -2: /Users/denisnadey/apps/flutter_full_svg_support/test/golden_comparison/golden_comparison_test.dart: Golden Comparison Tests Golden: dart matches browser render                     10:34 +3438 ~2 -2: /Users/denisnadey/apps/flutter_full_svg_support/test/golden_comparison/golden_comparison_test.dart: Golden Comparison Tests Golden: dart matches browser render                     10:35 +3438 ~2 -2: /Users/denisnadey/apps/flutter_full_svg_support/test/golden_comparison/golden_comparison_test.dart: Golden Comparison Tests Golden: dart matches browser render                     10:36 +3438 ~2 -2: /Users/denisnadey/apps/flutter_full_svg_support/test/golden_comparison/golden_comparison_test.dart: Golden Comparison Tests Golden: dart matches browser render                     10:37 +3438 ~2 -2: /Users/denisnadey/apps/flutter_full_svg_support/test/golden_comparison/golden_comparison_test.dart: Golden Comparison Tests Golden: dart matches browser render                     10:38 +3438 ~2 -2: /Users/denisnadey/apps/flutter_full_svg_support/test/golden_comparison/golden_comparison_test.dart: Golden Comparison Tests Golden: dart matches browser render                     10:39 +3438 ~2 -2: /Users/denisnadey/apps/flutter_full_svg_support/test/golden_comparison/golden_comparison_test.dart: Golden Comparison Tests Golden: dart matches browser render                     10:40 +3438 ~2 -2: /Users/denisnadey/apps/flutter_full_svg_support/test/golden_comparison/golden_comparison_test.dart: Golden Comparison Tests Golden: dart matches browser render                     10:41 +3438 ~2 -2: /Users/denisnadey/apps/flutter_full_svg_support/test/golden_comparison/golden_comparison_test.dart: Golden Comparison Tests Golden: dart matches browser render                     10:42 +3438 ~2 -2: /Users/denisnadey/apps/flutter_full_svg_support/test/golden_comparison/golden_comparison_test.dart: Golden Comparison Tests Golden: dart matches browser render                     10:43 +3438 ~2 -2: /Users/denisnadey/apps/flutter_full_svg_support/test/golden_comparison/golden_comparison_test.dart: Golden Comparison Tests Golden: dart matches browser render                     10:44 +3438 ~2 -2: /Users/denisnadey/apps/flutter_full_svg_support/test/golden_comparison/golden_comparison_test.dart: Golden Comparison Tests Golden: dart matches browser render                     10:45 +3438 ~2 -2: /Users/denisnadey/apps/flutter_full_svg_support/test/golden_comparison/golden_comparison_test.dart: Golden Comparison Tests Golden: dart matches browser render                     10:46 +3438 ~2 -2: /Users/denisnadey/apps/flutter_full_svg_support/test/golden_comparison/golden_comparison_test.dart: Golden Comparison Tests Golden: dart matches browser render                     10:47 +3438 ~2 -2: /Users/denisnadey/apps/flutter_full_svg_support/test/golden_comparison/golden_comparison_test.dart: Golden Comparison Tests Golden: dart matches browser render                     10:48 +3438 ~2 -2: /Users/denisnadey/apps/flutter_full_svg_support/test/golden_comparison/golden_comparison_test.dart: Golden Comparison Tests Golden: dart matches browser render                     10:49 +3438 ~2 -2: /Users/denisnadey/apps/flutter_full_svg_support/test/golden_comparison/golden_comparison_test.dart: Golden Comparison Tests Golden: dart matches browser render                     10:50 +3438 ~2 -2: /Users/denisnadey/apps/flutter_full_svg_support/test/golden_comparison/golden_comparison_test.dart: Golden Comparison Tests Golden: dart matches browser render                     10:51 +3438 ~2 -2: /Users/denisnadey/apps/flutter_full_svg_support/test/golden_comparison/golden_comparison_test.dart: Golden Comparison Tests Golden: dart matches browser render                     10:52 +3438 ~2 -2: /Users/denisnadey/apps/flutter_full_svg_support/test/golden_comparison/golden_comparison_test.dart: Golden Comparison Tests Golden: dart matches browser render                     10:53 +3438 ~2 -2: /Users/denisnadey/apps/flutter_full_svg_support/test/golden_comparison/golden_comparison_test.dart: Golden Comparison Tests Golden: dart matches browser render                     10:54 +3438 ~2 -2: /Users/denisnadey/apps/flutter_full_svg_support/test/golden_comparison/golden_comparison_test.dart: Golden Comparison Tests Golden: dart matches browser render                     10:55 +3438 ~2 -2: /Users/denisnadey/apps/flutter_full_svg_support/test/golden_comparison/golden_comparison_test.dart: Golden Comparison Tests Golden: dart matches browser render                     10:56 +3438 ~2 -2: /Users/denisnadey/apps/flutter_full_svg_support/test/golden_comparison/golden_comparison_test.dart: Golden Comparison Tests Golden: dart matches browser render                     10:57 +3438 ~2 -2: /Users/denisnadey/apps/flutter_full_svg_support/test/golden_comparison/golden_comparison_test.dart: Golden Comparison Tests Golden: dart matches browser render                     10:58 +3438 ~2 -2: /Users/denisnadey/apps/flutter_full_svg_support/test/golden_comparison/golden_comparison_test.dart: Golden Comparison Tests Golden: dart matches browser render                     10:59 +3438 ~2 -2: /Users/denisnadey/apps/flutter_full_svg_support/test/golden_comparison/golden_comparison_test.dart: Golden Comparison Tests Golden: dart matches browser render                     11:00 +3438 ~2 -2: /Users/denisnadey/apps/flutter_full_svg_support/test/golden_comparison/golden_comparison_test.dart: Golden Comparison Tests Golden: dart matches browser render                     11:01 +3438 ~2 -2: /Users/denisnadey/apps/flutter_full_svg_support/test/golden_comparison/golden_comparison_test.dart: Golden Comparison Tests Golden: dart matches browser render                     11:02 +3438 ~2 -2: /Users/denisnadey/apps/flutter_full_svg_support/test/golden_comparison/golden_comparison_test.dart: Golden Comparison Tests Golden: dart matches browser render                     11:03 +3438 ~2 -2: /Users/denisnadey/apps/flutter_full_svg_support/test/golden_comparison/golden_comparison_test.dart: Golden Comparison Tests Golden: dart matches browser render                     11:04 +3438 ~2 -2: /Users/denisnadey/apps/flutter_full_svg_support/test/golden_comparison/golden_comparison_test.dart: Golden Comparison Tests Golden: dart matches browser render                     11:05 +3438 ~2 -2: /Users/denisnadey/apps/flutter_full_svg_support/test/golden_comparison/golden_comparison_test.dart: Golden Comparison Tests Golden: dart matches browser render                     11:06 +3438 ~2 -2: /Users/denisnadey/apps/flutter_full_svg_support/test/golden_comparison/golden_comparison_test.dart: Golden Comparison Tests Golden: dart matches browser render                     11:07 +3438 ~2 -2: /Users/denisnadey/apps/flutter_full_svg_support/test/golden_comparison/golden_comparison_test.dart: Golden Comparison Tests Golden: dart matches browser render                     11:08 +3438 ~2 -2: /Users/denisnadey/apps/flutter_full_svg_support/test/golden_comparison/golden_comparison_test.dart: Golden Comparison Tests Golden: dart matches browser render                     11:09 +3438 ~2 -2: /Users/denisnadey/apps/flutter_full_svg_support/test/golden_comparison/golden_comparison_test.dart: Golden Comparison Tests Golden: dart matches browser render                     11:10 +3438 ~2 -2: /Users/denisnadey/apps/flutter_full_svg_support/test/golden_comparison/golden_comparison_test.dart: Golden Comparison Tests Golden: dart matches browser render                     11:11 +3438 ~2 -2: /Users/denisnadey/apps/flutter_full_svg_support/test/golden_comparison/golden_comparison_test.dart: Golden Comparison Tests Golden: dart matches browser render                     11:12 +3438 ~2 -2: /Users/denisnadey/apps/flutter_full_svg_support/test/golden_comparison/golden_comparison_test.dart: Golden Comparison Tests Golden: dart matches browser render                     11:13 +3438 ~2 -2: /Users/denisnadey/apps/flutter_full_svg_support/test/golden_comparison/golden_comparison_test.dart: Golden Comparison Tests Golden: dart matches browser render                     11:14 +3438 ~2 -2: /Users/denisnadey/apps/flutter_full_svg_support/test/golden_comparison/golden_comparison_test.dart: Golden Comparison Tests Golden: dart matches browser render                     11:15 +3438 ~2 -2: /Users/denisnadey/apps/flutter_full_svg_support/test/golden_comparison/golden_comparison_test.dart: Golden Comparison Tests Golden: dart matches browser render                     11:16 +3438 ~2 -2: /Users/denisnadey/apps/flutter_full_svg_support/test/golden_comparison/golden_comparison_test.dart: Golden Comparison Tests Golden: dart matches browser render                     11:17 +3438 ~2 -2: /Users/denisnadey/apps/flutter_full_svg_support/test/golden_comparison/golden_comparison_test.dart: Golden Comparison Tests Golden: dart matches browser render                     11:18 +3438 ~2 -2: /Users/denisnadey/apps/flutter_full_svg_support/test/golden_comparison/golden_comparison_test.dart: Golden Comparison Tests Golden: dart matches browser render                     11:19 +3438 ~2 -2: /Users/denisnadey/apps/flutter_full_svg_support/test/golden_comparison/golden_comparison_test.dart: Golden Comparison Tests Golden: dart matches browser render                     11:20 +3438 ~2 -2: /Users/denisnadey/apps/flutter_full_svg_support/test/golden_comparison/golden_comparison_test.dart: Golden Comparison Tests Golden: dart matches browser render                     11:21 +3438 ~2 -2: /Users/denisnadey/apps/flutter_full_svg_support/test/golden_comparison/golden_comparison_test.dart: Golden Comparison Tests Golden: dart matches browser render                     11:22 +3438 ~2 -2: /Users/denisnadey/apps/flutter_full_svg_support/test/golden_comparison/golden_comparison_test.dart: Golden Comparison Tests Golden: dart matches browser render                     11:23 +3438 ~2 -2: /Users/denisnadey/apps/flutter_full_svg_support/test/golden_comparison/golden_comparison_test.dart: Golden Comparison Tests Golden: dart matches browser render                     11:24 +3438 ~2 -2: /Users/denisnadey/apps/flutter_full_svg_support/test/golden_comparison/golden_comparison_test.dart: Golden Comparison Tests Golden: dart matches browser render                     11:25 +3438 ~2 -2: /Users/denisnadey/apps/flutter_full_svg_support/test/golden_comparison/golden_comparison_test.dart: Golden Comparison Tests Golden: dart matches browser render                     11:26 +3438 ~2 -2: /Users/denisnadey/apps/flutter_full_svg_support/test/golden_comparison/golden_comparison_test.dart: Golden Comparison Tests Golden: dart matches browser render                     11:27 +3438 ~2 -2: /Users/denisnadey/apps/flutter_full_svg_support/test/golden_comparison/golden_comparison_test.dart: Golden Comparison Tests Golden: dart matches browser render                     11:28 +3438 ~2 -2: /Users/denisnadey/apps/flutter_full_svg_support/test/golden_comparison/golden_comparison_test.dart: Golden Comparison Tests Golden: dart matches browser render                     11:29 +3438 ~2 -2: /Users/denisnadey/apps/flutter_full_svg_support/test/golden_comparison/golden_comparison_test.dart: Golden Comparison Tests Golden: dart matches browser render                     11:30 +3438 ~2 -2: /Users/denisnadey/apps/flutter_full_svg_support/test/golden_comparison/golden_comparison_test.dart: Golden Comparison Tests Golden: dart matches browser render                     11:31 +3438 ~2 -2: /Users/denisnadey/apps/flutter_full_svg_support/test/golden_comparison/golden_comparison_test.dart: Golden Comparison Tests Golden: dart matches browser render                     11:32 +3438 ~2 -2: /Users/denisnadey/apps/flutter_full_svg_support/test/golden_comparison/golden_comparison_test.dart: Golden Comparison Tests Golden: dart matches browser render                     11:33 +3438 ~2 -2: /Users/denisnadey/apps/flutter_full_svg_support/test/golden_comparison/golden_comparison_test.dart: Golden Comparison Tests Golden: dart matches browser render                     11:34 +3438 ~2 -2: /Users/denisnadey/apps/flutter_full_svg_support/test/golden_comparison/golden_comparison_test.dart: Golden Comparison Tests Golden: dart matches browser render                     11:35 +3438 ~2 -2: /Users/denisnadey/apps/flutter_full_svg_support/test/golden_comparison/golden_comparison_test.dart: Golden Comparison Tests Golden: dart matches browser render                     11:36 +3438 ~2 -2: /Users/denisnadey/apps/flutter_full_svg_support/test/golden_comparison/golden_comparison_test.dart: Golden Comparison Tests Golden: dart matches browser render                     11:37 +3438 ~2 -2: /Users/denisnadey/apps/flutter_full_svg_support/test/golden_comparison/golden_comparison_test.dart: Golden Comparison Tests Golden: dart matches browser render                     11:38 +3438 ~2 -2: /Users/denisnadey/apps/flutter_full_svg_support/test/golden_comparison/golden_comparison_test.dart: Golden Comparison Tests Golden: dart matches browser render                     11:39 +3438 ~2 -2: /Users/denisnadey/apps/flutter_full_svg_support/test/golden_comparison/golden_comparison_test.dart: Golden Comparison Tests Golden: dart matches browser render                     11:40 +3438 ~2 -2: /Users/denisnadey/apps/flutter_full_svg_support/test/golden_comparison/golden_comparison_test.dart: Golden Comparison Tests Golden: dart matches browser render                     11:41 +3438 ~2 -2: /Users/denisnadey/apps/flutter_full_svg_support/test/golden_comparison/golden_comparison_test.dart: Golden Comparison Tests Golden: dart matches browser render                     11:42 +3438 ~2 -2: /Users/denisnadey/apps/flutter_full_svg_support/test/golden_comparison/golden_comparison_test.dart: Golden Comparison Tests Golden: dart matches browser render                     11:43 +3438 ~2 -2: /Users/denisnadey/apps/flutter_full_svg_support/test/golden_comparison/golden_comparison_test.dart: Golden Comparison Tests Golden: dart matches browser render                     11:44 +3438 ~2 -2: /Users/denisnadey/apps/flutter_full_svg_support/test/golden_comparison/golden_comparison_test.dart: Golden Comparison Tests Golden: dart matches browser render                     11:45 +3438 ~2 -2: /Users/denisnadey/apps/flutter_full_svg_support/test/golden_comparison/golden_comparison_test.dart: Golden Comparison Tests Golden: dart matches browser render                     11:46 +3438 ~2 -2: /Users/denisnadey/apps/flutter_full_svg_support/test/golden_comparison/golden_comparison_test.dart: Golden Comparison Tests Golden: dart matches browser render                     11:47 +3438 ~2 -2: /Users/denisnadey/apps/flutter_full_svg_support/test/golden_comparison/golden_comparison_test.dart: Golden Comparison Tests Golden: dart matches browser render                     11:48 +3438 ~2 -2: /Users/denisnadey/apps/flutter_full_svg_support/test/golden_comparison/golden_comparison_test.dart: Golden Comparison Tests Golden: dart matches browser render                     11:49 +3438 ~2 -2: /Users/denisnadey/apps/flutter_full_svg_support/test/golden_comparison/golden_comparison_test.dart: Golden Comparison Tests Golden: dart matches browser render                     11:50 +3438 ~2 -2: /Users/denisnadey/apps/flutter_full_svg_support/test/golden_comparison/golden_comparison_test.dart: Golden Comparison Tests Golden: dart matches browser render                     11:51 +3438 ~2 -2: /Users/denisnadey/apps/flutter_full_svg_support/test/golden_comparison/golden_comparison_test.dart: Golden Comparison Tests Golden: dart matches browser render                     11:52 +3438 ~2 -2: /Users/denisnadey/apps/flutter_full_svg_support/test/golden_comparison/golden_comparison_test.dart: Golden Comparison Tests Golden: dart matches browser render                     11:53 +3438 ~2 -2: /Users/denisnadey/apps/flutter_full_svg_support/test/golden_comparison/golden_comparison_test.dart: Golden Comparison Tests Golden: dart matches browser render                     11:54 +3438 ~2 -2: /Users/denisnadey/apps/flutter_full_svg_support/test/golden_comparison/golden_comparison_test.dart: Golden Comparison Tests Golden: dart matches browser render                     11:55 +3438 ~2 -2: /Users/denisnadey/apps/flutter_full_svg_support/test/golden_comparison/golden_comparison_test.dart: Golden Comparison Tests Golden: dart matches browser render                     11:56 +3438 ~2 -2: /Users/denisnadey/apps/flutter_full_svg_support/test/golden_comparison/golden_comparison_test.dart: Golden Comparison Tests Golden: dart matches browser render                     11:57 +3438 ~2 -2: /Users/denisnadey/apps/flutter_full_svg_support/test/golden_comparison/golden_comparison_test.dart: Golden Comparison Tests Golden: dart matches browser render                     11:58 +3438 ~2 -2: /Users/denisnadey/apps/flutter_full_svg_support/test/golden_comparison/golden_comparison_test.dart: Golden Comparison Tests Golden: dart matches browser render                     11:59 +3438 ~2 -2: /Users/denisnadey/apps/flutter_full_svg_support/test/golden_comparison/golden_comparison_test.dart: Golden Comparison Tests Golden: dart matches browser render                     12:00 +3438 ~2 -2: /Users/denisnadey/apps/flutter_full_svg_support/test/golden_comparison/golden_comparison_test.dart: Golden Comparison Tests Golden: dart matches browser render                     12:01 +3438 ~2 -2: /Users/denisnadey/apps/flutter_full_svg_support/test/golden_comparison/golden_comparison_test.dart: Golden Comparison Tests Golden: dart matches browser render                     12:02 +3438 ~2 -2: /Users/denisnadey/apps/flutter_full_svg_support/test/golden_comparison/golden_comparison_test.dart: Golden Comparison Tests Golden: dart matches browser render                     12:03 +3438 ~2 -2: /Users/denisnadey/apps/flutter_full_svg_support/test/golden_comparison/golden_comparison_test.dart: Golden Comparison Tests Golden: dart matches browser render                     12:04 +3438 ~2 -2: /Users/denisnadey/apps/flutter_full_svg_support/test/golden_comparison/golden_comparison_test.dart: Golden Comparison Tests Golden: dart matches browser render                     12:05 +3438 ~2 -2: /Users/denisnadey/apps/flutter_full_svg_support/test/golden_comparison/golden_comparison_test.dart: Golden Comparison Tests Golden: dart matches browser render                     12:06 +3438 ~2 -2: /Users/denisnadey/apps/flutter_full_svg_support/test/golden_comparison/golden_comparison_test.dart: Golden Comparison Tests Golden: dart matches browser render                     12:07 +3438 ~2 -2: /Users/denisnadey/apps/flutter_full_svg_support/test/golden_comparison/golden_comparison_test.dart: Golden Comparison Tests Golden: dart matches browser render                     12:08 +3438 ~2 -2: /Users/denisnadey/apps/flutter_full_svg_support/test/golden_comparison/golden_comparison_test.dart: Golden Comparison Tests Golden: dart matches browser render                     12:09 +3438 ~2 -2: /Users/denisnadey/apps/flutter_full_svg_support/test/golden_comparison/golden_comparison_test.dart: Golden Comparison Tests Golden: dart matches browser render                     12:10 +3438 ~2 -2: /Users/denisnadey/apps/flutter_full_svg_support/test/golden_comparison/golden_comparison_test.dart: Golden Comparison Tests Golden: dart matches browser render                     12:11 +3438 ~2 -2: /Users/denisnadey/apps/flutter_full_svg_support/test/golden_comparison/golden_comparison_test.dart: Golden Comparison Tests Golden: dart matches browser render                     12:12 +3438 ~2 -2: /Users/denisnadey/apps/flutter_full_svg_support/test/golden_comparison/golden_comparison_test.dart: Golden Comparison Tests Golden: dart matches browser render                     12:13 +3438 ~2 -2: /Users/denisnadey/apps/flutter_full_svg_support/test/golden_comparison/golden_comparison_test.dart: Golden Comparison Tests Golden: dart matches browser render                     12:14 +3438 ~2 -2: /Users/denisnadey/apps/flutter_full_svg_support/test/golden_comparison/golden_comparison_test.dart: Golden Comparison Tests Golden: dart matches browser render                     12:15 +3438 ~2 -2: /Users/denisnadey/apps/flutter_full_svg_support/test/golden_comparison/golden_comparison_test.dart: Golden Comparison Tests Golden: dart matches browser render                     12:16 +3438 ~2 -2: /Users/denisnadey/apps/flutter_full_svg_support/test/golden_comparison/golden_comparison_test.dart: Golden Comparison Tests Golden: dart matches browser render                     12:17 +3438 ~2 -2: /Users/denisnadey/apps/flutter_full_svg_support/test/golden_comparison/golden_comparison_test.dart: Golden Comparison Tests Golden: dart matches browser render                     12:18 +3438 ~2 -2: /Users/denisnadey/apps/flutter_full_svg_support/test/golden_comparison/golden_comparison_test.dart: Golden Comparison Tests Golden: dart matches browser render                     12:19 +3438 ~2 -2: /Users/denisnadey/apps/flutter_full_svg_support/test/golden_comparison/golden_comparison_test.dart: Golden Comparison Tests Golden: dart matches browser render                     12:20 +3438 ~2 -2: /Users/denisnadey/apps/flutter_full_svg_support/test/golden_comparison/golden_comparison_test.dart: Golden Comparison Tests Golden: dart matches browser render                     12:21 +3438 ~2 -2: /Users/denisnadey/apps/flutter_full_svg_support/test/golden_comparison/golden_comparison_test.dart: Golden Comparison Tests Golden: dart matches browser render                     12:22 +3438 ~2 -2: /Users/denisnadey/apps/flutter_full_svg_support/test/golden_comparison/golden_comparison_test.dart: Golden Comparison Tests Golden: dart matches browser render                     12:23 +3438 ~2 -2: /Users/denisnadey/apps/flutter_full_svg_support/test/golden_comparison/golden_comparison_test.dart: Golden Comparison Tests Golden: dart matches browser render                     12:24 +3438 ~2 -2: /Users/denisnadey/apps/flutter_full_svg_support/test/golden_comparison/golden_comparison_test.dart: Golden Comparison Tests Golden: dart matches browser render                     12:25 +3438 ~2 -2: /Users/denisnadey/apps/flutter_full_svg_support/test/golden_comparison/golden_comparison_test.dart: Golden Comparison Tests Golden: dart matches browser render                     12:26 +3438 ~2 -2: /Users/denisnadey/apps/flutter_full_svg_support/test/golden_comparison/golden_comparison_test.dart: Golden Comparison Tests Golden: dart matches browser render                     12:27 +3438 ~2 -2: /Users/denisnadey/apps/flutter_full_svg_support/test/golden_comparison/golden_comparison_test.dart: Golden Comparison Tests Golden: dart matches browser render                     12:28 +3438 ~2 -2: /Users/denisnadey/apps/flutter_full_svg_support/test/golden_comparison/golden_comparison_test.dart: Golden Comparison Tests Golden: dart matches browser render                     12:29 +3438 ~2 -2: /Users/denisnadey/apps/flutter_full_svg_support/test/golden_comparison/golden_comparison_test.dart: Golden Comparison Tests Golden: dart matches browser render                     12:30 +3438 ~2 -2: /Users/denisnadey/apps/flutter_full_svg_support/test/golden_comparison/golden_comparison_test.dart: Golden Comparison Tests Golden: dart matches browser render                     12:31 +3438 ~2 -2: /Users/denisnadey/apps/flutter_full_svg_support/test/golden_comparison/golden_comparison_test.dart: Golden Comparison Tests Golden: dart matches browser render                     12:32 +3438 ~2 -2: /Users/denisnadey/apps/flutter_full_svg_support/test/golden_comparison/golden_comparison_test.dart: Golden Comparison Tests Golden: dart matches browser render                     12:33 +3438 ~2 -2: /Users/denisnadey/apps/flutter_full_svg_support/test/golden_comparison/golden_comparison_test.dart: Golden Comparison Tests Golden: dart matches browser render                     12:34 +3438 ~2 -2: /Users/denisnadey/apps/flutter_full_svg_support/test/golden_comparison/golden_comparison_test.dart: Golden Comparison Tests Golden: dart matches browser render                     12:35 +3438 ~2 -2: /Users/denisnadey/apps/flutter_full_svg_support/test/golden_comparison/golden_comparison_test.dart: Golden Comparison Tests Golden: dart matches browser render                     12:36 +3438 ~2 -2: /Users/denisnadey/apps/flutter_full_svg_support/test/golden_comparison/golden_comparison_test.dart: Golden Comparison Tests Golden: dart matches browser render                     12:37 +3438 ~2 -2: /Users/denisnadey/apps/flutter_full_svg_support/test/golden_comparison/golden_comparison_test.dart: Golden Comparison Tests Golden: dart matches browser render                     12:38 +3438 ~2 -2: /Users/denisnadey/apps/flutter_full_svg_support/test/golden_comparison/golden_comparison_test.dart: Golden Comparison Tests Golden: dart matches browser render                     12:39 +3438 ~2 -2: /Users/denisnadey/apps/flutter_full_svg_support/test/golden_comparison/golden_comparison_test.dart: Golden Comparison Tests Golden: dart matches browser render                     12:40 +3438 ~2 -2: /Users/denisnadey/apps/flutter_full_svg_support/test/golden_comparison/golden_comparison_test.dart: Golden Comparison Tests Golden: dart matches browser render                     12:41 +3438 ~2 -2: /Users/denisnadey/apps/flutter_full_svg_support/test/golden_comparison/golden_comparison_test.dart: Golden Comparison Tests Golden: dart matches browser render                     12:42 +3438 ~2 -2: /Users/denisnadey/apps/flutter_full_svg_support/test/golden_comparison/golden_comparison_test.dart: Golden Comparison Tests Golden: dart matches browser render                     12:43 +3438 ~2 -2: /Users/denisnadey/apps/flutter_full_svg_support/test/golden_comparison/golden_comparison_test.dart: Golden Comparison Tests Golden: dart matches browser render                     12:44 +3438 ~2 -2: /Users/denisnadey/apps/flutter_full_svg_support/test/golden_comparison/golden_comparison_test.dart: Golden Comparison Tests Golden: dart matches browser render                     12:45 +3438 ~2 -2: /Users/denisnadey/apps/flutter_full_svg_support/test/golden_comparison/golden_comparison_test.dart: Golden Comparison Tests Golden: dart matches browser render                     12:46 +3438 ~2 -2: /Users/denisnadey/apps/flutter_full_svg_support/test/golden_comparison/golden_comparison_test.dart: Golden Comparison Tests Golden: dart matches browser render                     12:47 +3438 ~2 -2: /Users/denisnadey/apps/flutter_full_svg_support/test/golden_comparison/golden_comparison_test.dart: Golden Comparison Tests Golden: dart matches browser render                     12:48 +3438 ~2 -2: /Users/denisnadey/apps/flutter_full_svg_support/test/golden_comparison/golden_comparison_test.dart: Golden Comparison Tests Golden: dart matches browser render                     12:49 +3438 ~2 -2: /Users/denisnadey/apps/flutter_full_svg_support/test/golden_comparison/golden_comparison_test.dart: Golden Comparison Tests Golden: dart matches browser render                     12:50 +3438 ~2 -2: /Users/denisnadey/apps/flutter_full_svg_support/test/golden_comparison/golden_comparison_test.dart: Golden Comparison Tests Golden: dart matches browser render                     12:51 +3438 ~2 -2: /Users/denisnadey/apps/flutter_full_svg_support/test/golden_comparison/golden_comparison_test.dart: Golden Comparison Tests Golden: dart matches browser render                     12:52 +3438 ~2 -2: /Users/denisnadey/apps/flutter_full_svg_support/test/golden_comparison/golden_comparison_test.dart: Golden Comparison Tests Golden: dart matches browser render                     12:53 +3438 ~2 -2: /Users/denisnadey/apps/flutter_full_svg_support/test/golden_comparison/golden_comparison_test.dart: Golden Comparison Tests Golden: dart matches browser render                     12:54 +3438 ~2 -2: /Users/denisnadey/apps/flutter_full_svg_support/test/golden_comparison/golden_comparison_test.dart: Golden Comparison Tests Golden: dart matches browser render                     12:55 +3438 ~2 -2: /Users/denisnadey/apps/flutter_full_svg_support/test/golden_comparison/golden_comparison_test.dart: Golden Comparison Tests Golden: dart matches browser render                     12:56 +3438 ~2 -2: /Users/denisnadey/apps/flutter_full_svg_support/test/golden_comparison/golden_comparison_test.dart: Golden Comparison Tests Golden: dart matches browser render                     12:57 +3438 ~2 -2: /Users/denisnadey/apps/flutter_full_svg_support/test/golden_comparison/golden_comparison_test.dart: Golden Comparison Tests Golden: dart matches browser render                     12:58 +3438 ~2 -2: /Users/denisnadey/apps/flutter_full_svg_support/test/golden_comparison/golden_comparison_test.dart: Golden Comparison Tests Golden: dart matches browser render                     12:59 +3438 ~2 -2: /Users/denisnadey/apps/flutter_full_svg_support/test/golden_comparison/golden_comparison_test.dart: Golden Comparison Tests Golden: dart matches browser render                     13:00 +3438 ~2 -2: /Users/denisnadey/apps/flutter_full_svg_support/test/golden_comparison/golden_comparison_test.dart: Golden Comparison Tests Golden: dart matches browser render                     13:01 +3438 ~2 -2: /Users/denisnadey/apps/flutter_full_svg_support/test/golden_comparison/golden_comparison_test.dart: Golden Comparison Tests Golden: dart matches browser render                     13:02 +3438 ~2 -2: /Users/denisnadey/apps/flutter_full_svg_support/test/golden_comparison/golden_comparison_test.dart: Golden Comparison Tests Golden: dart matches browser render                     13:03 +3438 ~2 -2: /Users/denisnadey/apps/flutter_full_svg_support/test/golden_comparison/golden_comparison_test.dart: Golden Comparison Tests Golden: dart matches browser render                     13:04 +3438 ~2 -2: /Users/denisnadey/apps/flutter_full_svg_support/test/golden_comparison/golden_comparison_test.dart: Golden Comparison Tests Golden: dart matches browser render                     13:05 +3438 ~2 -2: /Users/denisnadey/apps/flutter_full_svg_support/test/golden_comparison/golden_comparison_test.dart: Golden Comparison Tests Golden: dart matches browser render                     13:06 +3438 ~2 -2: /Users/denisnadey/apps/flutter_full_svg_support/test/golden_comparison/golden_comparison_test.dart: Golden Comparison Tests Golden: dart matches browser render                     13:07 +3438 ~2 -2: /Users/denisnadey/apps/flutter_full_svg_support/test/golden_comparison/golden_comparison_test.dart: Golden Comparison Tests Golden: dart matches browser render                     13:08 +3438 ~2 -2: /Users/denisnadey/apps/flutter_full_svg_support/test/golden_comparison/golden_comparison_test.dart: Golden Comparison Tests Golden: dart matches browser render                     13:09 +3438 ~2 -2: /Users/denisnadey/apps/flutter_full_svg_support/test/golden_comparison/golden_comparison_test.dart: Golden Comparison Tests Golden: dart matches browser render                     13:10 +3438 ~2 -2: /Users/denisnadey/apps/flutter_full_svg_support/test/golden_comparison/golden_comparison_test.dart: Golden Comparison Tests Golden: dart matches browser render                     13:11 +3438 ~2 -2: /Users/denisnadey/apps/flutter_full_svg_support/test/golden_comparison/golden_comparison_test.dart: Golden Comparison Tests Golden: dart matches browser render                     13:12 +3438 ~2 -2: /Users/denisnadey/apps/flutter_full_svg_support/test/golden_comparison/golden_comparison_test.dart: Golden Comparison Tests Golden: dart matches browser render                     13:13 +3438 ~2 -2: /Users/denisnadey/apps/flutter_full_svg_support/test/golden_comparison/golden_comparison_test.dart: Golden Comparison Tests Golden: dart matches browser render                     13:14 +3438 ~2 -2: /Users/denisnadey/apps/flutter_full_svg_support/test/golden_comparison/golden_comparison_test.dart: Golden Comparison Tests Golden: dart matches browser render                     13:15 +3438 ~2 -2: /Users/denisnadey/apps/flutter_full_svg_support/test/golden_comparison/golden_comparison_test.dart: Golden Comparison Tests Golden: dart matches browser render                     13:16 +3438 ~2 -2: /Users/denisnadey/apps/flutter_full_svg_support/test/golden_comparison/golden_comparison_test.dart: Golden Comparison Tests Golden: dart matches browser render                     13:17 +3438 ~2 -2: /Users/denisnadey/apps/flutter_full_svg_support/test/golden_comparison/golden_comparison_test.dart: Golden Comparison Tests Golden: dart matches browser render                     13:18 +3438 ~2 -2: /Users/denisnadey/apps/flutter_full_svg_support/test/golden_comparison/golden_comparison_test.dart: Golden Comparison Tests Golden: dart matches browser render                     13:19 +3438 ~2 -2: /Users/denisnadey/apps/flutter_full_svg_support/test/golden_comparison/golden_comparison_test.dart: Golden Comparison Tests Golden: dart matches browser render                     13:20 +3438 ~2 -2: /Users/denisnadey/apps/flutter_full_svg_support/test/golden_comparison/golden_comparison_test.dart: Golden Comparison Tests Golden: dart matches browser render                     13:21 +3438 ~2 -2: /Users/denisnadey/apps/flutter_full_svg_support/test/golden_comparison/golden_comparison_test.dart: Golden Comparison Tests Golden: dart matches browser render                     13:22 +3438 ~2 -2: /Users/denisnadey/apps/flutter_full_svg_support/test/golden_comparison/golden_comparison_test.dart: Golden Comparison Tests Golden: dart matches browser render                     13:23 +3438 ~2 -2: /Users/denisnadey/apps/flutter_full_svg_support/test/golden_comparison/golden_comparison_test.dart: Golden Comparison Tests Golden: dart matches browser render                     13:24 +3438 ~2 -2: /Users/denisnadey/apps/flutter_full_svg_support/test/golden_comparison/golden_comparison_test.dart: Golden Comparison Tests Golden: dart matches browser render                     13:25 +3438 ~2 -2: /Users/denisnadey/apps/flutter_full_svg_support/test/golden_comparison/golden_comparison_test.dart: Golden Comparison Tests Golden: dart matches browser render                     13:26 +3438 ~2 -2: /Users/denisnadey/apps/flutter_full_svg_support/test/golden_comparison/golden_comparison_test.dart: Golden Comparison Tests Golden: dart matches browser render                     13:27 +3438 ~2 -2: /Users/denisnadey/apps/flutter_full_svg_support/test/golden_comparison/golden_comparison_test.dart: Golden Comparison Tests Golden: dart matches browser render                     13:28 +3438 ~2 -2: /Users/denisnadey/apps/flutter_full_svg_support/test/golden_comparison/golden_comparison_test.dart: Golden Comparison Tests Golden: dart matches browser render                     13:29 +3438 ~2 -2: /Users/denisnadey/apps/flutter_full_svg_support/test/golden_comparison/golden_comparison_test.dart: Golden Comparison Tests Golden: dart matches browser render                     13:30 +3438 ~2 -2: /Users/denisnadey/apps/flutter_full_svg_support/test/golden_comparison/golden_comparison_test.dart: Golden Comparison Tests Golden: dart matches browser render                     13:31 +3438 ~2 -2: /Users/denisnadey/apps/flutter_full_svg_support/test/golden_comparison/golden_comparison_test.dart: Golden Comparison Tests Golden: dart matches browser render                     13:32 +3438 ~2 -2: /Users/denisnadey/apps/flutter_full_svg_support/test/golden_comparison/golden_comparison_test.dart: Golden Comparison Tests Golden: dart matches browser render                     13:33 +3438 ~2 -2: /Users/denisnadey/apps/flutter_full_svg_support/test/golden_comparison/golden_comparison_test.dart: Golden Comparison Tests Golden: dart matches browser render                     13:34 +3438 ~2 -2: /Users/denisnadey/apps/flutter_full_svg_support/test/golden_comparison/golden_comparison_test.dart: Golden Comparison Tests Golden: dart matches browser render                     13:35 +3438 ~2 -2: /Users/denisnadey/apps/flutter_full_svg_support/test/golden_comparison/golden_comparison_test.dart: Golden Comparison Tests Golden: dart matches browser render                     13:36 +3438 ~2 -2: /Users/denisnadey/apps/flutter_full_svg_support/test/golden_comparison/golden_comparison_test.dart: Golden Comparison Tests Golden: dart matches browser render                     13:37 +3438 ~2 -2: /Users/denisnadey/apps/flutter_full_svg_support/test/golden_comparison/golden_comparison_test.dart: Golden Comparison Tests Golden: dart matches browser render                     13:38 +3438 ~2 -2: /Users/denisnadey/apps/flutter_full_svg_support/test/golden_comparison/golden_comparison_test.dart: Golden Comparison Tests Golden: dart matches browser render                     13:39 +3438 ~2 -2: /Users/denisnadey/apps/flutter_full_svg_support/test/golden_comparison/golden_comparison_test.dart: Golden Comparison Tests Golden: dart matches browser render                     13:40 +3438 ~2 -2: /Users/denisnadey/apps/flutter_full_svg_support/test/golden_comparison/golden_comparison_test.dart: Golden Comparison Tests Golden: dart matches browser render                     13:41 +3438 ~2 -2: /Users/denisnadey/apps/flutter_full_svg_support/test/golden_comparison/golden_comparison_test.dart: Golden Comparison Tests Golden: dart matches browser render                     13:42 +3438 ~2 -2: /Users/denisnadey/apps/flutter_full_svg_support/test/golden_comparison/golden_comparison_test.dart: Golden Comparison Tests Golden: dart matches browser render                     13:43 +3438 ~2 -2: /Users/denisnadey/apps/flutter_full_svg_support/test/golden_comparison/golden_comparison_test.dart: Golden Comparison Tests Golden: dart matches browser render                     13:44 +3438 ~2 -2: /Users/denisnadey/apps/flutter_full_svg_support/test/golden_comparison/golden_comparison_test.dart: Golden Comparison Tests Golden: dart matches browser render                     13:45 +3438 ~2 -2: /Users/denisnadey/apps/flutter_full_svg_support/test/golden_comparison/golden_comparison_test.dart: Golden Comparison Tests Golden: dart matches browser render                     13:46 +3438 ~2 -2: /Users/denisnadey/apps/flutter_full_svg_support/test/golden_comparison/golden_comparison_test.dart: Golden Comparison Tests Golden: dart matches browser render                     13:47 +3438 ~2 -2: /Users/denisnadey/apps/flutter_full_svg_support/test/golden_comparison/golden_comparison_test.dart: Golden Comparison Tests Golden: dart matches browser render                     13:48 +3438 ~2 -2: /Users/denisnadey/apps/flutter_full_svg_support/test/golden_comparison/golden_comparison_test.dart: Golden Comparison Tests Golden: dart matches browser render                     13:49 +3438 ~2 -2: /Users/denisnadey/apps/flutter_full_svg_support/test/golden_comparison/golden_comparison_test.dart: Golden Comparison Tests Golden: dart matches browser render                     13:50 +3438 ~2 -2: /Users/denisnadey/apps/flutter_full_svg_support/test/golden_comparison/golden_comparison_test.dart: Golden Comparison Tests Golden: dart matches browser render                     13:51 +3438 ~2 -2: /Users/denisnadey/apps/flutter_full_svg_support/test/golden_comparison/golden_comparison_test.dart: Golden Comparison Tests Golden: dart matches browser render                     13:52 +3438 ~2 -2: /Users/denisnadey/apps/flutter_full_svg_support/test/golden_comparison/golden_comparison_test.dart: Golden Comparison Tests Golden: dart matches browser render                     13:53 +3438 ~2 -2: /Users/denisnadey/apps/flutter_full_svg_support/test/golden_comparison/golden_comparison_test.dart: Golden Comparison Tests Golden: dart matches browser render                     13:54 +3438 ~2 -2: /Users/denisnadey/apps/flutter_full_svg_support/test/golden_comparison/golden_comparison_test.dart: Golden Comparison Tests Golden: dart matches browser render                     13:55 +3438 ~2 -2: /Users/denisnadey/apps/flutter_full_svg_support/test/golden_comparison/golden_comparison_test.dart: Golden Comparison Tests Golden: dart matches browser render                     13:56 +3438 ~2 -2: /Users/denisnadey/apps/flutter_full_svg_support/test/golden_comparison/golden_comparison_test.dart: Golden Comparison Tests Golden: dart matches browser render                     13:57 +3438 ~2 -2: /Users/denisnadey/apps/flutter_full_svg_support/test/golden_comparison/golden_comparison_test.dart: Golden Comparison Tests Golden: dart matches browser render                     13:58 +3438 ~2 -2: /Users/denisnadey/apps/flutter_full_svg_support/test/golden_comparison/golden_comparison_test.dart: Golden Comparison Tests Golden: dart matches browser render                     13:59 +3438 ~2 -2: /Users/denisnadey/apps/flutter_full_svg_support/test/golden_comparison/golden_comparison_test.dart: Golden Comparison Tests Golden: dart matches browser render                     14:00 +3438 ~2 -2: /Users/denisnadey/apps/flutter_full_svg_support/test/golden_comparison/golden_comparison_test.dart: Golden Comparison Tests Golden: dart matches browser render                     14:01 +3438 ~2 -2: /Users/denisnadey/apps/flutter_full_svg_support/test/golden_comparison/golden_comparison_test.dart: Golden Comparison Tests Golden: dart matches browser render                     14:02 +3438 ~2 -2: /Users/denisnadey/apps/flutter_full_svg_support/test/golden_comparison/golden_comparison_test.dart: Golden Comparison Tests Golden: dart matches browser render                     14:03 +3438 ~2 -2: /Users/denisnadey/apps/flutter_full_svg_support/test/golden_comparison/golden_comparison_test.dart: Golden Comparison Tests Golden: dart matches browser render                     14:04 +3438 ~2 -2: /Users/denisnadey/apps/flutter_full_svg_support/test/golden_comparison/golden_comparison_test.dart: Golden Comparison Tests Golden: dart matches browser render                     14:05 +3438 ~2 -2: /Users/denisnadey/apps/flutter_full_svg_support/test/golden_comparison/golden_comparison_test.dart: Golden Comparison Tests Golden: dart matches browser render                     14:06 +3438 ~2 -2: /Users/denisnadey/apps/flutter_full_svg_support/test/golden_comparison/golden_comparison_test.dart: Golden Comparison Tests Golden: dart matches browser render                     14:07 +3438 ~2 -2: /Users/denisnadey/apps/flutter_full_svg_support/test/golden_comparison/golden_comparison_test.dart: Golden Comparison Tests Golden: dart matches browser render                     14:08 +3438 ~2 -2: /Users/denisnadey/apps/flutter_full_svg_support/test/golden_comparison/golden_comparison_test.dart: Golden Comparison Tests Golden: dart matches browser render                     14:09 +3438 ~2 -2: /Users/denisnadey/apps/flutter_full_svg_support/test/golden_comparison/golden_comparison_test.dart: Golden Comparison Tests Golden: dart matches browser render                     14:10 +3438 ~2 -2: /Users/denisnadey/apps/flutter_full_svg_support/test/golden_comparison/golden_comparison_test.dart: Golden Comparison Tests Golden: dart matches browser render                     14:11 +3438 ~2 -2: /Users/denisnadey/apps/flutter_full_svg_support/test/golden_comparison/golden_comparison_test.dart: Golden Comparison Tests Golden: dart matches browser render                     14:12 +3438 ~2 -2: /Users/denisnadey/apps/flutter_full_svg_support/test/golden_comparison/golden_comparison_test.dart: Golden Comparison Tests Golden: dart matches browser render                     14:13 +3438 ~2 -2: /Users/denisnadey/apps/flutter_full_svg_support/test/golden_comparison/golden_comparison_test.dart: Golden Comparison Tests Golden: dart matches browser render                     14:14 +3438 ~2 -2: /Users/denisnadey/apps/flutter_full_svg_support/test/golden_comparison/golden_comparison_test.dart: Golden Comparison Tests Golden: dart matches browser render                     14:15 +3438 ~2 -2: /Users/denisnadey/apps/flutter_full_svg_support/test/golden_comparison/golden_comparison_test.dart: Golden Comparison Tests Golden: dart matches browser render                     14:16 +3438 ~2 -2: /Users/denisnadey/apps/flutter_full_svg_support/test/golden_comparison/golden_comparison_test.dart: Golden Comparison Tests Golden: dart matches browser render                     14:17 +3438 ~2 -2: /Users/denisnadey/apps/flutter_full_svg_support/test/golden_comparison/golden_comparison_test.dart: Golden Comparison Tests Golden: dart matches browser render                     14:18 +3438 ~2 -2: /Users/denisnadey/apps/flutter_full_svg_support/test/golden_comparison/golden_comparison_test.dart: Golden Comparison Tests Golden: dart matches browser render                     14:19 +3438 ~2 -2: /Users/denisnadey/apps/flutter_full_svg_support/test/golden_comparison/golden_comparison_test.dart: Golden Comparison Tests Golden: dart matches browser render                     14:20 +3438 ~2 -2: /Users/denisnadey/apps/flutter_full_svg_support/test/golden_comparison/golden_comparison_test.dart: Golden Comparison Tests Golden: dart matches browser render                     14:21 +3438 ~2 -2: /Users/denisnadey/apps/flutter_full_svg_support/test/golden_comparison/golden_comparison_test.dart: Golden Comparison Tests Golden: dart matches browser render                     14:22 +3438 ~2 -2: /Users/denisnadey/apps/flutter_full_svg_support/test/golden_comparison/golden_comparison_test.dart: Golden Comparison Tests Golden: dart matches browser render                     14:23 +3438 ~2 -2: /Users/denisnadey/apps/flutter_full_svg_support/test/golden_comparison/golden_comparison_test.dart: Golden Comparison Tests Golden: dart matches browser render                     14:24 +3438 ~2 -2: /Users/denisnadey/apps/flutter_full_svg_support/test/golden_comparison/golden_comparison_test.dart: Golden Comparison Tests Golden: dart matches browser render                     14:25 +3438 ~2 -2: /Users/denisnadey/apps/flutter_full_svg_support/test/golden_comparison/golden_comparison_test.dart: Golden Comparison Tests Golden: dart matches browser render                     14:26 +3438 ~2 -2: /Users/denisnadey/apps/flutter_full_svg_support/test/golden_comparison/golden_comparison_test.dart: Golden Comparison Tests Golden: dart matches browser render                     14:27 +3438 ~2 -2: /Users/denisnadey/apps/flutter_full_svg_support/test/golden_comparison/golden_comparison_test.dart: Golden Comparison Tests Golden: dart matches browser render                     14:28 +3438 ~2 -2: /Users/denisnadey/apps/flutter_full_svg_support/test/golden_comparison/golden_comparison_test.dart: Golden Comparison Tests Golden: dart matches browser render                     14:29 +3438 ~2 -2: /Users/denisnadey/apps/flutter_full_svg_support/test/golden_comparison/golden_comparison_test.dart: Golden Comparison Tests Golden: dart matches browser render                     14:30 +3438 ~2 -2: /Users/denisnadey/apps/flutter_full_svg_support/test/golden_comparison/golden_comparison_test.dart: Golden Comparison Tests Golden: dart matches browser render                     14:31 +3438 ~2 -2: /Users/denisnadey/apps/flutter_full_svg_support/test/golden_comparison/golden_comparison_test.dart: Golden Comparison Tests Golden: dart matches browser render                     14:32 +3438 ~2 -2: /Users/denisnadey/apps/flutter_full_svg_support/test/golden_comparison/golden_comparison_test.dart: Golden Comparison Tests Golden: dart matches browser render                     14:33 +3438 ~2 -2: /Users/denisnadey/apps/flutter_full_svg_support/test/golden_comparison/golden_comparison_test.dart: Golden Comparison Tests Golden: dart matches browser render                     14:34 +3438 ~2 -2: /Users/denisnadey/apps/flutter_full_svg_support/test/golden_comparison/golden_comparison_test.dart: Golden Comparison Tests Golden: dart matches browser render                     14:35 +3438 ~2 -2: /Users/denisnadey/apps/flutter_full_svg_support/test/golden_comparison/golden_comparison_test.dart: Golden Comparison Tests Golden: dart matches browser render                     14:36 +3438 ~2 -2: /Users/denisnadey/apps/flutter_full_svg_support/test/golden_comparison/golden_comparison_test.dart: Golden Comparison Tests Golden: dart matches browser render                     14:37 +3438 ~2 -2: /Users/denisnadey/apps/flutter_full_svg_support/test/golden_comparison/golden_comparison_test.dart: Golden Comparison Tests Golden: dart matches browser render                     14:38 +3438 ~2 -2: /Users/denisnadey/apps/flutter_full_svg_support/test/golden_comparison/golden_comparison_test.dart: Golden Comparison Tests Golden: dart matches browser render                     14:39 +3438 ~2 -2: /Users/denisnadey/apps/flutter_full_svg_support/test/golden_comparison/golden_comparison_test.dart: Golden Comparison Tests Golden: dart matches browser render                     14:40 +3438 ~2 -2: /Users/denisnadey/apps/flutter_full_svg_support/test/golden_comparison/golden_comparison_test.dart: Golden Comparison Tests Golden: dart matches browser render                     14:41 +3438 ~2 -2: /Users/denisnadey/apps/flutter_full_svg_support/test/golden_comparison/golden_comparison_test.dart: Golden Comparison Tests Golden: dart matches browser render                     14:42 +3438 ~2 -2: /Users/denisnadey/apps/flutter_full_svg_support/test/golden_comparison/golden_comparison_test.dart: Golden Comparison Tests Golden: dart matches browser render                     14:43 +3438 ~2 -2: /Users/denisnadey/apps/flutter_full_svg_support/test/golden_comparison/golden_comparison_test.dart: Golden Comparison Tests Golden: dart matches browser render                     14:44 +3438 ~2 -2: /Users/denisnadey/apps/flutter_full_svg_support/test/golden_comparison/golden_comparison_test.dart: Golden Comparison Tests Golden: dart matches browser render                     14:45 +3438 ~2 -2: /Users/denisnadey/apps/flutter_full_svg_support/test/golden_comparison/golden_comparison_test.dart: Golden Comparison Tests Golden: dart matches browser render                     14:46 +3438 ~2 -2: /Users/denisnadey/apps/flutter_full_svg_support/test/golden_comparison/golden_comparison_test.dart: Golden Comparison Tests Golden: dart matches browser render                     14:47 +3438 ~2 -2: /Users/denisnadey/apps/flutter_full_svg_support/test/golden_comparison/golden_comparison_test.dart: Golden Comparison Tests Golden: dart matches browser render                     14:48 +3438 ~2 -2: /Users/denisnadey/apps/flutter_full_svg_support/test/golden_comparison/golden_comparison_test.dart: Golden Comparison Tests Golden: dart matches browser render                     14:49 +3438 ~2 -2: /Users/denisnadey/apps/flutter_full_svg_support/test/golden_comparison/golden_comparison_test.dart: Golden Comparison Tests Golden: dart matches browser render                     14:50 +3438 ~2 -2: /Users/denisnadey/apps/flutter_full_svg_support/test/golden_comparison/golden_comparison_test.dart: Golden Comparison Tests Golden: dart matches browser render                     14:51 +3438 ~2 -2: /Users/denisnadey/apps/flutter_full_svg_support/test/golden_comparison/golden_comparison_test.dart: Golden Comparison Tests Golden: dart matches browser render                     14:52 +3438 ~2 -2: /Users/denisnadey/apps/flutter_full_svg_support/test/golden_comparison/golden_comparison_test.dart: Golden Comparison Tests Golden: dart matches browser render                     14:53 +3438 ~2 -2: /Users/denisnadey/apps/flutter_full_svg_support/test/golden_comparison/golden_comparison_test.dart: Golden Comparison Tests Golden: dart matches browser render                     14:54 +3438 ~2 -2: /Users/denisnadey/apps/flutter_full_svg_support/test/golden_comparison/golden_comparison_test.dart: Golden Comparison Tests Golden: dart matches browser render                     14:55 +3438 ~2 -2: /Users/denisnadey/apps/flutter_full_svg_support/test/golden_comparison/golden_comparison_test.dart: Golden Comparison Tests Golden: dart matches browser render                     14:56 +3438 ~2 -2: /Users/denisnadey/apps/flutter_full_svg_support/test/golden_comparison/golden_comparison_test.dart: Golden Comparison Tests Golden: dart matches browser render                     14:57 +3438 ~2 -2: /Users/denisnadey/apps/flutter_full_svg_support/test/golden_comparison/golden_comparison_test.dart: Golden Comparison Tests Golden: dart matches browser render                     14:58 +3438 ~2 -2: /Users/denisnadey/apps/flutter_full_svg_support/test/golden_comparison/golden_comparison_test.dart: Golden Comparison Tests Golden: dart matches browser render                     14:59 +3438 ~2 -2: /Users/denisnadey/apps/flutter_full_svg_support/test/golden_comparison/golden_comparison_test.dart: Golden Comparison Tests Golden: dart matches browser render                     15:00 +3438 ~2 -2: /Users/denisnadey/apps/flutter_full_svg_support/test/golden_comparison/golden_comparison_test.dart: Golden Comparison Tests Golden: dart matches browser render                     15:01 +3438 ~2 -2: /Users/denisnadey/apps/flutter_full_svg_support/test/golden_comparison/golden_comparison_test.dart: Golden Comparison Tests Golden: dart matches browser render                     15:02 +3438 ~2 -2: /Users/denisnadey/apps/flutter_full_svg_support/test/golden_comparison/golden_comparison_test.dart: Golden Comparison Tests Golden: dart matches browser render                     15:03 +3438 ~2 -2: /Users/denisnadey/apps/flutter_full_svg_support/test/golden_comparison/golden_comparison_test.dart: Golden Comparison Tests Golden: dart matches browser render                     15:04 +3438 ~2 -2: /Users/denisnadey/apps/flutter_full_svg_support/test/golden_comparison/golden_comparison_test.dart: Golden Comparison Tests Golden: dart matches browser render                     15:05 +3438 ~2 -2: /Users/denisnadey/apps/flutter_full_svg_support/test/golden_comparison/golden_comparison_test.dart: Golden Comparison Tests Golden: dart matches browser render                     15:06 +3438 ~2 -2: /Users/denisnadey/apps/flutter_full_svg_support/test/golden_comparison/golden_comparison_test.dart: Golden Comparison Tests Golden: dart matches browser render                     15:07 +3438 ~2 -2: /Users/denisnadey/apps/flutter_full_svg_support/test/golden_comparison/golden_comparison_test.dart: Golden Comparison Tests Golden: dart matches browser render                     15:08 +3438 ~2 -2: /Users/denisnadey/apps/flutter_full_svg_support/test/golden_comparison/golden_comparison_test.dart: Golden Comparison Tests Golden: dart matches browser render                     15:09 +3438 ~2 -2: /Users/denisnadey/apps/flutter_full_svg_support/test/golden_comparison/golden_comparison_test.dart: Golden Comparison Tests Golden: dart matches browser render                     15:10 +3438 ~2 -2: /Users/denisnadey/apps/flutter_full_svg_support/test/golden_comparison/golden_comparison_test.dart: Golden Comparison Tests Golden: dart matches browser render                     15:11 +3438 ~2 -2: /Users/denisnadey/apps/flutter_full_svg_support/test/golden_comparison/golden_comparison_test.dart: Golden Comparison Tests Golden: dart matches browser render                     15:12 +3438 ~2 -2: /Users/denisnadey/apps/flutter_full_svg_support/test/golden_comparison/golden_comparison_test.dart: Golden Comparison Tests Golden: dart matches browser render                     15:13 +3438 ~2 -2: /Users/denisnadey/apps/flutter_full_svg_support/test/golden_comparison/golden_comparison_test.dart: Golden Comparison Tests Golden: dart matches browser render                     15:14 +3438 ~2 -2: /Users/denisnadey/apps/flutter_full_svg_support/test/golden_comparison/golden_comparison_test.dart: Golden Comparison Tests Golden: dart matches browser render                     15:15 +3438 ~2 -2: /Users/denisnadey/apps/flutter_full_svg_support/test/golden_comparison/golden_comparison_test.dart: Golden Comparison Tests Golden: dart matches browser render                     15:16 +3438 ~2 -2: /Users/denisnadey/apps/flutter_full_svg_support/test/golden_comparison/golden_comparison_test.dart: Golden Comparison Tests Golden: dart matches browser render                     15:17 +3438 ~2 -2: /Users/denisnadey/apps/flutter_full_svg_support/test/golden_comparison/golden_comparison_test.dart: Golden Comparison Tests Golden: dart matches browser render                     15:18 +3438 ~2 -2: /Users/denisnadey/apps/flutter_full_svg_support/test/golden_comparison/golden_comparison_test.dart: Golden Comparison Tests Golden: dart matches browser render                     15:19 +3438 ~2 -2: /Users/denisnadey/apps/flutter_full_svg_support/test/golden_comparison/golden_comparison_test.dart: Golden Comparison Tests Golden: dart matches browser render                     15:20 +3438 ~2 -2: /Users/denisnadey/apps/flutter_full_svg_support/test/golden_comparison/golden_comparison_test.dart: Golden Comparison Tests Golden: dart matches browser render                     15:21 +3438 ~2 -2: /Users/denisnadey/apps/flutter_full_svg_support/test/golden_comparison/golden_comparison_test.dart: Golden Comparison Tests Golden: dart matches browser render                     15:22 +3438 ~2 -2: /Users/denisnadey/apps/flutter_full_svg_support/test/golden_comparison/golden_comparison_test.dart: Golden Comparison Tests Golden: dart matches browser render                     15:23 +3438 ~2 -2: /Users/denisnadey/apps/flutter_full_svg_support/test/golden_comparison/golden_comparison_test.dart: Golden Comparison Tests Golden: dart matches browser render                     15:24 +3438 ~2 -2: /Users/denisnadey/apps/flutter_full_svg_support/test/golden_comparison/golden_comparison_test.dart: Golden Comparison Tests Golden: dart matches browser render                     15:25 +3438 ~2 -2: /Users/denisnadey/apps/flutter_full_svg_support/test/golden_comparison/golden_comparison_test.dart: Golden Comparison Tests Golden: dart matches browser render                     15:26 +3438 ~2 -2: /Users/denisnadey/apps/flutter_full_svg_support/test/golden_comparison/golden_comparison_test.dart: Golden Comparison Tests Golden: dart matches browser render                     15:27 +3438 ~2 -2: /Users/denisnadey/apps/flutter_full_svg_support/test/golden_comparison/golden_comparison_test.dart: Golden Comparison Tests Golden: dart matches browser render                     15:28 +3438 ~2 -2: /Users/denisnadey/apps/flutter_full_svg_support/test/golden_comparison/golden_comparison_test.dart: Golden Comparison Tests Golden: dart matches browser render                     15:29 +3438 ~2 -2: /Users/denisnadey/apps/flutter_full_svg_support/test/golden_comparison/golden_comparison_test.dart: Golden Comparison Tests Golden: dart matches browser render                     15:30 +3438 ~2 -2: /Users/denisnadey/apps/flutter_full_svg_support/test/golden_comparison/golden_comparison_test.dart: Golden Comparison Tests Golden: dart matches browser render                     15:31 +3438 ~2 -2: /Users/denisnadey/apps/flutter_full_svg_support/test/golden_comparison/golden_comparison_test.dart: Golden Comparison Tests Golden: dart matches browser render                     15:32 +3438 ~2 -2: /Users/denisnadey/apps/flutter_full_svg_support/test/golden_comparison/golden_comparison_test.dart: Golden Comparison Tests Golden: dart matches browser render                     15:33 +3438 ~2 -2: /Users/denisnadey/apps/flutter_full_svg_support/test/golden_comparison/golden_comparison_test.dart: Golden Comparison Tests Golden: dart matches browser render                     15:34 +3438 ~2 -2: /Users/denisnadey/apps/flutter_full_svg_support/test/golden_comparison/golden_comparison_test.dart: Golden Comparison Tests Golden: dart matches browser render                     15:35 +3438 ~2 -2: /Users/denisnadey/apps/flutter_full_svg_support/test/golden_comparison/golden_comparison_test.dart: Golden Comparison Tests Golden: dart matches browser render                     15:36 +3438 ~2 -2: /Users/denisnadey/apps/flutter_full_svg_support/test/golden_comparison/golden_comparison_test.dart: Golden Comparison Tests Golden: dart matches browser render                     15:37 +3438 ~2 -2: /Users/denisnadey/apps/flutter_full_svg_support/test/golden_comparison/golden_comparison_test.dart: Golden Comparison Tests Golden: dart matches browser render                     15:38 +3438 ~2 -2: /Users/denisnadey/apps/flutter_full_svg_support/test/golden_comparison/golden_comparison_test.dart: Golden Comparison Tests Golden: dart matches browser render                     15:39 +3438 ~2 -2: /Users/denisnadey/apps/flutter_full_svg_support/test/golden_comparison/golden_comparison_test.dart: Golden Comparison Tests Golden: dart matches browser render                     15:40 +3438 ~2 -2: /Users/denisnadey/apps/flutter_full_svg_support/test/golden_comparison/golden_comparison_test.dart: Golden Comparison Tests Golden: dart matches browser render                     15:41 +3438 ~2 -2: /Users/denisnadey/apps/flutter_full_svg_support/test/golden_comparison/golden_comparison_test.dart: Golden Comparison Tests Golden: dart matches browser render                     15:42 +3438 ~2 -2: /Users/denisnadey/apps/flutter_full_svg_support/test/golden_comparison/golden_comparison_test.dart: Golden Comparison Tests Golden: dart matches browser render                     15:43 +3438 ~2 -2: /Users/denisnadey/apps/flutter_full_svg_support/test/golden_comparison/golden_comparison_test.dart: Golden Comparison Tests Golden: dart matches browser render                     15:44 +3438 ~2 -2: /Users/denisnadey/apps/flutter_full_svg_support/test/golden_comparison/golden_comparison_test.dart: Golden Comparison Tests Golden: dart matches browser render                     15:45 +3438 ~2 -2: /Users/denisnadey/apps/flutter_full_svg_support/test/golden_comparison/golden_comparison_test.dart: Golden Comparison Tests Golden: dart matches browser render                     15:46 +3438 ~2 -2: /Users/denisnadey/apps/flutter_full_svg_support/test/golden_comparison/golden_comparison_test.dart: Golden Comparison Tests Golden: dart matches browser render                     15:47 +3438 ~2 -2: /Users/denisnadey/apps/flutter_full_svg_support/test/golden_comparison/golden_comparison_test.dart: Golden Comparison Tests Golden: dart matches browser render                     15:48 +3438 ~2 -2: /Users/denisnadey/apps/flutter_full_svg_support/test/golden_comparison/golden_comparison_test.dart: Golden Comparison Tests Golden: dart matches browser render                     15:49 +3438 ~2 -2: /Users/denisnadey/apps/flutter_full_svg_support/test/golden_comparison/golden_comparison_test.dart: Golden Comparison Tests Golden: dart matches browser render                     15:50 +3438 ~2 -2: /Users/denisnadey/apps/flutter_full_svg_support/test/golden_comparison/golden_comparison_test.dart: Golden Comparison Tests Golden: dart matches browser render                     15:51 +3438 ~2 -2: /Users/denisnadey/apps/flutter_full_svg_support/test/golden_comparison/golden_comparison_test.dart: Golden Comparison Tests Golden: dart matches browser render                     15:52 +3438 ~2 -2: /Users/denisnadey/apps/flutter_full_svg_support/test/golden_comparison/golden_comparison_test.dart: Golden Comparison Tests Golden: dart matches browser render                     15:53 +3438 ~2 -2: /Users/denisnadey/apps/flutter_full_svg_support/test/golden_comparison/golden_comparison_test.dart: Golden Comparison Tests Golden: dart matches browser render                     15:54 +3438 ~2 -2: /Users/denisnadey/apps/flutter_full_svg_support/test/golden_comparison/golden_comparison_test.dart: Golden Comparison Tests Golden: dart matches browser render                     15:55 +3438 ~2 -2: /Users/denisnadey/apps/flutter_full_svg_support/test/golden_comparison/golden_comparison_test.dart: Golden Comparison Tests Golden: dart matches browser render                     15:56 +3438 ~2 -2: /Users/denisnadey/apps/flutter_full_svg_support/test/golden_comparison/golden_comparison_test.dart: Golden Comparison Tests Golden: dart matches browser render                     15:57 +3438 ~2 -2: /Users/denisnadey/apps/flutter_full_svg_support/test/golden_comparison/golden_comparison_test.dart: Golden Comparison Tests Golden: dart matches browser render                     15:58 +3438 ~2 -2: /Users/denisnadey/apps/flutter_full_svg_support/test/golden_comparison/golden_comparison_test.dart: Golden Comparison Tests Golden: dart matches browser render                     15:59 +3438 ~2 -2: /Users/denisnadey/apps/flutter_full_svg_support/test/golden_comparison/golden_comparison_test.dart: Golden Comparison Tests Golden: dart matches browser render                     16:00 +3438 ~2 -2: /Users/denisnadey/apps/flutter_full_svg_support/test/golden_comparison/golden_comparison_test.dart: Golden Comparison Tests Golden: dart matches browser render                     16:01 +3438 ~2 -2: /Users/denisnadey/apps/flutter_full_svg_support/test/golden_comparison/golden_comparison_test.dart: Golden Comparison Tests Golden: dart matches browser render                     16:02 +3438 ~2 -2: /Users/denisnadey/apps/flutter_full_svg_support/test/golden_comparison/golden_comparison_test.dart: Golden Comparison Tests Golden: dart matches browser render                     16:03 +3438 ~2 -2: /Users/denisnadey/apps/flutter_full_svg_support/test/golden_comparison/golden_comparison_test.dart: Golden Comparison Tests Golden: dart matches browser render                     16:04 +3438 ~2 -2: /Users/denisnadey/apps/flutter_full_svg_support/test/golden_comparison/golden_comparison_test.dart: Golden Comparison Tests Golden: dart matches browser render                     16:05 +3438 ~2 -2: /Users/denisnadey/apps/flutter_full_svg_support/test/golden_comparison/golden_comparison_test.dart: Golden Comparison Tests Golden: dart matches browser render                     16:06 +3438 ~2 -2: /Users/denisnadey/apps/flutter_full_svg_support/test/golden_comparison/golden_comparison_test.dart: Golden Comparison Tests Golden: dart matches browser render                     16:07 +3438 ~2 -2: /Users/denisnadey/apps/flutter_full_svg_support/test/golden_comparison/golden_comparison_test.dart: Golden Comparison Tests Golden: dart matches browser render                     16:08 +3438 ~2 -2: /Users/denisnadey/apps/flutter_full_svg_support/test/golden_comparison/golden_comparison_test.dart: Golden Comparison Tests Golden: dart matches browser render                     16:09 +3438 ~2 -2: /Users/denisnadey/apps/flutter_full_svg_support/test/golden_comparison/golden_comparison_test.dart: Golden Comparison Tests Golden: dart matches browser render                     16:10 +3438 ~2 -2: /Users/denisnadey/apps/flutter_full_svg_support/test/golden_comparison/golden_comparison_test.dart: Golden Comparison Tests Golden: dart matches browser render                     16:11 +3438 ~2 -2: /Users/denisnadey/apps/flutter_full_svg_support/test/golden_comparison/golden_comparison_test.dart: Golden Comparison Tests Golden: dart matches browser render                     16:12 +3438 ~2 -2: /Users/denisnadey/apps/flutter_full_svg_support/test/golden_comparison/golden_comparison_test.dart: Golden Comparison Tests Golden: dart matches browser render                     16:13 +3438 ~2 -2: /Users/denisnadey/apps/flutter_full_svg_support/test/golden_comparison/golden_comparison_test.dart: Golden Comparison Tests Golden: dart matches browser render                     16:14 +3438 ~2 -2: /Users/denisnadey/apps/flutter_full_svg_support/test/golden_comparison/golden_comparison_test.dart: Golden Comparison Tests Golden: dart matches browser render                     16:15 +3438 ~2 -2: /Users/denisnadey/apps/flutter_full_svg_support/test/golden_comparison/golden_comparison_test.dart: Golden Comparison Tests Golden: dart matches browser render                     16:16 +3438 ~2 -2: /Users/denisnadey/apps/flutter_full_svg_support/test/golden_comparison/golden_comparison_test.dart: Golden Comparison Tests Golden: dart matches browser render                     16:17 +3438 ~2 -2: /Users/denisnadey/apps/flutter_full_svg_support/test/golden_comparison/golden_comparison_test.dart: Golden Comparison Tests Golden: dart matches browser render                     16:18 +3438 ~2 -2: /Users/denisnadey/apps/flutter_full_svg_support/test/golden_comparison/golden_comparison_test.dart: Golden Comparison Tests Golden: dart matches browser render                     16:19 +3438 ~2 -2: /Users/denisnadey/apps/flutter_full_svg_support/test/golden_comparison/golden_comparison_test.dart: Golden Comparison Tests Golden: dart matches browser render                     16:20 +3438 ~2 -2: /Users/denisnadey/apps/flutter_full_svg_support/test/golden_comparison/golden_comparison_test.dart: Golden Comparison Tests Golden: dart matches browser render                     16:21 +3438 ~2 -2: /Users/denisnadey/apps/flutter_full_svg_support/test/golden_comparison/golden_comparison_test.dart: Golden Comparison Tests Golden: dart matches browser render                     16:22 +3438 ~2 -2: /Users/denisnadey/apps/flutter_full_svg_support/test/golden_comparison/golden_comparison_test.dart: Golden Comparison Tests Golden: dart matches browser render                     16:23 +3438 ~2 -2: /Users/denisnadey/apps/flutter_full_svg_support/test/golden_comparison/golden_comparison_test.dart: Golden Comparison Tests Golden: dart matches browser render                     16:24 +3438 ~2 -2: /Users/denisnadey/apps/flutter_full_svg_support/test/golden_comparison/golden_comparison_test.dart: Golden Comparison Tests Golden: dart matches browser render                     16:25 +3438 ~2 -2: /Users/denisnadey/apps/flutter_full_svg_support/test/golden_comparison/golden_comparison_test.dart: Golden Comparison Tests Golden: dart matches browser render                     16:26 +3438 ~2 -2: /Users/denisnadey/apps/flutter_full_svg_support/test/golden_comparison/golden_comparison_test.dart: Golden Comparison Tests Golden: dart matches browser render                     16:27 +3438 ~2 -2: /Users/denisnadey/apps/flutter_full_svg_support/test/golden_comparison/golden_comparison_test.dart: Golden Comparison Tests Golden: dart matches browser render                     16:28 +3438 ~2 -2: /Users/denisnadey/apps/flutter_full_svg_support/test/golden_comparison/golden_comparison_test.dart: Golden Comparison Tests Golden: dart matches browser render                     16:29 +3438 ~2 -2: /Users/denisnadey/apps/flutter_full_svg_support/test/golden_comparison/golden_comparison_test.dart: Golden Comparison Tests Golden: dart matches browser render                     16:30 +3438 ~2 -2: /Users/denisnadey/apps/flutter_full_svg_support/test/golden_comparison/golden_comparison_test.dart: Golden Comparison Tests Golden: dart matches browser render                     16:31 +3438 ~2 -2: /Users/denisnadey/apps/flutter_full_svg_support/test/golden_comparison/golden_comparison_test.dart: Golden Comparison Tests Golden: dart matches browser render                     16:32 +3438 ~2 -2: /Users/denisnadey/apps/flutter_full_svg_support/test/golden_comparison/golden_comparison_test.dart: Golden Comparison Tests Golden: dart matches browser render                     16:32 +3438 ~2 -3: /Users/denisnadey/apps/flutter_full_svg_support/test/golden_comparison/golden_comparison_test.dart: Golden Comparison Tests Golden: dart matches browser render [E]                 
  TimeoutException after 0:10:00.000000: Test timed out after 10 minutes.
  dart:isolate  _RawReceivePort._handleMessage
  

To run this test again: /Users/denisnadey/fvm/versions/3.38.1/bin/cache/dart-sdk/bin/dart test /Users/denisnadey/apps/flutter_full_svg_support/test/golden_comparison/golden_comparison_test.dart -p vm --plain-name 'Golden Comparison Tests Golden: dart matches browser render'
16:32 +3438 ~2 -3: /Users/denisnadey/apps/flutter_full_svg_support/test/golden_comparison/golden_comparison_test.dart: Golden Comparison Tests Golden: flutter_logo matches browser render             16:33 +3438 ~2 -3: /Users/denisnadey/apps/flutter_full_svg_support/test/golden_comparison/golden_comparison_test.dart: Golden Comparison Tests Golden: flutter_logo matches browser render             16:34 +3438 ~2 -3: /Users/denisnadey/apps/flutter_full_svg_support/test/golden_comparison/golden_comparison_test.dart: Golden Comparison Tests Golden: flutter_logo matches browser render             16:35 +3438 ~2 -3: /Users/denisnadey/apps/flutter_full_svg_support/test/golden_comparison/golden_comparison_test.dart: Golden Comparison Tests Golden: flutter_logo matches browser render             16:36 +3438 ~2 -3: /Users/denisnadey/apps/flutter_full_svg_support/test/golden_comparison/golden_comparison_test.dart: Golden Comparison Tests Golden: flutter_logo matches browser render             16:37 +3438 ~2 -3: /Users/denisnadey/apps/flutter_full_svg_support/test/golden_comparison/golden_comparison_test.dart: Golden Comparison Tests Golden: flutter_logo matches browser render             16:38 +3438 ~2 -3: /Users/denisnadey/apps/flutter_full_svg_support/test/golden_comparison/golden_comparison_test.dart: Golden Comparison Tests Golden: flutter_logo matches browser render             16:39 +3438 ~2 -3: /Users/denisnadey/apps/flutter_full_svg_support/test/golden_comparison/golden_comparison_test.dart: Golden Comparison Tests Golden: flutter_logo matches browser render             16:40 +3438 ~2 -3: /Users/denisnadey/apps/flutter_full_svg_support/test/golden_comparison/golden_comparison_test.dart: Golden Comparison Tests Golden: flutter_logo matches browser render             16:41 +3438 ~2 -3: /Users/denisnadey/apps/flutter_full_svg_support/test/golden_comparison/golden_comparison_test.dart: Golden Comparison Tests Golden: flutter_logo matches browser render             16:42 +3438 ~2 -3: /Users/denisnadey/apps/flutter_full_svg_support/test/golden_comparison/golden_comparison_test.dart: Golden Comparison Tests Golden: flutter_logo matches browser render             16:43 +3438 ~2 -3: /Users/denisnadey/apps/flutter_full_svg_support/test/golden_comparison/golden_comparison_test.dart: Golden Comparison Tests Golden: flutter_logo matches browser render             16:44 +3438 ~2 -3: /Users/denisnadey/apps/flutter_full_svg_support/test/golden_comparison/golden_comparison_test.dart: Golden Comparison Tests Golden: flutter_logo matches browser render             16:45 +3438 ~2 -3: /Users/denisnadey/apps/flutter_full_svg_support/test/golden_comparison/golden_comparison_test.dart: Golden Comparison Tests Golden: flutter_logo matches browser render             16:46 +3438 ~2 -3: /Users/denisnadey/apps/flutter_full_svg_support/test/golden_comparison/golden_comparison_test.dart: Golden Comparison Tests Golden: flutter_logo matches browser render             16:47 +3438 ~2 -3: /Users/denisnadey/apps/flutter_full_svg_support/test/golden_comparison/golden_comparison_test.dart: Golden Comparison Tests Golden: flutter_logo matches browser render             16:48 +3438 ~2 -3: /Users/denisnadey/apps/flutter_full_svg_support/test/golden_comparison/golden_comparison_test.dart: Golden Comparison Tests Golden: flutter_logo matches browser render             16:49 +3438 ~2 -3: /Users/denisnadey/apps/flutter_full_svg_support/test/golden_comparison/golden_comparison_test.dart: Golden Comparison Tests Golden: flutter_logo matches browser render             16:50 +3438 ~2 -3: /Users/denisnadey/apps/flutter_full_svg_support/test/golden_comparison/golden_comparison_test.dart: Golden Comparison Tests Golden: flutter_logo matches browser render             16:51 +3438 ~2 -3: /Users/denisnadey/apps/flutter_full_svg_support/test/golden_comparison/golden_comparison_test.dart: Golden Comparison Tests Golden: flutter_logo matches browser render             16:52 +3438 ~2 -3: /Users/denisnadey/apps/flutter_full_svg_support/test/golden_comparison/golden_comparison_test.dart: Golden Comparison Tests Golden: flutter_logo matches browser render             16:53 +3438 ~2 -3: /Users/denisnadey/apps/flutter_full_svg_support/test/golden_comparison/golden_comparison_test.dart: Golden Comparison Tests Golden: flutter_logo matches browser render             16:54 +3438 ~2 -3: /Users/denisnadey/apps/flutter_full_svg_support/test/golden_comparison/golden_comparison_test.dart: Golden Comparison Tests Golden: flutter_logo matches browser render             16:55 +3438 ~2 -3: /Users/denisnadey/apps/flutter_full_svg_support/test/golden_comparison/golden_comparison_test.dart: Golden Comparison Tests Golden: flutter_logo matches browser render             16:56 +3438 ~2 -3: /Users/denisnadey/apps/flutter_full_svg_support/test/golden_comparison/golden_comparison_test.dart: Golden Comparison Tests Golden: flutter_logo matches browser render             16:57 +3438 ~2 -3: /Users/denisnadey/apps/flutter_full_svg_support/test/golden_comparison/golden_comparison_test.dart: Golden Comparison Tests Golden: flutter_logo matches browser render             16:58 +3438 ~2 -3: /Users/denisnadey/apps/flutter_full_svg_support/test/golden_comparison/golden_comparison_test.dart: Golden Comparison Tests Golden: flutter_logo matches browser render             16:59 +3438 ~2 -3: /Users/denisnadey/apps/flutter_full_svg_support/test/golden_comparison/golden_comparison_test.dart: Golden Comparison Tests Golden: flutter_logo matches browser render             17:00 +3438 ~2 -3: /Users/denisnadey/apps/flutter_full_svg_support/test/golden_comparison/golden_comparison_test.dart: Golden Comparison Tests Golden: flutter_logo matches browser render             17:01 +3438 ~2 -3: /Users/denisnadey/apps/flutter_full_svg_support/test/golden_comparison/golden_comparison_test.dart: Golden Comparison Tests Golden: flutter_logo matches browser render             17:02 +3438 ~2 -3: /Users/denisnadey/apps/flutter_full_svg_support/test/golden_comparison/golden_comparison_test.dart: Golden Comparison Tests Golden: flutter_logo matches browser render             17:03 +3438 ~2 -3: /Users/denisnadey/apps/flutter_full_svg_support/test/golden_comparison/golden_comparison_test.dart: Golden Comparison Tests Golden: flutter_logo matches browser render             17:04 +3438 ~2 -3: /Users/denisnadey/apps/flutter_full_svg_support/test/golden_comparison/golden_comparison_test.dart: Golden Comparison Tests Golden: flutter_logo matches browser render             17:05 +3438 ~2 -3: /Users/denisnadey/apps/flutter_full_svg_support/test/golden_comparison/golden_comparison_test.dart: Golden Comparison Tests Golden: flutter_logo matches browser render             17:06 +3438 ~2 -3: /Users/denisnadey/apps/flutter_full_svg_support/test/golden_comparison/golden_comparison_test.dart: Golden Comparison Tests Golden: flutter_logo matches browser render             17:07 +3438 ~2 -3: /Users/denisnadey/apps/flutter_full_svg_support/test/golden_comparison/golden_comparison_test.dart: Golden Comparison Tests Golden: flutter_logo matches browser render             17:08 +3438 ~2 -3: /Users/denisnadey/apps/flutter_full_svg_support/test/golden_comparison/golden_comparison_test.dart: Golden Comparison Tests Golden: flutter_logo matches browser render             17:09 +3438 ~2 -3: /Users/denisnadey/apps/flutter_full_svg_support/test/golden_comparison/golden_comparison_test.dart: Golden Comparison Tests Golden: flutter_logo matches browser render             17:10 +3438 ~2 -3: /Users/denisnadey/apps/flutter_full_svg_support/test/golden_comparison/golden_comparison_test.dart: Golden Comparison Tests Golden: flutter_logo matches browser render             17:11 +3438 ~2 -3: /Users/denisnadey/apps/flutter_full_svg_support/test/golden_comparison/golden_comparison_test.dart: Golden Comparison Tests Golden: flutter_logo matches browser render             17:12 +3438 ~2 -3: /Users/denisnadey/apps/flutter_full_svg_support/test/golden_comparison/golden_comparison_test.dart: Golden Comparison Tests Golden: flutter_logo matches browser render             17:13 +3438 ~2 -3: /Users/denisnadey/apps/flutter_full_svg_support/test/golden_comparison/golden_comparison_test.dart: Golden Comparison Tests Golden: flutter_logo matches browser render             17:14 +3438 ~2 -3: /Users/denisnadey/apps/flutter_full_svg_support/test/golden_comparison/golden_comparison_test.dart: Golden Comparison Tests Golden: flutter_logo matches browser render             17:15 +3438 ~2 -3: /Users/denisnadey/apps/flutter_full_svg_support/test/golden_comparison/golden_comparison_test.dart: Golden Comparison Tests Golden: flutter_logo matches browser render             17:16 +3438 ~2 -3: /Users/denisnadey/apps/flutter_full_svg_support/test/golden_comparison/golden_comparison_test.dart: Golden Comparison Tests Golden: flutter_logo matches browser render             17:17 +3438 ~2 -3: /Users/denisnadey/apps/flutter_full_svg_support/test/golden_comparison/golden_comparison_test.dart: Golden Comparison Tests Golden: flutter_logo matches browser render             17:18 +3438 ~2 -3: /Users/denisnadey/apps/flutter_full_svg_support/test/golden_comparison/golden_comparison_test.dart: Golden Comparison Tests Golden: flutter_logo matches browser render             17:19 +3438 ~2 -3: /Users/denisnadey/apps/flutter_full_svg_support/test/golden_comparison/golden_comparison_test.dart: Golden Comparison Tests Golden: flutter_logo matches browser render             17:20 +3438 ~2 -3: /Users/denisnadey/apps/flutter_full_svg_support/test/golden_comparison/golden_comparison_test.dart: Golden Comparison Tests Golden: flutter_logo matches browser render             17:21 +3438 ~2 -3: /Users/denisnadey/apps/flutter_full_svg_support/test/golden_comparison/golden_comparison_test.dart: Golden Comparison Tests Golden: flutter_logo matches browser render             17:22 +3438 ~2 -3: /Users/denisnadey/apps/flutter_full_svg_support/test/golden_comparison/golden_comparison_test.dart: Golden Comparison Tests Golden: flutter_logo matches browser render             17:23 +3438 ~2 -3: /Users/denisnadey/apps/flutter_full_svg_support/test/golden_comparison/golden_comparison_test.dart: Golden Comparison Tests Golden: flutter_logo matches browser render             17:24 +3438 ~2 -3: /Users/denisnadey/apps/flutter_full_svg_support/test/golden_comparison/golden_comparison_test.dart: Golden Comparison Tests Golden: flutter_logo matches browser render             17:25 +3438 ~2 -3: /Users/denisnadey/apps/flutter_full_svg_support/test/golden_comparison/golden_comparison_test.dart: Golden Comparison Tests Golden: flutter_logo matches browser render             17:26 +3438 ~2 -3: /Users/denisnadey/apps/flutter_full_svg_support/test/golden_comparison/golden_comparison_test.dart: Golden Comparison Tests Golden: flutter_logo matches browser render             17:27 +3438 ~2 -3: /Users/denisnadey/apps/flutter_full_svg_support/test/golden_comparison/golden_comparison_test.dart: Golden Comparison Tests Golden: flutter_logo matches browser render             17:28 +3438 ~2 -3: /Users/denisnadey/apps/flutter_full_svg_support/test/golden_comparison/golden_comparison_test.dart: Golden Comparison Tests Golden: flutter_logo matches browser render             17:29 +3438 ~2 -3: /Users/denisnadey/apps/flutter_full_svg_support/test/golden_comparison/golden_comparison_test.dart: Golden Comparison Tests Golden: flutter_logo matches browser render             17:30 +3438 ~2 -3: /Users/denisnadey/apps/flutter_full_svg_support/test/golden_comparison/golden_comparison_test.dart: Golden Comparison Tests Golden: flutter_logo matches browser render             17:31 +3438 ~2 -3: /Users/denisnadey/apps/flutter_full_svg_support/test/golden_comparison/golden_comparison_test.dart: Golden Comparison Tests Golden: flutter_logo matches browser render             17:32 +3438 ~2 -3: /Users/denisnadey/apps/flutter_full_svg_support/test/golden_comparison/golden_comparison_test.dart: Golden Comparison Tests Golden: flutter_logo matches browser render             17:33 +3438 ~2 -3: /Users/denisnadey/apps/flutter_full_svg_support/test/golden_comparison/golden_comparison_test.dart: Golden Comparison Tests Golden: flutter_logo matches browser render             17:34 +3438 ~2 -3: /Users/denisnadey/apps/flutter_full_svg_support/test/golden_comparison/golden_comparison_test.dart: Golden Comparison Tests Golden: flutter_logo matches browser render             17:35 +3438 ~2 -3: /Users/denisnadey/apps/flutter_full_svg_support/test/golden_comparison/golden_comparison_test.dart: Golden Comparison Tests Golden: flutter_logo matches browser render             17:36 +3438 ~2 -3: /Users/denisnadey/apps/flutter_full_svg_support/test/golden_comparison/golden_comparison_test.dart: Golden Comparison Tests Golden: flutter_logo matches browser render             17:37 +3438 ~2 -3: /Users/denisnadey/apps/flutter_full_svg_support/test/golden_comparison/golden_comparison_test.dart: Golden Comparison Tests Golden: flutter_logo matches browser render             17:38 +3438 ~2 -3: /Users/denisnadey/apps/flutter_full_svg_support/test/golden_comparison/golden_comparison_test.dart: Golden Comparison Tests Golden: flutter_logo matches browser render             17:39 +3438 ~2 -3: /Users/denisnadey/apps/flutter_full_svg_support/test/golden_comparison/golden_comparison_test.dart: Golden Comparison Tests Golden: flutter_logo matches browser render             17:40 +3438 ~2 -3: /Users/denisnadey/apps/flutter_full_svg_support/test/golden_comparison/golden_comparison_test.dart: Golden Comparison Tests Golden: flutter_logo matches browser render             17:41 +3438 ~2 -3: /Users/denisnadey/apps/flutter_full_svg_support/test/golden_comparison/golden_comparison_test.dart: Golden Comparison Tests Golden: flutter_logo matches browser render             17:42 +3438 ~2 -3: /Users/denisnadey/apps/flutter_full_svg_support/test/golden_comparison/golden_comparison_test.dart: Golden Comparison Tests Golden: flutter_logo matches browser render             17:43 +3438 ~2 -3: /Users/denisnadey/apps/flutter_full_svg_support/test/golden_comparison/golden_comparison_test.dart: Golden Comparison Tests Golden: flutter_logo matches browser render             17:44 +3438 ~2 -3: /Users/denisnadey/apps/flutter_full_svg_support/test/golden_comparison/golden_comparison_test.dart: Golden Comparison Tests Golden: flutter_logo matches browser render             17:45 +3438 ~2 -3: /Users/denisnadey/apps/flutter_full_svg_support/test/golden_comparison/golden_comparison_test.dart: Golden Comparison Tests Golden: flutter_logo matches browser render             17:46 +3438 ~2 -3: /Users/denisnadey/apps/flutter_full_svg_support/test/golden_comparison/golden_comparison_test.dart: Golden Comparison Tests Golden: flutter_logo matches browser render             17:47 +3438 ~2 -3: /Users/denisnadey/apps/flutter_full_svg_support/test/golden_comparison/golden_comparison_test.dart: Golden Comparison Tests Golden: flutter_logo matches browser render             17:48 +3438 ~2 -3: /Users/denisnadey/apps/flutter_full_svg_support/test/golden_comparison/golden_comparison_test.dart: Golden Comparison Tests Golden: flutter_logo matches browser render             17:49 +3438 ~2 -3: /Users/denisnadey/apps/flutter_full_svg_support/test/golden_comparison/golden_comparison_test.dart: Golden Comparison Tests Golden: flutter_logo matches browser render             17:50 +3438 ~2 -3: /Users/denisnadey/apps/flutter_full_svg_support/test/golden_comparison/golden_comparison_test.dart: Golden Comparison Tests Golden: flutter_logo matches browser render             17:51 +3438 ~2 -3: /Users/denisnadey/apps/flutter_full_svg_support/test/golden_comparison/golden_comparison_test.dart: Golden Comparison Tests Golden: flutter_logo matches browser render             17:52 +3438 ~2 -3: /Users/denisnadey/apps/flutter_full_svg_support/test/golden_comparison/golden_comparison_test.dart: Golden Comparison Tests Golden: flutter_logo matches browser render             17:53 +3438 ~2 -3: /Users/denisnadey/apps/flutter_full_svg_support/test/golden_comparison/golden_comparison_test.dart: Golden Comparison Tests Golden: flutter_logo matches browser render             17:54 +3438 ~2 -3: /Users/denisnadey/apps/flutter_full_svg_support/test/golden_comparison/golden_comparison_test.dart: Golden Comparison Tests Golden: flutter_logo matches browser render             17:55 +3438 ~2 -3: /Users/denisnadey/apps/flutter_full_svg_support/test/golden_comparison/golden_comparison_test.dart: Golden Comparison Tests Golden: flutter_logo matches browser render             17:56 +3438 ~2 -3: /Users/denisnadey/apps/flutter_full_svg_support/test/golden_comparison/golden_comparison_test.dart: Golden Comparison Tests Golden: flutter_logo matches browser render             17:57 +3438 ~2 -3: /Users/denisnadey/apps/flutter_full_svg_support/test/golden_comparison/golden_comparison_test.dart: Golden Comparison Tests Golden: flutter_logo matches browser render             17:58 +3438 ~2 -3: /Users/denisnadey/apps/flutter_full_svg_support/test/golden_comparison/golden_comparison_test.dart: Golden Comparison Tests Golden: flutter_logo matches browser render             17:59 +3438 ~2 -3: /Users/denisnadey/apps/flutter_full_svg_support/test/golden_comparison/golden_comparison_test.dart: Golden Comparison Tests Golden: flutter_logo matches browser render             18:00 +3438 ~2 -3: /Users/denisnadey/apps/flutter_full_svg_support/test/golden_comparison/golden_comparison_test.dart: Golden Comparison Tests Golden: flutter_logo matches browser render             18:01 +3438 ~2 -3: /Users/denisnadey/apps/flutter_full_svg_support/test/golden_comparison/golden_comparison_test.dart: Golden Comparison Tests Golden: flutter_logo matches browser render             18:02 +3438 ~2 -3: /Users/denisnadey/apps/flutter_full_svg_support/test/golden_comparison/golden_comparison_test.dart: Golden Comparison Tests Golden: flutter_logo matches browser render             18:03 +3438 ~2 -3: /Users/denisnadey/apps/flutter_full_svg_support/test/golden_comparison/golden_comparison_test.dart: Golden Comparison Tests Golden: flutter_logo matches browser render             18:04 +3438 ~2 -3: /Users/denisnadey/apps/flutter_full_svg_support/test/golden_comparison/golden_comparison_test.dart: Golden Comparison Tests Golden: flutter_logo matches browser render             18:05 +3438 ~2 -3: /Users/denisnadey/apps/flutter_full_svg_support/test/golden_comparison/golden_comparison_test.dart: Golden Comparison Tests Golden: flutter_logo matches browser render             18:06 +3438 ~2 -3: /Users/denisnadey/apps/flutter_full_svg_support/test/golden_comparison/golden_comparison_test.dart: Golden Comparison Tests Golden: flutter_logo matches browser render             18:07 +3438 ~2 -3: /Users/denisnadey/apps/flutter_full_svg_support/test/golden_comparison/golden_comparison_test.dart: Golden Comparison Tests Golden: flutter_logo matches browser render             18:08 +3438 ~2 -3: /Users/denisnadey/apps/flutter_full_svg_support/test/golden_comparison/golden_comparison_test.dart: Golden Comparison Tests Golden: flutter_logo matches browser render             18:09 +3438 ~2 -3: /Users/denisnadey/apps/flutter_full_svg_support/test/golden_comparison/golden_comparison_test.dart: Golden Comparison Tests Golden: flutter_logo matches browser render             18:10 +3438 ~2 -3: /Users/denisnadey/apps/flutter_full_svg_support/test/golden_comparison/golden_comparison_test.dart: Golden Comparison Tests Golden: flutter_logo matches browser render             18:11 +3438 ~2 -3: /Users/denisnadey/apps/flutter_full_svg_support/test/golden_comparison/golden_comparison_test.dart: Golden Comparison Tests Golden: flutter_logo matches browser render             18:12 +3438 ~2 -3: /Users/denisnadey/apps/flutter_full_svg_support/test/golden_comparison/golden_comparison_test.dart: Golden Comparison Tests Golden: flutter_logo matches browser render             18:13 +3438 ~2 -3: /Users/denisnadey/apps/flutter_full_svg_support/test/golden_comparison/golden_comparison_test.dart: Golden Comparison Tests Golden: flutter_logo matches browser render             18:14 +3438 ~2 -3: /Users/denisnadey/apps/flutter_full_svg_support/test/golden_comparison/golden_comparison_test.dart: Golden Comparison Tests Golden: flutter_logo matches browser render             18:15 +3438 ~2 -3: /Users/denisnadey/apps/flutter_full_svg_support/test/golden_comparison/golden_comparison_test.dart: Golden Comparison Tests Golden: flutter_logo matches browser render             18:16 +3438 ~2 -3: /Users/denisnadey/apps/flutter_full_svg_support/test/golden_comparison/golden_comparison_test.dart: Golden Comparison Tests Golden: flutter_logo matches browser render             18:17 +3438 ~2 -3: /Users/denisnadey/apps/flutter_full_svg_support/test/golden_comparison/golden_comparison_test.dart: Golden Comparison Tests Golden: flutter_logo matches browser render             18:18 +3438 ~2 -3: /Users/denisnadey/apps/flutter_full_svg_support/test/golden_comparison/golden_comparison_test.dart: Golden Comparison Tests Golden: flutter_logo matches browser render             18:19 +3438 ~2 -3: /Users/denisnadey/apps/flutter_full_svg_support/test/golden_comparison/golden_comparison_test.dart: Golden Comparison Tests Golden: flutter_logo matches browser render             18:20 +3438 ~2 -3: /Users/denisnadey/apps/flutter_full_svg_support/test/golden_comparison/golden_comparison_test.dart: Golden Comparison Tests Golden: flutter_logo matches browser render             18:21 +3438 ~2 -3: /Users/denisnadey/apps/flutter_full_svg_support/test/golden_comparison/golden_comparison_test.dart: Golden Comparison Tests Golden: flutter_logo matches browser render             18:22 +3438 ~2 -3: /Users/denisnadey/apps/flutter_full_svg_support/test/golden_comparison/golden_comparison_test.dart: Golden Comparison Tests Golden: flutter_logo matches browser render             18:23 +3438 ~2 -3: /Users/denisnadey/apps/flutter_full_svg_support/test/golden_comparison/golden_comparison_test.dart: Golden Comparison Tests Golden: flutter_logo matches browser render             18:24 +3438 ~2 -3: /Users/denisnadey/apps/flutter_full_svg_support/test/golden_comparison/golden_comparison_test.dart: Golden Comparison Tests Golden: flutter_logo matches browser render             18:25 +3438 ~2 -3: /Users/denisnadey/apps/flutter_full_svg_support/test/golden_comparison/golden_comparison_test.dart: Golden Comparison Tests Golden: flutter_logo matches browser render             18:26 +3438 ~2 -3: /Users/denisnadey/apps/flutter_full_svg_support/test/golden_comparison/golden_comparison_test.dart: Golden Comparison Tests Golden: flutter_logo matches browser render             18:27 +3438 ~2 -3: /Users/denisnadey/apps/flutter_full_svg_support/test/golden_comparison/golden_comparison_test.dart: Golden Comparison Tests Golden: flutter_logo matches browser render             18:28 +3438 ~2 -3: /Users/denisnadey/apps/flutter_full_svg_support/test/golden_comparison/golden_comparison_test.dart: Golden Comparison Tests Golden: flutter_logo matches browser render             18:29 +3438 ~2 -3: /Users/denisnadey/apps/flutter_full_svg_support/test/golden_comparison/golden_comparison_test.dart: Golden Comparison Tests Golden: flutter_logo matches browser render             18:30 +3438 ~2 -3: /Users/denisnadey/apps/flutter_full_svg_support/test/golden_comparison/golden_comparison_test.dart: Golden Comparison Tests Golden: flutter_logo matches browser render             18:31 +3438 ~2 -3: /Users/denisnadey/apps/flutter_full_svg_support/test/golden_comparison/golden_comparison_test.dart: Golden Comparison Tests Golden: flutter_logo matches browser render             18:32 +3438 ~2 -3: /Users/denisnadey/apps/flutter_full_svg_support/test/golden_comparison/golden_comparison_test.dart: Golden Comparison Tests Golden: flutter_logo matches browser render             18:33 +3438 ~2 -3: /Users/denisnadey/apps/flutter_full_svg_support/test/golden_comparison/golden_comparison_test.dart: Golden Comparison Tests Golden: flutter_logo matches browser render             18:34 +3438 ~2 -3: /Users/denisnadey/apps/flutter_full_svg_support/test/golden_comparison/golden_comparison_test.dart: Golden Comparison Tests Golden: flutter_logo matches browser render             18:35 +3438 ~2 -3: /Users/denisnadey/apps/flutter_full_svg_support/test/golden_comparison/golden_comparison_test.dart: Golden Comparison Tests Golden: flutter_logo matches browser render             18:36 +3438 ~2 -3: /Users/denisnadey/apps/flutter_full_svg_support/test/golden_comparison/golden_comparison_test.dart: Golden Comparison Tests Golden: flutter_logo matches browser render             18:37 +3438 ~2 -3: /Users/denisnadey/apps/flutter_full_svg_support/test/golden_comparison/golden_comparison_test.dart: Golden Comparison Tests Golden: flutter_logo matches browser render             18:38 +3438 ~2 -3: /Users/denisnadey/apps/flutter_full_svg_support/test/golden_comparison/golden_comparison_test.dart: Golden Comparison Tests Golden: flutter_logo matches browser render             18:39 +3438 ~2 -3: /Users/denisnadey/apps/flutter_full_svg_support/test/golden_comparison/golden_comparison_test.dart: Golden Comparison Tests Golden: flutter_logo matches browser render             18:40 +3438 ~2 -3: /Users/denisnadey/apps/flutter_full_svg_support/test/golden_comparison/golden_comparison_test.dart: Golden Comparison Tests Golden: flutter_logo matches browser render             18:41 +3438 ~2 -3: /Users/denisnadey/apps/flutter_full_svg_support/test/golden_comparison/golden_comparison_test.dart: Golden Comparison Tests Golden: flutter_logo matches browser render             18:42 +3438 ~2 -3: /Users/denisnadey/apps/flutter_full_svg_support/test/golden_comparison/golden_comparison_test.dart: Golden Comparison Tests Golden: flutter_logo matches browser render             18:43 +3438 ~2 -3: /Users/denisnadey/apps/flutter_full_svg_support/test/golden_comparison/golden_comparison_test.dart: Golden Comparison Tests Golden: flutter_logo matches browser render             18:44 +3438 ~2 -3: /Users/denisnadey/apps/flutter_full_svg_support/test/golden_comparison/golden_comparison_test.dart: Golden Comparison Tests Golden: flutter_logo matches browser render             18:45 +3438 ~2 -3: /Users/denisnadey/apps/flutter_full_svg_support/test/golden_comparison/golden_comparison_test.dart: Golden Comparison Tests Golden: flutter_logo matches browser render             18:46 +3438 ~2 -3: /Users/denisnadey/apps/flutter_full_svg_support/test/golden_comparison/golden_comparison_test.dart: Golden Comparison Tests Golden: flutter_logo matches browser render             18:47 +3438 ~2 -3: /Users/denisnadey/apps/flutter_full_svg_support/test/golden_comparison/golden_comparison_test.dart: Golden Comparison Tests Golden: flutter_logo matches browser render             18:48 +3438 ~2 -3: /Users/denisnadey/apps/flutter_full_svg_support/test/golden_comparison/golden_comparison_test.dart: Golden Comparison Tests Golden: flutter_logo matches browser render             18:49 +3438 ~2 -3: /Users/denisnadey/apps/flutter_full_svg_support/test/golden_comparison/golden_comparison_test.dart: Golden Comparison Tests Golden: flutter_logo matches browser render             18:50 +3438 ~2 -3: /Users/denisnadey/apps/flutter_full_svg_support/test/golden_comparison/golden_comparison_test.dart: Golden Comparison Tests Golden: flutter_logo matches browser render             18:51 +3438 ~2 -3: /Users/denisnadey/apps/flutter_full_svg_support/test/golden_comparison/golden_comparison_test.dart: Golden Comparison Tests Golden: flutter_logo matches browser render             18:52 +3438 ~2 -3: /Users/denisnadey/apps/flutter_full_svg_support/test/golden_comparison/golden_comparison_test.dart: Golden Comparison Tests Golden: flutter_logo matches browser render             18:53 +3438 ~2 -3: /Users/denisnadey/apps/flutter_full_svg_support/test/golden_comparison/golden_comparison_test.dart: Golden Comparison Tests Golden: flutter_logo matches browser render             18:54 +3438 ~2 -3: /Users/denisnadey/apps/flutter_full_svg_support/test/golden_comparison/golden_comparison_test.dart: Golden Comparison Tests Golden: flutter_logo matches browser render             18:55 +3438 ~2 -3: /Users/denisnadey/apps/flutter_full_svg_support/test/golden_comparison/golden_comparison_test.dart: Golden Comparison Tests Golden: flutter_logo matches browser render             18:56 +3438 ~2 -3: /Users/denisnadey/apps/flutter_full_svg_support/test/golden_comparison/golden_comparison_test.dart: Golden Comparison Tests Golden: flutter_logo matches browser render             18:57 +3438 ~2 -3: /Users/denisnadey/apps/flutter_full_svg_support/test/golden_comparison/golden_comparison_test.dart: Golden Comparison Tests Golden: flutter_logo matches browser render             18:58 +3438 ~2 -3: /Users/denisnadey/apps/flutter_full_svg_support/test/golden_comparison/golden_comparison_test.dart: Golden Comparison Tests Golden: flutter_logo matches browser render             18:59 +3438 ~2 -3: /Users/denisnadey/apps/flutter_full_svg_support/test/golden_comparison/golden_comparison_test.dart: Golden Comparison Tests Golden: flutter_logo matches browser render             19:00 +3438 ~2 -3: /Users/denisnadey/apps/flutter_full_svg_support/test/golden_comparison/golden_comparison_test.dart: Golden Comparison Tests Golden: flutter_logo matches browser render             19:01 +3438 ~2 -3: /Users/denisnadey/apps/flutter_full_svg_support/test/golden_comparison/golden_comparison_test.dart: Golden Comparison Tests Golden: flutter_logo matches browser render             19:02 +3438 ~2 -3: /Users/denisnadey/apps/flutter_full_svg_support/test/golden_comparison/golden_comparison_test.dart: Golden Comparison Tests Golden: flutter_logo matches browser render             19:03 +3438 ~2 -3: /Users/denisnadey/apps/flutter_full_svg_support/test/golden_comparison/golden_comparison_test.dart: Golden Comparison Tests Golden: flutter_logo matches browser render             19:04 +3438 ~2 -3: /Users/denisnadey/apps/flutter_full_svg_support/test/golden_comparison/golden_comparison_test.dart: Golden Comparison Tests Golden: flutter_logo matches browser render             19:05 +3438 ~2 -3: /Users/denisnadey/apps/flutter_full_svg_support/test/golden_comparison/golden_comparison_test.dart: Golden Comparison Tests Golden: flutter_logo matches browser render             19:06 +3438 ~2 -3: /Users/denisnadey/apps/flutter_full_svg_support/test/golden_comparison/golden_comparison_test.dart: Golden Comparison Tests Golden: flutter_logo matches browser render             19:07 +3438 ~2 -3: /Users/denisnadey/apps/flutter_full_svg_support/test/golden_comparison/golden_comparison_test.dart: Golden Comparison Tests Golden: flutter_logo matches browser render             19:08 +3438 ~2 -3: /Users/denisnadey/apps/flutter_full_svg_support/test/golden_comparison/golden_comparison_test.dart: Golden Comparison Tests Golden: flutter_logo matches browser render             19:09 +3438 ~2 -3: /Users/denisnadey/apps/flutter_full_svg_support/test/golden_comparison/golden_comparison_test.dart: Golden Comparison Tests Golden: flutter_logo matches browser render             19:10 +3438 ~2 -3: /Users/denisnadey/apps/flutter_full_svg_support/test/golden_comparison/golden_comparison_test.dart: Golden Comparison Tests Golden: flutter_logo matches browser render             19:11 +3438 ~2 -3: /Users/denisnadey/apps/flutter_full_svg_support/test/golden_comparison/golden_comparison_test.dart: Golden Comparison Tests Golden: flutter_logo matches browser render             19:12 +3438 ~2 -3: /Users/denisnadey/apps/flutter_full_svg_support/test/golden_comparison/golden_comparison_test.dart: Golden Comparison Tests Golden: flutter_logo matches browser render             19:13 +3438 ~2 -3: /Users/denisnadey/apps/flutter_full_svg_support/test/golden_comparison/golden_comparison_test.dart: Golden Comparison Tests Golden: flutter_logo matches browser render             19:14 +3438 ~2 -3: /Users/denisnadey/apps/flutter_full_svg_support/test/golden_comparison/golden_comparison_test.dart: Golden Comparison Tests Golden: flutter_logo matches browser render             19:15 +3438 ~2 -3: /Users/denisnadey/apps/flutter_full_svg_support/test/golden_comparison/golden_comparison_test.dart: Golden Comparison Tests Golden: flutter_logo matches browser render             19:16 +3438 ~2 -3: /Users/denisnadey/apps/flutter_full_svg_support/test/golden_comparison/golden_comparison_test.dart: Golden Comparison Tests Golden: flutter_logo matches browser render             19:17 +3438 ~2 -3: /Users/denisnadey/apps/flutter_full_svg_support/test/golden_comparison/golden_comparison_test.dart: Golden Comparison Tests Golden: flutter_logo matches browser render             19:18 +3438 ~2 -3: /Users/denisnadey/apps/flutter_full_svg_support/test/golden_comparison/golden_comparison_test.dart: Golden Comparison Tests Golden: flutter_logo matches browser render             19:19 +3438 ~2 -3: /Users/denisnadey/apps/flutter_full_svg_support/test/golden_comparison/golden_comparison_test.dart: Golden Comparison Tests Golden: flutter_logo matches browser render             19:20 +3438 ~2 -3: /Users/denisnadey/apps/flutter_full_svg_support/test/golden_comparison/golden_comparison_test.dart: Golden Comparison Tests Golden: flutter_logo matches browser render             19:21 +3438 ~2 -3: /Users/denisnadey/apps/flutter_full_svg_support/test/golden_comparison/golden_comparison_test.dart: Golden Comparison Tests Golden: flutter_logo matches browser render             19:22 +3438 ~2 -3: /Users/denisnadey/apps/flutter_full_svg_support/test/golden_comparison/golden_comparison_test.dart: Golden Comparison Tests Golden: flutter_logo matches browser render             19:23 +3438 ~2 -3: /Users/denisnadey/apps/flutter_full_svg_support/test/golden_comparison/golden_comparison_test.dart: Golden Comparison Tests Golden: flutter_logo matches browser render             19:24 +3438 ~2 -3: /Users/denisnadey/apps/flutter_full_svg_support/test/golden_comparison/golden_comparison_test.dart: Golden Comparison Tests Golden: flutter_logo matches browser render             19:25 +3438 ~2 -3: /Users/denisnadey/apps/flutter_full_svg_support/test/golden_comparison/golden_comparison_test.dart: Golden Comparison Tests Golden: flutter_logo matches browser render             19:26 +3438 ~2 -3: /Users/denisnadey/apps/flutter_full_svg_support/test/golden_comparison/golden_comparison_test.dart: Golden Comparison Tests Golden: flutter_logo matches browser render             19:27 +3438 ~2 -3: /Users/denisnadey/apps/flutter_full_svg_support/test/golden_comparison/golden_comparison_test.dart: Golden Comparison Tests Golden: flutter_logo matches browser render             19:28 +3438 ~2 -3: /Users/denisnadey/apps/flutter_full_svg_support/test/golden_comparison/golden_comparison_test.dart: Golden Comparison Tests Golden: flutter_logo matches browser render             19:29 +3438 ~2 -3: /Users/denisnadey/apps/flutter_full_svg_support/test/golden_comparison/golden_comparison_test.dart: Golden Comparison Tests Golden: flutter_logo matches browser render             19:30 +3438 ~2 -3: /Users/denisnadey/apps/flutter_full_svg_support/test/golden_comparison/golden_comparison_test.dart: Golden Comparison Tests Golden: flutter_logo matches browser render             19:31 +3438 ~2 -3: /Users/denisnadey/apps/flutter_full_svg_support/test/golden_comparison/golden_comparison_test.dart: Golden Comparison Tests Golden: flutter_logo matches browser render             19:32 +3438 ~2 -3: /Users/denisnadey/apps/flutter_full_svg_support/test/golden_comparison/golden_comparison_test.dart: Golden Comparison Tests Golden: flutter_logo matches browser render             19:33 +3438 ~2 -3: /Users/denisnadey/apps/flutter_full_svg_support/test/golden_comparison/golden_comparison_test.dart: Golden Comparison Tests Golden: flutter_logo matches browser render             19:34 +3438 ~2 -3: /Users/denisnadey/apps/flutter_full_svg_support/test/golden_comparison/golden_comparison_test.dart: Golden Comparison Tests Golden: flutter_logo matches browser render             19:35 +3438 ~2 -3: /Users/denisnadey/apps/flutter_full_svg_support/test/golden_comparison/golden_comparison_test.dart: Golden Comparison Tests Golden: flutter_logo matches browser render             19:36 +3438 ~2 -3: /Users/denisnadey/apps/flutter_full_svg_support/test/golden_comparison/golden_comparison_test.dart: Golden Comparison Tests Golden: flutter_logo matches browser render             19:37 +3438 ~2 -3: /Users/denisnadey/apps/flutter_full_svg_support/test/golden_comparison/golden_comparison_test.dart: Golden Comparison Tests Golden: flutter_logo matches browser render             19:38 +3438 ~2 -3: /Users/denisnadey/apps/flutter_full_svg_support/test/golden_comparison/golden_comparison_test.dart: Golden Comparison Tests Golden: flutter_logo matches browser render             19:39 +3438 ~2 -3: /Users/denisnadey/apps/flutter_full_svg_support/test/golden_comparison/golden_comparison_test.dart: Golden Comparison Tests Golden: flutter_logo matches browser render             19:40 +3438 ~2 -3: /Users/denisnadey/apps/flutter_full_svg_support/test/golden_comparison/golden_comparison_test.dart: Golden Comparison Tests Golden: flutter_logo matches browser render             19:41 +3438 ~2 -3: /Users/denisnadey/apps/flutter_full_svg_support/test/golden_comparison/golden_comparison_test.dart: Golden Comparison Tests Golden: flutter_logo matches browser render             19:42 +3438 ~2 -3: /Users/denisnadey/apps/flutter_full_svg_support/test/golden_comparison/golden_comparison_test.dart: Golden Comparison Tests Golden: flutter_logo matches browser render             19:43 +3438 ~2 -3: /Users/denisnadey/apps/flutter_full_svg_support/test/golden_comparison/golden_comparison_test.dart: Golden Comparison Tests Golden: flutter_logo matches browser render             19:44 +3438 ~2 -3: /Users/denisnadey/apps/flutter_full_svg_support/test/golden_comparison/golden_comparison_test.dart: Golden Comparison Tests Golden: flutter_logo matches browser render             19:45 +3438 ~2 -3: /Users/denisnadey/apps/flutter_full_svg_support/test/golden_comparison/golden_comparison_test.dart: Golden Comparison Tests Golden: flutter_logo matches browser render             19:46 +3438 ~2 -3: /Users/denisnadey/apps/flutter_full_svg_support/test/golden_comparison/golden_comparison_test.dart: Golden Comparison Tests Golden: flutter_logo matches browser render             19:47 +3438 ~2 -3: /Users/denisnadey/apps/flutter_full_svg_support/test/golden_comparison/golden_comparison_test.dart: Golden Comparison Tests Golden: flutter_logo matches browser render             19:48 +3438 ~2 -3: /Users/denisnadey/apps/flutter_full_svg_support/test/golden_comparison/golden_comparison_test.dart: Golden Comparison Tests Golden: flutter_logo matches browser render             19:49 +3438 ~2 -3: /Users/denisnadey/apps/flutter_full_svg_support/test/golden_comparison/golden_comparison_test.dart: Golden Comparison Tests Golden: flutter_logo matches browser render             19:50 +3438 ~2 -3: /Users/denisnadey/apps/flutter_full_svg_support/test/golden_comparison/golden_comparison_test.dart: Golden Comparison Tests Golden: flutter_logo matches browser render             19:51 +3438 ~2 -3: /Users/denisnadey/apps/flutter_full_svg_support/test/golden_comparison/golden_comparison_test.dart: Golden Comparison Tests Golden: flutter_logo matches browser render             19:52 +3438 ~2 -3: /Users/denisnadey/apps/flutter_full_svg_support/test/golden_comparison/golden_comparison_test.dart: Golden Comparison Tests Golden: flutter_logo matches browser render             19:53 +3438 ~2 -3: /Users/denisnadey/apps/flutter_full_svg_support/test/golden_comparison/golden_comparison_test.dart: Golden Comparison Tests Golden: flutter_logo matches browser render             19:54 +3438 ~2 -3: /Users/denisnadey/apps/flutter_full_svg_support/test/golden_comparison/golden_comparison_test.dart: Golden Comparison Tests Golden: flutter_logo matches browser render             19:55 +3438 ~2 -3: /Users/denisnadey/apps/flutter_full_svg_support/test/golden_comparison/golden_comparison_test.dart: Golden Comparison Tests Golden: flutter_logo matches browser render             19:56 +3438 ~2 -3: /Users/denisnadey/apps/flutter_full_svg_support/test/golden_comparison/golden_comparison_test.dart: Golden Comparison Tests Golden: flutter_logo matches browser render             19:57 +3438 ~2 -3: /Users/denisnadey/apps/flutter_full_svg_support/test/golden_comparison/golden_comparison_test.dart: Golden Comparison Tests Golden: flutter_logo matches browser render             19:58 +3438 ~2 -3: /Users/denisnadey/apps/flutter_full_svg_support/test/golden_comparison/golden_comparison_test.dart: Golden Comparison Tests Golden: flutter_logo matches browser render             19:59 +3438 ~2 -3: /Users/denisnadey/apps/flutter_full_svg_support/test/golden_comparison/golden_comparison_test.dart: Golden Comparison Tests Golden: flutter_logo matches browser render             20:00 +3438 ~2 -3: /Users/denisnadey/apps/flutter_full_svg_support/test/golden_comparison/golden_comparison_test.dart: Golden Comparison Tests Golden: flutter_logo matches browser render             20:01 +3438 ~2 -3: /Users/denisnadey/apps/flutter_full_svg_support/test/golden_comparison/golden_comparison_test.dart: Golden Comparison Tests Golden: flutter_logo matches browser render             20:02 +3438 ~2 -3: /Users/denisnadey/apps/flutter_full_svg_support/test/golden_comparison/golden_comparison_test.dart: Golden Comparison Tests Golden: flutter_logo matches browser render             20:03 +3438 ~2 -3: /Users/denisnadey/apps/flutter_full_svg_support/test/golden_comparison/golden_comparison_test.dart: Golden Comparison Tests Golden: flutter_logo matches browser render             20:04 +3438 ~2 -3: /Users/denisnadey/apps/flutter_full_svg_support/test/golden_comparison/golden_comparison_test.dart: Golden Comparison Tests Golden: flutter_logo matches browser render             20:05 +3438 ~2 -3: /Users/denisnadey/apps/flutter_full_svg_support/test/golden_comparison/golden_comparison_test.dart: Golden Comparison Tests Golden: flutter_logo matches browser render             20:06 +3438 ~2 -3: /Users/denisnadey/apps/flutter_full_svg_support/test/golden_comparison/golden_comparison_test.dart: Golden Comparison Tests Golden: flutter_logo matches browser render             20:07 +3438 ~2 -3: /Users/denisnadey/apps/flutter_full_svg_support/test/golden_comparison/golden_comparison_test.dart: Golden Comparison Tests Golden: flutter_logo matches browser render             20:08 +3438 ~2 -3: /Users/denisnadey/apps/flutter_full_svg_support/test/golden_comparison/golden_comparison_test.dart: Golden Comparison Tests Golden: flutter_logo matches browser render             20:09 +3438 ~2 -3: /Users/denisnadey/apps/flutter_full_svg_support/test/golden_comparison/golden_comparison_test.dart: Golden Comparison Tests Golden: flutter_logo matches browser render             20:10 +3438 ~2 -3: /Users/denisnadey/apps/flutter_full_svg_support/test/golden_comparison/golden_comparison_test.dart: Golden Comparison Tests Golden: flutter_logo matches browser render             20:11 +3438 ~2 -3: /Users/denisnadey/apps/flutter_full_svg_support/test/golden_comparison/golden_comparison_test.dart: Golden Comparison Tests Golden: flutter_logo matches browser render             20:12 +3438 ~2 -3: /Users/denisnadey/apps/flutter_full_svg_support/test/golden_comparison/golden_comparison_test.dart: Golden Comparison Tests Golden: flutter_logo matches browser render             20:13 +3438 ~2 -3: /Users/denisnadey/apps/flutter_full_svg_support/test/golden_comparison/golden_comparison_test.dart: Golden Comparison Tests Golden: flutter_logo matches browser render             20:14 +3438 ~2 -3: /Users/denisnadey/apps/flutter_full_svg_support/test/golden_comparison/golden_comparison_test.dart: Golden Comparison Tests Golden: flutter_logo matches browser render             20:15 +3438 ~2 -3: /Users/denisnadey/apps/flutter_full_svg_support/test/golden_comparison/golden_comparison_test.dart: Golden Comparison Tests Golden: flutter_logo matches browser render             20:16 +3438 ~2 -3: /Users/denisnadey/apps/flutter_full_svg_support/test/golden_comparison/golden_comparison_test.dart: Golden Comparison Tests Golden: flutter_logo matches browser render             20:17 +3438 ~2 -3: /Users/denisnadey/apps/flutter_full_svg_support/test/golden_comparison/golden_comparison_test.dart: Golden Comparison Tests Golden: flutter_logo matches browser render             20:18 +3438 ~2 -3: /Users/denisnadey/apps/flutter_full_svg_support/test/golden_comparison/golden_comparison_test.dart: Golden Comparison Tests Golden: flutter_logo matches browser render             20:19 +3438 ~2 -3: /Users/denisnadey/apps/flutter_full_svg_support/test/golden_comparison/golden_comparison_test.dart: Golden Comparison Tests Golden: flutter_logo matches browser render             20:20 +3438 ~2 -3: /Users/denisnadey/apps/flutter_full_svg_support/test/golden_comparison/golden_comparison_test.dart: Golden Comparison Tests Golden: flutter_logo matches browser render             20:21 +3438 ~2 -3: /Users/denisnadey/apps/flutter_full_svg_support/test/golden_comparison/golden_comparison_test.dart: Golden Comparison Tests Golden: flutter_logo matches browser render             20:22 +3438 ~2 -3: /Users/denisnadey/apps/flutter_full_svg_support/test/golden_comparison/golden_comparison_test.dart: Golden Comparison Tests Golden: flutter_logo matches browser render             20:23 +3438 ~2 -3: /Users/denisnadey/apps/flutter_full_svg_support/test/golden_comparison/golden_comparison_test.dart: Golden Comparison Tests Golden: flutter_logo matches browser render             20:24 +3438 ~2 -3: /Users/denisnadey/apps/flutter_full_svg_support/test/golden_comparison/golden_comparison_test.dart: Golden Comparison Tests Golden: flutter_logo matches browser render             20:25 +3438 ~2 -3: /Users/denisnadey/apps/flutter_full_svg_support/test/golden_comparison/golden_comparison_test.dart: Golden Comparison Tests Golden: flutter_logo matches browser render             20:26 +3438 ~2 -3: /Users/denisnadey/apps/flutter_full_svg_support/test/golden_comparison/golden_comparison_test.dart: Golden Comparison Tests Golden: flutter_logo matches browser render             20:27 +3438 ~2 -3: /Users/denisnadey/apps/flutter_full_svg_support/test/golden_comparison/golden_comparison_test.dart: Golden Comparison Tests Golden: flutter_logo matches browser render             20:28 +3438 ~2 -3: /Users/denisnadey/apps/flutter_full_svg_support/test/golden_comparison/golden_comparison_test.dart: Golden Comparison Tests Golden: flutter_logo matches browser render             20:29 +3438 ~2 -3: /Users/denisnadey/apps/flutter_full_svg_support/test/golden_comparison/golden_comparison_test.dart: Golden Comparison Tests Golden: flutter_logo matches browser render             20:30 +3438 ~2 -3: /Users/denisnadey/apps/flutter_full_svg_support/test/golden_comparison/golden_comparison_test.dart: Golden Comparison Tests Golden: flutter_logo matches browser render             20:31 +3438 ~2 -3: /Users/denisnadey/apps/flutter_full_svg_support/test/golden_comparison/golden_comparison_test.dart: Golden Comparison Tests Golden: flutter_logo matches browser render             20:32 +3438 ~2 -3: /Users/denisnadey/apps/flutter_full_svg_support/test/golden_comparison/golden_comparison_test.dart: Golden Comparison Tests Golden: flutter_logo matches browser render             20:33 +3438 ~2 -3: /Users/denisnadey/apps/flutter_full_svg_support/test/golden_comparison/golden_comparison_test.dart: Golden Comparison Tests Golden: flutter_logo matches browser render             20:34 +3438 ~2 -3: /Users/denisnadey/apps/flutter_full_svg_support/test/golden_comparison/golden_comparison_test.dart: Golden Comparison Tests Golden: flutter_logo matches browser render             20:35 +3438 ~2 -3: /Users/denisnadey/apps/flutter_full_svg_support/test/golden_comparison/golden_comparison_test.dart: Golden Comparison Tests Golden: flutter_logo matches browser render             20:36 +3438 ~2 -3: /Users/denisnadey/apps/flutter_full_svg_support/test/golden_comparison/golden_comparison_test.dart: Golden Comparison Tests Golden: flutter_logo matches browser render             20:37 +3438 ~2 -3: /Users/denisnadey/apps/flutter_full_svg_support/test/golden_comparison/golden_comparison_test.dart: Golden Comparison Tests Golden: flutter_logo matches browser render             20:38 +3438 ~2 -3: /Users/denisnadey/apps/flutter_full_svg_support/test/golden_comparison/golden_comparison_test.dart: Golden Comparison Tests Golden: flutter_logo matches browser render             20:39 +3438 ~2 -3: /Users/denisnadey/apps/flutter_full_svg_support/test/golden_comparison/golden_comparison_test.dart: Golden Comparison Tests Golden: flutter_logo matches browser render             20:40 +3438 ~2 -3: /Users/denisnadey/apps/flutter_full_svg_support/test/golden_comparison/golden_comparison_test.dart: Golden Comparison Tests Golden: flutter_logo matches browser render             20:41 +3438 ~2 -3: /Users/denisnadey/apps/flutter_full_svg_support/test/golden_comparison/golden_comparison_test.dart: Golden Comparison Tests Golden: flutter_logo matches browser render             20:42 +3438 ~2 -3: /Users/denisnadey/apps/flutter_full_svg_support/test/golden_comparison/golden_comparison_test.dart: Golden Comparison Tests Golden: flutter_logo matches browser render             20:43 +3438 ~2 -3: /Users/denisnadey/apps/flutter_full_svg_support/test/golden_comparison/golden_comparison_test.dart: Golden Comparison Tests Golden: flutter_logo matches browser render             20:44 +3438 ~2 -3: /Users/denisnadey/apps/flutter_full_svg_support/test/golden_comparison/golden_comparison_test.dart: Golden Comparison Tests Golden: flutter_logo matches browser render             20:45 +3438 ~2 -3: /Users/denisnadey/apps/flutter_full_svg_support/test/golden_comparison/golden_comparison_test.dart: Golden Comparison Tests Golden: flutter_logo matches browser render             20:46 +3438 ~2 -3: /Users/denisnadey/apps/flutter_full_svg_support/test/golden_comparison/golden_comparison_test.dart: Golden Comparison Tests Golden: flutter_logo matches browser render             20:47 +3438 ~2 -3: /Users/denisnadey/apps/flutter_full_svg_support/test/golden_comparison/golden_comparison_test.dart: Golden Comparison Tests Golden: flutter_logo matches browser render             20:48 +3438 ~2 -3: /Users/denisnadey/apps/flutter_full_svg_support/test/golden_comparison/golden_comparison_test.dart: Golden Comparison Tests Golden: flutter_logo matches browser render             20:49 +3438 ~2 -3: /Users/denisnadey/apps/flutter_full_svg_support/test/golden_comparison/golden_comparison_test.dart: Golden Comparison Tests Golden: flutter_logo matches browser render             20:50 +3438 ~2 -3: /Users/denisnadey/apps/flutter_full_svg_support/test/golden_comparison/golden_comparison_test.dart: Golden Comparison Tests Golden: flutter_logo matches browser render             20:51 +3438 ~2 -3: /Users/denisnadey/apps/flutter_full_svg_support/test/golden_comparison/golden_comparison_test.dart: Golden Comparison Tests Golden: flutter_logo matches browser render             20:52 +3438 ~2 -3: /Users/denisnadey/apps/flutter_full_svg_support/test/golden_comparison/golden_comparison_test.dart: Golden Comparison Tests Golden: flutter_logo matches browser render             20:53 +3438 ~2 -3: /Users/denisnadey/apps/flutter_full_svg_support/test/golden_comparison/golden_comparison_test.dart: Golden Comparison Tests Golden: flutter_logo matches browser render             20:54 +3438 ~2 -3: /Users/denisnadey/apps/flutter_full_svg_support/test/golden_comparison/golden_comparison_test.dart: Golden Comparison Tests Golden: flutter_logo matches browser render             20:55 +3438 ~2 -3: /Users/denisnadey/apps/flutter_full_svg_support/test/golden_comparison/golden_comparison_test.dart: Golden Comparison Tests Golden: flutter_logo matches browser render             20:56 +3438 ~2 -3: /Users/denisnadey/apps/flutter_full_svg_support/test/golden_comparison/golden_comparison_test.dart: Golden Comparison Tests Golden: flutter_logo matches browser render             20:57 +3438 ~2 -3: /Users/denisnadey/apps/flutter_full_svg_support/test/golden_comparison/golden_comparison_test.dart: Golden Comparison Tests Golden: flutter_logo matches browser render             20:58 +3438 ~2 -3: /Users/denisnadey/apps/flutter_full_svg_support/test/golden_comparison/golden_comparison_test.dart: Golden Comparison Tests Golden: flutter_logo matches browser render             20:59 +3438 ~2 -3: /Users/denisnadey/apps/flutter_full_svg_support/test/golden_comparison/golden_comparison_test.dart: Golden Comparison Tests Golden: flutter_logo matches browser render             21:00 +3438 ~2 -3: /Users/denisnadey/apps/flutter_full_svg_support/test/golden_comparison/golden_comparison_test.dart: Golden Comparison Tests Golden: flutter_logo matches browser render             21:01 +3438 ~2 -3: /Users/denisnadey/apps/flutter_full_svg_support/test/golden_comparison/golden_comparison_test.dart: Golden Comparison Tests Golden: flutter_logo matches browser render             21:02 +3438 ~2 -3: /Users/denisnadey/apps/flutter_full_svg_support/test/golden_comparison/golden_comparison_test.dart: Golden Comparison Tests Golden: flutter_logo matches browser render             21:03 +3438 ~2 -3: /Users/denisnadey/apps/flutter_full_svg_support/test/golden_comparison/golden_comparison_test.dart: Golden Comparison Tests Golden: flutter_logo matches browser render             21:04 +3438 ~2 -3: /Users/denisnadey/apps/flutter_full_svg_support/test/golden_comparison/golden_comparison_test.dart: Golden Comparison Tests Golden: flutter_logo matches browser render             21:05 +3438 ~2 -3: /Users/denisnadey/apps/flutter_full_svg_support/test/golden_comparison/golden_comparison_test.dart: Golden Comparison Tests Golden: flutter_logo matches browser render             21:06 +3438 ~2 -3: /Users/denisnadey/apps/flutter_full_svg_support/test/golden_comparison/golden_comparison_test.dart: Golden Comparison Tests Golden: flutter_logo matches browser render             21:07 +3438 ~2 -3: /Users/denisnadey/apps/flutter_full_svg_support/test/golden_comparison/golden_comparison_test.dart: Golden Comparison Tests Golden: flutter_logo matches browser render             21:08 +3438 ~2 -3: /Users/denisnadey/apps/flutter_full_svg_support/test/golden_comparison/golden_comparison_test.dart: Golden Comparison Tests Golden: flutter_logo matches browser render             21:09 +3438 ~2 -3: /Users/denisnadey/apps/flutter_full_svg_support/test/golden_comparison/golden_comparison_test.dart: Golden Comparison Tests Golden: flutter_logo matches browser render             21:10 +3438 ~2 -3: /Users/denisnadey/apps/flutter_full_svg_support/test/golden_comparison/golden_comparison_test.dart: Golden Comparison Tests Golden: flutter_logo matches browser render             21:11 +3438 ~2 -3: /Users/denisnadey/apps/flutter_full_svg_support/test/golden_comparison/golden_comparison_test.dart: Golden Comparison Tests Golden: flutter_logo matches browser render             21:12 +3438 ~2 -3: /Users/denisnadey/apps/flutter_full_svg_support/test/golden_comparison/golden_comparison_test.dart: Golden Comparison Tests Golden: flutter_logo matches browser render             21:13 +3438 ~2 -3: /Users/denisnadey/apps/flutter_full_svg_support/test/golden_comparison/golden_comparison_test.dart: Golden Comparison Tests Golden: flutter_logo matches browser render             21:14 +3438 ~2 -3: /Users/denisnadey/apps/flutter_full_svg_support/test/golden_comparison/golden_comparison_test.dart: Golden Comparison Tests Golden: flutter_logo matches browser render             21:15 +3438 ~2 -3: /Users/denisnadey/apps/flutter_full_svg_support/test/golden_comparison/golden_comparison_test.dart: Golden Comparison Tests Golden: flutter_logo matches browser render             21:16 +3438 ~2 -3: /Users/denisnadey/apps/flutter_full_svg_support/test/golden_comparison/golden_comparison_test.dart: Golden Comparison Tests Golden: flutter_logo matches browser render             21:17 +3438 ~2 -3: /Users/denisnadey/apps/flutter_full_svg_support/test/golden_comparison/golden_comparison_test.dart: Golden Comparison Tests Golden: flutter_logo matches browser render             21:18 +3438 ~2 -3: /Users/denisnadey/apps/flutter_full_svg_support/test/golden_comparison/golden_comparison_test.dart: Golden Comparison Tests Golden: flutter_logo matches browser render             21:19 +3438 ~2 -3: /Users/denisnadey/apps/flutter_full_svg_support/test/golden_comparison/golden_comparison_test.dart: Golden Comparison Tests Golden: flutter_logo matches browser render             21:20 +3438 ~2 -3: /Users/denisnadey/apps/flutter_full_svg_support/test/golden_comparison/golden_comparison_test.dart: Golden Comparison Tests Golden: flutter_logo matches browser render             21:21 +3438 ~2 -3: /Users/denisnadey/apps/flutter_full_svg_support/test/golden_comparison/golden_comparison_test.dart: Golden Comparison Tests Golden: flutter_logo matches browser render             21:22 +3438 ~2 -3: /Users/denisnadey/apps/flutter_full_svg_support/test/golden_comparison/golden_comparison_test.dart: Golden Comparison Tests Golden: flutter_logo matches browser render             21:23 +3438 ~2 -3: /Users/denisnadey/apps/flutter_full_svg_support/test/golden_comparison/golden_comparison_test.dart: Golden Comparison Tests Golden: flutter_logo matches browser render             21:24 +3438 ~2 -3: /Users/denisnadey/apps/flutter_full_svg_support/test/golden_comparison/golden_comparison_test.dart: Golden Comparison Tests Golden: flutter_logo matches browser render             21:25 +3438 ~2 -3: /Users/denisnadey/apps/flutter_full_svg_support/test/golden_comparison/golden_comparison_test.dart: Golden Comparison Tests Golden: flutter_logo matches browser render             21:26 +3438 ~2 -3: /Users/denisnadey/apps/flutter_full_svg_support/test/golden_comparison/golden_comparison_test.dart: Golden Comparison Tests Golden: flutter_logo matches browser render             21:27 +3438 ~2 -3: /Users/denisnadey/apps/flutter_full_svg_support/test/golden_comparison/golden_comparison_test.dart: Golden Comparison Tests Golden: flutter_logo matches browser render             21:28 +3438 ~2 -3: /Users/denisnadey/apps/flutter_full_svg_support/test/golden_comparison/golden_comparison_test.dart: Golden Comparison Tests Golden: flutter_logo matches browser render             21:29 +3438 ~2 -3: /Users/denisnadey/apps/flutter_full_svg_support/test/golden_comparison/golden_comparison_test.dart: Golden Comparison Tests Golden: flutter_logo matches browser render             21:30 +3438 ~2 -3: /Users/denisnadey/apps/flutter_full_svg_support/test/golden_comparison/golden_comparison_test.dart: Golden Comparison Tests Golden: flutter_logo matches browser render             21:31 +3438 ~2 -3: /Users/denisnadey/apps/flutter_full_svg_support/test/golden_comparison/golden_comparison_test.dart: Golden Comparison Tests Golden: flutter_logo matches browser render             21:32 +3438 ~2 -3: /Users/denisnadey/apps/flutter_full_svg_support/test/golden_comparison/golden_comparison_test.dart: Golden Comparison Tests Golden: flutter_logo matches browser render             21:33 +3438 ~2 -3: /Users/denisnadey/apps/flutter_full_svg_support/test/golden_comparison/golden_comparison_test.dart: Golden Comparison Tests Golden: flutter_logo matches browser render             21:34 +3438 ~2 -3: /Users/denisnadey/apps/flutter_full_svg_support/test/golden_comparison/golden_comparison_test.dart: Golden Comparison Tests Golden: flutter_logo matches browser render             21:35 +3438 ~2 -3: /Users/denisnadey/apps/flutter_full_svg_support/test/golden_comparison/golden_comparison_test.dart: Golden Comparison Tests Golden: flutter_logo matches browser render             21:36 +3438 ~2 -3: /Users/denisnadey/apps/flutter_full_svg_support/test/golden_comparison/golden_comparison_test.dart: Golden Comparison Tests Golden: flutter_logo matches browser render             21:37 +3438 ~2 -3: /Users/denisnadey/apps/flutter_full_svg_support/test/golden_comparison/golden_comparison_test.dart: Golden Comparison Tests Golden: flutter_logo matches browser render             21:38 +3438 ~2 -3: /Users/denisnadey/apps/flutter_full_svg_support/test/golden_comparison/golden_comparison_test.dart: Golden Comparison Tests Golden: flutter_logo matches browser render             21:39 +3438 ~2 -3: /Users/denisnadey/apps/flutter_full_svg_support/test/golden_comparison/golden_comparison_test.dart: Golden Comparison Tests Golden: flutter_logo matches browser render             21:40 +3438 ~2 -3: /Users/denisnadey/apps/flutter_full_svg_support/test/golden_comparison/golden_comparison_test.dart: Golden Comparison Tests Golden: flutter_logo matches browser render             21:41 +3438 ~2 -3: /Users/denisnadey/apps/flutter_full_svg_support/test/golden_comparison/golden_comparison_test.dart: Golden Comparison Tests Golden: flutter_logo matches browser render             21:42 +3438 ~2 -3: /Users/denisnadey/apps/flutter_full_svg_support/test/golden_comparison/golden_comparison_test.dart: Golden Comparison Tests Golden: flutter_logo matches browser render             21:43 +3438 ~2 -3: /Users/denisnadey/apps/flutter_full_svg_support/test/golden_comparison/golden_comparison_test.dart: Golden Comparison Tests Golden: flutter_logo matches browser render             21:44 +3438 ~2 -3: /Users/denisnadey/apps/flutter_full_svg_support/test/golden_comparison/golden_comparison_test.dart: Golden Comparison Tests Golden: flutter_logo matches browser render             21:45 +3438 ~2 -3: /Users/denisnadey/apps/flutter_full_svg_support/test/golden_comparison/golden_comparison_test.dart: Golden Comparison Tests Golden: flutter_logo matches browser render             21:46 +3438 ~2 -3: /Users/denisnadey/apps/flutter_full_svg_support/test/golden_comparison/golden_comparison_test.dart: Golden Comparison Tests Golden: flutter_logo matches browser render             21:47 +3438 ~2 -3: /Users/denisnadey/apps/flutter_full_svg_support/test/golden_comparison/golden_comparison_test.dart: Golden Comparison Tests Golden: flutter_logo matches browser render             21:48 +3438 ~2 -3: /Users/denisnadey/apps/flutter_full_svg_support/test/golden_comparison/golden_comparison_test.dart: Golden Comparison Tests Golden: flutter_logo matches browser render             21:49 +3438 ~2 -3: /Users/denisnadey/apps/flutter_full_svg_support/test/golden_comparison/golden_comparison_test.dart: Golden Comparison Tests Golden: flutter_logo matches browser render             21:50 +3438 ~2 -3: /Users/denisnadey/apps/flutter_full_svg_support/test/golden_comparison/golden_comparison_test.dart: Golden Comparison Tests Golden: flutter_logo matches browser render             21:51 +3438 ~2 -3: /Users/denisnadey/apps/flutter_full_svg_support/test/golden_comparison/golden_comparison_test.dart: Golden Comparison Tests Golden: flutter_logo matches browser render             21:52 +3438 ~2 -3: /Users/denisnadey/apps/flutter_full_svg_support/test/golden_comparison/golden_comparison_test.dart: Golden Comparison Tests Golden: flutter_logo matches browser render             21:53 +3438 ~2 -3: /Users/denisnadey/apps/flutter_full_svg_support/test/golden_comparison/golden_comparison_test.dart: Golden Comparison Tests Golden: flutter_logo matches browser render             21:54 +3438 ~2 -3: /Users/denisnadey/apps/flutter_full_svg_support/test/golden_comparison/golden_comparison_test.dart: Golden Comparison Tests Golden: flutter_logo matches browser render             21:55 +3438 ~2 -3: /Users/denisnadey/apps/flutter_full_svg_support/test/golden_comparison/golden_comparison_test.dart: Golden Comparison Tests Golden: flutter_logo matches browser render             21:56 +3438 ~2 -3: /Users/denisnadey/apps/flutter_full_svg_support/test/golden_comparison/golden_comparison_test.dart: Golden Comparison Tests Golden: flutter_logo matches browser render             21:57 +3438 ~2 -3: /Users/denisnadey/apps/flutter_full_svg_support/test/golden_comparison/golden_comparison_test.dart: Golden Comparison Tests Golden: flutter_logo matches browser render             21:58 +3438 ~2 -3: /Users/denisnadey/apps/flutter_full_svg_support/test/golden_comparison/golden_comparison_test.dart: Golden Comparison Tests Golden: flutter_logo matches browser render             21:59 +3438 ~2 -3: /Users/denisnadey/apps/flutter_full_svg_support/test/golden_comparison/golden_comparison_test.dart: Golden Comparison Tests Golden: flutter_logo matches browser render             22:00 +3438 ~2 -3: /Users/denisnadey/apps/flutter_full_svg_support/test/golden_comparison/golden_comparison_test.dart: Golden Comparison Tests Golden: flutter_logo matches browser render             22:01 +3438 ~2 -3: /Users/denisnadey/apps/flutter_full_svg_support/test/golden_comparison/golden_comparison_test.dart: Golden Comparison Tests Golden: flutter_logo matches browser render             22:02 +3438 ~2 -3: /Users/denisnadey/apps/flutter_full_svg_support/test/golden_comparison/golden_comparison_test.dart: Golden Comparison Tests Golden: flutter_logo matches browser render             22:03 +3438 ~2 -3: /Users/denisnadey/apps/flutter_full_svg_support/test/golden_comparison/golden_comparison_test.dart: Golden Comparison Tests Golden: flutter_logo matches browser render             22:04 +3438 ~2 -3: /Users/denisnadey/apps/flutter_full_svg_support/test/golden_comparison/golden_comparison_test.dart: Golden Comparison Tests Golden: flutter_logo matches browser render             22:05 +3438 ~2 -3: /Users/denisnadey/apps/flutter_full_svg_support/test/golden_comparison/golden_comparison_test.dart: Golden Comparison Tests Golden: flutter_logo matches browser render             22:06 +3438 ~2 -3: /Users/denisnadey/apps/flutter_full_svg_support/test/golden_comparison/golden_comparison_test.dart: Golden Comparison Tests Golden: flutter_logo matches browser render             22:07 +3438 ~2 -3: /Users/denisnadey/apps/flutter_full_svg_support/test/golden_comparison/golden_comparison_test.dart: Golden Comparison Tests Golden: flutter_logo matches browser render             22:08 +3438 ~2 -3: /Users/denisnadey/apps/flutter_full_svg_support/test/golden_comparison/golden_comparison_test.dart: Golden Comparison Tests Golden: flutter_logo matches browser render             22:09 +3438 ~2 -3: /Users/denisnadey/apps/flutter_full_svg_support/test/golden_comparison/golden_comparison_test.dart: Golden Comparison Tests Golden: flutter_logo matches browser render             22:10 +3438 ~2 -3: /Users/denisnadey/apps/flutter_full_svg_support/test/golden_comparison/golden_comparison_test.dart: Golden Comparison Tests Golden: flutter_logo matches browser render             22:11 +3438 ~2 -3: /Users/denisnadey/apps/flutter_full_svg_support/test/golden_comparison/golden_comparison_test.dart: Golden Comparison Tests Golden: flutter_logo matches browser render             22:12 +3438 ~2 -3: /Users/denisnadey/apps/flutter_full_svg_support/test/golden_comparison/golden_comparison_test.dart: Golden Comparison Tests Golden: flutter_logo matches browser render             22:13 +3438 ~2 -3: /Users/denisnadey/apps/flutter_full_svg_support/test/golden_comparison/golden_comparison_test.dart: Golden Comparison Tests Golden: flutter_logo matches browser render             22:14 +3438 ~2 -3: /Users/denisnadey/apps/flutter_full_svg_support/test/golden_comparison/golden_comparison_test.dart: Golden Comparison Tests Golden: flutter_logo matches browser render             22:15 +3438 ~2 -3: /Users/denisnadey/apps/flutter_full_svg_support/test/golden_comparison/golden_comparison_test.dart: Golden Comparison Tests Golden: flutter_logo matches browser render             22:16 +3438 ~2 -3: /Users/denisnadey/apps/flutter_full_svg_support/test/golden_comparison/golden_comparison_test.dart: Golden Comparison Tests Golden: flutter_logo matches browser render             22:17 +3438 ~2 -3: /Users/denisnadey/apps/flutter_full_svg_support/test/golden_comparison/golden_comparison_test.dart: Golden Comparison Tests Golden: flutter_logo matches browser render             22:18 +3438 ~2 -3: /Users/denisnadey/apps/flutter_full_svg_support/test/golden_comparison/golden_comparison_test.dart: Golden Comparison Tests Golden: flutter_logo matches browser render             22:19 +3438 ~2 -3: /Users/denisnadey/apps/flutter_full_svg_support/test/golden_comparison/golden_comparison_test.dart: Golden Comparison Tests Golden: flutter_logo matches browser render             22:20 +3438 ~2 -3: /Users/denisnadey/apps/flutter_full_svg_support/test/golden_comparison/golden_comparison_test.dart: Golden Comparison Tests Golden: flutter_logo matches browser render             22:21 +3438 ~2 -3: /Users/denisnadey/apps/flutter_full_svg_support/test/golden_comparison/golden_comparison_test.dart: Golden Comparison Tests Golden: flutter_logo matches browser render             22:22 +3438 ~2 -3: /Users/denisnadey/apps/flutter_full_svg_support/test/golden_comparison/golden_comparison_test.dart: Golden Comparison Tests Golden: flutter_logo matches browser render             22:23 +3438 ~2 -3: /Users/denisnadey/apps/flutter_full_svg_support/test/golden_comparison/golden_comparison_test.dart: Golden Comparison Tests Golden: flutter_logo matches browser render             22:24 +3438 ~2 -3: /Users/denisnadey/apps/flutter_full_svg_support/test/golden_comparison/golden_comparison_test.dart: Golden Comparison Tests Golden: flutter_logo matches browser render             22:25 +3438 ~2 -3: /Users/denisnadey/apps/flutter_full_svg_support/test/golden_comparison/golden_comparison_test.dart: Golden Comparison Tests Golden: flutter_logo matches browser render             22:26 +3438 ~2 -3: /Users/denisnadey/apps/flutter_full_svg_support/test/golden_comparison/golden_comparison_test.dart: Golden Comparison Tests Golden: flutter_logo matches browser render             22:27 +3438 ~2 -3: /Users/denisnadey/apps/flutter_full_svg_support/test/golden_comparison/golden_comparison_test.dart: Golden Comparison Tests Golden: flutter_logo matches browser render             22:28 +3438 ~2 -3: /Users/denisnadey/apps/flutter_full_svg_support/test/golden_comparison/golden_comparison_test.dart: Golden Comparison Tests Golden: flutter_logo matches browser render             22:29 +3438 ~2 -3: /Users/denisnadey/apps/flutter_full_svg_support/test/golden_comparison/golden_comparison_test.dart: Golden Comparison Tests Golden: flutter_logo matches browser render             22:30 +3438 ~2 -3: /Users/denisnadey/apps/flutter_full_svg_support/test/golden_comparison/golden_comparison_test.dart: Golden Comparison Tests Golden: flutter_logo matches browser render             22:31 +3438 ~2 -3: /Users/denisnadey/apps/flutter_full_svg_support/test/golden_comparison/golden_comparison_test.dart: Golden Comparison Tests Golden: flutter_logo matches browser render             22:32 +3438 ~2 -3: /Users/denisnadey/apps/flutter_full_svg_support/test/golden_comparison/golden_comparison_test.dart: Golden Comparison Tests Golden: flutter_logo matches browser render             22:33 +3438 ~2 -3: /Users/denisnadey/apps/flutter_full_svg_support/test/golden_comparison/golden_comparison_test.dart: Golden Comparison Tests Golden: flutter_logo matches browser render             22:34 +3438 ~2 -3: /Users/denisnadey/apps/flutter_full_svg_support/test/golden_comparison/golden_comparison_test.dart: Golden Comparison Tests Golden: flutter_logo matches browser render             22:35 +3438 ~2 -3: /Users/denisnadey/apps/flutter_full_svg_support/test/golden_comparison/golden_comparison_test.dart: Golden Comparison Tests Golden: flutter_logo matches browser render             22:36 +3438 ~2 -3: /Users/denisnadey/apps/flutter_full_svg_support/test/golden_comparison/golden_comparison_test.dart: Golden Comparison Tests Golden: flutter_logo matches browser render             22:37 +3438 ~2 -3: /Users/denisnadey/apps/flutter_full_svg_support/test/golden_comparison/golden_comparison_test.dart: Golden Comparison Tests Golden: flutter_logo matches browser render             22:38 +3438 ~2 -3: /Users/denisnadey/apps/flutter_full_svg_support/test/golden_comparison/golden_comparison_test.dart: Golden Comparison Tests Golden: flutter_logo matches browser render             22:39 +3438 ~2 -3: /Users/denisnadey/apps/flutter_full_svg_support/test/golden_comparison/golden_comparison_test.dart: Golden Comparison Tests Golden: flutter_logo matches browser render             22:40 +3438 ~2 -3: /Users/denisnadey/apps/flutter_full_svg_support/test/golden_comparison/golden_comparison_test.dart: Golden Comparison Tests Golden: flutter_logo matches browser render             22:41 +3438 ~2 -3: /Users/denisnadey/apps/flutter_full_svg_support/test/golden_comparison/golden_comparison_test.dart: Golden Comparison Tests Golden: flutter_logo matches browser render             22:42 +3438 ~2 -3: /Users/denisnadey/apps/flutter_full_svg_support/test/golden_comparison/golden_comparison_test.dart: Golden Comparison Tests Golden: flutter_logo matches browser render             22:43 +3438 ~2 -3: /Users/denisnadey/apps/flutter_full_svg_support/test/golden_comparison/golden_comparison_test.dart: Golden Comparison Tests Golden: flutter_logo matches browser render             22:44 +3438 ~2 -3: /Users/denisnadey/apps/flutter_full_svg_support/test/golden_comparison/golden_comparison_test.dart: Golden Comparison Tests Golden: flutter_logo matches browser render             22:45 +3438 ~2 -3: /Users/denisnadey/apps/flutter_full_svg_support/test/golden_comparison/golden_comparison_test.dart: Golden Comparison Tests Golden: flutter_logo matches browser render             22:46 +3438 ~2 -3: /Users/denisnadey/apps/flutter_full_svg_support/test/golden_comparison/golden_comparison_test.dart: Golden Comparison Tests Golden: flutter_logo matches browser render             22:47 +3438 ~2 -3: /Users/denisnadey/apps/flutter_full_svg_support/test/golden_comparison/golden_comparison_test.dart: Golden Comparison Tests Golden: flutter_logo matches browser render             22:48 +3438 ~2 -3: /Users/denisnadey/apps/flutter_full_svg_support/test/golden_comparison/golden_comparison_test.dart: Golden Comparison Tests Golden: flutter_logo matches browser render             22:49 +3438 ~2 -3: /Users/denisnadey/apps/flutter_full_svg_support/test/golden_comparison/golden_comparison_test.dart: Golden Comparison Tests Golden: flutter_logo matches browser render             22:50 +3438 ~2 -3: /Users/denisnadey/apps/flutter_full_svg_support/test/golden_comparison/golden_comparison_test.dart: Golden Comparison Tests Golden: flutter_logo matches browser render             22:51 +3438 ~2 -3: /Users/denisnadey/apps/flutter_full_svg_support/test/golden_comparison/golden_comparison_test.dart: Golden Comparison Tests Golden: flutter_logo matches browser render             22:52 +3438 ~2 -3: /Users/denisnadey/apps/flutter_full_svg_support/test/golden_comparison/golden_comparison_test.dart: Golden Comparison Tests Golden: flutter_logo matches browser render             22:53 +3438 ~2 -3: /Users/denisnadey/apps/flutter_full_svg_support/test/golden_comparison/golden_comparison_test.dart: Golden Comparison Tests Golden: flutter_logo matches browser render             22:54 +3438 ~2 -3: /Users/denisnadey/apps/flutter_full_svg_support/test/golden_comparison/golden_comparison_test.dart: Golden Comparison Tests Golden: flutter_logo matches browser render             22:55 +3438 ~2 -3: /Users/denisnadey/apps/flutter_full_svg_support/test/golden_comparison/golden_comparison_test.dart: Golden Comparison Tests Golden: flutter_logo matches browser render             22:56 +3438 ~2 -3: /Users/denisnadey/apps/flutter_full_svg_support/test/golden_comparison/golden_comparison_test.dart: Golden Comparison Tests Golden: flutter_logo matches browser render             22:57 +3438 ~2 -3: /Users/denisnadey/apps/flutter_full_svg_support/test/golden_comparison/golden_comparison_test.dart: Golden Comparison Tests Golden: flutter_logo matches browser render             22:58 +3438 ~2 -3: /Users/denisnadey/apps/flutter_full_svg_support/test/golden_comparison/golden_comparison_test.dart: Golden Comparison Tests Golden: flutter_logo matches browser render             22:59 +3438 ~2 -3: /Users/denisnadey/apps/flutter_full_svg_support/test/golden_comparison/golden_comparison_test.dart: Golden Comparison Tests Golden: flutter_logo matches browser render             23:00 +3438 ~2 -3: /Users/denisnadey/apps/flutter_full_svg_support/test/golden_comparison/golden_comparison_test.dart: Golden Comparison Tests Golden: flutter_logo matches browser render             23:01 +3438 ~2 -3: /Users/denisnadey/apps/flutter_full_svg_support/test/golden_comparison/golden_comparison_test.dart: Golden Comparison Tests Golden: flutter_logo matches browser render             23:02 +3438 ~2 -3: /Users/denisnadey/apps/flutter_full_svg_support/test/golden_comparison/golden_comparison_test.dart: Golden Comparison Tests Golden: flutter_logo matches browser render             23:03 +3438 ~2 -3: /Users/denisnadey/apps/flutter_full_svg_support/test/golden_comparison/golden_comparison_test.dart: Golden Comparison Tests Golden: flutter_logo matches browser render             23:04 +3438 ~2 -3: /Users/denisnadey/apps/flutter_full_svg_support/test/golden_comparison/golden_comparison_test.dart: Golden Comparison Tests Golden: flutter_logo matches browser render             23:05 +3438 ~2 -3: /Users/denisnadey/apps/flutter_full_svg_support/test/golden_comparison/golden_comparison_test.dart: Golden Comparison Tests Golden: flutter_logo matches browser render             23:06 +3438 ~2 -3: /Users/denisnadey/apps/flutter_full_svg_support/test/golden_comparison/golden_comparison_test.dart: Golden Comparison Tests Golden: flutter_logo matches browser render             23:07 +3438 ~2 -3: /Users/denisnadey/apps/flutter_full_svg_support/test/golden_comparison/golden_comparison_test.dart: Golden Comparison Tests Golden: flutter_logo matches browser render             23:08 +3438 ~2 -3: /Users/denisnadey/apps/flutter_full_svg_support/test/golden_comparison/golden_comparison_test.dart: Golden Comparison Tests Golden: flutter_logo matches browser render             23:09 +3438 ~2 -3: /Users/denisnadey/apps/flutter_full_svg_support/test/golden_comparison/golden_comparison_test.dart: Golden Comparison Tests Golden: flutter_logo matches browser render             23:10 +3438 ~2 -3: /Users/denisnadey/apps/flutter_full_svg_support/test/golden_comparison/golden_comparison_test.dart: Golden Comparison Tests Golden: flutter_logo matches browser render             23:11 +3438 ~2 -3: /Users/denisnadey/apps/flutter_full_svg_support/test/golden_comparison/golden_comparison_test.dart: Golden Comparison Tests Golden: flutter_logo matches browser render             23:12 +3438 ~2 -3: /Users/denisnadey/apps/flutter_full_svg_support/test/golden_comparison/golden_comparison_test.dart: Golden Comparison Tests Golden: flutter_logo matches browser render             23:13 +3438 ~2 -3: /Users/denisnadey/apps/flutter_full_svg_support/test/golden_comparison/golden_comparison_test.dart: Golden Comparison Tests Golden: flutter_logo matches browser render             23:14 +3438 ~2 -3: /Users/denisnadey/apps/flutter_full_svg_support/test/golden_comparison/golden_comparison_test.dart: Golden Comparison Tests Golden: flutter_logo matches browser render             23:15 +3438 ~2 -3: /Users/denisnadey/apps/flutter_full_svg_support/test/golden_comparison/golden_comparison_test.dart: Golden Comparison Tests Golden: flutter_logo matches browser render             23:16 +3438 ~2 -3: /Users/denisnadey/apps/flutter_full_svg_support/test/golden_comparison/golden_comparison_test.dart: Golden Comparison Tests Golden: flutter_logo matches browser render             23:17 +3438 ~2 -3: /Users/denisnadey/apps/flutter_full_svg_support/test/golden_comparison/golden_comparison_test.dart: Golden Comparison Tests Golden: flutter_logo matches browser render             23:18 +3438 ~2 -3: /Users/denisnadey/apps/flutter_full_svg_support/test/golden_comparison/golden_comparison_test.dart: Golden Comparison Tests Golden: flutter_logo matches browser render             23:19 +3438 ~2 -3: /Users/denisnadey/apps/flutter_full_svg_support/test/golden_comparison/golden_comparison_test.dart: Golden Comparison Tests Golden: flutter_logo matches browser render             23:20 +3438 ~2 -3: /Users/denisnadey/apps/flutter_full_svg_support/test/golden_comparison/golden_comparison_test.dart: Golden Comparison Tests Golden: flutter_logo matches browser render             23:21 +3438 ~2 -3: /Users/denisnadey/apps/flutter_full_svg_support/test/golden_comparison/golden_comparison_test.dart: Golden Comparison Tests Golden: flutter_logo matches browser render             23:22 +3438 ~2 -3: /Users/denisnadey/apps/flutter_full_svg_support/test/golden_comparison/golden_comparison_test.dart: Golden Comparison Tests Golden: flutter_logo matches browser render             23:23 +3438 ~2 -3: /Users/denisnadey/apps/flutter_full_svg_support/test/golden_comparison/golden_comparison_test.dart: Golden Comparison Tests Golden: flutter_logo matches browser render             23:24 +3438 ~2 -3: /Users/denisnadey/apps/flutter_full_svg_support/test/golden_comparison/golden_comparison_test.dart: Golden Comparison Tests Golden: flutter_logo matches browser render             23:25 +3438 ~2 -3: /Users/denisnadey/apps/flutter_full_svg_support/test/golden_comparison/golden_comparison_test.dart: Golden Comparison Tests Golden: flutter_logo matches browser render             23:26 +3438 ~2 -3: /Users/denisnadey/apps/flutter_full_svg_support/test/golden_comparison/golden_comparison_test.dart: Golden Comparison Tests Golden: flutter_logo matches browser render             23:27 +3438 ~2 -3: /Users/denisnadey/apps/flutter_full_svg_support/test/golden_comparison/golden_comparison_test.dart: Golden Comparison Tests Golden: flutter_logo matches browser render             23:28 +3438 ~2 -3: /Users/denisnadey/apps/flutter_full_svg_support/test/golden_comparison/golden_comparison_test.dart: Golden Comparison Tests Golden: flutter_logo matches browser render             23:29 +3438 ~2 -3: /Users/denisnadey/apps/flutter_full_svg_support/test/golden_comparison/golden_comparison_test.dart: Golden Comparison Tests Golden: flutter_logo matches browser render             23:30 +3438 ~2 -3: /Users/denisnadey/apps/flutter_full_svg_support/test/golden_comparison/golden_comparison_test.dart: Golden Comparison Tests Golden: flutter_logo matches browser render             23:31 +3438 ~2 -3: /Users/denisnadey/apps/flutter_full_svg_support/test/golden_comparison/golden_comparison_test.dart: Golden Comparison Tests Golden: flutter_logo matches browser render             23:32 +3438 ~2 -3: /Users/denisnadey/apps/flutter_full_svg_support/test/golden_comparison/golden_comparison_test.dart: Golden Comparison Tests Golden: flutter_logo matches browser render             23:33 +3438 ~2 -3: /Users/denisnadey/apps/flutter_full_svg_support/test/golden_comparison/golden_comparison_test.dart: Golden Comparison Tests Golden: flutter_logo matches browser render             23:34 +3438 ~2 -3: /Users/denisnadey/apps/flutter_full_svg_support/test/golden_comparison/golden_comparison_test.dart: Golden Comparison Tests Golden: flutter_logo matches browser render             23:35 +3438 ~2 -3: /Users/denisnadey/apps/flutter_full_svg_support/test/golden_comparison/golden_comparison_test.dart: Golden Comparison Tests Golden: flutter_logo matches browser render             23:36 +3438 ~2 -3: /Users/denisnadey/apps/flutter_full_svg_support/test/golden_comparison/golden_comparison_test.dart: Golden Comparison Tests Golden: flutter_logo matches browser render             23:37 +3438 ~2 -3: /Users/denisnadey/apps/flutter_full_svg_support/test/golden_comparison/golden_comparison_test.dart: Golden Comparison Tests Golden: flutter_logo matches browser render             23:38 +3438 ~2 -3: /Users/denisnadey/apps/flutter_full_svg_support/test/golden_comparison/golden_comparison_test.dart: Golden Comparison Tests Golden: flutter_logo matches browser render             23:39 +3438 ~2 -3: /Users/denisnadey/apps/flutter_full_svg_support/test/golden_comparison/golden_comparison_test.dart: Golden Comparison Tests Golden: flutter_logo matches browser render             23:40 +3438 ~2 -3: /Users/denisnadey/apps/flutter_full_svg_support/test/golden_comparison/golden_comparison_test.dart: Golden Comparison Tests Golden: flutter_logo matches browser render             23:41 +3438 ~2 -3: /Users/denisnadey/apps/flutter_full_svg_support/test/golden_comparison/golden_comparison_test.dart: Golden Comparison Tests Golden: flutter_logo matches browser render             23:42 +3438 ~2 -3: /Users/denisnadey/apps/flutter_full_svg_support/test/golden_comparison/golden_comparison_test.dart: Golden Comparison Tests Golden: flutter_logo matches browser render             23:43 +3438 ~2 -3: /Users/denisnadey/apps/flutter_full_svg_support/test/golden_comparison/golden_comparison_test.dart: Golden Comparison Tests Golden: flutter_logo matches browser render             23:44 +3438 ~2 -3: /Users/denisnadey/apps/flutter_full_svg_support/test/golden_comparison/golden_comparison_test.dart: Golden Comparison Tests Golden: flutter_logo matches browser render             23:45 +3438 ~2 -3: /Users/denisnadey/apps/flutter_full_svg_support/test/golden_comparison/golden_comparison_test.dart: Golden Comparison Tests Golden: flutter_logo matches browser render             23:46 +3438 ~2 -3: /Users/denisnadey/apps/flutter_full_svg_support/test/golden_comparison/golden_comparison_test.dart: Golden Comparison Tests Golden: flutter_logo matches browser render             23:47 +3438 ~2 -3: /Users/denisnadey/apps/flutter_full_svg_support/test/golden_comparison/golden_comparison_test.dart: Golden Comparison Tests Golden: flutter_logo matches browser render             23:48 +3438 ~2 -3: /Users/denisnadey/apps/flutter_full_svg_support/test/golden_comparison/golden_comparison_test.dart: Golden Comparison Tests Golden: flutter_logo matches browser render             23:49 +3438 ~2 -3: /Users/denisnadey/apps/flutter_full_svg_support/test/golden_comparison/golden_comparison_test.dart: Golden Comparison Tests Golden: flutter_logo matches browser render             23:50 +3438 ~2 -3: /Users/denisnadey/apps/flutter_full_svg_support/test/golden_comparison/golden_comparison_test.dart: Golden Comparison Tests Golden: flutter_logo matches browser render             23:51 +3438 ~2 -3: /Users/denisnadey/apps/flutter_full_svg_support/test/golden_comparison/golden_comparison_test.dart: Golden Comparison Tests Golden: flutter_logo matches browser render             23:52 +3438 ~2 -3: /Users/denisnadey/apps/flutter_full_svg_support/test/golden_comparison/golden_comparison_test.dart: Golden Comparison Tests Golden: flutter_logo matches browser render             23:53 +3438 ~2 -3: /Users/denisnadey/apps/flutter_full_svg_support/test/golden_comparison/golden_comparison_test.dart: Golden Comparison Tests Golden: flutter_logo matches browser render             23:54 +3438 ~2 -3: /Users/denisnadey/apps/flutter_full_svg_support/test/golden_comparison/golden_comparison_test.dart: Golden Comparison Tests Golden: flutter_logo matches browser render             23:55 +3438 ~2 -3: /Users/denisnadey/apps/flutter_full_svg_support/test/golden_comparison/golden_comparison_test.dart: Golden Comparison Tests Golden: flutter_logo matches browser render             23:56 +3438 ~2 -3: /Users/denisnadey/apps/flutter_full_svg_support/test/golden_comparison/golden_comparison_test.dart: Golden Comparison Tests Golden: flutter_logo matches browser render             23:57 +3438 ~2 -3: /Users/denisnadey/apps/flutter_full_svg_support/test/golden_comparison/golden_comparison_test.dart: Golden Comparison Tests Golden: flutter_logo matches browser render             23:58 +3438 ~2 -3: /Users/denisnadey/apps/flutter_full_svg_support/test/golden_comparison/golden_comparison_test.dart: Golden Comparison Tests Golden: flutter_logo matches browser render             23:59 +3438 ~2 -3: /Users/denisnadey/apps/flutter_full_svg_support/test/golden_comparison/golden_comparison_test.dart: Golden Comparison Tests Golden: flutter_logo matches browser render             24:00 +3438 ~2 -3: /Users/denisnadey/apps/flutter_full_svg_support/test/golden_comparison/golden_comparison_test.dart: Golden Comparison Tests Golden: flutter_logo matches browser render             24:01 +3438 ~2 -3: /Users/denisnadey/apps/flutter_full_svg_support/test/golden_comparison/golden_comparison_test.dart: Golden Comparison Tests Golden: flutter_logo matches browser render             24:02 +3438 ~2 -3: /Users/denisnadey/apps/flutter_full_svg_support/test/golden_comparison/golden_comparison_test.dart: Golden Comparison Tests Golden: flutter_logo matches browser render             24:03 +3438 ~2 -3: /Users/denisnadey/apps/flutter_full_svg_support/test/golden_comparison/golden_comparison_test.dart: Golden Comparison Tests Golden: flutter_logo matches browser render             24:04 +3438 ~2 -3: /Users/denisnadey/apps/flutter_full_svg_support/test/golden_comparison/golden_comparison_test.dart: Golden Comparison Tests Golden: flutter_logo matches browser render             24:05 +3438 ~2 -3: /Users/denisnadey/apps/flutter_full_svg_support/test/golden_comparison/golden_comparison_test.dart: Golden Comparison Tests Golden: flutter_logo matches browser render             24:06 +3438 ~2 -3: /Users/denisnadey/apps/flutter_full_svg_support/test/golden_comparison/golden_comparison_test.dart: Golden Comparison Tests Golden: flutter_logo matches browser render             24:07 +3438 ~2 -3: /Users/denisnadey/apps/flutter_full_svg_support/test/golden_comparison/golden_comparison_test.dart: Golden Comparison Tests Golden: flutter_logo matches browser render             24:08 +3438 ~2 -3: /Users/denisnadey/apps/flutter_full_svg_support/test/golden_comparison/golden_comparison_test.dart: Golden Comparison Tests Golden: flutter_logo matches browser render             24:09 +3438 ~2 -3: /Users/denisnadey/apps/flutter_full_svg_support/test/golden_comparison/golden_comparison_test.dart: Golden Comparison Tests Golden: flutter_logo matches browser render             24:10 +3438 ~2 -3: /Users/denisnadey/apps/flutter_full_svg_support/test/golden_comparison/golden_comparison_test.dart: Golden Comparison Tests Golden: flutter_logo matches browser render             24:11 +3438 ~2 -3: /Users/denisnadey/apps/flutter_full_svg_support/test/golden_comparison/golden_comparison_test.dart: Golden Comparison Tests Golden: flutter_logo matches browser render             24:12 +3438 ~2 -3: /Users/denisnadey/apps/flutter_full_svg_support/test/golden_comparison/golden_comparison_test.dart: Golden Comparison Tests Golden: flutter_logo matches browser render             24:13 +3438 ~2 -3: /Users/denisnadey/apps/flutter_full_svg_support/test/golden_comparison/golden_comparison_test.dart: Golden Comparison Tests Golden: flutter_logo matches browser render             24:14 +3438 ~2 -3: /Users/denisnadey/apps/flutter_full_svg_support/test/golden_comparison/golden_comparison_test.dart: Golden Comparison Tests Golden: flutter_logo matches browser render             24:15 +3438 ~2 -3: /Users/denisnadey/apps/flutter_full_svg_support/test/golden_comparison/golden_comparison_test.dart: Golden Comparison Tests Golden: flutter_logo matches browser render             24:16 +3438 ~2 -3: /Users/denisnadey/apps/flutter_full_svg_support/test/golden_comparison/golden_comparison_test.dart: Golden Comparison Tests Golden: flutter_logo matches browser render             24:17 +3438 ~2 -3: /Users/denisnadey/apps/flutter_full_svg_support/test/golden_comparison/golden_comparison_test.dart: Golden Comparison Tests Golden: flutter_logo matches browser render             24:18 +3438 ~2 -3: /Users/denisnadey/apps/flutter_full_svg_support/test/golden_comparison/golden_comparison_test.dart: Golden Comparison Tests Golden: flutter_logo matches browser render             24:19 +3438 ~2 -3: /Users/denisnadey/apps/flutter_full_svg_support/test/golden_comparison/golden_comparison_test.dart: Golden Comparison Tests Golden: flutter_logo matches browser render             24:20 +3438 ~2 -3: /Users/denisnadey/apps/flutter_full_svg_support/test/golden_comparison/golden_comparison_test.dart: Golden Comparison Tests Golden: flutter_logo matches browser render             24:21 +3438 ~2 -3: /Users/denisnadey/apps/flutter_full_svg_support/test/golden_comparison/golden_comparison_test.dart: Golden Comparison Tests Golden: flutter_logo matches browser render             24:22 +3438 ~2 -3: /Users/denisnadey/apps/flutter_full_svg_support/test/golden_comparison/golden_comparison_test.dart: Golden Comparison Tests Golden: flutter_logo matches browser render             24:23 +3438 ~2 -3: /Users/denisnadey/apps/flutter_full_svg_support/test/golden_comparison/golden_comparison_test.dart: Golden Comparison Tests Golden: flutter_logo matches browser render             24:24 +3438 ~2 -3: /Users/denisnadey/apps/flutter_full_svg_support/test/golden_comparison/golden_comparison_test.dart: Golden Comparison Tests Golden: flutter_logo matches browser render             24:25 +3438 ~2 -3: /Users/denisnadey/apps/flutter_full_svg_support/test/golden_comparison/golden_comparison_test.dart: Golden Comparison Tests Golden: flutter_logo matches browser render             24:26 +3438 ~2 -3: /Users/denisnadey/apps/flutter_full_svg_support/test/golden_comparison/golden_comparison_test.dart: Golden Comparison Tests Golden: flutter_logo matches browser render             24:27 +3438 ~2 -3: /Users/denisnadey/apps/flutter_full_svg_support/test/golden_comparison/golden_comparison_test.dart: Golden Comparison Tests Golden: flutter_logo matches browser render             24:28 +3438 ~2 -3: /Users/denisnadey/apps/flutter_full_svg_support/test/golden_comparison/golden_comparison_test.dart: Golden Comparison Tests Golden: flutter_logo matches browser render             24:29 +3438 ~2 -3: /Users/denisnadey/apps/flutter_full_svg_support/test/golden_comparison/golden_comparison_test.dart: Golden Comparison Tests Golden: flutter_logo matches browser render             24:30 +3438 ~2 -3: /Users/denisnadey/apps/flutter_full_svg_support/test/golden_comparison/golden_comparison_test.dart: Golden Comparison Tests Golden: flutter_logo matches browser render             24:31 +3438 ~2 -3: /Users/denisnadey/apps/flutter_full_svg_support/test/golden_comparison/golden_comparison_test.dart: Golden Comparison Tests Golden: flutter_logo matches browser render             24:32 +3438 ~2 -3: /Users/denisnadey/apps/flutter_full_svg_support/test/golden_comparison/golden_comparison_test.dart: Golden Comparison Tests Golden: flutter_logo matches browser render             24:33 +3438 ~2 -3: /Users/denisnadey/apps/flutter_full_svg_support/test/golden_comparison/golden_comparison_test.dart: Golden Comparison Tests Golden: flutter_logo matches browser render             24:34 +3438 ~2 -3: /Users/denisnadey/apps/flutter_full_svg_support/test/golden_comparison/golden_comparison_test.dart: Golden Comparison Tests Golden: flutter_logo matches browser render             24:35 +3438 ~2 -3: /Users/denisnadey/apps/flutter_full_svg_support/test/golden_comparison/golden_comparison_test.dart: Golden Comparison Tests Golden: flutter_logo matches browser render             24:36 +3438 ~2 -3: /Users/denisnadey/apps/flutter_full_svg_support/test/golden_comparison/golden_comparison_test.dart: Golden Comparison Tests Golden: flutter_logo matches browser render             24:37 +3438 ~2 -3: /Users/denisnadey/apps/flutter_full_svg_support/test/golden_comparison/golden_comparison_test.dart: Golden Comparison Tests Golden: flutter_logo matches browser render             24:38 +3438 ~2 -3: /Users/denisnadey/apps/flutter_full_svg_support/test/golden_comparison/golden_comparison_test.dart: Golden Comparison Tests Golden: flutter_logo matches browser render             24:39 +3438 ~2 -3: /Users/denisnadey/apps/flutter_full_svg_support/test/golden_comparison/golden_comparison_test.dart: Golden Comparison Tests Golden: flutter_logo matches browser render             24:40 +3438 ~2 -3: /Users/denisnadey/apps/flutter_full_svg_support/test/golden_comparison/golden_comparison_test.dart: Golden Comparison Tests Golden: flutter_logo matches browser render             24:41 +3438 ~2 -3: /Users/denisnadey/apps/flutter_full_svg_support/test/golden_comparison/golden_comparison_test.dart: Golden Comparison Tests Golden: flutter_logo matches browser render             24:42 +3438 ~2 -3: /Users/denisnadey/apps/flutter_full_svg_support/test/golden_comparison/golden_comparison_test.dart: Golden Comparison Tests Golden: flutter_logo matches browser render             24:43 +3438 ~2 -3: /Users/denisnadey/apps/flutter_full_svg_support/test/golden_comparison/golden_comparison_test.dart: Golden Comparison Tests Golden: flutter_logo matches browser render             24:44 +3438 ~2 -3: /Users/denisnadey/apps/flutter_full_svg_support/test/golden_comparison/golden_comparison_test.dart: Golden Comparison Tests Golden: flutter_logo matches browser render             24:45 +3438 ~2 -3: /Users/denisnadey/apps/flutter_full_svg_support/test/golden_comparison/golden_comparison_test.dart: Golden Comparison Tests Golden: flutter_logo matches browser render             24:46 +3438 ~2 -3: /Users/denisnadey/apps/flutter_full_svg_support/test/golden_comparison/golden_comparison_test.dart: Golden Comparison Tests Golden: flutter_logo matches browser render             24:47 +3438 ~2 -3: /Users/denisnadey/apps/flutter_full_svg_support/test/golden_comparison/golden_comparison_test.dart: Golden Comparison Tests Golden: flutter_logo matches browser render             24:48 +3438 ~2 -3: /Users/denisnadey/apps/flutter_full_svg_support/test/golden_comparison/golden_comparison_test.dart: Golden Comparison Tests Golden: flutter_logo matches browser render             24:49 +3438 ~2 -3: /Users/denisnadey/apps/flutter_full_svg_support/test/golden_comparison/golden_comparison_test.dart: Golden Comparison Tests Golden: flutter_logo matches browser render             24:50 +3438 ~2 -3: /Users/denisnadey/apps/flutter_full_svg_support/test/golden_comparison/golden_comparison_test.dart: Golden Comparison Tests Golden: flutter_logo matches browser render             24:51 +3438 ~2 -3: /Users/denisnadey/apps/flutter_full_svg_support/test/golden_comparison/golden_comparison_test.dart: Golden Comparison Tests Golden: flutter_logo matches browser render             24:52 +3438 ~2 -3: /Users/denisnadey/apps/flutter_full_svg_support/test/golden_comparison/golden_comparison_test.dart: Golden Comparison Tests Golden: flutter_logo matches browser render             24:53 +3438 ~2 -3: /Users/denisnadey/apps/flutter_full_svg_support/test/golden_comparison/golden_comparison_test.dart: Golden Comparison Tests Golden: flutter_logo matches browser render             24:54 +3438 ~2 -3: /Users/denisnadey/apps/flutter_full_svg_support/test/golden_comparison/golden_comparison_test.dart: Golden Comparison Tests Golden: flutter_logo matches browser render             24:55 +3438 ~2 -3: /Users/denisnadey/apps/flutter_full_svg_support/test/golden_comparison/golden_comparison_test.dart: Golden Comparison Tests Golden: flutter_logo matches browser render             24:56 +3438 ~2 -3: /Users/denisnadey/apps/flutter_full_svg_support/test/golden_comparison/golden_comparison_test.dart: Golden Comparison Tests Golden: flutter_logo matches browser render             24:57 +3438 ~2 -3: /Users/denisnadey/apps/flutter_full_svg_support/test/golden_comparison/golden_comparison_test.dart: Golden Comparison Tests Golden: flutter_logo matches browser render             24:58 +3438 ~2 -3: /Users/denisnadey/apps/flutter_full_svg_support/test/golden_comparison/golden_comparison_test.dart: Golden Comparison Tests Golden: flutter_logo matches browser render             24:59 +3438 ~2 -3: /Users/denisnadey/apps/flutter_full_svg_support/test/golden_comparison/golden_comparison_test.dart: Golden Comparison Tests Golden: flutter_logo matches browser render             25:00 +3438 ~2 -3: /Users/denisnadey/apps/flutter_full_svg_support/test/golden_comparison/golden_comparison_test.dart: Golden Comparison Tests Golden: flutter_logo matches browser render             25:01 +3438 ~2 -3: /Users/denisnadey/apps/flutter_full_svg_support/test/golden_comparison/golden_comparison_test.dart: Golden Comparison Tests Golden: flutter_logo matches browser render             25:02 +3438 ~2 -3: /Users/denisnadey/apps/flutter_full_svg_support/test/golden_comparison/golden_comparison_test.dart: Golden Comparison Tests Golden: flutter_logo matches browser render             25:03 +3438 ~2 -3: /Users/denisnadey/apps/flutter_full_svg_support/test/golden_comparison/golden_comparison_test.dart: Golden Comparison Tests Golden: flutter_logo matches browser render             25:04 +3438 ~2 -3: /Users/denisnadey/apps/flutter_full_svg_support/test/golden_comparison/golden_comparison_test.dart: Golden Comparison Tests Golden: flutter_logo matches browser render             25:05 +3438 ~2 -3: /Users/denisnadey/apps/flutter_full_svg_support/test/golden_comparison/golden_comparison_test.dart: Golden Comparison Tests Golden: flutter_logo matches browser render             25:06 +3438 ~2 -3: /Users/denisnadey/apps/flutter_full_svg_support/test/golden_comparison/golden_comparison_test.dart: Golden Comparison Tests Golden: flutter_logo matches browser render             25:07 +3438 ~2 -3: /Users/denisnadey/apps/flutter_full_svg_support/test/golden_comparison/golden_comparison_test.dart: Golden Comparison Tests Golden: flutter_logo matches browser render             25:08 +3438 ~2 -3: /Users/denisnadey/apps/flutter_full_svg_support/test/golden_comparison/golden_comparison_test.dart: Golden Comparison Tests Golden: flutter_logo matches browser render             25:09 +3438 ~2 -3: /Users/denisnadey/apps/flutter_full_svg_support/test/golden_comparison/golden_comparison_test.dart: Golden Comparison Tests Golden: flutter_logo matches browser render             25:10 +3438 ~2 -3: /Users/denisnadey/apps/flutter_full_svg_support/test/golden_comparison/golden_comparison_test.dart: Golden Comparison Tests Golden: flutter_logo matches browser render             25:11 +3438 ~2 -3: /Users/denisnadey/apps/flutter_full_svg_support/test/golden_comparison/golden_comparison_test.dart: Golden Comparison Tests Golden: flutter_logo matches browser render             25:12 +3438 ~2 -3: /Users/denisnadey/apps/flutter_full_svg_support/test/golden_comparison/golden_comparison_test.dart: Golden Comparison Tests Golden: flutter_logo matches browser render             25:13 +3438 ~2 -3: /Users/denisnadey/apps/flutter_full_svg_support/test/golden_comparison/golden_comparison_test.dart: Golden Comparison Tests Golden: flutter_logo matches browser render             25:14 +3438 ~2 -3: /Users/denisnadey/apps/flutter_full_svg_support/test/golden_comparison/golden_comparison_test.dart: Golden Comparison Tests Golden: flutter_logo matches browser render             25:15 +3438 ~2 -3: /Users/denisnadey/apps/flutter_full_svg_support/test/golden_comparison/golden_comparison_test.dart: Golden Comparison Tests Golden: flutter_logo matches browser render             25:16 +3438 ~2 -3: /Users/denisnadey/apps/flutter_full_svg_support/test/golden_comparison/golden_comparison_test.dart: Golden Comparison Tests Golden: flutter_logo matches browser render             25:17 +3438 ~2 -3: /Users/denisnadey/apps/flutter_full_svg_support/test/golden_comparison/golden_comparison_test.dart: Golden Comparison Tests Golden: flutter_logo matches browser render             25:18 +3438 ~2 -3: /Users/denisnadey/apps/flutter_full_svg_support/test/golden_comparison/golden_comparison_test.dart: Golden Comparison Tests Golden: flutter_logo matches browser render             25:19 +3438 ~2 -3: /Users/denisnadey/apps/flutter_full_svg_support/test/golden_comparison/golden_comparison_test.dart: Golden Comparison Tests Golden: flutter_logo matches browser render             25:20 +3438 ~2 -3: /Users/denisnadey/apps/flutter_full_svg_support/test/golden_comparison/golden_comparison_test.dart: Golden Comparison Tests Golden: flutter_logo matches browser render             25:21 +3438 ~2 -3: /Users/denisnadey/apps/flutter_full_svg_support/test/golden_comparison/golden_comparison_test.dart: Golden Comparison Tests Golden: flutter_logo matches browser render             25:22 +3438 ~2 -3: /Users/denisnadey/apps/flutter_full_svg_support/test/golden_comparison/golden_comparison_test.dart: Golden Comparison Tests Golden: flutter_logo matches browser render             25:23 +3438 ~2 -3: /Users/denisnadey/apps/flutter_full_svg_support/test/golden_comparison/golden_comparison_test.dart: Golden Comparison Tests Golden: flutter_logo matches browser render             25:24 +3438 ~2 -3: /Users/denisnadey/apps/flutter_full_svg_support/test/golden_comparison/golden_comparison_test.dart: Golden Comparison Tests Golden: flutter_logo matches browser render             25:25 +3438 ~2 -3: /Users/denisnadey/apps/flutter_full_svg_support/test/golden_comparison/golden_comparison_test.dart: Golden Comparison Tests Golden: flutter_logo matches browser render             25:26 +3438 ~2 -3: /Users/denisnadey/apps/flutter_full_svg_support/test/golden_comparison/golden_comparison_test.dart: Golden Comparison Tests Golden: flutter_logo matches browser render             25:27 +3438 ~2 -3: /Users/denisnadey/apps/flutter_full_svg_support/test/golden_comparison/golden_comparison_test.dart: Golden Comparison Tests Golden: flutter_logo matches browser render             25:28 +3438 ~2 -3: /Users/denisnadey/apps/flutter_full_svg_support/test/golden_comparison/golden_comparison_test.dart: Golden Comparison Tests Golden: flutter_logo matches browser render             25:29 +3438 ~2 -3: /Users/denisnadey/apps/flutter_full_svg_support/test/golden_comparison/golden_comparison_test.dart: Golden Comparison Tests Golden: flutter_logo matches browser render             25:30 +3438 ~2 -3: /Users/denisnadey/apps/flutter_full_svg_support/test/golden_comparison/golden_comparison_test.dart: Golden Comparison Tests Golden: flutter_logo matches browser render             25:31 +3438 ~2 -3: /Users/denisnadey/apps/flutter_full_svg_support/test/golden_comparison/golden_comparison_test.dart: Golden Comparison Tests Golden: flutter_logo matches browser render             25:32 +3438 ~2 -3: /Users/denisnadey/apps/flutter_full_svg_support/test/golden_comparison/golden_comparison_test.dart: Golden Comparison Tests Golden: flutter_logo matches browser render             25:33 +3438 ~2 -3: /Users/denisnadey/apps/flutter_full_svg_support/test/golden_comparison/golden_comparison_test.dart: Golden Comparison Tests Golden: flutter_logo matches browser render             25:34 +3438 ~2 -3: /Users/denisnadey/apps/flutter_full_svg_support/test/golden_comparison/golden_comparison_test.dart: Golden Comparison Tests Golden: flutter_logo matches browser render             25:35 +3438 ~2 -3: /Users/denisnadey/apps/flutter_full_svg_support/test/golden_comparison/golden_comparison_test.dart: Golden Comparison Tests Golden: flutter_logo matches browser render             25:36 +3438 ~2 -3: /Users/denisnadey/apps/flutter_full_svg_support/test/golden_comparison/golden_comparison_test.dart: Golden Comparison Tests Golden: flutter_logo matches browser render             25:37 +3438 ~2 -3: /Users/denisnadey/apps/flutter_full_svg_support/test/golden_comparison/golden_comparison_test.dart: Golden Comparison Tests Golden: flutter_logo matches browser render             25:38 +3438 ~2 -3: /Users/denisnadey/apps/flutter_full_svg_support/test/golden_comparison/golden_comparison_test.dart: Golden Comparison Tests Golden: flutter_logo matches browser render             25:39 +3438 ~2 -3: /Users/denisnadey/apps/flutter_full_svg_support/test/golden_comparison/golden_comparison_test.dart: Golden Comparison Tests Golden: flutter_logo matches browser render             25:40 +3438 ~2 -3: /Users/denisnadey/apps/flutter_full_svg_support/test/golden_comparison/golden_comparison_test.dart: Golden Comparison Tests Golden: flutter_logo matches browser render             25:41 +3438 ~2 -3: /Users/denisnadey/apps/flutter_full_svg_support/test/golden_comparison/golden_comparison_test.dart: Golden Comparison Tests Golden: flutter_logo matches browser render             25:42 +3438 ~2 -3: /Users/denisnadey/apps/flutter_full_svg_support/test/golden_comparison/golden_comparison_test.dart: Golden Comparison Tests Golden: flutter_logo matches browser render             25:43 +3438 ~2 -3: /Users/denisnadey/apps/flutter_full_svg_support/test/golden_comparison/golden_comparison_test.dart: Golden Comparison Tests Golden: flutter_logo matches browser render             25:44 +3438 ~2 -3: /Users/denisnadey/apps/flutter_full_svg_support/test/golden_comparison/golden_comparison_test.dart: Golden Comparison Tests Golden: flutter_logo matches browser render             25:45 +3438 ~2 -3: /Users/denisnadey/apps/flutter_full_svg_support/test/golden_comparison/golden_comparison_test.dart: Golden Comparison Tests Golden: flutter_logo matches browser render             25:46 +3438 ~2 -3: /Users/denisnadey/apps/flutter_full_svg_support/test/golden_comparison/golden_comparison_test.dart: Golden Comparison Tests Golden: flutter_logo matches browser render             25:47 +3438 ~2 -3: /Users/denisnadey/apps/flutter_full_svg_support/test/golden_comparison/golden_comparison_test.dart: Golden Comparison Tests Golden: flutter_logo matches browser render             25:48 +3438 ~2 -3: /Users/denisnadey/apps/flutter_full_svg_support/test/golden_comparison/golden_comparison_test.dart: Golden Comparison Tests Golden: flutter_logo matches browser render             25:49 +3438 ~2 -3: /Users/denisnadey/apps/flutter_full_svg_support/test/golden_comparison/golden_comparison_test.dart: Golden Comparison Tests Golden: flutter_logo matches browser render             25:50 +3438 ~2 -3: /Users/denisnadey/apps/flutter_full_svg_support/test/golden_comparison/golden_comparison_test.dart: Golden Comparison Tests Golden: flutter_logo matches browser render             25:51 +3438 ~2 -3: /Users/denisnadey/apps/flutter_full_svg_support/test/golden_comparison/golden_comparison_test.dart: Golden Comparison Tests Golden: flutter_logo matches browser render             25:52 +3438 ~2 -3: /Users/denisnadey/apps/flutter_full_svg_support/test/golden_comparison/golden_comparison_test.dart: Golden Comparison Tests Golden: flutter_logo matches browser render             25:53 +3438 ~2 -3: /Users/denisnadey/apps/flutter_full_svg_support/test/golden_comparison/golden_comparison_test.dart: Golden Comparison Tests Golden: flutter_logo matches browser render             25:54 +3438 ~2 -3: /Users/denisnadey/apps/flutter_full_svg_support/test/golden_comparison/golden_comparison_test.dart: Golden Comparison Tests Golden: flutter_logo matches browser render             25:55 +3438 ~2 -3: /Users/denisnadey/apps/flutter_full_svg_support/test/golden_comparison/golden_comparison_test.dart: Golden Comparison Tests Golden: flutter_logo matches browser render             25:56 +3438 ~2 -3: /Users/denisnadey/apps/flutter_full_svg_support/test/golden_comparison/golden_comparison_test.dart: Golden Comparison Tests Golden: flutter_logo matches browser render             25:57 +3438 ~2 -3: /Users/denisnadey/apps/flutter_full_svg_support/test/golden_comparison/golden_comparison_test.dart: Golden Comparison Tests Golden: flutter_logo matches browser render             25:58 +3438 ~2 -3: /Users/denisnadey/apps/flutter_full_svg_support/test/golden_comparison/golden_comparison_test.dart: Golden Comparison Tests Golden: flutter_logo matches browser render             25:59 +3438 ~2 -3: /Users/denisnadey/apps/flutter_full_svg_support/test/golden_comparison/golden_comparison_test.dart: Golden Comparison Tests Golden: flutter_logo matches browser render             26:00 +3438 ~2 -3: /Users/denisnadey/apps/flutter_full_svg_support/test/golden_comparison/golden_comparison_test.dart: Golden Comparison Tests Golden: flutter_logo matches browser render             26:01 +3438 ~2 -3: /Users/denisnadey/apps/flutter_full_svg_support/test/golden_comparison/golden_comparison_test.dart: Golden Comparison Tests Golden: flutter_logo matches browser render             26:02 +3438 ~2 -3: /Users/denisnadey/apps/flutter_full_svg_support/test/golden_comparison/golden_comparison_test.dart: Golden Comparison Tests Golden: flutter_logo matches browser render             26:03 +3438 ~2 -3: /Users/denisnadey/apps/flutter_full_svg_support/test/golden_comparison/golden_comparison_test.dart: Golden Comparison Tests Golden: flutter_logo matches browser render             26:04 +3438 ~2 -3: /Users/denisnadey/apps/flutter_full_svg_support/test/golden_comparison/golden_comparison_test.dart: Golden Comparison Tests Golden: flutter_logo matches browser render             26:05 +3438 ~2 -3: /Users/denisnadey/apps/flutter_full_svg_support/test/golden_comparison/golden_comparison_test.dart: Golden Comparison Tests Golden: flutter_logo matches browser render             26:06 +3438 ~2 -3: /Users/denisnadey/apps/flutter_full_svg_support/test/golden_comparison/golden_comparison_test.dart: Golden Comparison Tests Golden: flutter_logo matches browser render             26:07 +3438 ~2 -3: /Users/denisnadey/apps/flutter_full_svg_support/test/golden_comparison/golden_comparison_test.dart: Golden Comparison Tests Golden: flutter_logo matches browser render             26:08 +3438 ~2 -3: /Users/denisnadey/apps/flutter_full_svg_support/test/golden_comparison/golden_comparison_test.dart: Golden Comparison Tests Golden: flutter_logo matches browser render             26:09 +3438 ~2 -3: /Users/denisnadey/apps/flutter_full_svg_support/test/golden_comparison/golden_comparison_test.dart: Golden Comparison Tests Golden: flutter_logo matches browser render             26:10 +3438 ~2 -3: /Users/denisnadey/apps/flutter_full_svg_support/test/golden_comparison/golden_comparison_test.dart: Golden Comparison Tests Golden: flutter_logo matches browser render             26:11 +3438 ~2 -3: /Users/denisnadey/apps/flutter_full_svg_support/test/golden_comparison/golden_comparison_test.dart: Golden Comparison Tests Golden: flutter_logo matches browser render             26:12 +3438 ~2 -3: /Users/denisnadey/apps/flutter_full_svg_support/test/golden_comparison/golden_comparison_test.dart: Golden Comparison Tests Golden: flutter_logo matches browser render             26:13 +3438 ~2 -3: /Users/denisnadey/apps/flutter_full_svg_support/test/golden_comparison/golden_comparison_test.dart: Golden Comparison Tests Golden: flutter_logo matches browser render             26:14 +3438 ~2 -3: /Users/denisnadey/apps/flutter_full_svg_support/test/golden_comparison/golden_comparison_test.dart: Golden Comparison Tests Golden: flutter_logo matches browser render             26:15 +3438 ~2 -3: /Users/denisnadey/apps/flutter_full_svg_support/test/golden_comparison/golden_comparison_test.dart: Golden Comparison Tests Golden: flutter_logo matches browser render             26:16 +3438 ~2 -3: /Users/denisnadey/apps/flutter_full_svg_support/test/golden_comparison/golden_comparison_test.dart: Golden Comparison Tests Golden: flutter_logo matches browser render             26:17 +3438 ~2 -3: /Users/denisnadey/apps/flutter_full_svg_support/test/golden_comparison/golden_comparison_test.dart: Golden Comparison Tests Golden: flutter_logo matches browser render             26:18 +3438 ~2 -3: /Users/denisnadey/apps/flutter_full_svg_support/test/golden_comparison/golden_comparison_test.dart: Golden Comparison Tests Golden: flutter_logo matches browser render             26:19 +3438 ~2 -3: /Users/denisnadey/apps/flutter_full_svg_support/test/golden_comparison/golden_comparison_test.dart: Golden Comparison Tests Golden: flutter_logo matches browser render             26:20 +3438 ~2 -3: /Users/denisnadey/apps/flutter_full_svg_support/test/golden_comparison/golden_comparison_test.dart: Golden Comparison Tests Golden: flutter_logo matches browser render             26:21 +3438 ~2 -3: /Users/denisnadey/apps/flutter_full_svg_support/test/golden_comparison/golden_comparison_test.dart: Golden Comparison Tests Golden: flutter_logo matches browser render             26:22 +3438 ~2 -3: /Users/denisnadey/apps/flutter_full_svg_support/test/golden_comparison/golden_comparison_test.dart: Golden Comparison Tests Golden: flutter_logo matches browser render             26:23 +3438 ~2 -3: /Users/denisnadey/apps/flutter_full_svg_support/test/golden_comparison/golden_comparison_test.dart: Golden Comparison Tests Golden: flutter_logo matches browser render             26:24 +3438 ~2 -3: /Users/denisnadey/apps/flutter_full_svg_support/test/golden_comparison/golden_comparison_test.dart: Golden Comparison Tests Golden: flutter_logo matches browser render             26:25 +3438 ~2 -3: /Users/denisnadey/apps/flutter_full_svg_support/test/golden_comparison/golden_comparison_test.dart: Golden Comparison Tests Golden: flutter_logo matches browser render             26:26 +3438 ~2 -3: /Users/denisnadey/apps/flutter_full_svg_support/test/golden_comparison/golden_comparison_test.dart: Golden Comparison Tests Golden: flutter_logo matches browser render             26:27 +3438 ~2 -3: /Users/denisnadey/apps/flutter_full_svg_support/test/golden_comparison/golden_comparison_test.dart: Golden Comparison Tests Golden: flutter_logo matches browser render             26:28 +3438 ~2 -3: /Users/denisnadey/apps/flutter_full_svg_support/test/golden_comparison/golden_comparison_test.dart: Golden Comparison Tests Golden: flutter_logo matches browser render             26:29 +3438 ~2 -3: /Users/denisnadey/apps/flutter_full_svg_support/test/golden_comparison/golden_comparison_test.dart: Golden Comparison Tests Golden: flutter_logo matches browser render             26:30 +3438 ~2 -3: /Users/denisnadey/apps/flutter_full_svg_support/test/golden_comparison/golden_comparison_test.dart: Golden Comparison Tests Golden: flutter_logo matches browser render             26:31 +3438 ~2 -3: /Users/denisnadey/apps/flutter_full_svg_support/test/golden_comparison/golden_comparison_test.dart: Golden Comparison Tests Golden: flutter_logo matches browser render             26:32 +3438 ~2 -3: /Users/denisnadey/apps/flutter_full_svg_support/test/golden_comparison/golden_comparison_test.dart: Golden Comparison Tests Golden: flutter_logo matches browser render             26:32 +3438 ~2 -4: /Users/denisnadey/apps/flutter_full_svg_support/test/golden_comparison/golden_comparison_test.dart: Golden Comparison Tests Golden: flutter_logo matches browser render [E]         
  TimeoutException after 0:10:00.000000: Test timed out after 10 minutes.
  dart:isolate  _RawReceivePort._handleMessage
  

To run this test again: /Users/denisnadey/fvm/versions/3.38.1/bin/cache/dart-sdk/bin/dart test /Users/denisnadey/apps/flutter_full_svg_support/test/golden_comparison/golden_comparison_test.dart -p vm --plain-name 'Golden Comparison Tests Golden: flutter_logo matches browser render'
26:32 +3438 ~2 -4: /Users/denisnadey/apps/flutter_full_svg_support/test/golden_comparison/golden_comparison_test.dart: Golden Comparison Tests Golden: svg_currentcolor matches browser render         26:33 +3438 ~2 -4: /Users/denisnadey/apps/flutter_full_svg_support/test/golden_comparison/golden_comparison_test.dart: Golden Comparison Tests Golden: svg_currentcolor matches browser render         26:34 +3438 ~2 -4: /Users/denisnadey/apps/flutter_full_svg_support/test/golden_comparison/golden_comparison_test.dart: Golden Comparison Tests Golden: svg_currentcolor matches browser render         26:35 +3438 ~2 -4: /Users/denisnadey/apps/flutter_full_svg_support/test/golden_comparison/golden_comparison_test.dart: Golden Comparison Tests Golden: svg_currentcolor matches browser render         26:36 +3438 ~2 -4: /Users/denisnadey/apps/flutter_full_svg_support/test/golden_comparison/golden_comparison_test.dart: Golden Comparison Tests Golden: svg_currentcolor matches browser render         26:37 +3438 ~2 -4: /Users/denisnadey/apps/flutter_full_svg_support/test/golden_comparison/golden_comparison_test.dart: Golden Comparison Tests Golden: svg_currentcolor matches browser render         26:38 +3438 ~2 -4: /Users/denisnadey/apps/flutter_full_svg_support/test/golden_comparison/golden_comparison_test.dart: Golden Comparison Tests Golden: svg_currentcolor matches browser render         26:39 +3438 ~2 -4: /Users/denisnadey/apps/flutter_full_svg_support/test/golden_comparison/golden_comparison_test.dart: Golden Comparison Tests Golden: svg_currentcolor matches browser render         26:40 +3438 ~2 -4: /Users/denisnadey/apps/flutter_full_svg_support/test/golden_comparison/golden_comparison_test.dart: Golden Comparison Tests Golden: svg_currentcolor matches browser render         26:41 +3438 ~2 -4: /Users/denisnadey/apps/flutter_full_svg_support/test/golden_comparison/golden_comparison_test.dart: Golden Comparison Tests Golden: svg_currentcolor matches browser render         26:42 +3438 ~2 -4: /Users/denisnadey/apps/flutter_full_svg_support/test/golden_comparison/golden_comparison_test.dart: Golden Comparison Tests Golden: svg_currentcolor matches browser render         26:43 +3438 ~2 -4: /Users/denisnadey/apps/flutter_full_svg_support/test/golden_comparison/golden_comparison_test.dart: Golden Comparison Tests Golden: svg_currentcolor matches browser render         26:44 +3438 ~2 -4: /Users/denisnadey/apps/flutter_full_svg_support/test/golden_comparison/golden_comparison_test.dart: Golden Comparison Tests Golden: svg_currentcolor matches browser render         26:45 +3438 ~2 -4: /Users/denisnadey/apps/flutter_full_svg_support/test/golden_comparison/golden_comparison_test.dart: Golden Comparison Tests Golden: svg_currentcolor matches browser render         26:46 +3438 ~2 -4: /Users/denisnadey/apps/flutter_full_svg_support/test/golden_comparison/golden_comparison_test.dart: Golden Comparison Tests Golden: svg_currentcolor matches browser render         26:47 +3438 ~2 -4: /Users/denisnadey/apps/flutter_full_svg_support/test/golden_comparison/golden_comparison_test.dart: Golden Comparison Tests Golden: svg_currentcolor matches browser render         26:48 +3438 ~2 -4: /Users/denisnadey/apps/flutter_full_svg_support/test/golden_comparison/golden_comparison_test.dart: Golden Comparison Tests Golden: svg_currentcolor matches browser render         26:49 +3438 ~2 -4: /Users/denisnadey/apps/flutter_full_svg_support/test/golden_comparison/golden_comparison_test.dart: Golden Comparison Tests Golden: svg_currentcolor matches browser render         26:50 +3438 ~2 -4: /Users/denisnadey/apps/flutter_full_svg_support/test/golden_comparison/golden_comparison_test.dart: Golden Comparison Tests Golden: svg_currentcolor matches browser render         26:51 +3438 ~2 -4: /Users/denisnadey/apps/flutter_full_svg_support/test/golden_comparison/golden_comparison_test.dart: Golden Comparison Tests Golden: svg_currentcolor matches browser render         26:52 +3438 ~2 -4: /Users/denisnadey/apps/flutter_full_svg_support/test/golden_comparison/golden_comparison_test.dart: Golden Comparison Tests Golden: svg_currentcolor matches browser render         26:53 +3438 ~2 -4: /Users/denisnadey/apps/flutter_full_svg_support/test/golden_comparison/golden_comparison_test.dart: Golden Comparison Tests Golden: svg_currentcolor matches browser render         26:54 +3438 ~2 -4: /Users/denisnadey/apps/flutter_full_svg_support/test/golden_comparison/golden_comparison_test.dart: Golden Comparison Tests Golden: svg_currentcolor matches browser render         26:55 +3438 ~2 -4: /Users/denisnadey/apps/flutter_full_svg_support/test/golden_comparison/golden_comparison_test.dart: Golden Comparison Tests Golden: svg_currentcolor matches browser render         26:56 +3438 ~2 -4: /Users/denisnadey/apps/flutter_full_svg_support/test/golden_comparison/golden_comparison_test.dart: Golden Comparison Tests Golden: svg_currentcolor matches browser render         26:57 +3438 ~2 -4: /Users/denisnadey/apps/flutter_full_svg_support/test/golden_comparison/golden_comparison_test.dart: Golden Comparison Tests Golden: svg_currentcolor matches browser render         26:58 +3438 ~2 -4: /Users/denisnadey/apps/flutter_full_svg_support/test/golden_comparison/golden_comparison_test.dart: Golden Comparison Tests Golden: svg_currentcolor matches browser render         26:59 +3438 ~2 -4: /Users/denisnadey/apps/flutter_full_svg_support/test/golden_comparison/golden_comparison_test.dart: Golden Comparison Tests Golden: svg_currentcolor matches browser render         27:00 +3438 ~2 -4: /Users/denisnadey/apps/flutter_full_svg_support/test/golden_comparison/golden_comparison_test.dart: Golden Comparison Tests Golden: svg_currentcolor matches browser render         27:01 +3438 ~2 -4: /Users/denisnadey/apps/flutter_full_svg_support/test/golden_comparison/golden_comparison_test.dart: Golden Comparison Tests Golden: svg_currentcolor matches browser render         27:02 +3438 ~2 -4: /Users/denisnadey/apps/flutter_full_svg_support/test/golden_comparison/golden_comparison_test.dart: Golden Comparison Tests Golden: svg_currentcolor matches browser render         27:03 +3438 ~2 -4: /Users/denisnadey/apps/flutter_full_svg_support/test/golden_comparison/golden_comparison_test.dart: Golden Comparison Tests Golden: svg_currentcolor matches browser render         27:04 +3438 ~2 -4: /Users/denisnadey/apps/flutter_full_svg_support/test/golden_comparison/golden_comparison_test.dart: Golden Comparison Tests Golden: svg_currentcolor matches browser render         27:05 +3438 ~2 -4: /Users/denisnadey/apps/flutter_full_svg_support/test/golden_comparison/golden_comparison_test.dart: Golden Comparison Tests Golden: svg_currentcolor matches browser render         27:06 +3438 ~2 -4: /Users/denisnadey/apps/flutter_full_svg_support/test/golden_comparison/golden_comparison_test.dart: Golden Comparison Tests Golden: svg_currentcolor matches browser render         27:07 +3438 ~2 -4: /Users/denisnadey/apps/flutter_full_svg_support/test/golden_comparison/golden_comparison_test.dart: Golden Comparison Tests Golden: svg_currentcolor matches browser render         27:08 +3438 ~2 -4: /Users/denisnadey/apps/flutter_full_svg_support/test/golden_comparison/golden_comparison_test.dart: Golden Comparison Tests Golden: svg_currentcolor matches browser render         27:09 +3438 ~2 -4: /Users/denisnadey/apps/flutter_full_svg_support/test/golden_comparison/golden_comparison_test.dart: Golden Comparison Tests Golden: svg_currentcolor matches browser render         27:10 +3438 ~2 -4: /Users/denisnadey/apps/flutter_full_svg_support/test/golden_comparison/golden_comparison_test.dart: Golden Comparison Tests Golden: svg_currentcolor matches browser render         27:11 +3438 ~2 -4: /Users/denisnadey/apps/flutter_full_svg_support/test/golden_comparison/golden_comparison_test.dart: Golden Comparison Tests Golden: svg_currentcolor matches browser render         27:12 +3438 ~2 -4: /Users/denisnadey/apps/flutter_full_svg_support/test/golden_comparison/golden_comparison_test.dart: Golden Comparison Tests Golden: svg_currentcolor matches browser render         27:13 +3438 ~2 -4: /Users/denisnadey/apps/flutter_full_svg_support/test/golden_comparison/golden_comparison_test.dart: Golden Comparison Tests Golden: svg_currentcolor matches browser render         27:14 +3438 ~2 -4: /Users/denisnadey/apps/flutter_full_svg_support/test/golden_comparison/golden_comparison_test.dart: Golden Comparison Tests Golden: svg_currentcolor matches browser render         27:15 +3438 ~2 -4: /Users/denisnadey/apps/flutter_full_svg_support/test/golden_comparison/golden_comparison_test.dart: Golden Comparison Tests Golden: svg_currentcolor matches browser render         27:16 +3438 ~2 -4: /Users/denisnadey/apps/flutter_full_svg_support/test/golden_comparison/golden_comparison_test.dart: Golden Comparison Tests Golden: svg_currentcolor matches browser render         27:17 +3438 ~2 -4: /Users/denisnadey/apps/flutter_full_svg_support/test/golden_comparison/golden_comparison_test.dart: Golden Comparison Tests Golden: svg_currentcolor matches browser render         27:18 +3438 ~2 -4: /Users/denisnadey/apps/flutter_full_svg_support/test/golden_comparison/golden_comparison_test.dart: Golden Comparison Tests Golden: svg_currentcolor matches browser render         27:19 +3438 ~2 -4: /Users/denisnadey/apps/flutter_full_svg_support/test/golden_comparison/golden_comparison_test.dart: Golden Comparison Tests Golden: svg_currentcolor matches browser render         27:20 +3438 ~2 -4: /Users/denisnadey/apps/flutter_full_svg_support/test/golden_comparison/golden_comparison_test.dart: Golden Comparison Tests Golden: svg_currentcolor matches browser render         27:21 +3438 ~2 -4: /Users/denisnadey/apps/flutter_full_svg_support/test/golden_comparison/golden_comparison_test.dart: Golden Comparison Tests Golden: svg_currentcolor matches browser render         27:22 +3438 ~2 -4: /Users/denisnadey/apps/flutter_full_svg_support/test/golden_comparison/golden_comparison_test.dart: Golden Comparison Tests Golden: svg_currentcolor matches browser render         27:23 +3438 ~2 -4: /Users/denisnadey/apps/flutter_full_svg_support/test/golden_comparison/golden_comparison_test.dart: Golden Comparison Tests Golden: svg_currentcolor matches browser render         27:24 +3438 ~2 -4: /Users/denisnadey/apps/flutter_full_svg_support/test/golden_comparison/golden_comparison_test.dart: Golden Comparison Tests Golden: svg_currentcolor matches browser render         27:25 +3438 ~2 -4: /Users/denisnadey/apps/flutter_full_svg_support/test/golden_comparison/golden_comparison_test.dart: Golden Comparison Tests Golden: svg_currentcolor matches browser render         27:26 +3438 ~2 -4: /Users/denisnadey/apps/flutter_full_svg_support/test/golden_comparison/golden_comparison_test.dart: Golden Comparison Tests Golden: svg_currentcolor matches browser render         27:27 +3438 ~2 -4: /Users/denisnadey/apps/flutter_full_svg_support/test/golden_comparison/golden_comparison_test.dart: Golden Comparison Tests Golden: svg_currentcolor matches browser render         27:28 +3438 ~2 -4: /Users/denisnadey/apps/flutter_full_svg_support/test/golden_comparison/golden_comparison_test.dart: Golden Comparison Tests Golden: svg_currentcolor matches browser render         27:29 +3438 ~2 -4: /Users/denisnadey/apps/flutter_full_svg_support/test/golden_comparison/golden_comparison_test.dart: Golden Comparison Tests Golden: svg_currentcolor matches browser render         27:30 +3438 ~2 -4: /Users/denisnadey/apps/flutter_full_svg_support/test/golden_comparison/golden_comparison_test.dart: Golden Comparison Tests Golden: svg_currentcolor matches browser render         27:31 +3438 ~2 -4: /Users/denisnadey/apps/flutter_full_svg_support/test/golden_comparison/golden_comparison_test.dart: Golden Comparison Tests Golden: svg_currentcolor matches browser render         27:32 +3438 ~2 -4: /Users/denisnadey/apps/flutter_full_svg_support/test/golden_comparison/golden_comparison_test.dart: Golden Comparison Tests Golden: svg_currentcolor matches browser render         27:33 +3438 ~2 -4: /Users/denisnadey/apps/flutter_full_svg_support/test/golden_comparison/golden_comparison_test.dart: Golden Comparison Tests Golden: svg_currentcolor matches browser render         27:34 +3438 ~2 -4: /Users/denisnadey/apps/flutter_full_svg_support/test/golden_comparison/golden_comparison_test.dart: Golden Comparison Tests Golden: svg_currentcolor matches browser render         27:35 +3438 ~2 -4: /Users/denisnadey/apps/flutter_full_svg_support/test/golden_comparison/golden_comparison_test.dart: Golden Comparison Tests Golden: svg_currentcolor matches browser render         27:36 +3438 ~2 -4: /Users/denisnadey/apps/flutter_full_svg_support/test/golden_comparison/golden_comparison_test.dart: Golden Comparison Tests Golden: svg_currentcolor matches browser render         27:37 +3438 ~2 -4: /Users/denisnadey/apps/flutter_full_svg_support/test/golden_comparison/golden_comparison_test.dart: Golden Comparison Tests Golden: svg_currentcolor matches browser render         27:38 +3438 ~2 -4: /Users/denisnadey/apps/flutter_full_svg_support/test/golden_comparison/golden_comparison_test.dart: Golden Comparison Tests Golden: svg_currentcolor matches browser render         27:39 +3438 ~2 -4: /Users/denisnadey/apps/flutter_full_svg_support/test/golden_comparison/golden_comparison_test.dart: Golden Comparison Tests Golden: svg_currentcolor matches browser render         27:40 +3438 ~2 -4: /Users/denisnadey/apps/flutter_full_svg_support/test/golden_comparison/golden_comparison_test.dart: Golden Comparison Tests Golden: svg_currentcolor matches browser render         27:41 +3438 ~2 -4: /Users/denisnadey/apps/flutter_full_svg_support/test/golden_comparison/golden_comparison_test.dart: Golden Comparison Tests Golden: svg_currentcolor matches browser render         27:42 +3438 ~2 -4: /Users/denisnadey/apps/flutter_full_svg_support/test/golden_comparison/golden_comparison_test.dart: Golden Comparison Tests Golden: svg_currentcolor matches browser render         27:43 +3438 ~2 -4: /Users/denisnadey/apps/flutter_full_svg_support/test/golden_comparison/golden_comparison_test.dart: Golden Comparison Tests Golden: svg_currentcolor matches browser render         27:44 +3438 ~2 -4: /Users/denisnadey/apps/flutter_full_svg_support/test/golden_comparison/golden_comparison_test.dart: Golden Comparison Tests Golden: svg_currentcolor matches browser render         27:45 +3438 ~2 -4: /Users/denisnadey/apps/flutter_full_svg_support/test/golden_comparison/golden_comparison_test.dart: Golden Comparison Tests Golden: svg_currentcolor matches browser render         27:46 +3438 ~2 -4: /Users/denisnadey/apps/flutter_full_svg_support/test/golden_comparison/golden_comparison_test.dart: Golden Comparison Tests Golden: svg_currentcolor matches browser render         27:47 +3438 ~2 -4: /Users/denisnadey/apps/flutter_full_svg_support/test/golden_comparison/golden_comparison_test.dart: Golden Comparison Tests Golden: svg_currentcolor matches browser render         27:48 +3438 ~2 -4: /Users/denisnadey/apps/flutter_full_svg_support/test/golden_comparison/golden_comparison_test.dart: Golden Comparison Tests Golden: svg_currentcolor matches browser render         27:49 +3438 ~2 -4: /Users/denisnadey/apps/flutter_full_svg_support/test/golden_comparison/golden_comparison_test.dart: Golden Comparison Tests Golden: svg_currentcolor matches browser render         27:50 +3438 ~2 -4: /Users/denisnadey/apps/flutter_full_svg_support/test/golden_comparison/golden_comparison_test.dart: Golden Comparison Tests Golden: svg_currentcolor matches browser render         27:51 +3438 ~2 -4: /Users/denisnadey/apps/flutter_full_svg_support/test/golden_comparison/golden_comparison_test.dart: Golden Comparison Tests Golden: svg_currentcolor matches browser render         27:52 +3438 ~2 -4: /Users/denisnadey/apps/flutter_full_svg_support/test/golden_comparison/golden_comparison_test.dart: Golden Comparison Tests Golden: svg_currentcolor matches browser render         27:53 +3438 ~2 -4: /Users/denisnadey/apps/flutter_full_svg_support/test/golden_comparison/golden_comparison_test.dart: Golden Comparison Tests Golden: svg_currentcolor matches browser render         27:54 +3438 ~2 -4: /Users/denisnadey/apps/flutter_full_svg_support/test/golden_comparison/golden_comparison_test.dart: Golden Comparison Tests Golden: svg_currentcolor matches browser render         27:55 +3438 ~2 -4: /Users/denisnadey/apps/flutter_full_svg_support/test/golden_comparison/golden_comparison_test.dart: Golden Comparison Tests Golden: svg_currentcolor matches browser render         27:56 +3438 ~2 -4: /Users/denisnadey/apps/flutter_full_svg_support/test/golden_comparison/golden_comparison_test.dart: Golden Comparison Tests Golden: svg_currentcolor matches browser render         27:57 +3438 ~2 -4: /Users/denisnadey/apps/flutter_full_svg_support/test/golden_comparison/golden_comparison_test.dart: Golden Comparison Tests Golden: svg_currentcolor matches browser render         27:58 +3438 ~2 -4: /Users/denisnadey/apps/flutter_full_svg_support/test/golden_comparison/golden_comparison_test.dart: Golden Comparison Tests Golden: svg_currentcolor matches browser render         27:59 +3438 ~2 -4: /Users/denisnadey/apps/flutter_full_svg_support/test/golden_comparison/golden_comparison_test.dart: Golden Comparison Tests Golden: svg_currentcolor matches browser render         28:00 +3438 ~2 -4: /Users/denisnadey/apps/flutter_full_svg_support/test/golden_comparison/golden_comparison_test.dart: Golden Comparison Tests Golden: svg_currentcolor matches browser render         28:01 +3438 ~2 -4: /Users/denisnadey/apps/flutter_full_svg_support/test/golden_comparison/golden_comparison_test.dart: Golden Comparison Tests Golden: svg_currentcolor matches browser render         28:02 +3438 ~2 -4: /Users/denisnadey/apps/flutter_full_svg_support/test/golden_comparison/golden_comparison_test.dart: Golden Comparison Tests Golden: svg_currentcolor matches browser render         28:03 +3438 ~2 -4: /Users/denisnadey/apps/flutter_full_svg_support/test/golden_comparison/golden_comparison_test.dart: Golden Comparison Tests Golden: svg_currentcolor matches browser render         28:04 +3438 ~2 -4: /Users/denisnadey/apps/flutter_full_svg_support/test/golden_comparison/golden_comparison_test.dart: Golden Comparison Tests Golden: svg_currentcolor matches browser render         28:05 +3438 ~2 -4: /Users/denisnadey/apps/flutter_full_svg_support/test/golden_comparison/golden_comparison_test.dart: Golden Comparison Tests Golden: svg_currentcolor matches browser render         28:06 +3438 ~2 -4: /Users/denisnadey/apps/flutter_full_svg_support/test/golden_comparison/golden_comparison_test.dart: Golden Comparison Tests Golden: svg_currentcolor matches browser render         28:07 +3438 ~2 -4: /Users/denisnadey/apps/flutter_full_svg_support/test/golden_comparison/golden_comparison_test.dart: Golden Comparison Tests Golden: svg_currentcolor matches browser render         28:08 +3438 ~2 -4: /Users/denisnadey/apps/flutter_full_svg_support/test/golden_comparison/golden_comparison_test.dart: Golden Comparison Tests Golden: svg_currentcolor matches browser render         28:09 +3438 ~2 -4: /Users/denisnadey/apps/flutter_full_svg_support/test/golden_comparison/golden_comparison_test.dart: Golden Comparison Tests Golden: svg_currentcolor matches browser render         28:10 +3438 ~2 -4: /Users/denisnadey/apps/flutter_full_svg_support/test/golden_comparison/golden_comparison_test.dart: Golden Comparison Tests Golden: svg_currentcolor matches browser render         28:11 +3438 ~2 -4: /Users/denisnadey/apps/flutter_full_svg_support/test/golden_comparison/golden_comparison_test.dart: Golden Comparison Tests Golden: svg_currentcolor matches browser render         28:12 +3438 ~2 -4: /Users/denisnadey/apps/flutter_full_svg_support/test/golden_comparison/golden_comparison_test.dart: Golden Comparison Tests Golden: svg_currentcolor matches browser render         28:13 +3438 ~2 -4: /Users/denisnadey/apps/flutter_full_svg_support/test/golden_comparison/golden_comparison_test.dart: Golden Comparison Tests Golden: svg_currentcolor matches browser render         28:14 +3438 ~2 -4: /Users/denisnadey/apps/flutter_full_svg_support/test/golden_comparison/golden_comparison_test.dart: Golden Comparison Tests Golden: svg_currentcolor matches browser render         28:15 +3438 ~2 -4: /Users/denisnadey/apps/flutter_full_svg_support/test/golden_comparison/golden_comparison_test.dart: Golden Comparison Tests Golden: svg_currentcolor matches browser render         28:16 +3438 ~2 -4: /Users/denisnadey/apps/flutter_full_svg_support/test/golden_comparison/golden_comparison_test.dart: Golden Comparison Tests Golden: svg_currentcolor matches browser render         28:17 +3438 ~2 -4: /Users/denisnadey/apps/flutter_full_svg_support/test/golden_comparison/golden_comparison_test.dart: Golden Comparison Tests Golden: svg_currentcolor matches browser render         28:18 +3438 ~2 -4: /Users/denisnadey/apps/flutter_full_svg_support/test/golden_comparison/golden_comparison_test.dart: Golden Comparison Tests Golden: svg_currentcolor matches browser render         28:19 +3438 ~2 -4: /Users/denisnadey/apps/flutter_full_svg_support/test/golden_comparison/golden_comparison_test.dart: Golden Comparison Tests Golden: svg_currentcolor matches browser render         28:20 +3438 ~2 -4: /Users/denisnadey/apps/flutter_full_svg_support/test/golden_comparison/golden_comparison_test.dart: Golden Comparison Tests Golden: svg_currentcolor matches browser render         28:21 +3438 ~2 -4: /Users/denisnadey/apps/flutter_full_svg_support/test/golden_comparison/golden_comparison_test.dart: Golden Comparison Tests Golden: svg_currentcolor matches browser render         28:22 +3438 ~2 -4: /Users/denisnadey/apps/flutter_full_svg_support/test/golden_comparison/golden_comparison_test.dart: Golden Comparison Tests Golden: svg_currentcolor matches browser render         28:23 +3438 ~2 -4: /Users/denisnadey/apps/flutter_full_svg_support/test/golden_comparison/golden_comparison_test.dart: Golden Comparison Tests Golden: svg_currentcolor matches browser render         28:24 +3438 ~2 -4: /Users/denisnadey/apps/flutter_full_svg_support/test/golden_comparison/golden_comparison_test.dart: Golden Comparison Tests Golden: svg_currentcolor matches browser render         28:25 +3438 ~2 -4: /Users/denisnadey/apps/flutter_full_svg_support/test/golden_comparison/golden_comparison_test.dart: Golden Comparison Tests Golden: svg_currentcolor matches browser render         28:26 +3438 ~2 -4: /Users/denisnadey/apps/flutter_full_svg_support/test/golden_comparison/golden_comparison_test.dart: Golden Comparison Tests Golden: svg_currentcolor matches browser render         28:27 +3438 ~2 -4: /Users/denisnadey/apps/flutter_full_svg_support/test/golden_comparison/golden_comparison_test.dart: Golden Comparison Tests Golden: svg_currentcolor matches browser render         28:28 +3438 ~2 -4: /Users/denisnadey/apps/flutter_full_svg_support/test/golden_comparison/golden_comparison_test.dart: Golden Comparison Tests Golden: svg_currentcolor matches browser render         28:29 +3438 ~2 -4: /Users/denisnadey/apps/flutter_full_svg_support/test/golden_comparison/golden_comparison_test.dart: Golden Comparison Tests Golden: svg_currentcolor matches browser render         28:30 +3438 ~2 -4: /Users/denisnadey/apps/flutter_full_svg_support/test/golden_comparison/golden_comparison_test.dart: Golden Comparison Tests Golden: svg_currentcolor matches browser render         28:31 +3438 ~2 -4: /Users/denisnadey/apps/flutter_full_svg_support/test/golden_comparison/golden_comparison_test.dart: Golden Comparison Tests Golden: svg_currentcolor matches browser render         28:32 +3438 ~2 -4: /Users/denisnadey/apps/flutter_full_svg_support/test/golden_comparison/golden_comparison_test.dart: Golden Comparison Tests Golden: svg_currentcolor matches browser render         28:33 +3438 ~2 -4: /Users/denisnadey/apps/flutter_full_svg_support/test/golden_comparison/golden_comparison_test.dart: Golden Comparison Tests Golden: svg_currentcolor matches browser render         28:34 +3438 ~2 -4: /Users/denisnadey/apps/flutter_full_svg_support/test/golden_comparison/golden_comparison_test.dart: Golden Comparison Tests Golden: svg_currentcolor matches browser render         28:35 +3438 ~2 -4: /Users/denisnadey/apps/flutter_full_svg_support/test/golden_comparison/golden_comparison_test.dart: Golden Comparison Tests Golden: svg_currentcolor matches browser render         28:36 +3438 ~2 -4: /Users/denisnadey/apps/flutter_full_svg_support/test/golden_comparison/golden_comparison_test.dart: Golden Comparison Tests Golden: svg_currentcolor matches browser render         28:37 +3438 ~2 -4: /Users/denisnadey/apps/flutter_full_svg_support/test/golden_comparison/golden_comparison_test.dart: Golden Comparison Tests Golden: svg_currentcolor matches browser render         28:38 +3438 ~2 -4: /Users/denisnadey/apps/flutter_full_svg_support/test/golden_comparison/golden_comparison_test.dart: Golden Comparison Tests Golden: svg_currentcolor matches browser render         28:39 +3438 ~2 -4: /Users/denisnadey/apps/flutter_full_svg_support/test/golden_comparison/golden_comparison_test.dart: Golden Comparison Tests Golden: svg_currentcolor matches browser render         28:40 +3438 ~2 -4: /Users/denisnadey/apps/flutter_full_svg_support/test/golden_comparison/golden_comparison_test.dart: Golden Comparison Tests Golden: svg_currentcolor matches browser render         28:41 +3438 ~2 -4: /Users/denisnadey/apps/flutter_full_svg_support/test/golden_comparison/golden_comparison_test.dart: Golden Comparison Tests Golden: svg_currentcolor matches browser render         28:42 +3438 ~2 -4: /Users/denisnadey/apps/flutter_full_svg_support/test/golden_comparison/golden_comparison_test.dart: Golden Comparison Tests Golden: svg_currentcolor matches browser render         28:43 +3438 ~2 -4: /Users/denisnadey/apps/flutter_full_svg_support/test/golden_comparison/golden_comparison_test.dart: Golden Comparison Tests Golden: svg_currentcolor matches browser render         28:44 +3438 ~2 -4: /Users/denisnadey/apps/flutter_full_svg_support/test/golden_comparison/golden_comparison_test.dart: Golden Comparison Tests Golden: svg_currentcolor matches browser render         28:45 +3438 ~2 -4: /Users/denisnadey/apps/flutter_full_svg_support/test/golden_comparison/golden_comparison_test.dart: Golden Comparison Tests Golden: svg_currentcolor matches browser render         28:46 +3438 ~2 -4: /Users/denisnadey/apps/flutter_full_svg_support/test/golden_comparison/golden_comparison_test.dart: Golden Comparison Tests Golden: svg_currentcolor matches browser render         28:47 +3438 ~2 -4: /Users/denisnadey/apps/flutter_full_svg_support/test/golden_comparison/golden_comparison_test.dart: Golden Comparison Tests Golden: svg_currentcolor matches browser render         28:48 +3438 ~2 -4: /Users/denisnadey/apps/flutter_full_svg_support/test/golden_comparison/golden_comparison_test.dart: Golden Comparison Tests Golden: svg_currentcolor matches browser render         28:49 +3438 ~2 -4: /Users/denisnadey/apps/flutter_full_svg_support/test/golden_comparison/golden_comparison_test.dart: Golden Comparison Tests Golden: svg_currentcolor matches browser render         28:50 +3438 ~2 -4: /Users/denisnadey/apps/flutter_full_svg_support/test/golden_comparison/golden_comparison_test.dart: Golden Comparison Tests Golden: svg_currentcolor matches browser render         28:51 +3438 ~2 -4: /Users/denisnadey/apps/flutter_full_svg_support/test/golden_comparison/golden_comparison_test.dart: Golden Comparison Tests Golden: svg_currentcolor matches browser render         28:52 +3438 ~2 -4: /Users/denisnadey/apps/flutter_full_svg_support/test/golden_comparison/golden_comparison_test.dart: Golden Comparison Tests Golden: svg_currentcolor matches browser render         28:53 +3438 ~2 -4: /Users/denisnadey/apps/flutter_full_svg_support/test/golden_comparison/golden_comparison_test.dart: Golden Comparison Tests Golden: svg_currentcolor matches browser render         28:54 +3438 ~2 -4: /Users/denisnadey/apps/flutter_full_svg_support/test/golden_comparison/golden_comparison_test.dart: Golden Comparison Tests Golden: svg_currentcolor matches browser render         28:55 +3438 ~2 -4: /Users/denisnadey/apps/flutter_full_svg_support/test/golden_comparison/golden_comparison_test.dart: Golden Comparison Tests Golden: svg_currentcolor matches browser render         28:56 +3438 ~2 -4: /Users/denisnadey/apps/flutter_full_svg_support/test/golden_comparison/golden_comparison_test.dart: Golden Comparison Tests Golden: svg_currentcolor matches browser render         28:57 +3438 ~2 -4: /Users/denisnadey/apps/flutter_full_svg_support/test/golden_comparison/golden_comparison_test.dart: Golden Comparison Tests Golden: svg_currentcolor matches browser render         28:58 +3438 ~2 -4: /Users/denisnadey/apps/flutter_full_svg_support/test/golden_comparison/golden_comparison_test.dart: Golden Comparison Tests Golden: svg_currentcolor matches browser render         28:59 +3438 ~2 -4: /Users/denisnadey/apps/flutter_full_svg_support/test/golden_comparison/golden_comparison_test.dart: Golden Comparison Tests Golden: svg_currentcolor matches browser render         29:00 +3438 ~2 -4: /Users/denisnadey/apps/flutter_full_svg_support/test/golden_comparison/golden_comparison_test.dart: Golden Comparison Tests Golden: svg_currentcolor matches browser render         29:01 +3438 ~2 -4: /Users/denisnadey/apps/flutter_full_svg_support/test/golden_comparison/golden_comparison_test.dart: Golden Comparison Tests Golden: svg_currentcolor matches browser render         29:02 +3438 ~2 -4: /Users/denisnadey/apps/flutter_full_svg_support/test/golden_comparison/golden_comparison_test.dart: Golden Comparison Tests Golden: svg_currentcolor matches browser render         29:03 +3438 ~2 -4: /Users/denisnadey/apps/flutter_full_svg_support/test/golden_comparison/golden_comparison_test.dart: Golden Comparison Tests Golden: svg_currentcolor matches browser render         29:04 +3438 ~2 -4: /Users/denisnadey/apps/flutter_full_svg_support/test/golden_comparison/golden_comparison_test.dart: Golden Comparison Tests Golden: svg_currentcolor matches browser render         29:05 +3438 ~2 -4: /Users/denisnadey/apps/flutter_full_svg_support/test/golden_comparison/golden_comparison_test.dart: Golden Comparison Tests Golden: svg_currentcolor matches browser render         29:06 +3438 ~2 -4: /Users/denisnadey/apps/flutter_full_svg_support/test/golden_comparison/golden_comparison_test.dart: Golden Comparison Tests Golden: svg_currentcolor matches browser render         29:07 +3438 ~2 -4: /Users/denisnadey/apps/flutter_full_svg_support/test/golden_comparison/golden_comparison_test.dart: Golden Comparison Tests Golden: svg_currentcolor matches browser render         29:08 +3438 ~2 -4: /Users/denisnadey/apps/flutter_full_svg_support/test/golden_comparison/golden_comparison_test.dart: Golden Comparison Tests Golden: svg_currentcolor matches browser render         29:09 +3438 ~2 -4: /Users/denisnadey/apps/flutter_full_svg_support/test/golden_comparison/golden_comparison_test.dart: Golden Comparison Tests Golden: svg_currentcolor matches browser render         29:10 +3438 ~2 -4: /Users/denisnadey/apps/flutter_full_svg_support/test/golden_comparison/golden_comparison_test.dart: Golden Comparison Tests Golden: svg_currentcolor matches browser render         29:11 +3438 ~2 -4: /Users/denisnadey/apps/flutter_full_svg_support/test/golden_comparison/golden_comparison_test.dart: Golden Comparison Tests Golden: svg_currentcolor matches browser render         29:12 +3438 ~2 -4: /Users/denisnadey/apps/flutter_full_svg_support/test/golden_comparison/golden_comparison_test.dart: Golden Comparison Tests Golden: svg_currentcolor matches browser render         29:13 +3438 ~2 -4: /Users/denisnadey/apps/flutter_full_svg_support/test/golden_comparison/golden_comparison_test.dart: Golden Comparison Tests Golden: svg_currentcolor matches browser render         29:14 +3438 ~2 -4: /Users/denisnadey/apps/flutter_full_svg_support/test/golden_comparison/golden_comparison_test.dart: Golden Comparison Tests Golden: svg_currentcolor matches browser render         29:15 +3438 ~2 -4: /Users/denisnadey/apps/flutter_full_svg_support/test/golden_comparison/golden_comparison_test.dart: Golden Comparison Tests Golden: svg_currentcolor matches browser render         29:16 +3438 ~2 -4: /Users/denisnadey/apps/flutter_full_svg_support/test/golden_comparison/golden_comparison_test.dart: Golden Comparison Tests Golden: svg_currentcolor matches browser render         29:17 +3438 ~2 -4: /Users/denisnadey/apps/flutter_full_svg_support/test/golden_comparison/golden_comparison_test.dart: Golden Comparison Tests Golden: svg_currentcolor matches browser render         29:18 +3438 ~2 -4: /Users/denisnadey/apps/flutter_full_svg_support/test/golden_comparison/golden_comparison_test.dart: Golden Comparison Tests Golden: svg_currentcolor matches browser render         29:19 +3438 ~2 -4: /Users/denisnadey/apps/flutter_full_svg_support/test/golden_comparison/golden_comparison_test.dart: Golden Comparison Tests Golden: svg_currentcolor matches browser render         29:20 +3438 ~2 -4: /Users/denisnadey/apps/flutter_full_svg_support/test/golden_comparison/golden_comparison_test.dart: Golden Comparison Tests Golden: svg_currentcolor matches browser render         29:21 +3438 ~2 -4: /Users/denisnadey/apps/flutter_full_svg_support/test/golden_comparison/golden_comparison_test.dart: Golden Comparison Tests Golden: svg_currentcolor matches browser render         29:22 +3438 ~2 -4: /Users/denisnadey/apps/flutter_full_svg_support/test/golden_comparison/golden_comparison_test.dart: Golden Comparison Tests Golden: svg_currentcolor matches browser render         29:23 +3438 ~2 -4: /Users/denisnadey/apps/flutter_full_svg_support/test/golden_comparison/golden_comparison_test.dart: Golden Comparison Tests Golden: svg_currentcolor matches browser render         29:24 +3438 ~2 -4: /Users/denisnadey/apps/flutter_full_svg_support/test/golden_comparison/golden_comparison_test.dart: Golden Comparison Tests Golden: svg_currentcolor matches browser render         29:25 +3438 ~2 -4: /Users/denisnadey/apps/flutter_full_svg_support/test/golden_comparison/golden_comparison_test.dart: Golden Comparison Tests Golden: svg_currentcolor matches browser render         29:26 +3438 ~2 -4: /Users/denisnadey/apps/flutter_full_svg_support/test/golden_comparison/golden_comparison_test.dart: Golden Comparison Tests Golden: svg_currentcolor matches browser render         29:27 +3438 ~2 -4: /Users/denisnadey/apps/flutter_full_svg_support/test/golden_comparison/golden_comparison_test.dart: Golden Comparison Tests Golden: svg_currentcolor matches browser render         29:28 +3438 ~2 -4: /Users/denisnadey/apps/flutter_full_svg_support/test/golden_comparison/golden_comparison_test.dart: Golden Comparison Tests Golden: svg_currentcolor matches browser render         29:29 +3438 ~2 -4: /Users/denisnadey/apps/flutter_full_svg_support/test/golden_comparison/golden_comparison_test.dart: Golden Comparison Tests Golden: svg_currentcolor matches browser render         29:30 +3438 ~2 -4: /Users/denisnadey/apps/flutter_full_svg_support/test/golden_comparison/golden_comparison_test.dart: Golden Comparison Tests Golden: svg_currentcolor matches browser render         29:31 +3438 ~2 -4: /Users/denisnadey/apps/flutter_full_svg_support/test/golden_comparison/golden_comparison_test.dart: Golden Comparison Tests Golden: svg_currentcolor matches browser render         29:32 +3438 ~2 -4: /Users/denisnadey/apps/flutter_full_svg_support/test/golden_comparison/golden_comparison_test.dart: Golden Comparison Tests Golden: svg_currentcolor matches browser render         29:33 +3438 ~2 -4: /Users/denisnadey/apps/flutter_full_svg_support/test/golden_comparison/golden_comparison_test.dart: Golden Comparison Tests Golden: svg_currentcolor matches browser render         29:34 +3438 ~2 -4: /Users/denisnadey/apps/flutter_full_svg_support/test/golden_comparison/golden_comparison_test.dart: Golden Comparison Tests Golden: svg_currentcolor matches browser render         29:35 +3438 ~2 -4: /Users/denisnadey/apps/flutter_full_svg_support/test/golden_comparison/golden_comparison_test.dart: Golden Comparison Tests Golden: svg_currentcolor matches browser render         29:36 +3438 ~2 -4: /Users/denisnadey/apps/flutter_full_svg_support/test/golden_comparison/golden_comparison_test.dart: Golden Comparison Tests Golden: svg_currentcolor matches browser render         29:37 +3438 ~2 -4: /Users/denisnadey/apps/flutter_full_svg_support/test/golden_comparison/golden_comparison_test.dart: Golden Comparison Tests Golden: svg_currentcolor matches browser render         29:38 +3438 ~2 -4: /Users/denisnadey/apps/flutter_full_svg_support/test/golden_comparison/golden_comparison_test.dart: Golden Comparison Tests Golden: svg_currentcolor matches browser render         29:39 +3438 ~2 -4: /Users/denisnadey/apps/flutter_full_svg_support/test/golden_comparison/golden_comparison_test.dart: Golden Comparison Tests Golden: svg_currentcolor matches browser render         29:40 +3438 ~2 -4: /Users/denisnadey/apps/flutter_full_svg_support/test/golden_comparison/golden_comparison_test.dart: Golden Comparison Tests Golden: svg_currentcolor matches browser render         29:41 +3438 ~2 -4: /Users/denisnadey/apps/flutter_full_svg_support/test/golden_comparison/golden_comparison_test.dart: Golden Comparison Tests Golden: svg_currentcolor matches browser render         29:42 +3438 ~2 -4: /Users/denisnadey/apps/flutter_full_svg_support/test/golden_comparison/golden_comparison_test.dart: Golden Comparison Tests Golden: svg_currentcolor matches browser render         29:43 +3438 ~2 -4: /Users/denisnadey/apps/flutter_full_svg_support/test/golden_comparison/golden_comparison_test.dart: Golden Comparison Tests Golden: svg_currentcolor matches browser render         29:44 +3438 ~2 -4: /Users/denisnadey/apps/flutter_full_svg_support/test/golden_comparison/golden_comparison_test.dart: Golden Comparison Tests Golden: svg_currentcolor matches browser render         29:45 +3438 ~2 -4: /Users/denisnadey/apps/flutter_full_svg_support/test/golden_comparison/golden_comparison_test.dart: Golden Comparison Tests Golden: svg_currentcolor matches browser render         29:46 +3438 ~2 -4: /Users/denisnadey/apps/flutter_full_svg_support/test/golden_comparison/golden_comparison_test.dart: Golden Comparison Tests Golden: svg_currentcolor matches browser render         29:47 +3438 ~2 -4: /Users/denisnadey/apps/flutter_full_svg_support/test/golden_comparison/golden_comparison_test.dart: Golden Comparison Tests Golden: svg_currentcolor matches browser render         29:48 +3438 ~2 -4: /Users/denisnadey/apps/flutter_full_svg_support/test/golden_comparison/golden_comparison_test.dart: Golden Comparison Tests Golden: svg_currentcolor matches browser render         29:49 +3438 ~2 -4: /Users/denisnadey/apps/flutter_full_svg_support/test/golden_comparison/golden_comparison_test.dart: Golden Comparison Tests Golden: svg_currentcolor matches browser render         29:50 +3438 ~2 -4: /Users/denisnadey/apps/flutter_full_svg_support/test/golden_comparison/golden_comparison_test.dart: Golden Comparison Tests Golden: svg_currentcolor matches browser render         29:51 +3438 ~2 -4: /Users/denisnadey/apps/flutter_full_svg_support/test/golden_comparison/golden_comparison_test.dart: Golden Comparison Tests Golden: svg_currentcolor matches browser render         29:52 +3438 ~2 -4: /Users/denisnadey/apps/flutter_full_svg_support/test/golden_comparison/golden_comparison_test.dart: Golden Comparison Tests Golden: svg_currentcolor matches browser render         29:53 +3438 ~2 -4: /Users/denisnadey/apps/flutter_full_svg_support/test/golden_comparison/golden_comparison_test.dart: Golden Comparison Tests Golden: svg_currentcolor matches browser render         29:54 +3438 ~2 -4: /Users/denisnadey/apps/flutter_full_svg_support/test/golden_comparison/golden_comparison_test.dart: Golden Comparison Tests Golden: svg_currentcolor matches browser render         29:55 +3438 ~2 -4: /Users/denisnadey/apps/flutter_full_svg_support/test/golden_comparison/golden_comparison_test.dart: Golden Comparison Tests Golden: svg_currentcolor matches browser render         29:56 +3438 ~2 -4: /Users/denisnadey/apps/flutter_full_svg_support/test/golden_comparison/golden_comparison_test.dart: Golden Comparison Tests Golden: svg_currentcolor matches browser render         29:57 +3438 ~2 -4: /Users/denisnadey/apps/flutter_full_svg_support/test/golden_comparison/golden_comparison_test.dart: Golden Comparison Tests Golden: svg_currentcolor matches browser render         29:58 +3438 ~2 -4: /Users/denisnadey/apps/flutter_full_svg_support/test/golden_comparison/golden_comparison_test.dart: Golden Comparison Tests Golden: svg_currentcolor matches browser render         29:59 +3438 ~2 -4: /Users/denisnadey/apps/flutter_full_svg_support/test/golden_comparison/golden_comparison_test.dart: Golden Comparison Tests Golden: svg_currentcolor matches browser render         30:00 +3438 ~2 -4: /Users/denisnadey/apps/flutter_full_svg_support/test/golden_comparison/golden_comparison_test.dart: Golden Comparison Tests Golden: svg_currentcolor matches browser render         30:01 +3438 ~2 -4: /Users/denisnadey/apps/flutter_full_svg_support/test/golden_comparison/golden_comparison_test.dart: Golden Comparison Tests Golden: svg_currentcolor matches browser render         30:02 +3438 ~2 -4: /Users/denisnadey/apps/flutter_full_svg_support/test/golden_comparison/golden_comparison_test.dart: Golden Comparison Tests Golden: svg_currentcolor matches browser render         30:03 +3438 ~2 -4: /Users/denisnadey/apps/flutter_full_svg_support/test/golden_comparison/golden_comparison_test.dart: Golden Comparison Tests Golden: svg_currentcolor matches browser render         30:04 +3438 ~2 -4: /Users/denisnadey/apps/flutter_full_svg_support/test/golden_comparison/golden_comparison_test.dart: Golden Comparison Tests Golden: svg_currentcolor matches browser render         30:05 +3438 ~2 -4: /Users/denisnadey/apps/flutter_full_svg_support/test/golden_comparison/golden_comparison_test.dart: Golden Comparison Tests Golden: svg_currentcolor matches browser render         30:06 +3438 ~2 -4: /Users/denisnadey/apps/flutter_full_svg_support/test/golden_comparison/golden_comparison_test.dart: Golden Comparison Tests Golden: svg_currentcolor matches browser render         30:07 +3438 ~2 -4: /Users/denisnadey/apps/flutter_full_svg_support/test/golden_comparison/golden_comparison_test.dart: Golden Comparison Tests Golden: svg_currentcolor matches browser render         30:08 +3438 ~2 -4: /Users/denisnadey/apps/flutter_full_svg_support/test/golden_comparison/golden_comparison_test.dart: Golden Comparison Tests Golden: svg_currentcolor matches browser render         30:09 +3438 ~2 -4: /Users/denisnadey/apps/flutter_full_svg_support/test/golden_comparison/golden_comparison_test.dart: Golden Comparison Tests Golden: svg_currentcolor matches browser render         30:10 +3438 ~2 -4: /Users/denisnadey/apps/flutter_full_svg_support/test/golden_comparison/golden_comparison_test.dart: Golden Comparison Tests Golden: svg_currentcolor matches browser render         30:11 +3438 ~2 -4: /Users/denisnadey/apps/flutter_full_svg_support/test/golden_comparison/golden_comparison_test.dart: Golden Comparison Tests Golden: svg_currentcolor matches browser render         30:12 +3438 ~2 -4: /Users/denisnadey/apps/flutter_full_svg_support/test/golden_comparison/golden_comparison_test.dart: Golden Comparison Tests Golden: svg_currentcolor matches browser render         30:13 +3438 ~2 -4: /Users/denisnadey/apps/flutter_full_svg_support/test/golden_comparison/golden_comparison_test.dart: Golden Comparison Tests Golden: svg_currentcolor matches browser render         30:14 +3438 ~2 -4: /Users/denisnadey/apps/flutter_full_svg_support/test/golden_comparison/golden_comparison_test.dart: Golden Comparison Tests Golden: svg_currentcolor matches browser render         30:15 +3438 ~2 -4: /Users/denisnadey/apps/flutter_full_svg_support/test/golden_comparison/golden_comparison_test.dart: Golden Comparison Tests Golden: svg_currentcolor matches browser render         30:16 +3438 ~2 -4: /Users/denisnadey/apps/flutter_full_svg_support/test/golden_comparison/golden_comparison_test.dart: Golden Comparison Tests Golden: svg_currentcolor matches browser render         30:17 +3438 ~2 -4: /Users/denisnadey/apps/flutter_full_svg_support/test/golden_comparison/golden_comparison_test.dart: Golden Comparison Tests Golden: svg_currentcolor matches browser render         30:18 +3438 ~2 -4: /Users/denisnadey/apps/flutter_full_svg_support/test/golden_comparison/golden_comparison_test.dart: Golden Comparison Tests Golden: svg_currentcolor matches browser render         30:19 +3438 ~2 -4: /Users/denisnadey/apps/flutter_full_svg_support/test/golden_comparison/golden_comparison_test.dart: Golden Comparison Tests Golden: svg_currentcolor matches browser render         30:20 +3438 ~2 -4: /Users/denisnadey/apps/flutter_full_svg_support/test/golden_comparison/golden_comparison_test.dart: Golden Comparison Tests Golden: svg_currentcolor matches browser render         30:21 +3438 ~2 -4: /Users/denisnadey/apps/flutter_full_svg_support/test/golden_comparison/golden_comparison_test.dart: Golden Comparison Tests Golden: svg_currentcolor matches browser render         30:22 +3438 ~2 -4: /Users/denisnadey/apps/flutter_full_svg_support/test/golden_comparison/golden_comparison_test.dart: Golden Comparison Tests Golden: svg_currentcolor matches browser render         30:23 +3438 ~2 -4: /Users/denisnadey/apps/flutter_full_svg_support/test/golden_comparison/golden_comparison_test.dart: Golden Comparison Tests Golden: svg_currentcolor matches browser render         30:24 +3438 ~2 -4: /Users/denisnadey/apps/flutter_full_svg_support/test/golden_comparison/golden_comparison_test.dart: Golden Comparison Tests Golden: svg_currentcolor matches browser render         30:25 +3438 ~2 -4: /Users/denisnadey/apps/flutter_full_svg_support/test/golden_comparison/golden_comparison_test.dart: Golden Comparison Tests Golden: svg_currentcolor matches browser render         30:26 +3438 ~2 -4: /Users/denisnadey/apps/flutter_full_svg_support/test/golden_comparison/golden_comparison_test.dart: Golden Comparison Tests Golden: svg_currentcolor matches browser render         30:27 +3438 ~2 -4: /Users/denisnadey/apps/flutter_full_svg_support/test/golden_comparison/golden_comparison_test.dart: Golden Comparison Tests Golden: svg_currentcolor matches browser render         30:28 +3438 ~2 -4: /Users/denisnadey/apps/flutter_full_svg_support/test/golden_comparison/golden_comparison_test.dart: Golden Comparison Tests Golden: svg_currentcolor matches browser render         30:29 +3438 ~2 -4: /Users/denisnadey/apps/flutter_full_svg_support/test/golden_comparison/golden_comparison_test.dart: Golden Comparison Tests Golden: svg_currentcolor matches browser render         30:30 +3438 ~2 -4: /Users/denisnadey/apps/flutter_full_svg_support/test/golden_comparison/golden_comparison_test.dart: Golden Comparison Tests Golden: svg_currentcolor matches browser render         30:31 +3438 ~2 -4: /Users/denisnadey/apps/flutter_full_svg_support/test/golden_comparison/golden_comparison_test.dart: Golden Comparison Tests Golden: svg_currentcolor matches browser render         30:32 +3438 ~2 -4: /Users/denisnadey/apps/flutter_full_svg_support/test/golden_comparison/golden_comparison_test.dart: Golden Comparison Tests Golden: svg_currentcolor matches browser render         30:33 +3438 ~2 -4: /Users/denisnadey/apps/flutter_full_svg_support/test/golden_comparison/golden_comparison_test.dart: Golden Comparison Tests Golden: svg_currentcolor matches browser render         30:34 +3438 ~2 -4: /Users/denisnadey/apps/flutter_full_svg_support/test/golden_comparison/golden_comparison_test.dart: Golden Comparison Tests Golden: svg_currentcolor matches browser render         30:35 +3438 ~2 -4: /Users/denisnadey/apps/flutter_full_svg_support/test/golden_comparison/golden_comparison_test.dart: Golden Comparison Tests Golden: svg_currentcolor matches browser render         30:36 +3438 ~2 -4: /Users/denisnadey/apps/flutter_full_svg_support/test/golden_comparison/golden_comparison_test.dart: Golden Comparison Tests Golden: svg_currentcolor matches browser render         30:37 +3438 ~2 -4: /Users/denisnadey/apps/flutter_full_svg_support/test/golden_comparison/golden_comparison_test.dart: Golden Comparison Tests Golden: svg_currentcolor matches browser render         30:38 +3438 ~2 -4: /Users/denisnadey/apps/flutter_full_svg_support/test/golden_comparison/golden_comparison_test.dart: Golden Comparison Tests Golden: svg_currentcolor matches browser render         30:39 +3438 ~2 -4: /Users/denisnadey/apps/flutter_full_svg_support/test/golden_comparison/golden_comparison_test.dart: Golden Comparison Tests Golden: svg_currentcolor matches browser render         30:40 +3438 ~2 -4: /Users/denisnadey/apps/flutter_full_svg_support/test/golden_comparison/golden_comparison_test.dart: Golden Comparison Tests Golden: svg_currentcolor matches browser render         30:41 +3438 ~2 -4: /Users/denisnadey/apps/flutter_full_svg_support/test/golden_comparison/golden_comparison_test.dart: Golden Comparison Tests Golden: svg_currentcolor matches browser render         30:42 +3438 ~2 -4: /Users/denisnadey/apps/flutter_full_svg_support/test/golden_comparison/golden_comparison_test.dart: Golden Comparison Tests Golden: svg_currentcolor matches browser render         30:43 +3438 ~2 -4: /Users/denisnadey/apps/flutter_full_svg_support/test/golden_comparison/golden_comparison_test.dart: Golden Comparison Tests Golden: svg_currentcolor matches browser render         30:44 +3438 ~2 -4: /Users/denisnadey/apps/flutter_full_svg_support/test/golden_comparison/golden_comparison_test.dart: Golden Comparison Tests Golden: svg_currentcolor matches browser render         30:45 +3438 ~2 -4: /Users/denisnadey/apps/flutter_full_svg_support/test/golden_comparison/golden_comparison_test.dart: Golden Comparison Tests Golden: svg_currentcolor matches browser render         30:46 +3438 ~2 -4: /Users/denisnadey/apps/flutter_full_svg_support/test/golden_comparison/golden_comparison_test.dart: Golden Comparison Tests Golden: svg_currentcolor matches browser render         30:47 +3438 ~2 -4: /Users/denisnadey/apps/flutter_full_svg_support/test/golden_comparison/golden_comparison_test.dart: Golden Comparison Tests Golden: svg_currentcolor matches browser render         30:48 +3438 ~2 -4: /Users/denisnadey/apps/flutter_full_svg_support/test/golden_comparison/golden_comparison_test.dart: Golden Comparison Tests Golden: svg_currentcolor matches browser render         30:49 +3438 ~2 -4: /Users/denisnadey/apps/flutter_full_svg_support/test/golden_comparison/golden_comparison_test.dart: Golden Comparison Tests Golden: svg_currentcolor matches browser render         30:50 +3438 ~2 -4: /Users/denisnadey/apps/flutter_full_svg_support/test/golden_comparison/golden_comparison_test.dart: Golden Comparison Tests Golden: svg_currentcolor matches browser render         30:51 +3438 ~2 -4: /Users/denisnadey/apps/flutter_full_svg_support/test/golden_comparison/golden_comparison_test.dart: Golden Comparison Tests Golden: svg_currentcolor matches browser render         30:52 +3438 ~2 -4: /Users/denisnadey/apps/flutter_full_svg_support/test/golden_comparison/golden_comparison_test.dart: Golden Comparison Tests Golden: svg_currentcolor matches browser render         30:53 +3438 ~2 -4: /Users/denisnadey/apps/flutter_full_svg_support/test/golden_comparison/golden_comparison_test.dart: Golden Comparison Tests Golden: svg_currentcolor matches browser render         30:54 +3438 ~2 -4: /Users/denisnadey/apps/flutter_full_svg_support/test/golden_comparison/golden_comparison_test.dart: Golden Comparison Tests Golden: svg_currentcolor matches browser render         30:55 +3438 ~2 -4: /Users/denisnadey/apps/flutter_full_svg_support/test/golden_comparison/golden_comparison_test.dart: Golden Comparison Tests Golden: svg_currentcolor matches browser render         30:56 +3438 ~2 -4: /Users/denisnadey/apps/flutter_full_svg_support/test/golden_comparison/golden_comparison_test.dart: Golden Comparison Tests Golden: svg_currentcolor matches browser render         30:57 +3438 ~2 -4: /Users/denisnadey/apps/flutter_full_svg_support/test/golden_comparison/golden_comparison_test.dart: Golden Comparison Tests Golden: svg_currentcolor matches browser render         30:58 +3438 ~2 -4: /Users/denisnadey/apps/flutter_full_svg_support/test/golden_comparison/golden_comparison_test.dart: Golden Comparison Tests Golden: svg_currentcolor matches browser render         30:59 +3438 ~2 -4: /Users/denisnadey/apps/flutter_full_svg_support/test/golden_comparison/golden_comparison_test.dart: Golden Comparison Tests Golden: svg_currentcolor matches browser render         31:00 +3438 ~2 -4: /Users/denisnadey/apps/flutter_full_svg_support/test/golden_comparison/golden_comparison_test.dart: Golden Comparison Tests Golden: svg_currentcolor matches browser render         31:01 +3438 ~2 -4: /Users/denisnadey/apps/flutter_full_svg_support/test/golden_comparison/golden_comparison_test.dart: Golden Comparison Tests Golden: svg_currentcolor matches browser render         31:02 +3438 ~2 -4: /Users/denisnadey/apps/flutter_full_svg_support/test/golden_comparison/golden_comparison_test.dart: Golden Comparison Tests Golden: svg_currentcolor matches browser render         31:03 +3438 ~2 -4: /Users/denisnadey/apps/flutter_full_svg_support/test/golden_comparison/golden_comparison_test.dart: Golden Comparison Tests Golden: svg_currentcolor matches browser render         31:04 +3438 ~2 -4: /Users/denisnadey/apps/flutter_full_svg_support/test/golden_comparison/golden_comparison_test.dart: Golden Comparison Tests Golden: svg_currentcolor matches browser render         31:05 +3438 ~2 -4: /Users/denisnadey/apps/flutter_full_svg_support/test/golden_comparison/golden_comparison_test.dart: Golden Comparison Tests Golden: svg_currentcolor matches browser render         31:06 +3438 ~2 -4: /Users/denisnadey/apps/flutter_full_svg_support/test/golden_comparison/golden_comparison_test.dart: Golden Comparison Tests Golden: svg_currentcolor matches browser render         31:07 +3438 ~2 -4: /Users/denisnadey/apps/flutter_full_svg_support/test/golden_comparison/golden_comparison_test.dart: Golden Comparison Tests Golden: svg_currentcolor matches browser render         31:08 +3438 ~2 -4: /Users/denisnadey/apps/flutter_full_svg_support/test/golden_comparison/golden_comparison_test.dart: Golden Comparison Tests Golden: svg_currentcolor matches browser render         31:09 +3438 ~2 -4: /Users/denisnadey/apps/flutter_full_svg_support/test/golden_comparison/golden_comparison_test.dart: Golden Comparison Tests Golden: svg_currentcolor matches browser render         31:10 +3438 ~2 -4: /Users/denisnadey/apps/flutter_full_svg_support/test/golden_comparison/golden_comparison_test.dart: Golden Comparison Tests Golden: svg_currentcolor matches browser render         31:11 +3438 ~2 -4: /Users/denisnadey/apps/flutter_full_svg_support/test/golden_comparison/golden_comparison_test.dart: Golden Comparison Tests Golden: svg_currentcolor matches browser render         31:12 +3438 ~2 -4: /Users/denisnadey/apps/flutter_full_svg_support/test/golden_comparison/golden_comparison_test.dart: Golden Comparison Tests Golden: svg_currentcolor matches browser render         31:13 +3438 ~2 -4: /Users/denisnadey/apps/flutter_full_svg_support/test/golden_comparison/golden_comparison_test.dart: Golden Comparison Tests Golden: svg_currentcolor matches browser render         31:14 +3438 ~2 -4: /Users/denisnadey/apps/flutter_full_svg_support/test/golden_comparison/golden_comparison_test.dart: Golden Comparison Tests Golden: svg_currentcolor matches browser render         31:15 +3438 ~2 -4: /Users/denisnadey/apps/flutter_full_svg_support/test/golden_comparison/golden_comparison_test.dart: Golden Comparison Tests Golden: svg_currentcolor matches browser render         31:16 +3438 ~2 -4: /Users/denisnadey/apps/flutter_full_svg_support/test/golden_comparison/golden_comparison_test.dart: Golden Comparison Tests Golden: svg_currentcolor matches browser render         31:17 +3438 ~2 -4: /Users/denisnadey/apps/flutter_full_svg_support/test/golden_comparison/golden_comparison_test.dart: Golden Comparison Tests Golden: svg_currentcolor matches browser render         31:18 +3438 ~2 -4: /Users/denisnadey/apps/flutter_full_svg_support/test/golden_comparison/golden_comparison_test.dart: Golden Comparison Tests Golden: svg_currentcolor matches browser render         31:19 +3438 ~2 -4: /Users/denisnadey/apps/flutter_full_svg_support/test/golden_comparison/golden_comparison_test.dart: Golden Comparison Tests Golden: svg_currentcolor matches browser render         31:20 +3438 ~2 -4: /Users/denisnadey/apps/flutter_full_svg_support/test/golden_comparison/golden_comparison_test.dart: Golden Comparison Tests Golden: svg_currentcolor matches browser render         31:21 +3438 ~2 -4: /Users/denisnadey/apps/flutter_full_svg_support/test/golden_comparison/golden_comparison_test.dart: Golden Comparison Tests Golden: svg_currentcolor matches browser render         31:22 +3438 ~2 -4: /Users/denisnadey/apps/flutter_full_svg_support/test/golden_comparison/golden_comparison_test.dart: Golden Comparison Tests Golden: svg_currentcolor matches browser render         31:23 +3438 ~2 -4: /Users/denisnadey/apps/flutter_full_svg_support/test/golden_comparison/golden_comparison_test.dart: Golden Comparison Tests Golden: svg_currentcolor matches browser render         31:24 +3438 ~2 -4: /Users/denisnadey/apps/flutter_full_svg_support/test/golden_comparison/golden_comparison_test.dart: Golden Comparison Tests Golden: svg_currentcolor matches browser render         31:25 +3438 ~2 -4: /Users/denisnadey/apps/flutter_full_svg_support/test/golden_comparison/golden_comparison_test.dart: Golden Comparison Tests Golden: svg_currentcolor matches browser render         31:26 +3438 ~2 -4: /Users/denisnadey/apps/flutter_full_svg_support/test/golden_comparison/golden_comparison_test.dart: Golden Comparison Tests Golden: svg_currentcolor matches browser render         31:27 +3438 ~2 -4: /Users/denisnadey/apps/flutter_full_svg_support/test/golden_comparison/golden_comparison_test.dart: Golden Comparison Tests Golden: svg_currentcolor matches browser render         31:28 +3438 ~2 -4: /Users/denisnadey/apps/flutter_full_svg_support/test/golden_comparison/golden_comparison_test.dart: Golden Comparison Tests Golden: svg_currentcolor matches browser render         31:29 +3438 ~2 -4: /Users/denisnadey/apps/flutter_full_svg_support/test/golden_comparison/golden_comparison_test.dart: Golden Comparison Tests Golden: svg_currentcolor matches browser render         31:30 +3438 ~2 -4: /Users/denisnadey/apps/flutter_full_svg_support/test/golden_comparison/golden_comparison_test.dart: Golden Comparison Tests Golden: svg_currentcolor matches browser render         31:31 +3438 ~2 -4: /Users/denisnadey/apps/flutter_full_svg_support/test/golden_comparison/golden_comparison_test.dart: Golden Comparison Tests Golden: svg_currentcolor matches browser render         31:32 +3438 ~2 -4: /Users/denisnadey/apps/flutter_full_svg_support/test/golden_comparison/golden_comparison_test.dart: Golden Comparison Tests Golden: svg_currentcolor matches browser render         31:33 +3438 ~2 -4: /Users/denisnadey/apps/flutter_full_svg_support/test/golden_comparison/golden_comparison_test.dart: Golden Comparison Tests Golden: svg_currentcolor matches browser render         31:34 +3438 ~2 -4: /Users/denisnadey/apps/flutter_full_svg_support/test/golden_comparison/golden_comparison_test.dart: Golden Comparison Tests Golden: svg_currentcolor matches browser render         31:35 +3438 ~2 -4: /Users/denisnadey/apps/flutter_full_svg_support/test/golden_comparison/golden_comparison_test.dart: Golden Comparison Tests Golden: svg_currentcolor matches browser render         31:36 +3438 ~2 -4: /Users/denisnadey/apps/flutter_full_svg_support/test/golden_comparison/golden_comparison_test.dart: Golden Comparison Tests Golden: svg_currentcolor matches browser render         31:37 +3438 ~2 -4: /Users/denisnadey/apps/flutter_full_svg_support/test/golden_comparison/golden_comparison_test.dart: Golden Comparison Tests Golden: svg_currentcolor matches browser render         31:38 +3438 ~2 -4: /Users/denisnadey/apps/flutter_full_svg_support/test/golden_comparison/golden_comparison_test.dart: Golden Comparison Tests Golden: svg_currentcolor matches browser render         31:39 +3438 ~2 -4: /Users/denisnadey/apps/flutter_full_svg_support/test/golden_comparison/golden_comparison_test.dart: Golden Comparison Tests Golden: svg_currentcolor matches browser render         31:40 +3438 ~2 -4: /Users/denisnadey/apps/flutter_full_svg_support/test/golden_comparison/golden_comparison_test.dart: Golden Comparison Tests Golden: svg_currentcolor matches browser render         31:41 +3438 ~2 -4: /Users/denisnadey/apps/flutter_full_svg_support/test/golden_comparison/golden_comparison_test.dart: Golden Comparison Tests Golden: svg_currentcolor matches browser render         31:42 +3438 ~2 -4: /Users/denisnadey/apps/flutter_full_svg_support/test/golden_comparison/golden_comparison_test.dart: Golden Comparison Tests Golden: svg_currentcolor matches browser render         31:43 +3438 ~2 -4: /Users/denisnadey/apps/flutter_full_svg_support/test/golden_comparison/golden_comparison_test.dart: Golden Comparison Tests Golden: svg_currentcolor matches browser render         31:44 +3438 ~2 -4: /Users/denisnadey/apps/flutter_full_svg_support/test/golden_comparison/golden_comparison_test.dart: Golden Comparison Tests Golden: svg_currentcolor matches browser render         31:45 +3438 ~2 -4: /Users/denisnadey/apps/flutter_full_svg_support/test/golden_comparison/golden_comparison_test.dart: Golden Comparison Tests Golden: svg_currentcolor matches browser render         31:46 +3438 ~2 -4: /Users/denisnadey/apps/flutter_full_svg_support/test/golden_comparison/golden_comparison_test.dart: Golden Comparison Tests Golden: svg_currentcolor matches browser render         31:47 +3438 ~2 -4: /Users/denisnadey/apps/flutter_full_svg_support/test/golden_comparison/golden_comparison_test.dart: Golden Comparison Tests Golden: svg_currentcolor matches browser render         31:48 +3438 ~2 -4: /Users/denisnadey/apps/flutter_full_svg_support/test/golden_comparison/golden_comparison_test.dart: Golden Comparison Tests Golden: svg_currentcolor matches browser render         31:49 +3438 ~2 -4: /Users/denisnadey/apps/flutter_full_svg_support/test/golden_comparison/golden_comparison_test.dart: Golden Comparison Tests Golden: svg_currentcolor matches browser render         31:50 +3438 ~2 -4: /Users/denisnadey/apps/flutter_full_svg_support/test/golden_comparison/golden_comparison_test.dart: Golden Comparison Tests Golden: svg_currentcolor matches browser render         31:51 +3438 ~2 -4: /Users/denisnadey/apps/flutter_full_svg_support/test/golden_comparison/golden_comparison_test.dart: Golden Comparison Tests Golden: svg_currentcolor matches browser render         31:52 +3438 ~2 -4: /Users/denisnadey/apps/flutter_full_svg_support/test/golden_comparison/golden_comparison_test.dart: Golden Comparison Tests Golden: svg_currentcolor matches browser render         31:53 +3438 ~2 -4: /Users/denisnadey/apps/flutter_full_svg_support/test/golden_comparison/golden_comparison_test.dart: Golden Comparison Tests Golden: svg_currentcolor matches browser render         31:54 +3438 ~2 -4: /Users/denisnadey/apps/flutter_full_svg_support/test/golden_comparison/golden_comparison_test.dart: Golden Comparison Tests Golden: svg_currentcolor matches browser render         31:55 +3438 ~2 -4: /Users/denisnadey/apps/flutter_full_svg_support/test/golden_comparison/golden_comparison_test.dart: Golden Comparison Tests Golden: svg_currentcolor matches browser render         31:56 +3438 ~2 -4: /Users/denisnadey/apps/flutter_full_svg_support/test/golden_comparison/golden_comparison_test.dart: Golden Comparison Tests Golden: svg_currentcolor matches browser render         31:57 +3438 ~2 -4: /Users/denisnadey/apps/flutter_full_svg_support/test/golden_comparison/golden_comparison_test.dart: Golden Comparison Tests Golden: svg_currentcolor matches browser render         31:58 +3438 ~2 -4: /Users/denisnadey/apps/flutter_full_svg_support/test/golden_comparison/golden_comparison_test.dart: Golden Comparison Tests Golden: svg_currentcolor matches browser render         31:59 +3438 ~2 -4: /Users/denisnadey/apps/flutter_full_svg_support/test/golden_comparison/golden_comparison_test.dart: Golden Comparison Tests Golden: svg_currentcolor matches browser render         32:00 +3438 ~2 -4: /Users/denisnadey/apps/flutter_full_svg_support/test/golden_comparison/golden_comparison_test.dart: Golden Comparison Tests Golden: svg_currentcolor matches browser render         32:01 +3438 ~2 -4: /Users/denisnadey/apps/flutter_full_svg_support/test/golden_comparison/golden_comparison_test.dart: Golden Comparison Tests Golden: svg_currentcolor matches browser render         32:02 +3438 ~2 -4: /Users/denisnadey/apps/flutter_full_svg_support/test/golden_comparison/golden_comparison_test.dart: Golden Comparison Tests Golden: svg_currentcolor matches browser render         32:03 +3438 ~2 -4: /Users/denisnadey/apps/flutter_full_svg_support/test/golden_comparison/golden_comparison_test.dart: Golden Comparison Tests Golden: svg_currentcolor matches browser render         32:04 +3438 ~2 -4: /Users/denisnadey/apps/flutter_full_svg_support/test/golden_comparison/golden_comparison_test.dart: Golden Comparison Tests Golden: svg_currentcolor matches browser render         32:05 +3438 ~2 -4: /Users/denisnadey/apps/flutter_full_svg_support/test/golden_comparison/golden_comparison_test.dart: Golden Comparison Tests Golden: svg_currentcolor matches browser render         32:06 +3438 ~2 -4: /Users/denisnadey/apps/flutter_full_svg_support/test/golden_comparison/golden_comparison_test.dart: Golden Comparison Tests Golden: svg_currentcolor matches browser render         32:07 +3438 ~2 -4: /Users/denisnadey/apps/flutter_full_svg_support/test/golden_comparison/golden_comparison_test.dart: Golden Comparison Tests Golden: svg_currentcolor matches browser render         32:08 +3438 ~2 -4: /Users/denisnadey/apps/flutter_full_svg_support/test/golden_comparison/golden_comparison_test.dart: Golden Comparison Tests Golden: svg_currentcolor matches browser render         32:09 +3438 ~2 -4: /Users/denisnadey/apps/flutter_full_svg_support/test/golden_comparison/golden_comparison_test.dart: Golden Comparison Tests Golden: svg_currentcolor matches browser render         32:10 +3438 ~2 -4: /Users/denisnadey/apps/flutter_full_svg_support/test/golden_comparison/golden_comparison_test.dart: Golden Comparison Tests Golden: svg_currentcolor matches browser render         32:11 +3438 ~2 -4: /Users/denisnadey/apps/flutter_full_svg_support/test/golden_comparison/golden_comparison_test.dart: Golden Comparison Tests Golden: svg_currentcolor matches browser render         32:12 +3438 ~2 -4: /Users/denisnadey/apps/flutter_full_svg_support/test/golden_comparison/golden_comparison_test.dart: Golden Comparison Tests Golden: svg_currentcolor matches browser render         32:13 +3438 ~2 -4: /Users/denisnadey/apps/flutter_full_svg_support/test/golden_comparison/golden_comparison_test.dart: Golden Comparison Tests Golden: svg_currentcolor matches browser render         32:14 +3438 ~2 -4: /Users/denisnadey/apps/flutter_full_svg_support/test/golden_comparison/golden_comparison_test.dart: Golden Comparison Tests Golden: svg_currentcolor matches browser render         32:15 +3438 ~2 -4: /Users/denisnadey/apps/flutter_full_svg_support/test/golden_comparison/golden_comparison_test.dart: Golden Comparison Tests Golden: svg_currentcolor matches browser render         32:16 +3438 ~2 -4: /Users/denisnadey/apps/flutter_full_svg_support/test/golden_comparison/golden_comparison_test.dart: Golden Comparison Tests Golden: svg_currentcolor matches browser render         32:17 +3438 ~2 -4: /Users/denisnadey/apps/flutter_full_svg_support/test/golden_comparison/golden_comparison_test.dart: Golden Comparison Tests Golden: svg_currentcolor matches browser render         32:18 +3438 ~2 -4: /Users/denisnadey/apps/flutter_full_svg_support/test/golden_comparison/golden_comparison_test.dart: Golden Comparison Tests Golden: svg_currentcolor matches browser render         32:19 +3438 ~2 -4: /Users/denisnadey/apps/flutter_full_svg_support/test/golden_comparison/golden_comparison_test.dart: Golden Comparison Tests Golden: svg_currentcolor matches browser render         32:20 +3438 ~2 -4: /Users/denisnadey/apps/flutter_full_svg_support/test/golden_comparison/golden_comparison_test.dart: Golden Comparison Tests Golden: svg_currentcolor matches browser render         32:21 +3438 ~2 -4: /Users/denisnadey/apps/flutter_full_svg_support/test/golden_comparison/golden_comparison_test.dart: Golden Comparison Tests Golden: svg_currentcolor matches browser render         32:22 +3438 ~2 -4: /Users/denisnadey/apps/flutter_full_svg_support/test/golden_comparison/golden_comparison_test.dart: Golden Comparison Tests Golden: svg_currentcolor matches browser render         32:23 +3438 ~2 -4: /Users/denisnadey/apps/flutter_full_svg_support/test/golden_comparison/golden_comparison_test.dart: Golden Comparison Tests Golden: svg_currentcolor matches browser render         32:24 +3438 ~2 -4: /Users/denisnadey/apps/flutter_full_svg_support/test/golden_comparison/golden_comparison_test.dart: Golden Comparison Tests Golden: svg_currentcolor matches browser render         32:25 +3438 ~2 -4: /Users/denisnadey/apps/flutter_full_svg_support/test/golden_comparison/golden_comparison_test.dart: Golden Comparison Tests Golden: svg_currentcolor matches browser render         32:26 +3438 ~2 -4: /Users/denisnadey/apps/flutter_full_svg_support/test/golden_comparison/golden_comparison_test.dart: Golden Comparison Tests Golden: svg_currentcolor matches browser render         32:27 +3438 ~2 -4: /Users/denisnadey/apps/flutter_full_svg_support/test/golden_comparison/golden_comparison_test.dart: Golden Comparison Tests Golden: svg_currentcolor matches browser render         32:28 +3438 ~2 -4: /Users/denisnadey/apps/flutter_full_svg_support/test/golden_comparison/golden_comparison_test.dart: Golden Comparison Tests Golden: svg_currentcolor matches browser render         32:29 +3438 ~2 -4: /Users/denisnadey/apps/flutter_full_svg_support/test/golden_comparison/golden_comparison_test.dart: Golden Comparison Tests Golden: svg_currentcolor matches browser render         32:30 +3438 ~2 -4: /Users/denisnadey/apps/flutter_full_svg_support/test/golden_comparison/golden_comparison_test.dart: Golden Comparison Tests Golden: svg_currentcolor matches browser render         32:31 +3438 ~2 -4: /Users/denisnadey/apps/flutter_full_svg_support/test/golden_comparison/golden_comparison_test.dart: Golden Comparison Tests Golden: svg_currentcolor matches browser render         32:32 +3438 ~2 -4: /Users/denisnadey/apps/flutter_full_svg_support/test/golden_comparison/golden_comparison_test.dart: Golden Comparison Tests Golden: svg_currentcolor matches browser render         32:33 +3438 ~2 -4: /Users/denisnadey/apps/flutter_full_svg_support/test/golden_comparison/golden_comparison_test.dart: Golden Comparison Tests Golden: svg_currentcolor matches browser render         32:34 +3438 ~2 -4: /Users/denisnadey/apps/flutter_full_svg_support/test/golden_comparison/golden_comparison_test.dart: Golden Comparison Tests Golden: svg_currentcolor matches browser render         32:35 +3438 ~2 -4: /Users/denisnadey/apps/flutter_full_svg_support/test/golden_comparison/golden_comparison_test.dart: Golden Comparison Tests Golden: svg_currentcolor matches browser render         32:36 +3438 ~2 -4: /Users/denisnadey/apps/flutter_full_svg_support/test/golden_comparison/golden_comparison_test.dart: Golden Comparison Tests Golden: svg_currentcolor matches browser render         32:37 +3438 ~2 -4: /Users/denisnadey/apps/flutter_full_svg_support/test/golden_comparison/golden_comparison_test.dart: Golden Comparison Tests Golden: svg_currentcolor matches browser render         32:38 +3438 ~2 -4: /Users/denisnadey/apps/flutter_full_svg_support/test/golden_comparison/golden_comparison_test.dart: Golden Comparison Tests Golden: svg_currentcolor matches browser render         32:39 +3438 ~2 -4: /Users/denisnadey/apps/flutter_full_svg_support/test/golden_comparison/golden_comparison_test.dart: Golden Comparison Tests Golden: svg_currentcolor matches browser render         32:40 +3438 ~2 -4: /Users/denisnadey/apps/flutter_full_svg_support/test/golden_comparison/golden_comparison_test.dart: Golden Comparison Tests Golden: svg_currentcolor matches browser render         32:41 +3438 ~2 -4: /Users/denisnadey/apps/flutter_full_svg_support/test/golden_comparison/golden_comparison_test.dart: Golden Comparison Tests Golden: svg_currentcolor matches browser render         32:42 +3438 ~2 -4: /Users/denisnadey/apps/flutter_full_svg_support/test/golden_comparison/golden_comparison_test.dart: Golden Comparison Tests Golden: svg_currentcolor matches browser render         32:43 +3438 ~2 -4: /Users/denisnadey/apps/flutter_full_svg_support/test/golden_comparison/golden_comparison_test.dart: Golden Comparison Tests Golden: svg_currentcolor matches browser render         32:44 +3438 ~2 -4: /Users/denisnadey/apps/flutter_full_svg_support/test/golden_comparison/golden_comparison_test.dart: Golden Comparison Tests Golden: svg_currentcolor matches browser render         32:45 +3438 ~2 -4: /Users/denisnadey/apps/flutter_full_svg_support/test/golden_comparison/golden_comparison_test.dart: Golden Comparison Tests Golden: svg_currentcolor matches browser render         32:46 +3438 ~2 -4: /Users/denisnadey/apps/flutter_full_svg_support/test/golden_comparison/golden_comparison_test.dart: Golden Comparison Tests Golden: svg_currentcolor matches browser render         32:47 +3438 ~2 -4: /Users/denisnadey/apps/flutter_full_svg_support/test/golden_comparison/golden_comparison_test.dart: Golden Comparison Tests Golden: svg_currentcolor matches browser render         32:48 +3438 ~2 -4: /Users/denisnadey/apps/flutter_full_svg_support/test/golden_comparison/golden_comparison_test.dart: Golden Comparison Tests Golden: svg_currentcolor matches browser render         32:49 +3438 ~2 -4: /Users/denisnadey/apps/flutter_full_svg_support/test/golden_comparison/golden_comparison_test.dart: Golden Comparison Tests Golden: svg_currentcolor matches browser render         32:50 +3438 ~2 -4: /Users/denisnadey/apps/flutter_full_svg_support/test/golden_comparison/golden_comparison_test.dart: Golden Comparison Tests Golden: svg_currentcolor matches browser render         32:51 +3438 ~2 -4: /Users/denisnadey/apps/flutter_full_svg_support/test/golden_comparison/golden_comparison_test.dart: Golden Comparison Tests Golden: svg_currentcolor matches browser render         32:52 +3438 ~2 -4: /Users/denisnadey/apps/flutter_full_svg_support/test/golden_comparison/golden_comparison_test.dart: Golden Comparison Tests Golden: svg_currentcolor matches browser render         32:53 +3438 ~2 -4: /Users/denisnadey/apps/flutter_full_svg_support/test/golden_comparison/golden_comparison_test.dart: Golden Comparison Tests Golden: svg_currentcolor matches browser render         32:54 +3438 ~2 -4: /Users/denisnadey/apps/flutter_full_svg_support/test/golden_comparison/golden_comparison_test.dart: Golden Comparison Tests Golden: svg_currentcolor matches browser render         32:55 +3438 ~2 -4: /Users/denisnadey/apps/flutter_full_svg_support/test/golden_comparison/golden_comparison_test.dart: Golden Comparison Tests Golden: svg_currentcolor matches browser render         32:56 +3438 ~2 -4: /Users/denisnadey/apps/flutter_full_svg_support/test/golden_comparison/golden_comparison_test.dart: Golden Comparison Tests Golden: svg_currentcolor matches browser render         32:57 +3438 ~2 -4: /Users/denisnadey/apps/flutter_full_svg_support/test/golden_comparison/golden_comparison_test.dart: Golden Comparison Tests Golden: svg_currentcolor matches browser render         32:58 +3438 ~2 -4: /Users/denisnadey/apps/flutter_full_svg_support/test/golden_comparison/golden_comparison_test.dart: Golden Comparison Tests Golden: svg_currentcolor matches browser render         32:59 +3438 ~2 -4: /Users/denisnadey/apps/flutter_full_svg_support/test/golden_comparison/golden_comparison_test.dart: Golden Comparison Tests Golden: svg_currentcolor matches browser render         33:00 +3438 ~2 -4: /Users/denisnadey/apps/flutter_full_svg_support/test/golden_comparison/golden_comparison_test.dart: Golden Comparison Tests Golden: svg_currentcolor matches browser render         33:01 +3438 ~2 -4: /Users/denisnadey/apps/flutter_full_svg_support/test/golden_comparison/golden_comparison_test.dart: Golden Comparison Tests Golden: svg_currentcolor matches browser render         33:02 +3438 ~2 -4: /Users/denisnadey/apps/flutter_full_svg_support/test/golden_comparison/golden_comparison_test.dart: Golden Comparison Tests Golden: svg_currentcolor matches browser render         33:03 +3438 ~2 -4: /Users/denisnadey/apps/flutter_full_svg_support/test/golden_comparison/golden_comparison_test.dart: Golden Comparison Tests Golden: svg_currentcolor matches browser render         33:04 +3438 ~2 -4: /Users/denisnadey/apps/flutter_full_svg_support/test/golden_comparison/golden_comparison_test.dart: Golden Comparison Tests Golden: svg_currentcolor matches browser render         33:05 +3438 ~2 -4: /Users/denisnadey/apps/flutter_full_svg_support/test/golden_comparison/golden_comparison_test.dart: Golden Comparison Tests Golden: svg_currentcolor matches browser render         33:06 +3438 ~2 -4: /Users/denisnadey/apps/flutter_full_svg_support/test/golden_comparison/golden_comparison_test.dart: Golden Comparison Tests Golden: svg_currentcolor matches browser render         33:07 +3438 ~2 -4: /Users/denisnadey/apps/flutter_full_svg_support/test/golden_comparison/golden_comparison_test.dart: Golden Comparison Tests Golden: svg_currentcolor matches browser render         33:08 +3438 ~2 -4: /Users/denisnadey/apps/flutter_full_svg_support/test/golden_comparison/golden_comparison_test.dart: Golden Comparison Tests Golden: svg_currentcolor matches browser render         33:09 +3438 ~2 -4: /Users/denisnadey/apps/flutter_full_svg_support/test/golden_comparison/golden_comparison_test.dart: Golden Comparison Tests Golden: svg_currentcolor matches browser render         33:10 +3438 ~2 -4: /Users/denisnadey/apps/flutter_full_svg_support/test/golden_comparison/golden_comparison_test.dart: Golden Comparison Tests Golden: svg_currentcolor matches browser render         33:11 +3438 ~2 -4: /Users/denisnadey/apps/flutter_full_svg_support/test/golden_comparison/golden_comparison_test.dart: Golden Comparison Tests Golden: svg_currentcolor matches browser render         33:12 +3438 ~2 -4: /Users/denisnadey/apps/flutter_full_svg_support/test/golden_comparison/golden_comparison_test.dart: Golden Comparison Tests Golden: svg_currentcolor matches browser render         33:13 +3438 ~2 -4: /Users/denisnadey/apps/flutter_full_svg_support/test/golden_comparison/golden_comparison_test.dart: Golden Comparison Tests Golden: svg_currentcolor matches browser render         33:14 +3438 ~2 -4: /Users/denisnadey/apps/flutter_full_svg_support/test/golden_comparison/golden_comparison_test.dart: Golden Comparison Tests Golden: svg_currentcolor matches browser render         33:15 +3438 ~2 -4: /Users/denisnadey/apps/flutter_full_svg_support/test/golden_comparison/golden_comparison_test.dart: Golden Comparison Tests Golden: svg_currentcolor matches browser render         33:16 +3438 ~2 -4: /Users/denisnadey/apps/flutter_full_svg_support/test/golden_comparison/golden_comparison_test.dart: Golden Comparison Tests Golden: svg_currentcolor matches browser render         33:17 +3438 ~2 -4: /Users/denisnadey/apps/flutter_full_svg_support/test/golden_comparison/golden_comparison_test.dart: Golden Comparison Tests Golden: svg_currentcolor matches browser render         33:18 +3438 ~2 -4: /Users/denisnadey/apps/flutter_full_svg_support/test/golden_comparison/golden_comparison_test.dart: Golden Comparison Tests Golden: svg_currentcolor matches browser render         33:19 +3438 ~2 -4: /Users/denisnadey/apps/flutter_full_svg_support/test/golden_comparison/golden_comparison_test.dart: Golden Comparison Tests Golden: svg_currentcolor matches browser render         33:20 +3438 ~2 -4: /Users/denisnadey/apps/flutter_full_svg_support/test/golden_comparison/golden_comparison_test.dart: Golden Comparison Tests Golden: svg_currentcolor matches browser render         33:21 +3438 ~2 -4: /Users/denisnadey/apps/flutter_full_svg_support/test/golden_comparison/golden_comparison_test.dart: Golden Comparison Tests Golden: svg_currentcolor matches browser render         33:22 +3438 ~2 -4: /Users/denisnadey/apps/flutter_full_svg_support/test/golden_comparison/golden_comparison_test.dart: Golden Comparison Tests Golden: svg_currentcolor matches browser render         33:23 +3438 ~2 -4: /Users/denisnadey/apps/flutter_full_svg_support/test/golden_comparison/golden_comparison_test.dart: Golden Comparison Tests Golden: svg_currentcolor matches browser render         33:24 +3438 ~2 -4: /Users/denisnadey/apps/flutter_full_svg_support/test/golden_comparison/golden_comparison_test.dart: Golden Comparison Tests Golden: svg_currentcolor matches browser render         33:25 +3438 ~2 -4: /Users/denisnadey/apps/flutter_full_svg_support/test/golden_comparison/golden_comparison_test.dart: Golden Comparison Tests Golden: svg_currentcolor matches browser render         33:26 +3438 ~2 -4: /Users/denisnadey/apps/flutter_full_svg_support/test/golden_comparison/golden_comparison_test.dart: Golden Comparison Tests Golden: svg_currentcolor matches browser render         33:27 +3438 ~2 -4: /Users/denisnadey/apps/flutter_full_svg_support/test/golden_comparison/golden_comparison_test.dart: Golden Comparison Tests Golden: svg_currentcolor matches browser render         33:28 +3438 ~2 -4: /Users/denisnadey/apps/flutter_full_svg_support/test/golden_comparison/golden_comparison_test.dart: Golden Comparison Tests Golden: svg_currentcolor matches browser render         33:29 +3438 ~2 -4: /Users/denisnadey/apps/flutter_full_svg_support/test/golden_comparison/golden_comparison_test.dart: Golden Comparison Tests Golden: svg_currentcolor matches browser render         33:30 +3438 ~2 -4: /Users/denisnadey/apps/flutter_full_svg_support/test/golden_comparison/golden_comparison_test.dart: Golden Comparison Tests Golden: svg_currentcolor matches browser render         33:31 +3438 ~2 -4: /Users/denisnadey/apps/flutter_full_svg_support/test/golden_comparison/golden_comparison_test.dart: Golden Comparison Tests Golden: svg_currentcolor matches browser render         33:32 +3438 ~2 -4: /Users/denisnadey/apps/flutter_full_svg_support/test/golden_comparison/golden_comparison_test.dart: Golden Comparison Tests Golden: svg_currentcolor matches browser render         33:33 +3438 ~2 -4: /Users/denisnadey/apps/flutter_full_svg_support/test/golden_comparison/golden_comparison_test.dart: Golden Comparison Tests Golden: svg_currentcolor matches browser render         33:34 +3438 ~2 -4: /Users/denisnadey/apps/flutter_full_svg_support/test/golden_comparison/golden_comparison_test.dart: Golden Comparison Tests Golden: svg_currentcolor matches browser render         33:35 +3438 ~2 -4: /Users/denisnadey/apps/flutter_full_svg_support/test/golden_comparison/golden_comparison_test.dart: Golden Comparison Tests Golden: svg_currentcolor matches browser render         33:36 +3438 ~2 -4: /Users/denisnadey/apps/flutter_full_svg_support/test/golden_comparison/golden_comparison_test.dart: Golden Comparison Tests Golden: svg_currentcolor matches browser render         33:37 +3438 ~2 -4: /Users/denisnadey/apps/flutter_full_svg_support/test/golden_comparison/golden_comparison_test.dart: Golden Comparison Tests Golden: svg_currentcolor matches browser render         33:38 +3438 ~2 -4: /Users/denisnadey/apps/flutter_full_svg_support/test/golden_comparison/golden_comparison_test.dart: Golden Comparison Tests Golden: svg_currentcolor matches browser render         33:39 +3438 ~2 -4: /Users/denisnadey/apps/flutter_full_svg_support/test/golden_comparison/golden_comparison_test.dart: Golden Comparison Tests Golden: svg_currentcolor matches browser render         33:40 +3438 ~2 -4: /Users/denisnadey/apps/flutter_full_svg_support/test/golden_comparison/golden_comparison_test.dart: Golden Comparison Tests Golden: svg_currentcolor matches browser render         33:41 +3438 ~2 -4: /Users/denisnadey/apps/flutter_full_svg_support/test/golden_comparison/golden_comparison_test.dart: Golden Comparison Tests Golden: svg_currentcolor matches browser render         33:42 +3438 ~2 -4: /Users/denisnadey/apps/flutter_full_svg_support/test/golden_comparison/golden_comparison_test.dart: Golden Comparison Tests Golden: svg_currentcolor matches browser render         33:43 +3438 ~2 -4: /Users/denisnadey/apps/flutter_full_svg_support/test/golden_comparison/golden_comparison_test.dart: Golden Comparison Tests Golden: svg_currentcolor matches browser render         33:44 +3438 ~2 -4: /Users/denisnadey/apps/flutter_full_svg_support/test/golden_comparison/golden_comparison_test.dart: Golden Comparison Tests Golden: svg_currentcolor matches browser render         33:45 +3438 ~2 -4: /Users/denisnadey/apps/flutter_full_svg_support/test/golden_comparison/golden_comparison_test.dart: Golden Comparison Tests Golden: svg_currentcolor matches browser render         33:46 +3438 ~2 -4: /Users/denisnadey/apps/flutter_full_svg_support/test/golden_comparison/golden_comparison_test.dart: Golden Comparison Tests Golden: svg_currentcolor matches browser render         33:47 +3438 ~2 -4: /Users/denisnadey/apps/flutter_full_svg_support/test/golden_comparison/golden_comparison_test.dart: Golden Comparison Tests Golden: svg_currentcolor matches browser render         33:48 +3438 ~2 -4: /Users/denisnadey/apps/flutter_full_svg_support/test/golden_comparison/golden_comparison_test.dart: Golden Comparison Tests Golden: svg_currentcolor matches browser render         33:49 +3438 ~2 -4: /Users/denisnadey/apps/flutter_full_svg_support/test/golden_comparison/golden_comparison_test.dart: Golden Comparison Tests Golden: svg_currentcolor matches browser render         33:50 +3438 ~2 -4: /Users/denisnadey/apps/flutter_full_svg_support/test/golden_comparison/golden_comparison_test.dart: Golden Comparison Tests Golden: svg_currentcolor matches browser render         33:51 +3438 ~2 -4: /Users/denisnadey/apps/flutter_full_svg_support/test/golden_comparison/golden_comparison_test.dart: Golden Comparison Tests Golden: svg_currentcolor matches browser render         33:52 +3438 ~2 -4: /Users/denisnadey/apps/flutter_full_svg_support/test/golden_comparison/golden_comparison_test.dart: Golden Comparison Tests Golden: svg_currentcolor matches browser render         33:53 +3438 ~2 -4: /Users/denisnadey/apps/flutter_full_svg_support/test/golden_comparison/golden_comparison_test.dart: Golden Comparison Tests Golden: svg_currentcolor matches browser render         33:54 +3438 ~2 -4: /Users/denisnadey/apps/flutter_full_svg_support/test/golden_comparison/golden_comparison_test.dart: Golden Comparison Tests Golden: svg_currentcolor matches browser render         33:55 +3438 ~2 -4: /Users/denisnadey/apps/flutter_full_svg_support/test/golden_comparison/golden_comparison_test.dart: Golden Comparison Tests Golden: svg_currentcolor matches browser render         33:56 +3438 ~2 -4: /Users/denisnadey/apps/flutter_full_svg_support/test/golden_comparison/golden_comparison_test.dart: Golden Comparison Tests Golden: svg_currentcolor matches browser render         33:57 +3438 ~2 -4: /Users/denisnadey/apps/flutter_full_svg_support/test/golden_comparison/golden_comparison_test.dart: Golden Comparison Tests Golden: svg_currentcolor matches browser render         33:58 +3438 ~2 -4: /Users/denisnadey/apps/flutter_full_svg_support/test/golden_comparison/golden_comparison_test.dart: Golden Comparison Tests Golden: svg_currentcolor matches browser render         33:59 +3438 ~2 -4: /Users/denisnadey/apps/flutter_full_svg_support/test/golden_comparison/golden_comparison_test.dart: Golden Comparison Tests Golden: svg_currentcolor matches browser render         34:00 +3438 ~2 -4: /Users/denisnadey/apps/flutter_full_svg_support/test/golden_comparison/golden_comparison_test.dart: Golden Comparison Tests Golden: svg_currentcolor matches browser render         34:01 +3438 ~2 -4: /Users/denisnadey/apps/flutter_full_svg_support/test/golden_comparison/golden_comparison_test.dart: Golden Comparison Tests Golden: svg_currentcolor matches browser render         34:02 +3438 ~2 -4: /Users/denisnadey/apps/flutter_full_svg_support/test/golden_comparison/golden_comparison_test.dart: Golden Comparison Tests Golden: svg_currentcolor matches browser render         34:03 +3438 ~2 -4: /Users/denisnadey/apps/flutter_full_svg_support/test/golden_comparison/golden_comparison_test.dart: Golden Comparison Tests Golden: svg_currentcolor matches browser render         34:04 +3438 ~2 -4: /Users/denisnadey/apps/flutter_full_svg_support/test/golden_comparison/golden_comparison_test.dart: Golden Comparison Tests Golden: svg_currentcolor matches browser render         34:05 +3438 ~2 -4: /Users/denisnadey/apps/flutter_full_svg_support/test/golden_comparison/golden_comparison_test.dart: Golden Comparison Tests Golden: svg_currentcolor matches browser render         34:06 +3438 ~2 -4: /Users/denisnadey/apps/flutter_full_svg_support/test/golden_comparison/golden_comparison_test.dart: Golden Comparison Tests Golden: svg_currentcolor matches browser render         34:07 +3438 ~2 -4: /Users/denisnadey/apps/flutter_full_svg_support/test/golden_comparison/golden_comparison_test.dart: Golden Comparison Tests Golden: svg_currentcolor matches browser render         34:08 +3438 ~2 -4: /Users/denisnadey/apps/flutter_full_svg_support/test/golden_comparison/golden_comparison_test.dart: Golden Comparison Tests Golden: svg_currentcolor matches browser render         34:09 +3438 ~2 -4: /Users/denisnadey/apps/flutter_full_svg_support/test/golden_comparison/golden_comparison_test.dart: Golden Comparison Tests Golden: svg_currentcolor matches browser render         34:10 +3438 ~2 -4: /Users/denisnadey/apps/flutter_full_svg_support/test/golden_comparison/golden_comparison_test.dart: Golden Comparison Tests Golden: svg_currentcolor matches browser render         34:11 +3438 ~2 -4: /Users/denisnadey/apps/flutter_full_svg_support/test/golden_comparison/golden_comparison_test.dart: Golden Comparison Tests Golden: svg_currentcolor matches browser render         34:12 +3438 ~2 -4: /Users/denisnadey/apps/flutter_full_svg_support/test/golden_comparison/golden_comparison_test.dart: Golden Comparison Tests Golden: svg_currentcolor matches browser render         34:13 +3438 ~2 -4: /Users/denisnadey/apps/flutter_full_svg_support/test/golden_comparison/golden_comparison_test.dart: Golden Comparison Tests Golden: svg_currentcolor matches browser render         34:14 +3438 ~2 -4: /Users/denisnadey/apps/flutter_full_svg_support/test/golden_comparison/golden_comparison_test.dart: Golden Comparison Tests Golden: svg_currentcolor matches browser render         34:15 +3438 ~2 -4: /Users/denisnadey/apps/flutter_full_svg_support/test/golden_comparison/golden_comparison_test.dart: Golden Comparison Tests Golden: svg_currentcolor matches browser render         34:16 +3438 ~2 -4: /Users/denisnadey/apps/flutter_full_svg_support/test/golden_comparison/golden_comparison_test.dart: Golden Comparison Tests Golden: svg_currentcolor matches browser render         34:17 +3438 ~2 -4: /Users/denisnadey/apps/flutter_full_svg_support/test/golden_comparison/golden_comparison_test.dart: Golden Comparison Tests Golden: svg_currentcolor matches browser render         34:18 +3438 ~2 -4: /Users/denisnadey/apps/flutter_full_svg_support/test/golden_comparison/golden_comparison_test.dart: Golden Comparison Tests Golden: svg_currentcolor matches browser render         34:19 +3438 ~2 -4: /Users/denisnadey/apps/flutter_full_svg_support/test/golden_comparison/golden_comparison_test.dart: Golden Comparison Tests Golden: svg_currentcolor matches browser render         34:20 +3438 ~2 -4: /Users/denisnadey/apps/flutter_full_svg_support/test/golden_comparison/golden_comparison_test.dart: Golden Comparison Tests Golden: svg_currentcolor matches browser render         34:21 +3438 ~2 -4: /Users/denisnadey/apps/flutter_full_svg_support/test/golden_comparison/golden_comparison_test.dart: Golden Comparison Tests Golden: svg_currentcolor matches browser render         34:22 +3438 ~2 -4: /Users/denisnadey/apps/flutter_full_svg_support/test/golden_comparison/golden_comparison_test.dart: Golden Comparison Tests Golden: svg_currentcolor matches browser render         34:23 +3438 ~2 -4: /Users/denisnadey/apps/flutter_full_svg_support/test/golden_comparison/golden_comparison_test.dart: Golden Comparison Tests Golden: svg_currentcolor matches browser render         34:24 +3438 ~2 -4: /Users/denisnadey/apps/flutter_full_svg_support/test/golden_comparison/golden_comparison_test.dart: Golden Comparison Tests Golden: svg_currentcolor matches browser render         34:25 +3438 ~2 -4: /Users/denisnadey/apps/flutter_full_svg_support/test/golden_comparison/golden_comparison_test.dart: Golden Comparison Tests Golden: svg_currentcolor matches browser render         34:26 +3438 ~2 -4: /Users/denisnadey/apps/flutter_full_svg_support/test/golden_comparison/golden_comparison_test.dart: Golden Comparison Tests Golden: svg_currentcolor matches browser render         34:27 +3438 ~2 -4: /Users/denisnadey/apps/flutter_full_svg_support/test/golden_comparison/golden_comparison_test.dart: Golden Comparison Tests Golden: svg_currentcolor matches browser render         34:28 +3438 ~2 -4: /Users/denisnadey/apps/flutter_full_svg_support/test/golden_comparison/golden_comparison_test.dart: Golden Comparison Tests Golden: svg_currentcolor matches browser render         34:29 +3438 ~2 -4: /Users/denisnadey/apps/flutter_full_svg_support/test/golden_comparison/golden_comparison_test.dart: Golden Comparison Tests Golden: svg_currentcolor matches browser render         34:30 +3438 ~2 -4: /Users/denisnadey/apps/flutter_full_svg_support/test/golden_comparison/golden_comparison_test.dart: Golden Comparison Tests Golden: svg_currentcolor matches browser render         34:31 +3438 ~2 -4: /Users/denisnadey/apps/flutter_full_svg_support/test/golden_comparison/golden_comparison_test.dart: Golden Comparison Tests Golden: svg_currentcolor matches browser render         34:32 +3438 ~2 -4: /Users/denisnadey/apps/flutter_full_svg_support/test/golden_comparison/golden_comparison_test.dart: Golden Comparison Tests Golden: svg_currentcolor matches browser render         34:33 +3438 ~2 -4: /Users/denisnadey/apps/flutter_full_svg_support/test/golden_comparison/golden_comparison_test.dart: Golden Comparison Tests Golden: svg_currentcolor matches browser render         34:34 +3438 ~2 -4: /Users/denisnadey/apps/flutter_full_svg_support/test/golden_comparison/golden_comparison_test.dart: Golden Comparison Tests Golden: svg_currentcolor matches browser render         34:35 +3438 ~2 -4: /Users/denisnadey/apps/flutter_full_svg_support/test/golden_comparison/golden_comparison_test.dart: Golden Comparison Tests Golden: svg_currentcolor matches browser render         34:36 +3438 ~2 -4: /Users/denisnadey/apps/flutter_full_svg_support/test/golden_comparison/golden_comparison_test.dart: Golden Comparison Tests Golden: svg_currentcolor matches browser render         34:37 +3438 ~2 -4: /Users/denisnadey/apps/flutter_full_svg_support/test/golden_comparison/golden_comparison_test.dart: Golden Comparison Tests Golden: svg_currentcolor matches browser render         34:38 +3438 ~2 -4: /Users/denisnadey/apps/flutter_full_svg_support/test/golden_comparison/golden_comparison_test.dart: Golden Comparison Tests Golden: svg_currentcolor matches browser render         34:39 +3438 ~2 -4: /Users/denisnadey/apps/flutter_full_svg_support/test/golden_comparison/golden_comparison_test.dart: Golden Comparison Tests Golden: svg_currentcolor matches browser render         34:40 +3438 ~2 -4: /Users/denisnadey/apps/flutter_full_svg_support/test/golden_comparison/golden_comparison_test.dart: Golden Comparison Tests Golden: svg_currentcolor matches browser render         34:41 +3438 ~2 -4: /Users/denisnadey/apps/flutter_full_svg_support/test/golden_comparison/golden_comparison_test.dart: Golden Comparison Tests Golden: svg_currentcolor matches browser render         34:42 +3438 ~2 -4: /Users/denisnadey/apps/flutter_full_svg_support/test/golden_comparison/golden_comparison_test.dart: Golden Comparison Tests Golden: svg_currentcolor matches browser render         34:43 +3438 ~2 -4: /Users/denisnadey/apps/flutter_full_svg_support/test/golden_comparison/golden_comparison_test.dart: Golden Comparison Tests Golden: svg_currentcolor matches browser render         34:44 +3438 ~2 -4: /Users/denisnadey/apps/flutter_full_svg_support/test/golden_comparison/golden_comparison_test.dart: Golden Comparison Tests Golden: svg_currentcolor matches browser render         34:45 +3438 ~2 -4: /Users/denisnadey/apps/flutter_full_svg_support/test/golden_comparison/golden_comparison_test.dart: Golden Comparison Tests Golden: svg_currentcolor matches browser render         34:46 +3438 ~2 -4: /Users/denisnadey/apps/flutter_full_svg_support/test/golden_comparison/golden_comparison_test.dart: Golden Comparison Tests Golden: svg_currentcolor matches browser render         34:47 +3438 ~2 -4: /Users/denisnadey/apps/flutter_full_svg_support/test/golden_comparison/golden_comparison_test.dart: Golden Comparison Tests Golden: svg_currentcolor matches browser render         34:48 +3438 ~2 -4: /Users/denisnadey/apps/flutter_full_svg_support/test/golden_comparison/golden_comparison_test.dart: Golden Comparison Tests Golden: svg_currentcolor matches browser render         34:49 +3438 ~2 -4: /Users/denisnadey/apps/flutter_full_svg_support/test/golden_comparison/golden_comparison_test.dart: Golden Comparison Tests Golden: svg_currentcolor matches browser render         34:50 +3438 ~2 -4: /Users/denisnadey/apps/flutter_full_svg_support/test/golden_comparison/golden_comparison_test.dart: Golden Comparison Tests Golden: svg_currentcolor matches browser render         34:51 +3438 ~2 -4: /Users/denisnadey/apps/flutter_full_svg_support/test/golden_comparison/golden_comparison_test.dart: Golden Comparison Tests Golden: svg_currentcolor matches browser render         34:52 +3438 ~2 -4: /Users/denisnadey/apps/flutter_full_svg_support/test/golden_comparison/golden_comparison_test.dart: Golden Comparison Tests Golden: svg_currentcolor matches browser render         34:53 +3438 ~2 -4: /Users/denisnadey/apps/flutter_full_svg_support/test/golden_comparison/golden_comparison_test.dart: Golden Comparison Tests Golden: svg_currentcolor matches browser render         34:54 +3438 ~2 -4: /Users/denisnadey/apps/flutter_full_svg_support/test/golden_comparison/golden_comparison_test.dart: Golden Comparison Tests Golden: svg_currentcolor matches browser render         34:55 +3438 ~2 -4: /Users/denisnadey/apps/flutter_full_svg_support/test/golden_comparison/golden_comparison_test.dart: Golden Comparison Tests Golden: svg_currentcolor matches browser render         34:56 +3438 ~2 -4: /Users/denisnadey/apps/flutter_full_svg_support/test/golden_comparison/golden_comparison_test.dart: Golden Comparison Tests Golden: svg_currentcolor matches browser render         34:57 +3438 ~2 -4: /Users/denisnadey/apps/flutter_full_svg_support/test/golden_comparison/golden_comparison_test.dart: Golden Comparison Tests Golden: svg_currentcolor matches browser render         34:58 +3438 ~2 -4: /Users/denisnadey/apps/flutter_full_svg_support/test/golden_comparison/golden_comparison_test.dart: Golden Comparison Tests Golden: svg_currentcolor matches browser render         34:59 +3438 ~2 -4: /Users/denisnadey/apps/flutter_full_svg_support/test/golden_comparison/golden_comparison_test.dart: Golden Comparison Tests Golden: svg_currentcolor matches browser render         35:00 +3438 ~2 -4: /Users/denisnadey/apps/flutter_full_svg_support/test/golden_comparison/golden_comparison_test.dart: Golden Comparison Tests Golden: svg_currentcolor matches browser render         35:01 +3438 ~2 -4: /Users/denisnadey/apps/flutter_full_svg_support/test/golden_comparison/golden_comparison_test.dart: Golden Comparison Tests Golden: svg_currentcolor matches browser render         35:02 +3438 ~2 -4: /Users/denisnadey/apps/flutter_full_svg_support/test/golden_comparison/golden_comparison_test.dart: Golden Comparison Tests Golden: svg_currentcolor matches browser render         35:03 +3438 ~2 -4: /Users/denisnadey/apps/flutter_full_svg_support/test/golden_comparison/golden_comparison_test.dart: Golden Comparison Tests Golden: svg_currentcolor matches browser render         35:04 +3438 ~2 -4: /Users/denisnadey/apps/flutter_full_svg_support/test/golden_comparison/golden_comparison_test.dart: Golden Comparison Tests Golden: svg_currentcolor matches browser render         35:05 +3438 ~2 -4: /Users/denisnadey/apps/flutter_full_svg_support/test/golden_comparison/golden_comparison_test.dart: Golden Comparison Tests Golden: svg_currentcolor matches browser render         35:06 +3438 ~2 -4: /Users/denisnadey/apps/flutter_full_svg_support/test/golden_comparison/golden_comparison_test.dart: Golden Comparison Tests Golden: svg_currentcolor matches browser render         35:07 +3438 ~2 -4: /Users/denisnadey/apps/flutter_full_svg_support/test/golden_comparison/golden_comparison_test.dart: Golden Comparison Tests Golden: svg_currentcolor matches browser render         35:08 +3438 ~2 -4: /Users/denisnadey/apps/flutter_full_svg_support/test/golden_comparison/golden_comparison_test.dart: Golden Comparison Tests Golden: svg_currentcolor matches browser render         35:09 +3438 ~2 -4: /Users/denisnadey/apps/flutter_full_svg_support/test/golden_comparison/golden_comparison_test.dart: Golden Comparison Tests Golden: svg_currentcolor matches browser render         35:10 +3438 ~2 -4: /Users/denisnadey/apps/flutter_full_svg_support/test/golden_comparison/golden_comparison_test.dart: Golden Comparison Tests Golden: svg_currentcolor matches browser render         35:11 +3438 ~2 -4: /Users/denisnadey/apps/flutter_full_svg_support/test/golden_comparison/golden_comparison_test.dart: Golden Comparison Tests Golden: svg_currentcolor matches browser render         35:12 +3438 ~2 -4: /Users/denisnadey/apps/flutter_full_svg_support/test/golden_comparison/golden_comparison_test.dart: Golden Comparison Tests Golden: svg_currentcolor matches browser render         35:13 +3438 ~2 -4: /Users/denisnadey/apps/flutter_full_svg_support/test/golden_comparison/golden_comparison_test.dart: Golden Comparison Tests Golden: svg_currentcolor matches browser render         35:14 +3438 ~2 -4: /Users/denisnadey/apps/flutter_full_svg_support/test/golden_comparison/golden_comparison_test.dart: Golden Comparison Tests Golden: svg_currentcolor matches browser render         35:15 +3438 ~2 -4: /Users/denisnadey/apps/flutter_full_svg_support/test/golden_comparison/golden_comparison_test.dart: Golden Comparison Tests Golden: svg_currentcolor matches browser render         35:16 +3438 ~2 -4: /Users/denisnadey/apps/flutter_full_svg_support/test/golden_comparison/golden_comparison_test.dart: Golden Comparison Tests Golden: svg_currentcolor matches browser render         35:17 +3438 ~2 -4: /Users/denisnadey/apps/flutter_full_svg_support/test/golden_comparison/golden_comparison_test.dart: Golden Comparison Tests Golden: svg_currentcolor matches browser render         35:18 +3438 ~2 -4: /Users/denisnadey/apps/flutter_full_svg_support/test/golden_comparison/golden_comparison_test.dart: Golden Comparison Tests Golden: svg_currentcolor matches browser render         35:19 +3438 ~2 -4: /Users/denisnadey/apps/flutter_full_svg_support/test/golden_comparison/golden_comparison_test.dart: Golden Comparison Tests Golden: svg_currentcolor matches browser render         35:20 +3438 ~2 -4: /Users/denisnadey/apps/flutter_full_svg_support/test/golden_comparison/golden_comparison_test.dart: Golden Comparison Tests Golden: svg_currentcolor matches browser render         35:21 +3438 ~2 -4: /Users/denisnadey/apps/flutter_full_svg_support/test/golden_comparison/golden_comparison_test.dart: Golden Comparison Tests Golden: svg_currentcolor matches browser render         35:22 +3438 ~2 -4: /Users/denisnadey/apps/flutter_full_svg_support/test/golden_comparison/golden_comparison_test.dart: Golden Comparison Tests Golden: svg_currentcolor matches browser render         35:23 +3438 ~2 -4: /Users/denisnadey/apps/flutter_full_svg_support/test/golden_comparison/golden_comparison_test.dart: Golden Comparison Tests Golden: svg_currentcolor matches browser render         35:24 +3438 ~2 -4: /Users/denisnadey/apps/flutter_full_svg_support/test/golden_comparison/golden_comparison_test.dart: Golden Comparison Tests Golden: svg_currentcolor matches browser render         35:25 +3438 ~2 -4: /Users/denisnadey/apps/flutter_full_svg_support/test/golden_comparison/golden_comparison_test.dart: Golden Comparison Tests Golden: svg_currentcolor matches browser render         35:26 +3438 ~2 -4: /Users/denisnadey/apps/flutter_full_svg_support/test/golden_comparison/golden_comparison_test.dart: Golden Comparison Tests Golden: svg_currentcolor matches browser render         35:27 +3438 ~2 -4: /Users/denisnadey/apps/flutter_full_svg_support/test/golden_comparison/golden_comparison_test.dart: Golden Comparison Tests Golden: svg_currentcolor matches browser render         35:28 +3438 ~2 -4: /Users/denisnadey/apps/flutter_full_svg_support/test/golden_comparison/golden_comparison_test.dart: Golden Comparison Tests Golden: svg_currentcolor matches browser render         35:29 +3438 ~2 -4: /Users/denisnadey/apps/flutter_full_svg_support/test/golden_comparison/golden_comparison_test.dart: Golden Comparison Tests Golden: svg_currentcolor matches browser render         35:30 +3438 ~2 -4: /Users/denisnadey/apps/flutter_full_svg_support/test/golden_comparison/golden_comparison_test.dart: Golden Comparison Tests Golden: svg_currentcolor matches browser render         35:31 +3438 ~2 -4: /Users/denisnadey/apps/flutter_full_svg_support/test/golden_comparison/golden_comparison_test.dart: Golden Comparison Tests Golden: svg_currentcolor matches browser render         35:32 +3438 ~2 -4: /Users/denisnadey/apps/flutter_full_svg_support/test/golden_comparison/golden_comparison_test.dart: Golden Comparison Tests Golden: svg_currentcolor matches browser render         35:33 +3438 ~2 -4: /Users/denisnadey/apps/flutter_full_svg_support/test/golden_comparison/golden_comparison_test.dart: Golden Comparison Tests Golden: svg_currentcolor matches browser render         35:34 +3438 ~2 -4: /Users/denisnadey/apps/flutter_full_svg_support/test/golden_comparison/golden_comparison_test.dart: Golden Comparison Tests Golden: svg_currentcolor matches browser render         35:35 +3438 ~2 -4: /Users/denisnadey/apps/flutter_full_svg_support/test/golden_comparison/golden_comparison_test.dart: Golden Comparison Tests Golden: svg_currentcolor matches browser render         35:36 +3438 ~2 -4: /Users/denisnadey/apps/flutter_full_svg_support/test/golden_comparison/golden_comparison_test.dart: Golden Comparison Tests Golden: svg_currentcolor matches browser render         35:37 +3438 ~2 -4: /Users/denisnadey/apps/flutter_full_svg_support/test/golden_comparison/golden_comparison_test.dart: Golden Comparison Tests Golden: svg_currentcolor matches browser render         35:38 +3438 ~2 -4: /Users/denisnadey/apps/flutter_full_svg_support/test/golden_comparison/golden_comparison_test.dart: Golden Comparison Tests Golden: svg_currentcolor matches browser render         35:39 +3438 ~2 -4: /Users/denisnadey/apps/flutter_full_svg_support/test/golden_comparison/golden_comparison_test.dart: Golden Comparison Tests Golden: svg_currentcolor matches browser render         35:40 +3438 ~2 -4: /Users/denisnadey/apps/flutter_full_svg_support/test/golden_comparison/golden_comparison_test.dart: Golden Comparison Tests Golden: svg_currentcolor matches browser render         35:41 +3438 ~2 -4: /Users/denisnadey/apps/flutter_full_svg_support/test/golden_comparison/golden_comparison_test.dart: Golden Comparison Tests Golden: svg_currentcolor matches browser render         35:42 +3438 ~2 -4: /Users/denisnadey/apps/flutter_full_svg_support/test/golden_comparison/golden_comparison_test.dart: Golden Comparison Tests Golden: svg_currentcolor matches browser render         35:43 +3438 ~2 -4: /Users/denisnadey/apps/flutter_full_svg_support/test/golden_comparison/golden_comparison_test.dart: Golden Comparison Tests Golden: svg_currentcolor matches browser render         35:44 +3438 ~2 -4: /Users/denisnadey/apps/flutter_full_svg_support/test/golden_comparison/golden_comparison_test.dart: Golden Comparison Tests Golden: svg_currentcolor matches browser render         35:45 +3438 ~2 -4: /Users/denisnadey/apps/flutter_full_svg_support/test/golden_comparison/golden_comparison_test.dart: Golden Comparison Tests Golden: svg_currentcolor matches browser render         35:46 +3438 ~2 -4: /Users/denisnadey/apps/flutter_full_svg_support/test/golden_comparison/golden_comparison_test.dart: Golden Comparison Tests Golden: svg_currentcolor matches browser render         35:47 +3438 ~2 -4: /Users/denisnadey/apps/flutter_full_svg_support/test/golden_comparison/golden_comparison_test.dart: Golden Comparison Tests Golden: svg_currentcolor matches browser render         35:48 +3438 ~2 -4: /Users/denisnadey/apps/flutter_full_svg_support/test/golden_comparison/golden_comparison_test.dart: Golden Comparison Tests Golden: svg_currentcolor matches browser render         35:49 +3438 ~2 -4: /Users/denisnadey/apps/flutter_full_svg_support/test/golden_comparison/golden_comparison_test.dart: Golden Comparison Tests Golden: svg_currentcolor matches browser render         35:50 +3438 ~2 -4: /Users/denisnadey/apps/flutter_full_svg_support/test/golden_comparison/golden_comparison_test.dart: Golden Comparison Tests Golden: svg_currentcolor matches browser render         35:51 +3438 ~2 -4: /Users/denisnadey/apps/flutter_full_svg_support/test/golden_comparison/golden_comparison_test.dart: Golden Comparison Tests Golden: svg_currentcolor matches browser render         35:52 +3438 ~2 -4: /Users/denisnadey/apps/flutter_full_svg_support/test/golden_comparison/golden_comparison_test.dart: Golden Comparison Tests Golden: svg_currentcolor matches browser render         35:53 +3438 ~2 -4: /Users/denisnadey/apps/flutter_full_svg_support/test/golden_comparison/golden_comparison_test.dart: Golden Comparison Tests Golden: svg_currentcolor matches browser render         35:54 +3438 ~2 -4: /Users/denisnadey/apps/flutter_full_svg_support/test/golden_comparison/golden_comparison_test.dart: Golden Comparison Tests Golden: svg_currentcolor matches browser render         35:55 +3438 ~2 -4: /Users/denisnadey/apps/flutter_full_svg_support/test/golden_comparison/golden_comparison_test.dart: Golden Comparison Tests Golden: svg_currentcolor matches browser render         35:56 +3438 ~2 -4: /Users/denisnadey/apps/flutter_full_svg_support/test/golden_comparison/golden_comparison_test.dart: Golden Comparison Tests Golden: svg_currentcolor matches browser render         35:57 +3438 ~2 -4: /Users/denisnadey/apps/flutter_full_svg_support/test/golden_comparison/golden_comparison_test.dart: Golden Comparison Tests Golden: svg_currentcolor matches browser render         35:58 +3438 ~2 -4: /Users/denisnadey/apps/flutter_full_svg_support/test/golden_comparison/golden_comparison_test.dart: Golden Comparison Tests Golden: svg_currentcolor matches browser render         35:59 +3438 ~2 -4: /Users/denisnadey/apps/flutter_full_svg_support/test/golden_comparison/golden_comparison_test.dart: Golden Comparison Tests Golden: svg_currentcolor matches browser render         36:00 +3438 ~2 -4: /Users/denisnadey/apps/flutter_full_svg_support/test/golden_comparison/golden_comparison_test.dart: Golden Comparison Tests Golden: svg_currentcolor matches browser render         36:01 +3438 ~2 -4: /Users/denisnadey/apps/flutter_full_svg_support/test/golden_comparison/golden_comparison_test.dart: Golden Comparison Tests Golden: svg_currentcolor matches browser render         36:02 +3438 ~2 -4: /Users/denisnadey/apps/flutter_full_svg_support/test/golden_comparison/golden_comparison_test.dart: Golden Comparison Tests Golden: svg_currentcolor matches browser render         36:03 +3438 ~2 -4: /Users/denisnadey/apps/flutter_full_svg_support/test/golden_comparison/golden_comparison_test.dart: Golden Comparison Tests Golden: svg_currentcolor matches browser render         36:04 +3438 ~2 -4: /Users/denisnadey/apps/flutter_full_svg_support/test/golden_comparison/golden_comparison_test.dart: Golden Comparison Tests Golden: svg_currentcolor matches browser render         36:05 +3438 ~2 -4: /Users/denisnadey/apps/flutter_full_svg_support/test/golden_comparison/golden_comparison_test.dart: Golden Comparison Tests Golden: svg_currentcolor matches browser render         36:06 +3438 ~2 -4: /Users/denisnadey/apps/flutter_full_svg_support/test/golden_comparison/golden_comparison_test.dart: Golden Comparison Tests Golden: svg_currentcolor matches browser render         36:07 +3438 ~2 -4: /Users/denisnadey/apps/flutter_full_svg_support/test/golden_comparison/golden_comparison_test.dart: Golden Comparison Tests Golden: svg_currentcolor matches browser render         36:08 +3438 ~2 -4: /Users/denisnadey/apps/flutter_full_svg_support/test/golden_comparison/golden_comparison_test.dart: Golden Comparison Tests Golden: svg_currentcolor matches browser render         36:09 +3438 ~2 -4: /Users/denisnadey/apps/flutter_full_svg_support/test/golden_comparison/golden_comparison_test.dart: Golden Comparison Tests Golden: svg_currentcolor matches browser render         36:10 +3438 ~2 -4: /Users/denisnadey/apps/flutter_full_svg_support/test/golden_comparison/golden_comparison_test.dart: Golden Comparison Tests Golden: svg_currentcolor matches browser render         36:11 +3438 ~2 -4: /Users/denisnadey/apps/flutter_full_svg_support/test/golden_comparison/golden_comparison_test.dart: Golden Comparison Tests Golden: svg_currentcolor matches browser render         36:12 +3438 ~2 -4: /Users/denisnadey/apps/flutter_full_svg_support/test/golden_comparison/golden_comparison_test.dart: Golden Comparison Tests Golden: svg_currentcolor matches browser render         36:13 +3438 ~2 -4: /Users/denisnadey/apps/flutter_full_svg_support/test/golden_comparison/golden_comparison_test.dart: Golden Comparison Tests Golden: svg_currentcolor matches browser render         36:14 +3438 ~2 -4: /Users/denisnadey/apps/flutter_full_svg_support/test/golden_comparison/golden_comparison_test.dart: Golden Comparison Tests Golden: svg_currentcolor matches browser render         36:15 +3438 ~2 -4: /Users/denisnadey/apps/flutter_full_svg_support/test/golden_comparison/golden_comparison_test.dart: Golden Comparison Tests Golden: svg_currentcolor matches browser render         36:16 +3438 ~2 -4: /Users/denisnadey/apps/flutter_full_svg_support/test/golden_comparison/golden_comparison_test.dart: Golden Comparison Tests Golden: svg_currentcolor matches browser render         36:17 +3438 ~2 -4: /Users/denisnadey/apps/flutter_full_svg_support/test/golden_comparison/golden_comparison_test.dart: Golden Comparison Tests Golden: svg_currentcolor matches browser render         36:18 +3438 ~2 -4: /Users/denisnadey/apps/flutter_full_svg_support/test/golden_comparison/golden_comparison_test.dart: Golden Comparison Tests Golden: svg_currentcolor matches browser render         36:19 +3438 ~2 -4: /Users/denisnadey/apps/flutter_full_svg_support/test/golden_comparison/golden_comparison_test.dart: Golden Comparison Tests Golden: svg_currentcolor matches browser render         36:20 +3438 ~2 -4: /Users/denisnadey/apps/flutter_full_svg_support/test/golden_comparison/golden_comparison_test.dart: Golden Comparison Tests Golden: svg_currentcolor matches browser render         36:21 +3438 ~2 -4: /Users/denisnadey/apps/flutter_full_svg_support/test/golden_comparison/golden_comparison_test.dart: Golden Comparison Tests Golden: svg_currentcolor matches browser render         36:22 +3438 ~2 -4: /Users/denisnadey/apps/flutter_full_svg_support/test/golden_comparison/golden_comparison_test.dart: Golden Comparison Tests Golden: svg_currentcolor matches browser render         36:23 +3438 ~2 -4: /Users/denisnadey/apps/flutter_full_svg_support/test/golden_comparison/golden_comparison_test.dart: Golden Comparison Tests Golden: svg_currentcolor matches browser render         36:24 +3438 ~2 -4: /Users/denisnadey/apps/flutter_full_svg_support/test/golden_comparison/golden_comparison_test.dart: Golden Comparison Tests Golden: svg_currentcolor matches browser render         36:25 +3438 ~2 -4: /Users/denisnadey/apps/flutter_full_svg_support/test/golden_comparison/golden_comparison_test.dart: Golden Comparison Tests Golden: svg_currentcolor matches browser render         36:26 +3438 ~2 -4: /Users/denisnadey/apps/flutter_full_svg_support/test/golden_comparison/golden_comparison_test.dart: Golden Comparison Tests Golden: svg_currentcolor matches browser render         36:27 +3438 ~2 -4: /Users/denisnadey/apps/flutter_full_svg_support/test/golden_comparison/golden_comparison_test.dart: Golden Comparison Tests Golden: svg_currentcolor matches browser render         36:28 +3438 ~2 -4: /Users/denisnadey/apps/flutter_full_svg_support/test/golden_comparison/golden_comparison_test.dart: Golden Comparison Tests Golden: svg_currentcolor matches browser render         36:29 +3438 ~2 -4: /Users/denisnadey/apps/flutter_full_svg_support/test/golden_comparison/golden_comparison_test.dart: Golden Comparison Tests Golden: svg_currentcolor matches browser render         36:30 +3438 ~2 -4: /Users/denisnadey/apps/flutter_full_svg_support/test/golden_comparison/golden_comparison_test.dart: Golden Comparison Tests Golden: svg_currentcolor matches browser render         36:31 +3438 ~2 -4: /Users/denisnadey/apps/flutter_full_svg_support/test/golden_comparison/golden_comparison_test.dart: Golden Comparison Tests Golden: svg_currentcolor matches browser render         36:32 +3438 ~2 -4: /Users/denisnadey/apps/flutter_full_svg_support/test/golden_comparison/golden_comparison_test.dart: Golden Comparison Tests Golden: svg_currentcolor matches browser render         36:32 +3438 ~2 -5: /Users/denisnadey/apps/flutter_full_svg_support/test/golden_comparison/golden_comparison_test.dart: Golden Comparison Tests Golden: svg_currentcolor matches browser render [E]     
  TimeoutException after 0:10:00.000000: Test timed out after 10 minutes.
  dart:isolate  _RawReceivePort._handleMessage
  

To run this test again: /Users/denisnadey/fvm/versions/3.38.1/bin/cache/dart-sdk/bin/dart test /Users/denisnadey/apps/flutter_full_svg_support/test/golden_comparison/golden_comparison_test.dart -p vm --plain-name 'Golden Comparison Tests Golden: svg_currentcolor matches browser render'
36:32 +3438 ~2 -5: /Users/denisnadey/apps/flutter_full_svg_support/test/golden_comparison/golden_comparison_test.dart: Golden Comparison Tests Golden: text_transform matches browser render           36:33 +3438 ~2 -5: /Users/denisnadey/apps/flutter_full_svg_support/test/golden_comparison/golden_comparison_test.dart: Golden Comparison Tests Golden: text_transform matches browser render           36:34 +3438 ~2 -5: /Users/denisnadey/apps/flutter_full_svg_support/test/golden_comparison/golden_comparison_test.dart: Golden Comparison Tests Golden: text_transform matches browser render           36:35 +3438 ~2 -5: /Users/denisnadey/apps/flutter_full_svg_support/test/golden_comparison/golden_comparison_test.dart: Golden Comparison Tests Golden: text_transform matches browser render           36:36 +3438 ~2 -5: /Users/denisnadey/apps/flutter_full_svg_support/test/golden_comparison/golden_comparison_test.dart: Golden Comparison Tests Golden: text_transform matches browser render           36:37 +3438 ~2 -5: /Users/denisnadey/apps/flutter_full_svg_support/test/golden_comparison/golden_comparison_test.dart: Golden Comparison Tests Golden: text_transform matches browser render           36:38 +3438 ~2 -5: /Users/denisnadey/apps/flutter_full_svg_support/test/golden_comparison/golden_comparison_test.dart: Golden Comparison Tests Golden: text_transform matches browser render           36:39 +3438 ~2 -5: /Users/denisnadey/apps/flutter_full_svg_support/test/golden_comparison/golden_comparison_test.dart: Golden Comparison Tests Golden: text_transform matches browser render           36:40 +3438 ~2 -5: /Users/denisnadey/apps/flutter_full_svg_support/test/golden_comparison/golden_comparison_test.dart: Golden Comparison Tests Golden: text_transform matches browser render           36:41 +3438 ~2 -5: /Users/denisnadey/apps/flutter_full_svg_support/test/golden_comparison/golden_comparison_test.dart: Golden Comparison Tests Golden: text_transform matches browser render           36:42 +3438 ~2 -5: /Users/denisnadey/apps/flutter_full_svg_support/test/golden_comparison/golden_comparison_test.dart: Golden Comparison Tests Golden: text_transform matches browser render           36:43 +3438 ~2 -5: /Users/denisnadey/apps/flutter_full_svg_support/test/golden_comparison/golden_comparison_test.dart: Golden Comparison Tests Golden: text_transform matches browser render           36:44 +3438 ~2 -5: /Users/denisnadey/apps/flutter_full_svg_support/test/golden_comparison/golden_comparison_test.dart: Golden Comparison Tests Golden: text_transform matches browser render           36:45 +3438 ~2 -5: /Users/denisnadey/apps/flutter_full_svg_support/test/golden_comparison/golden_comparison_test.dart: Golden Comparison Tests Golden: text_transform matches browser render           36:46 +3438 ~2 -5: /Users/denisnadey/apps/flutter_full_svg_support/test/golden_comparison/golden_comparison_test.dart: Golden Comparison Tests Golden: text_transform matches browser render           36:47 +3438 ~2 -5: /Users/denisnadey/apps/flutter_full_svg_support/test/golden_comparison/golden_comparison_test.dart: Golden Comparison Tests Golden: text_transform matches browser render           36:48 +3438 ~2 -5: /Users/denisnadey/apps/flutter_full_svg_support/test/golden_comparison/golden_comparison_test.dart: Golden Comparison Tests Golden: text_transform matches browser render           36:49 +3438 ~2 -5: /Users/denisnadey/apps/flutter_full_svg_support/test/golden_comparison/golden_comparison_test.dart: Golden Comparison Tests Golden: text_transform matches browser render           36:50 +3438 ~2 -5: /Users/denisnadey/apps/flutter_full_svg_support/test/golden_comparison/golden_comparison_test.dart: Golden Comparison Tests Golden: text_transform matches browser render           36:51 +3438 ~2 -5: /Users/denisnadey/apps/flutter_full_svg_support/test/golden_comparison/golden_comparison_test.dart: Golden Comparison Tests Golden: text_transform matches browser render           36:52 +3438 ~2 -5: /Users/denisnadey/apps/flutter_full_svg_support/test/golden_comparison/golden_comparison_test.dart: Golden Comparison Tests Golden: text_transform matches browser render           36:53 +3438 ~2 -5: /Users/denisnadey/apps/flutter_full_svg_support/test/golden_comparison/golden_comparison_test.dart: Golden Comparison Tests Golden: text_transform matches browser render           36:54 +3438 ~2 -5: /Users/denisnadey/apps/flutter_full_svg_support/test/golden_comparison/golden_comparison_test.dart: Golden Comparison Tests Golden: text_transform matches browser render           36:55 +3438 ~2 -5: /Users/denisnadey/apps/flutter_full_svg_support/test/golden_comparison/golden_comparison_test.dart: Golden Comparison Tests Golden: text_transform matches browser render           36:56 +3438 ~2 -5: /Users/denisnadey/apps/flutter_full_svg_support/test/golden_comparison/golden_comparison_test.dart: Golden Comparison Tests Golden: text_transform matches browser render           36:57 +3438 ~2 -5: /Users/denisnadey/apps/flutter_full_svg_support/test/golden_comparison/golden_comparison_test.dart: Golden Comparison Tests Golden: text_transform matches browser render           36:58 +3438 ~2 -5: /Users/denisnadey/apps/flutter_full_svg_support/test/golden_comparison/golden_comparison_test.dart: Golden Comparison Tests Golden: text_transform matches browser render           36:59 +3438 ~2 -5: /Users/denisnadey/apps/flutter_full_svg_support/test/golden_comparison/golden_comparison_test.dart: Golden Comparison Tests Golden: text_transform matches browser render           37:00 +3438 ~2 -5: /Users/denisnadey/apps/flutter_full_svg_support/test/golden_comparison/golden_comparison_test.dart: Golden Comparison Tests Golden: text_transform matches browser render           37:01 +3438 ~2 -5: /Users/denisnadey/apps/flutter_full_svg_support/test/golden_comparison/golden_comparison_test.dart: Golden Comparison Tests Golden: text_transform matches browser render           37:02 +3438 ~2 -5: /Users/denisnadey/apps/flutter_full_svg_support/test/golden_comparison/golden_comparison_test.dart: Golden Comparison Tests Golden: text_transform matches browser render           37:03 +3438 ~2 -5: /Users/denisnadey/apps/flutter_full_svg_support/test/golden_comparison/golden_comparison_test.dart: Golden Comparison Tests Golden: text_transform matches browser render           37:04 +3438 ~2 -5: /Users/denisnadey/apps/flutter_full_svg_support/test/golden_comparison/golden_comparison_test.dart: Golden Comparison Tests Golden: text_transform matches browser render           37:05 +3438 ~2 -5: /Users/denisnadey/apps/flutter_full_svg_support/test/golden_comparison/golden_comparison_test.dart: Golden Comparison Tests Golden: text_transform matches browser render           37:06 +3438 ~2 -5: /Users/denisnadey/apps/flutter_full_svg_support/test/golden_comparison/golden_comparison_test.dart: Golden Comparison Tests Golden: text_transform matches browser render           37:07 +3438 ~2 -5: /Users/denisnadey/apps/flutter_full_svg_support/test/golden_comparison/golden_comparison_test.dart: Golden Comparison Tests Golden: text_transform matches browser render           37:08 +3438 ~2 -5: /Users/denisnadey/apps/flutter_full_svg_support/test/golden_comparison/golden_comparison_test.dart: Golden Comparison Tests Golden: text_transform matches browser render           37:09 +3438 ~2 -5: /Users/denisnadey/apps/flutter_full_svg_support/test/golden_comparison/golden_comparison_test.dart: Golden Comparison Tests Golden: text_transform matches browser render           37:10 +3438 ~2 -5: /Users/denisnadey/apps/flutter_full_svg_support/test/golden_comparison/golden_comparison_test.dart: Golden Comparison Tests Golden: text_transform matches browser render           37:11 +3438 ~2 -5: /Users/denisnadey/apps/flutter_full_svg_support/test/golden_comparison/golden_comparison_test.dart: Golden Comparison Tests Golden: text_transform matches browser render           37:12 +3438 ~2 -5: /Users/denisnadey/apps/flutter_full_svg_support/test/golden_comparison/golden_comparison_test.dart: Golden Comparison Tests Golden: text_transform matches browser render           37:13 +3438 ~2 -5: /Users/denisnadey/apps/flutter_full_svg_support/test/golden_comparison/golden_comparison_test.dart: Golden Comparison Tests Golden: text_transform matches browser render           37:14 +3438 ~2 -5: /Users/denisnadey/apps/flutter_full_svg_support/test/golden_comparison/golden_comparison_test.dart: Golden Comparison Tests Golden: text_transform matches browser render           37:15 +3438 ~2 -5: /Users/denisnadey/apps/flutter_full_svg_support/test/golden_comparison/golden_comparison_test.dart: Golden Comparison Tests Golden: text_transform matches browser render           37:16 +3438 ~2 -5: /Users/denisnadey/apps/flutter_full_svg_support/test/golden_comparison/golden_comparison_test.dart: Golden Comparison Tests Golden: text_transform matches browser render           37:17 +3438 ~2 -5: /Users/denisnadey/apps/flutter_full_svg_support/test/golden_comparison/golden_comparison_test.dart: Golden Comparison Tests Golden: text_transform matches browser render           37:18 +3438 ~2 -5: /Users/denisnadey/apps/flutter_full_svg_support/test/golden_comparison/golden_comparison_test.dart: Golden Comparison Tests Golden: text_transform matches browser render           37:19 +3438 ~2 -5: /Users/denisnadey/apps/flutter_full_svg_support/test/golden_comparison/golden_comparison_test.dart: Golden Comparison Tests Golden: text_transform matches browser render           37:20 +3438 ~2 -5: /Users/denisnadey/apps/flutter_full_svg_support/test/golden_comparison/golden_comparison_test.dart: Golden Comparison Tests Golden: text_transform matches browser render           37:21 +3438 ~2 -5: /Users/denisnadey/apps/flutter_full_svg_support/test/golden_comparison/golden_comparison_test.dart: Golden Comparison Tests Golden: text_transform matches browser render           37:22 +3438 ~2 -5: /Users/denisnadey/apps/flutter_full_svg_support/test/golden_comparison/golden_comparison_test.dart: Golden Comparison Tests Golden: text_transform matches browser render           37:23 +3438 ~2 -5: /Users/denisnadey/apps/flutter_full_svg_support/test/golden_comparison/golden_comparison_test.dart: Golden Comparison Tests Golden: text_transform matches browser render           37:24 +3438 ~2 -5: /Users/denisnadey/apps/flutter_full_svg_support/test/golden_comparison/golden_comparison_test.dart: Golden Comparison Tests Golden: text_transform matches browser render           37:25 +3438 ~2 -5: /Users/denisnadey/apps/flutter_full_svg_support/test/golden_comparison/golden_comparison_test.dart: Golden Comparison Tests Golden: text_transform matches browser render           37:26 +3438 ~2 -5: /Users/denisnadey/apps/flutter_full_svg_support/test/golden_comparison/golden_comparison_test.dart: Golden Comparison Tests Golden: text_transform matches browser render           37:27 +3438 ~2 -5: /Users/denisnadey/apps/flutter_full_svg_support/test/golden_comparison/golden_comparison_test.dart: Golden Comparison Tests Golden: text_transform matches browser render           37:28 +3438 ~2 -5: /Users/denisnadey/apps/flutter_full_svg_support/test/golden_comparison/golden_comparison_test.dart: Golden Comparison Tests Golden: text_transform matches browser render           37:29 +3438 ~2 -5: /Users/denisnadey/apps/flutter_full_svg_support/test/golden_comparison/golden_comparison_test.dart: Golden Comparison Tests Golden: text_transform matches browser render           37:30 +3438 ~2 -5: /Users/denisnadey/apps/flutter_full_svg_support/test/golden_comparison/golden_comparison_test.dart: Golden Comparison Tests Golden: text_transform matches browser render           37:31 +3438 ~2 -5: /Users/denisnadey/apps/flutter_full_svg_support/test/golden_comparison/golden_comparison_test.dart: Golden Comparison Tests Golden: text_transform matches browser render           37:32 +3438 ~2 -5: /Users/denisnadey/apps/flutter_full_svg_support/test/golden_comparison/golden_comparison_test.dart: Golden Comparison Tests Golden: text_transform matches browser render           37:33 +3438 ~2 -5: /Users/denisnadey/apps/flutter_full_svg_support/test/golden_comparison/golden_comparison_test.dart: Golden Comparison Tests Golden: text_transform matches browser render           37:34 +3438 ~2 -5: /Users/denisnadey/apps/flutter_full_svg_support/test/golden_comparison/golden_comparison_test.dart: Golden Comparison Tests Golden: text_transform matches browser render           37:35 +3438 ~2 -5: /Users/denisnadey/apps/flutter_full_svg_support/test/golden_comparison/golden_comparison_test.dart: Golden Comparison Tests Golden: text_transform matches browser render           37:36 +3438 ~2 -5: /Users/denisnadey/apps/flutter_full_svg_support/test/golden_comparison/golden_comparison_test.dart: Golden Comparison Tests Golden: text_transform matches browser render           37:37 +3438 ~2 -5: /Users/denisnadey/apps/flutter_full_svg_support/test/golden_comparison/golden_comparison_test.dart: Golden Comparison Tests Golden: text_transform matches browser render           37:38 +3438 ~2 -5: /Users/denisnadey/apps/flutter_full_svg_support/test/golden_comparison/golden_comparison_test.dart: Golden Comparison Tests Golden: text_transform matches browser render           37:39 +3438 ~2 -5: /Users/denisnadey/apps/flutter_full_svg_support/test/golden_comparison/golden_comparison_test.dart: Golden Comparison Tests Golden: text_transform matches browser render           37:40 +3438 ~2 -5: /Users/denisnadey/apps/flutter_full_svg_support/test/golden_comparison/golden_comparison_test.dart: Golden Comparison Tests Golden: text_transform matches browser render           37:41 +3438 ~2 -5: /Users/denisnadey/apps/flutter_full_svg_support/test/golden_comparison/golden_comparison_test.dart: Golden Comparison Tests Golden: text_transform matches browser render           37:42 +3438 ~2 -5: /Users/denisnadey/apps/flutter_full_svg_support/test/golden_comparison/golden_comparison_test.dart: Golden Comparison Tests Golden: text_transform matches browser render           37:43 +3438 ~2 -5: /Users/denisnadey/apps/flutter_full_svg_support/test/golden_comparison/golden_comparison_test.dart: Golden Comparison Tests Golden: text_transform matches browser render           37:44 +3438 ~2 -5: /Users/denisnadey/apps/flutter_full_svg_support/test/golden_comparison/golden_comparison_test.dart: Golden Comparison Tests Golden: text_transform matches browser render           37:45 +3438 ~2 -5: /Users/denisnadey/apps/flutter_full_svg_support/test/golden_comparison/golden_comparison_test.dart: Golden Comparison Tests Golden: text_transform matches browser render           37:46 +3438 ~2 -5: /Users/denisnadey/apps/flutter_full_svg_support/test/golden_comparison/golden_comparison_test.dart: Golden Comparison Tests Golden: text_transform matches browser render           37:47 +3438 ~2 -5: /Users/denisnadey/apps/flutter_full_svg_support/test/golden_comparison/golden_comparison_test.dart: Golden Comparison Tests Golden: text_transform matches browser render           37:48 +3438 ~2 -5: /Users/denisnadey/apps/flutter_full_svg_support/test/golden_comparison/golden_comparison_test.dart: Golden Comparison Tests Golden: text_transform matches browser render           37:49 +3438 ~2 -5: /Users/denisnadey/apps/flutter_full_svg_support/test/golden_comparison/golden_comparison_test.dart: Golden Comparison Tests Golden: text_transform matches browser render           37:50 +3438 ~2 -5: /Users/denisnadey/apps/flutter_full_svg_support/test/golden_comparison/golden_comparison_test.dart: Golden Comparison Tests Golden: text_transform matches browser render           37:51 +3438 ~2 -5: /Users/denisnadey/apps/flutter_full_svg_support/test/golden_comparison/golden_comparison_test.dart: Golden Comparison Tests Golden: text_transform matches browser render           37:52 +3438 ~2 -5: /Users/denisnadey/apps/flutter_full_svg_support/test/golden_comparison/golden_comparison_test.dart: Golden Comparison Tests Golden: text_transform matches browser render           37:53 +3438 ~2 -5: /Users/denisnadey/apps/flutter_full_svg_support/test/golden_comparison/golden_comparison_test.dart: Golden Comparison Tests Golden: text_transform matches browser render           37:54 +3438 ~2 -5: /Users/denisnadey/apps/flutter_full_svg_support/test/golden_comparison/golden_comparison_test.dart: Golden Comparison Tests Golden: text_transform matches browser render           37:55 +3438 ~2 -5: /Users/denisnadey/apps/flutter_full_svg_support/test/golden_comparison/golden_comparison_test.dart: Golden Comparison Tests Golden: text_transform matches browser render           37:56 +3438 ~2 -5: /Users/denisnadey/apps/flutter_full_svg_support/test/golden_comparison/golden_comparison_test.dart: Golden Comparison Tests Golden: text_transform matches browser render           37:57 +3438 ~2 -5: /Users/denisnadey/apps/flutter_full_svg_support/test/golden_comparison/golden_comparison_test.dart: Golden Comparison Tests Golden: text_transform matches browser render           37:58 +3438 ~2 -5: /Users/denisnadey/apps/flutter_full_svg_support/test/golden_comparison/golden_comparison_test.dart: Golden Comparison Tests Golden: text_transform matches browser render           37:59 +3438 ~2 -5: /Users/denisnadey/apps/flutter_full_svg_support/test/golden_comparison/golden_comparison_test.dart: Golden Comparison Tests Golden: text_transform matches browser render           38:00 +3438 ~2 -5: /Users/denisnadey/apps/flutter_full_svg_support/test/golden_comparison/golden_comparison_test.dart: Golden Comparison Tests Golden: text_transform matches browser render           38:01 +3438 ~2 -5: /Users/denisnadey/apps/flutter_full_svg_support/test/golden_comparison/golden_comparison_test.dart: Golden Comparison Tests Golden: text_transform matches browser render           38:02 +3438 ~2 -5: /Users/denisnadey/apps/flutter_full_svg_support/test/golden_comparison/golden_comparison_test.dart: Golden Comparison Tests Golden: text_transform matches browser render           38:03 +3438 ~2 -5: /Users/denisnadey/apps/flutter_full_svg_support/test/golden_comparison/golden_comparison_test.dart: Golden Comparison Tests Golden: text_transform matches browser render           38:04 +3438 ~2 -5: /Users/denisnadey/apps/flutter_full_svg_support/test/golden_comparison/golden_comparison_test.dart: Golden Comparison Tests Golden: text_transform matches browser render           38:05 +3438 ~2 -5: /Users/denisnadey/apps/flutter_full_svg_support/test/golden_comparison/golden_comparison_test.dart: Golden Comparison Tests Golden: text_transform matches browser render           38:06 +3438 ~2 -5: /Users/denisnadey/apps/flutter_full_svg_support/test/golden_comparison/golden_comparison_test.dart: Golden Comparison Tests Golden: text_transform matches browser render           38:07 +3438 ~2 -5: /Users/denisnadey/apps/flutter_full_svg_support/test/golden_comparison/golden_comparison_test.dart: Golden Comparison Tests Golden: text_transform matches browser render           38:08 +3438 ~2 -5: /Users/denisnadey/apps/flutter_full_svg_support/test/golden_comparison/golden_comparison_test.dart: Golden Comparison Tests Golden: text_transform matches browser render           38:09 +3438 ~2 -5: /Users/denisnadey/apps/flutter_full_svg_support/test/golden_comparison/golden_comparison_test.dart: Golden Comparison Tests Golden: text_transform matches browser render           38:10 +3438 ~2 -5: /Users/denisnadey/apps/flutter_full_svg_support/test/golden_comparison/golden_comparison_test.dart: Golden Comparison Tests Golden: text_transform matches browser render           38:11 +3438 ~2 -5: /Users/denisnadey/apps/flutter_full_svg_support/test/golden_comparison/golden_comparison_test.dart: Golden Comparison Tests Golden: text_transform matches browser render           38:12 +3438 ~2 -5: /Users/denisnadey/apps/flutter_full_svg_support/test/golden_comparison/golden_comparison_test.dart: Golden Comparison Tests Golden: text_transform matches browser render           38:13 +3438 ~2 -5: /Users/denisnadey/apps/flutter_full_svg_support/test/golden_comparison/golden_comparison_test.dart: Golden Comparison Tests Golden: text_transform matches browser render           38:14 +3438 ~2 -5: /Users/denisnadey/apps/flutter_full_svg_support/test/golden_comparison/golden_comparison_test.dart: Golden Comparison Tests Golden: text_transform matches browser render           38:15 +3438 ~2 -5: /Users/denisnadey/apps/flutter_full_svg_support/test/golden_comparison/golden_comparison_test.dart: Golden Comparison Tests Golden: text_transform matches browser render           38:16 +3438 ~2 -5: /Users/denisnadey/apps/flutter_full_svg_support/test/golden_comparison/golden_comparison_test.dart: Golden Comparison Tests Golden: text_transform matches browser render           38:17 +3438 ~2 -5: /Users/denisnadey/apps/flutter_full_svg_support/test/golden_comparison/golden_comparison_test.dart: Golden Comparison Tests Golden: text_transform matches browser render           38:18 +3438 ~2 -5: /Users/denisnadey/apps/flutter_full_svg_support/test/golden_comparison/golden_comparison_test.dart: Golden Comparison Tests Golden: text_transform matches browser render           38:19 +3438 ~2 -5: /Users/denisnadey/apps/flutter_full_svg_support/test/golden_comparison/golden_comparison_test.dart: Golden Comparison Tests Golden: text_transform matches browser render           38:20 +3438 ~2 -5: /Users/denisnadey/apps/flutter_full_svg_support/test/golden_comparison/golden_comparison_test.dart: Golden Comparison Tests Golden: text_transform matches browser render           38:21 +3438 ~2 -5: /Users/denisnadey/apps/flutter_full_svg_support/test/golden_comparison/golden_comparison_test.dart: Golden Comparison Tests Golden: text_transform matches browser render           38:22 +3438 ~2 -5: /Users/denisnadey/apps/flutter_full_svg_support/test/golden_comparison/golden_comparison_test.dart: Golden Comparison Tests Golden: text_transform matches browser render           38:23 +3438 ~2 -5: /Users/denisnadey/apps/flutter_full_svg_support/test/golden_comparison/golden_comparison_test.dart: Golden Comparison Tests Golden: text_transform matches browser render           38:24 +3438 ~2 -5: /Users/denisnadey/apps/flutter_full_svg_support/test/golden_comparison/golden_comparison_test.dart: Golden Comparison Tests Golden: text_transform matches browser render           38:25 +3438 ~2 -5: /Users/denisnadey/apps/flutter_full_svg_support/test/golden_comparison/golden_comparison_test.dart: Golden Comparison Tests Golden: text_transform matches browser render           38:26 +3438 ~2 -5: /Users/denisnadey/apps/flutter_full_svg_support/test/golden_comparison/golden_comparison_test.dart: Golden Comparison Tests Golden: text_transform matches browser render           38:27 +3438 ~2 -5: /Users/denisnadey/apps/flutter_full_svg_support/test/golden_comparison/golden_comparison_test.dart: Golden Comparison Tests Golden: text_transform matches browser render           38:28 +3438 ~2 -5: /Users/denisnadey/apps/flutter_full_svg_support/test/golden_comparison/golden_comparison_test.dart: Golden Comparison Tests Golden: text_transform matches browser render           38:29 +3438 ~2 -5: /Users/denisnadey/apps/flutter_full_svg_support/test/golden_comparison/golden_comparison_test.dart: Golden Comparison Tests Golden: text_transform matches browser render           38:30 +3438 ~2 -5: /Users/denisnadey/apps/flutter_full_svg_support/test/golden_comparison/golden_comparison_test.dart: Golden Comparison Tests Golden: text_transform matches browser render           38:31 +3438 ~2 -5: /Users/denisnadey/apps/flutter_full_svg_support/test/golden_comparison/golden_comparison_test.dart: Golden Comparison Tests Golden: text_transform matches browser render           38:32 +3438 ~2 -5: /Users/denisnadey/apps/flutter_full_svg_support/test/golden_comparison/golden_comparison_test.dart: Golden Comparison Tests Golden: text_transform matches browser render           38:33 +3438 ~2 -5: /Users/denisnadey/apps/flutter_full_svg_support/test/golden_comparison/golden_comparison_test.dart: Golden Comparison Tests Golden: text_transform matches browser render           38:34 +3438 ~2 -5: /Users/denisnadey/apps/flutter_full_svg_support/test/golden_comparison/golden_comparison_test.dart: Golden Comparison Tests Golden: text_transform matches browser render           38:35 +3438 ~2 -5: /Users/denisnadey/apps/flutter_full_svg_support/test/golden_comparison/golden_comparison_test.dart: Golden Comparison Tests Golden: text_transform matches browser render           38:36 +3438 ~2 -5: /Users/denisnadey/apps/flutter_full_svg_support/test/golden_comparison/golden_comparison_test.dart: Golden Comparison Tests Golden: text_transform matches browser render           38:37 +3438 ~2 -5: /Users/denisnadey/apps/flutter_full_svg_support/test/golden_comparison/golden_comparison_test.dart: Golden Comparison Tests Golden: text_transform matches browser render           38:38 +3438 ~2 -5: /Users/denisnadey/apps/flutter_full_svg_support/test/golden_comparison/golden_comparison_test.dart: Golden Comparison Tests Golden: text_transform matches browser render           38:39 +3438 ~2 -5: /Users/denisnadey/apps/flutter_full_svg_support/test/golden_comparison/golden_comparison_test.dart: Golden Comparison Tests Golden: text_transform matches browser render           38:40 +3438 ~2 -5: /Users/denisnadey/apps/flutter_full_svg_support/test/golden_comparison/golden_comparison_test.dart: Golden Comparison Tests Golden: text_transform matches browser render           38:41 +3438 ~2 -5: /Users/denisnadey/apps/flutter_full_svg_support/test/golden_comparison/golden_comparison_test.dart: Golden Comparison Tests Golden: text_transform matches browser render           38:42 +3438 ~2 -5: /Users/denisnadey/apps/flutter_full_svg_support/test/golden_comparison/golden_comparison_test.dart: Golden Comparison Tests Golden: text_transform matches browser render           38:43 +3438 ~2 -5: /Users/denisnadey/apps/flutter_full_svg_support/test/golden_comparison/golden_comparison_test.dart: Golden Comparison Tests Golden: text_transform matches browser render           38:44 +3438 ~2 -5: /Users/denisnadey/apps/flutter_full_svg_support/test/golden_comparison/golden_comparison_test.dart: Golden Comparison Tests Golden: text_transform matches browser render           38:45 +3438 ~2 -5: /Users/denisnadey/apps/flutter_full_svg_support/test/golden_comparison/golden_comparison_test.dart: Golden Comparison Tests Golden: text_transform matches browser render           38:46 +3438 ~2 -5: /Users/denisnadey/apps/flutter_full_svg_support/test/golden_comparison/golden_comparison_test.dart: Golden Comparison Tests Golden: text_transform matches browser render           38:47 +3438 ~2 -5: /Users/denisnadey/apps/flutter_full_svg_support/test/golden_comparison/golden_comparison_test.dart: Golden Comparison Tests Golden: text_transform matches browser render           38:48 +3438 ~2 -5: /Users/denisnadey/apps/flutter_full_svg_support/test/golden_comparison/golden_comparison_test.dart: Golden Comparison Tests Golden: text_transform matches browser render           38:49 +3438 ~2 -5: /Users/denisnadey/apps/flutter_full_svg_support/test/golden_comparison/golden_comparison_test.dart: Golden Comparison Tests Golden: text_transform matches browser render           38:50 +3438 ~2 -5: /Users/denisnadey/apps/flutter_full_svg_support/test/golden_comparison/golden_comparison_test.dart: Golden Comparison Tests Golden: text_transform matches browser render           38:51 +3438 ~2 -5: /Users/denisnadey/apps/flutter_full_svg_support/test/golden_comparison/golden_comparison_test.dart: Golden Comparison Tests Golden: text_transform matches browser render           38:52 +3438 ~2 -5: /Users/denisnadey/apps/flutter_full_svg_support/test/golden_comparison/golden_comparison_test.dart: Golden Comparison Tests Golden: text_transform matches browser render           38:53 +3438 ~2 -5: /Users/denisnadey/apps/flutter_full_svg_support/test/golden_comparison/golden_comparison_test.dart: Golden Comparison Tests Golden: text_transform matches browser render           38:54 +3438 ~2 -5: /Users/denisnadey/apps/flutter_full_svg_support/test/golden_comparison/golden_comparison_test.dart: Golden Comparison Tests Golden: text_transform matches browser render           38:55 +3438 ~2 -5: /Users/denisnadey/apps/flutter_full_svg_support/test/golden_comparison/golden_comparison_test.dart: Golden Comparison Tests Golden: text_transform matches browser render           38:56 +3438 ~2 -5: /Users/denisnadey/apps/flutter_full_svg_support/test/golden_comparison/golden_comparison_test.dart: Golden Comparison Tests Golden: text_transform matches browser render           38:57 +3438 ~2 -5: /Users/denisnadey/apps/flutter_full_svg_support/test/golden_comparison/golden_comparison_test.dart: Golden Comparison Tests Golden: text_transform matches browser render           38:58 +3438 ~2 -5: /Users/denisnadey/apps/flutter_full_svg_support/test/golden_comparison/golden_comparison_test.dart: Golden Comparison Tests Golden: text_transform matches browser render           38:59 +3438 ~2 -5: /Users/denisnadey/apps/flutter_full_svg_support/test/golden_comparison/golden_comparison_test.dart: Golden Comparison Tests Golden: text_transform matches browser render           39:00 +3438 ~2 -5: /Users/denisnadey/apps/flutter_full_svg_support/test/golden_comparison/golden_comparison_test.dart: Golden Comparison Tests Golden: text_transform matches browser render           39:01 +3438 ~2 -5: /Users/denisnadey/apps/flutter_full_svg_support/test/golden_comparison/golden_comparison_test.dart: Golden Comparison Tests Golden: text_transform matches browser render           39:02 +3438 ~2 -5: /Users/denisnadey/apps/flutter_full_svg_support/test/golden_comparison/golden_comparison_test.dart: Golden Comparison Tests Golden: text_transform matches browser render           39:03 +3438 ~2 -5: /Users/denisnadey/apps/flutter_full_svg_support/test/golden_comparison/golden_comparison_test.dart: Golden Comparison Tests Golden: text_transform matches browser render           39:04 +3438 ~2 -5: /Users/denisnadey/apps/flutter_full_svg_support/test/golden_comparison/golden_comparison_test.dart: Golden Comparison Tests Golden: text_transform matches browser render           39:05 +3438 ~2 -5: /Users/denisnadey/apps/flutter_full_svg_support/test/golden_comparison/golden_comparison_test.dart: Golden Comparison Tests Golden: text_transform matches browser render           39:06 +3438 ~2 -5: /Users/denisnadey/apps/flutter_full_svg_support/test/golden_comparison/golden_comparison_test.dart: Golden Comparison Tests Golden: text_transform matches browser render           39:07 +3438 ~2 -5: /Users/denisnadey/apps/flutter_full_svg_support/test/golden_comparison/golden_comparison_test.dart: Golden Comparison Tests Golden: text_transform matches browser render           39:08 +3438 ~2 -5: /Users/denisnadey/apps/flutter_full_svg_support/test/golden_comparison/golden_comparison_test.dart: Golden Comparison Tests Golden: text_transform matches browser render           39:09 +3438 ~2 -5: /Users/denisnadey/apps/flutter_full_svg_support/test/golden_comparison/golden_comparison_test.dart: Golden Comparison Tests Golden: text_transform matches browser render           39:10 +3438 ~2 -5: /Users/denisnadey/apps/flutter_full_svg_support/test/golden_comparison/golden_comparison_test.dart: Golden Comparison Tests Golden: text_transform matches browser render           39:11 +3438 ~2 -5: /Users/denisnadey/apps/flutter_full_svg_support/test/golden_comparison/golden_comparison_test.dart: Golden Comparison Tests Golden: text_transform matches browser render           39:12 +3438 ~2 -5: /Users/denisnadey/apps/flutter_full_svg_support/test/golden_comparison/golden_comparison_test.dart: Golden Comparison Tests Golden: text_transform matches browser render           39:13 +3438 ~2 -5: /Users/denisnadey/apps/flutter_full_svg_support/test/golden_comparison/golden_comparison_test.dart: Golden Comparison Tests Golden: text_transform matches browser render           39:14 +3438 ~2 -5: /Users/denisnadey/apps/flutter_full_svg_support/test/golden_comparison/golden_comparison_test.dart: Golden Comparison Tests Golden: text_transform matches browser render           39:15 +3438 ~2 -5: /Users/denisnadey/apps/flutter_full_svg_support/test/golden_comparison/golden_comparison_test.dart: Golden Comparison Tests Golden: text_transform matches browser render           39:16 +3438 ~2 -5: /Users/denisnadey/apps/flutter_full_svg_support/test/golden_comparison/golden_comparison_test.dart: Golden Comparison Tests Golden: text_transform matches browser render           39:17 +3438 ~2 -5: /Users/denisnadey/apps/flutter_full_svg_support/test/golden_comparison/golden_comparison_test.dart: Golden Comparison Tests Golden: text_transform matches browser render           39:18 +3438 ~2 -5: /Users/denisnadey/apps/flutter_full_svg_support/test/golden_comparison/golden_comparison_test.dart: Golden Comparison Tests Golden: text_transform matches browser render           39:19 +3438 ~2 -5: /Users/denisnadey/apps/flutter_full_svg_support/test/golden_comparison/golden_comparison_test.dart: Golden Comparison Tests Golden: text_transform matches browser render           39:20 +3438 ~2 -5: /Users/denisnadey/apps/flutter_full_svg_support/test/golden_comparison/golden_comparison_test.dart: Golden Comparison Tests Golden: text_transform matches browser render           39:21 +3438 ~2 -5: /Users/denisnadey/apps/flutter_full_svg_support/test/golden_comparison/golden_comparison_test.dart: Golden Comparison Tests Golden: text_transform matches browser render           39:22 +3438 ~2 -5: /Users/denisnadey/apps/flutter_full_svg_support/test/golden_comparison/golden_comparison_test.dart: Golden Comparison Tests Golden: text_transform matches browser render           39:23 +3438 ~2 -5: /Users/denisnadey/apps/flutter_full_svg_support/test/golden_comparison/golden_comparison_test.dart: Golden Comparison Tests Golden: text_transform matches browser render           39:24 +3438 ~2 -5: /Users/denisnadey/apps/flutter_full_svg_support/test/golden_comparison/golden_comparison_test.dart: Golden Comparison Tests Golden: text_transform matches browser render           39:25 +3438 ~2 -5: /Users/denisnadey/apps/flutter_full_svg_support/test/golden_comparison/golden_comparison_test.dart: Golden Comparison Tests Golden: text_transform matches browser render           39:26 +3438 ~2 -5: /Users/denisnadey/apps/flutter_full_svg_support/test/golden_comparison/golden_comparison_test.dart: Golden Comparison Tests Golden: text_transform matches browser render           39:27 +3438 ~2 -5: /Users/denisnadey/apps/flutter_full_svg_support/test/golden_comparison/golden_comparison_test.dart: Golden Comparison Tests Golden: text_transform matches browser render           39:28 +3438 ~2 -5: /Users/denisnadey/apps/flutter_full_svg_support/test/golden_comparison/golden_comparison_test.dart: Golden Comparison Tests Golden: text_transform matches browser render           39:29 +3438 ~2 -5: /Users/denisnadey/apps/flutter_full_svg_support/test/golden_comparison/golden_comparison_test.dart: Golden Comparison Tests Golden: text_transform matches browser render           39:30 +3438 ~2 -5: /Users/denisnadey/apps/flutter_full_svg_support/test/golden_comparison/golden_comparison_test.dart: Golden Comparison Tests Golden: text_transform matches browser render           39:31 +3438 ~2 -5: /Users/denisnadey/apps/flutter_full_svg_support/test/golden_comparison/golden_comparison_test.dart: Golden Comparison Tests Golden: text_transform matches browser render           39:32 +3438 ~2 -5: /Users/denisnadey/apps/flutter_full_svg_support/test/golden_comparison/golden_comparison_test.dart: Golden Comparison Tests Golden: text_transform matches browser render           39:33 +3438 ~2 -5: /Users/denisnadey/apps/flutter_full_svg_support/test/golden_comparison/golden_comparison_test.dart: Golden Comparison Tests Golden: text_transform matches browser render           39:34 +3438 ~2 -5: /Users/denisnadey/apps/flutter_full_svg_support/test/golden_comparison/golden_comparison_test.dart: Golden Comparison Tests Golden: text_transform matches browser render           39:35 +3438 ~2 -5: /Users/denisnadey/apps/flutter_full_svg_support/test/golden_comparison/golden_comparison_test.dart: Golden Comparison Tests Golden: text_transform matches browser render           39:36 +3438 ~2 -5: /Users/denisnadey/apps/flutter_full_svg_support/test/golden_comparison/golden_comparison_test.dart: Golden Comparison Tests Golden: text_transform matches browser render           39:37 +3438 ~2 -5: /Users/denisnadey/apps/flutter_full_svg_support/test/golden_comparison/golden_comparison_test.dart: Golden Comparison Tests Golden: text_transform matches browser render           39:38 +3438 ~2 -5: /Users/denisnadey/apps/flutter_full_svg_support/test/golden_comparison/golden_comparison_test.dart: Golden Comparison Tests Golden: text_transform matches browser render           39:39 +3438 ~2 -5: /Users/denisnadey/apps/flutter_full_svg_support/test/golden_comparison/golden_comparison_test.dart: Golden Comparison Tests Golden: text_transform matches browser render           39:40 +3438 ~2 -5: /Users/denisnadey/apps/flutter_full_svg_support/test/golden_comparison/golden_comparison_test.dart: Golden Comparison Tests Golden: text_transform matches browser render           39:41 +3438 ~2 -5: /Users/denisnadey/apps/flutter_full_svg_support/test/golden_comparison/golden_comparison_test.dart: Golden Comparison Tests Golden: text_transform matches browser render           39:42 +3438 ~2 -5: /Users/denisnadey/apps/flutter_full_svg_support/test/golden_comparison/golden_comparison_test.dart: Golden Comparison Tests Golden: text_transform matches browser render           39:43 +3438 ~2 -5: /Users/denisnadey/apps/flutter_full_svg_support/test/golden_comparison/golden_comparison_test.dart: Golden Comparison Tests Golden: text_transform matches browser render           39:44 +3438 ~2 -5: /Users/denisnadey/apps/flutter_full_svg_support/test/golden_comparison/golden_comparison_test.dart: Golden Comparison Tests Golden: text_transform matches browser render           39:45 +3438 ~2 -5: /Users/denisnadey/apps/flutter_full_svg_support/test/golden_comparison/golden_comparison_test.dart: Golden Comparison Tests Golden: text_transform matches browser render           39:46 +3438 ~2 -5: /Users/denisnadey/apps/flutter_full_svg_support/test/golden_comparison/golden_comparison_test.dart: Golden Comparison Tests Golden: text_transform matches browser render           39:47 +3438 ~2 -5: /Users/denisnadey/apps/flutter_full_svg_support/test/golden_comparison/golden_comparison_test.dart: Golden Comparison Tests Golden: text_transform matches browser render           39:48 +3438 ~2 -5: /Users/denisnadey/apps/flutter_full_svg_support/test/golden_comparison/golden_comparison_test.dart: Golden Comparison Tests Golden: text_transform matches browser render           39:49 +3438 ~2 -5: /Users/denisnadey/apps/flutter_full_svg_support/test/golden_comparison/golden_comparison_test.dart: Golden Comparison Tests Golden: text_transform matches browser render           39:50 +3438 ~2 -5: /Users/denisnadey/apps/flutter_full_svg_support/test/golden_comparison/golden_comparison_test.dart: Golden Comparison Tests Golden: text_transform matches browser render           39:51 +3438 ~2 -5: /Users/denisnadey/apps/flutter_full_svg_support/test/golden_comparison/golden_comparison_test.dart: Golden Comparison Tests Golden: text_transform matches browser render           39:52 +3438 ~2 -5: /Users/denisnadey/apps/flutter_full_svg_support/test/golden_comparison/golden_comparison_test.dart: Golden Comparison Tests Golden: text_transform matches browser render           39:53 +3438 ~2 -5: /Users/denisnadey/apps/flutter_full_svg_support/test/golden_comparison/golden_comparison_test.dart: Golden Comparison Tests Golden: text_transform matches browser render           39:54 +3438 ~2 -5: /Users/denisnadey/apps/flutter_full_svg_support/test/golden_comparison/golden_comparison_test.dart: Golden Comparison Tests Golden: text_transform matches browser render           39:55 +3438 ~2 -5: /Users/denisnadey/apps/flutter_full_svg_support/test/golden_comparison/golden_comparison_test.dart: Golden Comparison Tests Golden: text_transform matches browser render           39:56 +3438 ~2 -5: /Users/denisnadey/apps/flutter_full_svg_support/test/golden_comparison/golden_comparison_test.dart: Golden Comparison Tests Golden: text_transform matches browser render           39:57 +3438 ~2 -5: /Users/denisnadey/apps/flutter_full_svg_support/test/golden_comparison/golden_comparison_test.dart: Golden Comparison Tests Golden: text_transform matches browser render           39:58 +3438 ~2 -5: /Users/denisnadey/apps/flutter_full_svg_support/test/golden_comparison/golden_comparison_test.dart: Golden Comparison Tests Golden: text_transform matches browser render           39:59 +3438 ~2 -5: /Users/denisnadey/apps/flutter_full_svg_support/test/golden_comparison/golden_comparison_test.dart: Golden Comparison Tests Golden: text_transform matches browser render           40:00 +3438 ~2 -5: /Users/denisnadey/apps/flutter_full_svg_support/test/golden_comparison/golden_comparison_test.dart: Golden Comparison Tests Golden: text_transform matches browser render           40:01 +3438 ~2 -5: /Users/denisnadey/apps/flutter_full_svg_support/test/golden_comparison/golden_comparison_test.dart: Golden Comparison Tests Golden: text_transform matches browser render           40:02 +3438 ~2 -5: /Users/denisnadey/apps/flutter_full_svg_support/test/golden_comparison/golden_comparison_test.dart: Golden Comparison Tests Golden: text_transform matches browser render           40:03 +3438 ~2 -5: /Users/denisnadey/apps/flutter_full_svg_support/test/golden_comparison/golden_comparison_test.dart: Golden Comparison Tests Golden: text_transform matches browser render           40:04 +3438 ~2 -5: /Users/denisnadey/apps/flutter_full_svg_support/test/golden_comparison/golden_comparison_test.dart: Golden Comparison Tests Golden: text_transform matches browser render           40:05 +3438 ~2 -5: /Users/denisnadey/apps/flutter_full_svg_support/test/golden_comparison/golden_comparison_test.dart: Golden Comparison Tests Golden: text_transform matches browser render           40:06 +3438 ~2 -5: /Users/denisnadey/apps/flutter_full_svg_support/test/golden_comparison/golden_comparison_test.dart: Golden Comparison Tests Golden: text_transform matches browser render           40:07 +3438 ~2 -5: /Users/denisnadey/apps/flutter_full_svg_support/test/golden_comparison/golden_comparison_test.dart: Golden Comparison Tests Golden: text_transform matches browser render           40:08 +3438 ~2 -5: /Users/denisnadey/apps/flutter_full_svg_support/test/golden_comparison/golden_comparison_test.dart: Golden Comparison Tests Golden: text_transform matches browser render           40:09 +3438 ~2 -5: /Users/denisnadey/apps/flutter_full_svg_support/test/golden_comparison/golden_comparison_test.dart: Golden Comparison Tests Golden: text_transform matches browser render           40:10 +3438 ~2 -5: /Users/denisnadey/apps/flutter_full_svg_support/test/golden_comparison/golden_comparison_test.dart: Golden Comparison Tests Golden: text_transform matches browser render           40:11 +3438 ~2 -5: /Users/denisnadey/apps/flutter_full_svg_support/test/golden_comparison/golden_comparison_test.dart: Golden Comparison Tests Golden: text_transform matches browser render           40:12 +3438 ~2 -5: /Users/denisnadey/apps/flutter_full_svg_support/test/golden_comparison/golden_comparison_test.dart: Golden Comparison Tests Golden: text_transform matches browser render           40:13 +3438 ~2 -5: /Users/denisnadey/apps/flutter_full_svg_support/test/golden_comparison/golden_comparison_test.dart: Golden Comparison Tests Golden: text_transform matches browser render           40:14 +3438 ~2 -5: /Users/denisnadey/apps/flutter_full_svg_support/test/golden_comparison/golden_comparison_test.dart: Golden Comparison Tests Golden: text_transform matches browser render           40:15 +3438 ~2 -5: /Users/denisnadey/apps/flutter_full_svg_support/test/golden_comparison/golden_comparison_test.dart: Golden Comparison Tests Golden: text_transform matches browser render           40:16 +3438 ~2 -5: /Users/denisnadey/apps/flutter_full_svg_support/test/golden_comparison/golden_comparison_test.dart: Golden Comparison Tests Golden: text_transform matches browser render           40:17 +3438 ~2 -5: /Users/denisnadey/apps/flutter_full_svg_support/test/golden_comparison/golden_comparison_test.dart: Golden Comparison Tests Golden: text_transform matches browser render           40:18 +3438 ~2 -5: /Users/denisnadey/apps/flutter_full_svg_support/test/golden_comparison/golden_comparison_test.dart: Golden Comparison Tests Golden: text_transform matches browser render           40:19 +3438 ~2 -5: /Users/denisnadey/apps/flutter_full_svg_support/test/golden_comparison/golden_comparison_test.dart: Golden Comparison Tests Golden: text_transform matches browser render           40:20 +3438 ~2 -5: /Users/denisnadey/apps/flutter_full_svg_support/test/golden_comparison/golden_comparison_test.dart: Golden Comparison Tests Golden: text_transform matches browser render           40:21 +3438 ~2 -5: /Users/denisnadey/apps/flutter_full_svg_support/test/golden_comparison/golden_comparison_test.dart: Golden Comparison Tests Golden: text_transform matches browser render           40:22 +3438 ~2 -5: /Users/denisnadey/apps/flutter_full_svg_support/test/golden_comparison/golden_comparison_test.dart: Golden Comparison Tests Golden: text_transform matches browser render           40:23 +3438 ~2 -5: /Users/denisnadey/apps/flutter_full_svg_support/test/golden_comparison/golden_comparison_test.dart: Golden Comparison Tests Golden: text_transform matches browser render           40:24 +3438 ~2 -5: /Users/denisnadey/apps/flutter_full_svg_support/test/golden_comparison/golden_comparison_test.dart: Golden Comparison Tests Golden: text_transform matches browser render           40:25 +3438 ~2 -5: /Users/denisnadey/apps/flutter_full_svg_support/test/golden_comparison/golden_comparison_test.dart: Golden Comparison Tests Golden: text_transform matches browser render           40:26 +3438 ~2 -5: /Users/denisnadey/apps/flutter_full_svg_support/test/golden_comparison/golden_comparison_test.dart: Golden Comparison Tests Golden: text_transform matches browser render           40:27 +3438 ~2 -5: /Users/denisnadey/apps/flutter_full_svg_support/test/golden_comparison/golden_comparison_test.dart: Golden Comparison Tests Golden: text_transform matches browser render           40:28 +3438 ~2 -5: /Users/denisnadey/apps/flutter_full_svg_support/test/golden_comparison/golden_comparison_test.dart: Golden Comparison Tests Golden: text_transform matches browser render           40:29 +3438 ~2 -5: /Users/denisnadey/apps/flutter_full_svg_support/test/golden_comparison/golden_comparison_test.dart: Golden Comparison Tests Golden: text_transform matches browser render           40:30 +3438 ~2 -5: /Users/denisnadey/apps/flutter_full_svg_support/test/golden_comparison/golden_comparison_test.dart: Golden Comparison Tests Golden: text_transform matches browser render           40:31 +3438 ~2 -5: /Users/denisnadey/apps/flutter_full_svg_support/test/golden_comparison/golden_comparison_test.dart: Golden Comparison Tests Golden: text_transform matches browser render           40:32 +3438 ~2 -5: /Users/denisnadey/apps/flutter_full_svg_support/test/golden_comparison/golden_comparison_test.dart: Golden Comparison Tests Golden: text_transform matches browser render           40:33 +3438 ~2 -5: /Users/denisnadey/apps/flutter_full_svg_support/test/golden_comparison/golden_comparison_test.dart: Golden Comparison Tests Golden: text_transform matches browser render           40:34 +3438 ~2 -5: /Users/denisnadey/apps/flutter_full_svg_support/test/golden_comparison/golden_comparison_test.dart: Golden Comparison Tests Golden: text_transform matches browser render           40:35 +3438 ~2 -5: /Users/denisnadey/apps/flutter_full_svg_support/test/golden_comparison/golden_comparison_test.dart: Golden Comparison Tests Golden: text_transform matches browser render           40:36 +3438 ~2 -5: /Users/denisnadey/apps/flutter_full_svg_support/test/golden_comparison/golden_comparison_test.dart: Golden Comparison Tests Golden: text_transform matches browser render           40:37 +3438 ~2 -5: /Users/denisnadey/apps/flutter_full_svg_support/test/golden_comparison/golden_comparison_test.dart: Golden Comparison Tests Golden: text_transform matches browser render           40:38 +3438 ~2 -5: /Users/denisnadey/apps/flutter_full_svg_support/test/golden_comparison/golden_comparison_test.dart: Golden Comparison Tests Golden: text_transform matches browser render           40:39 +3438 ~2 -5: /Users/denisnadey/apps/flutter_full_svg_support/test/golden_comparison/golden_comparison_test.dart: Golden Comparison Tests Golden: text_transform matches browser render           40:40 +3438 ~2 -5: /Users/denisnadey/apps/flutter_full_svg_support/test/golden_comparison/golden_comparison_test.dart: Golden Comparison Tests Golden: text_transform matches browser render           40:41 +3438 ~2 -5: /Users/denisnadey/apps/flutter_full_svg_support/test/golden_comparison/golden_comparison_test.dart: Golden Comparison Tests Golden: text_transform matches browser render           40:42 +3438 ~2 -5: /Users/denisnadey/apps/flutter_full_svg_support/test/golden_comparison/golden_comparison_test.dart: Golden Comparison Tests Golden: text_transform matches browser render           40:43 +3438 ~2 -5: /Users/denisnadey/apps/flutter_full_svg_support/test/golden_comparison/golden_comparison_test.dart: Golden Comparison Tests Golden: text_transform matches browser render           40:44 +3438 ~2 -5: /Users/denisnadey/apps/flutter_full_svg_support/test/golden_comparison/golden_comparison_test.dart: Golden Comparison Tests Golden: text_transform matches browser render           40:45 +3438 ~2 -5: /Users/denisnadey/apps/flutter_full_svg_support/test/golden_comparison/golden_comparison_test.dart: Golden Comparison Tests Golden: text_transform matches browser render           40:46 +3438 ~2 -5: /Users/denisnadey/apps/flutter_full_svg_support/test/golden_comparison/golden_comparison_test.dart: Golden Comparison Tests Golden: text_transform matches browser render           40:47 +3438 ~2 -5: /Users/denisnadey/apps/flutter_full_svg_support/test/golden_comparison/golden_comparison_test.dart: Golden Comparison Tests Golden: text_transform matches browser render           40:48 +3438 ~2 -5: /Users/denisnadey/apps/flutter_full_svg_support/test/golden_comparison/golden_comparison_test.dart: Golden Comparison Tests Golden: text_transform matches browser render           40:49 +3438 ~2 -5: /Users/denisnadey/apps/flutter_full_svg_support/test/golden_comparison/golden_comparison_test.dart: Golden Comparison Tests Golden: text_transform matches browser render           40:50 +3438 ~2 -5: /Users/denisnadey/apps/flutter_full_svg_support/test/golden_comparison/golden_comparison_test.dart: Golden Comparison Tests Golden: text_transform matches browser render           40:51 +3438 ~2 -5: /Users/denisnadey/apps/flutter_full_svg_support/test/golden_comparison/golden_comparison_test.dart: Golden Comparison Tests Golden: text_transform matches browser render           40:52 +3438 ~2 -5: /Users/denisnadey/apps/flutter_full_svg_support/test/golden_comparison/golden_comparison_test.dart: Golden Comparison Tests Golden: text_transform matches browser render           40:53 +3438 ~2 -5: /Users/denisnadey/apps/flutter_full_svg_support/test/golden_comparison/golden_comparison_test.dart: Golden Comparison Tests Golden: text_transform matches browser render           40:54 +3438 ~2 -5: /Users/denisnadey/apps/flutter_full_svg_support/test/golden_comparison/golden_comparison_test.dart: Golden Comparison Tests Golden: text_transform matches browser render           40:55 +3438 ~2 -5: /Users/denisnadey/apps/flutter_full_svg_support/test/golden_comparison/golden_comparison_test.dart: Golden Comparison Tests Golden: text_transform matches browser render           40:56 +3438 ~2 -5: /Users/denisnadey/apps/flutter_full_svg_support/test/golden_comparison/golden_comparison_test.dart: Golden Comparison Tests Golden: text_transform matches browser render           40:57 +3438 ~2 -5: /Users/denisnadey/apps/flutter_full_svg_support/test/golden_comparison/golden_comparison_test.dart: Golden Comparison Tests Golden: text_transform matches browser render           40:58 +3438 ~2 -5: /Users/denisnadey/apps/flutter_full_svg_support/test/golden_comparison/golden_comparison_test.dart: Golden Comparison Tests Golden: text_transform matches browser render           40:59 +3438 ~2 -5: /Users/denisnadey/apps/flutter_full_svg_support/test/golden_comparison/golden_comparison_test.dart: Golden Comparison Tests Golden: text_transform matches browser render           41:00 +3438 ~2 -5: /Users/denisnadey/apps/flutter_full_svg_support/test/golden_comparison/golden_comparison_test.dart: Golden Comparison Tests Golden: text_transform matches browser render           41:01 +3438 ~2 -5: /Users/denisnadey/apps/flutter_full_svg_support/test/golden_comparison/golden_comparison_test.dart: Golden Comparison Tests Golden: text_transform matches browser render           41:02 +3438 ~2 -5: /Users/denisnadey/apps/flutter_full_svg_support/test/golden_comparison/golden_comparison_test.dart: Golden Comparison Tests Golden: text_transform matches browser render           41:03 +3438 ~2 -5: /Users/denisnadey/apps/flutter_full_svg_support/test/golden_comparison/golden_comparison_test.dart: Golden Comparison Tests Golden: text_transform matches browser render           41:04 +3438 ~2 -5: /Users/denisnadey/apps/flutter_full_svg_support/test/golden_comparison/golden_comparison_test.dart: Golden Comparison Tests Golden: text_transform matches browser render           41:05 +3438 ~2 -5: /Users/denisnadey/apps/flutter_full_svg_support/test/golden_comparison/golden_comparison_test.dart: Golden Comparison Tests Golden: text_transform matches browser render           41:06 +3438 ~2 -5: /Users/denisnadey/apps/flutter_full_svg_support/test/golden_comparison/golden_comparison_test.dart: Golden Comparison Tests Golden: text_transform matches browser render           41:07 +3438 ~2 -5: /Users/denisnadey/apps/flutter_full_svg_support/test/golden_comparison/golden_comparison_test.dart: Golden Comparison Tests Golden: text_transform matches browser render           41:08 +3438 ~2 -5: /Users/denisnadey/apps/flutter_full_svg_support/test/golden_comparison/golden_comparison_test.dart: Golden Comparison Tests Golden: text_transform matches browser render           41:09 +3438 ~2 -5: /Users/denisnadey/apps/flutter_full_svg_support/test/golden_comparison/golden_comparison_test.dart: Golden Comparison Tests Golden: text_transform matches browser render           41:10 +3438 ~2 -5: /Users/denisnadey/apps/flutter_full_svg_support/test/golden_comparison/golden_comparison_test.dart: Golden Comparison Tests Golden: text_transform matches browser render           41:11 +3438 ~2 -5: /Users/denisnadey/apps/flutter_full_svg_support/test/golden_comparison/golden_comparison_test.dart: Golden Comparison Tests Golden: text_transform matches browser render           41:12 +3438 ~2 -5: /Users/denisnadey/apps/flutter_full_svg_support/test/golden_comparison/golden_comparison_test.dart: Golden Comparison Tests Golden: text_transform matches browser render           41:13 +3438 ~2 -5: /Users/denisnadey/apps/flutter_full_svg_support/test/golden_comparison/golden_comparison_test.dart: Golden Comparison Tests Golden: text_transform matches browser render           41:14 +3438 ~2 -5: /Users/denisnadey/apps/flutter_full_svg_support/test/golden_comparison/golden_comparison_test.dart: Golden Comparison Tests Golden: text_transform matches browser render           41:15 +3438 ~2 -5: /Users/denisnadey/apps/flutter_full_svg_support/test/golden_comparison/golden_comparison_test.dart: Golden Comparison Tests Golden: text_transform matches browser render           41:16 +3438 ~2 -5: /Users/denisnadey/apps/flutter_full_svg_support/test/golden_comparison/golden_comparison_test.dart: Golden Comparison Tests Golden: text_transform matches browser render           41:17 +3438 ~2 -5: /Users/denisnadey/apps/flutter_full_svg_support/test/golden_comparison/golden_comparison_test.dart: Golden Comparison Tests Golden: text_transform matches browser render           41:18 +3438 ~2 -5: /Users/denisnadey/apps/flutter_full_svg_support/test/golden_comparison/golden_comparison_test.dart: Golden Comparison Tests Golden: text_transform matches browser render           41:19 +3438 ~2 -5: /Users/denisnadey/apps/flutter_full_svg_support/test/golden_comparison/golden_comparison_test.dart: Golden Comparison Tests Golden: text_transform matches browser render           41:20 +3438 ~2 -5: /Users/denisnadey/apps/flutter_full_svg_support/test/golden_comparison/golden_comparison_test.dart: Golden Comparison Tests Golden: text_transform matches browser render           41:21 +3438 ~2 -5: /Users/denisnadey/apps/flutter_full_svg_support/test/golden_comparison/golden_comparison_test.dart: Golden Comparison Tests Golden: text_transform matches browser render           41:22 +3438 ~2 -5: /Users/denisnadey/apps/flutter_full_svg_support/test/golden_comparison/golden_comparison_test.dart: Golden Comparison Tests Golden: text_transform matches browser render           41:23 +3438 ~2 -5: /Users/denisnadey/apps/flutter_full_svg_support/test/golden_comparison/golden_comparison_test.dart: Golden Comparison Tests Golden: text_transform matches browser render           41:24 +3438 ~2 -5: /Users/denisnadey/apps/flutter_full_svg_support/test/golden_comparison/golden_comparison_test.dart: Golden Comparison Tests Golden: text_transform matches browser render           41:25 +3438 ~2 -5: /Users/denisnadey/apps/flutter_full_svg_support/test/golden_comparison/golden_comparison_test.dart: Golden Comparison Tests Golden: text_transform matches browser render           41:26 +3438 ~2 -5: /Users/denisnadey/apps/flutter_full_svg_support/test/golden_comparison/golden_comparison_test.dart: Golden Comparison Tests Golden: text_transform matches browser render           41:27 +3438 ~2 -5: /Users/denisnadey/apps/flutter_full_svg_support/test/golden_comparison/golden_comparison_test.dart: Golden Comparison Tests Golden: text_transform matches browser render           41:28 +3438 ~2 -5: /Users/denisnadey/apps/flutter_full_svg_support/test/golden_comparison/golden_comparison_test.dart: Golden Comparison Tests Golden: text_transform matches browser render           41:29 +3438 ~2 -5: /Users/denisnadey/apps/flutter_full_svg_support/test/golden_comparison/golden_comparison_test.dart: Golden Comparison Tests Golden: text_transform matches browser render           41:30 +3438 ~2 -5: /Users/denisnadey/apps/flutter_full_svg_support/test/golden_comparison/golden_comparison_test.dart: Golden Comparison Tests Golden: text_transform matches browser render           41:31 +3438 ~2 -5: /Users/denisnadey/apps/flutter_full_svg_support/test/golden_comparison/golden_comparison_test.dart: Golden Comparison Tests Golden: text_transform matches browser render           41:32 +3438 ~2 -5: /Users/denisnadey/apps/flutter_full_svg_support/test/golden_comparison/golden_comparison_test.dart: Golden Comparison Tests Golden: text_transform matches browser render           41:33 +3438 ~2 -5: /Users/denisnadey/apps/flutter_full_svg_support/test/golden_comparison/golden_comparison_test.dart: Golden Comparison Tests Golden: text_transform matches browser render           41:34 +3438 ~2 -5: /Users/denisnadey/apps/flutter_full_svg_support/test/golden_comparison/golden_comparison_test.dart: Golden Comparison Tests Golden: text_transform matches browser render           41:35 +3438 ~2 -5: /Users/denisnadey/apps/flutter_full_svg_support/test/golden_comparison/golden_comparison_test.dart: Golden Comparison Tests Golden: text_transform matches browser render           41:36 +3438 ~2 -5: /Users/denisnadey/apps/flutter_full_svg_support/test/golden_comparison/golden_comparison_test.dart: Golden Comparison Tests Golden: text_transform matches browser render           41:37 +3438 ~2 -5: /Users/denisnadey/apps/flutter_full_svg_support/test/golden_comparison/golden_comparison_test.dart: Golden Comparison Tests Golden: text_transform matches browser render           41:38 +3438 ~2 -5: /Users/denisnadey/apps/flutter_full_svg_support/test/golden_comparison/golden_comparison_test.dart: Golden Comparison Tests Golden: text_transform matches browser render           41:39 +3438 ~2 -5: /Users/denisnadey/apps/flutter_full_svg_support/test/golden_comparison/golden_comparison_test.dart: Golden Comparison Tests Golden: text_transform matches browser render           41:40 +3438 ~2 -5: /Users/denisnadey/apps/flutter_full_svg_support/test/golden_comparison/golden_comparison_test.dart: Golden Comparison Tests Golden: text_transform matches browser render           41:41 +3438 ~2 -5: /Users/denisnadey/apps/flutter_full_svg_support/test/golden_comparison/golden_comparison_test.dart: Golden Comparison Tests Golden: text_transform matches browser render           41:42 +3438 ~2 -5: /Users/denisnadey/apps/flutter_full_svg_support/test/golden_comparison/golden_comparison_test.dart: Golden Comparison Tests Golden: text_transform matches browser render           41:43 +3438 ~2 -5: /Users/denisnadey/apps/flutter_full_svg_support/test/golden_comparison/golden_comparison_test.dart: Golden Comparison Tests Golden: text_transform matches browser render           41:44 +3438 ~2 -5: /Users/denisnadey/apps/flutter_full_svg_support/test/golden_comparison/golden_comparison_test.dart: Golden Comparison Tests Golden: text_transform matches browser render           41:45 +3438 ~2 -5: /Users/denisnadey/apps/flutter_full_svg_support/test/golden_comparison/golden_comparison_test.dart: Golden Comparison Tests Golden: text_transform matches browser render           41:46 +3438 ~2 -5: /Users/denisnadey/apps/flutter_full_svg_support/test/golden_comparison/golden_comparison_test.dart: Golden Comparison Tests Golden: text_transform matches browser render           41:47 +3438 ~2 -5: /Users/denisnadey/apps/flutter_full_svg_support/test/golden_comparison/golden_comparison_test.dart: Golden Comparison Tests Golden: text_transform matches browser render           41:48 +3438 ~2 -5: /Users/denisnadey/apps/flutter_full_svg_support/test/golden_comparison/golden_comparison_test.dart: Golden Comparison Tests Golden: text_transform matches browser render           41:49 +3438 ~2 -5: /Users/denisnadey/apps/flutter_full_svg_support/test/golden_comparison/golden_comparison_test.dart: Golden Comparison Tests Golden: text_transform matches browser render           41:50 +3438 ~2 -5: /Users/denisnadey/apps/flutter_full_svg_support/test/golden_comparison/golden_comparison_test.dart: Golden Comparison Tests Golden: text_transform matches browser render           41:51 +3438 ~2 -5: /Users/denisnadey/apps/flutter_full_svg_support/test/golden_comparison/golden_comparison_test.dart: Golden Comparison Tests Golden: text_transform matches browser render           41:52 +3438 ~2 -5: /Users/denisnadey/apps/flutter_full_svg_support/test/golden_comparison/golden_comparison_test.dart: Golden Comparison Tests Golden: text_transform matches browser render           41:53 +3438 ~2 -5: /Users/denisnadey/apps/flutter_full_svg_support/test/golden_comparison/golden_comparison_test.dart: Golden Comparison Tests Golden: text_transform matches browser render           41:54 +3438 ~2 -5: /Users/denisnadey/apps/flutter_full_svg_support/test/golden_comparison/golden_comparison_test.dart: Golden Comparison Tests Golden: text_transform matches browser render           41:55 +3438 ~2 -5: /Users/denisnadey/apps/flutter_full_svg_support/test/golden_comparison/golden_comparison_test.dart: Golden Comparison Tests Golden: text_transform matches browser render           41:56 +3438 ~2 -5: /Users/denisnadey/apps/flutter_full_svg_support/test/golden_comparison/golden_comparison_test.dart: Golden Comparison Tests Golden: text_transform matches browser render           41:57 +3438 ~2 -5: /Users/denisnadey/apps/flutter_full_svg_support/test/golden_comparison/golden_comparison_test.dart: Golden Comparison Tests Golden: text_transform matches browser render           41:58 +3438 ~2 -5: /Users/denisnadey/apps/flutter_full_svg_support/test/golden_comparison/golden_comparison_test.dart: Golden Comparison Tests Golden: text_transform matches browser render           41:59 +3438 ~2 -5: /Users/denisnadey/apps/flutter_full_svg_support/test/golden_comparison/golden_comparison_test.dart: Golden Comparison Tests Golden: text_transform matches browser render           42:00 +3438 ~2 -5: /Users/denisnadey/apps/flutter_full_svg_support/test/golden_comparison/golden_comparison_test.dart: Golden Comparison Tests Golden: text_transform matches browser render           42:01 +3438 ~2 -5: /Users/denisnadey/apps/flutter_full_svg_support/test/golden_comparison/golden_comparison_test.dart: Golden Comparison Tests Golden: text_transform matches browser render           42:02 +3438 ~2 -5: /Users/denisnadey/apps/flutter_full_svg_support/test/golden_comparison/golden_comparison_test.dart: Golden Comparison Tests Golden: text_transform matches browser render           42:03 +3438 ~2 -5: /Users/denisnadey/apps/flutter_full_svg_support/test/golden_comparison/golden_comparison_test.dart: Golden Comparison Tests Golden: text_transform matches browser render           42:04 +3438 ~2 -5: /Users/denisnadey/apps/flutter_full_svg_support/test/golden_comparison/golden_comparison_test.dart: Golden Comparison Tests Golden: text_transform matches browser render           42:05 +3438 ~2 -5: /Users/denisnadey/apps/flutter_full_svg_support/test/golden_comparison/golden_comparison_test.dart: Golden Comparison Tests Golden: text_transform matches browser render           42:06 +3438 ~2 -5: /Users/denisnadey/apps/flutter_full_svg_support/test/golden_comparison/golden_comparison_test.dart: Golden Comparison Tests Golden: text_transform matches browser render           42:07 +3438 ~2 -5: /Users/denisnadey/apps/flutter_full_svg_support/test/golden_comparison/golden_comparison_test.dart: Golden Comparison Tests Golden: text_transform matches browser render           42:08 +3438 ~2 -5: /Users/denisnadey/apps/flutter_full_svg_support/test/golden_comparison/golden_comparison_test.dart: Golden Comparison Tests Golden: text_transform matches browser render           42:09 +3438 ~2 -5: /Users/denisnadey/apps/flutter_full_svg_support/test/golden_comparison/golden_comparison_test.dart: Golden Comparison Tests Golden: text_transform matches browser render           42:10 +3438 ~2 -5: /Users/denisnadey/apps/flutter_full_svg_support/test/golden_comparison/golden_comparison_test.dart: Golden Comparison Tests Golden: text_transform matches browser render           42:11 +3438 ~2 -5: /Users/denisnadey/apps/flutter_full_svg_support/test/golden_comparison/golden_comparison_test.dart: Golden Comparison Tests Golden: text_transform matches browser render           42:12 +3438 ~2 -5: /Users/denisnadey/apps/flutter_full_svg_support/test/golden_comparison/golden_comparison_test.dart: Golden Comparison Tests Golden: text_transform matches browser render           42:13 +3438 ~2 -5: /Users/denisnadey/apps/flutter_full_svg_support/test/golden_comparison/golden_comparison_test.dart: Golden Comparison Tests Golden: text_transform matches browser render           42:14 +3438 ~2 -5: /Users/denisnadey/apps/flutter_full_svg_support/test/golden_comparison/golden_comparison_test.dart: Golden Comparison Tests Golden: text_transform matches browser render           42:15 +3438 ~2 -5: /Users/denisnadey/apps/flutter_full_svg_support/test/golden_comparison/golden_comparison_test.dart: Golden Comparison Tests Golden: text_transform matches browser render           42:16 +3438 ~2 -5: /Users/denisnadey/apps/flutter_full_svg_support/test/golden_comparison/golden_comparison_test.dart: Golden Comparison Tests Golden: text_transform matches browser render           42:17 +3438 ~2 -5: /Users/denisnadey/apps/flutter_full_svg_support/test/golden_comparison/golden_comparison_test.dart: Golden Comparison Tests Golden: text_transform matches browser render           42:18 +3438 ~2 -5: /Users/denisnadey/apps/flutter_full_svg_support/test/golden_comparison/golden_comparison_test.dart: Golden Comparison Tests Golden: text_transform matches browser render           42:19 +3438 ~2 -5: /Users/denisnadey/apps/flutter_full_svg_support/test/golden_comparison/golden_comparison_test.dart: Golden Comparison Tests Golden: text_transform matches browser render           42:20 +3438 ~2 -5: /Users/denisnadey/apps/flutter_full_svg_support/test/golden_comparison/golden_comparison_test.dart: Golden Comparison Tests Golden: text_transform matches browser render           42:21 +3438 ~2 -5: /Users/denisnadey/apps/flutter_full_svg_support/test/golden_comparison/golden_comparison_test.dart: Golden Comparison Tests Golden: text_transform matches browser render           42:22 +3438 ~2 -5: /Users/denisnadey/apps/flutter_full_svg_support/test/golden_comparison/golden_comparison_test.dart: Golden Comparison Tests Golden: text_transform matches browser render           42:23 +3438 ~2 -5: /Users/denisnadey/apps/flutter_full_svg_support/test/golden_comparison/golden_comparison_test.dart: Golden Comparison Tests Golden: text_transform matches browser render           42:24 +3438 ~2 -5: /Users/denisnadey/apps/flutter_full_svg_support/test/golden_comparison/golden_comparison_test.dart: Golden Comparison Tests Golden: text_transform matches browser render           42:25 +3438 ~2 -5: /Users/denisnadey/apps/flutter_full_svg_support/test/golden_comparison/golden_comparison_test.dart: Golden Comparison Tests Golden: text_transform matches browser render           42:26 +3438 ~2 -5: /Users/denisnadey/apps/flutter_full_svg_support/test/golden_comparison/golden_comparison_test.dart: Golden Comparison Tests Golden: text_transform matches browser render           42:27 +3438 ~2 -5: /Users/denisnadey/apps/flutter_full_svg_support/test/golden_comparison/golden_comparison_test.dart: Golden Comparison Tests Golden: text_transform matches browser render           42:28 +3438 ~2 -5: /Users/denisnadey/apps/flutter_full_svg_support/test/golden_comparison/golden_comparison_test.dart: Golden Comparison Tests Golden: text_transform matches browser render           42:29 +3438 ~2 -5: /Users/denisnadey/apps/flutter_full_svg_support/test/golden_comparison/golden_comparison_test.dart: Golden Comparison Tests Golden: text_transform matches browser render           42:30 +3438 ~2 -5: /Users/denisnadey/apps/flutter_full_svg_support/test/golden_comparison/golden_comparison_test.dart: Golden Comparison Tests Golden: text_transform matches browser render           42:31 +3438 ~2 -5: /Users/denisnadey/apps/flutter_full_svg_support/test/golden_comparison/golden_comparison_test.dart: Golden Comparison Tests Golden: text_transform matches browser render           42:32 +3438 ~2 -5: /Users/denisnadey/apps/flutter_full_svg_support/test/golden_comparison/golden_comparison_test.dart: Golden Comparison Tests Golden: text_transform matches browser render           42:33 +3438 ~2 -5: /Users/denisnadey/apps/flutter_full_svg_support/test/golden_comparison/golden_comparison_test.dart: Golden Comparison Tests Golden: text_transform matches browser render           42:34 +3438 ~2 -5: /Users/denisnadey/apps/flutter_full_svg_support/test/golden_comparison/golden_comparison_test.dart: Golden Comparison Tests Golden: text_transform matches browser render           42:35 +3438 ~2 -5: /Users/denisnadey/apps/flutter_full_svg_support/test/golden_comparison/golden_comparison_test.dart: Golden Comparison Tests Golden: text_transform matches browser render           42:36 +3438 ~2 -5: /Users/denisnadey/apps/flutter_full_svg_support/test/golden_comparison/golden_comparison_test.dart: Golden Comparison Tests Golden: text_transform matches browser render           42:37 +3438 ~2 -5: /Users/denisnadey/apps/flutter_full_svg_support/test/golden_comparison/golden_comparison_test.dart: Golden Comparison Tests Golden: text_transform matches browser render           42:38 +3438 ~2 -5: /Users/denisnadey/apps/flutter_full_svg_support/test/golden_comparison/golden_comparison_test.dart: Golden Comparison Tests Golden: text_transform matches browser render           42:39 +3438 ~2 -5: /Users/denisnadey/apps/flutter_full_svg_support/test/golden_comparison/golden_comparison_test.dart: Golden Comparison Tests Golden: text_transform matches browser render           42:40 +3438 ~2 -5: /Users/denisnadey/apps/flutter_full_svg_support/test/golden_comparison/golden_comparison_test.dart: Golden Comparison Tests Golden: text_transform matches browser render           42:41 +3438 ~2 -5: /Users/denisnadey/apps/flutter_full_svg_support/test/golden_comparison/golden_comparison_test.dart: Golden Comparison Tests Golden: text_transform matches browser render           42:42 +3438 ~2 -5: /Users/denisnadey/apps/flutter_full_svg_support/test/golden_comparison/golden_comparison_test.dart: Golden Comparison Tests Golden: text_transform matches browser render           42:43 +3438 ~2 -5: /Users/denisnadey/apps/flutter_full_svg_support/test/golden_comparison/golden_comparison_test.dart: Golden Comparison Tests Golden: text_transform matches browser render           42:44 +3438 ~2 -5: /Users/denisnadey/apps/flutter_full_svg_support/test/golden_comparison/golden_comparison_test.dart: Golden Comparison Tests Golden: text_transform matches browser render           42:45 +3438 ~2 -5: /Users/denisnadey/apps/flutter_full_svg_support/test/golden_comparison/golden_comparison_test.dart: Golden Comparison Tests Golden: text_transform matches browser render           42:46 +3438 ~2 -5: /Users/denisnadey/apps/flutter_full_svg_support/test/golden_comparison/golden_comparison_test.dart: Golden Comparison Tests Golden: text_transform matches browser render           42:47 +3438 ~2 -5: /Users/denisnadey/apps/flutter_full_svg_support/test/golden_comparison/golden_comparison_test.dart: Golden Comparison Tests Golden: text_transform matches browser render           42:48 +3438 ~2 -5: /Users/denisnadey/apps/flutter_full_svg_support/test/golden_comparison/golden_comparison_test.dart: Golden Comparison Tests Golden: text_transform matches browser render           42:49 +3438 ~2 -5: /Users/denisnadey/apps/flutter_full_svg_support/test/golden_comparison/golden_comparison_test.dart: Golden Comparison Tests Golden: text_transform matches browser render           42:50 +3438 ~2 -5: /Users/denisnadey/apps/flutter_full_svg_support/test/golden_comparison/golden_comparison_test.dart: Golden Comparison Tests Golden: text_transform matches browser render           42:51 +3438 ~2 -5: /Users/denisnadey/apps/flutter_full_svg_support/test/golden_comparison/golden_comparison_test.dart: Golden Comparison Tests Golden: text_transform matches browser render           42:52 +3438 ~2 -5: /Users/denisnadey/apps/flutter_full_svg_support/test/golden_comparison/golden_comparison_test.dart: Golden Comparison Tests Golden: text_transform matches browser render           42:53 +3438 ~2 -5: /Users/denisnadey/apps/flutter_full_svg_support/test/golden_comparison/golden_comparison_test.dart: Golden Comparison Tests Golden: text_transform matches browser render           42:54 +3438 ~2 -5: /Users/denisnadey/apps/flutter_full_svg_support/test/golden_comparison/golden_comparison_test.dart: Golden Comparison Tests Golden: text_transform matches browser render           42:55 +3438 ~2 -5: /Users/denisnadey/apps/flutter_full_svg_support/test/golden_comparison/golden_comparison_test.dart: Golden Comparison Tests Golden: text_transform matches browser render           42:56 +3438 ~2 -5: /Users/denisnadey/apps/flutter_full_svg_support/test/golden_comparison/golden_comparison_test.dart: Golden Comparison Tests Golden: text_transform matches browser render           42:57 +3438 ~2 -5: /Users/denisnadey/apps/flutter_full_svg_support/test/golden_comparison/golden_comparison_test.dart: Golden Comparison Tests Golden: text_transform matches browser render           42:58 +3438 ~2 -5: /Users/denisnadey/apps/flutter_full_svg_support/test/golden_comparison/golden_comparison_test.dart: Golden Comparison Tests Golden: text_transform matches browser render           42:59 +3438 ~2 -5: /Users/denisnadey/apps/flutter_full_svg_support/test/golden_comparison/golden_comparison_test.dart: Golden Comparison Tests Golden: text_transform matches browser render           43:00 +3438 ~2 -5: /Users/denisnadey/apps/flutter_full_svg_support/test/golden_comparison/golden_comparison_test.dart: Golden Comparison Tests Golden: text_transform matches browser render           43:01 +3438 ~2 -5: /Users/denisnadey/apps/flutter_full_svg_support/test/golden_comparison/golden_comparison_test.dart: Golden Comparison Tests Golden: text_transform matches browser render           43:02 +3438 ~2 -5: /Users/denisnadey/apps/flutter_full_svg_support/test/golden_comparison/golden_comparison_test.dart: Golden Comparison Tests Golden: text_transform matches browser render           43:03 +3438 ~2 -5: /Users/denisnadey/apps/flutter_full_svg_support/test/golden_comparison/golden_comparison_test.dart: Golden Comparison Tests Golden: text_transform matches browser render           43:04 +3438 ~2 -5: /Users/denisnadey/apps/flutter_full_svg_support/test/golden_comparison/golden_comparison_test.dart: Golden Comparison Tests Golden: text_transform matches browser render           43:05 +3438 ~2 -5: /Users/denisnadey/apps/flutter_full_svg_support/test/golden_comparison/golden_comparison_test.dart: Golden Comparison Tests Golden: text_transform matches browser render           43:06 +3438 ~2 -5: /Users/denisnadey/apps/flutter_full_svg_support/test/golden_comparison/golden_comparison_test.dart: Golden Comparison Tests Golden: text_transform matches browser render           43:07 +3438 ~2 -5: /Users/denisnadey/apps/flutter_full_svg_support/test/golden_comparison/golden_comparison_test.dart: Golden Comparison Tests Golden: text_transform matches browser render           43:08 +3438 ~2 -5: /Users/denisnadey/apps/flutter_full_svg_support/test/golden_comparison/golden_comparison_test.dart: Golden Comparison Tests Golden: text_transform matches browser render           43:09 +3438 ~2 -5: /Users/denisnadey/apps/flutter_full_svg_support/test/golden_comparison/golden_comparison_test.dart: Golden Comparison Tests Golden: text_transform matches browser render           43:10 +3438 ~2 -5: /Users/denisnadey/apps/flutter_full_svg_support/test/golden_comparison/golden_comparison_test.dart: Golden Comparison Tests Golden: text_transform matches browser render           43:11 +3438 ~2 -5: /Users/denisnadey/apps/flutter_full_svg_support/test/golden_comparison/golden_comparison_test.dart: Golden Comparison Tests Golden: text_transform matches browser render           43:12 +3438 ~2 -5: /Users/denisnadey/apps/flutter_full_svg_support/test/golden_comparison/golden_comparison_test.dart: Golden Comparison Tests Golden: text_transform matches browser render           43:13 +3438 ~2 -5: /Users/denisnadey/apps/flutter_full_svg_support/test/golden_comparison/golden_comparison_test.dart: Golden Comparison Tests Golden: text_transform matches browser render           43:14 +3438 ~2 -5: /Users/denisnadey/apps/flutter_full_svg_support/test/golden_comparison/golden_comparison_test.dart: Golden Comparison Tests Golden: text_transform matches browser render           43:15 +3438 ~2 -5: /Users/denisnadey/apps/flutter_full_svg_support/test/golden_comparison/golden_comparison_test.dart: Golden Comparison Tests Golden: text_transform matches browser render           43:16 +3438 ~2 -5: /Users/denisnadey/apps/flutter_full_svg_support/test/golden_comparison/golden_comparison_test.dart: Golden Comparison Tests Golden: text_transform matches browser render           43:17 +3438 ~2 -5: /Users/denisnadey/apps/flutter_full_svg_support/test/golden_comparison/golden_comparison_test.dart: Golden Comparison Tests Golden: text_transform matches browser render           43:18 +3438 ~2 -5: /Users/denisnadey/apps/flutter_full_svg_support/test/golden_comparison/golden_comparison_test.dart: Golden Comparison Tests Golden: text_transform matches browser render           43:19 +3438 ~2 -5: /Users/denisnadey/apps/flutter_full_svg_support/test/golden_comparison/golden_comparison_test.dart: Golden Comparison Tests Golden: text_transform matches browser render           43:20 +3438 ~2 -5: /Users/denisnadey/apps/flutter_full_svg_support/test/golden_comparison/golden_comparison_test.dart: Golden Comparison Tests Golden: text_transform matches browser render           43:21 +3438 ~2 -5: /Users/denisnadey/apps/flutter_full_svg_support/test/golden_comparison/golden_comparison_test.dart: Golden Comparison Tests Golden: text_transform matches browser render           43:22 +3438 ~2 -5: /Users/denisnadey/apps/flutter_full_svg_support/test/golden_comparison/golden_comparison_test.dart: Golden Comparison Tests Golden: text_transform matches browser render           43:23 +3438 ~2 -5: /Users/denisnadey/apps/flutter_full_svg_support/test/golden_comparison/golden_comparison_test.dart: Golden Comparison Tests Golden: text_transform matches browser render           43:24 +3438 ~2 -5: /Users/denisnadey/apps/flutter_full_svg_support/test/golden_comparison/golden_comparison_test.dart: Golden Comparison Tests Golden: text_transform matches browser render           43:25 +3438 ~2 -5: /Users/denisnadey/apps/flutter_full_svg_support/test/golden_comparison/golden_comparison_test.dart: Golden Comparison Tests Golden: text_transform matches browser render           43:26 +3438 ~2 -5: /Users/denisnadey/apps/flutter_full_svg_support/test/golden_comparison/golden_comparison_test.dart: Golden Comparison Tests Golden: text_transform matches browser render           43:27 +3438 ~2 -5: /Users/denisnadey/apps/flutter_full_svg_support/test/golden_comparison/golden_comparison_test.dart: Golden Comparison Tests Golden: text_transform matches browser render           43:28 +3438 ~2 -5: /Users/denisnadey/apps/flutter_full_svg_support/test/golden_comparison/golden_comparison_test.dart: Golden Comparison Tests Golden: text_transform matches browser render           43:29 +3438 ~2 -5: /Users/denisnadey/apps/flutter_full_svg_support/test/golden_comparison/golden_comparison_test.dart: Golden Comparison Tests Golden: text_transform matches browser render           43:30 +3438 ~2 -5: /Users/denisnadey/apps/flutter_full_svg_support/test/golden_comparison/golden_comparison_test.dart: Golden Comparison Tests Golden: text_transform matches browser render           43:31 +3438 ~2 -5: /Users/denisnadey/apps/flutter_full_svg_support/test/golden_comparison/golden_comparison_test.dart: Golden Comparison Tests Golden: text_transform matches browser render           43:32 +3438 ~2 -5: /Users/denisnadey/apps/flutter_full_svg_support/test/golden_comparison/golden_comparison_test.dart: Golden Comparison Tests Golden: text_transform matches browser render           43:33 +3438 ~2 -5: /Users/denisnadey/apps/flutter_full_svg_support/test/golden_comparison/golden_comparison_test.dart: Golden Comparison Tests Golden: text_transform matches browser render           43:34 +3438 ~2 -5: /Users/denisnadey/apps/flutter_full_svg_support/test/golden_comparison/golden_comparison_test.dart: Golden Comparison Tests Golden: text_transform matches browser render           43:35 +3438 ~2 -5: /Users/denisnadey/apps/flutter_full_svg_support/test/golden_comparison/golden_comparison_test.dart: Golden Comparison Tests Golden: text_transform matches browser render           43:36 +3438 ~2 -5: /Users/denisnadey/apps/flutter_full_svg_support/test/golden_comparison/golden_comparison_test.dart: Golden Comparison Tests Golden: text_transform matches browser render           43:37 +3438 ~2 -5: /Users/denisnadey/apps/flutter_full_svg_support/test/golden_comparison/golden_comparison_test.dart: Golden Comparison Tests Golden: text_transform matches browser render           43:38 +3438 ~2 -5: /Users/denisnadey/apps/flutter_full_svg_support/test/golden_comparison/golden_comparison_test.dart: Golden Comparison Tests Golden: text_transform matches browser render           43:39 +3438 ~2 -5: /Users/denisnadey/apps/flutter_full_svg_support/test/golden_comparison/golden_comparison_test.dart: Golden Comparison Tests Golden: text_transform matches browser render           43:40 +3438 ~2 -5: /Users/denisnadey/apps/flutter_full_svg_support/test/golden_comparison/golden_comparison_test.dart: Golden Comparison Tests Golden: text_transform matches browser render           43:41 +3438 ~2 -5: /Users/denisnadey/apps/flutter_full_svg_support/test/golden_comparison/golden_comparison_test.dart: Golden Comparison Tests Golden: text_transform matches browser render           43:42 +3438 ~2 -5: /Users/denisnadey/apps/flutter_full_svg_support/test/golden_comparison/golden_comparison_test.dart: Golden Comparison Tests Golden: text_transform matches browser render           43:43 +3438 ~2 -5: /Users/denisnadey/apps/flutter_full_svg_support/test/golden_comparison/golden_comparison_test.dart: Golden Comparison Tests Golden: text_transform matches browser render           43:44 +3438 ~2 -5: /Users/denisnadey/apps/flutter_full_svg_support/test/golden_comparison/golden_comparison_test.dart: Golden Comparison Tests Golden: text_transform matches browser render           43:45 +3438 ~2 -5: /Users/denisnadey/apps/flutter_full_svg_support/test/golden_comparison/golden_comparison_test.dart: Golden Comparison Tests Golden: text_transform matches browser render           43:46 +3438 ~2 -5: /Users/denisnadey/apps/flutter_full_svg_support/test/golden_comparison/golden_comparison_test.dart: Golden Comparison Tests Golden: text_transform matches browser render           43:47 +3438 ~2 -5: /Users/denisnadey/apps/flutter_full_svg_support/test/golden_comparison/golden_comparison_test.dart: Golden Comparison Tests Golden: text_transform matches browser render           43:48 +3438 ~2 -5: /Users/denisnadey/apps/flutter_full_svg_support/test/golden_comparison/golden_comparison_test.dart: Golden Comparison Tests Golden: text_transform matches browser render           43:49 +3438 ~2 -5: /Users/denisnadey/apps/flutter_full_svg_support/test/golden_comparison/golden_comparison_test.dart: Golden Comparison Tests Golden: text_transform matches browser render           43:50 +3438 ~2 -5: /Users/denisnadey/apps/flutter_full_svg_support/test/golden_comparison/golden_comparison_test.dart: Golden Comparison Tests Golden: text_transform matches browser render           43:51 +3438 ~2 -5: /Users/denisnadey/apps/flutter_full_svg_support/test/golden_comparison/golden_comparison_test.dart: Golden Comparison Tests Golden: text_transform matches browser render           43:52 +3438 ~2 -5: /Users/denisnadey/apps/flutter_full_svg_support/test/golden_comparison/golden_comparison_test.dart: Golden Comparison Tests Golden: text_transform matches browser render           43:53 +3438 ~2 -5: /Users/denisnadey/apps/flutter_full_svg_support/test/golden_comparison/golden_comparison_test.dart: Golden Comparison Tests Golden: text_transform matches browser render           43:54 +3438 ~2 -5: /Users/denisnadey/apps/flutter_full_svg_support/test/golden_comparison/golden_comparison_test.dart: Golden Comparison Tests Golden: text_transform matches browser render           43:55 +3438 ~2 -5: /Users/denisnadey/apps/flutter_full_svg_support/test/golden_comparison/golden_comparison_test.dart: Golden Comparison Tests Golden: text_transform matches browser render           43:56 +3438 ~2 -5: /Users/denisnadey/apps/flutter_full_svg_support/test/golden_comparison/golden_comparison_test.dart: Golden Comparison Tests Golden: text_transform matches browser render           43:57 +3438 ~2 -5: /Users/denisnadey/apps/flutter_full_svg_support/test/golden_comparison/golden_comparison_test.dart: Golden Comparison Tests Golden: text_transform matches browser render           43:58 +3438 ~2 -5: /Users/denisnadey/apps/flutter_full_svg_support/test/golden_comparison/golden_comparison_test.dart: Golden Comparison Tests Golden: text_transform matches browser render           43:59 +3438 ~2 -5: /Users/denisnadey/apps/flutter_full_svg_support/test/golden_comparison/golden_comparison_test.dart: Golden Comparison Tests Golden: text_transform matches browser render           44:00 +3438 ~2 -5: /Users/denisnadey/apps/flutter_full_svg_support/test/golden_comparison/golden_comparison_test.dart: Golden Comparison Tests Golden: text_transform matches browser render           44:01 +3438 ~2 -5: /Users/denisnadey/apps/flutter_full_svg_support/test/golden_comparison/golden_comparison_test.dart: Golden Comparison Tests Golden: text_transform matches browser render           44:02 +3438 ~2 -5: /Users/denisnadey/apps/flutter_full_svg_support/test/golden_comparison/golden_comparison_test.dart: Golden Comparison Tests Golden: text_transform matches browser render           44:03 +3438 ~2 -5: /Users/denisnadey/apps/flutter_full_svg_support/test/golden_comparison/golden_comparison_test.dart: Golden Comparison Tests Golden: text_transform matches browser render           44:04 +3438 ~2 -5: /Users/denisnadey/apps/flutter_full_svg_support/test/golden_comparison/golden_comparison_test.dart: Golden Comparison Tests Golden: text_transform matches browser render           44:05 +3438 ~2 -5: /Users/denisnadey/apps/flutter_full_svg_support/test/golden_comparison/golden_comparison_test.dart: Golden Comparison Tests Golden: text_transform matches browser render           44:06 +3438 ~2 -5: /Users/denisnadey/apps/flutter_full_svg_support/test/golden_comparison/golden_comparison_test.dart: Golden Comparison Tests Golden: text_transform matches browser render           44:07 +3438 ~2 -5: /Users/denisnadey/apps/flutter_full_svg_support/test/golden_comparison/golden_comparison_test.dart: Golden Comparison Tests Golden: text_transform matches browser render           44:08 +3438 ~2 -5: /Users/denisnadey/apps/flutter_full_svg_support/test/golden_comparison/golden_comparison_test.dart: Golden Comparison Tests Golden: text_transform matches browser render           44:09 +3438 ~2 -5: /Users/denisnadey/apps/flutter_full_svg_support/test/golden_comparison/golden_comparison_test.dart: Golden Comparison Tests Golden: text_transform matches browser render           44:10 +3438 ~2 -5: /Users/denisnadey/apps/flutter_full_svg_support/test/golden_comparison/golden_comparison_test.dart: Golden Comparison Tests Golden: text_transform matches browser render           44:11 +3438 ~2 -5: /Users/denisnadey/apps/flutter_full_svg_support/test/golden_comparison/golden_comparison_test.dart: Golden Comparison Tests Golden: text_transform matches browser render           44:12 +3438 ~2 -5: /Users/denisnadey/apps/flutter_full_svg_support/test/golden_comparison/golden_comparison_test.dart: Golden Comparison Tests Golden: text_transform matches browser render           44:13 +3438 ~2 -5: /Users/denisnadey/apps/flutter_full_svg_support/test/golden_comparison/golden_comparison_test.dart: Golden Comparison Tests Golden: text_transform matches browser render           44:14 +3438 ~2 -5: /Users/denisnadey/apps/flutter_full_svg_support/test/golden_comparison/golden_comparison_test.dart: Golden Comparison Tests Golden: text_transform matches browser render           44:15 +3438 ~2 -5: /Users/denisnadey/apps/flutter_full_svg_support/test/golden_comparison/golden_comparison_test.dart: Golden Comparison Tests Golden: text_transform matches browser render           44:16 +3438 ~2 -5: /Users/denisnadey/apps/flutter_full_svg_support/test/golden_comparison/golden_comparison_test.dart: Golden Comparison Tests Golden: text_transform matches browser render           44:17 +3438 ~2 -5: /Users/denisnadey/apps/flutter_full_svg_support/test/golden_comparison/golden_comparison_test.dart: Golden Comparison Tests Golden: text_transform matches browser render           44:18 +3438 ~2 -5: /Users/denisnadey/apps/flutter_full_svg_support/test/golden_comparison/golden_comparison_test.dart: Golden Comparison Tests Golden: text_transform matches browser render           44:19 +3438 ~2 -5: /Users/denisnadey/apps/flutter_full_svg_support/test/golden_comparison/golden_comparison_test.dart: Golden Comparison Tests Golden: text_transform matches browser render           44:20 +3438 ~2 -5: /Users/denisnadey/apps/flutter_full_svg_support/test/golden_comparison/golden_comparison_test.dart: Golden Comparison Tests Golden: text_transform matches browser render           44:21 +3438 ~2 -5: /Users/denisnadey/apps/flutter_full_svg_support/test/golden_comparison/golden_comparison_test.dart: Golden Comparison Tests Golden: text_transform matches browser render           44:22 +3438 ~2 -5: /Users/denisnadey/apps/flutter_full_svg_support/test/golden_comparison/golden_comparison_test.dart: Golden Comparison Tests Golden: text_transform matches browser render           44:23 +3438 ~2 -5: /Users/denisnadey/apps/flutter_full_svg_support/test/golden_comparison/golden_comparison_test.dart: Golden Comparison Tests Golden: text_transform matches browser render           44:24 +3438 ~2 -5: /Users/denisnadey/apps/flutter_full_svg_support/test/golden_comparison/golden_comparison_test.dart: Golden Comparison Tests Golden: text_transform matches browser render           44:25 +3438 ~2 -5: /Users/denisnadey/apps/flutter_full_svg_support/test/golden_comparison/golden_comparison_test.dart: Golden Comparison Tests Golden: text_transform matches browser render           44:26 +3438 ~2 -5: /Users/denisnadey/apps/flutter_full_svg_support/test/golden_comparison/golden_comparison_test.dart: Golden Comparison Tests Golden: text_transform matches browser render           44:27 +3438 ~2 -5: /Users/denisnadey/apps/flutter_full_svg_support/test/golden_comparison/golden_comparison_test.dart: Golden Comparison Tests Golden: text_transform matches browser render           44:28 +3438 ~2 -5: /Users/denisnadey/apps/flutter_full_svg_support/test/golden_comparison/golden_comparison_test.dart: Golden Comparison Tests Golden: text_transform matches browser render           44:29 +3438 ~2 -5: /Users/denisnadey/apps/flutter_full_svg_support/test/golden_comparison/golden_comparison_test.dart: Golden Comparison Tests Golden: text_transform matches browser render           44:30 +3438 ~2 -5: /Users/denisnadey/apps/flutter_full_svg_support/test/golden_comparison/golden_comparison_test.dart: Golden Comparison Tests Golden: text_transform matches browser render           44:31 +3438 ~2 -5: /Users/denisnadey/apps/flutter_full_svg_support/test/golden_comparison/golden_comparison_test.dart: Golden Comparison Tests Golden: text_transform matches browser render           44:32 +3438 ~2 -5: /Users/denisnadey/apps/flutter_full_svg_support/test/golden_comparison/golden_comparison_test.dart: Golden Comparison Tests Golden: text_transform matches browser render           44:33 +3438 ~2 -5: /Users/denisnadey/apps/flutter_full_svg_support/test/golden_comparison/golden_comparison_test.dart: Golden Comparison Tests Golden: text_transform matches browser render           44:34 +3438 ~2 -5: /Users/denisnadey/apps/flutter_full_svg_support/test/golden_comparison/golden_comparison_test.dart: Golden Comparison Tests Golden: text_transform matches browser render           44:35 +3438 ~2 -5: /Users/denisnadey/apps/flutter_full_svg_support/test/golden_comparison/golden_comparison_test.dart: Golden Comparison Tests Golden: text_transform matches browser render           44:36 +3438 ~2 -5: /Users/denisnadey/apps/flutter_full_svg_support/test/golden_comparison/golden_comparison_test.dart: Golden Comparison Tests Golden: text_transform matches browser render           44:37 +3438 ~2 -5: /Users/denisnadey/apps/flutter_full_svg_support/test/golden_comparison/golden_comparison_test.dart: Golden Comparison Tests Golden: text_transform matches browser render           44:38 +3438 ~2 -5: /Users/denisnadey/apps/flutter_full_svg_support/test/golden_comparison/golden_comparison_test.dart: Golden Comparison Tests Golden: text_transform matches browser render           44:39 +3438 ~2 -5: /Users/denisnadey/apps/flutter_full_svg_support/test/golden_comparison/golden_comparison_test.dart: Golden Comparison Tests Golden: text_transform matches browser render           44:40 +3438 ~2 -5: /Users/denisnadey/apps/flutter_full_svg_support/test/golden_comparison/golden_comparison_test.dart: Golden Comparison Tests Golden: text_transform matches browser render           44:41 +3438 ~2 -5: /Users/denisnadey/apps/flutter_full_svg_support/test/golden_comparison/golden_comparison_test.dart: Golden Comparison Tests Golden: text_transform matches browser render           44:42 +3438 ~2 -5: /Users/denisnadey/apps/flutter_full_svg_support/test/golden_comparison/golden_comparison_test.dart: Golden Comparison Tests Golden: text_transform matches browser render           44:43 +3438 ~2 -5: /Users/denisnadey/apps/flutter_full_svg_support/test/golden_comparison/golden_comparison_test.dart: Golden Comparison Tests Golden: text_transform matches browser render           44:44 +3438 ~2 -5: /Users/denisnadey/apps/flutter_full_svg_support/test/golden_comparison/golden_comparison_test.dart: Golden Comparison Tests Golden: text_transform matches browser render           44:45 +3438 ~2 -5: /Users/denisnadey/apps/flutter_full_svg_support/test/golden_comparison/golden_comparison_test.dart: Golden Comparison Tests Golden: text_transform matches browser render           44:46 +3438 ~2 -5: /Users/denisnadey/apps/flutter_full_svg_support/test/golden_comparison/golden_comparison_test.dart: Golden Comparison Tests Golden: text_transform matches browser render           44:47 +3438 ~2 -5: /Users/denisnadey/apps/flutter_full_svg_support/test/golden_comparison/golden_comparison_test.dart: Golden Comparison Tests Golden: text_transform matches browser render           44:48 +3438 ~2 -5: /Users/denisnadey/apps/flutter_full_svg_support/test/golden_comparison/golden_comparison_test.dart: Golden Comparison Tests Golden: text_transform matches browser render           44:49 +3438 ~2 -5: /Users/denisnadey/apps/flutter_full_svg_support/test/golden_comparison/golden_comparison_test.dart: Golden Comparison Tests Golden: text_transform matches browser render           44:50 +3438 ~2 -5: /Users/denisnadey/apps/flutter_full_svg_support/test/golden_comparison/golden_comparison_test.dart: Golden Comparison Tests Golden: text_transform matches browser render           44:51 +3438 ~2 -5: /Users/denisnadey/apps/flutter_full_svg_support/test/golden_comparison/golden_comparison_test.dart: Golden Comparison Tests Golden: text_transform matches browser render           44:52 +3438 ~2 -5: /Users/denisnadey/apps/flutter_full_svg_support/test/golden_comparison/golden_comparison_test.dart: Golden Comparison Tests Golden: text_transform matches browser render           44:53 +3438 ~2 -5: /Users/denisnadey/apps/flutter_full_svg_support/test/golden_comparison/golden_comparison_test.dart: Golden Comparison Tests Golden: text_transform matches browser render           44:54 +3438 ~2 -5: /Users/denisnadey/apps/flutter_full_svg_support/test/golden_comparison/golden_comparison_test.dart: Golden Comparison Tests Golden: text_transform matches browser render           44:55 +3438 ~2 -5: /Users/denisnadey/apps/flutter_full_svg_support/test/golden_comparison/golden_comparison_test.dart: Golden Comparison Tests Golden: text_transform matches browser render           44:56 +3438 ~2 -5: /Users/denisnadey/apps/flutter_full_svg_support/test/golden_comparison/golden_comparison_test.dart: Golden Comparison Tests Golden: text_transform matches browser render           44:57 +3438 ~2 -5: /Users/denisnadey/apps/flutter_full_svg_support/test/golden_comparison/golden_comparison_test.dart: Golden Comparison Tests Golden: text_transform matches browser render           44:58 +3438 ~2 -5: /Users/denisnadey/apps/flutter_full_svg_support/test/golden_comparison/golden_comparison_test.dart: Golden Comparison Tests Golden: text_transform matches browser render           44:59 +3438 ~2 -5: /Users/denisnadey/apps/flutter_full_svg_support/test/golden_comparison/golden_comparison_test.dart: Golden Comparison Tests Golden: text_transform matches browser render           45:00 +3438 ~2 -5: /Users/denisnadey/apps/flutter_full_svg_support/test/golden_comparison/golden_comparison_test.dart: Golden Comparison Tests Golden: text_transform matches browser render           45:01 +3438 ~2 -5: /Users/denisnadey/apps/flutter_full_svg_support/test/golden_comparison/golden_comparison_test.dart: Golden Comparison Tests Golden: text_transform matches browser render           45:02 +3438 ~2 -5: /Users/denisnadey/apps/flutter_full_svg_support/test/golden_comparison/golden_comparison_test.dart: Golden Comparison Tests Golden: text_transform matches browser render           45:03 +3438 ~2 -5: /Users/denisnadey/apps/flutter_full_svg_support/test/golden_comparison/golden_comparison_test.dart: Golden Comparison Tests Golden: text_transform matches browser render           45:04 +3438 ~2 -5: /Users/denisnadey/apps/flutter_full_svg_support/test/golden_comparison/golden_comparison_test.dart: Golden Comparison Tests Golden: text_transform matches browser render           45:05 +3438 ~2 -5: /Users/denisnadey/apps/flutter_full_svg_support/test/golden_comparison/golden_comparison_test.dart: Golden Comparison Tests Golden: text_transform matches browser render           45:06 +3438 ~2 -5: /Users/denisnadey/apps/flutter_full_svg_support/test/golden_comparison/golden_comparison_test.dart: Golden Comparison Tests Golden: text_transform matches browser render           45:07 +3438 ~2 -5: /Users/denisnadey/apps/flutter_full_svg_support/test/golden_comparison/golden_comparison_test.dart: Golden Comparison Tests Golden: text_transform matches browser render           45:08 +3438 ~2 -5: /Users/denisnadey/apps/flutter_full_svg_support/test/golden_comparison/golden_comparison_test.dart: Golden Comparison Tests Golden: text_transform matches browser render           45:09 +3438 ~2 -5: /Users/denisnadey/apps/flutter_full_svg_support/test/golden_comparison/golden_comparison_test.dart: Golden Comparison Tests Golden: text_transform matches browser render           45:10 +3438 ~2 -5: /Users/denisnadey/apps/flutter_full_svg_support/test/golden_comparison/golden_comparison_test.dart: Golden Comparison Tests Golden: text_transform matches browser render           45:11 +3438 ~2 -5: /Users/denisnadey/apps/flutter_full_svg_support/test/golden_comparison/golden_comparison_test.dart: Golden Comparison Tests Golden: text_transform matches browser render           45:12 +3438 ~2 -5: /Users/denisnadey/apps/flutter_full_svg_support/test/golden_comparison/golden_comparison_test.dart: Golden Comparison Tests Golden: text_transform matches browser render           45:13 +3438 ~2 -5: /Users/denisnadey/apps/flutter_full_svg_support/test/golden_comparison/golden_comparison_test.dart: Golden Comparison Tests Golden: text_transform matches browser render           45:14 +3438 ~2 -5: /Users/denisnadey/apps/flutter_full_svg_support/test/golden_comparison/golden_comparison_test.dart: Golden Comparison Tests Golden: text_transform matches browser render           45:15 +3438 ~2 -5: /Users/denisnadey/apps/flutter_full_svg_support/test/golden_comparison/golden_comparison_test.dart: Golden Comparison Tests Golden: text_transform matches browser render           45:16 +3438 ~2 -5: /Users/denisnadey/apps/flutter_full_svg_support/test/golden_comparison/golden_comparison_test.dart: Golden Comparison Tests Golden: text_transform matches browser render           45:17 +3438 ~2 -5: /Users/denisnadey/apps/flutter_full_svg_support/test/golden_comparison/golden_comparison_test.dart: Golden Comparison Tests Golden: text_transform matches browser render           45:18 +3438 ~2 -5: /Users/denisnadey/apps/flutter_full_svg_support/test/golden_comparison/golden_comparison_test.dart: Golden Comparison Tests Golden: text_transform matches browser render           45:19 +3438 ~2 -5: /Users/denisnadey/apps/flutter_full_svg_support/test/golden_comparison/golden_comparison_test.dart: Golden Comparison Tests Golden: text_transform matches browser render           45:20 +3438 ~2 -5: /Users/denisnadey/apps/flutter_full_svg_support/test/golden_comparison/golden_comparison_test.dart: Golden Comparison Tests Golden: text_transform matches browser render           45:21 +3438 ~2 -5: /Users/denisnadey/apps/flutter_full_svg_support/test/golden_comparison/golden_comparison_test.dart: Golden Comparison Tests Golden: text_transform matches browser render           45:22 +3438 ~2 -5: /Users/denisnadey/apps/flutter_full_svg_support/test/golden_comparison/golden_comparison_test.dart: Golden Comparison Tests Golden: text_transform matches browser render           45:23 +3438 ~2 -5: /Users/denisnadey/apps/flutter_full_svg_support/test/golden_comparison/golden_comparison_test.dart: Golden Comparison Tests Golden: text_transform matches browser render           45:24 +3438 ~2 -5: /Users/denisnadey/apps/flutter_full_svg_support/test/golden_comparison/golden_comparison_test.dart: Golden Comparison Tests Golden: text_transform matches browser render           45:25 +3438 ~2 -5: /Users/denisnadey/apps/flutter_full_svg_support/test/golden_comparison/golden_comparison_test.dart: Golden Comparison Tests Golden: text_transform matches browser render           45:26 +3438 ~2 -5: /Users/denisnadey/apps/flutter_full_svg_support/test/golden_comparison/golden_comparison_test.dart: Golden Comparison Tests Golden: text_transform matches browser render           45:27 +3438 ~2 -5: /Users/denisnadey/apps/flutter_full_svg_support/test/golden_comparison/golden_comparison_test.dart: Golden Comparison Tests Golden: text_transform matches browser render           45:28 +3438 ~2 -5: /Users/denisnadey/apps/flutter_full_svg_support/test/golden_comparison/golden_comparison_test.dart: Golden Comparison Tests Golden: text_transform matches browser render           45:29 +3438 ~2 -5: /Users/denisnadey/apps/flutter_full_svg_support/test/golden_comparison/golden_comparison_test.dart: Golden Comparison Tests Golden: text_transform matches browser render           45:30 +3438 ~2 -5: /Users/denisnadey/apps/flutter_full_svg_support/test/golden_comparison/golden_comparison_test.dart: Golden Comparison Tests Golden: text_transform matches browser render           45:31 +3438 ~2 -5: /Users/denisnadey/apps/flutter_full_svg_support/test/golden_comparison/golden_comparison_test.dart: Golden Comparison Tests Golden: text_transform matches browser render           45:32 +3438 ~2 -5: /Users/denisnadey/apps/flutter_full_svg_support/test/golden_comparison/golden_comparison_test.dart: Golden Comparison Tests Golden: text_transform matches browser render           45:33 +3438 ~2 -5: /Users/denisnadey/apps/flutter_full_svg_support/test/golden_comparison/golden_comparison_test.dart: Golden Comparison Tests Golden: text_transform matches browser render           45:34 +3438 ~2 -5: /Users/denisnadey/apps/flutter_full_svg_support/test/golden_comparison/golden_comparison_test.dart: Golden Comparison Tests Golden: text_transform matches browser render           45:35 +3438 ~2 -5: /Users/denisnadey/apps/flutter_full_svg_support/test/golden_comparison/golden_comparison_test.dart: Golden Comparison Tests Golden: text_transform matches browser render           45:36 +3438 ~2 -5: /Users/denisnadey/apps/flutter_full_svg_support/test/golden_comparison/golden_comparison_test.dart: Golden Comparison Tests Golden: text_transform matches browser render           45:37 +3438 ~2 -5: /Users/denisnadey/apps/flutter_full_svg_support/test/golden_comparison/golden_comparison_test.dart: Golden Comparison Tests Golden: text_transform matches browser render           45:38 +3438 ~2 -5: /Users/denisnadey/apps/flutter_full_svg_support/test/golden_comparison/golden_comparison_test.dart: Golden Comparison Tests Golden: text_transform matches browser render           45:39 +3438 ~2 -5: /Users/denisnadey/apps/flutter_full_svg_support/test/golden_comparison/golden_comparison_test.dart: Golden Comparison Tests Golden: text_transform matches browser render           45:40 +3438 ~2 -5: /Users/denisnadey/apps/flutter_full_svg_support/test/golden_comparison/golden_comparison_test.dart: Golden Comparison Tests Golden: text_transform matches browser render           45:41 +3438 ~2 -5: /Users/denisnadey/apps/flutter_full_svg_support/test/golden_comparison/golden_comparison_test.dart: Golden Comparison Tests Golden: text_transform matches browser render           45:42 +3438 ~2 -5: /Users/denisnadey/apps/flutter_full_svg_support/test/golden_comparison/golden_comparison_test.dart: Golden Comparison Tests Golden: text_transform matches browser render           45:43 +3438 ~2 -5: /Users/denisnadey/apps/flutter_full_svg_support/test/golden_comparison/golden_comparison_test.dart: Golden Comparison Tests Golden: text_transform matches browser render           45:44 +3438 ~2 -5: /Users/denisnadey/apps/flutter_full_svg_support/test/golden_comparison/golden_comparison_test.dart: Golden Comparison Tests Golden: text_transform matches browser render           45:45 +3438 ~2 -5: /Users/denisnadey/apps/flutter_full_svg_support/test/golden_comparison/golden_comparison_test.dart: Golden Comparison Tests Golden: text_transform matches browser render           45:46 +3438 ~2 -5: /Users/denisnadey/apps/flutter_full_svg_support/test/golden_comparison/golden_comparison_test.dart: Golden Comparison Tests Golden: text_transform matches browser render           45:47 +3438 ~2 -5: /Users/denisnadey/apps/flutter_full_svg_support/test/golden_comparison/golden_comparison_test.dart: Golden Comparison Tests Golden: text_transform matches browser render           45:48 +3438 ~2 -5: /Users/denisnadey/apps/flutter_full_svg_support/test/golden_comparison/golden_comparison_test.dart: Golden Comparison Tests Golden: text_transform matches browser render           45:49 +3438 ~2 -5: /Users/denisnadey/apps/flutter_full_svg_support/test/golden_comparison/golden_comparison_test.dart: Golden Comparison Tests Golden: text_transform matches browser render           45:50 +3438 ~2 -5: /Users/denisnadey/apps/flutter_full_svg_support/test/golden_comparison/golden_comparison_test.dart: Golden Comparison Tests Golden: text_transform matches browser render           45:51 +3438 ~2 -5: /Users/denisnadey/apps/flutter_full_svg_support/test/golden_comparison/golden_comparison_test.dart: Golden Comparison Tests Golden: text_transform matches browser render           45:52 +3438 ~2 -5: /Users/denisnadey/apps/flutter_full_svg_support/test/golden_comparison/golden_comparison_test.dart: Golden Comparison Tests Golden: text_transform matches browser render           45:53 +3438 ~2 -5: /Users/denisnadey/apps/flutter_full_svg_support/test/golden_comparison/golden_comparison_test.dart: Golden Comparison Tests Golden: text_transform matches browser render           45:54 +3438 ~2 -5: /Users/denisnadey/apps/flutter_full_svg_support/test/golden_comparison/golden_comparison_test.dart: Golden Comparison Tests Golden: text_transform matches browser render           45:55 +3438 ~2 -5: /Users/denisnadey/apps/flutter_full_svg_support/test/golden_comparison/golden_comparison_test.dart: Golden Comparison Tests Golden: text_transform matches browser render           45:56 +3438 ~2 -5: /Users/denisnadey/apps/flutter_full_svg_support/test/golden_comparison/golden_comparison_test.dart: Golden Comparison Tests Golden: text_transform matches browser render           45:57 +3438 ~2 -5: /Users/denisnadey/apps/flutter_full_svg_support/test/golden_comparison/golden_comparison_test.dart: Golden Comparison Tests Golden: text_transform matches browser render           45:58 +3438 ~2 -5: /Users/denisnadey/apps/flutter_full_svg_support/test/golden_comparison/golden_comparison_test.dart: Golden Comparison Tests Golden: text_transform matches browser render           45:59 +3438 ~2 -5: /Users/denisnadey/apps/flutter_full_svg_support/test/golden_comparison/golden_comparison_test.dart: Golden Comparison Tests Golden: text_transform matches browser render           46:00 +3438 ~2 -5: /Users/denisnadey/apps/flutter_full_svg_support/test/golden_comparison/golden_comparison_test.dart: Golden Comparison Tests Golden: text_transform matches browser render           46:01 +3438 ~2 -5: /Users/denisnadey/apps/flutter_full_svg_support/test/golden_comparison/golden_comparison_test.dart: Golden Comparison Tests Golden: text_transform matches browser render           46:02 +3438 ~2 -5: /Users/denisnadey/apps/flutter_full_svg_support/test/golden_comparison/golden_comparison_test.dart: Golden Comparison Tests Golden: text_transform matches browser render           46:03 +3438 ~2 -5: /Users/denisnadey/apps/flutter_full_svg_support/test/golden_comparison/golden_comparison_test.dart: Golden Comparison Tests Golden: text_transform matches browser render           46:04 +3438 ~2 -5: /Users/denisnadey/apps/flutter_full_svg_support/test/golden_comparison/golden_comparison_test.dart: Golden Comparison Tests Golden: text_transform matches browser render           46:05 +3438 ~2 -5: /Users/denisnadey/apps/flutter_full_svg_support/test/golden_comparison/golden_comparison_test.dart: Golden Comparison Tests Golden: text_transform matches browser render           46:06 +3438 ~2 -5: /Users/denisnadey/apps/flutter_full_svg_support/test/golden_comparison/golden_comparison_test.dart: Golden Comparison Tests Golden: text_transform matches browser render           46:07 +3438 ~2 -5: /Users/denisnadey/apps/flutter_full_svg_support/test/golden_comparison/golden_comparison_test.dart: Golden Comparison Tests Golden: text_transform matches browser render           46:08 +3438 ~2 -5: /Users/denisnadey/apps/flutter_full_svg_support/test/golden_comparison/golden_comparison_test.dart: Golden Comparison Tests Golden: text_transform matches browser render           46:09 +3438 ~2 -5: /Users/denisnadey/apps/flutter_full_svg_support/test/golden_comparison/golden_comparison_test.dart: Golden Comparison Tests Golden: text_transform matches browser render           46:10 +3438 ~2 -5: /Users/denisnadey/apps/flutter_full_svg_support/test/golden_comparison/golden_comparison_test.dart: Golden Comparison Tests Golden: text_transform matches browser render           46:11 +3438 ~2 -5: /Users/denisnadey/apps/flutter_full_svg_support/test/golden_comparison/golden_comparison_test.dart: Golden Comparison Tests Golden: text_transform matches browser render           46:12 +3438 ~2 -5: /Users/denisnadey/apps/flutter_full_svg_support/test/golden_comparison/golden_comparison_test.dart: Golden Comparison Tests Golden: text_transform matches browser render           46:13 +3438 ~2 -5: /Users/denisnadey/apps/flutter_full_svg_support/test/golden_comparison/golden_comparison_test.dart: Golden Comparison Tests Golden: text_transform matches browser render           46:14 +3438 ~2 -5: /Users/denisnadey/apps/flutter_full_svg_support/test/golden_comparison/golden_comparison_test.dart: Golden Comparison Tests Golden: text_transform matches browser render           46:15 +3438 ~2 -5: /Users/denisnadey/apps/flutter_full_svg_support/test/golden_comparison/golden_comparison_test.dart: Golden Comparison Tests Golden: text_transform matches browser render           46:16 +3438 ~2 -5: /Users/denisnadey/apps/flutter_full_svg_support/test/golden_comparison/golden_comparison_test.dart: Golden Comparison Tests Golden: text_transform matches browser render           46:17 +3438 ~2 -5: /Users/denisnadey/apps/flutter_full_svg_support/test/golden_comparison/golden_comparison_test.dart: Golden Comparison Tests Golden: text_transform matches browser render           46:18 +3438 ~2 -5: /Users/denisnadey/apps/flutter_full_svg_support/test/golden_comparison/golden_comparison_test.dart: Golden Comparison Tests Golden: text_transform matches browser render           46:19 +3438 ~2 -5: /Users/denisnadey/apps/flutter_full_svg_support/test/golden_comparison/golden_comparison_test.dart: Golden Comparison Tests Golden: text_transform matches browser render           46:20 +3438 ~2 -5: /Users/denisnadey/apps/flutter_full_svg_support/test/golden_comparison/golden_comparison_test.dart: Golden Comparison Tests Golden: text_transform matches browser render           46:21 +3438 ~2 -5: /Users/denisnadey/apps/flutter_full_svg_support/test/golden_comparison/golden_comparison_test.dart: Golden Comparison Tests Golden: text_transform matches browser render           46:22 +3438 ~2 -5: /Users/denisnadey/apps/flutter_full_svg_support/test/golden_comparison/golden_comparison_test.dart: Golden Comparison Tests Golden: text_transform matches browser render           46:23 +3438 ~2 -5: /Users/denisnadey/apps/flutter_full_svg_support/test/golden_comparison/golden_comparison_test.dart: Golden Comparison Tests Golden: text_transform matches browser render           46:24 +3438 ~2 -5: /Users/denisnadey/apps/flutter_full_svg_support/test/golden_comparison/golden_comparison_test.dart: Golden Comparison Tests Golden: text_transform matches browser render           46:25 +3438 ~2 -5: /Users/denisnadey/apps/flutter_full_svg_support/test/golden_comparison/golden_comparison_test.dart: Golden Comparison Tests Golden: text_transform matches browser render           46:26 +3438 ~2 -5: /Users/denisnadey/apps/flutter_full_svg_support/test/golden_comparison/golden_comparison_test.dart: Golden Comparison Tests Golden: text_transform matches browser render           46:27 +3438 ~2 -5: /Users/denisnadey/apps/flutter_full_svg_support/test/golden_comparison/golden_comparison_test.dart: Golden Comparison Tests Golden: text_transform matches browser render           46:28 +3438 ~2 -5: /Users/denisnadey/apps/flutter_full_svg_support/test/golden_comparison/golden_comparison_test.dart: Golden Comparison Tests Golden: text_transform matches browser render           46:29 +3438 ~2 -5: /Users/denisnadey/apps/flutter_full_svg_support/test/golden_comparison/golden_comparison_test.dart: Golden Comparison Tests Golden: text_transform matches browser render           46:30 +3438 ~2 -5: /Users/denisnadey/apps/flutter_full_svg_support/test/golden_comparison/golden_comparison_test.dart: Golden Comparison Tests Golden: text_transform matches browser render           46:31 +3438 ~2 -5: /Users/denisnadey/apps/flutter_full_svg_support/test/golden_comparison/golden_comparison_test.dart: Golden Comparison Tests Golden: text_transform matches browser render           46:32 +3438 ~2 -5: /Users/denisnadey/apps/flutter_full_svg_support/test/golden_comparison/golden_comparison_test.dart: Golden Comparison Tests Golden: text_transform matches browser render           46:32 +3438 ~2 -6: /Users/denisnadey/apps/flutter_full_svg_support/test/golden_comparison/golden_comparison_test.dart: Golden Comparison Tests Golden: text_transform matches browser render [E]       
  TimeoutException after 0:10:00.000000: Test timed out after 10 minutes.
  dart:isolate  _RawReceivePort._handleMessage
  

To run this test again: /Users/denisnadey/fvm/versions/3.38.1/bin/cache/dart-sdk/bin/dart test /Users/denisnadey/apps/flutter_full_svg_support/test/golden_comparison/golden_comparison_test.dart -p vm --plain-name 'Golden Comparison Tests Golden: text_transform matches browser render'
46:32 +3438 ~2 -6: /Users/denisnadey/apps/flutter_full_svg_support/test/golden_comparison/golden_comparison_test.dart: Golden Comparison Tests Golden: text_basic matches browser render               46:33 +3438 ~2 -6: /Users/denisnadey/apps/flutter_full_svg_support/test/golden_comparison/golden_comparison_test.dart: Golden Comparison Tests Golden: text_basic matches browser render               46:34 +3438 ~2 -6: /Users/denisnadey/apps/flutter_full_svg_support/test/golden_comparison/golden_comparison_test.dart: Golden Comparison Tests Golden: text_basic matches browser render               46:35 +3438 ~2 -6: /Users/denisnadey/apps/flutter_full_svg_support/test/golden_comparison/golden_comparison_test.dart: Golden Comparison Tests Golden: text_basic matches browser render               46:36 +3438 ~2 -6: /Users/denisnadey/apps/flutter_full_svg_support/test/golden_comparison/golden_comparison_test.dart: Golden Comparison Tests Golden: text_basic matches browser render               46:37 +3438 ~2 -6: /Users/denisnadey/apps/flutter_full_svg_support/test/golden_comparison/golden_comparison_test.dart: Golden Comparison Tests Golden: text_basic matches browser render               46:38 +3438 ~2 -6: /Users/denisnadey/apps/flutter_full_svg_support/test/golden_comparison/golden_comparison_test.dart: Golden Comparison Tests Golden: text_basic matches browser render               46:39 +3438 ~2 -6: /Users/denisnadey/apps/flutter_full_svg_support/test/golden_comparison/golden_comparison_test.dart: Golden Comparison Tests Golden: text_basic matches browser render               46:40 +3438 ~2 -6: /Users/denisnadey/apps/flutter_full_svg_support/test/golden_comparison/golden_comparison_test.dart: Golden Comparison Tests Golden: text_basic matches browser render               46:41 +3438 ~2 -6: /Users/denisnadey/apps/flutter_full_svg_support/test/golden_comparison/golden_comparison_test.dart: Golden Comparison Tests Golden: text_basic matches browser render               46:42 +3438 ~2 -6: /Users/denisnadey/apps/flutter_full_svg_support/test/golden_comparison/golden_comparison_test.dart: Golden Comparison Tests Golden: text_basic matches browser render               46:43 +3438 ~2 -6: /Users/denisnadey/apps/flutter_full_svg_support/test/golden_comparison/golden_comparison_test.dart: Golden Comparison Tests Golden: text_basic matches browser render               46:44 +3438 ~2 -6: /Users/denisnadey/apps/flutter_full_svg_support/test/golden_comparison/golden_comparison_test.dart: Golden Comparison Tests Golden: text_basic matches browser render               46:45 +3438 ~2 -6: /Users/denisnadey/apps/flutter_full_svg_support/test/golden_comparison/golden_comparison_test.dart: Golden Comparison Tests Golden: text_basic matches browser render               46:46 +3438 ~2 -6: /Users/denisnadey/apps/flutter_full_svg_support/test/golden_comparison/golden_comparison_test.dart: Golden Comparison Tests Golden: text_basic matches browser render               46:47 +3438 ~2 -6: /Users/denisnadey/apps/flutter_full_svg_support/test/golden_comparison/golden_comparison_test.dart: Golden Comparison Tests Golden: text_basic matches browser render               46:48 +3438 ~2 -6: /Users/denisnadey/apps/flutter_full_svg_support/test/golden_comparison/golden_comparison_test.dart: Golden Comparison Tests Golden: text_basic matches browser render               46:49 +3438 ~2 -6: /Users/denisnadey/apps/flutter_full_svg_support/test/golden_comparison/golden_comparison_test.dart: Golden Comparison Tests Golden: text_basic matches browser render               46:50 +3438 ~2 -6: /Users/denisnadey/apps/flutter_full_svg_support/test/golden_comparison/golden_comparison_test.dart: Golden Comparison Tests Golden: text_basic matches browser render               46:51 +3438 ~2 -6: /Users/denisnadey/apps/flutter_full_svg_support/test/golden_comparison/golden_comparison_test.dart: Golden Comparison Tests Golden: text_basic matches browser render               46:52 +3438 ~2 -6: /Users/denisnadey/apps/flutter_full_svg_support/test/golden_comparison/golden_comparison_test.dart: Golden Comparison Tests Golden: text_basic matches browser render               46:53 +3438 ~2 -6: /Users/denisnadey/apps/flutter_full_svg_support/test/golden_comparison/golden_comparison_test.dart: Golden Comparison Tests Golden: text_basic matches browser render               46:54 +3438 ~2 -6: /Users/denisnadey/apps/flutter_full_svg_support/test/golden_comparison/golden_comparison_test.dart: Golden Comparison Tests Golden: text_basic matches browser render               46:55 +3438 ~2 -6: /Users/denisnadey/apps/flutter_full_svg_support/test/golden_comparison/golden_comparison_test.dart: Golden Comparison Tests Golden: text_basic matches browser render               46:56 +3438 ~2 -6: /Users/denisnadey/apps/flutter_full_svg_support/test/golden_comparison/golden_comparison_test.dart: Golden Comparison Tests Golden: text_basic matches browser render               46:57 +3438 ~2 -6: /Users/denisnadey/apps/flutter_full_svg_support/test/golden_comparison/golden_comparison_test.dart: Golden Comparison Tests Golden: text_basic matches browser render               46:58 +3438 ~2 -6: /Users/denisnadey/apps/flutter_full_svg_support/test/golden_comparison/golden_comparison_test.dart: Golden Comparison Tests Golden: text_basic matches browser render               46:59 +3438 ~2 -6: /Users/denisnadey/apps/flutter_full_svg_support/test/golden_comparison/golden_comparison_test.dart: Golden Comparison Tests Golden: text_basic matches browser render               47:00 +3438 ~2 -6: /Users/denisnadey/apps/flutter_full_svg_support/test/golden_comparison/golden_comparison_test.dart: Golden Comparison Tests Golden: text_basic matches browser render               47:01 +3438 ~2 -6: /Users/denisnadey/apps/flutter_full_svg_support/test/golden_comparison/golden_comparison_test.dart: Golden Comparison Tests Golden: text_basic matches browser render               47:02 +3438 ~2 -6: /Users/denisnadey/apps/flutter_full_svg_support/test/golden_comparison/golden_comparison_test.dart: Golden Comparison Tests Golden: text_basic matches browser render               47:03 +3438 ~2 -6: /Users/denisnadey/apps/flutter_full_svg_support/test/golden_comparison/golden_comparison_test.dart: Golden Comparison Tests Golden: text_basic matches browser render               47:04 +3438 ~2 -6: /Users/denisnadey/apps/flutter_full_svg_support/test/golden_comparison/golden_comparison_test.dart: Golden Comparison Tests Golden: text_basic matches browser render               47:05 +3438 ~2 -6: /Users/denisnadey/apps/flutter_full_svg_support/test/golden_comparison/golden_comparison_test.dart: Golden Comparison Tests Golden: text_basic matches browser render               47:06 +3438 ~2 -6: /Users/denisnadey/apps/flutter_full_svg_support/test/golden_comparison/golden_comparison_test.dart: Golden Comparison Tests Golden: text_basic matches browser render               47:07 +3438 ~2 -6: /Users/denisnadey/apps/flutter_full_svg_support/test/golden_comparison/golden_comparison_test.dart: Golden Comparison Tests Golden: text_basic matches browser render               47:08 +3438 ~2 -6: /Users/denisnadey/apps/flutter_full_svg_support/test/golden_comparison/golden_comparison_test.dart: Golden Comparison Tests Golden: text_basic matches browser render               47:09 +3438 ~2 -6: /Users/denisnadey/apps/flutter_full_svg_support/test/golden_comparison/golden_comparison_test.dart: Golden Comparison Tests Golden: text_basic matches browser render               47:10 +3438 ~2 -6: /Users/denisnadey/apps/flutter_full_svg_support/test/golden_comparison/golden_comparison_test.dart: Golden Comparison Tests Golden: text_basic matches browser render               47:11 +3438 ~2 -6: /Users/denisnadey/apps/flutter_full_svg_support/test/golden_comparison/golden_comparison_test.dart: Golden Comparison Tests Golden: text_basic matches browser render               47:12 +3438 ~2 -6: /Users/denisnadey/apps/flutter_full_svg_support/test/golden_comparison/golden_comparison_test.dart: Golden Comparison Tests Golden: text_basic matches browser render               47:13 +3438 ~2 -6: /Users/denisnadey/apps/flutter_full_svg_support/test/golden_comparison/golden_comparison_test.dart: Golden Comparison Tests Golden: text_basic matches browser render               47:14 +3438 ~2 -6: /Users/denisnadey/apps/flutter_full_svg_support/test/golden_comparison/golden_comparison_test.dart: Golden Comparison Tests Golden: text_basic matches browser render               47:15 +3438 ~2 -6: /Users/denisnadey/apps/flutter_full_svg_support/test/golden_comparison/golden_comparison_test.dart: Golden Comparison Tests Golden: text_basic matches browser render               47:16 +3438 ~2 -6: /Users/denisnadey/apps/flutter_full_svg_support/test/golden_comparison/golden_comparison_test.dart: Golden Comparison Tests Golden: text_basic matches browser render               47:17 +3438 ~2 -6: /Users/denisnadey/apps/flutter_full_svg_support/test/golden_comparison/golden_comparison_test.dart: Golden Comparison Tests Golden: text_basic matches browser render               47:18 +3438 ~2 -6: /Users/denisnadey/apps/flutter_full_svg_support/test/golden_comparison/golden_comparison_test.dart: Golden Comparison Tests Golden: text_basic matches browser render               47:19 +3438 ~2 -6: /Users/denisnadey/apps/flutter_full_svg_support/test/golden_comparison/golden_comparison_test.dart: Golden Comparison Tests Golden: text_basic matches browser render               47:20 +3438 ~2 -6: /Users/denisnadey/apps/flutter_full_svg_support/test/golden_comparison/golden_comparison_test.dart: Golden Comparison Tests Golden: text_basic matches browser render               47:21 +3438 ~2 -6: /Users/denisnadey/apps/flutter_full_svg_support/test/golden_comparison/golden_comparison_test.dart: Golden Comparison Tests Golden: text_basic matches browser render               47:22 +3438 ~2 -6: /Users/denisnadey/apps/flutter_full_svg_support/test/golden_comparison/golden_comparison_test.dart: Golden Comparison Tests Golden: text_basic matches browser render               47:23 +3438 ~2 -6: /Users/denisnadey/apps/flutter_full_svg_support/test/golden_comparison/golden_comparison_test.dart: Golden Comparison Tests Golden: text_basic matches browser render               47:24 +3438 ~2 -6: /Users/denisnadey/apps/flutter_full_svg_support/test/golden_comparison/golden_comparison_test.dart: Golden Comparison Tests Golden: text_basic matches browser render               47:25 +3438 ~2 -6: /Users/denisnadey/apps/flutter_full_svg_support/test/golden_comparison/golden_comparison_test.dart: Golden Comparison Tests Golden: text_basic matches browser render               47:26 +3438 ~2 -6: /Users/denisnadey/apps/flutter_full_svg_support/test/golden_comparison/golden_comparison_test.dart: Golden Comparison Tests Golden: text_basic matches browser render               47:27 +3438 ~2 -6: /Users/denisnadey/apps/flutter_full_svg_support/test/golden_comparison/golden_comparison_test.dart: Golden Comparison Tests Golden: text_basic matches browser render               47:28 +3438 ~2 -6: /Users/denisnadey/apps/flutter_full_svg_support/test/golden_comparison/golden_comparison_test.dart: Golden Comparison Tests Golden: text_basic matches browser render               47:29 +3438 ~2 -6: /Users/denisnadey/apps/flutter_full_svg_support/test/golden_comparison/golden_comparison_test.dart: Golden Comparison Tests Golden: text_basic matches browser render               47:30 +3438 ~2 -6: /Users/denisnadey/apps/flutter_full_svg_support/test/golden_comparison/golden_comparison_test.dart: Golden Comparison Tests Golden: text_basic matches browser render               47:31 +3438 ~2 -6: /Users/denisnadey/apps/flutter_full_svg_support/test/golden_comparison/golden_comparison_test.dart: Golden Comparison Tests Golden: text_basic matches browser render               47:32 +3438 ~2 -6: /Users/denisnadey/apps/flutter_full_svg_support/test/golden_comparison/golden_comparison_test.dart: Golden Comparison Tests Golden: text_basic matches browser render               47:33 +3438 ~2 -6: /Users/denisnadey/apps/flutter_full_svg_support/test/golden_comparison/golden_comparison_test.dart: Golden Comparison Tests Golden: text_basic matches browser render               47:34 +3438 ~2 -6: /Users/denisnadey/apps/flutter_full_svg_support/test/golden_comparison/golden_comparison_test.dart: Golden Comparison Tests Golden: text_basic matches browser render               47:35 +3438 ~2 -6: /Users/denisnadey/apps/flutter_full_svg_support/test/golden_comparison/golden_comparison_test.dart: Golden Comparison Tests Golden: text_basic matches browser render               47:36 +3438 ~2 -6: /Users/denisnadey/apps/flutter_full_svg_support/test/golden_comparison/golden_comparison_test.dart: Golden Comparison Tests Golden: text_basic matches browser render               47:37 +3438 ~2 -6: /Users/denisnadey/apps/flutter_full_svg_support/test/golden_comparison/golden_comparison_test.dart: Golden Comparison Tests Golden: text_basic matches browser render               47:38 +3438 ~2 -6: /Users/denisnadey/apps/flutter_full_svg_support/test/golden_comparison/golden_comparison_test.dart: Golden Comparison Tests Golden: text_basic matches browser render               47:39 +3438 ~2 -6: /Users/denisnadey/apps/flutter_full_svg_support/test/golden_comparison/golden_comparison_test.dart: Golden Comparison Tests Golden: text_basic matches browser render               47:40 +3438 ~2 -6: /Users/denisnadey/apps/flutter_full_svg_support/test/golden_comparison/golden_comparison_test.dart: Golden Comparison Tests Golden: text_basic matches browser render               47:41 +3438 ~2 -6: /Users/denisnadey/apps/flutter_full_svg_support/test/golden_comparison/golden_comparison_test.dart: Golden Comparison Tests Golden: text_basic matches browser render               47:42 +3438 ~2 -6: /Users/denisnadey/apps/flutter_full_svg_support/test/golden_comparison/golden_comparison_test.dart: Golden Comparison Tests Golden: text_basic matches browser render               47:43 +3438 ~2 -6: /Users/denisnadey/apps/flutter_full_svg_support/test/golden_comparison/golden_comparison_test.dart: Golden Comparison Tests Golden: text_basic matches browser render               47:44 +3438 ~2 -6: /Users/denisnadey/apps/flutter_full_svg_support/test/golden_comparison/golden_comparison_test.dart: Golden Comparison Tests Golden: text_basic matches browser render               47:45 +3438 ~2 -6: /Users/denisnadey/apps/flutter_full_svg_support/test/golden_comparison/golden_comparison_test.dart: Golden Comparison Tests Golden: text_basic matches browser render               47:46 +3438 ~2 -6: /Users/denisnadey/apps/flutter_full_svg_support/test/golden_comparison/golden_comparison_test.dart: Golden Comparison Tests Golden: text_basic matches browser render               47:47 +3438 ~2 -6: /Users/denisnadey/apps/flutter_full_svg_support/test/golden_comparison/golden_comparison_test.dart: Golden Comparison Tests Golden: text_basic matches browser render               47:48 +3438 ~2 -6: /Users/denisnadey/apps/flutter_full_svg_support/test/golden_comparison/golden_comparison_test.dart: Golden Comparison Tests Golden: text_basic matches browser render               47:49 +3438 ~2 -6: /Users/denisnadey/apps/flutter_full_svg_support/test/golden_comparison/golden_comparison_test.dart: Golden Comparison Tests Golden: text_basic matches browser render               47:50 +3438 ~2 -6: /Users/denisnadey/apps/flutter_full_svg_support/test/golden_comparison/golden_comparison_test.dart: Golden Comparison Tests Golden: text_basic matches browser render               47:51 +3438 ~2 -6: /Users/denisnadey/apps/flutter_full_svg_support/test/golden_comparison/golden_comparison_test.dart: Golden Comparison Tests Golden: text_basic matches browser render               47:52 +3438 ~2 -6: /Users/denisnadey/apps/flutter_full_svg_support/test/golden_comparison/golden_comparison_test.dart: Golden Comparison Tests Golden: text_basic matches browser render               47:53 +3438 ~2 -6: /Users/denisnadey/apps/flutter_full_svg_support/test/golden_comparison/golden_comparison_test.dart: Golden Comparison Tests Golden: text_basic matches browser render               47:54 +3438 ~2 -6: /Users/denisnadey/apps/flutter_full_svg_support/test/golden_comparison/golden_comparison_test.dart: Golden Comparison Tests Golden: text_basic matches browser render               47:55 +3438 ~2 -6: /Users/denisnadey/apps/flutter_full_svg_support/test/golden_comparison/golden_comparison_test.dart: Golden Comparison Tests Golden: text_basic matches browser render               47:56 +3438 ~2 -6: /Users/denisnadey/apps/flutter_full_svg_support/test/golden_comparison/golden_comparison_test.dart: Golden Comparison Tests Golden: text_basic matches browser render               47:57 +3438 ~2 -6: /Users/denisnadey/apps/flutter_full_svg_support/test/golden_comparison/golden_comparison_test.dart: Golden Comparison Tests Golden: text_basic matches browser render               47:58 +3438 ~2 -6: /Users/denisnadey/apps/flutter_full_svg_support/test/golden_comparison/golden_comparison_test.dart: Golden Comparison Tests Golden: text_basic matches browser render               47:59 +3438 ~2 -6: /Users/denisnadey/apps/flutter_full_svg_support/test/golden_comparison/golden_comparison_test.dart: Golden Comparison Tests Golden: text_basic matches browser render               48:00 +3438 ~2 -6: /Users/denisnadey/apps/flutter_full_svg_support/test/golden_comparison/golden_comparison_test.dart: Golden Comparison Tests Golden: text_basic matches browser render               48:01 +3438 ~2 -6: /Users/denisnadey/apps/flutter_full_svg_support/test/golden_comparison/golden_comparison_test.dart: Golden Comparison Tests Golden: text_basic matches browser render               48:02 +3438 ~2 -6: /Users/denisnadey/apps/flutter_full_svg_support/test/golden_comparison/golden_comparison_test.dart: Golden Comparison Tests Golden: text_basic matches browser render               48:03 +3438 ~2 -6: /Users/denisnadey/apps/flutter_full_svg_support/test/golden_comparison/golden_comparison_test.dart: Golden Comparison Tests Golden: text_basic matches browser render               48:04 +3438 ~2 -6: /Users/denisnadey/apps/flutter_full_svg_support/test/golden_comparison/golden_comparison_test.dart: Golden Comparison Tests Golden: text_basic matches browser render               48:05 +3438 ~2 -6: /Users/denisnadey/apps/flutter_full_svg_support/test/golden_comparison/golden_comparison_test.dart: Golden Comparison Tests Golden: text_basic matches browser render               48:06 +3438 ~2 -6: /Users/denisnadey/apps/flutter_full_svg_support/test/golden_comparison/golden_comparison_test.dart: Golden Comparison Tests Golden: text_basic matches browser render               48:07 +3438 ~2 -6: /Users/denisnadey/apps/flutter_full_svg_support/test/golden_comparison/golden_comparison_test.dart: Golden Comparison Tests Golden: text_basic matches browser render               48:08 +3438 ~2 -6: /Users/denisnadey/apps/flutter_full_svg_support/test/golden_comparison/golden_comparison_test.dart: Golden Comparison Tests Golden: text_basic matches browser render               48:09 +3438 ~2 -6: /Users/denisnadey/apps/flutter_full_svg_support/test/golden_comparison/golden_comparison_test.dart: Golden Comparison Tests Golden: text_basic matches browser render               48:10 +3438 ~2 -6: /Users/denisnadey/apps/flutter_full_svg_support/test/golden_comparison/golden_comparison_test.dart: Golden Comparison Tests Golden: text_basic matches browser render               48:11 +3438 ~2 -6: /Users/denisnadey/apps/flutter_full_svg_support/test/golden_comparison/golden_comparison_test.dart: Golden Comparison Tests Golden: text_basic matches browser render               48:12 +3438 ~2 -6: /Users/denisnadey/apps/flutter_full_svg_support/test/golden_comparison/golden_comparison_test.dart: Golden Comparison Tests Golden: text_basic matches browser render               48:13 +3438 ~2 -6: /Users/denisnadey/apps/flutter_full_svg_support/test/golden_comparison/golden_comparison_test.dart: Golden Comparison Tests Golden: text_basic matches browser render               48:14 +3438 ~2 -6: /Users/denisnadey/apps/flutter_full_svg_support/test/golden_comparison/golden_comparison_test.dart: Golden Comparison Tests Golden: text_basic matches browser render               48:15 +3438 ~2 -6: /Users/denisnadey/apps/flutter_full_svg_support/test/golden_comparison/golden_comparison_test.dart: Golden Comparison Tests Golden: text_basic matches browser render               48:16 +3438 ~2 -6: /Users/denisnadey/apps/flutter_full_svg_support/test/golden_comparison/golden_comparison_test.dart: Golden Comparison Tests Golden: text_basic matches browser render               48:17 +3438 ~2 -6: /Users/denisnadey/apps/flutter_full_svg_support/test/golden_comparison/golden_comparison_test.dart: Golden Comparison Tests Golden: text_basic matches browser render               48:18 +3438 ~2 -6: /Users/denisnadey/apps/flutter_full_svg_support/test/golden_comparison/golden_comparison_test.dart: Golden Comparison Tests Golden: text_basic matches browser render               48:19 +3438 ~2 -6: /Users/denisnadey/apps/flutter_full_svg_support/test/golden_comparison/golden_comparison_test.dart: Golden Comparison Tests Golden: text_basic matches browser render               48:20 +3438 ~2 -6: /Users/denisnadey/apps/flutter_full_svg_support/test/golden_comparison/golden_comparison_test.dart: Golden Comparison Tests Golden: text_basic matches browser render               48:21 +3438 ~2 -6: /Users/denisnadey/apps/flutter_full_svg_support/test/golden_comparison/golden_comparison_test.dart: Golden Comparison Tests Golden: text_basic matches browser render               48:22 +3438 ~2 -6: /Users/denisnadey/apps/flutter_full_svg_support/test/golden_comparison/golden_comparison_test.dart: Golden Comparison Tests Golden: text_basic matches browser render               48:23 +3438 ~2 -6: /Users/denisnadey/apps/flutter_full_svg_support/test/golden_comparison/golden_comparison_test.dart: Golden Comparison Tests Golden: text_basic matches browser render               48:24 +3438 ~2 -6: /Users/denisnadey/apps/flutter_full_svg_support/test/golden_comparison/golden_comparison_test.dart: Golden Comparison Tests Golden: text_basic matches browser render               48:25 +3438 ~2 -6: /Users/denisnadey/apps/flutter_full_svg_support/test/golden_comparison/golden_comparison_test.dart: Golden Comparison Tests Golden: text_basic matches browser render               48:26 +3438 ~2 -6: /Users/denisnadey/apps/flutter_full_svg_support/test/golden_comparison/golden_comparison_test.dart: Golden Comparison Tests Golden: text_basic matches browser render               48:27 +3438 ~2 -6: /Users/denisnadey/apps/flutter_full_svg_support/test/golden_comparison/golden_comparison_test.dart: Golden Comparison Tests Golden: text_basic matches browser render               48:28 +3438 ~2 -6: /Users/denisnadey/apps/flutter_full_svg_support/test/golden_comparison/golden_comparison_test.dart: Golden Comparison Tests Golden: text_basic matches browser render               48:29 +3438 ~2 -6: /Users/denisnadey/apps/flutter_full_svg_support/test/golden_comparison/golden_comparison_test.dart: Golden Comparison Tests Golden: text_basic matches browser render               48:30 +3438 ~2 -6: /Users/denisnadey/apps/flutter_full_svg_support/test/golden_comparison/golden_comparison_test.dart: Golden Comparison Tests Golden: text_basic matches browser render               48:31 +3438 ~2 -6: /Users/denisnadey/apps/flutter_full_svg_support/test/golden_comparison/golden_comparison_test.dart: Golden Comparison Tests Golden: text_basic matches browser render               48:32 +3438 ~2 -6: /Users/denisnadey/apps/flutter_full_svg_support/test/golden_comparison/golden_comparison_test.dart: Golden Comparison Tests Golden: text_basic matches browser render               48:33 +3438 ~2 -6: /Users/denisnadey/apps/flutter_full_svg_support/test/golden_comparison/golden_comparison_test.dart: Golden Comparison Tests Golden: text_basic matches browser render               48:34 +3438 ~2 -6: /Users/denisnadey/apps/flutter_full_svg_support/test/golden_comparison/golden_comparison_test.dart: Golden Comparison Tests Golden: text_basic matches browser render               48:35 +3438 ~2 -6: /Users/denisnadey/apps/flutter_full_svg_support/test/golden_comparison/golden_comparison_test.dart: Golden Comparison Tests Golden: text_basic matches browser render               48:36 +3438 ~2 -6: /Users/denisnadey/apps/flutter_full_svg_support/test/golden_comparison/golden_comparison_test.dart: Golden Comparison Tests Golden: text_basic matches browser render               48:37 +3438 ~2 -6: /Users/denisnadey/apps/flutter_full_svg_support/test/golden_comparison/golden_comparison_test.dart: Golden Comparison Tests Golden: text_basic matches browser render               48:38 +3438 ~2 -6: /Users/denisnadey/apps/flutter_full_svg_support/test/golden_comparison/golden_comparison_test.dart: Golden Comparison Tests Golden: text_basic matches browser render               48:39 +3438 ~2 -6: /Users/denisnadey/apps/flutter_full_svg_support/test/golden_comparison/golden_comparison_test.dart: Golden Comparison Tests Golden: text_basic matches browser render               48:40 +3438 ~2 -6: /Users/denisnadey/apps/flutter_full_svg_support/test/golden_comparison/golden_comparison_test.dart: Golden Comparison Tests Golden: text_basic matches browser render               48:41 +3438 ~2 -6: /Users/denisnadey/apps/flutter_full_svg_support/test/golden_comparison/golden_comparison_test.dart: Golden Comparison Tests Golden: text_basic matches browser render               48:42 +3438 ~2 -6: /Users/denisnadey/apps/flutter_full_svg_support/test/golden_comparison/golden_comparison_test.dart: Golden Comparison Tests Golden: text_basic matches browser render               48:43 +3438 ~2 -6: /Users/denisnadey/apps/flutter_full_svg_support/test/golden_comparison/golden_comparison_test.dart: Golden Comparison Tests Golden: text_basic matches browser render               48:44 +3438 ~2 -6: /Users/denisnadey/apps/flutter_full_svg_support/test/golden_comparison/golden_comparison_test.dart: Golden Comparison Tests Golden: text_basic matches browser render               48:45 +3438 ~2 -6: /Users/denisnadey/apps/flutter_full_svg_support/test/golden_comparison/golden_comparison_test.dart: Golden Comparison Tests Golden: text_basic matches browser render               48:46 +3438 ~2 -6: /Users/denisnadey/apps/flutter_full_svg_support/test/golden_comparison/golden_comparison_test.dart: Golden Comparison Tests Golden: text_basic matches browser render               48:47 +3438 ~2 -6: /Users/denisnadey/apps/flutter_full_svg_support/test/golden_comparison/golden_comparison_test.dart: Golden Comparison Tests Golden: text_basic matches browser render               48:48 +3438 ~2 -6: /Users/denisnadey/apps/flutter_full_svg_support/test/golden_comparison/golden_comparison_test.dart: Golden Comparison Tests Golden: text_basic matches browser render               48:49 +3438 ~2 -6: /Users/denisnadey/apps/flutter_full_svg_support/test/golden_comparison/golden_comparison_test.dart: Golden Comparison Tests Golden: text_basic matches browser render               48:50 +3438 ~2 -6: /Users/denisnadey/apps/flutter_full_svg_support/test/golden_comparison/golden_comparison_test.dart: Golden Comparison Tests Golden: text_basic matches browser render               48:51 +3438 ~2 -6: /Users/denisnadey/apps/flutter_full_svg_support/test/golden_comparison/golden_comparison_test.dart: Golden Comparison Tests Golden: text_basic matches browser render               48:52 +3438 ~2 -6: /Users/denisnadey/apps/flutter_full_svg_support/test/golden_comparison/golden_comparison_test.dart: Golden Comparison Tests Golden: text_basic matches browser render               48:53 +3438 ~2 -6: /Users/denisnadey/apps/flutter_full_svg_support/test/golden_comparison/golden_comparison_test.dart: Golden Comparison Tests Golden: text_basic matches browser render               48:54 +3438 ~2 -6: /Users/denisnadey/apps/flutter_full_svg_support/test/golden_comparison/golden_comparison_test.dart: Golden Comparison Tests Golden: text_basic matches browser render               48:55 +3438 ~2 -6: /Users/denisnadey/apps/flutter_full_svg_support/test/golden_comparison/golden_comparison_test.dart: Golden Comparison Tests Golden: text_basic matches browser render               48:56 +3438 ~2 -6: /Users/denisnadey/apps/flutter_full_svg_support/test/golden_comparison/golden_comparison_test.dart: Golden Comparison Tests Golden: text_basic matches browser render               48:57 +3438 ~2 -6: /Users/denisnadey/apps/flutter_full_svg_support/test/golden_comparison/golden_comparison_test.dart: Golden Comparison Tests Golden: text_basic matches browser render               48:58 +3438 ~2 -6: /Users/denisnadey/apps/flutter_full_svg_support/test/golden_comparison/golden_comparison_test.dart: Golden Comparison Tests Golden: text_basic matches browser render               48:59 +3438 ~2 -6: /Users/denisnadey/apps/flutter_full_svg_support/test/golden_comparison/golden_comparison_test.dart: Golden Comparison Tests Golden: text_basic matches browser render               49:00 +3438 ~2 -6: /Users/denisnadey/apps/flutter_full_svg_support/test/golden_comparison/golden_comparison_test.dart: Golden Comparison Tests Golden: text_basic matches browser render               49:01 +3438 ~2 -6: /Users/denisnadey/apps/flutter_full_svg_support/test/golden_comparison/golden_comparison_test.dart: Golden Comparison Tests Golden: text_basic matches browser render               49:02 +3438 ~2 -6: /Users/denisnadey/apps/flutter_full_svg_support/test/golden_comparison/golden_comparison_test.dart: Golden Comparison Tests Golden: text_basic matches browser render               49:03 +3438 ~2 -6: /Users/denisnadey/apps/flutter_full_svg_support/test/golden_comparison/golden_comparison_test.dart: Golden Comparison Tests Golden: text_basic matches browser render               49:04 +3438 ~2 -6: /Users/denisnadey/apps/flutter_full_svg_support/test/golden_comparison/golden_comparison_test.dart: Golden Comparison Tests Golden: text_basic matches browser render               49:05 +3438 ~2 -6: /Users/denisnadey/apps/flutter_full_svg_support/test/golden_comparison/golden_comparison_test.dart: Golden Comparison Tests Golden: text_basic matches browser render               49:06 +3438 ~2 -6: /Users/denisnadey/apps/flutter_full_svg_support/test/golden_comparison/golden_comparison_test.dart: Golden Comparison Tests Golden: text_basic matches browser render               49:07 +3438 ~2 -6: /Users/denisnadey/apps/flutter_full_svg_support/test/golden_comparison/golden_comparison_test.dart: Golden Comparison Tests Golden: text_basic matches browser render               49:08 +3438 ~2 -6: /Users/denisnadey/apps/flutter_full_svg_support/test/golden_comparison/golden_comparison_test.dart: Golden Comparison Tests Golden: text_basic matches browser render               49:09 +3438 ~2 -6: /Users/denisnadey/apps/flutter_full_svg_support/test/golden_comparison/golden_comparison_test.dart: Golden Comparison Tests Golden: text_basic matches browser render               49:10 +3438 ~2 -6: /Users/denisnadey/apps/flutter_full_svg_support/test/golden_comparison/golden_comparison_test.dart: Golden Comparison Tests Golden: text_basic matches browser render               49:11 +3438 ~2 -6: /Users/denisnadey/apps/flutter_full_svg_support/test/golden_comparison/golden_comparison_test.dart: Golden Comparison Tests Golden: text_basic matches browser render               49:12 +3438 ~2 -6: /Users/denisnadey/apps/flutter_full_svg_support/test/golden_comparison/golden_comparison_test.dart: Golden Comparison Tests Golden: text_basic matches browser render               49:13 +3438 ~2 -6: /Users/denisnadey/apps/flutter_full_svg_support/test/golden_comparison/golden_comparison_test.dart: Golden Comparison Tests Golden: text_basic matches browser render               49:14 +3438 ~2 -6: /Users/denisnadey/apps/flutter_full_svg_support/test/golden_comparison/golden_comparison_test.dart: Golden Comparison Tests Golden: text_basic matches browser render               49:15 +3438 ~2 -6: /Users/denisnadey/apps/flutter_full_svg_support/test/golden_comparison/golden_comparison_test.dart: Golden Comparison Tests Golden: text_basic matches browser render               49:16 +3438 ~2 -6: /Users/denisnadey/apps/flutter_full_svg_support/test/golden_comparison/golden_comparison_test.dart: Golden Comparison Tests Golden: text_basic matches browser render               49:17 +3438 ~2 -6: /Users/denisnadey/apps/flutter_full_svg_support/test/golden_comparison/golden_comparison_test.dart: Golden Comparison Tests Golden: text_basic matches browser render               49:18 +3438 ~2 -6: /Users/denisnadey/apps/flutter_full_svg_support/test/golden_comparison/golden_comparison_test.dart: Golden Comparison Tests Golden: text_basic matches browser render               49:19 +3438 ~2 -6: /Users/denisnadey/apps/flutter_full_svg_support/test/golden_comparison/golden_comparison_test.dart: Golden Comparison Tests Golden: text_basic matches browser render               49:20 +3438 ~2 -6: /Users/denisnadey/apps/flutter_full_svg_support/test/golden_comparison/golden_comparison_test.dart: Golden Comparison Tests Golden: text_basic matches browser render               49:21 +3438 ~2 -6: /Users/denisnadey/apps/flutter_full_svg_support/test/golden_comparison/golden_comparison_test.dart: Golden Comparison Tests Golden: text_basic matches browser render               49:22 +3438 ~2 -6: /Users/denisnadey/apps/flutter_full_svg_support/test/golden_comparison/golden_comparison_test.dart: Golden Comparison Tests Golden: text_basic matches browser render               49:23 +3438 ~2 -6: /Users/denisnadey/apps/flutter_full_svg_support/test/golden_comparison/golden_comparison_test.dart: Golden Comparison Tests Golden: text_basic matches browser render               49:24 +3438 ~2 -6: /Users/denisnadey/apps/flutter_full_svg_support/test/golden_comparison/golden_comparison_test.dart: Golden Comparison Tests Golden: text_basic matches browser render               49:25 +3438 ~2 -6: /Users/denisnadey/apps/flutter_full_svg_support/test/golden_comparison/golden_comparison_test.dart: Golden Comparison Tests Golden: text_basic matches browser render               49:26 +3438 ~2 -6: /Users/denisnadey/apps/flutter_full_svg_support/test/golden_comparison/golden_comparison_test.dart: Golden Comparison Tests Golden: text_basic matches browser render               49:27 +3438 ~2 -6: /Users/denisnadey/apps/flutter_full_svg_support/test/golden_comparison/golden_comparison_test.dart: Golden Comparison Tests Golden: text_basic matches browser render               49:28 +3438 ~2 -6: /Users/denisnadey/apps/flutter_full_svg_support/test/golden_comparison/golden_comparison_test.dart: Golden Comparison Tests Golden: text_basic matches browser render               49:29 +3438 ~2 -6: /Users/denisnadey/apps/flutter_full_svg_support/test/golden_comparison/golden_comparison_test.dart: Golden Comparison Tests Golden: text_basic matches browser render               49:30 +3438 ~2 -6: /Users/denisnadey/apps/flutter_full_svg_support/test/golden_comparison/golden_comparison_test.dart: Golden Comparison Tests Golden: text_basic matches browser render               49:31 +3438 ~2 -6: /Users/denisnadey/apps/flutter_full_svg_support/test/golden_comparison/golden_comparison_test.dart: Golden Comparison Tests Golden: text_basic matches browser render               49:32 +3438 ~2 -6: /Users/denisnadey/apps/flutter_full_svg_support/test/golden_comparison/golden_comparison_test.dart: Golden Comparison Tests Golden: text_basic matches browser render               49:33 +3438 ~2 -6: /Users/denisnadey/apps/flutter_full_svg_support/test/golden_comparison/golden_comparison_test.dart: Golden Comparison Tests Golden: text_basic matches browser render               49:34 +3438 ~2 -6: /Users/denisnadey/apps/flutter_full_svg_support/test/golden_comparison/golden_comparison_test.dart: Golden Comparison Tests Golden: text_basic matches browser render               49:35 +3438 ~2 -6: /Users/denisnadey/apps/flutter_full_svg_support/test/golden_comparison/golden_comparison_test.dart: Golden Comparison Tests Golden: text_basic matches browser render               49:36 +3438 ~2 -6: /Users/denisnadey/apps/flutter_full_svg_support/test/golden_comparison/golden_comparison_test.dart: Golden Comparison Tests Golden: text_basic matches browser render               49:37 +3438 ~2 -6: /Users/denisnadey/apps/flutter_full_svg_support/test/golden_comparison/golden_comparison_test.dart: Golden Comparison Tests Golden: text_basic matches browser render               49:38 +3438 ~2 -6: /Users/denisnadey/apps/flutter_full_svg_support/test/golden_comparison/golden_comparison_test.dart: Golden Comparison Tests Golden: text_basic matches browser render               49:39 +3438 ~2 -6: /Users/denisnadey/apps/flutter_full_svg_support/test/golden_comparison/golden_comparison_test.dart: Golden Comparison Tests Golden: text_basic matches browser render               49:40 +3438 ~2 -6: /Users/denisnadey/apps/flutter_full_svg_support/test/golden_comparison/golden_comparison_test.dart: Golden Comparison Tests Golden: text_basic matches browser render               49:41 +3438 ~2 -6: /Users/denisnadey/apps/flutter_full_svg_support/test/golden_comparison/golden_comparison_test.dart: Golden Comparison Tests Golden: text_basic matches browser render               49:42 +3438 ~2 -6: /Users/denisnadey/apps/flutter_full_svg_support/test/golden_comparison/golden_comparison_test.dart: Golden Comparison Tests Golden: text_basic matches browser render               49:43 +3438 ~2 -6: /Users/denisnadey/apps/flutter_full_svg_support/test/golden_comparison/golden_comparison_test.dart: Golden Comparison Tests Golden: text_basic matches browser render               49:44 +3438 ~2 -6: /Users/denisnadey/apps/flutter_full_svg_support/test/golden_comparison/golden_comparison_test.dart: Golden Comparison Tests Golden: text_basic matches browser render               49:45 +3438 ~2 -6: /Users/denisnadey/apps/flutter_full_svg_support/test/golden_comparison/golden_comparison_test.dart: Golden Comparison Tests Golden: text_basic matches browser render               49:46 +3438 ~2 -6: /Users/denisnadey/apps/flutter_full_svg_support/test/golden_comparison/golden_comparison_test.dart: Golden Comparison Tests Golden: text_basic matches browser render               49:47 +3438 ~2 -6: /Users/denisnadey/apps/flutter_full_svg_support/test/golden_comparison/golden_comparison_test.dart: Golden Comparison Tests Golden: text_basic matches browser render               49:48 +3438 ~2 -6: /Users/denisnadey/apps/flutter_full_svg_support/test/golden_comparison/golden_comparison_test.dart: Golden Comparison Tests Golden: text_basic matches browser render               49:49 +3438 ~2 -6: /Users/denisnadey/apps/flutter_full_svg_support/test/golden_comparison/golden_comparison_test.dart: Golden Comparison Tests Golden: text_basic matches browser render               49:50 +3438 ~2 -6: /Users/denisnadey/apps/flutter_full_svg_support/test/golden_comparison/golden_comparison_test.dart: Golden Comparison Tests Golden: text_basic matches browser render               49:51 +3438 ~2 -6: /Users/denisnadey/apps/flutter_full_svg_support/test/golden_comparison/golden_comparison_test.dart: Golden Comparison Tests Golden: text_basic matches browser render               49:52 +3438 ~2 -6: /Users/denisnadey/apps/flutter_full_svg_support/test/golden_comparison/golden_comparison_test.dart: Golden Comparison Tests Golden: text_basic matches browser render               49:53 +3438 ~2 -6: /Users/denisnadey/apps/flutter_full_svg_support/test/golden_comparison/golden_comparison_test.dart: Golden Comparison Tests Golden: text_basic matches browser render               49:54 +3438 ~2 -6: /Users/denisnadey/apps/flutter_full_svg_support/test/golden_comparison/golden_comparison_test.dart: Golden Comparison Tests Golden: text_basic matches browser render               49:55 +3438 ~2 -6: /Users/denisnadey/apps/flutter_full_svg_support/test/golden_comparison/golden_comparison_test.dart: Golden Comparison Tests Golden: text_basic matches browser render               49:56 +3438 ~2 -6: /Users/denisnadey/apps/flutter_full_svg_support/test/golden_comparison/golden_comparison_test.dart: Golden Comparison Tests Golden: text_basic matches browser render               49:57 +3438 ~2 -6: /Users/denisnadey/apps/flutter_full_svg_support/test/golden_comparison/golden_comparison_test.dart: Golden Comparison Tests Golden: text_basic matches browser render               49:58 +3438 ~2 -6: /Users/denisnadey/apps/flutter_full_svg_support/test/golden_comparison/golden_comparison_test.dart: Golden Comparison Tests Golden: text_basic matches browser render               49:59 +3438 ~2 -6: /Users/denisnadey/apps/flutter_full_svg_support/test/golden_comparison/golden_comparison_test.dart: Golden Comparison Tests Golden: text_basic matches browser render               50:00 +3438 ~2 -6: /Users/denisnadey/apps/flutter_full_svg_support/test/golden_comparison/golden_comparison_test.dart: Golden Comparison Tests Golden: text_basic matches browser render               50:01 +3438 ~2 -6: /Users/denisnadey/apps/flutter_full_svg_support/test/golden_comparison/golden_comparison_test.dart: Golden Comparison Tests Golden: text_basic matches browser render               50:02 +3438 ~2 -6: /Users/denisnadey/apps/flutter_full_svg_support/test/golden_comparison/golden_comparison_test.dart: Golden Comparison Tests Golden: text_basic matches browser render               50:03 +3438 ~2 -6: /Users/denisnadey/apps/flutter_full_svg_support/test/golden_comparison/golden_comparison_test.dart: Golden Comparison Tests Golden: text_basic matches browser render               50:04 +3438 ~2 -6: /Users/denisnadey/apps/flutter_full_svg_support/test/golden_comparison/golden_comparison_test.dart: Golden Comparison Tests Golden: text_basic matches browser render               50:05 +3438 ~2 -6: /Users/denisnadey/apps/flutter_full_svg_support/test/golden_comparison/golden_comparison_test.dart: Golden Comparison Tests Golden: text_basic matches browser render               50:06 +3438 ~2 -6: /Users/denisnadey/apps/flutter_full_svg_support/test/golden_comparison/golden_comparison_test.dart: Golden Comparison Tests Golden: text_basic matches browser render               50:07 +3438 ~2 -6: /Users/denisnadey/apps/flutter_full_svg_support/test/golden_comparison/golden_comparison_test.dart: Golden Comparison Tests Golden: text_basic matches browser render               50:08 +3438 ~2 -6: /Users/denisnadey/apps/flutter_full_svg_support/test/golden_comparison/golden_comparison_test.dart: Golden Comparison Tests Golden: text_basic matches browser render               50:09 +3438 ~2 -6: /Users/denisnadey/apps/flutter_full_svg_support/test/golden_comparison/golden_comparison_test.dart: Golden Comparison Tests Golden: text_basic matches browser render               50:10 +3438 ~2 -6: /Users/denisnadey/apps/flutter_full_svg_support/test/golden_comparison/golden_comparison_test.dart: Golden Comparison Tests Golden: text_basic matches browser render               50:11 +3438 ~2 -6: /Users/denisnadey/apps/flutter_full_svg_support/test/golden_comparison/golden_comparison_test.dart: Golden Comparison Tests Golden: text_basic matches browser render               50:12 +3438 ~2 -6: /Users/denisnadey/apps/flutter_full_svg_support/test/golden_comparison/golden_comparison_test.dart: Golden Comparison Tests Golden: text_basic matches browser render               50:13 +3438 ~2 -6: /Users/denisnadey/apps/flutter_full_svg_support/test/golden_comparison/golden_comparison_test.dart: Golden Comparison Tests Golden: text_basic matches browser render               50:14 +3438 ~2 -6: /Users/denisnadey/apps/flutter_full_svg_support/test/golden_comparison/golden_comparison_test.dart: Golden Comparison Tests Golden: text_basic matches browser render               50:15 +3438 ~2 -6: /Users/denisnadey/apps/flutter_full_svg_support/test/golden_comparison/golden_comparison_test.dart: Golden Comparison Tests Golden: text_basic matches browser render               50:16 +3438 ~2 -6: /Users/denisnadey/apps/flutter_full_svg_support/test/golden_comparison/golden_comparison_test.dart: Golden Comparison Tests Golden: text_basic matches browser render               50:17 +3438 ~2 -6: /Users/denisnadey/apps/flutter_full_svg_support/test/golden_comparison/golden_comparison_test.dart: Golden Comparison Tests Golden: text_basic matches browser render               50:18 +3438 ~2 -6: /Users/denisnadey/apps/flutter_full_svg_support/test/golden_comparison/golden_comparison_test.dart: Golden Comparison Tests Golden: text_basic matches browser render               50:19 +3438 ~2 -6: /Users/denisnadey/apps/flutter_full_svg_support/test/golden_comparison/golden_comparison_test.dart: Golden Comparison Tests Golden: text_basic matches browser render               50:20 +3438 ~2 -6: /Users/denisnadey/apps/flutter_full_svg_support/test/golden_comparison/golden_comparison_test.dart: Golden Comparison Tests Golden: text_basic matches browser render               50:21 +3438 ~2 -6: /Users/denisnadey/apps/flutter_full_svg_support/test/golden_comparison/golden_comparison_test.dart: Golden Comparison Tests Golden: text_basic matches browser render               50:22 +3438 ~2 -6: /Users/denisnadey/apps/flutter_full_svg_support/test/golden_comparison/golden_comparison_test.dart: Golden Comparison Tests Golden: text_basic matches browser render               50:23 +3438 ~2 -6: /Users/denisnadey/apps/flutter_full_svg_support/test/golden_comparison/golden_comparison_test.dart: Golden Comparison Tests Golden: text_basic matches browser render               50:24 +3438 ~2 -6: /Users/denisnadey/apps/flutter_full_svg_support/test/golden_comparison/golden_comparison_test.dart: Golden Comparison Tests Golden: text_basic matches browser render               50:25 +3438 ~2 -6: /Users/denisnadey/apps/flutter_full_svg_support/test/golden_comparison/golden_comparison_test.dart: Golden Comparison Tests Golden: text_basic matches browser render               50:26 +3438 ~2 -6: /Users/denisnadey/apps/flutter_full_svg_support/test/golden_comparison/golden_comparison_test.dart: Golden Comparison Tests Golden: text_basic matches browser render               50:27 +3438 ~2 -6: /Users/denisnadey/apps/flutter_full_svg_support/test/golden_comparison/golden_comparison_test.dart: Golden Comparison Tests Golden: text_basic matches browser render               50:28 +3438 ~2 -6: /Users/denisnadey/apps/flutter_full_svg_support/test/golden_comparison/golden_comparison_test.dart: Golden Comparison Tests Golden: text_basic matches browser render               50:29 +3438 ~2 -6: /Users/denisnadey/apps/flutter_full_svg_support/test/golden_comparison/golden_comparison_test.dart: Golden Comparison Tests Golden: text_basic matches browser render               50:30 +3438 ~2 -6: /Users/denisnadey/apps/flutter_full_svg_support/test/golden_comparison/golden_comparison_test.dart: Golden Comparison Tests Golden: text_basic matches browser render               50:31 +3438 ~2 -6: /Users/denisnadey/apps/flutter_full_svg_support/test/golden_comparison/golden_comparison_test.dart: Golden Comparison Tests Golden: text_basic matches browser render               50:32 +3438 ~2 -6: /Users/denisnadey/apps/flutter_full_svg_support/test/golden_comparison/golden_comparison_test.dart: Golden Comparison Tests Golden: text_basic matches browser render               50:33 +3438 ~2 -6: /Users/denisnadey/apps/flutter_full_svg_support/test/golden_comparison/golden_comparison_test.dart: Golden Comparison Tests Golden: text_basic matches browser render               50:34 +3438 ~2 -6: /Users/denisnadey/apps/flutter_full_svg_support/test/golden_comparison/golden_comparison_test.dart: Golden Comparison Tests Golden: text_basic matches browser render               50:35 +3438 ~2 -6: /Users/denisnadey/apps/flutter_full_svg_support/test/golden_comparison/golden_comparison_test.dart: Golden Comparison Tests Golden: text_basic matches browser render               50:36 +3438 ~2 -6: /Users/denisnadey/apps/flutter_full_svg_support/test/golden_comparison/golden_comparison_test.dart: Golden Comparison Tests Golden: text_basic matches browser render               50:37 +3438 ~2 -6: /Users/denisnadey/apps/flutter_full_svg_support/test/golden_comparison/golden_comparison_test.dart: Golden Comparison Tests Golden: text_basic matches browser render               50:38 +3438 ~2 -6: /Users/denisnadey/apps/flutter_full_svg_support/test/golden_comparison/golden_comparison_test.dart: Golden Comparison Tests Golden: text_basic matches browser render               50:39 +3438 ~2 -6: /Users/denisnadey/apps/flutter_full_svg_support/test/golden_comparison/golden_comparison_test.dart: Golden Comparison Tests Golden: text_basic matches browser render               50:40 +3438 ~2 -6: /Users/denisnadey/apps/flutter_full_svg_support/test/golden_comparison/golden_comparison_test.dart: Golden Comparison Tests Golden: text_basic matches browser render               50:41 +3438 ~2 -6: /Users/denisnadey/apps/flutter_full_svg_support/test/golden_comparison/golden_comparison_test.dart: Golden Comparison Tests Golden: text_basic matches browser render               50:42 +3438 ~2 -6: /Users/denisnadey/apps/flutter_full_svg_support/test/golden_comparison/golden_comparison_test.dart: Golden Comparison Tests Golden: text_basic matches browser render               50:43 +3438 ~2 -6: /Users/denisnadey/apps/flutter_full_svg_support/test/golden_comparison/golden_comparison_test.dart: Golden Comparison Tests Golden: text_basic matches browser render               50:44 +3438 ~2 -6: /Users/denisnadey/apps/flutter_full_svg_support/test/golden_comparison/golden_comparison_test.dart: Golden Comparison Tests Golden: text_basic matches browser render               50:45 +3438 ~2 -6: /Users/denisnadey/apps/flutter_full_svg_support/test/golden_comparison/golden_comparison_test.dart: Golden Comparison Tests Golden: text_basic matches browser render               50:46 +3438 ~2 -6: /Users/denisnadey/apps/flutter_full_svg_support/test/golden_comparison/golden_comparison_test.dart: Golden Comparison Tests Golden: text_basic matches browser render               50:47 +3438 ~2 -6: /Users/denisnadey/apps/flutter_full_svg_support/test/golden_comparison/golden_comparison_test.dart: Golden Comparison Tests Golden: text_basic matches browser render               50:48 +3438 ~2 -6: /Users/denisnadey/apps/flutter_full_svg_support/test/golden_comparison/golden_comparison_test.dart: Golden Comparison Tests Golden: text_basic matches browser render               50:49 +3438 ~2 -6: /Users/denisnadey/apps/flutter_full_svg_support/test/golden_comparison/golden_comparison_test.dart: Golden Comparison Tests Golden: text_basic matches browser render               50:50 +3438 ~2 -6: /Users/denisnadey/apps/flutter_full_svg_support/test/golden_comparison/golden_comparison_test.dart: Golden Comparison Tests Golden: text_basic matches browser render               50:51 +3438 ~2 -6: /Users/denisnadey/apps/flutter_full_svg_support/test/golden_comparison/golden_comparison_test.dart: Golden Comparison Tests Golden: text_basic matches browser render               50:52 +3438 ~2 -6: /Users/denisnadey/apps/flutter_full_svg_support/test/golden_comparison/golden_comparison_test.dart: Golden Comparison Tests Golden: text_basic matches browser render               50:53 +3438 ~2 -6: /Users/denisnadey/apps/flutter_full_svg_support/test/golden_comparison/golden_comparison_test.dart: Golden Comparison Tests Golden: text_basic matches browser render               50:54 +3438 ~2 -6: /Users/denisnadey/apps/flutter_full_svg_support/test/golden_comparison/golden_comparison_test.dart: Golden Comparison Tests Golden: text_basic matches browser render               50:55 +3438 ~2 -6: /Users/denisnadey/apps/flutter_full_svg_support/test/golden_comparison/golden_comparison_test.dart: Golden Comparison Tests Golden: text_basic matches browser render               50:56 +3438 ~2 -6: /Users/denisnadey/apps/flutter_full_svg_support/test/golden_comparison/golden_comparison_test.dart: Golden Comparison Tests Golden: text_basic matches browser render               50:57 +3438 ~2 -6: /Users/denisnadey/apps/flutter_full_svg_support/test/golden_comparison/golden_comparison_test.dart: Golden Comparison Tests Golden: text_basic matches browser render               50:58 +3438 ~2 -6: /Users/denisnadey/apps/flutter_full_svg_support/test/golden_comparison/golden_comparison_test.dart: Golden Comparison Tests Golden: text_basic matches browser render               50:59 +3438 ~2 -6: /Users/denisnadey/apps/flutter_full_svg_support/test/golden_comparison/golden_comparison_test.dart: Golden Comparison Tests Golden: text_basic matches browser render               51:00 +3438 ~2 -6: /Users/denisnadey/apps/flutter_full_svg_support/test/golden_comparison/golden_comparison_test.dart: Golden Comparison Tests Golden: text_basic matches browser render               51:01 +3438 ~2 -6: /Users/denisnadey/apps/flutter_full_svg_support/test/golden_comparison/golden_comparison_test.dart: Golden Comparison Tests Golden: text_basic matches browser render               51:02 +3438 ~2 -6: /Users/denisnadey/apps/flutter_full_svg_support/test/golden_comparison/golden_comparison_test.dart: Golden Comparison Tests Golden: text_basic matches browser render               51:03 +3438 ~2 -6: /Users/denisnadey/apps/flutter_full_svg_support/test/golden_comparison/golden_comparison_test.dart: Golden Comparison Tests Golden: text_basic matches browser render               51:04 +3438 ~2 -6: /Users/denisnadey/apps/flutter_full_svg_support/test/golden_comparison/golden_comparison_test.dart: Golden Comparison Tests Golden: text_basic matches browser render               51:05 +3438 ~2 -6: /Users/denisnadey/apps/flutter_full_svg_support/test/golden_comparison/golden_comparison_test.dart: Golden Comparison Tests Golden: text_basic matches browser render               51:06 +3438 ~2 -6: /Users/denisnadey/apps/flutter_full_svg_support/test/golden_comparison/golden_comparison_test.dart: Golden Comparison Tests Golden: text_basic matches browser render               51:07 +3438 ~2 -6: /Users/denisnadey/apps/flutter_full_svg_support/test/golden_comparison/golden_comparison_test.dart: Golden Comparison Tests Golden: text_basic matches browser render               51:08 +3438 ~2 -6: /Users/denisnadey/apps/flutter_full_svg_support/test/golden_comparison/golden_comparison_test.dart: Golden Comparison Tests Golden: text_basic matches browser render               51:09 +3438 ~2 -6: /Users/denisnadey/apps/flutter_full_svg_support/test/golden_comparison/golden_comparison_test.dart: Golden Comparison Tests Golden: text_basic matches browser render               51:10 +3438 ~2 -6: /Users/denisnadey/apps/flutter_full_svg_support/test/golden_comparison/golden_comparison_test.dart: Golden Comparison Tests Golden: text_basic matches browser render               51:11 +3438 ~2 -6: /Users/denisnadey/apps/flutter_full_svg_support/test/golden_comparison/golden_comparison_test.dart: Golden Comparison Tests Golden: text_basic matches browser render               51:12 +3438 ~2 -6: /Users/denisnadey/apps/flutter_full_svg_support/test/golden_comparison/golden_comparison_test.dart: Golden Comparison Tests Golden: text_basic matches browser render               51:13 +3438 ~2 -6: /Users/denisnadey/apps/flutter_full_svg_support/test/golden_comparison/golden_comparison_test.dart: Golden Comparison Tests Golden: text_basic matches browser render               51:14 +3438 ~2 -6: /Users/denisnadey/apps/flutter_full_svg_support/test/golden_comparison/golden_comparison_test.dart: Golden Comparison Tests Golden: text_basic matches browser render               51:15 +3438 ~2 -6: /Users/denisnadey/apps/flutter_full_svg_support/test/golden_comparison/golden_comparison_test.dart: Golden Comparison Tests Golden: text_basic matches browser render               51:16 +3438 ~2 -6: /Users/denisnadey/apps/flutter_full_svg_support/test/golden_comparison/golden_comparison_test.dart: Golden Comparison Tests Golden: text_basic matches browser render               51:17 +3438 ~2 -6: /Users/denisnadey/apps/flutter_full_svg_support/test/golden_comparison/golden_comparison_test.dart: Golden Comparison Tests Golden: text_basic matches browser render               51:18 +3438 ~2 -6: /Users/denisnadey/apps/flutter_full_svg_support/test/golden_comparison/golden_comparison_test.dart: Golden Comparison Tests Golden: text_basic matches browser render               51:19 +3438 ~2 -6: /Users/denisnadey/apps/flutter_full_svg_support/test/golden_comparison/golden_comparison_test.dart: Golden Comparison Tests Golden: text_basic matches browser render               51:20 +3438 ~2 -6: /Users/denisnadey/apps/flutter_full_svg_support/test/golden_comparison/golden_comparison_test.dart: Golden Comparison Tests Golden: text_basic matches browser render               51:21 +3438 ~2 -6: /Users/denisnadey/apps/flutter_full_svg_support/test/golden_comparison/golden_comparison_test.dart: Golden Comparison Tests Golden: text_basic matches browser render               51:22 +3438 ~2 -6: /Users/denisnadey/apps/flutter_full_svg_support/test/golden_comparison/golden_comparison_test.dart: Golden Comparison Tests Golden: text_basic matches browser render               51:23 +3438 ~2 -6: /Users/denisnadey/apps/flutter_full_svg_support/test/golden_comparison/golden_comparison_test.dart: Golden Comparison Tests Golden: text_basic matches browser render               51:24 +3438 ~2 -6: /Users/denisnadey/apps/flutter_full_svg_support/test/golden_comparison/golden_comparison_test.dart: Golden Comparison Tests Golden: text_basic matches browser render               51:25 +3438 ~2 -6: /Users/denisnadey/apps/flutter_full_svg_support/test/golden_comparison/golden_comparison_test.dart: Golden Comparison Tests Golden: text_basic matches browser render               51:26 +3438 ~2 -6: /Users/denisnadey/apps/flutter_full_svg_support/test/golden_comparison/golden_comparison_test.dart: Golden Comparison Tests Golden: text_basic matches browser render               51:27 +3438 ~2 -6: /Users/denisnadey/apps/flutter_full_svg_support/test/golden_comparison/golden_comparison_test.dart: Golden Comparison Tests Golden: text_basic matches browser render               51:28 +3438 ~2 -6: /Users/denisnadey/apps/flutter_full_svg_support/test/golden_comparison/golden_comparison_test.dart: Golden Comparison Tests Golden: text_basic matches browser render               51:29 +3438 ~2 -6: /Users/denisnadey/apps/flutter_full_svg_support/test/golden_comparison/golden_comparison_test.dart: Golden Comparison Tests Golden: text_basic matches browser render               51:30 +3438 ~2 -6: /Users/denisnadey/apps/flutter_full_svg_support/test/golden_comparison/golden_comparison_test.dart: Golden Comparison Tests Golden: text_basic matches browser render               51:31 +3438 ~2 -6: /Users/denisnadey/apps/flutter_full_svg_support/test/golden_comparison/golden_comparison_test.dart: Golden Comparison Tests Golden: text_basic matches browser render               51:32 +3438 ~2 -6: /Users/denisnadey/apps/flutter_full_svg_support/test/golden_comparison/golden_comparison_test.dart: Golden Comparison Tests Golden: text_basic matches browser render               51:33 +3438 ~2 -6: /Users/denisnadey/apps/flutter_full_svg_support/test/golden_comparison/golden_comparison_test.dart: Golden Comparison Tests Golden: text_basic matches browser render               51:34 +3438 ~2 -6: /Users/denisnadey/apps/flutter_full_svg_support/test/golden_comparison/golden_comparison_test.dart: Golden Comparison Tests Golden: text_basic matches browser render               51:35 +3438 ~2 -6: /Users/denisnadey/apps/flutter_full_svg_support/test/golden_comparison/golden_comparison_test.dart: Golden Comparison Tests Golden: text_basic matches browser render               51:36 +3438 ~2 -6: /Users/denisnadey/apps/flutter_full_svg_support/test/golden_comparison/golden_comparison_test.dart: Golden Comparison Tests Golden: text_basic matches browser render               51:37 +3438 ~2 -6: /Users/denisnadey/apps/flutter_full_svg_support/test/golden_comparison/golden_comparison_test.dart: Golden Comparison Tests Golden: text_basic matches browser render               51:38 +3438 ~2 -6: /Users/denisnadey/apps/flutter_full_svg_support/test/golden_comparison/golden_comparison_test.dart: Golden Comparison Tests Golden: text_basic matches browser render               51:39 +3438 ~2 -6: /Users/denisnadey/apps/flutter_full_svg_support/test/golden_comparison/golden_comparison_test.dart: Golden Comparison Tests Golden: text_basic matches browser render               51:40 +3438 ~2 -6: /Users/denisnadey/apps/flutter_full_svg_support/test/golden_comparison/golden_comparison_test.dart: Golden Comparison Tests Golden: text_basic matches browser render               51:41 +3438 ~2 -6: /Users/denisnadey/apps/flutter_full_svg_support/test/golden_comparison/golden_comparison_test.dart: Golden Comparison Tests Golden: text_basic matches browser render               51:42 +3438 ~2 -6: /Users/denisnadey/apps/flutter_full_svg_support/test/golden_comparison/golden_comparison_test.dart: Golden Comparison Tests Golden: text_basic matches browser render               51:43 +3438 ~2 -6: /Users/denisnadey/apps/flutter_full_svg_support/test/golden_comparison/golden_comparison_test.dart: Golden Comparison Tests Golden: text_basic matches browser render               51:44 +3438 ~2 -6: /Users/denisnadey/apps/flutter_full_svg_support/test/golden_comparison/golden_comparison_test.dart: Golden Comparison Tests Golden: text_basic matches browser render               51:45 +3438 ~2 -6: /Users/denisnadey/apps/flutter_full_svg_support/test/golden_comparison/golden_comparison_test.dart: Golden Comparison Tests Golden: text_basic matches browser render               51:46 +3438 ~2 -6: /Users/denisnadey/apps/flutter_full_svg_support/test/golden_comparison/golden_comparison_test.dart: Golden Comparison Tests Golden: text_basic matches browser render               51:47 +3438 ~2 -6: /Users/denisnadey/apps/flutter_full_svg_support/test/golden_comparison/golden_comparison_test.dart: Golden Comparison Tests Golden: text_basic matches browser render               51:48 +3438 ~2 -6: /Users/denisnadey/apps/flutter_full_svg_support/test/golden_comparison/golden_comparison_test.dart: Golden Comparison Tests Golden: text_basic matches browser render               51:49 +3438 ~2 -6: /Users/denisnadey/apps/flutter_full_svg_support/test/golden_comparison/golden_comparison_test.dart: Golden Comparison Tests Golden: text_basic matches browser render               51:50 +3438 ~2 -6: /Users/denisnadey/apps/flutter_full_svg_support/test/golden_comparison/golden_comparison_test.dart: Golden Comparison Tests Golden: text_basic matches browser render               51:51 +3438 ~2 -6: /Users/denisnadey/apps/flutter_full_svg_support/test/golden_comparison/golden_comparison_test.dart: Golden Comparison Tests Golden: text_basic matches browser render               51:52 +3438 ~2 -6: /Users/denisnadey/apps/flutter_full_svg_support/test/golden_comparison/golden_comparison_test.dart: Golden Comparison Tests Golden: text_basic matches browser render               51:53 +3438 ~2 -6: /Users/denisnadey/apps/flutter_full_svg_support/test/golden_comparison/golden_comparison_test.dart: Golden Comparison Tests Golden: text_basic matches browser render               51:54 +3438 ~2 -6: /Users/denisnadey/apps/flutter_full_svg_support/test/golden_comparison/golden_comparison_test.dart: Golden Comparison Tests Golden: text_basic matches browser render               51:55 +3438 ~2 -6: /Users/denisnadey/apps/flutter_full_svg_support/test/golden_comparison/golden_comparison_test.dart: Golden Comparison Tests Golden: text_basic matches browser render               51:56 +3438 ~2 -6: /Users/denisnadey/apps/flutter_full_svg_support/test/golden_comparison/golden_comparison_test.dart: Golden Comparison Tests Golden: text_basic matches browser render               51:57 +3438 ~2 -6: /Users/denisnadey/apps/flutter_full_svg_support/test/golden_comparison/golden_comparison_test.dart: Golden Comparison Tests Golden: text_basic matches browser render               51:58 +3438 ~2 -6: /Users/denisnadey/apps/flutter_full_svg_support/test/golden_comparison/golden_comparison_test.dart: Golden Comparison Tests Golden: text_basic matches browser render               51:59 +3438 ~2 -6: /Users/denisnadey/apps/flutter_full_svg_support/test/golden_comparison/golden_comparison_test.dart: Golden Comparison Tests Golden: text_basic matches browser render               52:00 +3438 ~2 -6: /Users/denisnadey/apps/flutter_full_svg_support/test/golden_comparison/golden_comparison_test.dart: Golden Comparison Tests Golden: text_basic matches browser render               52:01 +3438 ~2 -6: /Users/denisnadey/apps/flutter_full_svg_support/test/golden_comparison/golden_comparison_test.dart: Golden Comparison Tests Golden: text_basic matches browser render               52:02 +3438 ~2 -6: /Users/denisnadey/apps/flutter_full_svg_support/test/golden_comparison/golden_comparison_test.dart: Golden Comparison Tests Golden: text_basic matches browser render               52:03 +3438 ~2 -6: /Users/denisnadey/apps/flutter_full_svg_support/test/golden_comparison/golden_comparison_test.dart: Golden Comparison Tests Golden: text_basic matches browser render               52:04 +3438 ~2 -6: /Users/denisnadey/apps/flutter_full_svg_support/test/golden_comparison/golden_comparison_test.dart: Golden Comparison Tests Golden: text_basic matches browser render               52:05 +3438 ~2 -6: /Users/denisnadey/apps/flutter_full_svg_support/test/golden_comparison/golden_comparison_test.dart: Golden Comparison Tests Golden: text_basic matches browser render               52:06 +3438 ~2 -6: /Users/denisnadey/apps/flutter_full_svg_support/test/golden_comparison/golden_comparison_test.dart: Golden Comparison Tests Golden: text_basic matches browser render               52:07 +3438 ~2 -6: /Users/denisnadey/apps/flutter_full_svg_support/test/golden_comparison/golden_comparison_test.dart: Golden Comparison Tests Golden: text_basic matches browser render               52:08 +3438 ~2 -6: /Users/denisnadey/apps/flutter_full_svg_support/test/golden_comparison/golden_comparison_test.dart: Golden Comparison Tests Golden: text_basic matches browser render               52:09 +3438 ~2 -6: /Users/denisnadey/apps/flutter_full_svg_support/test/golden_comparison/golden_comparison_test.dart: Golden Comparison Tests Golden: text_basic matches browser render               52:10 +3438 ~2 -6: /Users/denisnadey/apps/flutter_full_svg_support/test/golden_comparison/golden_comparison_test.dart: Golden Comparison Tests Golden: text_basic matches browser render               52:11 +3438 ~2 -6: /Users/denisnadey/apps/flutter_full_svg_support/test/golden_comparison/golden_comparison_test.dart: Golden Comparison Tests Golden: text_basic matches browser render               52:12 +3438 ~2 -6: /Users/denisnadey/apps/flutter_full_svg_support/test/golden_comparison/golden_comparison_test.dart: Golden Comparison Tests Golden: text_basic matches browser render               52:13 +3438 ~2 -6: /Users/denisnadey/apps/flutter_full_svg_support/test/golden_comparison/golden_comparison_test.dart: Golden Comparison Tests Golden: text_basic matches browser render               52:14 +3438 ~2 -6: /Users/denisnadey/apps/flutter_full_svg_support/test/golden_comparison/golden_comparison_test.dart: Golden Comparison Tests Golden: text_basic matches browser render               52:15 +3438 ~2 -6: /Users/denisnadey/apps/flutter_full_svg_support/test/golden_comparison/golden_comparison_test.dart: Golden Comparison Tests Golden: text_basic matches browser render               52:16 +3438 ~2 -6: /Users/denisnadey/apps/flutter_full_svg_support/test/golden_comparison/golden_comparison_test.dart: Golden Comparison Tests Golden: text_basic matches browser render               52:17 +3438 ~2 -6: /Users/denisnadey/apps/flutter_full_svg_support/test/golden_comparison/golden_comparison_test.dart: Golden Comparison Tests Golden: text_basic matches browser render               52:18 +3438 ~2 -6: /Users/denisnadey/apps/flutter_full_svg_support/test/golden_comparison/golden_comparison_test.dart: Golden Comparison Tests Golden: text_basic matches browser render               52:19 +3438 ~2 -6: /Users/denisnadey/apps/flutter_full_svg_support/test/golden_comparison/golden_comparison_test.dart: Golden Comparison Tests Golden: text_basic matches browser render               52:20 +3438 ~2 -6: /Users/denisnadey/apps/flutter_full_svg_support/test/golden_comparison/golden_comparison_test.dart: Golden Comparison Tests Golden: text_basic matches browser render               52:21 +3438 ~2 -6: /Users/denisnadey/apps/flutter_full_svg_support/test/golden_comparison/golden_comparison_test.dart: Golden Comparison Tests Golden: text_basic matches browser render               52:22 +3438 ~2 -6: /Users/denisnadey/apps/flutter_full_svg_support/test/golden_comparison/golden_comparison_test.dart: Golden Comparison Tests Golden: text_basic matches browser render               52:23 +3438 ~2 -6: /Users/denisnadey/apps/flutter_full_svg_support/test/golden_comparison/golden_comparison_test.dart: Golden Comparison Tests Golden: text_basic matches browser render               52:24 +3438 ~2 -6: /Users/denisnadey/apps/flutter_full_svg_support/test/golden_comparison/golden_comparison_test.dart: Golden Comparison Tests Golden: text_basic matches browser render               52:25 +3438 ~2 -6: /Users/denisnadey/apps/flutter_full_svg_support/test/golden_comparison/golden_comparison_test.dart: Golden Comparison Tests Golden: text_basic matches browser render               52:26 +3438 ~2 -6: /Users/denisnadey/apps/flutter_full_svg_support/test/golden_comparison/golden_comparison_test.dart: Golden Comparison Tests Golden: text_basic matches browser render               52:27 +3438 ~2 -6: /Users/denisnadey/apps/flutter_full_svg_support/test/golden_comparison/golden_comparison_test.dart: Golden Comparison Tests Golden: text_basic matches browser render               52:28 +3438 ~2 -6: /Users/denisnadey/apps/flutter_full_svg_support/test/golden_comparison/golden_comparison_test.dart: Golden Comparison Tests Golden: text_basic matches browser render               52:29 +3438 ~2 -6: /Users/denisnadey/apps/flutter_full_svg_support/test/golden_comparison/golden_comparison_test.dart: Golden Comparison Tests Golden: text_basic matches browser render               52:30 +3438 ~2 -6: /Users/denisnadey/apps/flutter_full_svg_support/test/golden_comparison/golden_comparison_test.dart: Golden Comparison Tests Golden: text_basic matches browser render               52:31 +3438 ~2 -6: /Users/denisnadey/apps/flutter_full_svg_support/test/golden_comparison/golden_comparison_test.dart: Golden Comparison Tests Golden: text_basic matches browser render               52:32 +3438 ~2 -6: /Users/denisnadey/apps/flutter_full_svg_support/test/golden_comparison/golden_comparison_test.dart: Golden Comparison Tests Golden: text_basic matches browser render               52:33 +3438 ~2 -6: /Users/denisnadey/apps/flutter_full_svg_support/test/golden_comparison/golden_comparison_test.dart: Golden Comparison Tests Golden: text_basic matches browser render               52:34 +3438 ~2 -6: /Users/denisnadey/apps/flutter_full_svg_support/test/golden_comparison/golden_comparison_test.dart: Golden Comparison Tests Golden: text_basic matches browser render               52:35 +3438 ~2 -6: /Users/denisnadey/apps/flutter_full_svg_support/test/golden_comparison/golden_comparison_test.dart: Golden Comparison Tests Golden: text_basic matches browser render               52:36 +3438 ~2 -6: /Users/denisnadey/apps/flutter_full_svg_support/test/golden_comparison/golden_comparison_test.dart: Golden Comparison Tests Golden: text_basic matches browser render               52:37 +3438 ~2 -6: /Users/denisnadey/apps/flutter_full_svg_support/test/golden_comparison/golden_comparison_test.dart: Golden Comparison Tests Golden: text_basic matches browser render               52:38 +3438 ~2 -6: /Users/denisnadey/apps/flutter_full_svg_support/test/golden_comparison/golden_comparison_test.dart: Golden Comparison Tests Golden: text_basic matches browser render               52:39 +3438 ~2 -6: /Users/denisnadey/apps/flutter_full_svg_support/test/golden_comparison/golden_comparison_test.dart: Golden Comparison Tests Golden: text_basic matches browser render               52:40 +3438 ~2 -6: /Users/denisnadey/apps/flutter_full_svg_support/test/golden_comparison/golden_comparison_test.dart: Golden Comparison Tests Golden: text_basic matches browser render               52:41 +3438 ~2 -6: /Users/denisnadey/apps/flutter_full_svg_support/test/golden_comparison/golden_comparison_test.dart: Golden Comparison Tests Golden: text_basic matches browser render               52:42 +3438 ~2 -6: /Users/denisnadey/apps/flutter_full_svg_support/test/golden_comparison/golden_comparison_test.dart: Golden Comparison Tests Golden: text_basic matches browser render               52:43 +3438 ~2 -6: /Users/denisnadey/apps/flutter_full_svg_support/test/golden_comparison/golden_comparison_test.dart: Golden Comparison Tests Golden: text_basic matches browser render               52:44 +3438 ~2 -6: /Users/denisnadey/apps/flutter_full_svg_support/test/golden_comparison/golden_comparison_test.dart: Golden Comparison Tests Golden: text_basic matches browser render               52:45 +3438 ~2 -6: /Users/denisnadey/apps/flutter_full_svg_support/test/golden_comparison/golden_comparison_test.dart: Golden Comparison Tests Golden: text_basic matches browser render               52:46 +3438 ~2 -6: /Users/denisnadey/apps/flutter_full_svg_support/test/golden_comparison/golden_comparison_test.dart: Golden Comparison Tests Golden: text_basic matches browser render               52:47 +3438 ~2 -6: /Users/denisnadey/apps/flutter_full_svg_support/test/golden_comparison/golden_comparison_test.dart: Golden Comparison Tests Golden: text_basic matches browser render               52:48 +3438 ~2 -6: /Users/denisnadey/apps/flutter_full_svg_support/test/golden_comparison/golden_comparison_test.dart: Golden Comparison Tests Golden: text_basic matches browser render               52:49 +3438 ~2 -6: /Users/denisnadey/apps/flutter_full_svg_support/test/golden_comparison/golden_comparison_test.dart: Golden Comparison Tests Golden: text_basic matches browser render               52:50 +3438 ~2 -6: /Users/denisnadey/apps/flutter_full_svg_support/test/golden_comparison/golden_comparison_test.dart: Golden Comparison Tests Golden: text_basic matches browser render               52:51 +3438 ~2 -6: /Users/denisnadey/apps/flutter_full_svg_support/test/golden_comparison/golden_comparison_test.dart: Golden Comparison Tests Golden: text_basic matches browser render               52:52 +3438 ~2 -6: /Users/denisnadey/apps/flutter_full_svg_support/test/golden_comparison/golden_comparison_test.dart: Golden Comparison Tests Golden: text_basic matches browser render               52:53 +3438 ~2 -6: /Users/denisnadey/apps/flutter_full_svg_support/test/golden_comparison/golden_comparison_test.dart: Golden Comparison Tests Golden: text_basic matches browser render               52:54 +3438 ~2 -6: /Users/denisnadey/apps/flutter_full_svg_support/test/golden_comparison/golden_comparison_test.dart: Golden Comparison Tests Golden: text_basic matches browser render               52:55 +3438 ~2 -6: /Users/denisnadey/apps/flutter_full_svg_support/test/golden_comparison/golden_comparison_test.dart: Golden Comparison Tests Golden: text_basic matches browser render               52:56 +3438 ~2 -6: /Users/denisnadey/apps/flutter_full_svg_support/test/golden_comparison/golden_comparison_test.dart: Golden Comparison Tests Golden: text_basic matches browser render               52:57 +3438 ~2 -6: /Users/denisnadey/apps/flutter_full_svg_support/test/golden_comparison/golden_comparison_test.dart: Golden Comparison Tests Golden: text_basic matches browser render               52:58 +3438 ~2 -6: /Users/denisnadey/apps/flutter_full_svg_support/test/golden_comparison/golden_comparison_test.dart: Golden Comparison Tests Golden: text_basic matches browser render               52:59 +3438 ~2 -6: /Users/denisnadey/apps/flutter_full_svg_support/test/golden_comparison/golden_comparison_test.dart: Golden Comparison Tests Golden: text_basic matches browser render               53:00 +3438 ~2 -6: /Users/denisnadey/apps/flutter_full_svg_support/test/golden_comparison/golden_comparison_test.dart: Golden Comparison Tests Golden: text_basic matches browser render               53:01 +3438 ~2 -6: /Users/denisnadey/apps/flutter_full_svg_support/test/golden_comparison/golden_comparison_test.dart: Golden Comparison Tests Golden: text_basic matches browser render               53:02 +3438 ~2 -6: /Users/denisnadey/apps/flutter_full_svg_support/test/golden_comparison/golden_comparison_test.dart: Golden Comparison Tests Golden: text_basic matches browser render               53:03 +3438 ~2 -6: /Users/denisnadey/apps/flutter_full_svg_support/test/golden_comparison/golden_comparison_test.dart: Golden Comparison Tests Golden: text_basic matches browser render               53:04 +3438 ~2 -6: /Users/denisnadey/apps/flutter_full_svg_support/test/golden_comparison/golden_comparison_test.dart: Golden Comparison Tests Golden: text_basic matches browser render               53:05 +3438 ~2 -6: /Users/denisnadey/apps/flutter_full_svg_support/test/golden_comparison/golden_comparison_test.dart: Golden Comparison Tests Golden: text_basic matches browser render               53:06 +3438 ~2 -6: /Users/denisnadey/apps/flutter_full_svg_support/test/golden_comparison/golden_comparison_test.dart: Golden Comparison Tests Golden: text_basic matches browser render               53:07 +3438 ~2 -6: /Users/denisnadey/apps/flutter_full_svg_support/test/golden_comparison/golden_comparison_test.dart: Golden Comparison Tests Golden: text_basic matches browser render               53:08 +3438 ~2 -6: /Users/denisnadey/apps/flutter_full_svg_support/test/golden_comparison/golden_comparison_test.dart: Golden Comparison Tests Golden: text_basic matches browser render               53:09 +3438 ~2 -6: /Users/denisnadey/apps/flutter_full_svg_support/test/golden_comparison/golden_comparison_test.dart: Golden Comparison Tests Golden: text_basic matches browser render               53:10 +3438 ~2 -6: /Users/denisnadey/apps/flutter_full_svg_support/test/golden_comparison/golden_comparison_test.dart: Golden Comparison Tests Golden: text_basic matches browser render               53:11 +3438 ~2 -6: /Users/denisnadey/apps/flutter_full_svg_support/test/golden_comparison/golden_comparison_test.dart: Golden Comparison Tests Golden: text_basic matches browser render               53:12 +3438 ~2 -6: /Users/denisnadey/apps/flutter_full_svg_support/test/golden_comparison/golden_comparison_test.dart: Golden Comparison Tests Golden: text_basic matches browser render               53:13 +3438 ~2 -6: /Users/denisnadey/apps/flutter_full_svg_support/test/golden_comparison/golden_comparison_test.dart: Golden Comparison Tests Golden: text_basic matches browser render               53:14 +3438 ~2 -6: /Users/denisnadey/apps/flutter_full_svg_support/test/golden_comparison/golden_comparison_test.dart: Golden Comparison Tests Golden: text_basic matches browser render               53:15 +3438 ~2 -6: /Users/denisnadey/apps/flutter_full_svg_support/test/golden_comparison/golden_comparison_test.dart: Golden Comparison Tests Golden: text_basic matches browser render               53:16 +3438 ~2 -6: /Users/denisnadey/apps/flutter_full_svg_support/test/golden_comparison/golden_comparison_test.dart: Golden Comparison Tests Golden: text_basic matches browser render               53:17 +3438 ~2 -6: /Users/denisnadey/apps/flutter_full_svg_support/test/golden_comparison/golden_comparison_test.dart: Golden Comparison Tests Golden: text_basic matches browser render               53:18 +3438 ~2 -6: /Users/denisnadey/apps/flutter_full_svg_support/test/golden_comparison/golden_comparison_test.dart: Golden Comparison Tests Golden: text_basic matches browser render               53:19 +3438 ~2 -6: /Users/denisnadey/apps/flutter_full_svg_support/test/golden_comparison/golden_comparison_test.dart: Golden Comparison Tests Golden: text_basic matches browser render               53:20 +3438 ~2 -6: /Users/denisnadey/apps/flutter_full_svg_support/test/golden_comparison/golden_comparison_test.dart: Golden Comparison Tests Golden: text_basic matches browser render               53:21 +3438 ~2 -6: /Users/denisnadey/apps/flutter_full_svg_support/test/golden_comparison/golden_comparison_test.dart: Golden Comparison Tests Golden: text_basic matches browser render               53:22 +3438 ~2 -6: /Users/denisnadey/apps/flutter_full_svg_support/test/golden_comparison/golden_comparison_test.dart: Golden Comparison Tests Golden: text_basic matches browser render               53:23 +3438 ~2 -6: /Users/denisnadey/apps/flutter_full_svg_support/test/golden_comparison/golden_comparison_test.dart: Golden Comparison Tests Golden: text_basic matches browser render               53:24 +3438 ~2 -6: /Users/denisnadey/apps/flutter_full_svg_support/test/golden_comparison/golden_comparison_test.dart: Golden Comparison Tests Golden: text_basic matches browser render               53:25 +3438 ~2 -6: /Users/denisnadey/apps/flutter_full_svg_support/test/golden_comparison/golden_comparison_test.dart: Golden Comparison Tests Golden: text_basic matches browser render               53:26 +3438 ~2 -6: /Users/denisnadey/apps/flutter_full_svg_support/test/golden_comparison/golden_comparison_test.dart: Golden Comparison Tests Golden: text_basic matches browser render               53:27 +3438 ~2 -6: /Users/denisnadey/apps/flutter_full_svg_support/test/golden_comparison/golden_comparison_test.dart: Golden Comparison Tests Golden: text_basic matches browser render               53:28 +3438 ~2 -6: /Users/denisnadey/apps/flutter_full_svg_support/test/golden_comparison/golden_comparison_test.dart: Golden Comparison Tests Golden: text_basic matches browser render               53:29 +3438 ~2 -6: /Users/denisnadey/apps/flutter_full_svg_support/test/golden_comparison/golden_comparison_test.dart: Golden Comparison Tests Golden: text_basic matches browser render               53:30 +3438 ~2 -6: /Users/denisnadey/apps/flutter_full_svg_support/test/golden_comparison/golden_comparison_test.dart: Golden Comparison Tests Golden: text_basic matches browser render               53:31 +3438 ~2 -6: /Users/denisnadey/apps/flutter_full_svg_support/test/golden_comparison/golden_comparison_test.dart: Golden Comparison Tests Golden: text_basic matches browser render               53:32 +3438 ~2 -6: /Users/denisnadey/apps/flutter_full_svg_support/test/golden_comparison/golden_comparison_test.dart: Golden Comparison Tests Golden: text_basic matches browser render               53:33 +3438 ~2 -6: /Users/denisnadey/apps/flutter_full_svg_support/test/golden_comparison/golden_comparison_test.dart: Golden Comparison Tests Golden: text_basic matches browser render               53:34 +3438 ~2 -6: /Users/denisnadey/apps/flutter_full_svg_support/test/golden_comparison/golden_comparison_test.dart: Golden Comparison Tests Golden: text_basic matches browser render               53:35 +3438 ~2 -6: /Users/denisnadey/apps/flutter_full_svg_support/test/golden_comparison/golden_comparison_test.dart: Golden Comparison Tests Golden: text_basic matches browser render               53:36 +3438 ~2 -6: /Users/denisnadey/apps/flutter_full_svg_support/test/golden_comparison/golden_comparison_test.dart: Golden Comparison Tests Golden: text_basic matches browser render               53:37 +3438 ~2 -6: /Users/denisnadey/apps/flutter_full_svg_support/test/golden_comparison/golden_comparison_test.dart: Golden Comparison Tests Golden: text_basic matches browser render               53:38 +3438 ~2 -6: /Users/denisnadey/apps/flutter_full_svg_support/test/golden_comparison/golden_comparison_test.dart: Golden Comparison Tests Golden: text_basic matches browser render               53:39 +3438 ~2 -6: /Users/denisnadey/apps/flutter_full_svg_support/test/golden_comparison/golden_comparison_test.dart: Golden Comparison Tests Golden: text_basic matches browser render               53:40 +3438 ~2 -6: /Users/denisnadey/apps/flutter_full_svg_support/test/golden_comparison/golden_comparison_test.dart: Golden Comparison Tests Golden: text_basic matches browser render               53:41 +3438 ~2 -6: /Users/denisnadey/apps/flutter_full_svg_support/test/golden_comparison/golden_comparison_test.dart: Golden Comparison Tests Golden: text_basic matches browser render               53:42 +3438 ~2 -6: /Users/denisnadey/apps/flutter_full_svg_support/test/golden_comparison/golden_comparison_test.dart: Golden Comparison Tests Golden: text_basic matches browser render               53:43 +3438 ~2 -6: /Users/denisnadey/apps/flutter_full_svg_support/test/golden_comparison/golden_comparison_test.dart: Golden Comparison Tests Golden: text_basic matches browser render               53:44 +3438 ~2 -6: /Users/denisnadey/apps/flutter_full_svg_support/test/golden_comparison/golden_comparison_test.dart: Golden Comparison Tests Golden: text_basic matches browser render               53:45 +3438 ~2 -6: /Users/denisnadey/apps/flutter_full_svg_support/test/golden_comparison/golden_comparison_test.dart: Golden Comparison Tests Golden: text_basic matches browser render               53:46 +3438 ~2 -6: /Users/denisnadey/apps/flutter_full_svg_support/test/golden_comparison/golden_comparison_test.dart: Golden Comparison Tests Golden: text_basic matches browser render               53:47 +3438 ~2 -6: /Users/denisnadey/apps/flutter_full_svg_support/test/golden_comparison/golden_comparison_test.dart: Golden Comparison Tests Golden: text_basic matches browser render               53:48 +3438 ~2 -6: /Users/denisnadey/apps/flutter_full_svg_support/test/golden_comparison/golden_comparison_test.dart: Golden Comparison Tests Golden: text_basic matches browser render               53:49 +3438 ~2 -6: /Users/denisnadey/apps/flutter_full_svg_support/test/golden_comparison/golden_comparison_test.dart: Golden Comparison Tests Golden: text_basic matches browser render               53:50 +3438 ~2 -6: /Users/denisnadey/apps/flutter_full_svg_support/test/golden_comparison/golden_comparison_test.dart: Golden Comparison Tests Golden: text_basic matches browser render               53:51 +3438 ~2 -6: /Users/denisnadey/apps/flutter_full_svg_support/test/golden_comparison/golden_comparison_test.dart: Golden Comparison Tests Golden: text_basic matches browser render               53:52 +3438 ~2 -6: /Users/denisnadey/apps/flutter_full_svg_support/test/golden_comparison/golden_comparison_test.dart: Golden Comparison Tests Golden: text_basic matches browser render               53:53 +3438 ~2 -6: /Users/denisnadey/apps/flutter_full_svg_support/test/golden_comparison/golden_comparison_test.dart: Golden Comparison Tests Golden: text_basic matches browser render               53:54 +3438 ~2 -6: /Users/denisnadey/apps/flutter_full_svg_support/test/golden_comparison/golden_comparison_test.dart: Golden Comparison Tests Golden: text_basic matches browser render               53:55 +3438 ~2 -6: /Users/denisnadey/apps/flutter_full_svg_support/test/golden_comparison/golden_comparison_test.dart: Golden Comparison Tests Golden: text_basic matches browser render               53:56 +3438 ~2 -6: /Users/denisnadey/apps/flutter_full_svg_support/test/golden_comparison/golden_comparison_test.dart: Golden Comparison Tests Golden: text_basic matches browser render               53:57 +3438 ~2 -6: /Users/denisnadey/apps/flutter_full_svg_support/test/golden_comparison/golden_comparison_test.dart: Golden Comparison Tests Golden: text_basic matches browser render               53:58 +3438 ~2 -6: /Users/denisnadey/apps/flutter_full_svg_support/test/golden_comparison/golden_comparison_test.dart: Golden Comparison Tests Golden: text_basic matches browser render               53:59 +3438 ~2 -6: /Users/denisnadey/apps/flutter_full_svg_support/test/golden_comparison/golden_comparison_test.dart: Golden Comparison Tests Golden: text_basic matches browser render               54:00 +3438 ~2 -6: /Users/denisnadey/apps/flutter_full_svg_support/test/golden_comparison/golden_comparison_test.dart: Golden Comparison Tests Golden: text_basic matches browser render               54:01 +3438 ~2 -6: /Users/denisnadey/apps/flutter_full_svg_support/test/golden_comparison/golden_comparison_test.dart: Golden Comparison Tests Golden: text_basic matches browser render               54:02 +3438 ~2 -6: /Users/denisnadey/apps/flutter_full_svg_support/test/golden_comparison/golden_comparison_test.dart: Golden Comparison Tests Golden: text_basic matches browser render               54:03 +3438 ~2 -6: /Users/denisnadey/apps/flutter_full_svg_support/test/golden_comparison/golden_comparison_test.dart: Golden Comparison Tests Golden: text_basic matches browser render               54:04 +3438 ~2 -6: /Users/denisnadey/apps/flutter_full_svg_support/test/golden_comparison/golden_comparison_test.dart: Golden Comparison Tests Golden: text_basic matches browser render               54:05 +3438 ~2 -6: /Users/denisnadey/apps/flutter_full_svg_support/test/golden_comparison/golden_comparison_test.dart: Golden Comparison Tests Golden: text_basic matches browser render               54:06 +3438 ~2 -6: /Users/denisnadey/apps/flutter_full_svg_support/test/golden_comparison/golden_comparison_test.dart: Golden Comparison Tests Golden: text_basic matches browser render               54:07 +3438 ~2 -6: /Users/denisnadey/apps/flutter_full_svg_support/test/golden_comparison/golden_comparison_test.dart: Golden Comparison Tests Golden: text_basic matches browser render               54:08 +3438 ~2 -6: /Users/denisnadey/apps/flutter_full_svg_support/test/golden_comparison/golden_comparison_test.dart: Golden Comparison Tests Golden: text_basic matches browser render               54:09 +3438 ~2 -6: /Users/denisnadey/apps/flutter_full_svg_support/test/golden_comparison/golden_comparison_test.dart: Golden Comparison Tests Golden: text_basic matches browser render               54:10 +3438 ~2 -6: /Users/denisnadey/apps/flutter_full_svg_support/test/golden_comparison/golden_comparison_test.dart: Golden Comparison Tests Golden: text_basic matches browser render               54:11 +3438 ~2 -6: /Users/denisnadey/apps/flutter_full_svg_support/test/golden_comparison/golden_comparison_test.dart: Golden Comparison Tests Golden: text_basic matches browser render               54:12 +3438 ~2 -6: /Users/denisnadey/apps/flutter_full_svg_support/test/golden_comparison/golden_comparison_test.dart: Golden Comparison Tests Golden: text_basic matches browser render               54:13 +3438 ~2 -6: /Users/denisnadey/apps/flutter_full_svg_support/test/golden_comparison/golden_comparison_test.dart: Golden Comparison Tests Golden: text_basic matches browser render               54:14 +3438 ~2 -6: /Users/denisnadey/apps/flutter_full_svg_support/test/golden_comparison/golden_comparison_test.dart: Golden Comparison Tests Golden: text_basic matches browser render               54:15 +3438 ~2 -6: /Users/denisnadey/apps/flutter_full_svg_support/test/golden_comparison/golden_comparison_test.dart: Golden Comparison Tests Golden: text_basic matches browser render               54:16 +3438 ~2 -6: /Users/denisnadey/apps/flutter_full_svg_support/test/golden_comparison/golden_comparison_test.dart: Golden Comparison Tests Golden: text_basic matches browser render               54:17 +3438 ~2 -6: /Users/denisnadey/apps/flutter_full_svg_support/test/golden_comparison/golden_comparison_test.dart: Golden Comparison Tests Golden: text_basic matches browser render               54:18 +3438 ~2 -6: /Users/denisnadey/apps/flutter_full_svg_support/test/golden_comparison/golden_comparison_test.dart: Golden Comparison Tests Golden: text_basic matches browser render               54:19 +3438 ~2 -6: /Users/denisnadey/apps/flutter_full_svg_support/test/golden_comparison/golden_comparison_test.dart: Golden Comparison Tests Golden: text_basic matches browser render               54:20 +3438 ~2 -6: /Users/denisnadey/apps/flutter_full_svg_support/test/golden_comparison/golden_comparison_test.dart: Golden Comparison Tests Golden: text_basic matches browser render               54:21 +3438 ~2 -6: /Users/denisnadey/apps/flutter_full_svg_support/test/golden_comparison/golden_comparison_test.dart: Golden Comparison Tests Golden: text_basic matches browser render               54:22 +3438 ~2 -6: /Users/denisnadey/apps/flutter_full_svg_support/test/golden_comparison/golden_comparison_test.dart: Golden Comparison Tests Golden: text_basic matches browser render               54:23 +3438 ~2 -6: /Users/denisnadey/apps/flutter_full_svg_support/test/golden_comparison/golden_comparison_test.dart: Golden Comparison Tests Golden: text_basic matches browser render               54:24 +3438 ~2 -6: /Users/denisnadey/apps/flutter_full_svg_support/test/golden_comparison/golden_comparison_test.dart: Golden Comparison Tests Golden: text_basic matches browser render               54:25 +3438 ~2 -6: /Users/denisnadey/apps/flutter_full_svg_support/test/golden_comparison/golden_comparison_test.dart: Golden Comparison Tests Golden: text_basic matches browser render               54:26 +3438 ~2 -6: /Users/denisnadey/apps/flutter_full_svg_support/test/golden_comparison/golden_comparison_test.dart: Golden Comparison Tests Golden: text_basic matches browser render               54:27 +3438 ~2 -6: /Users/denisnadey/apps/flutter_full_svg_support/test/golden_comparison/golden_comparison_test.dart: Golden Comparison Tests Golden: text_basic matches browser render               54:28 +3438 ~2 -6: /Users/denisnadey/apps/flutter_full_svg_support/test/golden_comparison/golden_comparison_test.dart: Golden Comparison Tests Golden: text_basic matches browser render               54:29 +3438 ~2 -6: /Users/denisnadey/apps/flutter_full_svg_support/test/golden_comparison/golden_comparison_test.dart: Golden Comparison Tests Golden: text_basic matches browser render               54:30 +3438 ~2 -6: /Users/denisnadey/apps/flutter_full_svg_support/test/golden_comparison/golden_comparison_test.dart: Golden Comparison Tests Golden: text_basic matches browser render               54:31 +3438 ~2 -6: /Users/denisnadey/apps/flutter_full_svg_support/test/golden_comparison/golden_comparison_test.dart: Golden Comparison Tests Golden: text_basic matches browser render               54:32 +3438 ~2 -6: /Users/denisnadey/apps/flutter_full_svg_support/test/golden_comparison/golden_comparison_test.dart: Golden Comparison Tests Golden: text_basic matches browser render               54:33 +3438 ~2 -6: /Users/denisnadey/apps/flutter_full_svg_support/test/golden_comparison/golden_comparison_test.dart: Golden Comparison Tests Golden: text_basic matches browser render               54:34 +3438 ~2 -6: /Users/denisnadey/apps/flutter_full_svg_support/test/golden_comparison/golden_comparison_test.dart: Golden Comparison Tests Golden: text_basic matches browser render               54:35 +3438 ~2 -6: /Users/denisnadey/apps/flutter_full_svg_support/test/golden_comparison/golden_comparison_test.dart: Golden Comparison Tests Golden: text_basic matches browser render               54:36 +3438 ~2 -6: /Users/denisnadey/apps/flutter_full_svg_support/test/golden_comparison/golden_comparison_test.dart: Golden Comparison Tests Golden: text_basic matches browser render               54:37 +3438 ~2 -6: /Users/denisnadey/apps/flutter_full_svg_support/test/golden_comparison/golden_comparison_test.dart: Golden Comparison Tests Golden: text_basic matches browser render               54:38 +3438 ~2 -6: /Users/denisnadey/apps/flutter_full_svg_support/test/golden_comparison/golden_comparison_test.dart: Golden Comparison Tests Golden: text_basic matches browser render               54:39 +3438 ~2 -6: /Users/denisnadey/apps/flutter_full_svg_support/test/golden_comparison/golden_comparison_test.dart: Golden Comparison Tests Golden: text_basic matches browser render               54:40 +3438 ~2 -6: /Users/denisnadey/apps/flutter_full_svg_support/test/golden_comparison/golden_comparison_test.dart: Golden Comparison Tests Golden: text_basic matches browser render               54:41 +3438 ~2 -6: /Users/denisnadey/apps/flutter_full_svg_support/test/golden_comparison/golden_comparison_test.dart: Golden Comparison Tests Golden: text_basic matches browser render               54:42 +3438 ~2 -6: /Users/denisnadey/apps/flutter_full_svg_support/test/golden_comparison/golden_comparison_test.dart: Golden Comparison Tests Golden: text_basic matches browser render               54:43 +3438 ~2 -6: /Users/denisnadey/apps/flutter_full_svg_support/test/golden_comparison/golden_comparison_test.dart: Golden Comparison Tests Golden: text_basic matches browser render               54:44 +3438 ~2 -6: /Users/denisnadey/apps/flutter_full_svg_support/test/golden_comparison/golden_comparison_test.dart: Golden Comparison Tests Golden: text_basic matches browser render               54:45 +3438 ~2 -6: /Users/denisnadey/apps/flutter_full_svg_support/test/golden_comparison/golden_comparison_test.dart: Golden Comparison Tests Golden: text_basic matches browser render               54:46 +3438 ~2 -6: /Users/denisnadey/apps/flutter_full_svg_support/test/golden_comparison/golden_comparison_test.dart: Golden Comparison Tests Golden: text_basic matches browser render               54:47 +3438 ~2 -6: /Users/denisnadey/apps/flutter_full_svg_support/test/golden_comparison/golden_comparison_test.dart: Golden Comparison Tests Golden: text_basic matches browser render               54:48 +3438 ~2 -6: /Users/denisnadey/apps/flutter_full_svg_support/test/golden_comparison/golden_comparison_test.dart: Golden Comparison Tests Golden: text_basic matches browser render               54:49 +3438 ~2 -6: /Users/denisnadey/apps/flutter_full_svg_support/test/golden_comparison/golden_comparison_test.dart: Golden Comparison Tests Golden: text_basic matches browser render               54:50 +3438 ~2 -6: /Users/denisnadey/apps/flutter_full_svg_support/test/golden_comparison/golden_comparison_test.dart: Golden Comparison Tests Golden: text_basic matches browser render               54:51 +3438 ~2 -6: /Users/denisnadey/apps/flutter_full_svg_support/test/golden_comparison/golden_comparison_test.dart: Golden Comparison Tests Golden: text_basic matches browser render               54:52 +3438 ~2 -6: /Users/denisnadey/apps/flutter_full_svg_support/test/golden_comparison/golden_comparison_test.dart: Golden Comparison Tests Golden: text_basic matches browser render               54:53 +3438 ~2 -6: /Users/denisnadey/apps/flutter_full_svg_support/test/golden_comparison/golden_comparison_test.dart: Golden Comparison Tests Golden: text_basic matches browser render               54:54 +3438 ~2 -6: /Users/denisnadey/apps/flutter_full_svg_support/test/golden_comparison/golden_comparison_test.dart: Golden Comparison Tests Golden: text_basic matches browser render               54:55 +3438 ~2 -6: /Users/denisnadey/apps/flutter_full_svg_support/test/golden_comparison/golden_comparison_test.dart: Golden Comparison Tests Golden: text_basic matches browser render               54:56 +3438 ~2 -6: /Users/denisnadey/apps/flutter_full_svg_support/test/golden_comparison/golden_comparison_test.dart: Golden Comparison Tests Golden: text_basic matches browser render               54:57 +3438 ~2 -6: /Users/denisnadey/apps/flutter_full_svg_support/test/golden_comparison/golden_comparison_test.dart: Golden Comparison Tests Golden: text_basic matches browser render               54:58 +3438 ~2 -6: /Users/denisnadey/apps/flutter_full_svg_support/test/golden_comparison/golden_comparison_test.dart: Golden Comparison Tests Golden: text_basic matches browser render               54:59 +3438 ~2 -6: /Users/denisnadey/apps/flutter_full_svg_support/test/golden_comparison/golden_comparison_test.dart: Golden Comparison Tests Golden: text_basic matches browser render               55:00 +3438 ~2 -6: /Users/denisnadey/apps/flutter_full_svg_support/test/golden_comparison/golden_comparison_test.dart: Golden Comparison Tests Golden: text_basic matches browser render               55:01 +3438 ~2 -6: /Users/denisnadey/apps/flutter_full_svg_support/test/golden_comparison/golden_comparison_test.dart: Golden Comparison Tests Golden: text_basic matches browser render               55:02 +3438 ~2 -6: /Users/denisnadey/apps/flutter_full_svg_support/test/golden_comparison/golden_comparison_test.dart: Golden Comparison Tests Golden: text_basic matches browser render               55:03 +3438 ~2 -6: /Users/denisnadey/apps/flutter_full_svg_support/test/golden_comparison/golden_comparison_test.dart: Golden Comparison Tests Golden: text_basic matches browser render               55:04 +3438 ~2 -6: /Users/denisnadey/apps/flutter_full_svg_support/test/golden_comparison/golden_comparison_test.dart: Golden Comparison Tests Golden: text_basic matches browser render               55:05 +3438 ~2 -6: /Users/denisnadey/apps/flutter_full_svg_support/test/golden_comparison/golden_comparison_test.dart: Golden Comparison Tests Golden: text_basic matches browser render               55:06 +3438 ~2 -6: /Users/denisnadey/apps/flutter_full_svg_support/test/golden_comparison/golden_comparison_test.dart: Golden Comparison Tests Golden: text_basic matches browser render               55:07 +3438 ~2 -6: /Users/denisnadey/apps/flutter_full_svg_support/test/golden_comparison/golden_comparison_test.dart: Golden Comparison Tests Golden: text_basic matches browser render               55:08 +3438 ~2 -6: /Users/denisnadey/apps/flutter_full_svg_support/test/golden_comparison/golden_comparison_test.dart: Golden Comparison Tests Golden: text_basic matches browser render               55:09 +3438 ~2 -6: /Users/denisnadey/apps/flutter_full_svg_support/test/golden_comparison/golden_comparison_test.dart: Golden Comparison Tests Golden: text_basic matches browser render               55:10 +3438 ~2 -6: /Users/denisnadey/apps/flutter_full_svg_support/test/golden_comparison/golden_comparison_test.dart: Golden Comparison Tests Golden: text_basic matches browser render               55:11 +3438 ~2 -6: /Users/denisnadey/apps/flutter_full_svg_support/test/golden_comparison/golden_comparison_test.dart: Golden Comparison Tests Golden: text_basic matches browser render               55:12 +3438 ~2 -6: /Users/denisnadey/apps/flutter_full_svg_support/test/golden_comparison/golden_comparison_test.dart: Golden Comparison Tests Golden: text_basic matches browser render               55:13 +3438 ~2 -6: /Users/denisnadey/apps/flutter_full_svg_support/test/golden_comparison/golden_comparison_test.dart: Golden Comparison Tests Golden: text_basic matches browser render               55:14 +3438 ~2 -6: /Users/denisnadey/apps/flutter_full_svg_support/test/golden_comparison/golden_comparison_test.dart: Golden Comparison Tests Golden: text_basic matches browser render               55:15 +3438 ~2 -6: /Users/denisnadey/apps/flutter_full_svg_support/test/golden_comparison/golden_comparison_test.dart: Golden Comparison Tests Golden: text_basic matches browser render               55:16 +3438 ~2 -6: /Users/denisnadey/apps/flutter_full_svg_support/test/golden_comparison/golden_comparison_test.dart: Golden Comparison Tests Golden: text_basic matches browser render               55:17 +3438 ~2 -6: /Users/denisnadey/apps/flutter_full_svg_support/test/golden_comparison/golden_comparison_test.dart: Golden Comparison Tests Golden: text_basic matches browser render               55:18 +3438 ~2 -6: /Users/denisnadey/apps/flutter_full_svg_support/test/golden_comparison/golden_comparison_test.dart: Golden Comparison Tests Golden: text_basic matches browser render               55:19 +3438 ~2 -6: /Users/denisnadey/apps/flutter_full_svg_support/test/golden_comparison/golden_comparison_test.dart: Golden Comparison Tests Golden: text_basic matches browser render               55:20 +3438 ~2 -6: /Users/denisnadey/apps/flutter_full_svg_support/test/golden_comparison/golden_comparison_test.dart: Golden Comparison Tests Golden: text_basic matches browser render               55:21 +3438 ~2 -6: /Users/denisnadey/apps/flutter_full_svg_support/test/golden_comparison/golden_comparison_test.dart: Golden Comparison Tests Golden: text_basic matches browser render               55:22 +3438 ~2 -6: /Users/denisnadey/apps/flutter_full_svg_support/test/golden_comparison/golden_comparison_test.dart: Golden Comparison Tests Golden: text_basic matches browser render               55:23 +3438 ~2 -6: /Users/denisnadey/apps/flutter_full_svg_support/test/golden_comparison/golden_comparison_test.dart: Golden Comparison Tests Golden: text_basic matches browser render               55:24 +3438 ~2 -6: /Users/denisnadey/apps/flutter_full_svg_support/test/golden_comparison/golden_comparison_test.dart: Golden Comparison Tests Golden: text_basic matches browser render               55:25 +3438 ~2 -6: /Users/denisnadey/apps/flutter_full_svg_support/test/golden_comparison/golden_comparison_test.dart: Golden Comparison Tests Golden: text_basic matches browser render               55:26 +3438 ~2 -6: /Users/denisnadey/apps/flutter_full_svg_support/test/golden_comparison/golden_comparison_test.dart: Golden Comparison Tests Golden: text_basic matches browser render               55:27 +3438 ~2 -6: /Users/denisnadey/apps/flutter_full_svg_support/test/golden_comparison/golden_comparison_test.dart: Golden Comparison Tests Golden: text_basic matches browser render               55:28 +3438 ~2 -6: /Users/denisnadey/apps/flutter_full_svg_support/test/golden_comparison/golden_comparison_test.dart: Golden Comparison Tests Golden: text_basic matches browser render               55:29 +3438 ~2 -6: /Users/denisnadey/apps/flutter_full_svg_support/test/golden_comparison/golden_comparison_test.dart: Golden Comparison Tests Golden: text_basic matches browser render               55:30 +3438 ~2 -6: /Users/denisnadey/apps/flutter_full_svg_support/test/golden_comparison/golden_comparison_test.dart: Golden Comparison Tests Golden: text_basic matches browser render               55:31 +3438 ~2 -6: /Users/denisnadey/apps/flutter_full_svg_support/test/golden_comparison/golden_comparison_test.dart: Golden Comparison Tests Golden: text_basic matches browser render               55:32 +3438 ~2 -6: /Users/denisnadey/apps/flutter_full_svg_support/test/golden_comparison/golden_comparison_test.dart: Golden Comparison Tests Golden: text_basic matches browser render               55:33 +3438 ~2 -6: /Users/denisnadey/apps/flutter_full_svg_support/test/golden_comparison/golden_comparison_test.dart: Golden Comparison Tests Golden: text_basic matches browser render               55:34 +3438 ~2 -6: /Users/denisnadey/apps/flutter_full_svg_support/test/golden_comparison/golden_comparison_test.dart: Golden Comparison Tests Golden: text_basic matches browser render               55:35 +3438 ~2 -6: /Users/denisnadey/apps/flutter_full_svg_support/test/golden_comparison/golden_comparison_test.dart: Golden Comparison Tests Golden: text_basic matches browser render               55:36 +3438 ~2 -6: /Users/denisnadey/apps/flutter_full_svg_support/test/golden_comparison/golden_comparison_test.dart: Golden Comparison Tests Golden: text_basic matches browser render               55:37 +3438 ~2 -6: /Users/denisnadey/apps/flutter_full_svg_support/test/golden_comparison/golden_comparison_test.dart: Golden Comparison Tests Golden: text_basic matches browser render               55:38 +3438 ~2 -6: /Users/denisnadey/apps/flutter_full_svg_support/test/golden_comparison/golden_comparison_test.dart: Golden Comparison Tests Golden: text_basic matches browser render               55:39 +3438 ~2 -6: /Users/denisnadey/apps/flutter_full_svg_support/test/golden_comparison/golden_comparison_test.dart: Golden Comparison Tests Golden: text_basic matches browser render               55:40 +3438 ~2 -6: /Users/denisnadey/apps/flutter_full_svg_support/test/golden_comparison/golden_comparison_test.dart: Golden Comparison Tests Golden: text_basic matches browser render               55:41 +3438 ~2 -6: /Users/denisnadey/apps/flutter_full_svg_support/test/golden_comparison/golden_comparison_test.dart: Golden Comparison Tests Golden: text_basic matches browser render               55:42 +3438 ~2 -6: /Users/denisnadey/apps/flutter_full_svg_support/test/golden_comparison/golden_comparison_test.dart: Golden Comparison Tests Golden: text_basic matches browser render               55:43 +3438 ~2 -6: /Users/denisnadey/apps/flutter_full_svg_support/test/golden_comparison/golden_comparison_test.dart: Golden Comparison Tests Golden: text_basic matches browser render               55:44 +3438 ~2 -6: /Users/denisnadey/apps/flutter_full_svg_support/test/golden_comparison/golden_comparison_test.dart: Golden Comparison Tests Golden: text_basic matches browser render               55:45 +3438 ~2 -6: /Users/denisnadey/apps/flutter_full_svg_support/test/golden_comparison/golden_comparison_test.dart: Golden Comparison Tests Golden: text_basic matches browser render               55:46 +3438 ~2 -6: /Users/denisnadey/apps/flutter_full_svg_support/test/golden_comparison/golden_comparison_test.dart: Golden Comparison Tests Golden: text_basic matches browser render               55:47 +3438 ~2 -6: /Users/denisnadey/apps/flutter_full_svg_support/test/golden_comparison/golden_comparison_test.dart: Golden Comparison Tests Golden: text_basic matches browser render               55:48 +3438 ~2 -6: /Users/denisnadey/apps/flutter_full_svg_support/test/golden_comparison/golden_comparison_test.dart: Golden Comparison Tests Golden: text_basic matches browser render               55:49 +3438 ~2 -6: /Users/denisnadey/apps/flutter_full_svg_support/test/golden_comparison/golden_comparison_test.dart: Golden Comparison Tests Golden: text_basic matches browser render               55:50 +3438 ~2 -6: /Users/denisnadey/apps/flutter_full_svg_support/test/golden_comparison/golden_comparison_test.dart: Golden Comparison Tests Golden: text_basic matches browser render               55:51 +3438 ~2 -6: /Users/denisnadey/apps/flutter_full_svg_support/test/golden_comparison/golden_comparison_test.dart: Golden Comparison Tests Golden: text_basic matches browser render               55:52 +3438 ~2 -6: /Users/denisnadey/apps/flutter_full_svg_support/test/golden_comparison/golden_comparison_test.dart: Golden Comparison Tests Golden: text_basic matches browser render               55:53 +3438 ~2 -6: /Users/denisnadey/apps/flutter_full_svg_support/test/golden_comparison/golden_comparison_test.dart: Golden Comparison Tests Golden: text_basic matches browser render               55:54 +3438 ~2 -6: /Users/denisnadey/apps/flutter_full_svg_support/test/golden_comparison/golden_comparison_test.dart: Golden Comparison Tests Golden: text_basic matches browser render               55:55 +3438 ~2 -6: /Users/denisnadey/apps/flutter_full_svg_support/test/golden_comparison/golden_comparison_test.dart: Golden Comparison Tests Golden: text_basic matches browser render               55:56 +3438 ~2 -6: /Users/denisnadey/apps/flutter_full_svg_support/test/golden_comparison/golden_comparison_test.dart: Golden Comparison Tests Golden: text_basic matches browser render               55:57 +3438 ~2 -6: /Users/denisnadey/apps/flutter_full_svg_support/test/golden_comparison/golden_comparison_test.dart: Golden Comparison Tests Golden: text_basic matches browser render               55:58 +3438 ~2 -6: /Users/denisnadey/apps/flutter_full_svg_support/test/golden_comparison/golden_comparison_test.dart: Golden Comparison Tests Golden: text_basic matches browser render               55:59 +3438 ~2 -6: /Users/denisnadey/apps/flutter_full_svg_support/test/golden_comparison/golden_comparison_test.dart: Golden Comparison Tests Golden: text_basic matches browser render               56:00 +3438 ~2 -6: /Users/denisnadey/apps/flutter_full_svg_support/test/golden_comparison/golden_comparison_test.dart: Golden Comparison Tests Golden: text_basic matches browser render               56:01 +3438 ~2 -6: /Users/denisnadey/apps/flutter_full_svg_support/test/golden_comparison/golden_comparison_test.dart: Golden Comparison Tests Golden: text_basic matches browser render               56:02 +3438 ~2 -6: /Users/denisnadey/apps/flutter_full_svg_support/test/golden_comparison/golden_comparison_test.dart: Golden Comparison Tests Golden: text_basic matches browser render               56:03 +3438 ~2 -6: /Users/denisnadey/apps/flutter_full_svg_support/test/golden_comparison/golden_comparison_test.dart: Golden Comparison Tests Golden: text_basic matches browser render               56:04 +3438 ~2 -6: /Users/denisnadey/apps/flutter_full_svg_support/test/golden_comparison/golden_comparison_test.dart: Golden Comparison Tests Golden: text_basic matches browser render               56:05 +3438 ~2 -6: /Users/denisnadey/apps/flutter_full_svg_support/test/golden_comparison/golden_comparison_test.dart: Golden Comparison Tests Golden: text_basic matches browser render               56:06 +3438 ~2 -6: /Users/denisnadey/apps/flutter_full_svg_support/test/golden_comparison/golden_comparison_test.dart: Golden Comparison Tests Golden: text_basic matches browser render               56:07 +3438 ~2 -6: /Users/denisnadey/apps/flutter_full_svg_support/test/golden_comparison/golden_comparison_test.dart: Golden Comparison Tests Golden: text_basic matches browser render               56:08 +3438 ~2 -6: /Users/denisnadey/apps/flutter_full_svg_support/test/golden_comparison/golden_comparison_test.dart: Golden Comparison Tests Golden: text_basic matches browser render               56:09 +3438 ~2 -6: /Users/denisnadey/apps/flutter_full_svg_support/test/golden_comparison/golden_comparison_test.dart: Golden Comparison Tests Golden: text_basic matches browser render               56:10 +3438 ~2 -6: /Users/denisnadey/apps/flutter_full_svg_support/test/golden_comparison/golden_comparison_test.dart: Golden Comparison Tests Golden: text_basic matches browser render               56:11 +3438 ~2 -6: /Users/denisnadey/apps/flutter_full_svg_support/test/golden_comparison/golden_comparison_test.dart: Golden Comparison Tests Golden: text_basic matches browser render               56:12 +3438 ~2 -6: /Users/denisnadey/apps/flutter_full_svg_support/test/golden_comparison/golden_comparison_test.dart: Golden Comparison Tests Golden: text_basic matches browser render               56:13 +3438 ~2 -6: /Users/denisnadey/apps/flutter_full_svg_support/test/golden_comparison/golden_comparison_test.dart: Golden Comparison Tests Golden: text_basic matches browser render               56:14 +3438 ~2 -6: /Users/denisnadey/apps/flutter_full_svg_support/test/golden_comparison/golden_comparison_test.dart: Golden Comparison Tests Golden: text_basic matches browser render               56:15 +3438 ~2 -6: /Users/denisnadey/apps/flutter_full_svg_support/test/golden_comparison/golden_comparison_test.dart: Golden Comparison Tests Golden: text_basic matches browser render               56:16 +3438 ~2 -6: /Users/denisnadey/apps/flutter_full_svg_support/test/golden_comparison/golden_comparison_test.dart: Golden Comparison Tests Golden: text_basic matches browser render               56:17 +3438 ~2 -6: /Users/denisnadey/apps/flutter_full_svg_support/test/golden_comparison/golden_comparison_test.dart: Golden Comparison Tests Golden: text_basic matches browser render               56:18 +3438 ~2 -6: /Users/denisnadey/apps/flutter_full_svg_support/test/golden_comparison/golden_comparison_test.dart: Golden Comparison Tests Golden: text_basic matches browser render               56:19 +3438 ~2 -6: /Users/denisnadey/apps/flutter_full_svg_support/test/golden_comparison/golden_comparison_test.dart: Golden Comparison Tests Golden: text_basic matches browser render               56:20 +3438 ~2 -6: /Users/denisnadey/apps/flutter_full_svg_support/test/golden_comparison/golden_comparison_test.dart: Golden Comparison Tests Golden: text_basic matches browser render               56:21 +3438 ~2 -6: /Users/denisnadey/apps/flutter_full_svg_support/test/golden_comparison/golden_comparison_test.dart: Golden Comparison Tests Golden: text_basic matches browser render               56:22 +3438 ~2 -6: /Users/denisnadey/apps/flutter_full_svg_support/test/golden_comparison/golden_comparison_test.dart: Golden Comparison Tests Golden: text_basic matches browser render               56:23 +3438 ~2 -6: /Users/denisnadey/apps/flutter_full_svg_support/test/golden_comparison/golden_comparison_test.dart: Golden Comparison Tests Golden: text_basic matches browser render               56:24 +3438 ~2 -6: /Users/denisnadey/apps/flutter_full_svg_support/test/golden_comparison/golden_comparison_test.dart: Golden Comparison Tests Golden: text_basic matches browser render               56:25 +3438 ~2 -6: /Users/denisnadey/apps/flutter_full_svg_support/test/golden_comparison/golden_comparison_test.dart: Golden Comparison Tests Golden: text_basic matches browser render               56:26 +3438 ~2 -6: /Users/denisnadey/apps/flutter_full_svg_support/test/golden_comparison/golden_comparison_test.dart: Golden Comparison Tests Golden: text_basic matches browser render               56:27 +3438 ~2 -6: /Users/denisnadey/apps/flutter_full_svg_support/test/golden_comparison/golden_comparison_test.dart: Golden Comparison Tests Golden: text_basic matches browser render               56:28 +3438 ~2 -6: /Users/denisnadey/apps/flutter_full_svg_support/test/golden_comparison/golden_comparison_test.dart: Golden Comparison Tests Golden: text_basic matches browser render               56:29 +3438 ~2 -6: /Users/denisnadey/apps/flutter_full_svg_support/test/golden_comparison/golden_comparison_test.dart: Golden Comparison Tests Golden: text_basic matches browser render               56:30 +3438 ~2 -6: /Users/denisnadey/apps/flutter_full_svg_support/test/golden_comparison/golden_comparison_test.dart: Golden Comparison Tests Golden: text_basic matches browser render               56:31 +3438 ~2 -6: /Users/denisnadey/apps/flutter_full_svg_support/test/golden_comparison/golden_comparison_test.dart: Golden Comparison Tests Golden: text_basic matches browser render               56:32 +3438 ~2 -6: /Users/denisnadey/apps/flutter_full_svg_support/test/golden_comparison/golden_comparison_test.dart: Golden Comparison Tests Golden: text_basic matches browser render               56:32 +3438 ~2 -7: /Users/denisnadey/apps/flutter_full_svg_support/test/golden_comparison/golden_comparison_test.dart: Golden Comparison Tests Golden: text_basic matches browser render [E]           
  TimeoutException after 0:10:00.000000: Test timed out after 10 minutes.
  dart:isolate  _RawReceivePort._handleMessage
  

To run this test again: /Users/denisnadey/fvm/versions/3.38.1/bin/cache/dart-sdk/bin/dart test /Users/denisnadey/apps/flutter_full_svg_support/test/golden_comparison/golden_comparison_test.dart -p vm --plain-name 'Golden Comparison Tests Golden: text_basic matches browser render'
56:32 +3438 ~2 -7: /Users/denisnadey/apps/flutter_full_svg_support/test/golden_comparison/golden_comparison_test.dart: Golden Comparison Tests Golden: text_embedded_font matches browser render       56:33 +3438 ~2 -7: /Users/denisnadey/apps/flutter_full_svg_support/test/golden_comparison/golden_comparison_test.dart: Golden Comparison Tests Golden: text_embedded_font matches browser render       56:34 +3438 ~2 -7: /Users/denisnadey/apps/flutter_full_svg_support/test/golden_comparison/golden_comparison_test.dart: Golden Comparison Tests Golden: text_embedded_font matches browser render       56:35 +3438 ~2 -7: /Users/denisnadey/apps/flutter_full_svg_support/test/golden_comparison/golden_comparison_test.dart: Golden Comparison Tests Golden: text_embedded_font matches browser render       56:36 +3438 ~2 -7: /Users/denisnadey/apps/flutter_full_svg_support/test/golden_comparison/golden_comparison_test.dart: Golden Comparison Tests Golden: text_embedded_font matches browser render       56:37 +3438 ~2 -7: /Users/denisnadey/apps/flutter_full_svg_support/test/golden_comparison/golden_comparison_test.dart: Golden Comparison Tests Golden: text_embedded_font matches browser render       56:38 +3438 ~2 -7: /Users/denisnadey/apps/flutter_full_svg_support/test/golden_comparison/golden_comparison_test.dart: Golden Comparison Tests Golden: text_embedded_font matches browser render       56:39 +3438 ~2 -7: /Users/denisnadey/apps/flutter_full_svg_support/test/golden_comparison/golden_comparison_test.dart: Golden Comparison Tests Golden: text_embedded_font matches browser render       56:40 +3438 ~2 -7: /Users/denisnadey/apps/flutter_full_svg_support/test/golden_comparison/golden_comparison_test.dart: Golden Comparison Tests Golden: text_embedded_font matches browser render       56:41 +3438 ~2 -7: /Users/denisnadey/apps/flutter_full_svg_support/test/golden_comparison/golden_comparison_test.dart: Golden Comparison Tests Golden: text_embedded_font matches browser render       56:42 +3438 ~2 -7: /Users/denisnadey/apps/flutter_full_svg_support/test/golden_comparison/golden_comparison_test.dart: Golden Comparison Tests Golden: text_embedded_font matches browser render       56:43 +3438 ~2 -7: /Users/denisnadey/apps/flutter_full_svg_support/test/golden_comparison/golden_comparison_test.dart: Golden Comparison Tests Golden: text_embedded_font matches browser render       56:44 +3438 ~2 -7: /Users/denisnadey/apps/flutter_full_svg_support/test/golden_comparison/golden_comparison_test.dart: Golden Comparison Tests Golden: text_embedded_font matches browser render       56:45 +3438 ~2 -7: /Users/denisnadey/apps/flutter_full_svg_support/test/golden_comparison/golden_comparison_test.dart: Golden Comparison Tests Golden: text_embedded_font matches browser render       56:46 +3438 ~2 -7: /Users/denisnadey/apps/flutter_full_svg_support/test/golden_comparison/golden_comparison_test.dart: Golden Comparison Tests Golden: text_embedded_font matches browser render       56:47 +3438 ~2 -7: /Users/denisnadey/apps/flutter_full_svg_support/test/golden_comparison/golden_comparison_test.dart: Golden Comparison Tests Golden: text_embedded_font matches browser render       56:48 +3438 ~2 -7: /Users/denisnadey/apps/flutter_full_svg_support/test/golden_comparison/golden_comparison_test.dart: Golden Comparison Tests Golden: text_embedded_font matches browser render       56:49 +3438 ~2 -7: /Users/denisnadey/apps/flutter_full_svg_support/test/golden_comparison/golden_comparison_test.dart: Golden Comparison Tests Golden: text_embedded_font matches browser render       56:50 +3438 ~2 -7: /Users/denisnadey/apps/flutter_full_svg_support/test/golden_comparison/golden_comparison_test.dart: Golden Comparison Tests Golden: text_embedded_font matches browser render       56:51 +3438 ~2 -7: /Users/denisnadey/apps/flutter_full_svg_support/test/golden_comparison/golden_comparison_test.dart: Golden Comparison Tests Golden: text_embedded_font matches browser render       56:52 +3438 ~2 -7: /Users/denisnadey/apps/flutter_full_svg_support/test/golden_comparison/golden_comparison_test.dart: Golden Comparison Tests Golden: text_embedded_font matches browser render       56:53 +3438 ~2 -7: /Users/denisnadey/apps/flutter_full_svg_support/test/golden_comparison/golden_comparison_test.dart: Golden Comparison Tests Golden: text_embedded_font matches browser render       56:54 +3438 ~2 -7: /Users/denisnadey/apps/flutter_full_svg_support/test/golden_comparison/golden_comparison_test.dart: Golden Comparison Tests Golden: text_embedded_font matches browser render       56:55 +3438 ~2 -7: /Users/denisnadey/apps/flutter_full_svg_support/test/golden_comparison/golden_comparison_test.dart: Golden Comparison Tests Golden: text_embedded_font matches browser render       56:56 +3438 ~2 -7: /Users/denisnadey/apps/flutter_full_svg_support/test/golden_comparison/golden_comparison_test.dart: Golden Comparison Tests Golden: text_embedded_font matches browser render       56:57 +3438 ~2 -7: /Users/denisnadey/apps/flutter_full_svg_support/test/golden_comparison/golden_comparison_test.dart: Golden Comparison Tests Golden: text_embedded_font matches browser render       56:58 +3438 ~2 -7: /Users/denisnadey/apps/flutter_full_svg_support/test/golden_comparison/golden_comparison_test.dart: Golden Comparison Tests Golden: text_embedded_font matches browser render       56:59 +3438 ~2 -7: /Users/denisnadey/apps/flutter_full_svg_support/test/golden_comparison/golden_comparison_test.dart: Golden Comparison Tests Golden: text_embedded_font matches browser render       57:00 +3438 ~2 -7: /Users/denisnadey/apps/flutter_full_svg_support/test/golden_comparison/golden_comparison_test.dart: Golden Comparison Tests Golden: text_embedded_font matches browser render       57:01 +3438 ~2 -7: /Users/denisnadey/apps/flutter_full_svg_support/test/golden_comparison/golden_comparison_test.dart: Golden Comparison Tests Golden: text_embedded_font matches browser render       57:02 +3438 ~2 -7: /Users/denisnadey/apps/flutter_full_svg_support/test/golden_comparison/golden_comparison_test.dart: Golden Comparison Tests Golden: text_embedded_font matches browser render       57:03 +3438 ~2 -7: /Users/denisnadey/apps/flutter_full_svg_support/test/golden_comparison/golden_comparison_test.dart: Golden Comparison Tests Golden: text_embedded_font matches browser render       57:04 +3438 ~2 -7: /Users/denisnadey/apps/flutter_full_svg_support/test/golden_comparison/golden_comparison_test.dart: Golden Comparison Tests Golden: text_embedded_font matches browser render       57:05 +3438 ~2 -7: /Users/denisnadey/apps/flutter_full_svg_support/test/golden_comparison/golden_comparison_test.dart: Golden Comparison Tests Golden: text_embedded_font matches browser render       57:06 +3438 ~2 -7: /Users/denisnadey/apps/flutter_full_svg_support/test/golden_comparison/golden_comparison_test.dart: Golden Comparison Tests Golden: text_embedded_font matches browser render       57:07 +3438 ~2 -7: /Users/denisnadey/apps/flutter_full_svg_support/test/golden_comparison/golden_comparison_test.dart: Golden Comparison Tests Golden: text_embedded_font matches browser render       57:08 +3438 ~2 -7: /Users/denisnadey/apps/flutter_full_svg_support/test/golden_comparison/golden_comparison_test.dart: Golden Comparison Tests Golden: text_embedded_font matches browser render       57:09 +3438 ~2 -7: /Users/denisnadey/apps/flutter_full_svg_support/test/golden_comparison/golden_comparison_test.dart: Golden Comparison Tests Golden: text_embedded_font matches browser render       57:10 +3438 ~2 -7: /Users/denisnadey/apps/flutter_full_svg_support/test/golden_comparison/golden_comparison_test.dart: Golden Comparison Tests Golden: text_embedded_font matches browser render       57:11 +3438 ~2 -7: /Users/denisnadey/apps/flutter_full_svg_support/test/golden_comparison/golden_comparison_test.dart: Golden Comparison Tests Golden: text_embedded_font matches browser render       57:12 +3438 ~2 -7: /Users/denisnadey/apps/flutter_full_svg_support/test/golden_comparison/golden_comparison_test.dart: Golden Comparison Tests Golden: text_embedded_font matches browser render       57:13 +3438 ~2 -7: /Users/denisnadey/apps/flutter_full_svg_support/test/golden_comparison/golden_comparison_test.dart: Golden Comparison Tests Golden: text_embedded_font matches browser render       57:14 +3438 ~2 -7: /Users/denisnadey/apps/flutter_full_svg_support/test/golden_comparison/golden_comparison_test.dart: Golden Comparison Tests Golden: text_embedded_font matches browser render       57:15 +3438 ~2 -7: /Users/denisnadey/apps/flutter_full_svg_support/test/golden_comparison/golden_comparison_test.dart: Golden Comparison Tests Golden: text_embedded_font matches browser render       57:16 +3438 ~2 -7: /Users/denisnadey/apps/flutter_full_svg_support/test/golden_comparison/golden_comparison_test.dart: Golden Comparison Tests Golden: text_embedded_font matches browser render       57:17 +3438 ~2 -7: /Users/denisnadey/apps/flutter_full_svg_support/test/golden_comparison/golden_comparison_test.dart: Golden Comparison Tests Golden: text_embedded_font matches browser render       57:18 +3438 ~2 -7: /Users/denisnadey/apps/flutter_full_svg_support/test/golden_comparison/golden_comparison_test.dart: Golden Comparison Tests Golden: text_embedded_font matches browser render       57:19 +3438 ~2 -7: /Users/denisnadey/apps/flutter_full_svg_support/test/golden_comparison/golden_comparison_test.dart: Golden Comparison Tests Golden: text_embedded_font matches browser render       57:20 +3438 ~2 -7: /Users/denisnadey/apps/flutter_full_svg_support/test/golden_comparison/golden_comparison_test.dart: Golden Comparison Tests Golden: text_embedded_font matches browser render       57:21 +3438 ~2 -7: /Users/denisnadey/apps/flutter_full_svg_support/test/golden_comparison/golden_comparison_test.dart: Golden Comparison Tests Golden: text_embedded_font matches browser render       57:22 +3438 ~2 -7: /Users/denisnadey/apps/flutter_full_svg_support/test/golden_comparison/golden_comparison_test.dart: Golden Comparison Tests Golden: text_embedded_font matches browser render       57:23 +3438 ~2 -7: /Users/denisnadey/apps/flutter_full_svg_support/test/golden_comparison/golden_comparison_test.dart: Golden Comparison Tests Golden: text_embedded_font matches browser render       57:24 +3438 ~2 -7: /Users/denisnadey/apps/flutter_full_svg_support/test/golden_comparison/golden_comparison_test.dart: Golden Comparison Tests Golden: text_embedded_font matches browser render       57:25 +3438 ~2 -7: /Users/denisnadey/apps/flutter_full_svg_support/test/golden_comparison/golden_comparison_test.dart: Golden Comparison Tests Golden: text_embedded_font matches browser render       57:26 +3438 ~2 -7: /Users/denisnadey/apps/flutter_full_svg_support/test/golden_comparison/golden_comparison_test.dart: Golden Comparison Tests Golden: text_embedded_font matches browser render       57:27 +3438 ~2 -7: /Users/denisnadey/apps/flutter_full_svg_support/test/golden_comparison/golden_comparison_test.dart: Golden Comparison Tests Golden: text_embedded_font matches browser render       57:28 +3438 ~2 -7: /Users/denisnadey/apps/flutter_full_svg_support/test/golden_comparison/golden_comparison_test.dart: Golden Comparison Tests Golden: text_embedded_font matches browser render       57:29 +3438 ~2 -7: /Users/denisnadey/apps/flutter_full_svg_support/test/golden_comparison/golden_comparison_test.dart: Golden Comparison Tests Golden: text_embedded_font matches browser render       57:30 +3438 ~2 -7: /Users/denisnadey/apps/flutter_full_svg_support/test/golden_comparison/golden_comparison_test.dart: Golden Comparison Tests Golden: text_embedded_font matches browser render       57:31 +3438 ~2 -7: /Users/denisnadey/apps/flutter_full_svg_support/test/golden_comparison/golden_comparison_test.dart: Golden Comparison Tests Golden: text_embedded_font matches browser render       57:32 +3438 ~2 -7: /Users/denisnadey/apps/flutter_full_svg_support/test/golden_comparison/golden_comparison_test.dart: Golden Comparison Tests Golden: text_embedded_font matches browser render       57:33 +3438 ~2 -7: /Users/denisnadey/apps/flutter_full_svg_support/test/golden_comparison/golden_comparison_test.dart: Golden Comparison Tests Golden: text_embedded_font matches browser render       57:34 +3438 ~2 -7: /Users/denisnadey/apps/flutter_full_svg_support/test/golden_comparison/golden_comparison_test.dart: Golden Comparison Tests Golden: text_embedded_font matches browser render       57:35 +3438 ~2 -7: /Users/denisnadey/apps/flutter_full_svg_support/test/golden_comparison/golden_comparison_test.dart: Golden Comparison Tests Golden: text_embedded_font matches browser render       57:36 +3438 ~2 -7: /Users/denisnadey/apps/flutter_full_svg_support/test/golden_comparison/golden_comparison_test.dart: Golden Comparison Tests Golden: text_embedded_font matches browser render       57:37 +3438 ~2 -7: /Users/denisnadey/apps/flutter_full_svg_support/test/golden_comparison/golden_comparison_test.dart: Golden Comparison Tests Golden: text_embedded_font matches browser render       57:38 +3438 ~2 -7: /Users/denisnadey/apps/flutter_full_svg_support/test/golden_comparison/golden_comparison_test.dart: Golden Comparison Tests Golden: text_embedded_font matches browser render       57:39 +3438 ~2 -7: /Users/denisnadey/apps/flutter_full_svg_support/test/golden_comparison/golden_comparison_test.dart: Golden Comparison Tests Golden: text_embedded_font matches browser render       57:40 +3438 ~2 -7: /Users/denisnadey/apps/flutter_full_svg_support/test/golden_comparison/golden_comparison_test.dart: Golden Comparison Tests Golden: text_embedded_font matches browser render       57:41 +3438 ~2 -7: /Users/denisnadey/apps/flutter_full_svg_support/test/golden_comparison/golden_comparison_test.dart: Golden Comparison Tests Golden: text_embedded_font matches browser render       57:42 +3438 ~2 -7: /Users/denisnadey/apps/flutter_full_svg_support/test/golden_comparison/golden_comparison_test.dart: Golden Comparison Tests Golden: text_embedded_font matches browser render       57:43 +3438 ~2 -7: /Users/denisnadey/apps/flutter_full_svg_support/test/golden_comparison/golden_comparison_test.dart: Golden Comparison Tests Golden: text_embedded_font matches browser render       57:44 +3438 ~2 -7: /Users/denisnadey/apps/flutter_full_svg_support/test/golden_comparison/golden_comparison_test.dart: Golden Comparison Tests Golden: text_embedded_font matches browser render       57:45 +3438 ~2 -7: /Users/denisnadey/apps/flutter_full_svg_support/test/golden_comparison/golden_comparison_test.dart: Golden Comparison Tests Golden: text_embedded_font matches browser render       57:46 +3438 ~2 -7: /Users/denisnadey/apps/flutter_full_svg_support/test/golden_comparison/golden_comparison_test.dart: Golden Comparison Tests Golden: text_embedded_font matches browser render       57:47 +3438 ~2 -7: /Users/denisnadey/apps/flutter_full_svg_support/test/golden_comparison/golden_comparison_test.dart: Golden Comparison Tests Golden: text_embedded_font matches browser render       57:48 +3438 ~2 -7: /Users/denisnadey/apps/flutter_full_svg_support/test/golden_comparison/golden_comparison_test.dart: Golden Comparison Tests Golden: text_embedded_font matches browser render       57:49 +3438 ~2 -7: /Users/denisnadey/apps/flutter_full_svg_support/test/golden_comparison/golden_comparison_test.dart: Golden Comparison Tests Golden: text_embedded_font matches browser render       57:50 +3438 ~2 -7: /Users/denisnadey/apps/flutter_full_svg_support/test/golden_comparison/golden_comparison_test.dart: Golden Comparison Tests Golden: text_embedded_font matches browser render       57:51 +3438 ~2 -7: /Users/denisnadey/apps/flutter_full_svg_support/test/golden_comparison/golden_comparison_test.dart: Golden Comparison Tests Golden: text_embedded_font matches browser render       57:52 +3438 ~2 -7: /Users/denisnadey/apps/flutter_full_svg_support/test/golden_comparison/golden_comparison_test.dart: Golden Comparison Tests Golden: text_embedded_font matches browser render       57:53 +3438 ~2 -7: /Users/denisnadey/apps/flutter_full_svg_support/test/golden_comparison/golden_comparison_test.dart: Golden Comparison Tests Golden: text_embedded_font matches browser render       57:54 +3438 ~2 -7: /Users/denisnadey/apps/flutter_full_svg_support/test/golden_comparison/golden_comparison_test.dart: Golden Comparison Tests Golden: text_embedded_font matches browser render       57:55 +3438 ~2 -7: /Users/denisnadey/apps/flutter_full_svg_support/test/golden_comparison/golden_comparison_test.dart: Golden Comparison Tests Golden: text_embedded_font matches browser render       57:56 +3438 ~2 -7: /Users/denisnadey/apps/flutter_full_svg_support/test/golden_comparison/golden_comparison_test.dart: Golden Comparison Tests Golden: text_embedded_font matches browser render       57:57 +3438 ~2 -7: /Users/denisnadey/apps/flutter_full_svg_support/test/golden_comparison/golden_comparison_test.dart: Golden Comparison Tests Golden: text_embedded_font matches browser render       57:58 +3438 ~2 -7: /Users/denisnadey/apps/flutter_full_svg_support/test/golden_comparison/golden_comparison_test.dart: Golden Comparison Tests Golden: text_embedded_font matches browser render       57:59 +3438 ~2 -7: /Users/denisnadey/apps/flutter_full_svg_support/test/golden_comparison/golden_comparison_test.dart: Golden Comparison Tests Golden: text_embedded_font matches browser render       58:00 +3438 ~2 -7: /Users/denisnadey/apps/flutter_full_svg_support/test/golden_comparison/golden_comparison_test.dart: Golden Comparison Tests Golden: text_embedded_font matches browser render       58:01 +3438 ~2 -7: /Users/denisnadey/apps/flutter_full_svg_support/test/golden_comparison/golden_comparison_test.dart: Golden Comparison Tests Golden: text_embedded_font matches browser render       58:02 +3438 ~2 -7: /Users/denisnadey/apps/flutter_full_svg_support/test/golden_comparison/golden_comparison_test.dart: Golden Comparison Tests Golden: text_embedded_font matches browser render       58:03 +3438 ~2 -7: /Users/denisnadey/apps/flutter_full_svg_support/test/golden_comparison/golden_comparison_test.dart: Golden Comparison Tests Golden: text_embedded_font matches browser render       58:04 +3438 ~2 -7: /Users/denisnadey/apps/flutter_full_svg_support/test/golden_comparison/golden_comparison_test.dart: Golden Comparison Tests Golden: text_embedded_font matches browser render       58:05 +3438 ~2 -7: /Users/denisnadey/apps/flutter_full_svg_support/test/golden_comparison/golden_comparison_test.dart: Golden Comparison Tests Golden: text_embedded_font matches browser render       58:06 +3438 ~2 -7: /Users/denisnadey/apps/flutter_full_svg_support/test/golden_comparison/golden_comparison_test.dart: Golden Comparison Tests Golden: text_embedded_font matches browser render       58:07 +3438 ~2 -7: /Users/denisnadey/apps/flutter_full_svg_support/test/golden_comparison/golden_comparison_test.dart: Golden Comparison Tests Golden: text_embedded_font matches browser render       58:08 +3438 ~2 -7: /Users/denisnadey/apps/flutter_full_svg_support/test/golden_comparison/golden_comparison_test.dart: Golden Comparison Tests Golden: text_embedded_font matches browser render       58:09 +3438 ~2 -7: /Users/denisnadey/apps/flutter_full_svg_support/test/golden_comparison/golden_comparison_test.dart: Golden Comparison Tests Golden: text_embedded_font matches browser render       58:10 +3438 ~2 -7: /Users/denisnadey/apps/flutter_full_svg_support/test/golden_comparison/golden_comparison_test.dart: Golden Comparison Tests Golden: text_embedded_font matches browser render       58:11 +3438 ~2 -7: /Users/denisnadey/apps/flutter_full_svg_support/test/golden_comparison/golden_comparison_test.dart: Golden Comparison Tests Golden: text_embedded_font matches browser render       58:12 +3438 ~2 -7: /Users/denisnadey/apps/flutter_full_svg_support/test/golden_comparison/golden_comparison_test.dart: Golden Comparison Tests Golden: text_embedded_font matches browser render       58:13 +3438 ~2 -7: /Users/denisnadey/apps/flutter_full_svg_support/test/golden_comparison/golden_comparison_test.dart: Golden Comparison Tests Golden: text_embedded_font matches browser render       58:14 +3438 ~2 -7: /Users/denisnadey/apps/flutter_full_svg_support/test/golden_comparison/golden_comparison_test.dart: Golden Comparison Tests Golden: text_embedded_font matches browser render       58:15 +3438 ~2 -7: /Users/denisnadey/apps/flutter_full_svg_support/test/golden_comparison/golden_comparison_test.dart: Golden Comparison Tests Golden: text_embedded_font matches browser render       58:16 +3438 ~2 -7: /Users/denisnadey/apps/flutter_full_svg_support/test/golden_comparison/golden_comparison_test.dart: Golden Comparison Tests Golden: text_embedded_font matches browser render       58:17 +3438 ~2 -7: /Users/denisnadey/apps/flutter_full_svg_support/test/golden_comparison/golden_comparison_test.dart: Golden Comparison Tests Golden: text_embedded_font matches browser render       58:18 +3438 ~2 -7: /Users/denisnadey/apps/flutter_full_svg_support/test/golden_comparison/golden_comparison_test.dart: Golden Comparison Tests Golden: text_embedded_font matches browser render       58:19 +3438 ~2 -7: /Users/denisnadey/apps/flutter_full_svg_support/test/golden_comparison/golden_comparison_test.dart: Golden Comparison Tests Golden: text_embedded_font matches browser render       58:20 +3438 ~2 -7: /Users/denisnadey/apps/flutter_full_svg_support/test/golden_comparison/golden_comparison_test.dart: Golden Comparison Tests Golden: text_embedded_font matches browser render       58:21 +3438 ~2 -7: /Users/denisnadey/apps/flutter_full_svg_support/test/golden_comparison/golden_comparison_test.dart: Golden Comparison Tests Golden: text_embedded_font matches browser render       58:22 +3438 ~2 -7: /Users/denisnadey/apps/flutter_full_svg_support/test/golden_comparison/golden_comparison_test.dart: Golden Comparison Tests Golden: text_embedded_font matches browser render       58:23 +3438 ~2 -7: /Users/denisnadey/apps/flutter_full_svg_support/test/golden_comparison/golden_comparison_test.dart: Golden Comparison Tests Golden: text_embedded_font matches browser render       58:24 +3438 ~2 -7: /Users/denisnadey/apps/flutter_full_svg_support/test/golden_comparison/golden_comparison_test.dart: Golden Comparison Tests Golden: text_embedded_font matches browser render       58:25 +3438 ~2 -7: /Users/denisnadey/apps/flutter_full_svg_support/test/golden_comparison/golden_comparison_test.dart: Golden Comparison Tests Golden: text_embedded_font matches browser render       58:26 +3438 ~2 -7: /Users/denisnadey/apps/flutter_full_svg_support/test/golden_comparison/golden_comparison_test.dart: Golden Comparison Tests Golden: text_embedded_font matches browser render       58:27 +3438 ~2 -7: /Users/denisnadey/apps/flutter_full_svg_support/test/golden_comparison/golden_comparison_test.dart: Golden Comparison Tests Golden: text_embedded_font matches browser render       58:28 +3438 ~2 -7: /Users/denisnadey/apps/flutter_full_svg_support/test/golden_comparison/golden_comparison_test.dart: Golden Comparison Tests Golden: text_embedded_font matches browser render       58:29 +3438 ~2 -7: /Users/denisnadey/apps/flutter_full_svg_support/test/golden_comparison/golden_comparison_test.dart: Golden Comparison Tests Golden: text_embedded_font matches browser render       58:30 +3438 ~2 -7: /Users/denisnadey/apps/flutter_full_svg_support/test/golden_comparison/golden_comparison_test.dart: Golden Comparison Tests Golden: text_embedded_font matches browser render       58:31 +3438 ~2 -7: /Users/denisnadey/apps/flutter_full_svg_support/test/golden_comparison/golden_comparison_test.dart: Golden Comparison Tests Golden: text_embedded_font matches browser render       58:32 +3438 ~2 -7: /Users/denisnadey/apps/flutter_full_svg_support/test/golden_comparison/golden_comparison_test.dart: Golden Comparison Tests Golden: text_embedded_font matches browser render       58:33 +3438 ~2 -7: /Users/denisnadey/apps/flutter_full_svg_support/test/golden_comparison/golden_comparison_test.dart: Golden Comparison Tests Golden: text_embedded_font matches browser render       58:34 +3438 ~2 -7: /Users/denisnadey/apps/flutter_full_svg_support/test/golden_comparison/golden_comparison_test.dart: Golden Comparison Tests Golden: text_embedded_font matches browser render       58:35 +3438 ~2 -7: /Users/denisnadey/apps/flutter_full_svg_support/test/golden_comparison/golden_comparison_test.dart: Golden Comparison Tests Golden: text_embedded_font matches browser render       58:36 +3438 ~2 -7: /Users/denisnadey/apps/flutter_full_svg_support/test/golden_comparison/golden_comparison_test.dart: Golden Comparison Tests Golden: text_embedded_font matches browser render       58:37 +3438 ~2 -7: /Users/denisnadey/apps/flutter_full_svg_support/test/golden_comparison/golden_comparison_test.dart: Golden Comparison Tests Golden: text_embedded_font matches browser render       58:38 +3438 ~2 -7: /Users/denisnadey/apps/flutter_full_svg_support/test/golden_comparison/golden_comparison_test.dart: Golden Comparison Tests Golden: text_embedded_font matches browser render       58:39 +3438 ~2 -7: /Users/denisnadey/apps/flutter_full_svg_support/test/golden_comparison/golden_comparison_test.dart: Golden Comparison Tests Golden: text_embedded_font matches browser render       58:40 +3438 ~2 -7: /Users/denisnadey/apps/flutter_full_svg_support/test/golden_comparison/golden_comparison_test.dart: Golden Comparison Tests Golden: text_embedded_font matches browser render       58:41 +3438 ~2 -7: /Users/denisnadey/apps/flutter_full_svg_support/test/golden_comparison/golden_comparison_test.dart: Golden Comparison Tests Golden: text_embedded_font matches browser render       58:42 +3438 ~2 -7: /Users/denisnadey/apps/flutter_full_svg_support/test/golden_comparison/golden_comparison_test.dart: Golden Comparison Tests Golden: text_embedded_font matches browser render       58:43 +3438 ~2 -7: /Users/denisnadey/apps/flutter_full_svg_support/test/golden_comparison/golden_comparison_test.dart: Golden Comparison Tests Golden: text_embedded_font matches browser render       58:44 +3438 ~2 -7: /Users/denisnadey/apps/flutter_full_svg_support/test/golden_comparison/golden_comparison_test.dart: Golden Comparison Tests Golden: text_embedded_font matches browser render       58:45 +3438 ~2 -7: /Users/denisnadey/apps/flutter_full_svg_support/test/golden_comparison/golden_comparison_test.dart: Golden Comparison Tests Golden: text_embedded_font matches browser render       58:46 +3438 ~2 -7: /Users/denisnadey/apps/flutter_full_svg_support/test/golden_comparison/golden_comparison_test.dart: Golden Comparison Tests Golden: text_embedded_font matches browser render       58:47 +3438 ~2 -7: /Users/denisnadey/apps/flutter_full_svg_support/test/golden_comparison/golden_comparison_test.dart: Golden Comparison Tests Golden: text_embedded_font matches browser render       58:48 +3438 ~2 -7: /Users/denisnadey/apps/flutter_full_svg_support/test/golden_comparison/golden_comparison_test.dart: Golden Comparison Tests Golden: text_embedded_font matches browser render       58:49 +3438 ~2 -7: /Users/denisnadey/apps/flutter_full_svg_support/test/golden_comparison/golden_comparison_test.dart: Golden Comparison Tests Golden: text_embedded_font matches browser render       58:50 +3438 ~2 -7: /Users/denisnadey/apps/flutter_full_svg_support/test/golden_comparison/golden_comparison_test.dart: Golden Comparison Tests Golden: text_embedded_font matches browser render       58:51 +3438 ~2 -7: /Users/denisnadey/apps/flutter_full_svg_support/test/golden_comparison/golden_comparison_test.dart: Golden Comparison Tests Golden: text_embedded_font matches browser render       58:52 +3438 ~2 -7: /Users/denisnadey/apps/flutter_full_svg_support/test/golden_comparison/golden_comparison_test.dart: Golden Comparison Tests Golden: text_embedded_font matches browser render       58:53 +3438 ~2 -7: /Users/denisnadey/apps/flutter_full_svg_support/test/golden_comparison/golden_comparison_test.dart: Golden Comparison Tests Golden: text_embedded_font matches browser render       58:54 +3438 ~2 -7: /Users/denisnadey/apps/flutter_full_svg_support/test/golden_comparison/golden_comparison_test.dart: Golden Comparison Tests Golden: text_embedded_font matches browser render       58:55 +3438 ~2 -7: /Users/denisnadey/apps/flutter_full_svg_support/test/golden_comparison/golden_comparison_test.dart: Golden Comparison Tests Golden: text_embedded_font matches browser render       58:56 +3438 ~2 -7: /Users/denisnadey/apps/flutter_full_svg_support/test/golden_comparison/golden_comparison_test.dart: Golden Comparison Tests Golden: text_embedded_font matches browser render       58:57 +3438 ~2 -7: /Users/denisnadey/apps/flutter_full_svg_support/test/golden_comparison/golden_comparison_test.dart: Golden Comparison Tests Golden: text_embedded_font matches browser render       58:58 +3438 ~2 -7: /Users/denisnadey/apps/flutter_full_svg_support/test/golden_comparison/golden_comparison_test.dart: Golden Comparison Tests Golden: text_embedded_font matches browser render       58:59 +3438 ~2 -7: /Users/denisnadey/apps/flutter_full_svg_support/test/golden_comparison/golden_comparison_test.dart: Golden Comparison Tests Golden: text_embedded_font matches browser render       59:00 +3438 ~2 -7: /Users/denisnadey/apps/flutter_full_svg_support/test/golden_comparison/golden_comparison_test.dart: Golden Comparison Tests Golden: text_embedded_font matches browser render       59:01 +3438 ~2 -7: /Users/denisnadey/apps/flutter_full_svg_support/test/golden_comparison/golden_comparison_test.dart: Golden Comparison Tests Golden: text_embedded_font matches browser render       59:02 +3438 ~2 -7: /Users/denisnadey/apps/flutter_full_svg_support/test/golden_comparison/golden_comparison_test.dart: Golden Comparison Tests Golden: text_embedded_font matches browser render       59:03 +3438 ~2 -7: /Users/denisnadey/apps/flutter_full_svg_support/test/golden_comparison/golden_comparison_test.dart: Golden Comparison Tests Golden: text_embedded_font matches browser render       59:04 +3438 ~2 -7: /Users/denisnadey/apps/flutter_full_svg_support/test/golden_comparison/golden_comparison_test.dart: Golden Comparison Tests Golden: text_embedded_font matches browser render       59:05 +3438 ~2 -7: /Users/denisnadey/apps/flutter_full_svg_support/test/golden_comparison/golden_comparison_test.dart: Golden Comparison Tests Golden: text_embedded_font matches browser render       59:06 +3438 ~2 -7: /Users/denisnadey/apps/flutter_full_svg_support/test/golden_comparison/golden_comparison_test.dart: Golden Comparison Tests Golden: text_embedded_font matches browser render       59:07 +3438 ~2 -7: /Users/denisnadey/apps/flutter_full_svg_support/test/golden_comparison/golden_comparison_test.dart: Golden Comparison Tests Golden: text_embedded_font matches browser render       59:08 +3438 ~2 -7: /Users/denisnadey/apps/flutter_full_svg_support/test/golden_comparison/golden_comparison_test.dart: Golden Comparison Tests Golden: text_embedded_font matches browser render       59:09 +3438 ~2 -7: /Users/denisnadey/apps/flutter_full_svg_support/test/golden_comparison/golden_comparison_test.dart: Golden Comparison Tests Golden: text_embedded_font matches browser render       59:10 +3438 ~2 -7: /Users/denisnadey/apps/flutter_full_svg_support/test/golden_comparison/golden_comparison_test.dart: Golden Comparison Tests Golden: text_embedded_font matches browser render       59:11 +3438 ~2 -7: /Users/denisnadey/apps/flutter_full_svg_support/test/golden_comparison/golden_comparison_test.dart: Golden Comparison Tests Golden: text_embedded_font matches browser render       59:12 +3438 ~2 -7: /Users/denisnadey/apps/flutter_full_svg_support/test/golden_comparison/golden_comparison_test.dart: Golden Comparison Tests Golden: text_embedded_font matches browser render       59:13 +3438 ~2 -7: /Users/denisnadey/apps/flutter_full_svg_support/test/golden_comparison/golden_comparison_test.dart: Golden Comparison Tests Golden: text_embedded_font matches browser render       59:14 +3438 ~2 -7: /Users/denisnadey/apps/flutter_full_svg_support/test/golden_comparison/golden_comparison_test.dart: Golden Comparison Tests Golden: text_embedded_font matches browser render       59:15 +3438 ~2 -7: /Users/denisnadey/apps/flutter_full_svg_support/test/golden_comparison/golden_comparison_test.dart: Golden Comparison Tests Golden: text_embedded_font matches browser render       59:16 +3438 ~2 -7: /Users/denisnadey/apps/flutter_full_svg_support/test/golden_comparison/golden_comparison_test.dart: Golden Comparison Tests Golden: text_embedded_font matches browser render       59:17 +3438 ~2 -7: /Users/denisnadey/apps/flutter_full_svg_support/test/golden_comparison/golden_comparison_test.dart: Golden Comparison Tests Golden: text_embedded_font matches browser render       59:18 +3438 ~2 -7: /Users/denisnadey/apps/flutter_full_svg_support/test/golden_comparison/golden_comparison_test.dart: Golden Comparison Tests Golden: text_embedded_font matches browser render       59:19 +3438 ~2 -7: /Users/denisnadey/apps/flutter_full_svg_support/test/golden_comparison/golden_comparison_test.dart: Golden Comparison Tests Golden: text_embedded_font matches browser render       59:20 +3438 ~2 -7: /Users/denisnadey/apps/flutter_full_svg_support/test/golden_comparison/golden_comparison_test.dart: Golden Comparison Tests Golden: text_embedded_font matches browser render       59:21 +3438 ~2 -7: /Users/denisnadey/apps/flutter_full_svg_support/test/golden_comparison/golden_comparison_test.dart: Golden Comparison Tests Golden: text_embedded_font matches browser render       59:22 +3438 ~2 -7: /Users/denisnadey/apps/flutter_full_svg_support/test/golden_comparison/golden_comparison_test.dart: Golden Comparison Tests Golden: text_embedded_font matches browser render       59:23 +3438 ~2 -7: /Users/denisnadey/apps/flutter_full_svg_support/test/golden_comparison/golden_comparison_test.dart: Golden Comparison Tests Golden: text_embedded_font matches browser render       59:24 +3438 ~2 -7: /Users/denisnadey/apps/flutter_full_svg_support/test/golden_comparison/golden_comparison_test.dart: Golden Comparison Tests Golden: text_embedded_font matches browser render       59:25 +3438 ~2 -7: /Users/denisnadey/apps/flutter_full_svg_support/test/golden_comparison/golden_comparison_test.dart: Golden Comparison Tests Golden: text_embedded_font matches browser render       59:26 +3438 ~2 -7: /Users/denisnadey/apps/flutter_full_svg_support/test/golden_comparison/golden_comparison_test.dart: Golden Comparison Tests Golden: text_embedded_font matches browser render       59:27 +3438 ~2 -7: /Users/denisnadey/apps/flutter_full_svg_support/test/golden_comparison/golden_comparison_test.dart: Golden Comparison Tests Golden: text_embedded_font matches browser render       59:28 +3438 ~2 -7: /Users/denisnadey/apps/flutter_full_svg_support/test/golden_comparison/golden_comparison_test.dart: Golden Comparison Tests Golden: text_embedded_font matches browser render       59:29 +3438 ~2 -7: /Users/denisnadey/apps/flutter_full_svg_support/test/golden_comparison/golden_comparison_test.dart: Golden Comparison Tests Golden: text_embedded_font matches browser render       59:30 +3438 ~2 -7: /Users/denisnadey/apps/flutter_full_svg_support/test/golden_comparison/golden_comparison_test.dart: Golden Comparison Tests Golden: text_embedded_font matches browser render       59:31 +3438 ~2 -7: /Users/denisnadey/apps/flutter_full_svg_support/test/golden_comparison/golden_comparison_test.dart: Golden Comparison Tests Golden: text_embedded_font matches browser render       59:32 +3438 ~2 -7: /Users/denisnadey/apps/flutter_full_svg_support/test/golden_comparison/golden_comparison_test.dart: Golden Comparison Tests Golden: text_embedded_font matches browser render       59:33 +3438 ~2 -7: /Users/denisnadey/apps/flutter_full_svg_support/test/golden_comparison/golden_comparison_test.dart: Golden Comparison Tests Golden: text_embedded_font matches browser render       59:34 +3438 ~2 -7: /Users/denisnadey/apps/flutter_full_svg_support/test/golden_comparison/golden_comparison_test.dart: Golden Comparison Tests Golden: text_embedded_font matches browser render       59:35 +3438 ~2 -7: /Users/denisnadey/apps/flutter_full_svg_support/test/golden_comparison/golden_comparison_test.dart: Golden Comparison Tests Golden: text_embedded_font matches browser render       59:36 +3438 ~2 -7: /Users/denisnadey/apps/flutter_full_svg_support/test/golden_comparison/golden_comparison_test.dart: Golden Comparison Tests Golden: text_embedded_font matches browser render       59:37 +3438 ~2 -7: /Users/denisnadey/apps/flutter_full_svg_support/test/golden_comparison/golden_comparison_test.dart: Golden Comparison Tests Golden: text_embedded_font matches browser render       59:38 +3438 ~2 -7: /Users/denisnadey/apps/flutter_full_svg_support/test/golden_comparison/golden_comparison_test.dart: Golden Comparison Tests Golden: text_embedded_font matches browser render       59:39 +3438 ~2 -7: /Users/denisnadey/apps/flutter_full_svg_support/test/golden_comparison/golden_comparison_test.dart: Golden Comparison Tests Golden: text_embedded_font matches browser render       59:40 +3438 ~2 -7: /Users/denisnadey/apps/flutter_full_svg_support/test/golden_comparison/golden_comparison_test.dart: Golden Comparison Tests Golden: text_embedded_font matches browser render       59:41 +3438 ~2 -7: /Users/denisnadey/apps/flutter_full_svg_support/test/golden_comparison/golden_comparison_test.dart: Golden Comparison Tests Golden: text_embedded_font matches browser render       59:42 +3438 ~2 -7: /Users/denisnadey/apps/flutter_full_svg_support/test/golden_comparison/golden_comparison_test.dart: Golden Comparison Tests Golden: text_embedded_font matches browser render       59:43 +3438 ~2 -7: /Users/denisnadey/apps/flutter_full_svg_support/test/golden_comparison/golden_comparison_test.dart: Golden Comparison Tests Golden: text_embedded_font matches browser render       59:44 +3438 ~2 -7: /Users/denisnadey/apps/flutter_full_svg_support/test/golden_comparison/golden_comparison_test.dart: Golden Comparison Tests Golden: text_embedded_font matches browser render       59:45 +3438 ~2 -7: /Users/denisnadey/apps/flutter_full_svg_support/test/golden_comparison/golden_comparison_test.dart: Golden Comparison Tests Golden: text_embedded_font matches browser render       59:46 +3438 ~2 -7: /Users/denisnadey/apps/flutter_full_svg_support/test/golden_comparison/golden_comparison_test.dart: Golden Comparison Tests Golden: text_embedded_font matches browser render       59:47 +3438 ~2 -7: /Users/denisnadey/apps/flutter_full_svg_support/test/golden_comparison/golden_comparison_test.dart: Golden Comparison Tests Golden: text_embedded_font matches browser render       59:48 +3438 ~2 -7: /Users/denisnadey/apps/flutter_full_svg_support/test/golden_comparison/golden_comparison_test.dart: Golden Comparison Tests Golden: text_embedded_font matches browser render       59:49 +3438 ~2 -7: /Users/denisnadey/apps/flutter_full_svg_support/test/golden_comparison/golden_comparison_test.dart: Golden Comparison Tests Golden: text_embedded_font matches browser render       59:50 +3438 ~2 -7: /Users/denisnadey/apps/flutter_full_svg_support/test/golden_comparison/golden_comparison_test.dart: Golden Comparison Tests Golden: text_embedded_font matches browser render       59:51 +3438 ~2 -7: /Users/denisnadey/apps/flutter_full_svg_support/test/golden_comparison/golden_comparison_test.dart: Golden Comparison Tests Golden: text_embedded_font matches browser render       59:52 +3438 ~2 -7: /Users/denisnadey/apps/flutter_full_svg_support/test/golden_comparison/golden_comparison_test.dart: Golden Comparison Tests Golden: text_embedded_font matches browser render       59:53 +3438 ~2 -7: /Users/denisnadey/apps/flutter_full_svg_support/test/golden_comparison/golden_comparison_test.dart: Golden Comparison Tests Golden: text_embedded_font matches browser render       59:54 +3438 ~2 -7: /Users/denisnadey/apps/flutter_full_svg_support/test/golden_comparison/golden_comparison_test.dart: Golden Comparison Tests Golden: text_embedded_font matches browser render       59:55 +3438 ~2 -7: /Users/denisnadey/apps/flutter_full_svg_support/test/golden_comparison/golden_comparison_test.dart: Golden Comparison Tests Golden: text_embedded_font matches browser render       59:56 +3438 ~2 -7: /Users/denisnadey/apps/flutter_full_svg_support/test/golden_comparison/golden_comparison_test.dart: Golden Comparison Tests Golden: text_embedded_font matches browser render       59:57 +3438 ~2 -7: /Users/denisnadey/apps/flutter_full_svg_support/test/golden_comparison/golden_comparison_test.dart: Golden Comparison Tests Golden: text_embedded_font matches browser render       59:58 +3438 ~2 -7: /Users/denisnadey/apps/flutter_full_svg_support/test/golden_comparison/golden_comparison_test.dart: Golden Comparison Tests Golden: text_embedded_font matches browser render       59:59 +3438 ~2 -7: /Users/denisnadey/apps/flutter_full_svg_support/test/golden_comparison/golden_comparison_test.dart: Golden Comparison Tests Golden: text_embedded_font matches browser render       60:00 +3438 ~2 -7: /Users/denisnadey/apps/flutter_full_svg_support/test/golden_comparison/golden_comparison_test.dart: Golden Comparison Tests Golden: text_embedded_font matches browser render       60:01 +3438 ~2 -7: /Users/denisnadey/apps/flutter_full_svg_support/test/golden_comparison/golden_comparison_test.dart: Golden Comparison Tests Golden: text_embedded_font matches browser render       60:02 +3438 ~2 -7: /Users/denisnadey/apps/flutter_full_svg_support/test/golden_comparison/golden_comparison_test.dart: Golden Comparison Tests Golden: text_embedded_font matches browser render       60:03 +3438 ~2 -7: /Users/denisnadey/apps/flutter_full_svg_support/test/golden_comparison/golden_comparison_test.dart: Golden Comparison Tests Golden: text_embedded_font matches browser render       60:04 +3438 ~2 -7: /Users/denisnadey/apps/flutter_full_svg_support/test/golden_comparison/golden_comparison_test.dart: Golden Comparison Tests Golden: text_embedded_font matches browser render       60:05 +3438 ~2 -7: /Users/denisnadey/apps/flutter_full_svg_support/test/golden_comparison/golden_comparison_test.dart: Golden Comparison Tests Golden: text_embedded_font matches browser render       60:06 +3438 ~2 -7: /Users/denisnadey/apps/flutter_full_svg_support/test/golden_comparison/golden_comparison_test.dart: Golden Comparison Tests Golden: text_embedded_font matches browser render       60:07 +3438 ~2 -7: /Users/denisnadey/apps/flutter_full_svg_support/test/golden_comparison/golden_comparison_test.dart: Golden Comparison Tests Golden: text_embedded_font matches browser render       60:08 +3438 ~2 -7: /Users/denisnadey/apps/flutter_full_svg_support/test/golden_comparison/golden_comparison_test.dart: Golden Comparison Tests Golden: text_embedded_font matches browser render       60:09 +3438 ~2 -7: /Users/denisnadey/apps/flutter_full_svg_support/test/golden_comparison/golden_comparison_test.dart: Golden Comparison Tests Golden: text_embedded_font matches browser render       60:10 +3438 ~2 -7: /Users/denisnadey/apps/flutter_full_svg_support/test/golden_comparison/golden_comparison_test.dart: Golden Comparison Tests Golden: text_embedded_font matches browser render       60:11 +3438 ~2 -7: /Users/denisnadey/apps/flutter_full_svg_support/test/golden_comparison/golden_comparison_test.dart: Golden Comparison Tests Golden: text_embedded_font matches browser render       60:12 +3438 ~2 -7: /Users/denisnadey/apps/flutter_full_svg_support/test/golden_comparison/golden_comparison_test.dart: Golden Comparison Tests Golden: text_embedded_font matches browser render       60:13 +3438 ~2 -7: /Users/denisnadey/apps/flutter_full_svg_support/test/golden_comparison/golden_comparison_test.dart: Golden Comparison Tests Golden: text_embedded_font matches browser render       60:14 +3438 ~2 -7: /Users/denisnadey/apps/flutter_full_svg_support/test/golden_comparison/golden_comparison_test.dart: Golden Comparison Tests Golden: text_embedded_font matches browser render       60:15 +3438 ~2 -7: /Users/denisnadey/apps/flutter_full_svg_support/test/golden_comparison/golden_comparison_test.dart: Golden Comparison Tests Golden: text_embedded_font matches browser render       60:16 +3438 ~2 -7: /Users/denisnadey/apps/flutter_full_svg_support/test/golden_comparison/golden_comparison_test.dart: Golden Comparison Tests Golden: text_embedded_font matches browser render       60:17 +3438 ~2 -7: /Users/denisnadey/apps/flutter_full_svg_support/test/golden_comparison/golden_comparison_test.dart: Golden Comparison Tests Golden: text_embedded_font matches browser render       60:18 +3438 ~2 -7: /Users/denisnadey/apps/flutter_full_svg_support/test/golden_comparison/golden_comparison_test.dart: Golden Comparison Tests Golden: text_embedded_font matches browser render       60:19 +3438 ~2 -7: /Users/denisnadey/apps/flutter_full_svg_support/test/golden_comparison/golden_comparison_test.dart: Golden Comparison Tests Golden: text_embedded_font matches browser render       60:20 +3438 ~2 -7: /Users/denisnadey/apps/flutter_full_svg_support/test/golden_comparison/golden_comparison_test.dart: Golden Comparison Tests Golden: text_embedded_font matches browser render       60:21 +3438 ~2 -7: /Users/denisnadey/apps/flutter_full_svg_support/test/golden_comparison/golden_comparison_test.dart: Golden Comparison Tests Golden: text_embedded_font matches browser render       60:22 +3438 ~2 -7: /Users/denisnadey/apps/flutter_full_svg_support/test/golden_comparison/golden_comparison_test.dart: Golden Comparison Tests Golden: text_embedded_font matches browser render       60:23 +3438 ~2 -7: /Users/denisnadey/apps/flutter_full_svg_support/test/golden_comparison/golden_comparison_test.dart: Golden Comparison Tests Golden: text_embedded_font matches browser render       60:24 +3438 ~2 -7: /Users/denisnadey/apps/flutter_full_svg_support/test/golden_comparison/golden_comparison_test.dart: Golden Comparison Tests Golden: text_embedded_font matches browser render       60:25 +3438 ~2 -7: /Users/denisnadey/apps/flutter_full_svg_support/test/golden_comparison/golden_comparison_test.dart: Golden Comparison Tests Golden: text_embedded_font matches browser render       60:26 +3438 ~2 -7: /Users/denisnadey/apps/flutter_full_svg_support/test/golden_comparison/golden_comparison_test.dart: Golden Comparison Tests Golden: text_embedded_font matches browser render       60:27 +3438 ~2 -7: /Users/denisnadey/apps/flutter_full_svg_support/test/golden_comparison/golden_comparison_test.dart: Golden Comparison Tests Golden: text_embedded_font matches browser render       60:28 +3438 ~2 -7: /Users/denisnadey/apps/flutter_full_svg_support/test/golden_comparison/golden_comparison_test.dart: Golden Comparison Tests Golden: text_embedded_font matches browser render       60:29 +3438 ~2 -7: /Users/denisnadey/apps/flutter_full_svg_support/test/golden_comparison/golden_comparison_test.dart: Golden Comparison Tests Golden: text_embedded_font matches browser render       60:30 +3438 ~2 -7: /Users/denisnadey/apps/flutter_full_svg_support/test/golden_comparison/golden_comparison_test.dart: Golden Comparison Tests Golden: text_embedded_font matches browser render       60:31 +3438 ~2 -7: /Users/denisnadey/apps/flutter_full_svg_support/test/golden_comparison/golden_comparison_test.dart: Golden Comparison Tests Golden: text_embedded_font matches browser render       60:32 +3438 ~2 -7: /Users/denisnadey/apps/flutter_full_svg_support/test/golden_comparison/golden_comparison_test.dart: Golden Comparison Tests Golden: text_embedded_font matches browser render       60:33 +3438 ~2 -7: /Users/denisnadey/apps/flutter_full_svg_support/test/golden_comparison/golden_comparison_test.dart: Golden Comparison Tests Golden: text_embedded_font matches browser render       60:34 +3438 ~2 -7: /Users/denisnadey/apps/flutter_full_svg_support/test/golden_comparison/golden_comparison_test.dart: Golden Comparison Tests Golden: text_embedded_font matches browser render       60:35 +3438 ~2 -7: /Users/denisnadey/apps/flutter_full_svg_support/test/golden_comparison/golden_comparison_test.dart: Golden Comparison Tests Golden: text_embedded_font matches browser render       60:36 +3438 ~2 -7: /Users/denisnadey/apps/flutter_full_svg_support/test/golden_comparison/golden_comparison_test.dart: Golden Comparison Tests Golden: text_embedded_font matches browser render       60:37 +3438 ~2 -7: /Users/denisnadey/apps/flutter_full_svg_support/test/golden_comparison/golden_comparison_test.dart: Golden Comparison Tests Golden: text_embedded_font matches browser render       60:38 +3438 ~2 -7: /Users/denisnadey/apps/flutter_full_svg_support/test/golden_comparison/golden_comparison_test.dart: Golden Comparison Tests Golden: text_embedded_font matches browser render       60:39 +3438 ~2 -7: /Users/denisnadey/apps/flutter_full_svg_support/test/golden_comparison/golden_comparison_test.dart: Golden Comparison Tests Golden: text_embedded_font matches browser render       60:40 +3438 ~2 -7: /Users/denisnadey/apps/flutter_full_svg_support/test/golden_comparison/golden_comparison_test.dart: Golden Comparison Tests Golden: text_embedded_font matches browser render       60:41 +3438 ~2 -7: /Users/denisnadey/apps/flutter_full_svg_support/test/golden_comparison/golden_comparison_test.dart: Golden Comparison Tests Golden: text_embedded_font matches browser render       60:42 +3438 ~2 -7: /Users/denisnadey/apps/flutter_full_svg_support/test/golden_comparison/golden_comparison_test.dart: Golden Comparison Tests Golden: text_embedded_font matches browser render       60:43 +3438 ~2 -7: /Users/denisnadey/apps/flutter_full_svg_support/test/golden_comparison/golden_comparison_test.dart: Golden Comparison Tests Golden: text_embedded_font matches browser render       60:44 +3438 ~2 -7: /Users/denisnadey/apps/flutter_full_svg_support/test/golden_comparison/golden_comparison_test.dart: Golden Comparison Tests Golden: text_embedded_font matches browser render       60:45 +3438 ~2 -7: /Users/denisnadey/apps/flutter_full_svg_support/test/golden_comparison/golden_comparison_test.dart: Golden Comparison Tests Golden: text_embedded_font matches browser render       60:46 +3438 ~2 -7: /Users/denisnadey/apps/flutter_full_svg_support/test/golden_comparison/golden_comparison_test.dart: Golden Comparison Tests Golden: text_embedded_font matches browser render       60:47 +3438 ~2 -7: /Users/denisnadey/apps/flutter_full_svg_support/test/golden_comparison/golden_comparison_test.dart: Golden Comparison Tests Golden: text_embedded_font matches browser render       60:48 +3438 ~2 -7: /Users/denisnadey/apps/flutter_full_svg_support/test/golden_comparison/golden_comparison_test.dart: Golden Comparison Tests Golden: text_embedded_font matches browser render       60:49 +3438 ~2 -7: /Users/denisnadey/apps/flutter_full_svg_support/test/golden_comparison/golden_comparison_test.dart: Golden Comparison Tests Golden: text_embedded_font matches browser render       60:50 +3438 ~2 -7: /Users/denisnadey/apps/flutter_full_svg_support/test/golden_comparison/golden_comparison_test.dart: Golden Comparison Tests Golden: text_embedded_font matches browser render       60:51 +3438 ~2 -7: /Users/denisnadey/apps/flutter_full_svg_support/test/golden_comparison/golden_comparison_test.dart: Golden Comparison Tests Golden: text_embedded_font matches browser render       60:52 +3438 ~2 -7: /Users/denisnadey/apps/flutter_full_svg_support/test/golden_comparison/golden_comparison_test.dart: Golden Comparison Tests Golden: text_embedded_font matches browser render       60:53 +3438 ~2 -7: /Users/denisnadey/apps/flutter_full_svg_support/test/golden_comparison/golden_comparison_test.dart: Golden Comparison Tests Golden: text_embedded_font matches browser render       60:54 +3438 ~2 -7: /Users/denisnadey/apps/flutter_full_svg_support/test/golden_comparison/golden_comparison_test.dart: Golden Comparison Tests Golden: text_embedded_font matches browser render       60:55 +3438 ~2 -7: /Users/denisnadey/apps/flutter_full_svg_support/test/golden_comparison/golden_comparison_test.dart: Golden Comparison Tests Golden: text_embedded_font matches browser render       60:56 +3438 ~2 -7: /Users/denisnadey/apps/flutter_full_svg_support/test/golden_comparison/golden_comparison_test.dart: Golden Comparison Tests Golden: text_embedded_font matches browser render       60:57 +3438 ~2 -7: /Users/denisnadey/apps/flutter_full_svg_support/test/golden_comparison/golden_comparison_test.dart: Golden Comparison Tests Golden: text_embedded_font matches browser render       60:58 +3438 ~2 -7: /Users/denisnadey/apps/flutter_full_svg_support/test/golden_comparison/golden_comparison_test.dart: Golden Comparison Tests Golden: text_embedded_font matches browser render       60:59 +3438 ~2 -7: /Users/denisnadey/apps/flutter_full_svg_support/test/golden_comparison/golden_comparison_test.dart: Golden Comparison Tests Golden: text_embedded_font matches browser render       61:00 +3438 ~2 -7: /Users/denisnadey/apps/flutter_full_svg_support/test/golden_comparison/golden_comparison_test.dart: Golden Comparison Tests Golden: text_embedded_font matches browser render       61:01 +3438 ~2 -7: /Users/denisnadey/apps/flutter_full_svg_support/test/golden_comparison/golden_comparison_test.dart: Golden Comparison Tests Golden: text_embedded_font matches browser render       61:02 +3438 ~2 -7: /Users/denisnadey/apps/flutter_full_svg_support/test/golden_comparison/golden_comparison_test.dart: Golden Comparison Tests Golden: text_embedded_font matches browser render       61:03 +3438 ~2 -7: /Users/denisnadey/apps/flutter_full_svg_support/test/golden_comparison/golden_comparison_test.dart: Golden Comparison Tests Golden: text_embedded_font matches browser render       61:04 +3438 ~2 -7: /Users/denisnadey/apps/flutter_full_svg_support/test/golden_comparison/golden_comparison_test.dart: Golden Comparison Tests Golden: text_embedded_font matches browser render       61:05 +3438 ~2 -7: /Users/denisnadey/apps/flutter_full_svg_support/test/golden_comparison/golden_comparison_test.dart: Golden Comparison Tests Golden: text_embedded_font matches browser render       61:06 +3438 ~2 -7: /Users/denisnadey/apps/flutter_full_svg_support/test/golden_comparison/golden_comparison_test.dart: Golden Comparison Tests Golden: text_embedded_font matches browser render       61:07 +3438 ~2 -7: /Users/denisnadey/apps/flutter_full_svg_support/test/golden_comparison/golden_comparison_test.dart: Golden Comparison Tests Golden: text_embedded_font matches browser render       61:08 +3438 ~2 -7: /Users/denisnadey/apps/flutter_full_svg_support/test/golden_comparison/golden_comparison_test.dart: Golden Comparison Tests Golden: text_embedded_font matches browser render       61:09 +3438 ~2 -7: /Users/denisnadey/apps/flutter_full_svg_support/test/golden_comparison/golden_comparison_test.dart: Golden Comparison Tests Golden: text_embedded_font matches browser render       61:10 +3438 ~2 -7: /Users/denisnadey/apps/flutter_full_svg_support/test/golden_comparison/golden_comparison_test.dart: Golden Comparison Tests Golden: text_embedded_font matches browser render       61:11 +3438 ~2 -7: /Users/denisnadey/apps/flutter_full_svg_support/test/golden_comparison/golden_comparison_test.dart: Golden Comparison Tests Golden: text_embedded_font matches browser render       61:12 +3438 ~2 -7: /Users/denisnadey/apps/flutter_full_svg_support/test/golden_comparison/golden_comparison_test.dart: Golden Comparison Tests Golden: text_embedded_font matches browser render       61:13 +3438 ~2 -7: /Users/denisnadey/apps/flutter_full_svg_support/test/golden_comparison/golden_comparison_test.dart: Golden Comparison Tests Golden: text_embedded_font matches browser render       61:14 +3438 ~2 -7: /Users/denisnadey/apps/flutter_full_svg_support/test/golden_comparison/golden_comparison_test.dart: Golden Comparison Tests Golden: text_embedded_font matches browser render       61:15 +3438 ~2 -7: /Users/denisnadey/apps/flutter_full_svg_support/test/golden_comparison/golden_comparison_test.dart: Golden Comparison Tests Golden: text_embedded_font matches browser render       61:16 +3438 ~2 -7: /Users/denisnadey/apps/flutter_full_svg_support/test/golden_comparison/golden_comparison_test.dart: Golden Comparison Tests Golden: text_embedded_font matches browser render       61:17 +3438 ~2 -7: /Users/denisnadey/apps/flutter_full_svg_support/test/golden_comparison/golden_comparison_test.dart: Golden Comparison Tests Golden: text_embedded_font matches browser render       61:18 +3438 ~2 -7: /Users/denisnadey/apps/flutter_full_svg_support/test/golden_comparison/golden_comparison_test.dart: Golden Comparison Tests Golden: text_embedded_font matches browser render       61:19 +3438 ~2 -7: /Users/denisnadey/apps/flutter_full_svg_support/test/golden_comparison/golden_comparison_test.dart: Golden Comparison Tests Golden: text_embedded_font matches browser render       61:20 +3438 ~2 -7: /Users/denisnadey/apps/flutter_full_svg_support/test/golden_comparison/golden_comparison_test.dart: Golden Comparison Tests Golden: text_embedded_font matches browser render       61:21 +3438 ~2 -7: /Users/denisnadey/apps/flutter_full_svg_support/test/golden_comparison/golden_comparison_test.dart: Golden Comparison Tests Golden: text_embedded_font matches browser render       61:22 +3438 ~2 -7: /Users/denisnadey/apps/flutter_full_svg_support/test/golden_comparison/golden_comparison_test.dart: Golden Comparison Tests Golden: text_embedded_font matches browser render       61:23 +3438 ~2 -7: /Users/denisnadey/apps/flutter_full_svg_support/test/golden_comparison/golden_comparison_test.dart: Golden Comparison Tests Golden: text_embedded_font matches browser render       61:24 +3438 ~2 -7: /Users/denisnadey/apps/flutter_full_svg_support/test/golden_comparison/golden_comparison_test.dart: Golden Comparison Tests Golden: text_embedded_font matches browser render       61:25 +3438 ~2 -7: /Users/denisnadey/apps/flutter_full_svg_support/test/golden_comparison/golden_comparison_test.dart: Golden Comparison Tests Golden: text_embedded_font matches browser render       61:26 +3438 ~2 -7: /Users/denisnadey/apps/flutter_full_svg_support/test/golden_comparison/golden_comparison_test.dart: Golden Comparison Tests Golden: text_embedded_font matches browser render       61:27 +3438 ~2 -7: /Users/denisnadey/apps/flutter_full_svg_support/test/golden_comparison/golden_comparison_test.dart: Golden Comparison Tests Golden: text_embedded_font matches browser render       61:28 +3438 ~2 -7: /Users/denisnadey/apps/flutter_full_svg_support/test/golden_comparison/golden_comparison_test.dart: Golden Comparison Tests Golden: text_embedded_font matches browser render       61:29 +3438 ~2 -7: /Users/denisnadey/apps/flutter_full_svg_support/test/golden_comparison/golden_comparison_test.dart: Golden Comparison Tests Golden: text_embedded_font matches browser render       61:30 +3438 ~2 -7: /Users/denisnadey/apps/flutter_full_svg_support/test/golden_comparison/golden_comparison_test.dart: Golden Comparison Tests Golden: text_embedded_font matches browser render       61:31 +3438 ~2 -7: /Users/denisnadey/apps/flutter_full_svg_support/test/golden_comparison/golden_comparison_test.dart: Golden Comparison Tests Golden: text_embedded_font matches browser render       61:32 +3438 ~2 -7: /Users/denisnadey/apps/flutter_full_svg_support/test/golden_comparison/golden_comparison_test.dart: Golden Comparison Tests Golden: text_embedded_font matches browser render       61:33 +3438 ~2 -7: /Users/denisnadey/apps/flutter_full_svg_support/test/golden_comparison/golden_comparison_test.dart: Golden Comparison Tests Golden: text_embedded_font matches browser render       61:34 +3438 ~2 -7: /Users/denisnadey/apps/flutter_full_svg_support/test/golden_comparison/golden_comparison_test.dart: Golden Comparison Tests Golden: text_embedded_font matches browser render       61:35 +3438 ~2 -7: /Users/denisnadey/apps/flutter_full_svg_support/test/golden_comparison/golden_comparison_test.dart: Golden Comparison Tests Golden: text_embedded_font matches browser render       61:36 +3438 ~2 -7: /Users/denisnadey/apps/flutter_full_svg_support/test/golden_comparison/golden_comparison_test.dart: Golden Comparison Tests Golden: text_embedded_font matches browser render       61:37 +3438 ~2 -7: /Users/denisnadey/apps/flutter_full_svg_support/test/golden_comparison/golden_comparison_test.dart: Golden Comparison Tests Golden: text_embedded_font matches browser render       61:38 +3438 ~2 -7: /Users/denisnadey/apps/flutter_full_svg_support/test/golden_comparison/golden_comparison_test.dart: Golden Comparison Tests Golden: text_embedded_font matches browser render       61:39 +3438 ~2 -7: /Users/denisnadey/apps/flutter_full_svg_support/test/golden_comparison/golden_comparison_test.dart: Golden Comparison Tests Golden: text_embedded_font matches browser render       61:40 +3438 ~2 -7: /Users/denisnadey/apps/flutter_full_svg_support/test/golden_comparison/golden_comparison_test.dart: Golden Comparison Tests Golden: text_embedded_font matches browser render       61:41 +3438 ~2 -7: /Users/denisnadey/apps/flutter_full_svg_support/test/golden_comparison/golden_comparison_test.dart: Golden Comparison Tests Golden: text_embedded_font matches browser render       61:42 +3438 ~2 -7: /Users/denisnadey/apps/flutter_full_svg_support/test/golden_comparison/golden_comparison_test.dart: Golden Comparison Tests Golden: text_embedded_font matches browser render       61:43 +3438 ~2 -7: /Users/denisnadey/apps/flutter_full_svg_support/test/golden_comparison/golden_comparison_test.dart: Golden Comparison Tests Golden: text_embedded_font matches browser render       61:44 +3438 ~2 -7: /Users/denisnadey/apps/flutter_full_svg_support/test/golden_comparison/golden_comparison_test.dart: Golden Comparison Tests Golden: text_embedded_font matches browser render       61:45 +3438 ~2 -7: /Users/denisnadey/apps/flutter_full_svg_support/test/golden_comparison/golden_comparison_test.dart: Golden Comparison Tests Golden: text_embedded_font matches browser render       61:46 +3438 ~2 -7: /Users/denisnadey/apps/flutter_full_svg_support/test/golden_comparison/golden_comparison_test.dart: Golden Comparison Tests Golden: text_embedded_font matches browser render       61:47 +3438 ~2 -7: /Users/denisnadey/apps/flutter_full_svg_support/test/golden_comparison/golden_comparison_test.dart: Golden Comparison Tests Golden: text_embedded_font matches browser render       61:48 +3438 ~2 -7: /Users/denisnadey/apps/flutter_full_svg_support/test/golden_comparison/golden_comparison_test.dart: Golden Comparison Tests Golden: text_embedded_font matches browser render       61:49 +3438 ~2 -7: /Users/denisnadey/apps/flutter_full_svg_support/test/golden_comparison/golden_comparison_test.dart: Golden Comparison Tests Golden: text_embedded_font matches browser render       61:50 +3438 ~2 -7: /Users/denisnadey/apps/flutter_full_svg_support/test/golden_comparison/golden_comparison_test.dart: Golden Comparison Tests Golden: text_embedded_font matches browser render       61:51 +3438 ~2 -7: /Users/denisnadey/apps/flutter_full_svg_support/test/golden_comparison/golden_comparison_test.dart: Golden Comparison Tests Golden: text_embedded_font matches browser render       61:52 +3438 ~2 -7: /Users/denisnadey/apps/flutter_full_svg_support/test/golden_comparison/golden_comparison_test.dart: Golden Comparison Tests Golden: text_embedded_font matches browser render       61:53 +3438 ~2 -7: /Users/denisnadey/apps/flutter_full_svg_support/test/golden_comparison/golden_comparison_test.dart: Golden Comparison Tests Golden: text_embedded_font matches browser render       61:54 +3438 ~2 -7: /Users/denisnadey/apps/flutter_full_svg_support/test/golden_comparison/golden_comparison_test.dart: Golden Comparison Tests Golden: text_embedded_font matches browser render       61:55 +3438 ~2 -7: /Users/denisnadey/apps/flutter_full_svg_support/test/golden_comparison/golden_comparison_test.dart: Golden Comparison Tests Golden: text_embedded_font matches browser render       61:56 +3438 ~2 -7: /Users/denisnadey/apps/flutter_full_svg_support/test/golden_comparison/golden_comparison_test.dart: Golden Comparison Tests Golden: text_embedded_font matches browser render       61:57 +3438 ~2 -7: /Users/denisnadey/apps/flutter_full_svg_support/test/golden_comparison/golden_comparison_test.dart: Golden Comparison Tests Golden: text_embedded_font matches browser render       61:58 +3438 ~2 -7: /Users/denisnadey/apps/flutter_full_svg_support/test/golden_comparison/golden_comparison_test.dart: Golden Comparison Tests Golden: text_embedded_font matches browser render       61:59 +3438 ~2 -7: /Users/denisnadey/apps/flutter_full_svg_support/test/golden_comparison/golden_comparison_test.dart: Golden Comparison Tests Golden: text_embedded_font matches browser render       62:00 +3438 ~2 -7: /Users/denisnadey/apps/flutter_full_svg_support/test/golden_comparison/golden_comparison_test.dart: Golden Comparison Tests Golden: text_embedded_font matches browser render       62:01 +3438 ~2 -7: /Users/denisnadey/apps/flutter_full_svg_support/test/golden_comparison/golden_comparison_test.dart: Golden Comparison Tests Golden: text_embedded_font matches browser render       62:02 +3438 ~2 -7: /Users/denisnadey/apps/flutter_full_svg_support/test/golden_comparison/golden_comparison_test.dart: Golden Comparison Tests Golden: text_embedded_font matches browser render       62:03 +3438 ~2 -7: /Users/denisnadey/apps/flutter_full_svg_support/test/golden_comparison/golden_comparison_test.dart: Golden Comparison Tests Golden: text_embedded_font matches browser render       62:04 +3438 ~2 -7: /Users/denisnadey/apps/flutter_full_svg_support/test/golden_comparison/golden_comparison_test.dart: Golden Comparison Tests Golden: text_embedded_font matches browser render       62:05 +3438 ~2 -7: /Users/denisnadey/apps/flutter_full_svg_support/test/golden_comparison/golden_comparison_test.dart: Golden Comparison Tests Golden: text_embedded_font matches browser render       62:06 +3438 ~2 -7: /Users/denisnadey/apps/flutter_full_svg_support/test/golden_comparison/golden_comparison_test.dart: Golden Comparison Tests Golden: text_embedded_font matches browser render       62:07 +3438 ~2 -7: /Users/denisnadey/apps/flutter_full_svg_support/test/golden_comparison/golden_comparison_test.dart: Golden Comparison Tests Golden: text_embedded_font matches browser render       62:08 +3438 ~2 -7: /Users/denisnadey/apps/flutter_full_svg_support/test/golden_comparison/golden_comparison_test.dart: Golden Comparison Tests Golden: text_embedded_font matches browser render       62:09 +3438 ~2 -7: /Users/denisnadey/apps/flutter_full_svg_support/test/golden_comparison/golden_comparison_test.dart: Golden Comparison Tests Golden: text_embedded_font matches browser render       62:10 +3438 ~2 -7: /Users/denisnadey/apps/flutter_full_svg_support/test/golden_comparison/golden_comparison_test.dart: Golden Comparison Tests Golden: text_embedded_font matches browser render       62:11 +3438 ~2 -7: /Users/denisnadey/apps/flutter_full_svg_support/test/golden_comparison/golden_comparison_test.dart: Golden Comparison Tests Golden: text_embedded_font matches browser render       62:12 +3438 ~2 -7: /Users/denisnadey/apps/flutter_full_svg_support/test/golden_comparison/golden_comparison_test.dart: Golden Comparison Tests Golden: text_embedded_font matches browser render       62:13 +3438 ~2 -7: /Users/denisnadey/apps/flutter_full_svg_support/test/golden_comparison/golden_comparison_test.dart: Golden Comparison Tests Golden: text_embedded_font matches browser render       62:14 +3438 ~2 -7: /Users/denisnadey/apps/flutter_full_svg_support/test/golden_comparison/golden_comparison_test.dart: Golden Comparison Tests Golden: text_embedded_font matches browser render       62:15 +3438 ~2 -7: /Users/denisnadey/apps/flutter_full_svg_support/test/golden_comparison/golden_comparison_test.dart: Golden Comparison Tests Golden: text_embedded_font matches browser render       62:16 +3438 ~2 -7: /Users/denisnadey/apps/flutter_full_svg_support/test/golden_comparison/golden_comparison_test.dart: Golden Comparison Tests Golden: text_embedded_font matches browser render       62:17 +3438 ~2 -7: /Users/denisnadey/apps/flutter_full_svg_support/test/golden_comparison/golden_comparison_test.dart: Golden Comparison Tests Golden: text_embedded_font matches browser render       62:18 +3438 ~2 -7: /Users/denisnadey/apps/flutter_full_svg_support/test/golden_comparison/golden_comparison_test.dart: Golden Comparison Tests Golden: text_embedded_font matches browser render       62:19 +3438 ~2 -7: /Users/denisnadey/apps/flutter_full_svg_support/test/golden_comparison/golden_comparison_test.dart: Golden Comparison Tests Golden: text_embedded_font matches browser render       62:20 +3438 ~2 -7: /Users/denisnadey/apps/flutter_full_svg_support/test/golden_comparison/golden_comparison_test.dart: Golden Comparison Tests Golden: text_embedded_font matches browser render       62:21 +3438 ~2 -7: /Users/denisnadey/apps/flutter_full_svg_support/test/golden_comparison/golden_comparison_test.dart: Golden Comparison Tests Golden: text_embedded_font matches browser render       62:22 +3438 ~2 -7: /Users/denisnadey/apps/flutter_full_svg_support/test/golden_comparison/golden_comparison_test.dart: Golden Comparison Tests Golden: text_embedded_font matches browser render       62:23 +3438 ~2 -7: /Users/denisnadey/apps/flutter_full_svg_support/test/golden_comparison/golden_comparison_test.dart: Golden Comparison Tests Golden: text_embedded_font matches browser render       62:24 +3438 ~2 -7: /Users/denisnadey/apps/flutter_full_svg_support/test/golden_comparison/golden_comparison_test.dart: Golden Comparison Tests Golden: text_embedded_font matches browser render       62:25 +3438 ~2 -7: /Users/denisnadey/apps/flutter_full_svg_support/test/golden_comparison/golden_comparison_test.dart: Golden Comparison Tests Golden: text_embedded_font matches browser render       62:26 +3438 ~2 -7: /Users/denisnadey/apps/flutter_full_svg_support/test/golden_comparison/golden_comparison_test.dart: Golden Comparison Tests Golden: text_embedded_font matches browser render       62:27 +3438 ~2 -7: /Users/denisnadey/apps/flutter_full_svg_support/test/golden_comparison/golden_comparison_test.dart: Golden Comparison Tests Golden: text_embedded_font matches browser render       62:28 +3438 ~2 -7: /Users/denisnadey/apps/flutter_full_svg_support/test/golden_comparison/golden_comparison_test.dart: Golden Comparison Tests Golden: text_embedded_font matches browser render       62:29 +3438 ~2 -7: /Users/denisnadey/apps/flutter_full_svg_support/test/golden_comparison/golden_comparison_test.dart: Golden Comparison Tests Golden: text_embedded_font matches browser render       62:30 +3438 ~2 -7: /Users/denisnadey/apps/flutter_full_svg_support/test/golden_comparison/golden_comparison_test.dart: Golden Comparison Tests Golden: text_embedded_font matches browser render       62:31 +3438 ~2 -7: /Users/denisnadey/apps/flutter_full_svg_support/test/golden_comparison/golden_comparison_test.dart: Golden Comparison Tests Golden: text_embedded_font matches browser render       62:32 +3438 ~2 -7: /Users/denisnadey/apps/flutter_full_svg_support/test/golden_comparison/golden_comparison_test.dart: Golden Comparison Tests Golden: text_embedded_font matches browser render       62:33 +3438 ~2 -7: /Users/denisnadey/apps/flutter_full_svg_support/test/golden_comparison/golden_comparison_test.dart: Golden Comparison Tests Golden: text_embedded_font matches browser render       62:34 +3438 ~2 -7: /Users/denisnadey/apps/flutter_full_svg_support/test/golden_comparison/golden_comparison_test.dart: Golden Comparison Tests Golden: text_embedded_font matches browser render       62:35 +3438 ~2 -7: /Users/denisnadey/apps/flutter_full_svg_support/test/golden_comparison/golden_comparison_test.dart: Golden Comparison Tests Golden: text_embedded_font matches browser render       62:36 +3438 ~2 -7: /Users/denisnadey/apps/flutter_full_svg_support/test/golden_comparison/golden_comparison_test.dart: Golden Comparison Tests Golden: text_embedded_font matches browser render       62:37 +3438 ~2 -7: /Users/denisnadey/apps/flutter_full_svg_support/test/golden_comparison/golden_comparison_test.dart: Golden Comparison Tests Golden: text_embedded_font matches browser render       62:38 +3438 ~2 -7: /Users/denisnadey/apps/flutter_full_svg_support/test/golden_comparison/golden_comparison_test.dart: Golden Comparison Tests Golden: text_embedded_font matches browser render       62:39 +3438 ~2 -7: /Users/denisnadey/apps/flutter_full_svg_support/test/golden_comparison/golden_comparison_test.dart: Golden Comparison Tests Golden: text_embedded_font matches browser render       62:40 +3438 ~2 -7: /Users/denisnadey/apps/flutter_full_svg_support/test/golden_comparison/golden_comparison_test.dart: Golden Comparison Tests Golden: text_embedded_font matches browser render       62:41 +3438 ~2 -7: /Users/denisnadey/apps/flutter_full_svg_support/test/golden_comparison/golden_comparison_test.dart: Golden Comparison Tests Golden: text_embedded_font matches browser render       62:42 +3438 ~2 -7: /Users/denisnadey/apps/flutter_full_svg_support/test/golden_comparison/golden_comparison_test.dart: Golden Comparison Tests Golden: text_embedded_font matches browser render       62:43 +3438 ~2 -7: /Users/denisnadey/apps/flutter_full_svg_support/test/golden_comparison/golden_comparison_test.dart: Golden Comparison Tests Golden: text_embedded_font matches browser render       62:44 +3438 ~2 -7: /Users/denisnadey/apps/flutter_full_svg_support/test/golden_comparison/golden_comparison_test.dart: Golden Comparison Tests Golden: text_embedded_font matches browser render       62:45 +3438 ~2 -7: /Users/denisnadey/apps/flutter_full_svg_support/test/golden_comparison/golden_comparison_test.dart: Golden Comparison Tests Golden: text_embedded_font matches browser render       62:46 +3438 ~2 -7: /Users/denisnadey/apps/flutter_full_svg_support/test/golden_comparison/golden_comparison_test.dart: Golden Comparison Tests Golden: text_embedded_font matches browser render       62:47 +3438 ~2 -7: /Users/denisnadey/apps/flutter_full_svg_support/test/golden_comparison/golden_comparison_test.dart: Golden Comparison Tests Golden: text_embedded_font matches browser render       62:48 +3438 ~2 -7: /Users/denisnadey/apps/flutter_full_svg_support/test/golden_comparison/golden_comparison_test.dart: Golden Comparison Tests Golden: text_embedded_font matches browser render       62:49 +3438 ~2 -7: /Users/denisnadey/apps/flutter_full_svg_support/test/golden_comparison/golden_comparison_test.dart: Golden Comparison Tests Golden: text_embedded_font matches browser render       62:50 +3438 ~2 -7: /Users/denisnadey/apps/flutter_full_svg_support/test/golden_comparison/golden_comparison_test.dart: Golden Comparison Tests Golden: text_embedded_font matches browser render       62:51 +3438 ~2 -7: /Users/denisnadey/apps/flutter_full_svg_support/test/golden_comparison/golden_comparison_test.dart: Golden Comparison Tests Golden: text_embedded_font matches browser render       62:52 +3438 ~2 -7: /Users/denisnadey/apps/flutter_full_svg_support/test/golden_comparison/golden_comparison_test.dart: Golden Comparison Tests Golden: text_embedded_font matches browser render       62:53 +3438 ~2 -7: /Users/denisnadey/apps/flutter_full_svg_support/test/golden_comparison/golden_comparison_test.dart: Golden Comparison Tests Golden: text_embedded_font matches browser render       62:54 +3438 ~2 -7: /Users/denisnadey/apps/flutter_full_svg_support/test/golden_comparison/golden_comparison_test.dart: Golden Comparison Tests Golden: text_embedded_font matches browser render       62:55 +3438 ~2 -7: /Users/denisnadey/apps/flutter_full_svg_support/test/golden_comparison/golden_comparison_test.dart: Golden Comparison Tests Golden: text_embedded_font matches browser render       62:56 +3438 ~2 -7: /Users/denisnadey/apps/flutter_full_svg_support/test/golden_comparison/golden_comparison_test.dart: Golden Comparison Tests Golden: text_embedded_font matches browser render       62:57 +3438 ~2 -7: /Users/denisnadey/apps/flutter_full_svg_support/test/golden_comparison/golden_comparison_test.dart: Golden Comparison Tests Golden: text_embedded_font matches browser render       62:58 +3438 ~2 -7: /Users/denisnadey/apps/flutter_full_svg_support/test/golden_comparison/golden_comparison_test.dart: Golden Comparison Tests Golden: text_embedded_font matches browser render       62:59 +3438 ~2 -7: /Users/denisnadey/apps/flutter_full_svg_support/test/golden_comparison/golden_comparison_test.dart: Golden Comparison Tests Golden: text_embedded_font matches browser render       63:00 +3438 ~2 -7: /Users/denisnadey/apps/flutter_full_svg_support/test/golden_comparison/golden_comparison_test.dart: Golden Comparison Tests Golden: text_embedded_font matches browser render       63:01 +3438 ~2 -7: /Users/denisnadey/apps/flutter_full_svg_support/test/golden_comparison/golden_comparison_test.dart: Golden Comparison Tests Golden: text_embedded_font matches browser render       63:02 +3438 ~2 -7: /Users/denisnadey/apps/flutter_full_svg_support/test/golden_comparison/golden_comparison_test.dart: Golden Comparison Tests Golden: text_embedded_font matches browser render       63:03 +3438 ~2 -7: /Users/denisnadey/apps/flutter_full_svg_support/test/golden_comparison/golden_comparison_test.dart: Golden Comparison Tests Golden: text_embedded_font matches browser render       63:04 +3438 ~2 -7: /Users/denisnadey/apps/flutter_full_svg_support/test/golden_comparison/golden_comparison_test.dart: Golden Comparison Tests Golden: text_embedded_font matches browser render       63:05 +3438 ~2 -7: /Users/denisnadey/apps/flutter_full_svg_support/test/golden_comparison/golden_comparison_test.dart: Golden Comparison Tests Golden: text_embedded_font matches browser render       63:06 +3438 ~2 -7: /Users/denisnadey/apps/flutter_full_svg_support/test/golden_comparison/golden_comparison_test.dart: Golden Comparison Tests Golden: text_embedded_font matches browser render       63:07 +3438 ~2 -7: /Users/denisnadey/apps/flutter_full_svg_support/test/golden_comparison/golden_comparison_test.dart: Golden Comparison Tests Golden: text_embedded_font matches browser render       63:08 +3438 ~2 -7: /Users/denisnadey/apps/flutter_full_svg_support/test/golden_comparison/golden_comparison_test.dart: Golden Comparison Tests Golden: text_embedded_font matches browser render       63:09 +3438 ~2 -7: /Users/denisnadey/apps/flutter_full_svg_support/test/golden_comparison/golden_comparison_test.dart: Golden Comparison Tests Golden: text_embedded_font matches browser render       63:10 +3438 ~2 -7: /Users/denisnadey/apps/flutter_full_svg_support/test/golden_comparison/golden_comparison_test.dart: Golden Comparison Tests Golden: text_embedded_font matches browser render       63:11 +3438 ~2 -7: /Users/denisnadey/apps/flutter_full_svg_support/test/golden_comparison/golden_comparison_test.dart: Golden Comparison Tests Golden: text_embedded_font matches browser render       63:12 +3438 ~2 -7: /Users/denisnadey/apps/flutter_full_svg_support/test/golden_comparison/golden_comparison_test.dart: Golden Comparison Tests Golden: text_embedded_font matches browser render       63:13 +3438 ~2 -7: /Users/denisnadey/apps/flutter_full_svg_support/test/golden_comparison/golden_comparison_test.dart: Golden Comparison Tests Golden: text_embedded_font matches browser render       63:14 +3438 ~2 -7: /Users/denisnadey/apps/flutter_full_svg_support/test/golden_comparison/golden_comparison_test.dart: Golden Comparison Tests Golden: text_embedded_font matches browser render       63:15 +3438 ~2 -7: /Users/denisnadey/apps/flutter_full_svg_support/test/golden_comparison/golden_comparison_test.dart: Golden Comparison Tests Golden: text_embedded_font matches browser render       63:16 +3438 ~2 -7: /Users/denisnadey/apps/flutter_full_svg_support/test/golden_comparison/golden_comparison_test.dart: Golden Comparison Tests Golden: text_embedded_font matches browser render       63:17 +3438 ~2 -7: /Users/denisnadey/apps/flutter_full_svg_support/test/golden_comparison/golden_comparison_test.dart: Golden Comparison Tests Golden: text_embedded_font matches browser render       63:18 +3438 ~2 -7: /Users/denisnadey/apps/flutter_full_svg_support/test/golden_comparison/golden_comparison_test.dart: Golden Comparison Tests Golden: text_embedded_font matches browser render       63:19 +3438 ~2 -7: /Users/denisnadey/apps/flutter_full_svg_support/test/golden_comparison/golden_comparison_test.dart: Golden Comparison Tests Golden: text_embedded_font matches browser render       63:20 +3438 ~2 -7: /Users/denisnadey/apps/flutter_full_svg_support/test/golden_comparison/golden_comparison_test.dart: Golden Comparison Tests Golden: text_embedded_font matches browser render       63:21 +3438 ~2 -7: /Users/denisnadey/apps/flutter_full_svg_support/test/golden_comparison/golden_comparison_test.dart: Golden Comparison Tests Golden: text_embedded_font matches browser render       63:22 +3438 ~2 -7: /Users/denisnadey/apps/flutter_full_svg_support/test/golden_comparison/golden_comparison_test.dart: Golden Comparison Tests Golden: text_embedded_font matches browser render       63:23 +3438 ~2 -7: /Users/denisnadey/apps/flutter_full_svg_support/test/golden_comparison/golden_comparison_test.dart: Golden Comparison Tests Golden: text_embedded_font matches browser render       63:24 +3438 ~2 -7: /Users/denisnadey/apps/flutter_full_svg_support/test/golden_comparison/golden_comparison_test.dart: Golden Comparison Tests Golden: text_embedded_font matches browser render       63:25 +3438 ~2 -7: /Users/denisnadey/apps/flutter_full_svg_support/test/golden_comparison/golden_comparison_test.dart: Golden Comparison Tests Golden: text_embedded_font matches browser render       63:26 +3438 ~2 -7: /Users/denisnadey/apps/flutter_full_svg_support/test/golden_comparison/golden_comparison_test.dart: Golden Comparison Tests Golden: text_embedded_font matches browser render       63:27 +3438 ~2 -7: /Users/denisnadey/apps/flutter_full_svg_support/test/golden_comparison/golden_comparison_test.dart: Golden Comparison Tests Golden: text_embedded_font matches browser render       63:28 +3438 ~2 -7: /Users/denisnadey/apps/flutter_full_svg_support/test/golden_comparison/golden_comparison_test.dart: Golden Comparison Tests Golden: text_embedded_font matches browser render       63:29 +3438 ~2 -7: /Users/denisnadey/apps/flutter_full_svg_support/test/golden_comparison/golden_comparison_test.dart: Golden Comparison Tests Golden: text_embedded_font matches browser render       63:30 +3438 ~2 -7: /Users/denisnadey/apps/flutter_full_svg_support/test/golden_comparison/golden_comparison_test.dart: Golden Comparison Tests Golden: text_embedded_font matches browser render       63:31 +3438 ~2 -7: /Users/denisnadey/apps/flutter_full_svg_support/test/golden_comparison/golden_comparison_test.dart: Golden Comparison Tests Golden: text_embedded_font matches browser render       63:32 +3438 ~2 -7: /Users/denisnadey/apps/flutter_full_svg_support/test/golden_comparison/golden_comparison_test.dart: Golden Comparison Tests Golden: text_embedded_font matches browser render       63:33 +3438 ~2 -7: /Users/denisnadey/apps/flutter_full_svg_support/test/golden_comparison/golden_comparison_test.dart: Golden Comparison Tests Golden: text_embedded_font matches browser render       63:34 +3438 ~2 -7: /Users/denisnadey/apps/flutter_full_svg_support/test/golden_comparison/golden_comparison_test.dart: Golden Comparison Tests Golden: text_embedded_font matches browser render       63:35 +3438 ~2 -7: /Users/denisnadey/apps/flutter_full_svg_support/test/golden_comparison/golden_comparison_test.dart: Golden Comparison Tests Golden: text_embedded_font matches browser render       63:36 +3438 ~2 -7: /Users/denisnadey/apps/flutter_full_svg_support/test/golden_comparison/golden_comparison_test.dart: Golden Comparison Tests Golden: text_embedded_font matches browser render       63:37 +3438 ~2 -7: /Users/denisnadey/apps/flutter_full_svg_support/test/golden_comparison/golden_comparison_test.dart: Golden Comparison Tests Golden: text_embedded_font matches browser render       63:38 +3438 ~2 -7: /Users/denisnadey/apps/flutter_full_svg_support/test/golden_comparison/golden_comparison_test.dart: Golden Comparison Tests Golden: text_embedded_font matches browser render       63:39 +3438 ~2 -7: /Users/denisnadey/apps/flutter_full_svg_support/test/golden_comparison/golden_comparison_test.dart: Golden Comparison Tests Golden: text_embedded_font matches browser render       63:40 +3438 ~2 -7: /Users/denisnadey/apps/flutter_full_svg_support/test/golden_comparison/golden_comparison_test.dart: Golden Comparison Tests Golden: text_embedded_font matches browser render       63:41 +3438 ~2 -7: /Users/denisnadey/apps/flutter_full_svg_support/test/golden_comparison/golden_comparison_test.dart: Golden Comparison Tests Golden: text_embedded_font matches browser render       63:42 +3438 ~2 -7: /Users/denisnadey/apps/flutter_full_svg_support/test/golden_comparison/golden_comparison_test.dart: Golden Comparison Tests Golden: text_embedded_font matches browser render       63:43 +3438 ~2 -7: /Users/denisnadey/apps/flutter_full_svg_support/test/golden_comparison/golden_comparison_test.dart: Golden Comparison Tests Golden: text_embedded_font matches browser render       63:44 +3438 ~2 -7: /Users/denisnadey/apps/flutter_full_svg_support/test/golden_comparison/golden_comparison_test.dart: Golden Comparison Tests Golden: text_embedded_font matches browser render       63:45 +3438 ~2 -7: /Users/denisnadey/apps/flutter_full_svg_support/test/golden_comparison/golden_comparison_test.dart: Golden Comparison Tests Golden: text_embedded_font matches browser render       63:46 +3438 ~2 -7: /Users/denisnadey/apps/flutter_full_svg_support/test/golden_comparison/golden_comparison_test.dart: Golden Comparison Tests Golden: text_embedded_font matches browser render       63:47 +3438 ~2 -7: /Users/denisnadey/apps/flutter_full_svg_support/test/golden_comparison/golden_comparison_test.dart: Golden Comparison Tests Golden: text_embedded_font matches browser render       63:48 +3438 ~2 -7: /Users/denisnadey/apps/flutter_full_svg_support/test/golden_comparison/golden_comparison_test.dart: Golden Comparison Tests Golden: text_embedded_font matches browser render       63:49 +3438 ~2 -7: /Users/denisnadey/apps/flutter_full_svg_support/test/golden_comparison/golden_comparison_test.dart: Golden Comparison Tests Golden: text_embedded_font matches browser render       63:50 +3438 ~2 -7: /Users/denisnadey/apps/flutter_full_svg_support/test/golden_comparison/golden_comparison_test.dart: Golden Comparison Tests Golden: text_embedded_font matches browser render       63:51 +3438 ~2 -7: /Users/denisnadey/apps/flutter_full_svg_support/test/golden_comparison/golden_comparison_test.dart: Golden Comparison Tests Golden: text_embedded_font matches browser render       63:52 +3438 ~2 -7: /Users/denisnadey/apps/flutter_full_svg_support/test/golden_comparison/golden_comparison_test.dart: Golden Comparison Tests Golden: text_embedded_font matches browser render       63:53 +3438 ~2 -7: /Users/denisnadey/apps/flutter_full_svg_support/test/golden_comparison/golden_comparison_test.dart: Golden Comparison Tests Golden: text_embedded_font matches browser render       63:54 +3438 ~2 -7: /Users/denisnadey/apps/flutter_full_svg_support/test/golden_comparison/golden_comparison_test.dart: Golden Comparison Tests Golden: text_embedded_font matches browser render       63:55 +3438 ~2 -7: /Users/denisnadey/apps/flutter_full_svg_support/test/golden_comparison/golden_comparison_test.dart: Golden Comparison Tests Golden: text_embedded_font matches browser render       63:56 +3438 ~2 -7: /Users/denisnadey/apps/flutter_full_svg_support/test/golden_comparison/golden_comparison_test.dart: Golden Comparison Tests Golden: text_embedded_font matches browser render       63:57 +3438 ~2 -7: /Users/denisnadey/apps/flutter_full_svg_support/test/golden_comparison/golden_comparison_test.dart: Golden Comparison Tests Golden: text_embedded_font matches browser render       63:58 +3438 ~2 -7: /Users/denisnadey/apps/flutter_full_svg_support/test/golden_comparison/golden_comparison_test.dart: Golden Comparison Tests Golden: text_embedded_font matches browser render       63:59 +3438 ~2 -7: /Users/denisnadey/apps/flutter_full_svg_support/test/golden_comparison/golden_comparison_test.dart: Golden Comparison Tests Golden: text_embedded_font matches browser render       64:00 +3438 ~2 -7: /Users/denisnadey/apps/flutter_full_svg_support/test/golden_comparison/golden_comparison_test.dart: Golden Comparison Tests Golden: text_embedded_font matches browser render       64:01 +3438 ~2 -7: /Users/denisnadey/apps/flutter_full_svg_support/test/golden_comparison/golden_comparison_test.dart: Golden Comparison Tests Golden: text_embedded_font matches browser render       64:02 +3438 ~2 -7: /Users/denisnadey/apps/flutter_full_svg_support/test/golden_comparison/golden_comparison_test.dart: Golden Comparison Tests Golden: text_embedded_font matches browser render       64:03 +3438 ~2 -7: /Users/denisnadey/apps/flutter_full_svg_support/test/golden_comparison/golden_comparison_test.dart: Golden Comparison Tests Golden: text_embedded_font matches browser render       64:04 +3438 ~2 -7: /Users/denisnadey/apps/flutter_full_svg_support/test/golden_comparison/golden_comparison_test.dart: Golden Comparison Tests Golden: text_embedded_font matches browser render       64:05 +3438 ~2 -7: /Users/denisnadey/apps/flutter_full_svg_support/test/golden_comparison/golden_comparison_test.dart: Golden Comparison Tests Golden: text_embedded_font matches browser render       64:06 +3438 ~2 -7: /Users/denisnadey/apps/flutter_full_svg_support/test/golden_comparison/golden_comparison_test.dart: Golden Comparison Tests Golden: text_embedded_font matches browser render       64:07 +3438 ~2 -7: /Users/denisnadey/apps/flutter_full_svg_support/test/golden_comparison/golden_comparison_test.dart: Golden Comparison Tests Golden: text_embedded_font matches browser render       64:08 +3438 ~2 -7: /Users/denisnadey/apps/flutter_full_svg_support/test/golden_comparison/golden_comparison_test.dart: Golden Comparison Tests Golden: text_embedded_font matches browser render       64:09 +3438 ~2 -7: /Users/denisnadey/apps/flutter_full_svg_support/test/golden_comparison/golden_comparison_test.dart: Golden Comparison Tests Golden: text_embedded_font matches browser render       64:10 +3438 ~2 -7: /Users/denisnadey/apps/flutter_full_svg_support/test/golden_comparison/golden_comparison_test.dart: Golden Comparison Tests Golden: text_embedded_font matches browser render       64:11 +3438 ~2 -7: /Users/denisnadey/apps/flutter_full_svg_support/test/golden_comparison/golden_comparison_test.dart: Golden Comparison Tests Golden: text_embedded_font matches browser render       64:12 +3438 ~2 -7: /Users/denisnadey/apps/flutter_full_svg_support/test/golden_comparison/golden_comparison_test.dart: Golden Comparison Tests Golden: text_embedded_font matches browser render       64:13 +3438 ~2 -7: /Users/denisnadey/apps/flutter_full_svg_support/test/golden_comparison/golden_comparison_test.dart: Golden Comparison Tests Golden: text_embedded_font matches browser render       64:14 +3438 ~2 -7: /Users/denisnadey/apps/flutter_full_svg_support/test/golden_comparison/golden_comparison_test.dart: Golden Comparison Tests Golden: text_embedded_font matches browser render       64:15 +3438 ~2 -7: /Users/denisnadey/apps/flutter_full_svg_support/test/golden_comparison/golden_comparison_test.dart: Golden Comparison Tests Golden: text_embedded_font matches browser render       64:16 +3438 ~2 -7: /Users/denisnadey/apps/flutter_full_svg_support/test/golden_comparison/golden_comparison_test.dart: Golden Comparison Tests Golden: text_embedded_font matches browser render       64:17 +3438 ~2 -7: /Users/denisnadey/apps/flutter_full_svg_support/test/golden_comparison/golden_comparison_test.dart: Golden Comparison Tests Golden: text_embedded_font matches browser render       64:18 +3438 ~2 -7: /Users/denisnadey/apps/flutter_full_svg_support/test/golden_comparison/golden_comparison_test.dart: Golden Comparison Tests Golden: text_embedded_font matches browser render       64:19 +3438 ~2 -7: /Users/denisnadey/apps/flutter_full_svg_support/test/golden_comparison/golden_comparison_test.dart: Golden Comparison Tests Golden: text_embedded_font matches browser render       64:20 +3438 ~2 -7: /Users/denisnadey/apps/flutter_full_svg_support/test/golden_comparison/golden_comparison_test.dart: Golden Comparison Tests Golden: text_embedded_font matches browser render       64:21 +3438 ~2 -7: /Users/denisnadey/apps/flutter_full_svg_support/test/golden_comparison/golden_comparison_test.dart: Golden Comparison Tests Golden: text_embedded_font matches browser render       64:22 +3438 ~2 -7: /Users/denisnadey/apps/flutter_full_svg_support/test/golden_comparison/golden_comparison_test.dart: Golden Comparison Tests Golden: text_embedded_font matches browser render       64:23 +3438 ~2 -7: /Users/denisnadey/apps/flutter_full_svg_support/test/golden_comparison/golden_comparison_test.dart: Golden Comparison Tests Golden: text_embedded_font matches browser render       64:24 +3438 ~2 -7: /Users/denisnadey/apps/flutter_full_svg_support/test/golden_comparison/golden_comparison_test.dart: Golden Comparison Tests Golden: text_embedded_font matches browser render       64:25 +3438 ~2 -7: /Users/denisnadey/apps/flutter_full_svg_support/test/golden_comparison/golden_comparison_test.dart: Golden Comparison Tests Golden: text_embedded_font matches browser render       64:26 +3438 ~2 -7: /Users/denisnadey/apps/flutter_full_svg_support/test/golden_comparison/golden_comparison_test.dart: Golden Comparison Tests Golden: text_embedded_font matches browser render       64:27 +3438 ~2 -7: /Users/denisnadey/apps/flutter_full_svg_support/test/golden_comparison/golden_comparison_test.dart: Golden Comparison Tests Golden: text_embedded_font matches browser render       64:28 +3438 ~2 -7: /Users/denisnadey/apps/flutter_full_svg_support/test/golden_comparison/golden_comparison_test.dart: Golden Comparison Tests Golden: text_embedded_font matches browser render       64:29 +3438 ~2 -7: /Users/denisnadey/apps/flutter_full_svg_support/test/golden_comparison/golden_comparison_test.dart: Golden Comparison Tests Golden: text_embedded_font matches browser render       64:30 +3438 ~2 -7: /Users/denisnadey/apps/flutter_full_svg_support/test/golden_comparison/golden_comparison_test.dart: Golden Comparison Tests Golden: text_embedded_font matches browser render       64:31 +3438 ~2 -7: /Users/denisnadey/apps/flutter_full_svg_support/test/golden_comparison/golden_comparison_test.dart: Golden Comparison Tests Golden: text_embedded_font matches browser render       64:32 +3438 ~2 -7: /Users/denisnadey/apps/flutter_full_svg_support/test/golden_comparison/golden_comparison_test.dart: Golden Comparison Tests Golden: text_embedded_font matches browser render       64:33 +3438 ~2 -7: /Users/denisnadey/apps/flutter_full_svg_support/test/golden_comparison/golden_comparison_test.dart: Golden Comparison Tests Golden: text_embedded_font matches browser render       64:34 +3438 ~2 -7: /Users/denisnadey/apps/flutter_full_svg_support/test/golden_comparison/golden_comparison_test.dart: Golden Comparison Tests Golden: text_embedded_font matches browser render       64:35 +3438 ~2 -7: /Users/denisnadey/apps/flutter_full_svg_support/test/golden_comparison/golden_comparison_test.dart: Golden Comparison Tests Golden: text_embedded_font matches browser render       64:36 +3438 ~2 -7: /Users/denisnadey/apps/flutter_full_svg_support/test/golden_comparison/golden_comparison_test.dart: Golden Comparison Tests Golden: text_embedded_font matches browser render       64:37 +3438 ~2 -7: /Users/denisnadey/apps/flutter_full_svg_support/test/golden_comparison/golden_comparison_test.dart: Golden Comparison Tests Golden: text_embedded_font matches browser render       64:38 +3438 ~2 -7: /Users/denisnadey/apps/flutter_full_svg_support/test/golden_comparison/golden_comparison_test.dart: Golden Comparison Tests Golden: text_embedded_font matches browser render       64:39 +3438 ~2 -7: /Users/denisnadey/apps/flutter_full_svg_support/test/golden_comparison/golden_comparison_test.dart: Golden Comparison Tests Golden: text_embedded_font matches browser render       64:40 +3438 ~2 -7: /Users/denisnadey/apps/flutter_full_svg_support/test/golden_comparison/golden_comparison_test.dart: Golden Comparison Tests Golden: text_embedded_font matches browser render       64:41 +3438 ~2 -7: /Users/denisnadey/apps/flutter_full_svg_support/test/golden_comparison/golden_comparison_test.dart: Golden Comparison Tests Golden: text_embedded_font matches browser render       64:42 +3438 ~2 -7: /Users/denisnadey/apps/flutter_full_svg_support/test/golden_comparison/golden_comparison_test.dart: Golden Comparison Tests Golden: text_embedded_font matches browser render       64:43 +3438 ~2 -7: /Users/denisnadey/apps/flutter_full_svg_support/test/golden_comparison/golden_comparison_test.dart: Golden Comparison Tests Golden: text_embedded_font matches browser render       64:44 +3438 ~2 -7: /Users/denisnadey/apps/flutter_full_svg_support/test/golden_comparison/golden_comparison_test.dart: Golden Comparison Tests Golden: text_embedded_font matches browser render       64:45 +3438 ~2 -7: /Users/denisnadey/apps/flutter_full_svg_support/test/golden_comparison/golden_comparison_test.dart: Golden Comparison Tests Golden: text_embedded_font matches browser render       64:46 +3438 ~2 -7: /Users/denisnadey/apps/flutter_full_svg_support/test/golden_comparison/golden_comparison_test.dart: Golden Comparison Tests Golden: text_embedded_font matches browser render       64:47 +3438 ~2 -7: /Users/denisnadey/apps/flutter_full_svg_support/test/golden_comparison/golden_comparison_test.dart: Golden Comparison Tests Golden: text_embedded_font matches browser render       64:48 +3438 ~2 -7: /Users/denisnadey/apps/flutter_full_svg_support/test/golden_comparison/golden_comparison_test.dart: Golden Comparison Tests Golden: text_embedded_font matches browser render       64:49 +3438 ~2 -7: /Users/denisnadey/apps/flutter_full_svg_support/test/golden_comparison/golden_comparison_test.dart: Golden Comparison Tests Golden: text_embedded_font matches browser render       64:50 +3438 ~2 -7: /Users/denisnadey/apps/flutter_full_svg_support/test/golden_comparison/golden_comparison_test.dart: Golden Comparison Tests Golden: text_embedded_font matches browser render       64:51 +3438 ~2 -7: /Users/denisnadey/apps/flutter_full_svg_support/test/golden_comparison/golden_comparison_test.dart: Golden Comparison Tests Golden: text_embedded_font matches browser render       64:52 +3438 ~2 -7: /Users/denisnadey/apps/flutter_full_svg_support/test/golden_comparison/golden_comparison_test.dart: Golden Comparison Tests Golden: text_embedded_font matches browser render       64:53 +3438 ~2 -7: /Users/denisnadey/apps/flutter_full_svg_support/test/golden_comparison/golden_comparison_test.dart: Golden Comparison Tests Golden: text_embedded_font matches browser render       64:54 +3438 ~2 -7: /Users/denisnadey/apps/flutter_full_svg_support/test/golden_comparison/golden_comparison_test.dart: Golden Comparison Tests Golden: text_embedded_font matches browser render       64:55 +3438 ~2 -7: /Users/denisnadey/apps/flutter_full_svg_support/test/golden_comparison/golden_comparison_test.dart: Golden Comparison Tests Golden: text_embedded_font matches browser render       64:56 +3438 ~2 -7: /Users/denisnadey/apps/flutter_full_svg_support/test/golden_comparison/golden_comparison_test.dart: Golden Comparison Tests Golden: text_embedded_font matches browser render       64:57 +3438 ~2 -7: /Users/denisnadey/apps/flutter_full_svg_support/test/golden_comparison/golden_comparison_test.dart: Golden Comparison Tests Golden: text_embedded_font matches browser render       64:58 +3438 ~2 -7: /Users/denisnadey/apps/flutter_full_svg_support/test/golden_comparison/golden_comparison_test.dart: Golden Comparison Tests Golden: text_embedded_font matches browser render       64:59 +3438 ~2 -7: /Users/denisnadey/apps/flutter_full_svg_support/test/golden_comparison/golden_comparison_test.dart: Golden Comparison Tests Golden: text_embedded_font matches browser render       65:00 +3438 ~2 -7: /Users/denisnadey/apps/flutter_full_svg_support/test/golden_comparison/golden_comparison_test.dart: Golden Comparison Tests Golden: text_embedded_font matches browser render       65:01 +3438 ~2 -7: /Users/denisnadey/apps/flutter_full_svg_support/test/golden_comparison/golden_comparison_test.dart: Golden Comparison Tests Golden: text_embedded_font matches browser render       65:02 +3438 ~2 -7: /Users/denisnadey/apps/flutter_full_svg_support/test/golden_comparison/golden_comparison_test.dart: Golden Comparison Tests Golden: text_embedded_font matches browser render       65:03 +3438 ~2 -7: /Users/denisnadey/apps/flutter_full_svg_support/test/golden_comparison/golden_comparison_test.dart: Golden Comparison Tests Golden: text_embedded_font matches browser render       65:04 +3438 ~2 -7: /Users/denisnadey/apps/flutter_full_svg_support/test/golden_comparison/golden_comparison_test.dart: Golden Comparison Tests Golden: text_embedded_font matches browser render       65:05 +3438 ~2 -7: /Users/denisnadey/apps/flutter_full_svg_support/test/golden_comparison/golden_comparison_test.dart: Golden Comparison Tests Golden: text_embedded_font matches browser render       65:06 +3438 ~2 -7: /Users/denisnadey/apps/flutter_full_svg_support/test/golden_comparison/golden_comparison_test.dart: Golden Comparison Tests Golden: text_embedded_font matches browser render       65:07 +3438 ~2 -7: /Users/denisnadey/apps/flutter_full_svg_support/test/golden_comparison/golden_comparison_test.dart: Golden Comparison Tests Golden: text_embedded_font matches browser render       65:08 +3438 ~2 -7: /Users/denisnadey/apps/flutter_full_svg_support/test/golden_comparison/golden_comparison_test.dart: Golden Comparison Tests Golden: text_embedded_font matches browser render       65:09 +3438 ~2 -7: /Users/denisnadey/apps/flutter_full_svg_support/test/golden_comparison/golden_comparison_test.dart: Golden Comparison Tests Golden: text_embedded_font matches browser render       65:10 +3438 ~2 -7: /Users/denisnadey/apps/flutter_full_svg_support/test/golden_comparison/golden_comparison_test.dart: Golden Comparison Tests Golden: text_embedded_font matches browser render       65:11 +3438 ~2 -7: /Users/denisnadey/apps/flutter_full_svg_support/test/golden_comparison/golden_comparison_test.dart: Golden Comparison Tests Golden: text_embedded_font matches browser render       65:12 +3438 ~2 -7: /Users/denisnadey/apps/flutter_full_svg_support/test/golden_comparison/golden_comparison_test.dart: Golden Comparison Tests Golden: text_embedded_font matches browser render       65:13 +3438 ~2 -7: /Users/denisnadey/apps/flutter_full_svg_support/test/golden_comparison/golden_comparison_test.dart: Golden Comparison Tests Golden: text_embedded_font matches browser render       65:14 +3438 ~2 -7: /Users/denisnadey/apps/flutter_full_svg_support/test/golden_comparison/golden_comparison_test.dart: Golden Comparison Tests Golden: text_embedded_font matches browser render       65:15 +3438 ~2 -7: /Users/denisnadey/apps/flutter_full_svg_support/test/golden_comparison/golden_comparison_test.dart: Golden Comparison Tests Golden: text_embedded_font matches browser render       65:16 +3438 ~2 -7: /Users/denisnadey/apps/flutter_full_svg_support/test/golden_comparison/golden_comparison_test.dart: Golden Comparison Tests Golden: text_embedded_font matches browser render       65:17 +3438 ~2 -7: /Users/denisnadey/apps/flutter_full_svg_support/test/golden_comparison/golden_comparison_test.dart: Golden Comparison Tests Golden: text_embedded_font matches browser render       65:18 +3438 ~2 -7: /Users/denisnadey/apps/flutter_full_svg_support/test/golden_comparison/golden_comparison_test.dart: Golden Comparison Tests Golden: text_embedded_font matches browser render       65:19 +3438 ~2 -7: /Users/denisnadey/apps/flutter_full_svg_support/test/golden_comparison/golden_comparison_test.dart: Golden Comparison Tests Golden: text_embedded_font matches browser render       65:20 +3438 ~2 -7: /Users/denisnadey/apps/flutter_full_svg_support/test/golden_comparison/golden_comparison_test.dart: Golden Comparison Tests Golden: text_embedded_font matches browser render       65:21 +3438 ~2 -7: /Users/denisnadey/apps/flutter_full_svg_support/test/golden_comparison/golden_comparison_test.dart: Golden Comparison Tests Golden: text_embedded_font matches browser render       65:22 +3438 ~2 -7: /Users/denisnadey/apps/flutter_full_svg_support/test/golden_comparison/golden_comparison_test.dart: Golden Comparison Tests Golden: text_embedded_font matches browser render       65:23 +3438 ~2 -7: /Users/denisnadey/apps/flutter_full_svg_support/test/golden_comparison/golden_comparison_test.dart: Golden Comparison Tests Golden: text_embedded_font matches browser render       65:24 +3438 ~2 -7: /Users/denisnadey/apps/flutter_full_svg_support/test/golden_comparison/golden_comparison_test.dart: Golden Comparison Tests Golden: text_embedded_font matches browser render       65:25 +3438 ~2 -7: /Users/denisnadey/apps/flutter_full_svg_support/test/golden_comparison/golden_comparison_test.dart: Golden Comparison Tests Golden: text_embedded_font matches browser render       65:26 +3438 ~2 -7: /Users/denisnadey/apps/flutter_full_svg_support/test/golden_comparison/golden_comparison_test.dart: Golden Comparison Tests Golden: text_embedded_font matches browser render       65:27 +3438 ~2 -7: /Users/denisnadey/apps/flutter_full_svg_support/test/golden_comparison/golden_comparison_test.dart: Golden Comparison Tests Golden: text_embedded_font matches browser render       65:28 +3438 ~2 -7: /Users/denisnadey/apps/flutter_full_svg_support/test/golden_comparison/golden_comparison_test.dart: Golden Comparison Tests Golden: text_embedded_font matches browser render       65:29 +3438 ~2 -7: /Users/denisnadey/apps/flutter_full_svg_support/test/golden_comparison/golden_comparison_test.dart: Golden Comparison Tests Golden: text_embedded_font matches browser render       65:30 +3438 ~2 -7: /Users/denisnadey/apps/flutter_full_svg_support/test/golden_comparison/golden_comparison_test.dart: Golden Comparison Tests Golden: text_embedded_font matches browser render       65:31 +3438 ~2 -7: /Users/denisnadey/apps/flutter_full_svg_support/test/golden_comparison/golden_comparison_test.dart: Golden Comparison Tests Golden: text_embedded_font matches browser render       65:32 +3438 ~2 -7: /Users/denisnadey/apps/flutter_full_svg_support/test/golden_comparison/golden_comparison_test.dart: Golden Comparison Tests Golden: text_embedded_font matches browser render       65:33 +3438 ~2 -7: /Users/denisnadey/apps/flutter_full_svg_support/test/golden_comparison/golden_comparison_test.dart: Golden Comparison Tests Golden: text_embedded_font matches browser render       65:34 +3438 ~2 -7: /Users/denisnadey/apps/flutter_full_svg_support/test/golden_comparison/golden_comparison_test.dart: Golden Comparison Tests Golden: text_embedded_font matches browser render       65:35 +3438 ~2 -7: /Users/denisnadey/apps/flutter_full_svg_support/test/golden_comparison/golden_comparison_test.dart: Golden Comparison Tests Golden: text_embedded_font matches browser render       65:36 +3438 ~2 -7: /Users/denisnadey/apps/flutter_full_svg_support/test/golden_comparison/golden_comparison_test.dart: Golden Comparison Tests Golden: text_embedded_font matches browser render       65:37 +3438 ~2 -7: /Users/denisnadey/apps/flutter_full_svg_support/test/golden_comparison/golden_comparison_test.dart: Golden Comparison Tests Golden: text_embedded_font matches browser render       65:38 +3438 ~2 -7: /Users/denisnadey/apps/flutter_full_svg_support/test/golden_comparison/golden_comparison_test.dart: Golden Comparison Tests Golden: text_embedded_font matches browser render       65:39 +3438 ~2 -7: /Users/denisnadey/apps/flutter_full_svg_support/test/golden_comparison/golden_comparison_test.dart: Golden Comparison Tests Golden: text_embedded_font matches browser render       65:40 +3438 ~2 -7: /Users/denisnadey/apps/flutter_full_svg_support/test/golden_comparison/golden_comparison_test.dart: Golden Comparison Tests Golden: text_embedded_font matches browser render       65:41 +3438 ~2 -7: /Users/denisnadey/apps/flutter_full_svg_support/test/golden_comparison/golden_comparison_test.dart: Golden Comparison Tests Golden: text_embedded_font matches browser render       65:42 +3438 ~2 -7: /Users/denisnadey/apps/flutter_full_svg_support/test/golden_comparison/golden_comparison_test.dart: Golden Comparison Tests Golden: text_embedded_font matches browser render       65:43 +3438 ~2 -7: /Users/denisnadey/apps/flutter_full_svg_support/test/golden_comparison/golden_comparison_test.dart: Golden Comparison Tests Golden: text_embedded_font matches browser render       65:44 +3438 ~2 -7: /Users/denisnadey/apps/flutter_full_svg_support/test/golden_comparison/golden_comparison_test.dart: Golden Comparison Tests Golden: text_embedded_font matches browser render       65:45 +3438 ~2 -7: /Users/denisnadey/apps/flutter_full_svg_support/test/golden_comparison/golden_comparison_test.dart: Golden Comparison Tests Golden: text_embedded_font matches browser render       65:46 +3438 ~2 -7: /Users/denisnadey/apps/flutter_full_svg_support/test/golden_comparison/golden_comparison_test.dart: Golden Comparison Tests Golden: text_embedded_font matches browser render       65:47 +3438 ~2 -7: /Users/denisnadey/apps/flutter_full_svg_support/test/golden_comparison/golden_comparison_test.dart: Golden Comparison Tests Golden: text_embedded_font matches browser render       65:48 +3438 ~2 -7: /Users/denisnadey/apps/flutter_full_svg_support/test/golden_comparison/golden_comparison_test.dart: Golden Comparison Tests Golden: text_embedded_font matches browser render       65:49 +3438 ~2 -7: /Users/denisnadey/apps/flutter_full_svg_support/test/golden_comparison/golden_comparison_test.dart: Golden Comparison Tests Golden: text_embedded_font matches browser render       65:50 +3438 ~2 -7: /Users/denisnadey/apps/flutter_full_svg_support/test/golden_comparison/golden_comparison_test.dart: Golden Comparison Tests Golden: text_embedded_font matches browser render       65:51 +3438 ~2 -7: /Users/denisnadey/apps/flutter_full_svg_support/test/golden_comparison/golden_comparison_test.dart: Golden Comparison Tests Golden: text_embedded_font matches browser render       65:52 +3438 ~2 -7: /Users/denisnadey/apps/flutter_full_svg_support/test/golden_comparison/golden_comparison_test.dart: Golden Comparison Tests Golden: text_embedded_font matches browser render       65:53 +3438 ~2 -7: /Users/denisnadey/apps/flutter_full_svg_support/test/golden_comparison/golden_comparison_test.dart: Golden Comparison Tests Golden: text_embedded_font matches browser render       65:54 +3438 ~2 -7: /Users/denisnadey/apps/flutter_full_svg_support/test/golden_comparison/golden_comparison_test.dart: Golden Comparison Tests Golden: text_embedded_font matches browser render       65:55 +3438 ~2 -7: /Users/denisnadey/apps/flutter_full_svg_support/test/golden_comparison/golden_comparison_test.dart: Golden Comparison Tests Golden: text_embedded_font matches browser render       65:56 +3438 ~2 -7: /Users/denisnadey/apps/flutter_full_svg_support/test/golden_comparison/golden_comparison_test.dart: Golden Comparison Tests Golden: text_embedded_font matches browser render       65:57 +3438 ~2 -7: /Users/denisnadey/apps/flutter_full_svg_support/test/golden_comparison/golden_comparison_test.dart: Golden Comparison Tests Golden: text_embedded_font matches browser render       65:58 +3438 ~2 -7: /Users/denisnadey/apps/flutter_full_svg_support/test/golden_comparison/golden_comparison_test.dart: Golden Comparison Tests Golden: text_embedded_font matches browser render       65:59 +3438 ~2 -7: /Users/denisnadey/apps/flutter_full_svg_support/test/golden_comparison/golden_comparison_test.dart: Golden Comparison Tests Golden: text_embedded_font matches browser render       66:00 +3438 ~2 -7: /Users/denisnadey/apps/flutter_full_svg_support/test/golden_comparison/golden_comparison_test.dart: Golden Comparison Tests Golden: text_embedded_font matches browser render       66:01 +3438 ~2 -7: /Users/denisnadey/apps/flutter_full_svg_support/test/golden_comparison/golden_comparison_test.dart: Golden Comparison Tests Golden: text_embedded_font matches browser render       66:02 +3438 ~2 -7: /Users/denisnadey/apps/flutter_full_svg_support/test/golden_comparison/golden_comparison_test.dart: Golden Comparison Tests Golden: text_embedded_font matches browser render       66:03 +3438 ~2 -7: /Users/denisnadey/apps/flutter_full_svg_support/test/golden_comparison/golden_comparison_test.dart: Golden Comparison Tests Golden: text_embedded_font matches browser render       66:04 +3438 ~2 -7: /Users/denisnadey/apps/flutter_full_svg_support/test/golden_comparison/golden_comparison_test.dart: Golden Comparison Tests Golden: text_embedded_font matches browser render       66:05 +3438 ~2 -7: /Users/denisnadey/apps/flutter_full_svg_support/test/golden_comparison/golden_comparison_test.dart: Golden Comparison Tests Golden: text_embedded_font matches browser render       66:06 +3438 ~2 -7: /Users/denisnadey/apps/flutter_full_svg_support/test/golden_comparison/golden_comparison_test.dart: Golden Comparison Tests Golden: text_embedded_font matches browser render       66:07 +3438 ~2 -7: /Users/denisnadey/apps/flutter_full_svg_support/test/golden_comparison/golden_comparison_test.dart: Golden Comparison Tests Golden: text_embedded_font matches browser render       66:08 +3438 ~2 -7: /Users/denisnadey/apps/flutter_full_svg_support/test/golden_comparison/golden_comparison_test.dart: Golden Comparison Tests Golden: text_embedded_font matches browser render       66:09 +3438 ~2 -7: /Users/denisnadey/apps/flutter_full_svg_support/test/golden_comparison/golden_comparison_test.dart: Golden Comparison Tests Golden: text_embedded_font matches browser render       66:10 +3438 ~2 -7: /Users/denisnadey/apps/flutter_full_svg_support/test/golden_comparison/golden_comparison_test.dart: Golden Comparison Tests Golden: text_embedded_font matches browser render       66:11 +3438 ~2 -7: /Users/denisnadey/apps/flutter_full_svg_support/test/golden_comparison/golden_comparison_test.dart: Golden Comparison Tests Golden: text_embedded_font matches browser render       66:12 +3438 ~2 -7: /Users/denisnadey/apps/flutter_full_svg_support/test/golden_comparison/golden_comparison_test.dart: Golden Comparison Tests Golden: text_embedded_font matches browser render       66:13 +3438 ~2 -7: /Users/denisnadey/apps/flutter_full_svg_support/test/golden_comparison/golden_comparison_test.dart: Golden Comparison Tests Golden: text_embedded_font matches browser render       66:14 +3438 ~2 -7: /Users/denisnadey/apps/flutter_full_svg_support/test/golden_comparison/golden_comparison_test.dart: Golden Comparison Tests Golden: text_embedded_font matches browser render       66:15 +3438 ~2 -7: /Users/denisnadey/apps/flutter_full_svg_support/test/golden_comparison/golden_comparison_test.dart: Golden Comparison Tests Golden: text_embedded_font matches browser render       66:16 +3438 ~2 -7: /Users/denisnadey/apps/flutter_full_svg_support/test/golden_comparison/golden_comparison_test.dart: Golden Comparison Tests Golden: text_embedded_font matches browser render       66:17 +3438 ~2 -7: /Users/denisnadey/apps/flutter_full_svg_support/test/golden_comparison/golden_comparison_test.dart: Golden Comparison Tests Golden: text_embedded_font matches browser render       66:18 +3438 ~2 -7: /Users/denisnadey/apps/flutter_full_svg_support/test/golden_comparison/golden_comparison_test.dart: Golden Comparison Tests Golden: text_embedded_font matches browser render       66:19 +3438 ~2 -7: /Users/denisnadey/apps/flutter_full_svg_support/test/golden_comparison/golden_comparison_test.dart: Golden Comparison Tests Golden: text_embedded_font matches browser render       66:20 +3438 ~2 -7: /Users/denisnadey/apps/flutter_full_svg_support/test/golden_comparison/golden_comparison_test.dart: Golden Comparison Tests Golden: text_embedded_font matches browser render       66:21 +3438 ~2 -7: /Users/denisnadey/apps/flutter_full_svg_support/test/golden_comparison/golden_comparison_test.dart: Golden Comparison Tests Golden: text_embedded_font matches browser render       66:22 +3438 ~2 -7: /Users/denisnadey/apps/flutter_full_svg_support/test/golden_comparison/golden_comparison_test.dart: Golden Comparison Tests Golden: text_embedded_font matches browser render       66:23 +3438 ~2 -7: /Users/denisnadey/apps/flutter_full_svg_support/test/golden_comparison/golden_comparison_test.dart: Golden Comparison Tests Golden: text_embedded_font matches browser render       66:24 +3438 ~2 -7: /Users/denisnadey/apps/flutter_full_svg_support/test/golden_comparison/golden_comparison_test.dart: Golden Comparison Tests Golden: text_embedded_font matches browser render       66:25 +3438 ~2 -7: /Users/denisnadey/apps/flutter_full_svg_support/test/golden_comparison/golden_comparison_test.dart: Golden Comparison Tests Golden: text_embedded_font matches browser render       66:26 +3438 ~2 -7: /Users/denisnadey/apps/flutter_full_svg_support/test/golden_comparison/golden_comparison_test.dart: Golden Comparison Tests Golden: text_embedded_font matches browser render       66:27 +3438 ~2 -7: /Users/denisnadey/apps/flutter_full_svg_support/test/golden_comparison/golden_comparison_test.dart: Golden Comparison Tests Golden: text_embedded_font matches browser render       66:28 +3438 ~2 -7: /Users/denisnadey/apps/flutter_full_svg_support/test/golden_comparison/golden_comparison_test.dart: Golden Comparison Tests Golden: text_embedded_font matches browser render       66:29 +3438 ~2 -7: /Users/denisnadey/apps/flutter_full_svg_support/test/golden_comparison/golden_comparison_test.dart: Golden Comparison Tests Golden: text_embedded_font matches browser render       66:30 +3438 ~2 -7: /Users/denisnadey/apps/flutter_full_svg_support/test/golden_comparison/golden_comparison_test.dart: Golden Comparison Tests Golden: text_embedded_font matches browser render       66:31 +3438 ~2 -7: /Users/denisnadey/apps/flutter_full_svg_support/test/golden_comparison/golden_comparison_test.dart: Golden Comparison Tests Golden: text_embedded_font matches browser render       66:32 +3438 ~2 -7: /Users/denisnadey/apps/flutter_full_svg_support/test/golden_comparison/golden_comparison_test.dart: Golden Comparison Tests Golden: text_embedded_font matches browser render       66:32 +3438 ~2 -8: /Users/denisnadey/apps/flutter_full_svg_support/test/golden_comparison/golden_comparison_test.dart: Golden Comparison Tests Golden: text_embedded_font matches browser render [E]   
  TimeoutException after 0:10:00.000000: Test timed out after 10 minutes.
  dart:isolate  _RawReceivePort._handleMessage
  

To run this test again: /Users/denisnadey/fvm/versions/3.38.1/bin/cache/dart-sdk/bin/dart test /Users/denisnadey/apps/flutter_full_svg_support/test/golden_comparison/golden_comparison_test.dart -p vm --plain-name 'Golden Comparison Tests Golden: text_embedded_font matches browser render'
66:32 +3438 ~2 -8: /Users/denisnadey/apps/flutter_full_svg_support/test/golden_comparison/golden_comparison_test.dart: Golden Comparison Tests Golden: gradients matches browser render                66:33 +3438 ~2 -8: /Users/denisnadey/apps/flutter_full_svg_support/test/golden_comparison/golden_comparison_test.dart: Golden Comparison Tests Golden: gradients matches browser render                66:34 +3438 ~2 -8: /Users/denisnadey/apps/flutter_full_svg_support/test/golden_comparison/golden_comparison_test.dart: Golden Comparison Tests Golden: gradients matches browser render                66:35 +3438 ~2 -8: /Users/denisnadey/apps/flutter_full_svg_support/test/golden_comparison/golden_comparison_test.dart: Golden Comparison Tests Golden: gradients matches browser render                66:36 +3438 ~2 -8: /Users/denisnadey/apps/flutter_full_svg_support/test/golden_comparison/golden_comparison_test.dart: Golden Comparison Tests Golden: gradients matches browser render                66:37 +3438 ~2 -8: /Users/denisnadey/apps/flutter_full_svg_support/test/golden_comparison/golden_comparison_test.dart: Golden Comparison Tests Golden: gradients matches browser render                66:38 +3438 ~2 -8: /Users/denisnadey/apps/flutter_full_svg_support/test/golden_comparison/golden_comparison_test.dart: Golden Comparison Tests Golden: gradients matches browser render                66:39 +3438 ~2 -8: /Users/denisnadey/apps/flutter_full_svg_support/test/golden_comparison/golden_comparison_test.dart: Golden Comparison Tests Golden: gradients matches browser render                66:40 +3438 ~2 -8: /Users/denisnadey/apps/flutter_full_svg_support/test/golden_comparison/golden_comparison_test.dart: Golden Comparison Tests Golden: gradients matches browser render                66:41 +3438 ~2 -8: /Users/denisnadey/apps/flutter_full_svg_support/test/golden_comparison/golden_comparison_test.dart: Golden Comparison Tests Golden: gradients matches browser render                66:42 +3438 ~2 -8: /Users/denisnadey/apps/flutter_full_svg_support/test/golden_comparison/golden_comparison_test.dart: Golden Comparison Tests Golden: gradients matches browser render                66:43 +3438 ~2 -8: /Users/denisnadey/apps/flutter_full_svg_support/test/golden_comparison/golden_comparison_test.dart: Golden Comparison Tests Golden: gradients matches browser render                66:44 +3438 ~2 -8: /Users/denisnadey/apps/flutter_full_svg_support/test/golden_comparison/golden_comparison_test.dart: Golden Comparison Tests Golden: gradients matches browser render                66:45 +3438 ~2 -8: /Users/denisnadey/apps/flutter_full_svg_support/test/golden_comparison/golden_comparison_test.dart: Golden Comparison Tests Golden: gradients matches browser render                66:46 +3438 ~2 -8: /Users/denisnadey/apps/flutter_full_svg_support/test/golden_comparison/golden_comparison_test.dart: Golden Comparison Tests Golden: gradients matches browser render                66:47 +3438 ~2 -8: /Users/denisnadey/apps/flutter_full_svg_support/test/golden_comparison/golden_comparison_test.dart: Golden Comparison Tests Golden: gradients matches browser render                66:48 +3438 ~2 -8: /Users/denisnadey/apps/flutter_full_svg_support/test/golden_comparison/golden_comparison_test.dart: Golden Comparison Tests Golden: gradients matches browser render                66:49 +3438 ~2 -8: /Users/denisnadey/apps/flutter_full_svg_support/test/golden_comparison/golden_comparison_test.dart: Golden Comparison Tests Golden: gradients matches browser render                66:50 +3438 ~2 -8: /Users/denisnadey/apps/flutter_full_svg_support/test/golden_comparison/golden_comparison_test.dart: Golden Comparison Tests Golden: gradients matches browser render                66:51 +3438 ~2 -8: /Users/denisnadey/apps/flutter_full_svg_support/test/golden_comparison/golden_comparison_test.dart: Golden Comparison Tests Golden: gradients matches browser render                66:52 +3438 ~2 -8: /Users/denisnadey/apps/flutter_full_svg_support/test/golden_comparison/golden_comparison_test.dart: Golden Comparison Tests Golden: gradients matches browser render                66:53 +3438 ~2 -8: /Users/denisnadey/apps/flutter_full_svg_support/test/golden_comparison/golden_comparison_test.dart: Golden Comparison Tests Golden: gradients matches browser render                66:54 +3438 ~2 -8: /Users/denisnadey/apps/flutter_full_svg_support/test/golden_comparison/golden_comparison_test.dart: Golden Comparison Tests Golden: gradients matches browser render                66:55 +3438 ~2 -8: /Users/denisnadey/apps/flutter_full_svg_support/test/golden_comparison/golden_comparison_test.dart: Golden Comparison Tests Golden: gradients matches browser render                66:56 +3438 ~2 -8: /Users/denisnadey/apps/flutter_full_svg_support/test/golden_comparison/golden_comparison_test.dart: Golden Comparison Tests Golden: gradients matches browser render                66:57 +3438 ~2 -8: /Users/denisnadey/apps/flutter_full_svg_support/test/golden_comparison/golden_comparison_test.dart: Golden Comparison Tests Golden: gradients matches browser render                66:58 +3438 ~2 -8: /Users/denisnadey/apps/flutter_full_svg_support/test/golden_comparison/golden_comparison_test.dart: Golden Comparison Tests Golden: gradients matches browser render                66:59 +3438 ~2 -8: /Users/denisnadey/apps/flutter_full_svg_support/test/golden_comparison/golden_comparison_test.dart: Golden Comparison Tests Golden: gradients matches browser render                67:00 +3438 ~2 -8: /Users/denisnadey/apps/flutter_full_svg_support/test/golden_comparison/golden_comparison_test.dart: Golden Comparison Tests Golden: gradients matches browser render                67:01 +3438 ~2 -8: /Users/denisnadey/apps/flutter_full_svg_support/test/golden_comparison/golden_comparison_test.dart: Golden Comparison Tests Golden: gradients matches browser render                67:02 +3438 ~2 -8: /Users/denisnadey/apps/flutter_full_svg_support/test/golden_comparison/golden_comparison_test.dart: Golden Comparison Tests Golden: gradients matches browser render                67:03 +3438 ~2 -8: /Users/denisnadey/apps/flutter_full_svg_support/test/golden_comparison/golden_comparison_test.dart: Golden Comparison Tests Golden: gradients matches browser render                67:04 +3438 ~2 -8: /Users/denisnadey/apps/flutter_full_svg_support/test/golden_comparison/golden_comparison_test.dart: Golden Comparison Tests Golden: gradients matches browser render                67:05 +3438 ~2 -8: /Users/denisnadey/apps/flutter_full_svg_support/test/golden_comparison/golden_comparison_test.dart: Golden Comparison Tests Golden: gradients matches browser render                67:06 +3438 ~2 -8: /Users/denisnadey/apps/flutter_full_svg_support/test/golden_comparison/golden_comparison_test.dart: Golden Comparison Tests Golden: gradients matches browser render                67:07 +3438 ~2 -8: /Users/denisnadey/apps/flutter_full_svg_support/test/golden_comparison/golden_comparison_test.dart: Golden Comparison Tests Golden: gradients matches browser render                67:08 +3438 ~2 -8: /Users/denisnadey/apps/flutter_full_svg_support/test/golden_comparison/golden_comparison_test.dart: Golden Comparison Tests Golden: gradients matches browser render                67:09 +3438 ~2 -8: /Users/denisnadey/apps/flutter_full_svg_support/test/golden_comparison/golden_comparison_test.dart: Golden Comparison Tests Golden: gradients matches browser render                67:10 +3438 ~2 -8: /Users/denisnadey/apps/flutter_full_svg_support/test/golden_comparison/golden_comparison_test.dart: Golden Comparison Tests Golden: gradients matches browser render                67:11 +3438 ~2 -8: /Users/denisnadey/apps/flutter_full_svg_support/test/golden_comparison/golden_comparison_test.dart: Golden Comparison Tests Golden: gradients matches browser render                67:12 +3438 ~2 -8: /Users/denisnadey/apps/flutter_full_svg_support/test/golden_comparison/golden_comparison_test.dart: Golden Comparison Tests Golden: gradients matches browser render                67:13 +3438 ~2 -8: /Users/denisnadey/apps/flutter_full_svg_support/test/golden_comparison/golden_comparison_test.dart: Golden Comparison Tests Golden: gradients matches browser render                67:14 +3438 ~2 -8: /Users/denisnadey/apps/flutter_full_svg_support/test/golden_comparison/golden_comparison_test.dart: Golden Comparison Tests Golden: gradients matches browser render                67:15 +3438 ~2 -8: /Users/denisnadey/apps/flutter_full_svg_support/test/golden_comparison/golden_comparison_test.dart: Golden Comparison Tests Golden: gradients matches browser render                67:16 +3438 ~2 -8: /Users/denisnadey/apps/flutter_full_svg_support/test/golden_comparison/golden_comparison_test.dart: Golden Comparison Tests Golden: gradients matches browser render                67:17 +3438 ~2 -8: /Users/denisnadey/apps/flutter_full_svg_support/test/golden_comparison/golden_comparison_test.dart: Golden Comparison Tests Golden: gradients matches browser render                67:18 +3438 ~2 -8: /Users/denisnadey/apps/flutter_full_svg_support/test/golden_comparison/golden_comparison_test.dart: Golden Comparison Tests Golden: gradients matches browser render                67:19 +3438 ~2 -8: /Users/denisnadey/apps/flutter_full_svg_support/test/golden_comparison/golden_comparison_test.dart: Golden Comparison Tests Golden: gradients matches browser render                67:20 +3438 ~2 -8: /Users/denisnadey/apps/flutter_full_svg_support/test/golden_comparison/golden_comparison_test.dart: Golden Comparison Tests Golden: gradients matches browser render                67:21 +3438 ~2 -8: /Users/denisnadey/apps/flutter_full_svg_support/test/golden_comparison/golden_comparison_test.dart: Golden Comparison Tests Golden: gradients matches browser render                67:22 +3438 ~2 -8: /Users/denisnadey/apps/flutter_full_svg_support/test/golden_comparison/golden_comparison_test.dart: Golden Comparison Tests Golden: gradients matches browser render                67:23 +3438 ~2 -8: /Users/denisnadey/apps/flutter_full_svg_support/test/golden_comparison/golden_comparison_test.dart: Golden Comparison Tests Golden: gradients matches browser render                67:24 +3438 ~2 -8: /Users/denisnadey/apps/flutter_full_svg_support/test/golden_comparison/golden_comparison_test.dart: Golden Comparison Tests Golden: gradients matches browser render                67:25 +3438 ~2 -8: /Users/denisnadey/apps/flutter_full_svg_support/test/golden_comparison/golden_comparison_test.dart: Golden Comparison Tests Golden: gradients matches browser render                67:26 +3438 ~2 -8: /Users/denisnadey/apps/flutter_full_svg_support/test/golden_comparison/golden_comparison_test.dart: Golden Comparison Tests Golden: gradients matches browser render                67:27 +3438 ~2 -8: /Users/denisnadey/apps/flutter_full_svg_support/test/golden_comparison/golden_comparison_test.dart: Golden Comparison Tests Golden: gradients matches browser render                67:28 +3438 ~2 -8: /Users/denisnadey/apps/flutter_full_svg_support/test/golden_comparison/golden_comparison_test.dart: Golden Comparison Tests Golden: gradients matches browser render                67:29 +3438 ~2 -8: /Users/denisnadey/apps/flutter_full_svg_support/test/golden_comparison/golden_comparison_test.dart: Golden Comparison Tests Golden: gradients matches browser render                67:30 +3438 ~2 -8: /Users/denisnadey/apps/flutter_full_svg_support/test/golden_comparison/golden_comparison_test.dart: Golden Comparison Tests Golden: gradients matches browser render                67:31 +3438 ~2 -8: /Users/denisnadey/apps/flutter_full_svg_support/test/golden_comparison/golden_comparison_test.dart: Golden Comparison Tests Golden: gradients matches browser render                67:32 +3438 ~2 -8: /Users/denisnadey/apps/flutter_full_svg_support/test/golden_comparison/golden_comparison_test.dart: Golden Comparison Tests Golden: gradients matches browser render                67:33 +3438 ~2 -8: /Users/denisnadey/apps/flutter_full_svg_support/test/golden_comparison/golden_comparison_test.dart: Golden Comparison Tests Golden: gradients matches browser render                67:34 +3438 ~2 -8: /Users/denisnadey/apps/flutter_full_svg_support/test/golden_comparison/golden_comparison_test.dart: Golden Comparison Tests Golden: gradients matches browser render                67:35 +3438 ~2 -8: /Users/denisnadey/apps/flutter_full_svg_support/test/golden_comparison/golden_comparison_test.dart: Golden Comparison Tests Golden: gradients matches browser render                67:36 +3438 ~2 -8: /Users/denisnadey/apps/flutter_full_svg_support/test/golden_comparison/golden_comparison_test.dart: Golden Comparison Tests Golden: gradients matches browser render                67:37 +3438 ~2 -8: /Users/denisnadey/apps/flutter_full_svg_support/test/golden_comparison/golden_comparison_test.dart: Golden Comparison Tests Golden: gradients matches browser render                67:38 +3438 ~2 -8: /Users/denisnadey/apps/flutter_full_svg_support/test/golden_comparison/golden_comparison_test.dart: Golden Comparison Tests Golden: gradients matches browser render                67:39 +3438 ~2 -8: /Users/denisnadey/apps/flutter_full_svg_support/test/golden_comparison/golden_comparison_test.dart: Golden Comparison Tests Golden: gradients matches browser render                67:40 +3438 ~2 -8: /Users/denisnadey/apps/flutter_full_svg_support/test/golden_comparison/golden_comparison_test.dart: Golden Comparison Tests Golden: gradients matches browser render                67:41 +3438 ~2 -8: /Users/denisnadey/apps/flutter_full_svg_support/test/golden_comparison/golden_comparison_test.dart: Golden Comparison Tests Golden: gradients matches browser render                67:42 +3438 ~2 -8: /Users/denisnadey/apps/flutter_full_svg_support/test/golden_comparison/golden_comparison_test.dart: Golden Comparison Tests Golden: gradients matches browser render                67:43 +3438 ~2 -8: /Users/denisnadey/apps/flutter_full_svg_support/test/golden_comparison/golden_comparison_test.dart: Golden Comparison Tests Golden: gradients matches browser render                67:44 +3438 ~2 -8: /Users/denisnadey/apps/flutter_full_svg_support/test/golden_comparison/golden_comparison_test.dart: Golden Comparison Tests Golden: gradients matches browser render                67:45 +3438 ~2 -8: /Users/denisnadey/apps/flutter_full_svg_support/test/golden_comparison/golden_comparison_test.dart: Golden Comparison Tests Golden: gradients matches browser render                67:46 +3438 ~2 -8: /Users/denisnadey/apps/flutter_full_svg_support/test/golden_comparison/golden_comparison_test.dart: Golden Comparison Tests Golden: gradients matches browser render                67:47 +3438 ~2 -8: /Users/denisnadey/apps/flutter_full_svg_support/test/golden_comparison/golden_comparison_test.dart: Golden Comparison Tests Golden: gradients matches browser render                67:48 +3438 ~2 -8: /Users/denisnadey/apps/flutter_full_svg_support/test/golden_comparison/golden_comparison_test.dart: Golden Comparison Tests Golden: gradients matches browser render                67:49 +3438 ~2 -8: /Users/denisnadey/apps/flutter_full_svg_support/test/golden_comparison/golden_comparison_test.dart: Golden Comparison Tests Golden: gradients matches browser render                67:50 +3438 ~2 -8: /Users/denisnadey/apps/flutter_full_svg_support/test/golden_comparison/golden_comparison_test.dart: Golden Comparison Tests Golden: gradients matches browser render                67:51 +3438 ~2 -8: /Users/denisnadey/apps/flutter_full_svg_support/test/golden_comparison/golden_comparison_test.dart: Golden Comparison Tests Golden: gradients matches browser render                67:52 +3438 ~2 -8: /Users/denisnadey/apps/flutter_full_svg_support/test/golden_comparison/golden_comparison_test.dart: Golden Comparison Tests Golden: gradients matches browser render                67:53 +3438 ~2 -8: /Users/denisnadey/apps/flutter_full_svg_support/test/golden_comparison/golden_comparison_test.dart: Golden Comparison Tests Golden: gradients matches browser render                67:54 +3438 ~2 -8: /Users/denisnadey/apps/flutter_full_svg_support/test/golden_comparison/golden_comparison_test.dart: Golden Comparison Tests Golden: gradients matches browser render                67:55 +3438 ~2 -8: /Users/denisnadey/apps/flutter_full_svg_support/test/golden_comparison/golden_comparison_test.dart: Golden Comparison Tests Golden: gradients matches browser render                67:56 +3438 ~2 -8: /Users/denisnadey/apps/flutter_full_svg_support/test/golden_comparison/golden_comparison_test.dart: Golden Comparison Tests Golden: gradients matches browser render                67:57 +3438 ~2 -8: /Users/denisnadey/apps/flutter_full_svg_support/test/golden_comparison/golden_comparison_test.dart: Golden Comparison Tests Golden: gradients matches browser render                67:58 +3438 ~2 -8: /Users/denisnadey/apps/flutter_full_svg_support/test/golden_comparison/golden_comparison_test.dart: Golden Comparison Tests Golden: gradients matches browser render                67:59 +3438 ~2 -8: /Users/denisnadey/apps/flutter_full_svg_support/test/golden_comparison/golden_comparison_test.dart: Golden Comparison Tests Golden: gradients matches browser render                68:00 +3438 ~2 -8: /Users/denisnadey/apps/flutter_full_svg_support/test/golden_comparison/golden_comparison_test.dart: Golden Comparison Tests Golden: gradients matches browser render                68:01 +3438 ~2 -8: /Users/denisnadey/apps/flutter_full_svg_support/test/golden_comparison/golden_comparison_test.dart: Golden Comparison Tests Golden: gradients matches browser render                68:02 +3438 ~2 -8: /Users/denisnadey/apps/flutter_full_svg_support/test/golden_comparison/golden_comparison_test.dart: Golden Comparison Tests Golden: gradients matches browser render                68:03 +3438 ~2 -8: /Users/denisnadey/apps/flutter_full_svg_support/test/golden_comparison/golden_comparison_test.dart: Golden Comparison Tests Golden: gradients matches browser render                68:04 +3438 ~2 -8: /Users/denisnadey/apps/flutter_full_svg_support/test/golden_comparison/golden_comparison_test.dart: Golden Comparison Tests Golden: gradients matches browser render                68:05 +3438 ~2 -8: /Users/denisnadey/apps/flutter_full_svg_support/test/golden_comparison/golden_comparison_test.dart: Golden Comparison Tests Golden: gradients matches browser render                68:06 +3438 ~2 -8: /Users/denisnadey/apps/flutter_full_svg_support/test/golden_comparison/golden_comparison_test.dart: Golden Comparison Tests Golden: gradients matches browser render                68:07 +3438 ~2 -8: /Users/denisnadey/apps/flutter_full_svg_support/test/golden_comparison/golden_comparison_test.dart: Golden Comparison Tests Golden: gradients matches browser render                68:08 +3438 ~2 -8: /Users/denisnadey/apps/flutter_full_svg_support/test/golden_comparison/golden_comparison_test.dart: Golden Comparison Tests Golden: gradients matches browser render                68:09 +3438 ~2 -8: /Users/denisnadey/apps/flutter_full_svg_support/test/golden_comparison/golden_comparison_test.dart: Golden Comparison Tests Golden: gradients matches browser render                68:10 +3438 ~2 -8: /Users/denisnadey/apps/flutter_full_svg_support/test/golden_comparison/golden_comparison_test.dart: Golden Comparison Tests Golden: gradients matches browser render                68:11 +3438 ~2 -8: /Users/denisnadey/apps/flutter_full_svg_support/test/golden_comparison/golden_comparison_test.dart: Golden Comparison Tests Golden: gradients matches browser render                68:12 +3438 ~2 -8: /Users/denisnadey/apps/flutter_full_svg_support/test/golden_comparison/golden_comparison_test.dart: Golden Comparison Tests Golden: gradients matches browser render                68:13 +3438 ~2 -8: /Users/denisnadey/apps/flutter_full_svg_support/test/golden_comparison/golden_comparison_test.dart: Golden Comparison Tests Golden: gradients matches browser render                68:14 +3438 ~2 -8: /Users/denisnadey/apps/flutter_full_svg_support/test/golden_comparison/golden_comparison_test.dart: Golden Comparison Tests Golden: gradients matches browser render                68:15 +3438 ~2 -8: /Users/denisnadey/apps/flutter_full_svg_support/test/golden_comparison/golden_comparison_test.dart: Golden Comparison Tests Golden: gradients matches browser render                68:16 +3438 ~2 -8: /Users/denisnadey/apps/flutter_full_svg_support/test/golden_comparison/golden_comparison_test.dart: Golden Comparison Tests Golden: gradients matches browser render                68:17 +3438 ~2 -8: /Users/denisnadey/apps/flutter_full_svg_support/test/golden_comparison/golden_comparison_test.dart: Golden Comparison Tests Golden: gradients matches browser render                68:18 +3438 ~2 -8: /Users/denisnadey/apps/flutter_full_svg_support/test/golden_comparison/golden_comparison_test.dart: Golden Comparison Tests Golden: gradients matches browser render                68:19 +3438 ~2 -8: /Users/denisnadey/apps/flutter_full_svg_support/test/golden_comparison/golden_comparison_test.dart: Golden Comparison Tests Golden: gradients matches browser render                68:20 +3438 ~2 -8: /Users/denisnadey/apps/flutter_full_svg_support/test/golden_comparison/golden_comparison_test.dart: Golden Comparison Tests Golden: gradients matches browser render                68:21 +3438 ~2 -8: /Users/denisnadey/apps/flutter_full_svg_support/test/golden_comparison/golden_comparison_test.dart: Golden Comparison Tests Golden: gradients matches browser render                68:22 +3438 ~2 -8: /Users/denisnadey/apps/flutter_full_svg_support/test/golden_comparison/golden_comparison_test.dart: Golden Comparison Tests Golden: gradients matches browser render                68:23 +3438 ~2 -8: /Users/denisnadey/apps/flutter_full_svg_support/test/golden_comparison/golden_comparison_test.dart: Golden Comparison Tests Golden: gradients matches browser render                68:24 +3438 ~2 -8: /Users/denisnadey/apps/flutter_full_svg_support/test/golden_comparison/golden_comparison_test.dart: Golden Comparison Tests Golden: gradients matches browser render                68:25 +3438 ~2 -8: /Users/denisnadey/apps/flutter_full_svg_support/test/golden_comparison/golden_comparison_test.dart: Golden Comparison Tests Golden: gradients matches browser render                68:26 +3438 ~2 -8: /Users/denisnadey/apps/flutter_full_svg_support/test/golden_comparison/golden_comparison_test.dart: Golden Comparison Tests Golden: gradients matches browser render                68:27 +3438 ~2 -8: /Users/denisnadey/apps/flutter_full_svg_support/test/golden_comparison/golden_comparison_test.dart: Golden Comparison Tests Golden: gradients matches browser render                68:28 +3438 ~2 -8: /Users/denisnadey/apps/flutter_full_svg_support/test/golden_comparison/golden_comparison_test.dart: Golden Comparison Tests Golden: gradients matches browser render                68:29 +3438 ~2 -8: /Users/denisnadey/apps/flutter_full_svg_support/test/golden_comparison/golden_comparison_test.dart: Golden Comparison Tests Golden: gradients matches browser render                68:30 +3438 ~2 -8: /Users/denisnadey/apps/flutter_full_svg_support/test/golden_comparison/golden_comparison_test.dart: Golden Comparison Tests Golden: gradients matches browser render                68:31 +3438 ~2 -8: /Users/denisnadey/apps/flutter_full_svg_support/test/golden_comparison/golden_comparison_test.dart: Golden Comparison Tests Golden: gradients matches browser render                68:32 +3438 ~2 -8: /Users/denisnadey/apps/flutter_full_svg_support/test/golden_comparison/golden_comparison_test.dart: Golden Comparison Tests Golden: gradients matches browser render                68:33 +3438 ~2 -8: /Users/denisnadey/apps/flutter_full_svg_support/test/golden_comparison/golden_comparison_test.dart: Golden Comparison Tests Golden: gradients matches browser render                68:34 +3438 ~2 -8: /Users/denisnadey/apps/flutter_full_svg_support/test/golden_comparison/golden_comparison_test.dart: Golden Comparison Tests Golden: gradients matches browser render                68:35 +3438 ~2 -8: /Users/denisnadey/apps/flutter_full_svg_support/test/golden_comparison/golden_comparison_test.dart: Golden Comparison Tests Golden: gradients matches browser render                68:36 +3438 ~2 -8: /Users/denisnadey/apps/flutter_full_svg_support/test/golden_comparison/golden_comparison_test.dart: Golden Comparison Tests Golden: gradients matches browser render                68:37 +3438 ~2 -8: /Users/denisnadey/apps/flutter_full_svg_support/test/golden_comparison/golden_comparison_test.dart: Golden Comparison Tests Golden: gradients matches browser render                68:38 +3438 ~2 -8: /Users/denisnadey/apps/flutter_full_svg_support/test/golden_comparison/golden_comparison_test.dart: Golden Comparison Tests Golden: gradients matches browser render                68:39 +3438 ~2 -8: /Users/denisnadey/apps/flutter_full_svg_support/test/golden_comparison/golden_comparison_test.dart: Golden Comparison Tests Golden: gradients matches browser render                68:40 +3438 ~2 -8: /Users/denisnadey/apps/flutter_full_svg_support/test/golden_comparison/golden_comparison_test.dart: Golden Comparison Tests Golden: gradients matches browser render                68:41 +3438 ~2 -8: /Users/denisnadey/apps/flutter_full_svg_support/test/golden_comparison/golden_comparison_test.dart: Golden Comparison Tests Golden: gradients matches browser render                68:42 +3438 ~2 -8: /Users/denisnadey/apps/flutter_full_svg_support/test/golden_comparison/golden_comparison_test.dart: Golden Comparison Tests Golden: gradients matches browser render                68:43 +3438 ~2 -8: /Users/denisnadey/apps/flutter_full_svg_support/test/golden_comparison/golden_comparison_test.dart: Golden Comparison Tests Golden: gradients matches browser render                68:44 +3438 ~2 -8: /Users/denisnadey/apps/flutter_full_svg_support/test/golden_comparison/golden_comparison_test.dart: Golden Comparison Tests Golden: gradients matches browser render                68:45 +3438 ~2 -8: /Users/denisnadey/apps/flutter_full_svg_support/test/golden_comparison/golden_comparison_test.dart: Golden Comparison Tests Golden: gradients matches browser render                68:46 +3438 ~2 -8: /Users/denisnadey/apps/flutter_full_svg_support/test/golden_comparison/golden_comparison_test.dart: Golden Comparison Tests Golden: gradients matches browser render                68:47 +3438 ~2 -8: /Users/denisnadey/apps/flutter_full_svg_support/test/golden_comparison/golden_comparison_test.dart: Golden Comparison Tests Golden: gradients matches browser render                68:48 +3438 ~2 -8: /Users/denisnadey/apps/flutter_full_svg_support/test/golden_comparison/golden_comparison_test.dart: Golden Comparison Tests Golden: gradients matches browser render                68:49 +3438 ~2 -8: /Users/denisnadey/apps/flutter_full_svg_support/test/golden_comparison/golden_comparison_test.dart: Golden Comparison Tests Golden: gradients matches browser render                68:50 +3438 ~2 -8: /Users/denisnadey/apps/flutter_full_svg_support/test/golden_comparison/golden_comparison_test.dart: Golden Comparison Tests Golden: gradients matches browser render                68:51 +3438 ~2 -8: /Users/denisnadey/apps/flutter_full_svg_support/test/golden_comparison/golden_comparison_test.dart: Golden Comparison Tests Golden: gradients matches browser render                68:52 +3438 ~2 -8: /Users/denisnadey/apps/flutter_full_svg_support/test/golden_comparison/golden_comparison_test.dart: Golden Comparison Tests Golden: gradients matches browser render                68:53 +3438 ~2 -8: /Users/denisnadey/apps/flutter_full_svg_support/test/golden_comparison/golden_comparison_test.dart: Golden Comparison Tests Golden: gradients matches browser render                68:54 +3438 ~2 -8: /Users/denisnadey/apps/flutter_full_svg_support/test/golden_comparison/golden_comparison_test.dart: Golden Comparison Tests Golden: gradients matches browser render                68:55 +3438 ~2 -8: /Users/denisnadey/apps/flutter_full_svg_support/test/golden_comparison/golden_comparison_test.dart: Golden Comparison Tests Golden: gradients matches browser render                68:56 +3438 ~2 -8: /Users/denisnadey/apps/flutter_full_svg_support/test/golden_comparison/golden_comparison_test.dart: Golden Comparison Tests Golden: gradients matches browser render                68:57 +3438 ~2 -8: /Users/denisnadey/apps/flutter_full_svg_support/test/golden_comparison/golden_comparison_test.dart: Golden Comparison Tests Golden: gradients matches browser render                68:58 +3438 ~2 -8: /Users/denisnadey/apps/flutter_full_svg_support/test/golden_comparison/golden_comparison_test.dart: Golden Comparison Tests Golden: gradients matches browser render                68:59 +3438 ~2 -8: /Users/denisnadey/apps/flutter_full_svg_support/test/golden_comparison/golden_comparison_test.dart: Golden Comparison Tests Golden: gradients matches browser render                69:00 +3438 ~2 -8: /Users/denisnadey/apps/flutter_full_svg_support/test/golden_comparison/golden_comparison_test.dart: Golden Comparison Tests Golden: gradients matches browser render                69:01 +3438 ~2 -8: /Users/denisnadey/apps/flutter_full_svg_support/test/golden_comparison/golden_comparison_test.dart: Golden Comparison Tests Golden: gradients matches browser render                69:02 +3438 ~2 -8: /Users/denisnadey/apps/flutter_full_svg_support/test/golden_comparison/golden_comparison_test.dart: Golden Comparison Tests Golden: gradients matches browser render                69:03 +3438 ~2 -8: /Users/denisnadey/apps/flutter_full_svg_support/test/golden_comparison/golden_comparison_test.dart: Golden Comparison Tests Golden: gradients matches browser render                69:04 +3438 ~2 -8: /Users/denisnadey/apps/flutter_full_svg_support/test/golden_comparison/golden_comparison_test.dart: Golden Comparison Tests Golden: gradients matches browser render                69:05 +3438 ~2 -8: /Users/denisnadey/apps/flutter_full_svg_support/test/golden_comparison/golden_comparison_test.dart: Golden Comparison Tests Golden: gradients matches browser render                69:06 +3438 ~2 -8: /Users/denisnadey/apps/flutter_full_svg_support/test/golden_comparison/golden_comparison_test.dart: Golden Comparison Tests Golden: gradients matches browser render                69:07 +3438 ~2 -8: /Users/denisnadey/apps/flutter_full_svg_support/test/golden_comparison/golden_comparison_test.dart: Golden Comparison Tests Golden: gradients matches browser render                69:08 +3438 ~2 -8: /Users/denisnadey/apps/flutter_full_svg_support/test/golden_comparison/golden_comparison_test.dart: Golden Comparison Tests Golden: gradients matches browser render                69:09 +3438 ~2 -8: /Users/denisnadey/apps/flutter_full_svg_support/test/golden_comparison/golden_comparison_test.dart: Golden Comparison Tests Golden: gradients matches browser render                69:10 +3438 ~2 -8: /Users/denisnadey/apps/flutter_full_svg_support/test/golden_comparison/golden_comparison_test.dart: Golden Comparison Tests Golden: gradients matches browser render                69:11 +3438 ~2 -8: /Users/denisnadey/apps/flutter_full_svg_support/test/golden_comparison/golden_comparison_test.dart: Golden Comparison Tests Golden: gradients matches browser render                69:12 +3438 ~2 -8: /Users/denisnadey/apps/flutter_full_svg_support/test/golden_comparison/golden_comparison_test.dart: Golden Comparison Tests Golden: gradients matches browser render                69:13 +3438 ~2 -8: /Users/denisnadey/apps/flutter_full_svg_support/test/golden_comparison/golden_comparison_test.dart: Golden Comparison Tests Golden: gradients matches browser render                69:14 +3438 ~2 -8: /Users/denisnadey/apps/flutter_full_svg_support/test/golden_comparison/golden_comparison_test.dart: Golden Comparison Tests Golden: gradients matches browser render                69:15 +3438 ~2 -8: /Users/denisnadey/apps/flutter_full_svg_support/test/golden_comparison/golden_comparison_test.dart: Golden Comparison Tests Golden: gradients matches browser render                69:16 +3438 ~2 -8: /Users/denisnadey/apps/flutter_full_svg_support/test/golden_comparison/golden_comparison_test.dart: Golden Comparison Tests Golden: gradients matches browser render                69:17 +3438 ~2 -8: /Users/denisnadey/apps/flutter_full_svg_support/test/golden_comparison/golden_comparison_test.dart: Golden Comparison Tests Golden: gradients matches browser render                69:18 +3438 ~2 -8: /Users/denisnadey/apps/flutter_full_svg_support/test/golden_comparison/golden_comparison_test.dart: Golden Comparison Tests Golden: gradients matches browser render                69:19 +3438 ~2 -8: /Users/denisnadey/apps/flutter_full_svg_support/test/golden_comparison/golden_comparison_test.dart: Golden Comparison Tests Golden: gradients matches browser render                69:20 +3438 ~2 -8: /Users/denisnadey/apps/flutter_full_svg_support/test/golden_comparison/golden_comparison_test.dart: Golden Comparison Tests Golden: gradients matches browser render                69:21 +3438 ~2 -8: /Users/denisnadey/apps/flutter_full_svg_support/test/golden_comparison/golden_comparison_test.dart: Golden Comparison Tests Golden: gradients matches browser render                69:22 +3438 ~2 -8: /Users/denisnadey/apps/flutter_full_svg_support/test/golden_comparison/golden_comparison_test.dart: Golden Comparison Tests Golden: gradients matches browser render                69:23 +3438 ~2 -8: /Users/denisnadey/apps/flutter_full_svg_support/test/golden_comparison/golden_comparison_test.dart: Golden Comparison Tests Golden: gradients matches browser render                69:24 +3438 ~2 -8: /Users/denisnadey/apps/flutter_full_svg_support/test/golden_comparison/golden_comparison_test.dart: Golden Comparison Tests Golden: gradients matches browser render                69:25 +3438 ~2 -8: /Users/denisnadey/apps/flutter_full_svg_support/test/golden_comparison/golden_comparison_test.dart: Golden Comparison Tests Golden: gradients matches browser render                69:26 +3438 ~2 -8: /Users/denisnadey/apps/flutter_full_svg_support/test/golden_comparison/golden_comparison_test.dart: Golden Comparison Tests Golden: gradients matches browser render                69:27 +3438 ~2 -8: /Users/denisnadey/apps/flutter_full_svg_support/test/golden_comparison/golden_comparison_test.dart: Golden Comparison Tests Golden: gradients matches browser render                69:28 +3438 ~2 -8: /Users/denisnadey/apps/flutter_full_svg_support/test/golden_comparison/golden_comparison_test.dart: Golden Comparison Tests Golden: gradients matches browser render                69:29 +3438 ~2 -8: /Users/denisnadey/apps/flutter_full_svg_support/test/golden_comparison/golden_comparison_test.dart: Golden Comparison Tests Golden: gradients matches browser render                69:30 +3438 ~2 -8: /Users/denisnadey/apps/flutter_full_svg_support/test/golden_comparison/golden_comparison_test.dart: Golden Comparison Tests Golden: gradients matches browser render                69:31 +3438 ~2 -8: /Users/denisnadey/apps/flutter_full_svg_support/test/golden_comparison/golden_comparison_test.dart: Golden Comparison Tests Golden: gradients matches browser render                69:32 +3438 ~2 -8: /Users/denisnadey/apps/flutter_full_svg_support/test/golden_comparison/golden_comparison_test.dart: Golden Comparison Tests Golden: gradients matches browser render                69:33 +3438 ~2 -8: /Users/denisnadey/apps/flutter_full_svg_support/test/golden_comparison/golden_comparison_test.dart: Golden Comparison Tests Golden: gradients matches browser render                69:34 +3438 ~2 -8: /Users/denisnadey/apps/flutter_full_svg_support/test/golden_comparison/golden_comparison_test.dart: Golden Comparison Tests Golden: gradients matches browser render                69:35 +3438 ~2 -8: /Users/denisnadey/apps/flutter_full_svg_support/test/golden_comparison/golden_comparison_test.dart: Golden Comparison Tests Golden: gradients matches browser render                69:36 +3438 ~2 -8: /Users/denisnadey/apps/flutter_full_svg_support/test/golden_comparison/golden_comparison_test.dart: Golden Comparison Tests Golden: gradients matches browser render                69:37 +3438 ~2 -8: /Users/denisnadey/apps/flutter_full_svg_support/test/golden_comparison/golden_comparison_test.dart: Golden Comparison Tests Golden: gradients matches browser render                69:38 +3438 ~2 -8: /Users/denisnadey/apps/flutter_full_svg_support/test/golden_comparison/golden_comparison_test.dart: Golden Comparison Tests Golden: gradients matches browser render                69:39 +3438 ~2 -8: /Users/denisnadey/apps/flutter_full_svg_support/test/golden_comparison/golden_comparison_test.dart: Golden Comparison Tests Golden: gradients matches browser render                69:40 +3438 ~2 -8: /Users/denisnadey/apps/flutter_full_svg_support/test/golden_comparison/golden_comparison_test.dart: Golden Comparison Tests Golden: gradients matches browser render                69:41 +3438 ~2 -8: /Users/denisnadey/apps/flutter_full_svg_support/test/golden_comparison/golden_comparison_test.dart: Golden Comparison Tests Golden: gradients matches browser render                69:42 +3438 ~2 -8: /Users/denisnadey/apps/flutter_full_svg_support/test/golden_comparison/golden_comparison_test.dart: Golden Comparison Tests Golden: gradients matches browser render                69:43 +3438 ~2 -8: /Users/denisnadey/apps/flutter_full_svg_support/test/golden_comparison/golden_comparison_test.dart: Golden Comparison Tests Golden: gradients matches browser render                69:44 +3438 ~2 -8: /Users/denisnadey/apps/flutter_full_svg_support/test/golden_comparison/golden_comparison_test.dart: Golden Comparison Tests Golden: gradients matches browser render                69:45 +3438 ~2 -8: /Users/denisnadey/apps/flutter_full_svg_support/test/golden_comparison/golden_comparison_test.dart: Golden Comparison Tests Golden: gradients matches browser render                69:46 +3438 ~2 -8: /Users/denisnadey/apps/flutter_full_svg_support/test/golden_comparison/golden_comparison_test.dart: Golden Comparison Tests Golden: gradients matches browser render                69:47 +3438 ~2 -8: /Users/denisnadey/apps/flutter_full_svg_support/test/golden_comparison/golden_comparison_test.dart: Golden Comparison Tests Golden: gradients matches browser render                69:48 +3438 ~2 -8: /Users/denisnadey/apps/flutter_full_svg_support/test/golden_comparison/golden_comparison_test.dart: Golden Comparison Tests Golden: gradients matches browser render                69:49 +3438 ~2 -8: /Users/denisnadey/apps/flutter_full_svg_support/test/golden_comparison/golden_comparison_test.dart: Golden Comparison Tests Golden: gradients matches browser render                69:50 +3438 ~2 -8: /Users/denisnadey/apps/flutter_full_svg_support/test/golden_comparison/golden_comparison_test.dart: Golden Comparison Tests Golden: gradients matches browser render                69:51 +3438 ~2 -8: /Users/denisnadey/apps/flutter_full_svg_support/test/golden_comparison/golden_comparison_test.dart: Golden Comparison Tests Golden: gradients matches browser render                69:52 +3438 ~2 -8: /Users/denisnadey/apps/flutter_full_svg_support/test/golden_comparison/golden_comparison_test.dart: Golden Comparison Tests Golden: gradients matches browser render                69:53 +3438 ~2 -8: /Users/denisnadey/apps/flutter_full_svg_support/test/golden_comparison/golden_comparison_test.dart: Golden Comparison Tests Golden: gradients matches browser render                69:54 +3438 ~2 -8: /Users/denisnadey/apps/flutter_full_svg_support/test/golden_comparison/golden_comparison_test.dart: Golden Comparison Tests Golden: gradients matches browser render                69:55 +3438 ~2 -8: /Users/denisnadey/apps/flutter_full_svg_support/test/golden_comparison/golden_comparison_test.dart: Golden Comparison Tests Golden: gradients matches browser render                69:56 +3438 ~2 -8: /Users/denisnadey/apps/flutter_full_svg_support/test/golden_comparison/golden_comparison_test.dart: Golden Comparison Tests Golden: gradients matches browser render                69:57 +3438 ~2 -8: /Users/denisnadey/apps/flutter_full_svg_support/test/golden_comparison/golden_comparison_test.dart: Golden Comparison Tests Golden: gradients matches browser render                69:58 +3438 ~2 -8: /Users/denisnadey/apps/flutter_full_svg_support/test/golden_comparison/golden_comparison_test.dart: Golden Comparison Tests Golden: gradients matches browser render                69:59 +3438 ~2 -8: /Users/denisnadey/apps/flutter_full_svg_support/test/golden_comparison/golden_comparison_test.dart: Golden Comparison Tests Golden: gradients matches browser render                70:00 +3438 ~2 -8: /Users/denisnadey/apps/flutter_full_svg_support/test/golden_comparison/golden_comparison_test.dart: Golden Comparison Tests Golden: gradients matches browser render                70:01 +3438 ~2 -8: /Users/denisnadey/apps/flutter_full_svg_support/test/golden_comparison/golden_comparison_test.dart: Golden Comparison Tests Golden: gradients matches browser render                70:02 +3438 ~2 -8: /Users/denisnadey/apps/flutter_full_svg_support/test/golden_comparison/golden_comparison_test.dart: Golden Comparison Tests Golden: gradients matches browser render                70:03 +3438 ~2 -8: /Users/denisnadey/apps/flutter_full_svg_support/test/golden_comparison/golden_comparison_test.dart: Golden Comparison Tests Golden: gradients matches browser render                70:04 +3438 ~2 -8: /Users/denisnadey/apps/flutter_full_svg_support/test/golden_comparison/golden_comparison_test.dart: Golden Comparison Tests Golden: gradients matches browser render                70:05 +3438 ~2 -8: /Users/denisnadey/apps/flutter_full_svg_support/test/golden_comparison/golden_comparison_test.dart: Golden Comparison Tests Golden: gradients matches browser render                70:06 +3438 ~2 -8: /Users/denisnadey/apps/flutter_full_svg_support/test/golden_comparison/golden_comparison_test.dart: Golden Comparison Tests Golden: gradients matches browser render                70:07 +3438 ~2 -8: /Users/denisnadey/apps/flutter_full_svg_support/test/golden_comparison/golden_comparison_test.dart: Golden Comparison Tests Golden: gradients matches browser render                70:08 +3438 ~2 -8: /Users/denisnadey/apps/flutter_full_svg_support/test/golden_comparison/golden_comparison_test.dart: Golden Comparison Tests Golden: gradients matches browser render                70:09 +3438 ~2 -8: /Users/denisnadey/apps/flutter_full_svg_support/test/golden_comparison/golden_comparison_test.dart: Golden Comparison Tests Golden: gradients matches browser render                70:10 +3438 ~2 -8: /Users/denisnadey/apps/flutter_full_svg_support/test/golden_comparison/golden_comparison_test.dart: Golden Comparison Tests Golden: gradients matches browser render                70:11 +3438 ~2 -8: /Users/denisnadey/apps/flutter_full_svg_support/test/golden_comparison/golden_comparison_test.dart: Golden Comparison Tests Golden: gradients matches browser render                70:12 +3438 ~2 -8: /Users/denisnadey/apps/flutter_full_svg_support/test/golden_comparison/golden_comparison_test.dart: Golden Comparison Tests Golden: gradients matches browser render                70:13 +3438 ~2 -8: /Users/denisnadey/apps/flutter_full_svg_support/test/golden_comparison/golden_comparison_test.dart: Golden Comparison Tests Golden: gradients matches browser render                70:14 +3438 ~2 -8: /Users/denisnadey/apps/flutter_full_svg_support/test/golden_comparison/golden_comparison_test.dart: Golden Comparison Tests Golden: gradients matches browser render                70:15 +3438 ~2 -8: /Users/denisnadey/apps/flutter_full_svg_support/test/golden_comparison/golden_comparison_test.dart: Golden Comparison Tests Golden: gradients matches browser render                70:16 +3438 ~2 -8: /Users/denisnadey/apps/flutter_full_svg_support/test/golden_comparison/golden_comparison_test.dart: Golden Comparison Tests Golden: gradients matches browser render                70:17 +3438 ~2 -8: /Users/denisnadey/apps/flutter_full_svg_support/test/golden_comparison/golden_comparison_test.dart: Golden Comparison Tests Golden: gradients matches browser render                70:18 +3438 ~2 -8: /Users/denisnadey/apps/flutter_full_svg_support/test/golden_comparison/golden_comparison_test.dart: Golden Comparison Tests Golden: gradients matches browser render                70:19 +3438 ~2 -8: /Users/denisnadey/apps/flutter_full_svg_support/test/golden_comparison/golden_comparison_test.dart: Golden Comparison Tests Golden: gradients matches browser render                70:20 +3438 ~2 -8: /Users/denisnadey/apps/flutter_full_svg_support/test/golden_comparison/golden_comparison_test.dart: Golden Comparison Tests Golden: gradients matches browser render                70:21 +3438 ~2 -8: /Users/denisnadey/apps/flutter_full_svg_support/test/golden_comparison/golden_comparison_test.dart: Golden Comparison Tests Golden: gradients matches browser render                70:22 +3438 ~2 -8: /Users/denisnadey/apps/flutter_full_svg_support/test/golden_comparison/golden_comparison_test.dart: Golden Comparison Tests Golden: gradients matches browser render                70:23 +3438 ~2 -8: /Users/denisnadey/apps/flutter_full_svg_support/test/golden_comparison/golden_comparison_test.dart: Golden Comparison Tests Golden: gradients matches browser render                70:24 +3438 ~2 -8: /Users/denisnadey/apps/flutter_full_svg_support/test/golden_comparison/golden_comparison_test.dart: Golden Comparison Tests Golden: gradients matches browser render                70:25 +3438 ~2 -8: /Users/denisnadey/apps/flutter_full_svg_support/test/golden_comparison/golden_comparison_test.dart: Golden Comparison Tests Golden: gradients matches browser render                70:26 +3438 ~2 -8: /Users/denisnadey/apps/flutter_full_svg_support/test/golden_comparison/golden_comparison_test.dart: Golden Comparison Tests Golden: gradients matches browser render                70:27 +3438 ~2 -8: /Users/denisnadey/apps/flutter_full_svg_support/test/golden_comparison/golden_comparison_test.dart: Golden Comparison Tests Golden: gradients matches browser render                70:28 +3438 ~2 -8: /Users/denisnadey/apps/flutter_full_svg_support/test/golden_comparison/golden_comparison_test.dart: Golden Comparison Tests Golden: gradients matches browser render                70:29 +3438 ~2 -8: /Users/denisnadey/apps/flutter_full_svg_support/test/golden_comparison/golden_comparison_test.dart: Golden Comparison Tests Golden: gradients matches browser render                70:30 +3438 ~2 -8: /Users/denisnadey/apps/flutter_full_svg_support/test/golden_comparison/golden_comparison_test.dart: Golden Comparison Tests Golden: gradients matches browser render                70:31 +3438 ~2 -8: /Users/denisnadey/apps/flutter_full_svg_support/test/golden_comparison/golden_comparison_test.dart: Golden Comparison Tests Golden: gradients matches browser render                70:32 +3438 ~2 -8: /Users/denisnadey/apps/flutter_full_svg_support/test/golden_comparison/golden_comparison_test.dart: Golden Comparison Tests Golden: gradients matches browser render                70:33 +3438 ~2 -8: /Users/denisnadey/apps/flutter_full_svg_support/test/golden_comparison/golden_comparison_test.dart: Golden Comparison Tests Golden: gradients matches browser render                70:34 +3438 ~2 -8: /Users/denisnadey/apps/flutter_full_svg_support/test/golden_comparison/golden_comparison_test.dart: Golden Comparison Tests Golden: gradients matches browser render                70:35 +3438 ~2 -8: /Users/denisnadey/apps/flutter_full_svg_support/test/golden_comparison/golden_comparison_test.dart: Golden Comparison Tests Golden: gradients matches browser render                70:36 +3438 ~2 -8: /Users/denisnadey/apps/flutter_full_svg_support/test/golden_comparison/golden_comparison_test.dart: Golden Comparison Tests Golden: gradients matches browser render                70:37 +3438 ~2 -8: /Users/denisnadey/apps/flutter_full_svg_support/test/golden_comparison/golden_comparison_test.dart: Golden Comparison Tests Golden: gradients matches browser render                70:38 +3438 ~2 -8: /Users/denisnadey/apps/flutter_full_svg_support/test/golden_comparison/golden_comparison_test.dart: Golden Comparison Tests Golden: gradients matches browser render                70:39 +3438 ~2 -8: /Users/denisnadey/apps/flutter_full_svg_support/test/golden_comparison/golden_comparison_test.dart: Golden Comparison Tests Golden: gradients matches browser render                70:40 +3438 ~2 -8: /Users/denisnadey/apps/flutter_full_svg_support/test/golden_comparison/golden_comparison_test.dart: Golden Comparison Tests Golden: gradients matches browser render                70:41 +3438 ~2 -8: /Users/denisnadey/apps/flutter_full_svg_support/test/golden_comparison/golden_comparison_test.dart: Golden Comparison Tests Golden: gradients matches browser render                70:42 +3438 ~2 -8: /Users/denisnadey/apps/flutter_full_svg_support/test/golden_comparison/golden_comparison_test.dart: Golden Comparison Tests Golden: gradients matches browser render                70:43 +3438 ~2 -8: /Users/denisnadey/apps/flutter_full_svg_support/test/golden_comparison/golden_comparison_test.dart: Golden Comparison Tests Golden: gradients matches browser render                70:44 +3438 ~2 -8: /Users/denisnadey/apps/flutter_full_svg_support/test/golden_comparison/golden_comparison_test.dart: Golden Comparison Tests Golden: gradients matches browser render                70:45 +3438 ~2 -8: /Users/denisnadey/apps/flutter_full_svg_support/test/golden_comparison/golden_comparison_test.dart: Golden Comparison Tests Golden: gradients matches browser render                70:46 +3438 ~2 -8: /Users/denisnadey/apps/flutter_full_svg_support/test/golden_comparison/golden_comparison_test.dart: Golden Comparison Tests Golden: gradients matches browser render                70:47 +3438 ~2 -8: /Users/denisnadey/apps/flutter_full_svg_support/test/golden_comparison/golden_comparison_test.dart: Golden Comparison Tests Golden: gradients matches browser render                70:48 +3438 ~2 -8: /Users/denisnadey/apps/flutter_full_svg_support/test/golden_comparison/golden_comparison_test.dart: Golden Comparison Tests Golden: gradients matches browser render                70:49 +3438 ~2 -8: /Users/denisnadey/apps/flutter_full_svg_support/test/golden_comparison/golden_comparison_test.dart: Golden Comparison Tests Golden: gradients matches browser render                70:50 +3438 ~2 -8: /Users/denisnadey/apps/flutter_full_svg_support/test/golden_comparison/golden_comparison_test.dart: Golden Comparison Tests Golden: gradients matches browser render                70:51 +3438 ~2 -8: /Users/denisnadey/apps/flutter_full_svg_support/test/golden_comparison/golden_comparison_test.dart: Golden Comparison Tests Golden: gradients matches browser render                70:52 +3438 ~2 -8: /Users/denisnadey/apps/flutter_full_svg_support/test/golden_comparison/golden_comparison_test.dart: Golden Comparison Tests Golden: gradients matches browser render                70:53 +3438 ~2 -8: /Users/denisnadey/apps/flutter_full_svg_support/test/golden_comparison/golden_comparison_test.dart: Golden Comparison Tests Golden: gradients matches browser render                70:54 +3438 ~2 -8: /Users/denisnadey/apps/flutter_full_svg_support/test/golden_comparison/golden_comparison_test.dart: Golden Comparison Tests Golden: gradients matches browser render                70:55 +3438 ~2 -8: /Users/denisnadey/apps/flutter_full_svg_support/test/golden_comparison/golden_comparison_test.dart: Golden Comparison Tests Golden: gradients matches browser render                70:56 +3438 ~2 -8: /Users/denisnadey/apps/flutter_full_svg_support/test/golden_comparison/golden_comparison_test.dart: Golden Comparison Tests Golden: gradients matches browser render                70:57 +3438 ~2 -8: /Users/denisnadey/apps/flutter_full_svg_support/test/golden_comparison/golden_comparison_test.dart: Golden Comparison Tests Golden: gradients matches browser render                70:58 +3438 ~2 -8: /Users/denisnadey/apps/flutter_full_svg_support/test/golden_comparison/golden_comparison_test.dart: Golden Comparison Tests Golden: gradients matches browser render                70:59 +3438 ~2 -8: /Users/denisnadey/apps/flutter_full_svg_support/test/golden_comparison/golden_comparison_test.dart: Golden Comparison Tests Golden: gradients matches browser render                71:00 +3438 ~2 -8: /Users/denisnadey/apps/flutter_full_svg_support/test/golden_comparison/golden_comparison_test.dart: Golden Comparison Tests Golden: gradients matches browser render                71:01 +3438 ~2 -8: /Users/denisnadey/apps/flutter_full_svg_support/test/golden_comparison/golden_comparison_test.dart: Golden Comparison Tests Golden: gradients matches browser render                71:02 +3438 ~2 -8: /Users/denisnadey/apps/flutter_full_svg_support/test/golden_comparison/golden_comparison_test.dart: Golden Comparison Tests Golden: gradients matches browser render                71:03 +3438 ~2 -8: /Users/denisnadey/apps/flutter_full_svg_support/test/golden_comparison/golden_comparison_test.dart: Golden Comparison Tests Golden: gradients matches browser render                71:04 +3438 ~2 -8: /Users/denisnadey/apps/flutter_full_svg_support/test/golden_comparison/golden_comparison_test.dart: Golden Comparison Tests Golden: gradients matches browser render                71:05 +3438 ~2 -8: /Users/denisnadey/apps/flutter_full_svg_support/test/golden_comparison/golden_comparison_test.dart: Golden Comparison Tests Golden: gradients matches browser render                71:06 +3438 ~2 -8: /Users/denisnadey/apps/flutter_full_svg_support/test/golden_comparison/golden_comparison_test.dart: Golden Comparison Tests Golden: gradients matches browser render                71:07 +3438 ~2 -8: /Users/denisnadey/apps/flutter_full_svg_support/test/golden_comparison/golden_comparison_test.dart: Golden Comparison Tests Golden: gradients matches browser render                71:08 +3438 ~2 -8: /Users/denisnadey/apps/flutter_full_svg_support/test/golden_comparison/golden_comparison_test.dart: Golden Comparison Tests Golden: gradients matches browser render                71:09 +3438 ~2 -8: /Users/denisnadey/apps/flutter_full_svg_support/test/golden_comparison/golden_comparison_test.dart: Golden Comparison Tests Golden: gradients matches browser render                71:10 +3438 ~2 -8: /Users/denisnadey/apps/flutter_full_svg_support/test/golden_comparison/golden_comparison_test.dart: Golden Comparison Tests Golden: gradients matches browser render                71:11 +3438 ~2 -8: /Users/denisnadey/apps/flutter_full_svg_support/test/golden_comparison/golden_comparison_test.dart: Golden Comparison Tests Golden: gradients matches browser render                71:12 +3438 ~2 -8: /Users/denisnadey/apps/flutter_full_svg_support/test/golden_comparison/golden_comparison_test.dart: Golden Comparison Tests Golden: gradients matches browser render                71:13 +3438 ~2 -8: /Users/denisnadey/apps/flutter_full_svg_support/test/golden_comparison/golden_comparison_test.dart: Golden Comparison Tests Golden: gradients matches browser render                71:14 +3438 ~2 -8: /Users/denisnadey/apps/flutter_full_svg_support/test/golden_comparison/golden_comparison_test.dart: Golden Comparison Tests Golden: gradients matches browser render                71:15 +3438 ~2 -8: /Users/denisnadey/apps/flutter_full_svg_support/test/golden_comparison/golden_comparison_test.dart: Golden Comparison Tests Golden: gradients matches browser render                71:16 +3438 ~2 -8: /Users/denisnadey/apps/flutter_full_svg_support/test/golden_comparison/golden_comparison_test.dart: Golden Comparison Tests Golden: gradients matches browser render                71:17 +3438 ~2 -8: /Users/denisnadey/apps/flutter_full_svg_support/test/golden_comparison/golden_comparison_test.dart: Golden Comparison Tests Golden: gradients matches browser render                71:18 +3438 ~2 -8: /Users/denisnadey/apps/flutter_full_svg_support/test/golden_comparison/golden_comparison_test.dart: Golden Comparison Tests Golden: gradients matches browser render                71:19 +3438 ~2 -8: /Users/denisnadey/apps/flutter_full_svg_support/test/golden_comparison/golden_comparison_test.dart: Golden Comparison Tests Golden: gradients matches browser render                71:20 +3438 ~2 -8: /Users/denisnadey/apps/flutter_full_svg_support/test/golden_comparison/golden_comparison_test.dart: Golden Comparison Tests Golden: gradients matches browser render                71:21 +3438 ~2 -8: /Users/denisnadey/apps/flutter_full_svg_support/test/golden_comparison/golden_comparison_test.dart: Golden Comparison Tests Golden: gradients matches browser render                71:22 +3438 ~2 -8: /Users/denisnadey/apps/flutter_full_svg_support/test/golden_comparison/golden_comparison_test.dart: Golden Comparison Tests Golden: gradients matches browser render                71:23 +3438 ~2 -8: /Users/denisnadey/apps/flutter_full_svg_support/test/golden_comparison/golden_comparison_test.dart: Golden Comparison Tests Golden: gradients matches browser render                71:24 +3438 ~2 -8: /Users/denisnadey/apps/flutter_full_svg_support/test/golden_comparison/golden_comparison_test.dart: Golden Comparison Tests Golden: gradients matches browser render                71:25 +3438 ~2 -8: /Users/denisnadey/apps/flutter_full_svg_support/test/golden_comparison/golden_comparison_test.dart: Golden Comparison Tests Golden: gradients matches browser render                71:26 +3438 ~2 -8: /Users/denisnadey/apps/flutter_full_svg_support/test/golden_comparison/golden_comparison_test.dart: Golden Comparison Tests Golden: gradients matches browser render                71:27 +3438 ~2 -8: /Users/denisnadey/apps/flutter_full_svg_support/test/golden_comparison/golden_comparison_test.dart: Golden Comparison Tests Golden: gradients matches browser render                71:28 +3438 ~2 -8: /Users/denisnadey/apps/flutter_full_svg_support/test/golden_comparison/golden_comparison_test.dart: Golden Comparison Tests Golden: gradients matches browser render                71:29 +3438 ~2 -8: /Users/denisnadey/apps/flutter_full_svg_support/test/golden_comparison/golden_comparison_test.dart: Golden Comparison Tests Golden: gradients matches browser render                71:30 +3438 ~2 -8: /Users/denisnadey/apps/flutter_full_svg_support/test/golden_comparison/golden_comparison_test.dart: Golden Comparison Tests Golden: gradients matches browser render                71:31 +3438 ~2 -8: /Users/denisnadey/apps/flutter_full_svg_support/test/golden_comparison/golden_comparison_test.dart: Golden Comparison Tests Golden: gradients matches browser render                71:32 +3438 ~2 -8: /Users/denisnadey/apps/flutter_full_svg_support/test/golden_comparison/golden_comparison_test.dart: Golden Comparison Tests Golden: gradients matches browser render                71:33 +3438 ~2 -8: /Users/denisnadey/apps/flutter_full_svg_support/test/golden_comparison/golden_comparison_test.dart: Golden Comparison Tests Golden: gradients matches browser render                71:34 +3438 ~2 -8: /Users/denisnadey/apps/flutter_full_svg_support/test/golden_comparison/golden_comparison_test.dart: Golden Comparison Tests Golden: gradients matches browser render                71:35 +3438 ~2 -8: /Users/denisnadey/apps/flutter_full_svg_support/test/golden_comparison/golden_comparison_test.dart: Golden Comparison Tests Golden: gradients matches browser render                71:36 +3438 ~2 -8: /Users/denisnadey/apps/flutter_full_svg_support/test/golden_comparison/golden_comparison_test.dart: Golden Comparison Tests Golden: gradients matches browser render                71:37 +3438 ~2 -8: /Users/denisnadey/apps/flutter_full_svg_support/test/golden_comparison/golden_comparison_test.dart: Golden Comparison Tests Golden: gradients matches browser render                71:38 +3438 ~2 -8: /Users/denisnadey/apps/flutter_full_svg_support/test/golden_comparison/golden_comparison_test.dart: Golden Comparison Tests Golden: gradients matches browser render                71:39 +3438 ~2 -8: /Users/denisnadey/apps/flutter_full_svg_support/test/golden_comparison/golden_comparison_test.dart: Golden Comparison Tests Golden: gradients matches browser render                71:40 +3438 ~2 -8: /Users/denisnadey/apps/flutter_full_svg_support/test/golden_comparison/golden_comparison_test.dart: Golden Comparison Tests Golden: gradients matches browser render                71:41 +3438 ~2 -8: /Users/denisnadey/apps/flutter_full_svg_support/test/golden_comparison/golden_comparison_test.dart: Golden Comparison Tests Golden: gradients matches browser render                71:42 +3438 ~2 -8: /Users/denisnadey/apps/flutter_full_svg_support/test/golden_comparison/golden_comparison_test.dart: Golden Comparison Tests Golden: gradients matches browser render                71:43 +3438 ~2 -8: /Users/denisnadey/apps/flutter_full_svg_support/test/golden_comparison/golden_comparison_test.dart: Golden Comparison Tests Golden: gradients matches browser render                71:44 +3438 ~2 -8: /Users/denisnadey/apps/flutter_full_svg_support/test/golden_comparison/golden_comparison_test.dart: Golden Comparison Tests Golden: gradients matches browser render                71:45 +3438 ~2 -8: /Users/denisnadey/apps/flutter_full_svg_support/test/golden_comparison/golden_comparison_test.dart: Golden Comparison Tests Golden: gradients matches browser render                71:46 +3438 ~2 -8: /Users/denisnadey/apps/flutter_full_svg_support/test/golden_comparison/golden_comparison_test.dart: Golden Comparison Tests Golden: gradients matches browser render                71:47 +3438 ~2 -8: /Users/denisnadey/apps/flutter_full_svg_support/test/golden_comparison/golden_comparison_test.dart: Golden Comparison Tests Golden: gradients matches browser render                71:48 +3438 ~2 -8: /Users/denisnadey/apps/flutter_full_svg_support/test/golden_comparison/golden_comparison_test.dart: Golden Comparison Tests Golden: gradients matches browser render                71:49 +3438 ~2 -8: /Users/denisnadey/apps/flutter_full_svg_support/test/golden_comparison/golden_comparison_test.dart: Golden Comparison Tests Golden: gradients matches browser render                71:50 +3438 ~2 -8: /Users/denisnadey/apps/flutter_full_svg_support/test/golden_comparison/golden_comparison_test.dart: Golden Comparison Tests Golden: gradients matches browser render                71:51 +3438 ~2 -8: /Users/denisnadey/apps/flutter_full_svg_support/test/golden_comparison/golden_comparison_test.dart: Golden Comparison Tests Golden: gradients matches browser render                71:52 +3438 ~2 -8: /Users/denisnadey/apps/flutter_full_svg_support/test/golden_comparison/golden_comparison_test.dart: Golden Comparison Tests Golden: gradients matches browser render                71:53 +3438 ~2 -8: /Users/denisnadey/apps/flutter_full_svg_support/test/golden_comparison/golden_comparison_test.dart: Golden Comparison Tests Golden: gradients matches browser render                71:54 +3438 ~2 -8: /Users/denisnadey/apps/flutter_full_svg_support/test/golden_comparison/golden_comparison_test.dart: Golden Comparison Tests Golden: gradients matches browser render                71:55 +3438 ~2 -8: /Users/denisnadey/apps/flutter_full_svg_support/test/golden_comparison/golden_comparison_test.dart: Golden Comparison Tests Golden: gradients matches browser render                71:56 +3438 ~2 -8: /Users/denisnadey/apps/flutter_full_svg_support/test/golden_comparison/golden_comparison_test.dart: Golden Comparison Tests Golden: gradients matches browser render                71:57 +3438 ~2 -8: /Users/denisnadey/apps/flutter_full_svg_support/test/golden_comparison/golden_comparison_test.dart: Golden Comparison Tests Golden: gradients matches browser render                71:58 +3438 ~2 -8: /Users/denisnadey/apps/flutter_full_svg_support/test/golden_comparison/golden_comparison_test.dart: Golden Comparison Tests Golden: gradients matches browser render                71:59 +3438 ~2 -8: /Users/denisnadey/apps/flutter_full_svg_support/test/golden_comparison/golden_comparison_test.dart: Golden Comparison Tests Golden: gradients matches browser render                72:00 +3438 ~2 -8: /Users/denisnadey/apps/flutter_full_svg_support/test/golden_comparison/golden_comparison_test.dart: Golden Comparison Tests Golden: gradients matches browser render                72:01 +3438 ~2 -8: /Users/denisnadey/apps/flutter_full_svg_support/test/golden_comparison/golden_comparison_test.dart: Golden Comparison Tests Golden: gradients matches browser render                72:02 +3438 ~2 -8: /Users/denisnadey/apps/flutter_full_svg_support/test/golden_comparison/golden_comparison_test.dart: Golden Comparison Tests Golden: gradients matches browser render                72:03 +3438 ~2 -8: /Users/denisnadey/apps/flutter_full_svg_support/test/golden_comparison/golden_comparison_test.dart: Golden Comparison Tests Golden: gradients matches browser render                72:04 +3438 ~2 -8: /Users/denisnadey/apps/flutter_full_svg_support/test/golden_comparison/golden_comparison_test.dart: Golden Comparison Tests Golden: gradients matches browser render                72:05 +3438 ~2 -8: /Users/denisnadey/apps/flutter_full_svg_support/test/golden_comparison/golden_comparison_test.dart: Golden Comparison Tests Golden: gradients matches browser render                72:06 +3438 ~2 -8: /Users/denisnadey/apps/flutter_full_svg_support/test/golden_comparison/golden_comparison_test.dart: Golden Comparison Tests Golden: gradients matches browser render                72:07 +3438 ~2 -8: /Users/denisnadey/apps/flutter_full_svg_support/test/golden_comparison/golden_comparison_test.dart: Golden Comparison Tests Golden: gradients matches browser render                72:08 +3438 ~2 -8: /Users/denisnadey/apps/flutter_full_svg_support/test/golden_comparison/golden_comparison_test.dart: Golden Comparison Tests Golden: gradients matches browser render                72:09 +3438 ~2 -8: /Users/denisnadey/apps/flutter_full_svg_support/test/golden_comparison/golden_comparison_test.dart: Golden Comparison Tests Golden: gradients matches browser render                72:10 +3438 ~2 -8: /Users/denisnadey/apps/flutter_full_svg_support/test/golden_comparison/golden_comparison_test.dart: Golden Comparison Tests Golden: gradients matches browser render                72:11 +3438 ~2 -8: /Users/denisnadey/apps/flutter_full_svg_support/test/golden_comparison/golden_comparison_test.dart: Golden Comparison Tests Golden: gradients matches browser render                72:12 +3438 ~2 -8: /Users/denisnadey/apps/flutter_full_svg_support/test/golden_comparison/golden_comparison_test.dart: Golden Comparison Tests Golden: gradients matches browser render                72:13 +3438 ~2 -8: /Users/denisnadey/apps/flutter_full_svg_support/test/golden_comparison/golden_comparison_test.dart: Golden Comparison Tests Golden: gradients matches browser render                72:14 +3438 ~2 -8: /Users/denisnadey/apps/flutter_full_svg_support/test/golden_comparison/golden_comparison_test.dart: Golden Comparison Tests Golden: gradients matches browser render                72:15 +3438 ~2 -8: /Users/denisnadey/apps/flutter_full_svg_support/test/golden_comparison/golden_comparison_test.dart: Golden Comparison Tests Golden: gradients matches browser render                72:16 +3438 ~2 -8: /Users/denisnadey/apps/flutter_full_svg_support/test/golden_comparison/golden_comparison_test.dart: Golden Comparison Tests Golden: gradients matches browser render                72:17 +3438 ~2 -8: /Users/denisnadey/apps/flutter_full_svg_support/test/golden_comparison/golden_comparison_test.dart: Golden Comparison Tests Golden: gradients matches browser render                72:18 +3438 ~2 -8: /Users/denisnadey/apps/flutter_full_svg_support/test/golden_comparison/golden_comparison_test.dart: Golden Comparison Tests Golden: gradients matches browser render                72:19 +3438 ~2 -8: /Users/denisnadey/apps/flutter_full_svg_support/test/golden_comparison/golden_comparison_test.dart: Golden Comparison Tests Golden: gradients matches browser render                72:20 +3438 ~2 -8: /Users/denisnadey/apps/flutter_full_svg_support/test/golden_comparison/golden_comparison_test.dart: Golden Comparison Tests Golden: gradients matches browser render                72:21 +3438 ~2 -8: /Users/denisnadey/apps/flutter_full_svg_support/test/golden_comparison/golden_comparison_test.dart: Golden Comparison Tests Golden: gradients matches browser render                72:22 +3438 ~2 -8: /Users/denisnadey/apps/flutter_full_svg_support/test/golden_comparison/golden_comparison_test.dart: Golden Comparison Tests Golden: gradients matches browser render                72:23 +3438 ~2 -8: /Users/denisnadey/apps/flutter_full_svg_support/test/golden_comparison/golden_comparison_test.dart: Golden Comparison Tests Golden: gradients matches browser render                72:24 +3438 ~2 -8: /Users/denisnadey/apps/flutter_full_svg_support/test/golden_comparison/golden_comparison_test.dart: Golden Comparison Tests Golden: gradients matches browser render                72:25 +3438 ~2 -8: /Users/denisnadey/apps/flutter_full_svg_support/test/golden_comparison/golden_comparison_test.dart: Golden Comparison Tests Golden: gradients matches browser render                72:26 +3438 ~2 -8: /Users/denisnadey/apps/flutter_full_svg_support/test/golden_comparison/golden_comparison_test.dart: Golden Comparison Tests Golden: gradients matches browser render                72:27 +3438 ~2 -8: /Users/denisnadey/apps/flutter_full_svg_support/test/golden_comparison/golden_comparison_test.dart: Golden Comparison Tests Golden: gradients matches browser render                72:28 +3438 ~2 -8: /Users/denisnadey/apps/flutter_full_svg_support/test/golden_comparison/golden_comparison_test.dart: Golden Comparison Tests Golden: gradients matches browser render                72:29 +3438 ~2 -8: /Users/denisnadey/apps/flutter_full_svg_support/test/golden_comparison/golden_comparison_test.dart: Golden Comparison Tests Golden: gradients matches browser render                72:30 +3438 ~2 -8: /Users/denisnadey/apps/flutter_full_svg_support/test/golden_comparison/golden_comparison_test.dart: Golden Comparison Tests Golden: gradients matches browser render                72:31 +3438 ~2 -8: /Users/denisnadey/apps/flutter_full_svg_support/test/golden_comparison/golden_comparison_test.dart: Golden Comparison Tests Golden: gradients matches browser render                72:32 +3438 ~2 -8: /Users/denisnadey/apps/flutter_full_svg_support/test/golden_comparison/golden_comparison_test.dart: Golden Comparison Tests Golden: gradients matches browser render                72:33 +3438 ~2 -8: /Users/denisnadey/apps/flutter_full_svg_support/test/golden_comparison/golden_comparison_test.dart: Golden Comparison Tests Golden: gradients matches browser render                72:34 +3438 ~2 -8: /Users/denisnadey/apps/flutter_full_svg_support/test/golden_comparison/golden_comparison_test.dart: Golden Comparison Tests Golden: gradients matches browser render                72:35 +3438 ~2 -8: /Users/denisnadey/apps/flutter_full_svg_support/test/golden_comparison/golden_comparison_test.dart: Golden Comparison Tests Golden: gradients matches browser render                72:36 +3438 ~2 -8: /Users/denisnadey/apps/flutter_full_svg_support/test/golden_comparison/golden_comparison_test.dart: Golden Comparison Tests Golden: gradients matches browser render                72:37 +3438 ~2 -8: /Users/denisnadey/apps/flutter_full_svg_support/test/golden_comparison/golden_comparison_test.dart: Golden Comparison Tests Golden: gradients matches browser render                72:38 +3438 ~2 -8: /Users/denisnadey/apps/flutter_full_svg_support/test/golden_comparison/golden_comparison_test.dart: Golden Comparison Tests Golden: gradients matches browser render                72:39 +3438 ~2 -8: /Users/denisnadey/apps/flutter_full_svg_support/test/golden_comparison/golden_comparison_test.dart: Golden Comparison Tests Golden: gradients matches browser render                72:40 +3438 ~2 -8: /Users/denisnadey/apps/flutter_full_svg_support/test/golden_comparison/golden_comparison_test.dart: Golden Comparison Tests Golden: gradients matches browser render                72:41 +3438 ~2 -8: /Users/denisnadey/apps/flutter_full_svg_support/test/golden_comparison/golden_comparison_test.dart: Golden Comparison Tests Golden: gradients matches browser render                72:42 +3438 ~2 -8: /Users/denisnadey/apps/flutter_full_svg_support/test/golden_comparison/golden_comparison_test.dart: Golden Comparison Tests Golden: gradients matches browser render                72:43 +3438 ~2 -8: /Users/denisnadey/apps/flutter_full_svg_support/test/golden_comparison/golden_comparison_test.dart: Golden Comparison Tests Golden: gradients matches browser render                72:44 +3438 ~2 -8: /Users/denisnadey/apps/flutter_full_svg_support/test/golden_comparison/golden_comparison_test.dart: Golden Comparison Tests Golden: gradients matches browser render                72:45 +3438 ~2 -8: /Users/denisnadey/apps/flutter_full_svg_support/test/golden_comparison/golden_comparison_test.dart: Golden Comparison Tests Golden: gradients matches browser render                72:46 +3438 ~2 -8: /Users/denisnadey/apps/flutter_full_svg_support/test/golden_comparison/golden_comparison_test.dart: Golden Comparison Tests Golden: gradients matches browser render                72:47 +3438 ~2 -8: /Users/denisnadey/apps/flutter_full_svg_support/test/golden_comparison/golden_comparison_test.dart: Golden Comparison Tests Golden: gradients matches browser render                72:48 +3438 ~2 -8: /Users/denisnadey/apps/flutter_full_svg_support/test/golden_comparison/golden_comparison_test.dart: Golden Comparison Tests Golden: gradients matches browser render                72:49 +3438 ~2 -8: /Users/denisnadey/apps/flutter_full_svg_support/test/golden_comparison/golden_comparison_test.dart: Golden Comparison Tests Golden: gradients matches browser render                72:50 +3438 ~2 -8: /Users/denisnadey/apps/flutter_full_svg_support/test/golden_comparison/golden_comparison_test.dart: Golden Comparison Tests Golden: gradients matches browser render                72:51 +3438 ~2 -8: /Users/denisnadey/apps/flutter_full_svg_support/test/golden_comparison/golden_comparison_test.dart: Golden Comparison Tests Golden: gradients matches browser render                72:52 +3438 ~2 -8: /Users/denisnadey/apps/flutter_full_svg_support/test/golden_comparison/golden_comparison_test.dart: Golden Comparison Tests Golden: gradients matches browser render                72:53 +3438 ~2 -8: /Users/denisnadey/apps/flutter_full_svg_support/test/golden_comparison/golden_comparison_test.dart: Golden Comparison Tests Golden: gradients matches browser render                72:54 +3438 ~2 -8: /Users/denisnadey/apps/flutter_full_svg_support/test/golden_comparison/golden_comparison_test.dart: Golden Comparison Tests Golden: gradients matches browser render                72:55 +3438 ~2 -8: /Users/denisnadey/apps/flutter_full_svg_support/test/golden_comparison/golden_comparison_test.dart: Golden Comparison Tests Golden: gradients matches browser render                72:56 +3438 ~2 -8: /Users/denisnadey/apps/flutter_full_svg_support/test/golden_comparison/golden_comparison_test.dart: Golden Comparison Tests Golden: gradients matches browser render                72:57 +3438 ~2 -8: /Users/denisnadey/apps/flutter_full_svg_support/test/golden_comparison/golden_comparison_test.dart: Golden Comparison Tests Golden: gradients matches browser render                72:58 +3438 ~2 -8: /Users/denisnadey/apps/flutter_full_svg_support/test/golden_comparison/golden_comparison_test.dart: Golden Comparison Tests Golden: gradients matches browser render                72:59 +3438 ~2 -8: /Users/denisnadey/apps/flutter_full_svg_support/test/golden_comparison/golden_comparison_test.dart: Golden Comparison Tests Golden: gradients matches browser render                73:00 +3438 ~2 -8: /Users/denisnadey/apps/flutter_full_svg_support/test/golden_comparison/golden_comparison_test.dart: Golden Comparison Tests Golden: gradients matches browser render                73:01 +3438 ~2 -8: /Users/denisnadey/apps/flutter_full_svg_support/test/golden_comparison/golden_comparison_test.dart: Golden Comparison Tests Golden: gradients matches browser render                73:02 +3438 ~2 -8: /Users/denisnadey/apps/flutter_full_svg_support/test/golden_comparison/golden_comparison_test.dart: Golden Comparison Tests Golden: gradients matches browser render                73:03 +3438 ~2 -8: /Users/denisnadey/apps/flutter_full_svg_support/test/golden_comparison/golden_comparison_test.dart: Golden Comparison Tests Golden: gradients matches browser render                73:04 +3438 ~2 -8: /Users/denisnadey/apps/flutter_full_svg_support/test/golden_comparison/golden_comparison_test.dart: Golden Comparison Tests Golden: gradients matches browser render                73:05 +3438 ~2 -8: /Users/denisnadey/apps/flutter_full_svg_support/test/golden_comparison/golden_comparison_test.dart: Golden Comparison Tests Golden: gradients matches browser render                73:06 +3438 ~2 -8: /Users/denisnadey/apps/flutter_full_svg_support/test/golden_comparison/golden_comparison_test.dart: Golden Comparison Tests Golden: gradients matches browser render                73:07 +3438 ~2 -8: /Users/denisnadey/apps/flutter_full_svg_support/test/golden_comparison/golden_comparison_test.dart: Golden Comparison Tests Golden: gradients matches browser render                73:08 +3438 ~2 -8: /Users/denisnadey/apps/flutter_full_svg_support/test/golden_comparison/golden_comparison_test.dart: Golden Comparison Tests Golden: gradients matches browser render                73:09 +3438 ~2 -8: /Users/denisnadey/apps/flutter_full_svg_support/test/golden_comparison/golden_comparison_test.dart: Golden Comparison Tests Golden: gradients matches browser render                73:10 +3438 ~2 -8: /Users/denisnadey/apps/flutter_full_svg_support/test/golden_comparison/golden_comparison_test.dart: Golden Comparison Tests Golden: gradients matches browser render                73:11 +3438 ~2 -8: /Users/denisnadey/apps/flutter_full_svg_support/test/golden_comparison/golden_comparison_test.dart: Golden Comparison Tests Golden: gradients matches browser render                73:12 +3438 ~2 -8: /Users/denisnadey/apps/flutter_full_svg_support/test/golden_comparison/golden_comparison_test.dart: Golden Comparison Tests Golden: gradients matches browser render                73:13 +3438 ~2 -8: /Users/denisnadey/apps/flutter_full_svg_support/test/golden_comparison/golden_comparison_test.dart: Golden Comparison Tests Golden: gradients matches browser render                73:14 +3438 ~2 -8: /Users/denisnadey/apps/flutter_full_svg_support/test/golden_comparison/golden_comparison_test.dart: Golden Comparison Tests Golden: gradients matches browser render                73:15 +3438 ~2 -8: /Users/denisnadey/apps/flutter_full_svg_support/test/golden_comparison/golden_comparison_test.dart: Golden Comparison Tests Golden: gradients matches browser render                73:16 +3438 ~2 -8: /Users/denisnadey/apps/flutter_full_svg_support/test/golden_comparison/golden_comparison_test.dart: Golden Comparison Tests Golden: gradients matches browser render                73:17 +3438 ~2 -8: /Users/denisnadey/apps/flutter_full_svg_support/test/golden_comparison/golden_comparison_test.dart: Golden Comparison Tests Golden: gradients matches browser render                73:18 +3438 ~2 -8: /Users/denisnadey/apps/flutter_full_svg_support/test/golden_comparison/golden_comparison_test.dart: Golden Comparison Tests Golden: gradients matches browser render                73:19 +3438 ~2 -8: /Users/denisnadey/apps/flutter_full_svg_support/test/golden_comparison/golden_comparison_test.dart: Golden Comparison Tests Golden: gradients matches browser render                73:20 +3438 ~2 -8: /Users/denisnadey/apps/flutter_full_svg_support/test/golden_comparison/golden_comparison_test.dart: Golden Comparison Tests Golden: gradients matches browser render                73:21 +3438 ~2 -8: /Users/denisnadey/apps/flutter_full_svg_support/test/golden_comparison/golden_comparison_test.dart: Golden Comparison Tests Golden: gradients matches browser render                73:22 +3438 ~2 -8: /Users/denisnadey/apps/flutter_full_svg_support/test/golden_comparison/golden_comparison_test.dart: Golden Comparison Tests Golden: gradients matches browser render                73:23 +3438 ~2 -8: /Users/denisnadey/apps/flutter_full_svg_support/test/golden_comparison/golden_comparison_test.dart: Golden Comparison Tests Golden: gradients matches browser render                73:24 +3438 ~2 -8: /Users/denisnadey/apps/flutter_full_svg_support/test/golden_comparison/golden_comparison_test.dart: Golden Comparison Tests Golden: gradients matches browser render                73:25 +3438 ~2 -8: /Users/denisnadey/apps/flutter_full_svg_support/test/golden_comparison/golden_comparison_test.dart: Golden Comparison Tests Golden: gradients matches browser render                73:26 +3438 ~2 -8: /Users/denisnadey/apps/flutter_full_svg_support/test/golden_comparison/golden_comparison_test.dart: Golden Comparison Tests Golden: gradients matches browser render                73:27 +3438 ~2 -8: /Users/denisnadey/apps/flutter_full_svg_support/test/golden_comparison/golden_comparison_test.dart: Golden Comparison Tests Golden: gradients matches browser render                73:28 +3438 ~2 -8: /Users/denisnadey/apps/flutter_full_svg_support/test/golden_comparison/golden_comparison_test.dart: Golden Comparison Tests Golden: gradients matches browser render                73:29 +3438 ~2 -8: /Users/denisnadey/apps/flutter_full_svg_support/test/golden_comparison/golden_comparison_test.dart: Golden Comparison Tests Golden: gradients matches browser render                73:30 +3438 ~2 -8: /Users/denisnadey/apps/flutter_full_svg_support/test/golden_comparison/golden_comparison_test.dart: Golden Comparison Tests Golden: gradients matches browser render                73:31 +3438 ~2 -8: /Users/denisnadey/apps/flutter_full_svg_support/test/golden_comparison/golden_comparison_test.dart: Golden Comparison Tests Golden: gradients matches browser render                73:32 +3438 ~2 -8: /Users/denisnadey/apps/flutter_full_svg_support/test/golden_comparison/golden_comparison_test.dart: Golden Comparison Tests Golden: gradients matches browser render                73:33 +3438 ~2 -8: /Users/denisnadey/apps/flutter_full_svg_support/test/golden_comparison/golden_comparison_test.dart: Golden Comparison Tests Golden: gradients matches browser render                73:34 +3438 ~2 -8: /Users/denisnadey/apps/flutter_full_svg_support/test/golden_comparison/golden_comparison_test.dart: Golden Comparison Tests Golden: gradients matches browser render                73:35 +3438 ~2 -8: /Users/denisnadey/apps/flutter_full_svg_support/test/golden_comparison/golden_comparison_test.dart: Golden Comparison Tests Golden: gradients matches browser render                73:36 +3438 ~2 -8: /Users/denisnadey/apps/flutter_full_svg_support/test/golden_comparison/golden_comparison_test.dart: Golden Comparison Tests Golden: gradients matches browser render                73:37 +3438 ~2 -8: /Users/denisnadey/apps/flutter_full_svg_support/test/golden_comparison/golden_comparison_test.dart: Golden Comparison Tests Golden: gradients matches browser render                73:38 +3438 ~2 -8: /Users/denisnadey/apps/flutter_full_svg_support/test/golden_comparison/golden_comparison_test.dart: Golden Comparison Tests Golden: gradients matches browser render                73:39 +3438 ~2 -8: /Users/denisnadey/apps/flutter_full_svg_support/test/golden_comparison/golden_comparison_test.dart: Golden Comparison Tests Golden: gradients matches browser render                73:40 +3438 ~2 -8: /Users/denisnadey/apps/flutter_full_svg_support/test/golden_comparison/golden_comparison_test.dart: Golden Comparison Tests Golden: gradients matches browser render                73:41 +3438 ~2 -8: /Users/denisnadey/apps/flutter_full_svg_support/test/golden_comparison/golden_comparison_test.dart: Golden Comparison Tests Golden: gradients matches browser render                73:42 +3438 ~2 -8: /Users/denisnadey/apps/flutter_full_svg_support/test/golden_comparison/golden_comparison_test.dart: Golden Comparison Tests Golden: gradients matches browser render                73:43 +3438 ~2 -8: /Users/denisnadey/apps/flutter_full_svg_support/test/golden_comparison/golden_comparison_test.dart: Golden Comparison Tests Golden: gradients matches browser render                73:44 +3438 ~2 -8: /Users/denisnadey/apps/flutter_full_svg_support/test/golden_comparison/golden_comparison_test.dart: Golden Comparison Tests Golden: gradients matches browser render                73:45 +3438 ~2 -8: /Users/denisnadey/apps/flutter_full_svg_support/test/golden_comparison/golden_comparison_test.dart: Golden Comparison Tests Golden: gradients matches browser render                73:46 +3438 ~2 -8: /Users/denisnadey/apps/flutter_full_svg_support/test/golden_comparison/golden_comparison_test.dart: Golden Comparison Tests Golden: gradients matches browser render                73:47 +3438 ~2 -8: /Users/denisnadey/apps/flutter_full_svg_support/test/golden_comparison/golden_comparison_test.dart: Golden Comparison Tests Golden: gradients matches browser render                73:48 +3438 ~2 -8: /Users/denisnadey/apps/flutter_full_svg_support/test/golden_comparison/golden_comparison_test.dart: Golden Comparison Tests Golden: gradients matches browser render                73:49 +3438 ~2 -8: /Users/denisnadey/apps/flutter_full_svg_support/test/golden_comparison/golden_comparison_test.dart: Golden Comparison Tests Golden: gradients matches browser render                73:50 +3438 ~2 -8: /Users/denisnadey/apps/flutter_full_svg_support/test/golden_comparison/golden_comparison_test.dart: Golden Comparison Tests Golden: gradients matches browser render                73:51 +3438 ~2 -8: /Users/denisnadey/apps/flutter_full_svg_support/test/golden_comparison/golden_comparison_test.dart: Golden Comparison Tests Golden: gradients matches browser render                73:52 +3438 ~2 -8: /Users/denisnadey/apps/flutter_full_svg_support/test/golden_comparison/golden_comparison_test.dart: Golden Comparison Tests Golden: gradients matches browser render                73:53 +3438 ~2 -8: /Users/denisnadey/apps/flutter_full_svg_support/test/golden_comparison/golden_comparison_test.dart: Golden Comparison Tests Golden: gradients matches browser render                73:54 +3438 ~2 -8: /Users/denisnadey/apps/flutter_full_svg_support/test/golden_comparison/golden_comparison_test.dart: Golden Comparison Tests Golden: gradients matches browser render                73:55 +3438 ~2 -8: /Users/denisnadey/apps/flutter_full_svg_support/test/golden_comparison/golden_comparison_test.dart: Golden Comparison Tests Golden: gradients matches browser render                73:56 +3438 ~2 -8: /Users/denisnadey/apps/flutter_full_svg_support/test/golden_comparison/golden_comparison_test.dart: Golden Comparison Tests Golden: gradients matches browser render                73:57 +3438 ~2 -8: /Users/denisnadey/apps/flutter_full_svg_support/test/golden_comparison/golden_comparison_test.dart: Golden Comparison Tests Golden: gradients matches browser render                73:58 +3438 ~2 -8: /Users/denisnadey/apps/flutter_full_svg_support/test/golden_comparison/golden_comparison_test.dart: Golden Comparison Tests Golden: gradients matches browser render                73:59 +3438 ~2 -8: /Users/denisnadey/apps/flutter_full_svg_support/test/golden_comparison/golden_comparison_test.dart: Golden Comparison Tests Golden: gradients matches browser render                74:00 +3438 ~2 -8: /Users/denisnadey/apps/flutter_full_svg_support/test/golden_comparison/golden_comparison_test.dart: Golden Comparison Tests Golden: gradients matches browser render                74:01 +3438 ~2 -8: /Users/denisnadey/apps/flutter_full_svg_support/test/golden_comparison/golden_comparison_test.dart: Golden Comparison Tests Golden: gradients matches browser render                74:02 +3438 ~2 -8: /Users/denisnadey/apps/flutter_full_svg_support/test/golden_comparison/golden_comparison_test.dart: Golden Comparison Tests Golden: gradients matches browser render                74:03 +3438 ~2 -8: /Users/denisnadey/apps/flutter_full_svg_support/test/golden_comparison/golden_comparison_test.dart: Golden Comparison Tests Golden: gradients matches browser render                74:04 +3438 ~2 -8: /Users/denisnadey/apps/flutter_full_svg_support/test/golden_comparison/golden_comparison_test.dart: Golden Comparison Tests Golden: gradients matches browser render                74:05 +3438 ~2 -8: /Users/denisnadey/apps/flutter_full_svg_support/test/golden_comparison/golden_comparison_test.dart: Golden Comparison Tests Golden: gradients matches browser render                74:06 +3438 ~2 -8: /Users/denisnadey/apps/flutter_full_svg_support/test/golden_comparison/golden_comparison_test.dart: Golden Comparison Tests Golden: gradients matches browser render                74:07 +3438 ~2 -8: /Users/denisnadey/apps/flutter_full_svg_support/test/golden_comparison/golden_comparison_test.dart: Golden Comparison Tests Golden: gradients matches browser render                74:08 +3438 ~2 -8: /Users/denisnadey/apps/flutter_full_svg_support/test/golden_comparison/golden_comparison_test.dart: Golden Comparison Tests Golden: gradients matches browser render                74:09 +3438 ~2 -8: /Users/denisnadey/apps/flutter_full_svg_support/test/golden_comparison/golden_comparison_test.dart: Golden Comparison Tests Golden: gradients matches browser render                74:10 +3438 ~2 -8: /Users/denisnadey/apps/flutter_full_svg_support/test/golden_comparison/golden_comparison_test.dart: Golden Comparison Tests Golden: gradients matches browser render                74:11 +3438 ~2 -8: /Users/denisnadey/apps/flutter_full_svg_support/test/golden_comparison/golden_comparison_test.dart: Golden Comparison Tests Golden: gradients matches browser render                74:12 +3438 ~2 -8: /Users/denisnadey/apps/flutter_full_svg_support/test/golden_comparison/golden_comparison_test.dart: Golden Comparison Tests Golden: gradients matches browser render                74:13 +3438 ~2 -8: /Users/denisnadey/apps/flutter_full_svg_support/test/golden_comparison/golden_comparison_test.dart: Golden Comparison Tests Golden: gradients matches browser render                74:14 +3438 ~2 -8: /Users/denisnadey/apps/flutter_full_svg_support/test/golden_comparison/golden_comparison_test.dart: Golden Comparison Tests Golden: gradients matches browser render                74:15 +3438 ~2 -8: /Users/denisnadey/apps/flutter_full_svg_support/test/golden_comparison/golden_comparison_test.dart: Golden Comparison Tests Golden: gradients matches browser render                74:16 +3438 ~2 -8: /Users/denisnadey/apps/flutter_full_svg_support/test/golden_comparison/golden_comparison_test.dart: Golden Comparison Tests Golden: gradients matches browser render                74:17 +3438 ~2 -8: /Users/denisnadey/apps/flutter_full_svg_support/test/golden_comparison/golden_comparison_test.dart: Golden Comparison Tests Golden: gradients matches browser render                74:18 +3438 ~2 -8: /Users/denisnadey/apps/flutter_full_svg_support/test/golden_comparison/golden_comparison_test.dart: Golden Comparison Tests Golden: gradients matches browser render                74:19 +3438 ~2 -8: /Users/denisnadey/apps/flutter_full_svg_support/test/golden_comparison/golden_comparison_test.dart: Golden Comparison Tests Golden: gradients matches browser render                74:20 +3438 ~2 -8: /Users/denisnadey/apps/flutter_full_svg_support/test/golden_comparison/golden_comparison_test.dart: Golden Comparison Tests Golden: gradients matches browser render                74:21 +3438 ~2 -8: /Users/denisnadey/apps/flutter_full_svg_support/test/golden_comparison/golden_comparison_test.dart: Golden Comparison Tests Golden: gradients matches browser render                74:22 +3438 ~2 -8: /Users/denisnadey/apps/flutter_full_svg_support/test/golden_comparison/golden_comparison_test.dart: Golden Comparison Tests Golden: gradients matches browser render                74:23 +3438 ~2 -8: /Users/denisnadey/apps/flutter_full_svg_support/test/golden_comparison/golden_comparison_test.dart: Golden Comparison Tests Golden: gradients matches browser render                74:24 +3438 ~2 -8: /Users/denisnadey/apps/flutter_full_svg_support/test/golden_comparison/golden_comparison_test.dart: Golden Comparison Tests Golden: gradients matches browser render                74:25 +3438 ~2 -8: /Users/denisnadey/apps/flutter_full_svg_support/test/golden_comparison/golden_comparison_test.dart: Golden Comparison Tests Golden: gradients matches browser render                74:26 +3438 ~2 -8: /Users/denisnadey/apps/flutter_full_svg_support/test/golden_comparison/golden_comparison_test.dart: Golden Comparison Tests Golden: gradients matches browser render                74:27 +3438 ~2 -8: /Users/denisnadey/apps/flutter_full_svg_support/test/golden_comparison/golden_comparison_test.dart: Golden Comparison Tests Golden: gradients matches browser render                74:28 +3438 ~2 -8: /Users/denisnadey/apps/flutter_full_svg_support/test/golden_comparison/golden_comparison_test.dart: Golden Comparison Tests Golden: gradients matches browser render                74:29 +3438 ~2 -8: /Users/denisnadey/apps/flutter_full_svg_support/test/golden_comparison/golden_comparison_test.dart: Golden Comparison Tests Golden: gradients matches browser render                74:30 +3438 ~2 -8: /Users/denisnadey/apps/flutter_full_svg_support/test/golden_comparison/golden_comparison_test.dart: Golden Comparison Tests Golden: gradients matches browser render                74:31 +3438 ~2 -8: /Users/denisnadey/apps/flutter_full_svg_support/test/golden_comparison/golden_comparison_test.dart: Golden Comparison Tests Golden: gradients matches browser render                74:32 +3438 ~2 -8: /Users/denisnadey/apps/flutter_full_svg_support/test/golden_comparison/golden_comparison_test.dart: Golden Comparison Tests Golden: gradients matches browser render                74:33 +3438 ~2 -8: /Users/denisnadey/apps/flutter_full_svg_support/test/golden_comparison/golden_comparison_test.dart: Golden Comparison Tests Golden: gradients matches browser render                74:34 +3438 ~2 -8: /Users/denisnadey/apps/flutter_full_svg_support/test/golden_comparison/golden_comparison_test.dart: Golden Comparison Tests Golden: gradients matches browser render                74:35 +3438 ~2 -8: /Users/denisnadey/apps/flutter_full_svg_support/test/golden_comparison/golden_comparison_test.dart: Golden Comparison Tests Golden: gradients matches browser render                74:36 +3438 ~2 -8: /Users/denisnadey/apps/flutter_full_svg_support/test/golden_comparison/golden_comparison_test.dart: Golden Comparison Tests Golden: gradients matches browser render                74:37 +3438 ~2 -8: /Users/denisnadey/apps/flutter_full_svg_support/test/golden_comparison/golden_comparison_test.dart: Golden Comparison Tests Golden: gradients matches browser render                74:38 +3438 ~2 -8: /Users/denisnadey/apps/flutter_full_svg_support/test/golden_comparison/golden_comparison_test.dart: Golden Comparison Tests Golden: gradients matches browser render                74:39 +3438 ~2 -8: /Users/denisnadey/apps/flutter_full_svg_support/test/golden_comparison/golden_comparison_test.dart: Golden Comparison Tests Golden: gradients matches browser render                74:40 +3438 ~2 -8: /Users/denisnadey/apps/flutter_full_svg_support/test/golden_comparison/golden_comparison_test.dart: Golden Comparison Tests Golden: gradients matches browser render                74:41 +3438 ~2 -8: /Users/denisnadey/apps/flutter_full_svg_support/test/golden_comparison/golden_comparison_test.dart: Golden Comparison Tests Golden: gradients matches browser render                74:42 +3438 ~2 -8: /Users/denisnadey/apps/flutter_full_svg_support/test/golden_comparison/golden_comparison_test.dart: Golden Comparison Tests Golden: gradients matches browser render                74:43 +3438 ~2 -8: /Users/denisnadey/apps/flutter_full_svg_support/test/golden_comparison/golden_comparison_test.dart: Golden Comparison Tests Golden: gradients matches browser render                74:44 +3438 ~2 -8: /Users/denisnadey/apps/flutter_full_svg_support/test/golden_comparison/golden_comparison_test.dart: Golden Comparison Tests Golden: gradients matches browser render                74:45 +3438 ~2 -8: /Users/denisnadey/apps/flutter_full_svg_support/test/golden_comparison/golden_comparison_test.dart: Golden Comparison Tests Golden: gradients matches browser render                74:46 +3438 ~2 -8: /Users/denisnadey/apps/flutter_full_svg_support/test/golden_comparison/golden_comparison_test.dart: Golden Comparison Tests Golden: gradients matches browser render                74:47 +3438 ~2 -8: /Users/denisnadey/apps/flutter_full_svg_support/test/golden_comparison/golden_comparison_test.dart: Golden Comparison Tests Golden: gradients matches browser render                74:48 +3438 ~2 -8: /Users/denisnadey/apps/flutter_full_svg_support/test/golden_comparison/golden_comparison_test.dart: Golden Comparison Tests Golden: gradients matches browser render                74:49 +3438 ~2 -8: /Users/denisnadey/apps/flutter_full_svg_support/test/golden_comparison/golden_comparison_test.dart: Golden Comparison Tests Golden: gradients matches browser render                74:50 +3438 ~2 -8: /Users/denisnadey/apps/flutter_full_svg_support/test/golden_comparison/golden_comparison_test.dart: Golden Comparison Tests Golden: gradients matches browser render                74:51 +3438 ~2 -8: /Users/denisnadey/apps/flutter_full_svg_support/test/golden_comparison/golden_comparison_test.dart: Golden Comparison Tests Golden: gradients matches browser render                74:52 +3438 ~2 -8: /Users/denisnadey/apps/flutter_full_svg_support/test/golden_comparison/golden_comparison_test.dart: Golden Comparison Tests Golden: gradients matches browser render                74:53 +3438 ~2 -8: /Users/denisnadey/apps/flutter_full_svg_support/test/golden_comparison/golden_comparison_test.dart: Golden Comparison Tests Golden: gradients matches browser render                74:54 +3438 ~2 -8: /Users/denisnadey/apps/flutter_full_svg_support/test/golden_comparison/golden_comparison_test.dart: Golden Comparison Tests Golden: gradients matches browser render                74:55 +3438 ~2 -8: /Users/denisnadey/apps/flutter_full_svg_support/test/golden_comparison/golden_comparison_test.dart: Golden Comparison Tests Golden: gradients matches browser render                74:56 +3438 ~2 -8: /Users/denisnadey/apps/flutter_full_svg_support/test/golden_comparison/golden_comparison_test.dart: Golden Comparison Tests Golden: gradients matches browser render                74:57 +3438 ~2 -8: /Users/denisnadey/apps/flutter_full_svg_support/test/golden_comparison/golden_comparison_test.dart: Golden Comparison Tests Golden: gradients matches browser render                74:58 +3438 ~2 -8: /Users/denisnadey/apps/flutter_full_svg_support/test/golden_comparison/golden_comparison_test.dart: Golden Comparison Tests Golden: gradients matches browser render                74:59 +3438 ~2 -8: /Users/denisnadey/apps/flutter_full_svg_support/test/golden_comparison/golden_comparison_test.dart: Golden Comparison Tests Golden: gradients matches browser render                75:00 +3438 ~2 -8: /Users/denisnadey/apps/flutter_full_svg_support/test/golden_comparison/golden_comparison_test.dart: Golden Comparison Tests Golden: gradients matches browser render                75:01 +3438 ~2 -8: /Users/denisnadey/apps/flutter_full_svg_support/test/golden_comparison/golden_comparison_test.dart: Golden Comparison Tests Golden: gradients matches browser render                75:02 +3438 ~2 -8: /Users/denisnadey/apps/flutter_full_svg_support/test/golden_comparison/golden_comparison_test.dart: Golden Comparison Tests Golden: gradients matches browser render                75:03 +3438 ~2 -8: /Users/denisnadey/apps/flutter_full_svg_support/test/golden_comparison/golden_comparison_test.dart: Golden Comparison Tests Golden: gradients matches browser render                75:04 +3438 ~2 -8: /Users/denisnadey/apps/flutter_full_svg_support/test/golden_comparison/golden_comparison_test.dart: Golden Comparison Tests Golden: gradients matches browser render                75:05 +3438 ~2 -8: /Users/denisnadey/apps/flutter_full_svg_support/test/golden_comparison/golden_comparison_test.dart: Golden Comparison Tests Golden: gradients matches browser render                75:06 +3438 ~2 -8: /Users/denisnadey/apps/flutter_full_svg_support/test/golden_comparison/golden_comparison_test.dart: Golden Comparison Tests Golden: gradients matches browser render                75:07 +3438 ~2 -8: /Users/denisnadey/apps/flutter_full_svg_support/test/golden_comparison/golden_comparison_test.dart: Golden Comparison Tests Golden: gradients matches browser render                75:08 +3438 ~2 -8: /Users/denisnadey/apps/flutter_full_svg_support/test/golden_comparison/golden_comparison_test.dart: Golden Comparison Tests Golden: gradients matches browser render                75:09 +3438 ~2 -8: /Users/denisnadey/apps/flutter_full_svg_support/test/golden_comparison/golden_comparison_test.dart: Golden Comparison Tests Golden: gradients matches browser render                75:10 +3438 ~2 -8: /Users/denisnadey/apps/flutter_full_svg_support/test/golden_comparison/golden_comparison_test.dart: Golden Comparison Tests Golden: gradients matches browser render                75:11 +3438 ~2 -8: /Users/denisnadey/apps/flutter_full_svg_support/test/golden_comparison/golden_comparison_test.dart: Golden Comparison Tests Golden: gradients matches browser render                75:12 +3438 ~2 -8: /Users/denisnadey/apps/flutter_full_svg_support/test/golden_comparison/golden_comparison_test.dart: Golden Comparison Tests Golden: gradients matches browser render                75:13 +3438 ~2 -8: /Users/denisnadey/apps/flutter_full_svg_support/test/golden_comparison/golden_comparison_test.dart: Golden Comparison Tests Golden: gradients matches browser render                75:14 +3438 ~2 -8: /Users/denisnadey/apps/flutter_full_svg_support/test/golden_comparison/golden_comparison_test.dart: Golden Comparison Tests Golden: gradients matches browser render                75:15 +3438 ~2 -8: /Users/denisnadey/apps/flutter_full_svg_support/test/golden_comparison/golden_comparison_test.dart: Golden Comparison Tests Golden: gradients matches browser render                75:16 +3438 ~2 -8: /Users/denisnadey/apps/flutter_full_svg_support/test/golden_comparison/golden_comparison_test.dart: Golden Comparison Tests Golden: gradients matches browser render                75:17 +3438 ~2 -8: /Users/denisnadey/apps/flutter_full_svg_support/test/golden_comparison/golden_comparison_test.dart: Golden Comparison Tests Golden: gradients matches browser render                75:18 +3438 ~2 -8: /Users/denisnadey/apps/flutter_full_svg_support/test/golden_comparison/golden_comparison_test.dart: Golden Comparison Tests Golden: gradients matches browser render                75:19 +3438 ~2 -8: /Users/denisnadey/apps/flutter_full_svg_support/test/golden_comparison/golden_comparison_test.dart: Golden Comparison Tests Golden: gradients matches browser render                75:20 +3438 ~2 -8: /Users/denisnadey/apps/flutter_full_svg_support/test/golden_comparison/golden_comparison_test.dart: Golden Comparison Tests Golden: gradients matches browser render                75:21 +3438 ~2 -8: /Users/denisnadey/apps/flutter_full_svg_support/test/golden_comparison/golden_comparison_test.dart: Golden Comparison Tests Golden: gradients matches browser render                75:22 +3438 ~2 -8: /Users/denisnadey/apps/flutter_full_svg_support/test/golden_comparison/golden_comparison_test.dart: Golden Comparison Tests Golden: gradients matches browser render                75:23 +3438 ~2 -8: /Users/denisnadey/apps/flutter_full_svg_support/test/golden_comparison/golden_comparison_test.dart: Golden Comparison Tests Golden: gradients matches browser render                75:24 +3438 ~2 -8: /Users/denisnadey/apps/flutter_full_svg_support/test/golden_comparison/golden_comparison_test.dart: Golden Comparison Tests Golden: gradients matches browser render                75:25 +3438 ~2 -8: /Users/denisnadey/apps/flutter_full_svg_support/test/golden_comparison/golden_comparison_test.dart: Golden Comparison Tests Golden: gradients matches browser render                75:26 +3438 ~2 -8: /Users/denisnadey/apps/flutter_full_svg_support/test/golden_comparison/golden_comparison_test.dart: Golden Comparison Tests Golden: gradients matches browser render                75:27 +3438 ~2 -8: /Users/denisnadey/apps/flutter_full_svg_support/test/golden_comparison/golden_comparison_test.dart: Golden Comparison Tests Golden: gradients matches browser render                75:28 +3438 ~2 -8: /Users/denisnadey/apps/flutter_full_svg_support/test/golden_comparison/golden_comparison_test.dart: Golden Comparison Tests Golden: gradients matches browser render                75:29 +3438 ~2 -8: /Users/denisnadey/apps/flutter_full_svg_support/test/golden_comparison/golden_comparison_test.dart: Golden Comparison Tests Golden: gradients matches browser render                75:30 +3438 ~2 -8: /Users/denisnadey/apps/flutter_full_svg_support/test/golden_comparison/golden_comparison_test.dart: Golden Comparison Tests Golden: gradients matches browser render                75:31 +3438 ~2 -8: /Users/denisnadey/apps/flutter_full_svg_support/test/golden_comparison/golden_comparison_test.dart: Golden Comparison Tests Golden: gradients matches browser render                75:32 +3438 ~2 -8: /Users/denisnadey/apps/flutter_full_svg_support/test/golden_comparison/golden_comparison_test.dart: Golden Comparison Tests Golden: gradients matches browser render                75:33 +3438 ~2 -8: /Users/denisnadey/apps/flutter_full_svg_support/test/golden_comparison/golden_comparison_test.dart: Golden Comparison Tests Golden: gradients matches browser render                75:34 +3438 ~2 -8: /Users/denisnadey/apps/flutter_full_svg_support/test/golden_comparison/golden_comparison_test.dart: Golden Comparison Tests Golden: gradients matches browser render                75:35 +3438 ~2 -8: /Users/denisnadey/apps/flutter_full_svg_support/test/golden_comparison/golden_comparison_test.dart: Golden Comparison Tests Golden: gradients matches browser render                75:36 +3438 ~2 -8: /Users/denisnadey/apps/flutter_full_svg_support/test/golden_comparison/golden_comparison_test.dart: Golden Comparison Tests Golden: gradients matches browser render                75:37 +3438 ~2 -8: /Users/denisnadey/apps/flutter_full_svg_support/test/golden_comparison/golden_comparison_test.dart: Golden Comparison Tests Golden: gradients matches browser render                75:38 +3438 ~2 -8: /Users/denisnadey/apps/flutter_full_svg_support/test/golden_comparison/golden_comparison_test.dart: Golden Comparison Tests Golden: gradients matches browser render                75:39 +3438 ~2 -8: /Users/denisnadey/apps/flutter_full_svg_support/test/golden_comparison/golden_comparison_test.dart: Golden Comparison Tests Golden: gradients matches browser render                75:40 +3438 ~2 -8: /Users/denisnadey/apps/flutter_full_svg_support/test/golden_comparison/golden_comparison_test.dart: Golden Comparison Tests Golden: gradients matches browser render                75:41 +3438 ~2 -8: /Users/denisnadey/apps/flutter_full_svg_support/test/golden_comparison/golden_comparison_test.dart: Golden Comparison Tests Golden: gradients matches browser render                75:42 +3438 ~2 -8: /Users/denisnadey/apps/flutter_full_svg_support/test/golden_comparison/golden_comparison_test.dart: Golden Comparison Tests Golden: gradients matches browser render                75:43 +3438 ~2 -8: /Users/denisnadey/apps/flutter_full_svg_support/test/golden_comparison/golden_comparison_test.dart: Golden Comparison Tests Golden: gradients matches browser render                75:44 +3438 ~2 -8: /Users/denisnadey/apps/flutter_full_svg_support/test/golden_comparison/golden_comparison_test.dart: Golden Comparison Tests Golden: gradients matches browser render                75:45 +3438 ~2 -8: /Users/denisnadey/apps/flutter_full_svg_support/test/golden_comparison/golden_comparison_test.dart: Golden Comparison Tests Golden: gradients matches browser render                75:46 +3438 ~2 -8: /Users/denisnadey/apps/flutter_full_svg_support/test/golden_comparison/golden_comparison_test.dart: Golden Comparison Tests Golden: gradients matches browser render                75:47 +3438 ~2 -8: /Users/denisnadey/apps/flutter_full_svg_support/test/golden_comparison/golden_comparison_test.dart: Golden Comparison Tests Golden: gradients matches browser render                75:48 +3438 ~2 -8: /Users/denisnadey/apps/flutter_full_svg_support/test/golden_comparison/golden_comparison_test.dart: Golden Comparison Tests Golden: gradients matches browser render                75:49 +3438 ~2 -8: /Users/denisnadey/apps/flutter_full_svg_support/test/golden_comparison/golden_comparison_test.dart: Golden Comparison Tests Golden: gradients matches browser render                75:50 +3438 ~2 -8: /Users/denisnadey/apps/flutter_full_svg_support/test/golden_comparison/golden_comparison_test.dart: Golden Comparison Tests Golden: gradients matches browser render                75:51 +3438 ~2 -8: /Users/denisnadey/apps/flutter_full_svg_support/test/golden_comparison/golden_comparison_test.dart: Golden Comparison Tests Golden: gradients matches browser render                75:52 +3438 ~2 -8: /Users/denisnadey/apps/flutter_full_svg_support/test/golden_comparison/golden_comparison_test.dart: Golden Comparison Tests Golden: gradients matches browser render                75:53 +3438 ~2 -8: /Users/denisnadey/apps/flutter_full_svg_support/test/golden_comparison/golden_comparison_test.dart: Golden Comparison Tests Golden: gradients matches browser render                75:54 +3438 ~2 -8: /Users/denisnadey/apps/flutter_full_svg_support/test/golden_comparison/golden_comparison_test.dart: Golden Comparison Tests Golden: gradients matches browser render                75:55 +3438 ~2 -8: /Users/denisnadey/apps/flutter_full_svg_support/test/golden_comparison/golden_comparison_test.dart: Golden Comparison Tests Golden: gradients matches browser render                75:56 +3438 ~2 -8: /Users/denisnadey/apps/flutter_full_svg_support/test/golden_comparison/golden_comparison_test.dart: Golden Comparison Tests Golden: gradients matches browser render                75:57 +3438 ~2 -8: /Users/denisnadey/apps/flutter_full_svg_support/test/golden_comparison/golden_comparison_test.dart: Golden Comparison Tests Golden: gradients matches browser render                75:58 +3438 ~2 -8: /Users/denisnadey/apps/flutter_full_svg_support/test/golden_comparison/golden_comparison_test.dart: Golden Comparison Tests Golden: gradients matches browser render                75:59 +3438 ~2 -8: /Users/denisnadey/apps/flutter_full_svg_support/test/golden_comparison/golden_comparison_test.dart: Golden Comparison Tests Golden: gradients matches browser render                76:00 +3438 ~2 -8: /Users/denisnadey/apps/flutter_full_svg_support/test/golden_comparison/golden_comparison_test.dart: Golden Comparison Tests Golden: gradients matches browser render                76:01 +3438 ~2 -8: /Users/denisnadey/apps/flutter_full_svg_support/test/golden_comparison/golden_comparison_test.dart: Golden Comparison Tests Golden: gradients matches browser render                76:02 +3438 ~2 -8: /Users/denisnadey/apps/flutter_full_svg_support/test/golden_comparison/golden_comparison_test.dart: Golden Comparison Tests Golden: gradients matches browser render                76:03 +3438 ~2 -8: /Users/denisnadey/apps/flutter_full_svg_support/test/golden_comparison/golden_comparison_test.dart: Golden Comparison Tests Golden: gradients matches browser render                76:04 +3438 ~2 -8: /Users/denisnadey/apps/flutter_full_svg_support/test/golden_comparison/golden_comparison_test.dart: Golden Comparison Tests Golden: gradients matches browser render                76:05 +3438 ~2 -8: /Users/denisnadey/apps/flutter_full_svg_support/test/golden_comparison/golden_comparison_test.dart: Golden Comparison Tests Golden: gradients matches browser render                76:06 +3438 ~2 -8: /Users/denisnadey/apps/flutter_full_svg_support/test/golden_comparison/golden_comparison_test.dart: Golden Comparison Tests Golden: gradients matches browser render                76:07 +3438 ~2 -8: /Users/denisnadey/apps/flutter_full_svg_support/test/golden_comparison/golden_comparison_test.dart: Golden Comparison Tests Golden: gradients matches browser render                76:08 +3438 ~2 -8: /Users/denisnadey/apps/flutter_full_svg_support/test/golden_comparison/golden_comparison_test.dart: Golden Comparison Tests Golden: gradients matches browser render                76:09 +3438 ~2 -8: /Users/denisnadey/apps/flutter_full_svg_support/test/golden_comparison/golden_comparison_test.dart: Golden Comparison Tests Golden: gradients matches browser render                76:10 +3438 ~2 -8: /Users/denisnadey/apps/flutter_full_svg_support/test/golden_comparison/golden_comparison_test.dart: Golden Comparison Tests Golden: gradients matches browser render                76:11 +3438 ~2 -8: /Users/denisnadey/apps/flutter_full_svg_support/test/golden_comparison/golden_comparison_test.dart: Golden Comparison Tests Golden: gradients matches browser render                76:12 +3438 ~2 -8: /Users/denisnadey/apps/flutter_full_svg_support/test/golden_comparison/golden_comparison_test.dart: Golden Comparison Tests Golden: gradients matches browser render                76:13 +3438 ~2 -8: /Users/denisnadey/apps/flutter_full_svg_support/test/golden_comparison/golden_comparison_test.dart: Golden Comparison Tests Golden: gradients matches browser render                76:14 +3438 ~2 -8: /Users/denisnadey/apps/flutter_full_svg_support/test/golden_comparison/golden_comparison_test.dart: Golden Comparison Tests Golden: gradients matches browser render                76:15 +3438 ~2 -8: /Users/denisnadey/apps/flutter_full_svg_support/test/golden_comparison/golden_comparison_test.dart: Golden Comparison Tests Golden: gradients matches browser render                76:16 +3438 ~2 -8: /Users/denisnadey/apps/flutter_full_svg_support/test/golden_comparison/golden_comparison_test.dart: Golden Comparison Tests Golden: gradients matches browser render                76:17 +3438 ~2 -8: /Users/denisnadey/apps/flutter_full_svg_support/test/golden_comparison/golden_comparison_test.dart: Golden Comparison Tests Golden: gradients matches browser render                76:18 +3438 ~2 -8: /Users/denisnadey/apps/flutter_full_svg_support/test/golden_comparison/golden_comparison_test.dart: Golden Comparison Tests Golden: gradients matches browser render                76:19 +3438 ~2 -8: /Users/denisnadey/apps/flutter_full_svg_support/test/golden_comparison/golden_comparison_test.dart: Golden Comparison Tests Golden: gradients matches browser render                76:20 +3438 ~2 -8: /Users/denisnadey/apps/flutter_full_svg_support/test/golden_comparison/golden_comparison_test.dart: Golden Comparison Tests Golden: gradients matches browser render                76:21 +3438 ~2 -8: /Users/denisnadey/apps/flutter_full_svg_support/test/golden_comparison/golden_comparison_test.dart: Golden Comparison Tests Golden: gradients matches browser render                76:22 +3438 ~2 -8: /Users/denisnadey/apps/flutter_full_svg_support/test/golden_comparison/golden_comparison_test.dart: Golden Comparison Tests Golden: gradients matches browser render                76:23 +3438 ~2 -8: /Users/denisnadey/apps/flutter_full_svg_support/test/golden_comparison/golden_comparison_test.dart: Golden Comparison Tests Golden: gradients matches browser render                76:24 +3438 ~2 -8: /Users/denisnadey/apps/flutter_full_svg_support/test/golden_comparison/golden_comparison_test.dart: Golden Comparison Tests Golden: gradients matches browser render                76:25 +3438 ~2 -8: /Users/denisnadey/apps/flutter_full_svg_support/test/golden_comparison/golden_comparison_test.dart: Golden Comparison Tests Golden: gradients matches browser render                76:26 +3438 ~2 -8: /Users/denisnadey/apps/flutter_full_svg_support/test/golden_comparison/golden_comparison_test.dart: Golden Comparison Tests Golden: gradients matches browser render                76:27 +3438 ~2 -8: /Users/denisnadey/apps/flutter_full_svg_support/test/golden_comparison/golden_comparison_test.dart: Golden Comparison Tests Golden: gradients matches browser render                76:28 +3438 ~2 -8: /Users/denisnadey/apps/flutter_full_svg_support/test/golden_comparison/golden_comparison_test.dart: Golden Comparison Tests Golden: gradients matches browser render                76:29 +3438 ~2 -8: /Users/denisnadey/apps/flutter_full_svg_support/test/golden_comparison/golden_comparison_test.dart: Golden Comparison Tests Golden: gradients matches browser render                76:30 +3438 ~2 -8: /Users/denisnadey/apps/flutter_full_svg_support/test/golden_comparison/golden_comparison_test.dart: Golden Comparison Tests Golden: gradients matches browser render                76:31 +3438 ~2 -8: /Users/denisnadey/apps/flutter_full_svg_support/test/golden_comparison/golden_comparison_test.dart: Golden Comparison Tests Golden: gradients matches browser render                76:32 +3438 ~2 -8: /Users/denisnadey/apps/flutter_full_svg_support/test/golden_comparison/golden_comparison_test.dart: Golden Comparison Tests Golden: gradients matches browser render                76:32 +3438 ~2 -9: /Users/denisnadey/apps/flutter_full_svg_support/test/golden_comparison/golden_comparison_test.dart: Golden Comparison Tests Golden: gradients matches browser render [E]            
  TimeoutException after 0:10:00.000000: Test timed out after 10 minutes.
  dart:isolate  _RawReceivePort._handleMessage
  

To run this test again: /Users/denisnadey/fvm/versions/3.38.1/bin/cache/dart-sdk/bin/dart test /Users/denisnadey/apps/flutter_full_svg_support/test/golden_comparison/golden_comparison_test.dart -p vm --plain-name 'Golden Comparison Tests Golden: gradients matches browser render'
76:32 +3438 ~2 -9: /Users/denisnadey/apps/flutter_full_svg_support/test/golden_comparison/golden_comparison_test.dart: Golden Comparison Tests Golden: transforms matches browser render               76:33 +3438 ~2 -9: /Users/denisnadey/apps/flutter_full_svg_support/test/golden_comparison/golden_comparison_test.dart: Golden Comparison Tests Golden: transforms matches browser render               76:34 +3438 ~2 -9: /Users/denisnadey/apps/flutter_full_svg_support/test/golden_comparison/golden_comparison_test.dart: Golden Comparison Tests Golden: transforms matches browser render               76:35 +3438 ~2 -9: /Users/denisnadey/apps/flutter_full_svg_support/test/golden_comparison/golden_comparison_test.dart: Golden Comparison Tests Golden: transforms matches browser render               76:36 +3438 ~2 -9: /Users/denisnadey/apps/flutter_full_svg_support/test/golden_comparison/golden_comparison_test.dart: Golden Comparison Tests Golden: transforms matches browser render               76:37 +3438 ~2 -9: /Users/denisnadey/apps/flutter_full_svg_support/test/golden_comparison/golden_comparison_test.dart: Golden Comparison Tests Golden: transforms matches browser render               76:38 +3438 ~2 -9: /Users/denisnadey/apps/flutter_full_svg_support/test/golden_comparison/golden_comparison_test.dart: Golden Comparison Tests Golden: transforms matches browser render               76:39 +3438 ~2 -9: /Users/denisnadey/apps/flutter_full_svg_support/test/golden_comparison/golden_comparison_test.dart: Golden Comparison Tests Golden: transforms matches browser render               76:40 +3438 ~2 -9: /Users/denisnadey/apps/flutter_full_svg_support/test/golden_comparison/golden_comparison_test.dart: Golden Comparison Tests Golden: transforms matches browser render               76:41 +3438 ~2 -9: /Users/denisnadey/apps/flutter_full_svg_support/test/golden_comparison/golden_comparison_test.dart: Golden Comparison Tests Golden: transforms matches browser render               76:42 +3438 ~2 -9: /Users/denisnadey/apps/flutter_full_svg_support/test/golden_comparison/golden_comparison_test.dart: Golden Comparison Tests Golden: transforms matches browser render               76:43 +3438 ~2 -9: /Users/denisnadey/apps/flutter_full_svg_support/test/golden_comparison/golden_comparison_test.dart: Golden Comparison Tests Golden: transforms matches browser render               76:44 +3438 ~2 -9: /Users/denisnadey/apps/flutter_full_svg_support/test/golden_comparison/golden_comparison_test.dart: Golden Comparison Tests Golden: transforms matches browser render               76:45 +3438 ~2 -9: /Users/denisnadey/apps/flutter_full_svg_support/test/golden_comparison/golden_comparison_test.dart: Golden Comparison Tests Golden: transforms matches browser render               76:46 +3438 ~2 -9: /Users/denisnadey/apps/flutter_full_svg_support/test/golden_comparison/golden_comparison_test.dart: Golden Comparison Tests Golden: transforms matches browser render               76:47 +3438 ~2 -9: /Users/denisnadey/apps/flutter_full_svg_support/test/golden_comparison/golden_comparison_test.dart: Golden Comparison Tests Golden: transforms matches browser render               76:48 +3438 ~2 -9: /Users/denisnadey/apps/flutter_full_svg_support/test/golden_comparison/golden_comparison_test.dart: Golden Comparison Tests Golden: transforms matches browser render               76:49 +3438 ~2 -9: /Users/denisnadey/apps/flutter_full_svg_support/test/golden_comparison/golden_comparison_test.dart: Golden Comparison Tests Golden: transforms matches browser render               76:50 +3438 ~2 -9: /Users/denisnadey/apps/flutter_full_svg_support/test/golden_comparison/golden_comparison_test.dart: Golden Comparison Tests Golden: transforms matches browser render               76:51 +3438 ~2 -9: /Users/denisnadey/apps/flutter_full_svg_support/test/golden_comparison/golden_comparison_test.dart: Golden Comparison Tests Golden: transforms matches browser render               76:52 +3438 ~2 -9: /Users/denisnadey/apps/flutter_full_svg_support/test/golden_comparison/golden_comparison_test.dart: Golden Comparison Tests Golden: transforms matches browser render               76:53 +3438 ~2 -9: /Users/denisnadey/apps/flutter_full_svg_support/test/golden_comparison/golden_comparison_test.dart: Golden Comparison Tests Golden: transforms matches browser render               76:54 +3438 ~2 -9: /Users/denisnadey/apps/flutter_full_svg_support/test/golden_comparison/golden_comparison_test.dart: Golden Comparison Tests Golden: transforms matches browser render               76:55 +3438 ~2 -9: /Users/denisnadey/apps/flutter_full_svg_support/test/golden_comparison/golden_comparison_test.dart: Golden Comparison Tests Golden: transforms matches browser render               76:56 +3438 ~2 -9: /Users/denisnadey/apps/flutter_full_svg_support/test/golden_comparison/golden_comparison_test.dart: Golden Comparison Tests Golden: transforms matches browser render               76:57 +3438 ~2 -9: /Users/denisnadey/apps/flutter_full_svg_support/test/golden_comparison/golden_comparison_test.dart: Golden Comparison Tests Golden: transforms matches browser render               76:58 +3438 ~2 -9: /Users/denisnadey/apps/flutter_full_svg_support/test/golden_comparison/golden_comparison_test.dart: Golden Comparison Tests Golden: transforms matches browser render               76:59 +3438 ~2 -9: /Users/denisnadey/apps/flutter_full_svg_support/test/golden_comparison/golden_comparison_test.dart: Golden Comparison Tests Golden: transforms matches browser render               77:00 +3438 ~2 -9: /Users/denisnadey/apps/flutter_full_svg_support/test/golden_comparison/golden_comparison_test.dart: Golden Comparison Tests Golden: transforms matches browser render               77:01 +3438 ~2 -9: /Users/denisnadey/apps/flutter_full_svg_support/test/golden_comparison/golden_comparison_test.dart: Golden Comparison Tests Golden: transforms matches browser render               77:02 +3438 ~2 -9: /Users/denisnadey/apps/flutter_full_svg_support/test/golden_comparison/golden_comparison_test.dart: Golden Comparison Tests Golden: transforms matches browser render               77:03 +3438 ~2 -9: /Users/denisnadey/apps/flutter_full_svg_support/test/golden_comparison/golden_comparison_test.dart: Golden Comparison Tests Golden: transforms matches browser render               77:04 +3438 ~2 -9: /Users/denisnadey/apps/flutter_full_svg_support/test/golden_comparison/golden_comparison_test.dart: Golden Comparison Tests Golden: transforms matches browser render               77:05 +3438 ~2 -9: /Users/denisnadey/apps/flutter_full_svg_support/test/golden_comparison/golden_comparison_test.dart: Golden Comparison Tests Golden: transforms matches browser render               77:06 +3438 ~2 -9: /Users/denisnadey/apps/flutter_full_svg_support/test/golden_comparison/golden_comparison_test.dart: Golden Comparison Tests Golden: transforms matches browser render               77:07 +3438 ~2 -9: /Users/denisnadey/apps/flutter_full_svg_support/test/golden_comparison/golden_comparison_test.dart: Golden Comparison Tests Golden: transforms matches browser render               77:08 +3438 ~2 -9: /Users/denisnadey/apps/flutter_full_svg_support/test/golden_comparison/golden_comparison_test.dart: Golden Comparison Tests Golden: transforms matches browser render               77:09 +3438 ~2 -9: /Users/denisnadey/apps/flutter_full_svg_support/test/golden_comparison/golden_comparison_test.dart: Golden Comparison Tests Golden: transforms matches browser render               77:10 +3438 ~2 -9: /Users/denisnadey/apps/flutter_full_svg_support/test/golden_comparison/golden_comparison_test.dart: Golden Comparison Tests Golden: transforms matches browser render               77:11 +3438 ~2 -9: /Users/denisnadey/apps/flutter_full_svg_support/test/golden_comparison/golden_comparison_test.dart: Golden Comparison Tests Golden: transforms matches browser render               77:12 +3438 ~2 -9: /Users/denisnadey/apps/flutter_full_svg_support/test/golden_comparison/golden_comparison_test.dart: Golden Comparison Tests Golden: transforms matches browser render               77:13 +3438 ~2 -9: /Users/denisnadey/apps/flutter_full_svg_support/test/golden_comparison/golden_comparison_test.dart: Golden Comparison Tests Golden: transforms matches browser render               77:14 +3438 ~2 -9: /Users/denisnadey/apps/flutter_full_svg_support/test/golden_comparison/golden_comparison_test.dart: Golden Comparison Tests Golden: transforms matches browser render               77:15 +3438 ~2 -9: /Users/denisnadey/apps/flutter_full_svg_support/test/golden_comparison/golden_comparison_test.dart: Golden Comparison Tests Golden: transforms matches browser render               77:16 +3438 ~2 -9: /Users/denisnadey/apps/flutter_full_svg_support/test/golden_comparison/golden_comparison_test.dart: Golden Comparison Tests Golden: transforms matches browser render               77:17 +3438 ~2 -9: /Users/denisnadey/apps/flutter_full_svg_support/test/golden_comparison/golden_comparison_test.dart: Golden Comparison Tests Golden: transforms matches browser render               77:18 +3438 ~2 -9: /Users/denisnadey/apps/flutter_full_svg_support/test/golden_comparison/golden_comparison_test.dart: Golden Comparison Tests Golden: transforms matches browser render               77:19 +3438 ~2 -9: /Users/denisnadey/apps/flutter_full_svg_support/test/golden_comparison/golden_comparison_test.dart: Golden Comparison Tests Golden: transforms matches browser render               77:20 +3438 ~2 -9: /Users/denisnadey/apps/flutter_full_svg_support/test/golden_comparison/golden_comparison_test.dart: Golden Comparison Tests Golden: transforms matches browser render               77:21 +3438 ~2 -9: /Users/denisnadey/apps/flutter_full_svg_support/test/golden_comparison/golden_comparison_test.dart: Golden Comparison Tests Golden: transforms matches browser render               77:22 +3438 ~2 -9: /Users/denisnadey/apps/flutter_full_svg_support/test/golden_comparison/golden_comparison_test.dart: Golden Comparison Tests Golden: transforms matches browser render               77:23 +3438 ~2 -9: /Users/denisnadey/apps/flutter_full_svg_support/test/golden_comparison/golden_comparison_test.dart: Golden Comparison Tests Golden: transforms matches browser render               77:24 +3438 ~2 -9: /Users/denisnadey/apps/flutter_full_svg_support/test/golden_comparison/golden_comparison_test.dart: Golden Comparison Tests Golden: transforms matches browser render               77:25 +3438 ~2 -9: /Users/denisnadey/apps/flutter_full_svg_support/test/golden_comparison/golden_comparison_test.dart: Golden Comparison Tests Golden: transforms matches browser render               77:26 +3438 ~2 -9: /Users/denisnadey/apps/flutter_full_svg_support/test/golden_comparison/golden_comparison_test.dart: Golden Comparison Tests Golden: transforms matches browser render               77:27 +3438 ~2 -9: /Users/denisnadey/apps/flutter_full_svg_support/test/golden_comparison/golden_comparison_test.dart: Golden Comparison Tests Golden: transforms matches browser render               77:28 +3438 ~2 -9: /Users/denisnadey/apps/flutter_full_svg_support/test/golden_comparison/golden_comparison_test.dart: Golden Comparison Tests Golden: transforms matches browser render               77:29 +3438 ~2 -9: /Users/denisnadey/apps/flutter_full_svg_support/test/golden_comparison/golden_comparison_test.dart: Golden Comparison Tests Golden: transforms matches browser render               77:30 +3438 ~2 -9: /Users/denisnadey/apps/flutter_full_svg_support/test/golden_comparison/golden_comparison_test.dart: Golden Comparison Tests Golden: transforms matches browser render               77:31 +3438 ~2 -9: /Users/denisnadey/apps/flutter_full_svg_support/test/golden_comparison/golden_comparison_test.dart: Golden Comparison Tests Golden: transforms matches browser render               77:32 +3438 ~2 -9: /Users/denisnadey/apps/flutter_full_svg_support/test/golden_comparison/golden_comparison_test.dart: Golden Comparison Tests Golden: transforms matches browser render               77:33 +3438 ~2 -9: /Users/denisnadey/apps/flutter_full_svg_support/test/golden_comparison/golden_comparison_test.dart: Golden Comparison Tests Golden: transforms matches browser render               77:34 +3438 ~2 -9: /Users/denisnadey/apps/flutter_full_svg_support/test/golden_comparison/golden_comparison_test.dart: Golden Comparison Tests Golden: transforms matches browser render               77:35 +3438 ~2 -9: /Users/denisnadey/apps/flutter_full_svg_support/test/golden_comparison/golden_comparison_test.dart: Golden Comparison Tests Golden: transforms matches browser render               77:36 +3438 ~2 -9: /Users/denisnadey/apps/flutter_full_svg_support/test/golden_comparison/golden_comparison_test.dart: Golden Comparison Tests Golden: transforms matches browser render               77:37 +3438 ~2 -9: /Users/denisnadey/apps/flutter_full_svg_support/test/golden_comparison/golden_comparison_test.dart: Golden Comparison Tests Golden: transforms matches browser render               77:38 +3438 ~2 -9: /Users/denisnadey/apps/flutter_full_svg_support/test/golden_comparison/golden_comparison_test.dart: Golden Comparison Tests Golden: transforms matches browser render               77:39 +3438 ~2 -9: /Users/denisnadey/apps/flutter_full_svg_support/test/golden_comparison/golden_comparison_test.dart: Golden Comparison Tests Golden: transforms matches browser render               77:40 +3438 ~2 -9: /Users/denisnadey/apps/flutter_full_svg_support/test/golden_comparison/golden_comparison_test.dart: Golden Comparison Tests Golden: transforms matches browser render               77:41 +3438 ~2 -9: /Users/denisnadey/apps/flutter_full_svg_support/test/golden_comparison/golden_comparison_test.dart: Golden Comparison Tests Golden: transforms matches browser render               77:42 +3438 ~2 -9: /Users/denisnadey/apps/flutter_full_svg_support/test/golden_comparison/golden_comparison_test.dart: Golden Comparison Tests Golden: transforms matches browser render               77:43 +3438 ~2 -9: /Users/denisnadey/apps/flutter_full_svg_support/test/golden_comparison/golden_comparison_test.dart: Golden Comparison Tests Golden: transforms matches browser render               77:44 +3438 ~2 -9: /Users/denisnadey/apps/flutter_full_svg_support/test/golden_comparison/golden_comparison_test.dart: Golden Comparison Tests Golden: transforms matches browser render               77:45 +3438 ~2 -9: /Users/denisnadey/apps/flutter_full_svg_support/test/golden_comparison/golden_comparison_test.dart: Golden Comparison Tests Golden: transforms matches browser render               77:46 +3438 ~2 -9: /Users/denisnadey/apps/flutter_full_svg_support/test/golden_comparison/golden_comparison_test.dart: Golden Comparison Tests Golden: transforms matches browser render               77:47 +3438 ~2 -9: /Users/denisnadey/apps/flutter_full_svg_support/test/golden_comparison/golden_comparison_test.dart: Golden Comparison Tests Golden: transforms matches browser render               77:48 +3438 ~2 -9: /Users/denisnadey/apps/flutter_full_svg_support/test/golden_comparison/golden_comparison_test.dart: Golden Comparison Tests Golden: transforms matches browser render               77:49 +3438 ~2 -9: /Users/denisnadey/apps/flutter_full_svg_support/test/golden_comparison/golden_comparison_test.dart: Golden Comparison Tests Golden: transforms matches browser render               77:50 +3438 ~2 -9: /Users/denisnadey/apps/flutter_full_svg_support/test/golden_comparison/golden_comparison_test.dart: Golden Comparison Tests Golden: transforms matches browser render               77:51 +3438 ~2 -9: /Users/denisnadey/apps/flutter_full_svg_support/test/golden_comparison/golden_comparison_test.dart: Golden Comparison Tests Golden: transforms matches browser render               77:52 +3438 ~2 -9: /Users/denisnadey/apps/flutter_full_svg_support/test/golden_comparison/golden_comparison_test.dart: Golden Comparison Tests Golden: transforms matches browser render               77:53 +3438 ~2 -9: /Users/denisnadey/apps/flutter_full_svg_support/test/golden_comparison/golden_comparison_test.dart: Golden Comparison Tests Golden: transforms matches browser render               77:54 +3438 ~2 -9: /Users/denisnadey/apps/flutter_full_svg_support/test/golden_comparison/golden_comparison_test.dart: Golden Comparison Tests Golden: transforms matches browser render               77:55 +3438 ~2 -9: /Users/denisnadey/apps/flutter_full_svg_support/test/golden_comparison/golden_comparison_test.dart: Golden Comparison Tests Golden: transforms matches browser render               77:56 +3438 ~2 -9: /Users/denisnadey/apps/flutter_full_svg_support/test/golden_comparison/golden_comparison_test.dart: Golden Comparison Tests Golden: transforms matches browser render               77:57 +3438 ~2 -9: /Users/denisnadey/apps/flutter_full_svg_support/test/golden_comparison/golden_comparison_test.dart: Golden Comparison Tests Golden: transforms matches browser render               77:58 +3438 ~2 -9: /Users/denisnadey/apps/flutter_full_svg_support/test/golden_comparison/golden_comparison_test.dart: Golden Comparison Tests Golden: transforms matches browser render               77:59 +3438 ~2 -9: /Users/denisnadey/apps/flutter_full_svg_support/test/golden_comparison/golden_comparison_test.dart: Golden Comparison Tests Golden: transforms matches browser render               78:00 +3438 ~2 -9: /Users/denisnadey/apps/flutter_full_svg_support/test/golden_comparison/golden_comparison_test.dart: Golden Comparison Tests Golden: transforms matches browser render               78:01 +3438 ~2 -9: /Users/denisnadey/apps/flutter_full_svg_support/test/golden_comparison/golden_comparison_test.dart: Golden Comparison Tests Golden: transforms matches browser render               78:02 +3438 ~2 -9: /Users/denisnadey/apps/flutter_full_svg_support/test/golden_comparison/golden_comparison_test.dart: Golden Comparison Tests Golden: transforms matches browser render               78:03 +3438 ~2 -9: /Users/denisnadey/apps/flutter_full_svg_support/test/golden_comparison/golden_comparison_test.dart: Golden Comparison Tests Golden: transforms matches browser render               78:04 +3438 ~2 -9: /Users/denisnadey/apps/flutter_full_svg_support/test/golden_comparison/golden_comparison_test.dart: Golden Comparison Tests Golden: transforms matches browser render               78:05 +3438 ~2 -9: /Users/denisnadey/apps/flutter_full_svg_support/test/golden_comparison/golden_comparison_test.dart: Golden Comparison Tests Golden: transforms matches browser render               78:06 +3438 ~2 -9: /Users/denisnadey/apps/flutter_full_svg_support/test/golden_comparison/golden_comparison_test.dart: Golden Comparison Tests Golden: transforms matches browser render               78:07 +3438 ~2 -9: /Users/denisnadey/apps/flutter_full_svg_support/test/golden_comparison/golden_comparison_test.dart: Golden Comparison Tests Golden: transforms matches browser render               78:08 +3438 ~2 -9: /Users/denisnadey/apps/flutter_full_svg_support/test/golden_comparison/golden_comparison_test.dart: Golden Comparison Tests Golden: transforms matches browser render               78:09 +3438 ~2 -9: /Users/denisnadey/apps/flutter_full_svg_support/test/golden_comparison/golden_comparison_test.dart: Golden Comparison Tests Golden: transforms matches browser render               78:10 +3438 ~2 -9: /Users/denisnadey/apps/flutter_full_svg_support/test/golden_comparison/golden_comparison_test.dart: Golden Comparison Tests Golden: transforms matches browser render               78:11 +3438 ~2 -9: /Users/denisnadey/apps/flutter_full_svg_support/test/golden_comparison/golden_comparison_test.dart: Golden Comparison Tests Golden: transforms matches browser render               78:12 +3438 ~2 -9: /Users/denisnadey/apps/flutter_full_svg_support/test/golden_comparison/golden_comparison_test.dart: Golden Comparison Tests Golden: transforms matches browser render               78:13 +3438 ~2 -9: /Users/denisnadey/apps/flutter_full_svg_support/test/golden_comparison/golden_comparison_test.dart: Golden Comparison Tests Golden: transforms matches browser render               78:14 +3438 ~2 -9: /Users/denisnadey/apps/flutter_full_svg_support/test/golden_comparison/golden_comparison_test.dart: Golden Comparison Tests Golden: transforms matches browser render               78:15 +3438 ~2 -9: /Users/denisnadey/apps/flutter_full_svg_support/test/golden_comparison/golden_comparison_test.dart: Golden Comparison Tests Golden: transforms matches browser render               78:16 +3438 ~2 -9: /Users/denisnadey/apps/flutter_full_svg_support/test/golden_comparison/golden_comparison_test.dart: Golden Comparison Tests Golden: transforms matches browser render               78:17 +3438 ~2 -9: /Users/denisnadey/apps/flutter_full_svg_support/test/golden_comparison/golden_comparison_test.dart: Golden Comparison Tests Golden: transforms matches browser render               78:18 +3438 ~2 -9: /Users/denisnadey/apps/flutter_full_svg_support/test/golden_comparison/golden_comparison_test.dart: Golden Comparison Tests Golden: transforms matches browser render               78:19 +3438 ~2 -9: /Users/denisnadey/apps/flutter_full_svg_support/test/golden_comparison/golden_comparison_test.dart: Golden Comparison Tests Golden: transforms matches browser render               78:20 +3438 ~2 -9: /Users/denisnadey/apps/flutter_full_svg_support/test/golden_comparison/golden_comparison_test.dart: Golden Comparison Tests Golden: transforms matches browser render               78:21 +3438 ~2 -9: /Users/denisnadey/apps/flutter_full_svg_support/test/golden_comparison/golden_comparison_test.dart: Golden Comparison Tests Golden: transforms matches browser render               78:22 +3438 ~2 -9: /Users/denisnadey/apps/flutter_full_svg_support/test/golden_comparison/golden_comparison_test.dart: Golden Comparison Tests Golden: transforms matches browser render               78:23 +3438 ~2 -9: /Users/denisnadey/apps/flutter_full_svg_support/test/golden_comparison/golden_comparison_test.dart: Golden Comparison Tests Golden: transforms matches browser render               78:24 +3438 ~2 -9: /Users/denisnadey/apps/flutter_full_svg_support/test/golden_comparison/golden_comparison_test.dart: Golden Comparison Tests Golden: transforms matches browser render               78:25 +3438 ~2 -9: /Users/denisnadey/apps/flutter_full_svg_support/test/golden_comparison/golden_comparison_test.dart: Golden Comparison Tests Golden: transforms matches browser render               78:26 +3438 ~2 -9: /Users/denisnadey/apps/flutter_full_svg_support/test/golden_comparison/golden_comparison_test.dart: Golden Comparison Tests Golden: transforms matches browser render               78:27 +3438 ~2 -9: /Users/denisnadey/apps/flutter_full_svg_support/test/golden_comparison/golden_comparison_test.dart: Golden Comparison Tests Golden: transforms matches browser render               78:28 +3438 ~2 -9: /Users/denisnadey/apps/flutter_full_svg_support/test/golden_comparison/golden_comparison_test.dart: Golden Comparison Tests Golden: transforms matches browser render               78:29 +3438 ~2 -9: /Users/denisnadey/apps/flutter_full_svg_support/test/golden_comparison/golden_comparison_test.dart: Golden Comparison Tests Golden: transforms matches browser render               78:30 +3438 ~2 -9: /Users/denisnadey/apps/flutter_full_svg_support/test/golden_comparison/golden_comparison_test.dart: Golden Comparison Tests Golden: transforms matches browser render               78:31 +3438 ~2 -9: /Users/denisnadey/apps/flutter_full_svg_support/test/golden_comparison/golden_comparison_test.dart: Golden Comparison Tests Golden: transforms matches browser render               78:32 +3438 ~2 -9: /Users/denisnadey/apps/flutter_full_svg_support/test/golden_comparison/golden_comparison_test.dart: Golden Comparison Tests Golden: transforms matches browser render               78:33 +3438 ~2 -9: /Users/denisnadey/apps/flutter_full_svg_support/test/golden_comparison/golden_comparison_test.dart: Golden Comparison Tests Golden: transforms matches browser render               78:34 +3438 ~2 -9: /Users/denisnadey/apps/flutter_full_svg_support/test/golden_comparison/golden_comparison_test.dart: Golden Comparison Tests Golden: transforms matches browser render               78:35 +3438 ~2 -9: /Users/denisnadey/apps/flutter_full_svg_support/test/golden_comparison/golden_comparison_test.dart: Golden Comparison Tests Golden: transforms matches browser render               78:36 +3438 ~2 -9: /Users/denisnadey/apps/flutter_full_svg_support/test/golden_comparison/golden_comparison_test.dart: Golden Comparison Tests Golden: transforms matches browser render               78:37 +3438 ~2 -9: /Users/denisnadey/apps/flutter_full_svg_support/test/golden_comparison/golden_comparison_test.dart: Golden Comparison Tests Golden: transforms matches browser render               78:38 +3438 ~2 -9: /Users/denisnadey/apps/flutter_full_svg_support/test/golden_comparison/golden_comparison_test.dart: Golden Comparison Tests Golden: transforms matches browser render               78:39 +3438 ~2 -9: /Users/denisnadey/apps/flutter_full_svg_support/test/golden_comparison/golden_comparison_test.dart: Golden Comparison Tests Golden: transforms matches browser render               78:40 +3438 ~2 -9: /Users/denisnadey/apps/flutter_full_svg_support/test/golden_comparison/golden_comparison_test.dart: Golden Comparison Tests Golden: transforms matches browser render               78:41 +3438 ~2 -9: /Users/denisnadey/apps/flutter_full_svg_support/test/golden_comparison/golden_comparison_test.dart: Golden Comparison Tests Golden: transforms matches browser render               78:42 +3438 ~2 -9: /Users/denisnadey/apps/flutter_full_svg_support/test/golden_comparison/golden_comparison_test.dart: Golden Comparison Tests Golden: transforms matches browser render               78:43 +3438 ~2 -9: /Users/denisnadey/apps/flutter_full_svg_support/test/golden_comparison/golden_comparison_test.dart: Golden Comparison Tests Golden: transforms matches browser render               78:44 +3438 ~2 -9: /Users/denisnadey/apps/flutter_full_svg_support/test/golden_comparison/golden_comparison_test.dart: Golden Comparison Tests Golden: transforms matches browser render               78:45 +3438 ~2 -9: /Users/denisnadey/apps/flutter_full_svg_support/test/golden_comparison/golden_comparison_test.dart: Golden Comparison Tests Golden: transforms matches browser render               78:46 +3438 ~2 -9: /Users/denisnadey/apps/flutter_full_svg_support/test/golden_comparison/golden_comparison_test.dart: Golden Comparison Tests Golden: transforms matches browser render               78:47 +3438 ~2 -9: /Users/denisnadey/apps/flutter_full_svg_support/test/golden_comparison/golden_comparison_test.dart: Golden Comparison Tests Golden: transforms matches browser render               78:48 +3438 ~2 -9: /Users/denisnadey/apps/flutter_full_svg_support/test/golden_comparison/golden_comparison_test.dart: Golden Comparison Tests Golden: transforms matches browser render               78:49 +3438 ~2 -9: /Users/denisnadey/apps/flutter_full_svg_support/test/golden_comparison/golden_comparison_test.dart: Golden Comparison Tests Golden: transforms matches browser render               78:50 +3438 ~2 -9: /Users/denisnadey/apps/flutter_full_svg_support/test/golden_comparison/golden_comparison_test.dart: Golden Comparison Tests Golden: transforms matches browser render               78:51 +3438 ~2 -9: /Users/denisnadey/apps/flutter_full_svg_support/test/golden_comparison/golden_comparison_test.dart: Golden Comparison Tests Golden: transforms matches browser render               78:52 +3438 ~2 -9: /Users/denisnadey/apps/flutter_full_svg_support/test/golden_comparison/golden_comparison_test.dart: Golden Comparison Tests Golden: transforms matches browser render               78:53 +3438 ~2 -9: /Users/denisnadey/apps/flutter_full_svg_support/test/golden_comparison/golden_comparison_test.dart: Golden Comparison Tests Golden: transforms matches browser render               78:54 +3438 ~2 -9: /Users/denisnadey/apps/flutter_full_svg_support/test/golden_comparison/golden_comparison_test.dart: Golden Comparison Tests Golden: transforms matches browser render               78:55 +3438 ~2 -9: /Users/denisnadey/apps/flutter_full_svg_support/test/golden_comparison/golden_comparison_test.dart: Golden Comparison Tests Golden: transforms matches browser render               78:56 +3438 ~2 -9: /Users/denisnadey/apps/flutter_full_svg_support/test/golden_comparison/golden_comparison_test.dart: Golden Comparison Tests Golden: transforms matches browser render               78:57 +3438 ~2 -9: /Users/denisnadey/apps/flutter_full_svg_support/test/golden_comparison/golden_comparison_test.dart: Golden Comparison Tests Golden: transforms matches browser render               78:58 +3438 ~2 -9: /Users/denisnadey/apps/flutter_full_svg_support/test/golden_comparison/golden_comparison_test.dart: Golden Comparison Tests Golden: transforms matches browser render               78:59 +3438 ~2 -9: /Users/denisnadey/apps/flutter_full_svg_support/test/golden_comparison/golden_comparison_test.dart: Golden Comparison Tests Golden: transforms matches browser render               79:00 +3438 ~2 -9: /Users/denisnadey/apps/flutter_full_svg_support/test/golden_comparison/golden_comparison_test.dart: Golden Comparison Tests Golden: transforms matches browser render               79:01 +3438 ~2 -9: /Users/denisnadey/apps/flutter_full_svg_support/test/golden_comparison/golden_comparison_test.dart: Golden Comparison Tests Golden: transforms matches browser render               79:02 +3438 ~2 -9: /Users/denisnadey/apps/flutter_full_svg_support/test/golden_comparison/golden_comparison_test.dart: Golden Comparison Tests Golden: transforms matches browser render               79:03 +3438 ~2 -9: /Users/denisnadey/apps/flutter_full_svg_support/test/golden_comparison/golden_comparison_test.dart: Golden Comparison Tests Golden: transforms matches browser render               79:04 +3438 ~2 -9: /Users/denisnadey/apps/flutter_full_svg_support/test/golden_comparison/golden_comparison_test.dart: Golden Comparison Tests Golden: transforms matches browser render               79:05 +3438 ~2 -9: /Users/denisnadey/apps/flutter_full_svg_support/test/golden_comparison/golden_comparison_test.dart: Golden Comparison Tests Golden: transforms matches browser render               79:06 +3438 ~2 -9: /Users/denisnadey/apps/flutter_full_svg_support/test/golden_comparison/golden_comparison_test.dart: Golden Comparison Tests Golden: transforms matches browser render               79:07 +3438 ~2 -9: /Users/denisnadey/apps/flutter_full_svg_support/test/golden_comparison/golden_comparison_test.dart: Golden Comparison Tests Golden: transforms matches browser render               79:08 +3438 ~2 -9: /Users/denisnadey/apps/flutter_full_svg_support/test/golden_comparison/golden_comparison_test.dart: Golden Comparison Tests Golden: transforms matches browser render               79:09 +3438 ~2 -9: /Users/denisnadey/apps/flutter_full_svg_support/test/golden_comparison/golden_comparison_test.dart: Golden Comparison Tests Golden: transforms matches browser render               79:10 +3438 ~2 -9: /Users/denisnadey/apps/flutter_full_svg_support/test/golden_comparison/golden_comparison_test.dart: Golden Comparison Tests Golden: transforms matches browser render               79:11 +3438 ~2 -9: /Users/denisnadey/apps/flutter_full_svg_support/test/golden_comparison/golden_comparison_test.dart: Golden Comparison Tests Golden: transforms matches browser render               79:12 +3438 ~2 -9: /Users/denisnadey/apps/flutter_full_svg_support/test/golden_comparison/golden_comparison_test.dart: Golden Comparison Tests Golden: transforms matches browser render               79:13 +3438 ~2 -9: /Users/denisnadey/apps/flutter_full_svg_support/test/golden_comparison/golden_comparison_test.dart: Golden Comparison Tests Golden: transforms matches browser render               79:14 +3438 ~2 -9: /Users/denisnadey/apps/flutter_full_svg_support/test/golden_comparison/golden_comparison_test.dart: Golden Comparison Tests Golden: transforms matches browser render               79:15 +3438 ~2 -9: /Users/denisnadey/apps/flutter_full_svg_support/test/golden_comparison/golden_comparison_test.dart: Golden Comparison Tests Golden: transforms matches browser render               79:16 +3438 ~2 -9: /Users/denisnadey/apps/flutter_full_svg_support/test/golden_comparison/golden_comparison_test.dart: Golden Comparison Tests Golden: transforms matches browser render               79:17 +3438 ~2 -9: /Users/denisnadey/apps/flutter_full_svg_support/test/golden_comparison/golden_comparison_test.dart: Golden Comparison Tests Golden: transforms matches browser render               79:18 +3438 ~2 -9: /Users/denisnadey/apps/flutter_full_svg_support/test/golden_comparison/golden_comparison_test.dart: Golden Comparison Tests Golden: transforms matches browser render               79:19 +3438 ~2 -9: /Users/denisnadey/apps/flutter_full_svg_support/test/golden_comparison/golden_comparison_test.dart: Golden Comparison Tests Golden: transforms matches browser render               79:20 +3438 ~2 -9: /Users/denisnadey/apps/flutter_full_svg_support/test/golden_comparison/golden_comparison_test.dart: Golden Comparison Tests Golden: transforms matches browser render               79:21 +3438 ~2 -9: /Users/denisnadey/apps/flutter_full_svg_support/test/golden_comparison/golden_comparison_test.dart: Golden Comparison Tests Golden: transforms matches browser render               79:22 +3438 ~2 -9: /Users/denisnadey/apps/flutter_full_svg_support/test/golden_comparison/golden_comparison_test.dart: Golden Comparison Tests Golden: transforms matches browser render               79:23 +3438 ~2 -9: /Users/denisnadey/apps/flutter_full_svg_support/test/golden_comparison/golden_comparison_test.dart: Golden Comparison Tests Golden: transforms matches browser render               79:24 +3438 ~2 -9: /Users/denisnadey/apps/flutter_full_svg_support/test/golden_comparison/golden_comparison_test.dart: Golden Comparison Tests Golden: transforms matches browser render               79:25 +3438 ~2 -9: /Users/denisnadey/apps/flutter_full_svg_support/test/golden_comparison/golden_comparison_test.dart: Golden Comparison Tests Golden: transforms matches browser render               79:26 +3438 ~2 -9: /Users/denisnadey/apps/flutter_full_svg_support/test/golden_comparison/golden_comparison_test.dart: Golden Comparison Tests Golden: transforms matches browser render               79:27 +3438 ~2 -9: /Users/denisnadey/apps/flutter_full_svg_support/test/golden_comparison/golden_comparison_test.dart: Golden Comparison Tests Golden: transforms matches browser render               79:28 +3438 ~2 -9: /Users/denisnadey/apps/flutter_full_svg_support/test/golden_comparison/golden_comparison_test.dart: Golden Comparison Tests Golden: transforms matches browser render               79:29 +3438 ~2 -9: /Users/denisnadey/apps/flutter_full_svg_support/test/golden_comparison/golden_comparison_test.dart: Golden Comparison Tests Golden: transforms matches browser render               79:30 +3438 ~2 -9: /Users/denisnadey/apps/flutter_full_svg_support/test/golden_comparison/golden_comparison_test.dart: Golden Comparison Tests Golden: transforms matches browser render               79:31 +3438 ~2 -9: /Users/denisnadey/apps/flutter_full_svg_support/test/golden_comparison/golden_comparison_test.dart: Golden Comparison Tests Golden: transforms matches browser render               79:32 +3438 ~2 -9: /Users/denisnadey/apps/flutter_full_svg_support/test/golden_comparison/golden_comparison_test.dart: Golden Comparison Tests Golden: transforms matches browser render               79:33 +3438 ~2 -9: /Users/denisnadey/apps/flutter_full_svg_support/test/golden_comparison/golden_comparison_test.dart: Golden Comparison Tests Golden: transforms matches browser render               79:34 +3438 ~2 -9: /Users/denisnadey/apps/flutter_full_svg_support/test/golden_comparison/golden_comparison_test.dart: Golden Comparison Tests Golden: transforms matches browser render               79:35 +3438 ~2 -9: /Users/denisnadey/apps/flutter_full_svg_support/test/golden_comparison/golden_comparison_test.dart: Golden Comparison Tests Golden: transforms matches browser render               79:36 +3438 ~2 -9: /Users/denisnadey/apps/flutter_full_svg_support/test/golden_comparison/golden_comparison_test.dart: Golden Comparison Tests Golden: transforms matches browser render               79:37 +3438 ~2 -9: /Users/denisnadey/apps/flutter_full_svg_support/test/golden_comparison/golden_comparison_test.dart: Golden Comparison Tests Golden: transforms matches browser render               79:38 +3438 ~2 -9: /Users/denisnadey/apps/flutter_full_svg_support/test/golden_comparison/golden_comparison_test.dart: Golden Comparison Tests Golden: transforms matches browser render               79:39 +3438 ~2 -9: /Users/denisnadey/apps/flutter_full_svg_support/test/golden_comparison/golden_comparison_test.dart: Golden Comparison Tests Golden: transforms matches browser render               79:40 +3438 ~2 -9: /Users/denisnadey/apps/flutter_full_svg_support/test/golden_comparison/golden_comparison_test.dart: Golden Comparison Tests Golden: transforms matches browser render               79:41 +3438 ~2 -9: /Users/denisnadey/apps/flutter_full_svg_support/test/golden_comparison/golden_comparison_test.dart: Golden Comparison Tests Golden: transforms matches browser render               79:42 +3438 ~2 -9: /Users/denisnadey/apps/flutter_full_svg_support/test/golden_comparison/golden_comparison_test.dart: Golden Comparison Tests Golden: transforms matches browser render               79:43 +3438 ~2 -9: /Users/denisnadey/apps/flutter_full_svg_support/test/golden_comparison/golden_comparison_test.dart: Golden Comparison Tests Golden: transforms matches browser render               79:44 +3438 ~2 -9: /Users/denisnadey/apps/flutter_full_svg_support/test/golden_comparison/golden_comparison_test.dart: Golden Comparison Tests Golden: transforms matches browser render               79:45 +3438 ~2 -9: /Users/denisnadey/apps/flutter_full_svg_support/test/golden_comparison/golden_comparison_test.dart: Golden Comparison Tests Golden: transforms matches browser render               79:46 +3438 ~2 -9: /Users/denisnadey/apps/flutter_full_svg_support/test/golden_comparison/golden_comparison_test.dart: Golden Comparison Tests Golden: transforms matches browser render               79:47 +3438 ~2 -9: /Users/denisnadey/apps/flutter_full_svg_support/test/golden_comparison/golden_comparison_test.dart: Golden Comparison Tests Golden: transforms matches browser render               79:48 +3438 ~2 -9: /Users/denisnadey/apps/flutter_full_svg_support/test/golden_comparison/golden_comparison_test.dart: Golden Comparison Tests Golden: transforms matches browser render               79:49 +3438 ~2 -9: /Users/denisnadey/apps/flutter_full_svg_support/test/golden_comparison/golden_comparison_test.dart: Golden Comparison Tests Golden: transforms matches browser render               79:50 +3438 ~2 -9: /Users/denisnadey/apps/flutter_full_svg_support/test/golden_comparison/golden_comparison_test.dart: Golden Comparison Tests Golden: transforms matches browser render               79:51 +3438 ~2 -9: /Users/denisnadey/apps/flutter_full_svg_support/test/golden_comparison/golden_comparison_test.dart: Golden Comparison Tests Golden: transforms matches browser render               79:52 +3438 ~2 -9: /Users/denisnadey/apps/flutter_full_svg_support/test/golden_comparison/golden_comparison_test.dart: Golden Comparison Tests Golden: transforms matches browser render               79:53 +3438 ~2 -9: /Users/denisnadey/apps/flutter_full_svg_support/test/golden_comparison/golden_comparison_test.dart: Golden Comparison Tests Golden: transforms matches browser render               79:54 +3438 ~2 -9: /Users/denisnadey/apps/flutter_full_svg_support/test/golden_comparison/golden_comparison_test.dart: Golden Comparison Tests Golden: transforms matches browser render               79:55 +3438 ~2 -9: /Users/denisnadey/apps/flutter_full_svg_support/test/golden_comparison/golden_comparison_test.dart: Golden Comparison Tests Golden: transforms matches browser render               79:56 +3438 ~2 -9: /Users/denisnadey/apps/flutter_full_svg_support/test/golden_comparison/golden_comparison_test.dart: Golden Comparison Tests Golden: transforms matches browser render               79:57 +3438 ~2 -9: /Users/denisnadey/apps/flutter_full_svg_support/test/golden_comparison/golden_comparison_test.dart: Golden Comparison Tests Golden: transforms matches browser render               79:58 +3438 ~2 -9: /Users/denisnadey/apps/flutter_full_svg_support/test/golden_comparison/golden_comparison_test.dart: Golden Comparison Tests Golden: transforms matches browser render               79:59 +3438 ~2 -9: /Users/denisnadey/apps/flutter_full_svg_support/test/golden_comparison/golden_comparison_test.dart: Golden Comparison Tests Golden: transforms matches browser render               80:00 +3438 ~2 -9: /Users/denisnadey/apps/flutter_full_svg_support/test/golden_comparison/golden_comparison_test.dart: Golden Comparison Tests Golden: transforms matches browser render               80:01 +3438 ~2 -9: /Users/denisnadey/apps/flutter_full_svg_support/test/golden_comparison/golden_comparison_test.dart: Golden Comparison Tests Golden: transforms matches browser render               80:02 +3438 ~2 -9: /Users/denisnadey/apps/flutter_full_svg_support/test/golden_comparison/golden_comparison_test.dart: Golden Comparison Tests Golden: transforms matches browser render               80:03 +3438 ~2 -9: /Users/denisnadey/apps/flutter_full_svg_support/test/golden_comparison/golden_comparison_test.dart: Golden Comparison Tests Golden: transforms matches browser render               80:04 +3438 ~2 -9: /Users/denisnadey/apps/flutter_full_svg_support/test/golden_comparison/golden_comparison_test.dart: Golden Comparison Tests Golden: transforms matches browser render               80:05 +3438 ~2 -9: /Users/denisnadey/apps/flutter_full_svg_support/test/golden_comparison/golden_comparison_test.dart: Golden Comparison Tests Golden: transforms matches browser render               80:06 +3438 ~2 -9: /Users/denisnadey/apps/flutter_full_svg_support/test/golden_comparison/golden_comparison_test.dart: Golden Comparison Tests Golden: transforms matches browser render               80:07 +3438 ~2 -9: /Users/denisnadey/apps/flutter_full_svg_support/test/golden_comparison/golden_comparison_test.dart: Golden Comparison Tests Golden: transforms matches browser render               80:08 +3438 ~2 -9: /Users/denisnadey/apps/flutter_full_svg_support/test/golden_comparison/golden_comparison_test.dart: Golden Comparison Tests Golden: transforms matches browser render               80:09 +3438 ~2 -9: /Users/denisnadey/apps/flutter_full_svg_support/test/golden_comparison/golden_comparison_test.dart: Golden Comparison Tests Golden: transforms matches browser render               80:10 +3438 ~2 -9: /Users/denisnadey/apps/flutter_full_svg_support/test/golden_comparison/golden_comparison_test.dart: Golden Comparison Tests Golden: transforms matches browser render               80:11 +3438 ~2 -9: /Users/denisnadey/apps/flutter_full_svg_support/test/golden_comparison/golden_comparison_test.dart: Golden Comparison Tests Golden: transforms matches browser render               80:12 +3438 ~2 -9: /Users/denisnadey/apps/flutter_full_svg_support/test/golden_comparison/golden_comparison_test.dart: Golden Comparison Tests Golden: transforms matches browser render               80:13 +3438 ~2 -9: /Users/denisnadey/apps/flutter_full_svg_support/test/golden_comparison/golden_comparison_test.dart: Golden Comparison Tests Golden: transforms matches browser render               80:14 +3438 ~2 -9: /Users/denisnadey/apps/flutter_full_svg_support/test/golden_comparison/golden_comparison_test.dart: Golden Comparison Tests Golden: transforms matches browser render               80:15 +3438 ~2 -9: /Users/denisnadey/apps/flutter_full_svg_support/test/golden_comparison/golden_comparison_test.dart: Golden Comparison Tests Golden: transforms matches browser render               80:16 +3438 ~2 -9: /Users/denisnadey/apps/flutter_full_svg_support/test/golden_comparison/golden_comparison_test.dart: Golden Comparison Tests Golden: transforms matches browser render               80:17 +3438 ~2 -9: /Users/denisnadey/apps/flutter_full_svg_support/test/golden_comparison/golden_comparison_test.dart: Golden Comparison Tests Golden: transforms matches browser render               80:18 +3438 ~2 -9: /Users/denisnadey/apps/flutter_full_svg_support/test/golden_comparison/golden_comparison_test.dart: Golden Comparison Tests Golden: transforms matches browser render               80:19 +3438 ~2 -9: /Users/denisnadey/apps/flutter_full_svg_support/test/golden_comparison/golden_comparison_test.dart: Golden Comparison Tests Golden: transforms matches browser render               80:20 +3438 ~2 -9: /Users/denisnadey/apps/flutter_full_svg_support/test/golden_comparison/golden_comparison_test.dart: Golden Comparison Tests Golden: transforms matches browser render               80:21 +3438 ~2 -9: /Users/denisnadey/apps/flutter_full_svg_support/test/golden_comparison/golden_comparison_test.dart: Golden Comparison Tests Golden: transforms matches browser render               80:22 +3438 ~2 -9: /Users/denisnadey/apps/flutter_full_svg_support/test/golden_comparison/golden_comparison_test.dart: Golden Comparison Tests Golden: transforms matches browser render               80:23 +3438 ~2 -9: /Users/denisnadey/apps/flutter_full_svg_support/test/golden_comparison/golden_comparison_test.dart: Golden Comparison Tests Golden: transforms matches browser render               80:24 +3438 ~2 -9: /Users/denisnadey/apps/flutter_full_svg_support/test/golden_comparison/golden_comparison_test.dart: Golden Comparison Tests Golden: transforms matches browser render               80:25 +3438 ~2 -9: /Users/denisnadey/apps/flutter_full_svg_support/test/golden_comparison/golden_comparison_test.dart: Golden Comparison Tests Golden: transforms matches browser render               80:26 +3438 ~2 -9: /Users/denisnadey/apps/flutter_full_svg_support/test/golden_comparison/golden_comparison_test.dart: Golden Comparison Tests Golden: transforms matches browser render               80:27 +3438 ~2 -9: /Users/denisnadey/apps/flutter_full_svg_support/test/golden_comparison/golden_comparison_test.dart: Golden Comparison Tests Golden: transforms matches browser render               80:28 +3438 ~2 -9: /Users/denisnadey/apps/flutter_full_svg_support/test/golden_comparison/golden_comparison_test.dart: Golden Comparison Tests Golden: transforms matches browser render               80:29 +3438 ~2 -9: /Users/denisnadey/apps/flutter_full_svg_support/test/golden_comparison/golden_comparison_test.dart: Golden Comparison Tests Golden: transforms matches browser render               80:30 +3438 ~2 -9: /Users/denisnadey/apps/flutter_full_svg_support/test/golden_comparison/golden_comparison_test.dart: Golden Comparison Tests Golden: transforms matches browser render               80:31 +3438 ~2 -9: /Users/denisnadey/apps/flutter_full_svg_support/test/golden_comparison/golden_comparison_test.dart: Golden Comparison Tests Golden: transforms matches browser render               80:32 +3438 ~2 -9: /Users/denisnadey/apps/flutter_full_svg_support/test/golden_comparison/golden_comparison_test.dart: Golden Comparison Tests Golden: transforms matches browser render               80:33 +3438 ~2 -9: /Users/denisnadey/apps/flutter_full_svg_support/test/golden_comparison/golden_comparison_test.dart: Golden Comparison Tests Golden: transforms matches browser render               80:34 +3438 ~2 -9: /Users/denisnadey/apps/flutter_full_svg_support/test/golden_comparison/golden_comparison_test.dart: Golden Comparison Tests Golden: transforms matches browser render               80:35 +3438 ~2 -9: /Users/denisnadey/apps/flutter_full_svg_support/test/golden_comparison/golden_comparison_test.dart: Golden Comparison Tests Golden: transforms matches browser render               80:36 +3438 ~2 -9: /Users/denisnadey/apps/flutter_full_svg_support/test/golden_comparison/golden_comparison_test.dart: Golden Comparison Tests Golden: transforms matches browser render               80:37 +3438 ~2 -9: /Users/denisnadey/apps/flutter_full_svg_support/test/golden_comparison/golden_comparison_test.dart: Golden Comparison Tests Golden: transforms matches browser render               80:38 +3438 ~2 -9: /Users/denisnadey/apps/flutter_full_svg_support/test/golden_comparison/golden_comparison_test.dart: Golden Comparison Tests Golden: transforms matches browser render               80:39 +3438 ~2 -9: /Users/denisnadey/apps/flutter_full_svg_support/test/golden_comparison/golden_comparison_test.dart: Golden Comparison Tests Golden: transforms matches browser render               80:40 +3438 ~2 -9: /Users/denisnadey/apps/flutter_full_svg_support/test/golden_comparison/golden_comparison_test.dart: Golden Comparison Tests Golden: transforms matches browser render               80:41 +3438 ~2 -9: /Users/denisnadey/apps/flutter_full_svg_support/test/golden_comparison/golden_comparison_test.dart: Golden Comparison Tests Golden: transforms matches browser render               80:42 +3438 ~2 -9: /Users/denisnadey/apps/flutter_full_svg_support/test/golden_comparison/golden_comparison_test.dart: Golden Comparison Tests Golden: transforms matches browser render               80:43 +3438 ~2 -9: /Users/denisnadey/apps/flutter_full_svg_support/test/golden_comparison/golden_comparison_test.dart: Golden Comparison Tests Golden: transforms matches browser render               80:44 +3438 ~2 -9: /Users/denisnadey/apps/flutter_full_svg_support/test/golden_comparison/golden_comparison_test.dart: Golden Comparison Tests Golden: transforms matches browser render               80:45 +3438 ~2 -9: /Users/denisnadey/apps/flutter_full_svg_support/test/golden_comparison/golden_comparison_test.dart: Golden Comparison Tests Golden: transforms matches browser render               80:46 +3438 ~2 -9: /Users/denisnadey/apps/flutter_full_svg_support/test/golden_comparison/golden_comparison_test.dart: Golden Comparison Tests Golden: transforms matches browser render               80:47 +3438 ~2 -9: /Users/denisnadey/apps/flutter_full_svg_support/test/golden_comparison/golden_comparison_test.dart: Golden Comparison Tests Golden: transforms matches browser render               80:48 +3438 ~2 -9: /Users/denisnadey/apps/flutter_full_svg_support/test/golden_comparison/golden_comparison_test.dart: Golden Comparison Tests Golden: transforms matches browser render               80:49 +3438 ~2 -9: /Users/denisnadey/apps/flutter_full_svg_support/test/golden_comparison/golden_comparison_test.dart: Golden Comparison Tests Golden: transforms matches browser render               80:50 +3438 ~2 -9: /Users/denisnadey/apps/flutter_full_svg_support/test/golden_comparison/golden_comparison_test.dart: Golden Comparison Tests Golden: transforms matches browser render               80:51 +3438 ~2 -9: /Users/denisnadey/apps/flutter_full_svg_support/test/golden_comparison/golden_comparison_test.dart: Golden Comparison Tests Golden: transforms matches browser render               80:52 +3438 ~2 -9: /Users/denisnadey/apps/flutter_full_svg_support/test/golden_comparison/golden_comparison_test.dart: Golden Comparison Tests Golden: transforms matches browser render               80:53 +3438 ~2 -9: /Users/denisnadey/apps/flutter_full_svg_support/test/golden_comparison/golden_comparison_test.dart: Golden Comparison Tests Golden: transforms matches browser render               80:54 +3438 ~2 -9: /Users/denisnadey/apps/flutter_full_svg_support/test/golden_comparison/golden_comparison_test.dart: Golden Comparison Tests Golden: transforms matches browser render               80:55 +3438 ~2 -9: /Users/denisnadey/apps/flutter_full_svg_support/test/golden_comparison/golden_comparison_test.dart: Golden Comparison Tests Golden: transforms matches browser render               80:56 +3438 ~2 -9: /Users/denisnadey/apps/flutter_full_svg_support/test/golden_comparison/golden_comparison_test.dart: Golden Comparison Tests Golden: transforms matches browser render               80:57 +3438 ~2 -9: /Users/denisnadey/apps/flutter_full_svg_support/test/golden_comparison/golden_comparison_test.dart: Golden Comparison Tests Golden: transforms matches browser render               80:58 +3438 ~2 -9: /Users/denisnadey/apps/flutter_full_svg_support/test/golden_comparison/golden_comparison_test.dart: Golden Comparison Tests Golden: transforms matches browser render               80:59 +3438 ~2 -9: /Users/denisnadey/apps/flutter_full_svg_support/test/golden_comparison/golden_comparison_test.dart: Golden Comparison Tests Golden: transforms matches browser render               81:00 +3438 ~2 -9: /Users/denisnadey/apps/flutter_full_svg_support/test/golden_comparison/golden_comparison_test.dart: Golden Comparison Tests Golden: transforms matches browser render               81:01 +3438 ~2 -9: /Users/denisnadey/apps/flutter_full_svg_support/test/golden_comparison/golden_comparison_test.dart: Golden Comparison Tests Golden: transforms matches browser render               81:02 +3438 ~2 -9: /Users/denisnadey/apps/flutter_full_svg_support/test/golden_comparison/golden_comparison_test.dart: Golden Comparison Tests Golden: transforms matches browser render               81:03 +3438 ~2 -9: /Users/denisnadey/apps/flutter_full_svg_support/test/golden_comparison/golden_comparison_test.dart: Golden Comparison Tests Golden: transforms matches browser render               81:04 +3438 ~2 -9: /Users/denisnadey/apps/flutter_full_svg_support/test/golden_comparison/golden_comparison_test.dart: Golden Comparison Tests Golden: transforms matches browser render               81:05 +3438 ~2 -9: /Users/denisnadey/apps/flutter_full_svg_support/test/golden_comparison/golden_comparison_test.dart: Golden Comparison Tests Golden: transforms matches browser render               81:06 +3438 ~2 -9: /Users/denisnadey/apps/flutter_full_svg_support/test/golden_comparison/golden_comparison_test.dart: Golden Comparison Tests Golden: transforms matches browser render               81:07 +3438 ~2 -9: /Users/denisnadey/apps/flutter_full_svg_support/test/golden_comparison/golden_comparison_test.dart: Golden Comparison Tests Golden: transforms matches browser render               81:08 +3438 ~2 -9: /Users/denisnadey/apps/flutter_full_svg_support/test/golden_comparison/golden_comparison_test.dart: Golden Comparison Tests Golden: transforms matches browser render               81:09 +3438 ~2 -9: /Users/denisnadey/apps/flutter_full_svg_support/test/golden_comparison/golden_comparison_test.dart: Golden Comparison Tests Golden: transforms matches browser render               81:10 +3438 ~2 -9: /Users/denisnadey/apps/flutter_full_svg_support/test/golden_comparison/golden_comparison_test.dart: Golden Comparison Tests Golden: transforms matches browser render               81:11 +3438 ~2 -9: /Users/denisnadey/apps/flutter_full_svg_support/test/golden_comparison/golden_comparison_test.dart: Golden Comparison Tests Golden: transforms matches browser render               81:12 +3438 ~2 -9: /Users/denisnadey/apps/flutter_full_svg_support/test/golden_comparison/golden_comparison_test.dart: Golden Comparison Tests Golden: transforms matches browser render               81:13 +3438 ~2 -9: /Users/denisnadey/apps/flutter_full_svg_support/test/golden_comparison/golden_comparison_test.dart: Golden Comparison Tests Golden: transforms matches browser render               81:14 +3438 ~2 -9: /Users/denisnadey/apps/flutter_full_svg_support/test/golden_comparison/golden_comparison_test.dart: Golden Comparison Tests Golden: transforms matches browser render               81:15 +3438 ~2 -9: /Users/denisnadey/apps/flutter_full_svg_support/test/golden_comparison/golden_comparison_test.dart: Golden Comparison Tests Golden: transforms matches browser render               81:16 +3438 ~2 -9: /Users/denisnadey/apps/flutter_full_svg_support/test/golden_comparison/golden_comparison_test.dart: Golden Comparison Tests Golden: transforms matches browser render               81:17 +3438 ~2 -9: /Users/denisnadey/apps/flutter_full_svg_support/test/golden_comparison/golden_comparison_test.dart: Golden Comparison Tests Golden: transforms matches browser render               81:18 +3438 ~2 -9: /Users/denisnadey/apps/flutter_full_svg_support/test/golden_comparison/golden_comparison_test.dart: Golden Comparison Tests Golden: transforms matches browser render               81:19 +3438 ~2 -9: /Users/denisnadey/apps/flutter_full_svg_support/test/golden_comparison/golden_comparison_test.dart: Golden Comparison Tests Golden: transforms matches browser render               81:20 +3438 ~2 -9: /Users/denisnadey/apps/flutter_full_svg_support/test/golden_comparison/golden_comparison_test.dart: Golden Comparison Tests Golden: transforms matches browser render               81:21 +3438 ~2 -9: /Users/denisnadey/apps/flutter_full_svg_support/test/golden_comparison/golden_comparison_test.dart: Golden Comparison Tests Golden: transforms matches browser render               81:22 +3438 ~2 -9: /Users/denisnadey/apps/flutter_full_svg_support/test/golden_comparison/golden_comparison_test.dart: Golden Comparison Tests Golden: transforms matches browser render               81:23 +3438 ~2 -9: /Users/denisnadey/apps/flutter_full_svg_support/test/golden_comparison/golden_comparison_test.dart: Golden Comparison Tests Golden: transforms matches browser render               81:24 +3438 ~2 -9: /Users/denisnadey/apps/flutter_full_svg_support/test/golden_comparison/golden_comparison_test.dart: Golden Comparison Tests Golden: transforms matches browser render               81:25 +3438 ~2 -9: /Users/denisnadey/apps/flutter_full_svg_support/test/golden_comparison/golden_comparison_test.dart: Golden Comparison Tests Golden: transforms matches browser render               81:26 +3438 ~2 -9: /Users/denisnadey/apps/flutter_full_svg_support/test/golden_comparison/golden_comparison_test.dart: Golden Comparison Tests Golden: transforms matches browser render               81:27 +3438 ~2 -9: /Users/denisnadey/apps/flutter_full_svg_support/test/golden_comparison/golden_comparison_test.dart: Golden Comparison Tests Golden: transforms matches browser render               81:28 +3438 ~2 -9: /Users/denisnadey/apps/flutter_full_svg_support/test/golden_comparison/golden_comparison_test.dart: Golden Comparison Tests Golden: transforms matches browser render               81:29 +3438 ~2 -9: /Users/denisnadey/apps/flutter_full_svg_support/test/golden_comparison/golden_comparison_test.dart: Golden Comparison Tests Golden: transforms matches browser render               81:30 +3438 ~2 -9: /Users/denisnadey/apps/flutter_full_svg_support/test/golden_comparison/golden_comparison_test.dart: Golden Comparison Tests Golden: transforms matches browser render               81:31 +3438 ~2 -9: /Users/denisnadey/apps/flutter_full_svg_support/test/golden_comparison/golden_comparison_test.dart: Golden Comparison Tests Golden: transforms matches browser render               81:32 +3438 ~2 -9: /Users/denisnadey/apps/flutter_full_svg_support/test/golden_comparison/golden_comparison_test.dart: Golden Comparison Tests Golden: transforms matches browser render               81:33 +3438 ~2 -9: /Users/denisnadey/apps/flutter_full_svg_support/test/golden_comparison/golden_comparison_test.dart: Golden Comparison Tests Golden: transforms matches browser render               81:34 +3438 ~2 -9: /Users/denisnadey/apps/flutter_full_svg_support/test/golden_comparison/golden_comparison_test.dart: Golden Comparison Tests Golden: transforms matches browser render               81:35 +3438 ~2 -9: /Users/denisnadey/apps/flutter_full_svg_support/test/golden_comparison/golden_comparison_test.dart: Golden Comparison Tests Golden: transforms matches browser render               81:36 +3438 ~2 -9: /Users/denisnadey/apps/flutter_full_svg_support/test/golden_comparison/golden_comparison_test.dart: Golden Comparison Tests Golden: transforms matches browser render               81:37 +3438 ~2 -9: /Users/denisnadey/apps/flutter_full_svg_support/test/golden_comparison/golden_comparison_test.dart: Golden Comparison Tests Golden: transforms matches browser render               81:38 +3438 ~2 -9: /Users/denisnadey/apps/flutter_full_svg_support/test/golden_comparison/golden_comparison_test.dart: Golden Comparison Tests Golden: transforms matches browser render               81:39 +3438 ~2 -9: /Users/denisnadey/apps/flutter_full_svg_support/test/golden_comparison/golden_comparison_test.dart: Golden Comparison Tests Golden: transforms matches browser render               81:40 +3438 ~2 -9: /Users/denisnadey/apps/flutter_full_svg_support/test/golden_comparison/golden_comparison_test.dart: Golden Comparison Tests Golden: transforms matches browser render               81:41 +3438 ~2 -9: /Users/denisnadey/apps/flutter_full_svg_support/test/golden_comparison/golden_comparison_test.dart: Golden Comparison Tests Golden: transforms matches browser render               81:42 +3438 ~2 -9: /Users/denisnadey/apps/flutter_full_svg_support/test/golden_comparison/golden_comparison_test.dart: Golden Comparison Tests Golden: transforms matches browser render               81:43 +3438 ~2 -9: /Users/denisnadey/apps/flutter_full_svg_support/test/golden_comparison/golden_comparison_test.dart: Golden Comparison Tests Golden: transforms matches browser render               81:44 +3438 ~2 -9: /Users/denisnadey/apps/flutter_full_svg_support/test/golden_comparison/golden_comparison_test.dart: Golden Comparison Tests Golden: transforms matches browser render               81:45 +3438 ~2 -9: /Users/denisnadey/apps/flutter_full_svg_support/test/golden_comparison/golden_comparison_test.dart: Golden Comparison Tests Golden: transforms matches browser render               81:46 +3438 ~2 -9: /Users/denisnadey/apps/flutter_full_svg_support/test/golden_comparison/golden_comparison_test.dart: Golden Comparison Tests Golden: transforms matches browser render               81:47 +3438 ~2 -9: /Users/denisnadey/apps/flutter_full_svg_support/test/golden_comparison/golden_comparison_test.dart: Golden Comparison Tests Golden: transforms matches browser render               81:48 +3438 ~2 -9: /Users/denisnadey/apps/flutter_full_svg_support/test/golden_comparison/golden_comparison_test.dart: Golden Comparison Tests Golden: transforms matches browser render               81:49 +3438 ~2 -9: /Users/denisnadey/apps/flutter_full_svg_support/test/golden_comparison/golden_comparison_test.dart: Golden Comparison Tests Golden: transforms matches browser render               81:50 +3438 ~2 -9: /Users/denisnadey/apps/flutter_full_svg_support/test/golden_comparison/golden_comparison_test.dart: Golden Comparison Tests Golden: transforms matches browser render               81:51 +3438 ~2 -9: /Users/denisnadey/apps/flutter_full_svg_support/test/golden_comparison/golden_comparison_test.dart: Golden Comparison Tests Golden: transforms matches browser render               81:52 +3438 ~2 -9: /Users/denisnadey/apps/flutter_full_svg_support/test/golden_comparison/golden_comparison_test.dart: Golden Comparison Tests Golden: transforms matches browser render               81:53 +3438 ~2 -9: /Users/denisnadey/apps/flutter_full_svg_support/test/golden_comparison/golden_comparison_test.dart: Golden Comparison Tests Golden: transforms matches browser render               81:54 +3438 ~2 -9: /Users/denisnadey/apps/flutter_full_svg_support/test/golden_comparison/golden_comparison_test.dart: Golden Comparison Tests Golden: transforms matches browser render               81:55 +3438 ~2 -9: /Users/denisnadey/apps/flutter_full_svg_support/test/golden_comparison/golden_comparison_test.dart: Golden Comparison Tests Golden: transforms matches browser render               81:56 +3438 ~2 -9: /Users/denisnadey/apps/flutter_full_svg_support/test/golden_comparison/golden_comparison_test.dart: Golden Comparison Tests Golden: transforms matches browser render               81:57 +3438 ~2 -9: /Users/denisnadey/apps/flutter_full_svg_support/test/golden_comparison/golden_comparison_test.dart: Golden Comparison Tests Golden: transforms matches browser render               81:58 +3438 ~2 -9: /Users/denisnadey/apps/flutter_full_svg_support/test/golden_comparison/golden_comparison_test.dart: Golden Comparison Tests Golden: transforms matches browser render               81:59 +3438 ~2 -9: /Users/denisnadey/apps/flutter_full_svg_support/test/golden_comparison/golden_comparison_test.dart: Golden Comparison Tests Golden: transforms matches browser render               82:00 +3438 ~2 -9: /Users/denisnadey/apps/flutter_full_svg_support/test/golden_comparison/golden_comparison_test.dart: Golden Comparison Tests Golden: transforms matches browser render               82:01 +3438 ~2 -9: /Users/denisnadey/apps/flutter_full_svg_support/test/golden_comparison/golden_comparison_test.dart: Golden Comparison Tests Golden: transforms matches browser render               82:02 +3438 ~2 -9: /Users/denisnadey/apps/flutter_full_svg_support/test/golden_comparison/golden_comparison_test.dart: Golden Comparison Tests Golden: transforms matches browser render               82:03 +3438 ~2 -9: /Users/denisnadey/apps/flutter_full_svg_support/test/golden_comparison/golden_comparison_test.dart: Golden Comparison Tests Golden: transforms matches browser render               82:04 +3438 ~2 -9: /Users/denisnadey/apps/flutter_full_svg_support/test/golden_comparison/golden_comparison_test.dart: Golden Comparison Tests Golden: transforms matches browser render               82:05 +3438 ~2 -9: /Users/denisnadey/apps/flutter_full_svg_support/test/golden_comparison/golden_comparison_test.dart: Golden Comparison Tests Golden: transforms matches browser render               82:06 +3438 ~2 -9: /Users/denisnadey/apps/flutter_full_svg_support/test/golden_comparison/golden_comparison_test.dart: Golden Comparison Tests Golden: transforms matches browser render               82:07 +3438 ~2 -9: /Users/denisnadey/apps/flutter_full_svg_support/test/golden_comparison/golden_comparison_test.dart: Golden Comparison Tests Golden: transforms matches browser render               82:08 +3438 ~2 -9: /Users/denisnadey/apps/flutter_full_svg_support/test/golden_comparison/golden_comparison_test.dart: Golden Comparison Tests Golden: transforms matches browser render               82:09 +3438 ~2 -9: /Users/denisnadey/apps/flutter_full_svg_support/test/golden_comparison/golden_comparison_test.dart: Golden Comparison Tests Golden: transforms matches browser render               82:10 +3438 ~2 -9: /Users/denisnadey/apps/flutter_full_svg_support/test/golden_comparison/golden_comparison_test.dart: Golden Comparison Tests Golden: transforms matches browser render               82:11 +3438 ~2 -9: /Users/denisnadey/apps/flutter_full_svg_support/test/golden_comparison/golden_comparison_test.dart: Golden Comparison Tests Golden: transforms matches browser render               82:12 +3438 ~2 -9: /Users/denisnadey/apps/flutter_full_svg_support/test/golden_comparison/golden_comparison_test.dart: Golden Comparison Tests Golden: transforms matches browser render               82:13 +3438 ~2 -9: /Users/denisnadey/apps/flutter_full_svg_support/test/golden_comparison/golden_comparison_test.dart: Golden Comparison Tests Golden: transforms matches browser render               82:14 +3438 ~2 -9: /Users/denisnadey/apps/flutter_full_svg_support/test/golden_comparison/golden_comparison_test.dart: Golden Comparison Tests Golden: transforms matches browser render               82:15 +3438 ~2 -9: /Users/denisnadey/apps/flutter_full_svg_support/test/golden_comparison/golden_comparison_test.dart: Golden Comparison Tests Golden: transforms matches browser render               82:16 +3438 ~2 -9: /Users/denisnadey/apps/flutter_full_svg_support/test/golden_comparison/golden_comparison_test.dart: Golden Comparison Tests Golden: transforms matches browser render               82:17 +3438 ~2 -9: /Users/denisnadey/apps/flutter_full_svg_support/test/golden_comparison/golden_comparison_test.dart: Golden Comparison Tests Golden: transforms matches browser render               82:18 +3438 ~2 -9: /Users/denisnadey/apps/flutter_full_svg_support/test/golden_comparison/golden_comparison_test.dart: Golden Comparison Tests Golden: transforms matches browser render               82:19 +3438 ~2 -9: /Users/denisnadey/apps/flutter_full_svg_support/test/golden_comparison/golden_comparison_test.dart: Golden Comparison Tests Golden: transforms matches browser render               82:20 +3438 ~2 -9: /Users/denisnadey/apps/flutter_full_svg_support/test/golden_comparison/golden_comparison_test.dart: Golden Comparison Tests Golden: transforms matches browser render               82:21 +3438 ~2 -9: /Users/denisnadey/apps/flutter_full_svg_support/test/golden_comparison/golden_comparison_test.dart: Golden Comparison Tests Golden: transforms matches browser render               82:22 +3438 ~2 -9: /Users/denisnadey/apps/flutter_full_svg_support/test/golden_comparison/golden_comparison_test.dart: Golden Comparison Tests Golden: transforms matches browser render               82:23 +3438 ~2 -9: /Users/denisnadey/apps/flutter_full_svg_support/test/golden_comparison/golden_comparison_test.dart: Golden Comparison Tests Golden: transforms matches browser render               82:24 +3438 ~2 -9: /Users/denisnadey/apps/flutter_full_svg_support/test/golden_comparison/golden_comparison_test.dart: Golden Comparison Tests Golden: transforms matches browser render               82:25 +3438 ~2 -9: /Users/denisnadey/apps/flutter_full_svg_support/test/golden_comparison/golden_comparison_test.dart: Golden Comparison Tests Golden: transforms matches browser render               82:26 +3438 ~2 -9: /Users/denisnadey/apps/flutter_full_svg_support/test/golden_comparison/golden_comparison_test.dart: Golden Comparison Tests Golden: transforms matches browser render               82:27 +3438 ~2 -9: /Users/denisnadey/apps/flutter_full_svg_support/test/golden_comparison/golden_comparison_test.dart: Golden Comparison Tests Golden: transforms matches browser render               82:28 +3438 ~2 -9: /Users/denisnadey/apps/flutter_full_svg_support/test/golden_comparison/golden_comparison_test.dart: Golden Comparison Tests Golden: transforms matches browser render               82:29 +3438 ~2 -9: /Users/denisnadey/apps/flutter_full_svg_support/test/golden_comparison/golden_comparison_test.dart: Golden Comparison Tests Golden: transforms matches browser render               82:30 +3438 ~2 -9: /Users/denisnadey/apps/flutter_full_svg_support/test/golden_comparison/golden_comparison_test.dart: Golden Comparison Tests Golden: transforms matches browser render               82:31 +3438 ~2 -9: /Users/denisnadey/apps/flutter_full_svg_support/test/golden_comparison/golden_comparison_test.dart: Golden Comparison Tests Golden: transforms matches browser render               82:32 +3438 ~2 -9: /Users/denisnadey/apps/flutter_full_svg_support/test/golden_comparison/golden_comparison_test.dart: Golden Comparison Tests Golden: transforms matches browser render               82:33 +3438 ~2 -9: /Users/denisnadey/apps/flutter_full_svg_support/test/golden_comparison/golden_comparison_test.dart: Golden Comparison Tests Golden: transforms matches browser render               82:34 +3438 ~2 -9: /Users/denisnadey/apps/flutter_full_svg_support/test/golden_comparison/golden_comparison_test.dart: Golden Comparison Tests Golden: transforms matches browser render               82:35 +3438 ~2 -9: /Users/denisnadey/apps/flutter_full_svg_support/test/golden_comparison/golden_comparison_test.dart: Golden Comparison Tests Golden: transforms matches browser render               82:36 +3438 ~2 -9: /Users/denisnadey/apps/flutter_full_svg_support/test/golden_comparison/golden_comparison_test.dart: Golden Comparison Tests Golden: transforms matches browser render               82:37 +3438 ~2 -9: /Users/denisnadey/apps/flutter_full_svg_support/test/golden_comparison/golden_comparison_test.dart: Golden Comparison Tests Golden: transforms matches browser render               82:38 +3438 ~2 -9: /Users/denisnadey/apps/flutter_full_svg_support/test/golden_comparison/golden_comparison_test.dart: Golden Comparison Tests Golden: transforms matches browser render               82:39 +3438 ~2 -9: /Users/denisnadey/apps/flutter_full_svg_support/test/golden_comparison/golden_comparison_test.dart: Golden Comparison Tests Golden: transforms matches browser render               82:40 +3438 ~2 -9: /Users/denisnadey/apps/flutter_full_svg_support/test/golden_comparison/golden_comparison_test.dart: Golden Comparison Tests Golden: transforms matches browser render               82:41 +3438 ~2 -9: /Users/denisnadey/apps/flutter_full_svg_support/test/golden_comparison/golden_comparison_test.dart: Golden Comparison Tests Golden: transforms matches browser render               82:42 +3438 ~2 -9: /Users/denisnadey/apps/flutter_full_svg_support/test/golden_comparison/golden_comparison_test.dart: Golden Comparison Tests Golden: transforms matches browser render               82:43 +3438 ~2 -9: /Users/denisnadey/apps/flutter_full_svg_support/test/golden_comparison/golden_comparison_test.dart: Golden Comparison Tests Golden: transforms matches browser render               82:44 +3438 ~2 -9: /Users/denisnadey/apps/flutter_full_svg_support/test/golden_comparison/golden_comparison_test.dart: Golden Comparison Tests Golden: transforms matches browser render               82:45 +3438 ~2 -9: /Users/denisnadey/apps/flutter_full_svg_support/test/golden_comparison/golden_comparison_test.dart: Golden Comparison Tests Golden: transforms matches browser render               82:46 +3438 ~2 -9: /Users/denisnadey/apps/flutter_full_svg_support/test/golden_comparison/golden_comparison_test.dart: Golden Comparison Tests Golden: transforms matches browser render               82:47 +3438 ~2 -9: /Users/denisnadey/apps/flutter_full_svg_support/test/golden_comparison/golden_comparison_test.dart: Golden Comparison Tests Golden: transforms matches browser render               82:48 +3438 ~2 -9: /Users/denisnadey/apps/flutter_full_svg_support/test/golden_comparison/golden_comparison_test.dart: Golden Comparison Tests Golden: transforms matches browser render               82:49 +3438 ~2 -9: /Users/denisnadey/apps/flutter_full_svg_support/test/golden_comparison/golden_comparison_test.dart: Golden Comparison Tests Golden: transforms matches browser render               82:50 +3438 ~2 -9: /Users/denisnadey/apps/flutter_full_svg_support/test/golden_comparison/golden_comparison_test.dart: Golden Comparison Tests Golden: transforms matches browser render               82:51 +3438 ~2 -9: /Users/denisnadey/apps/flutter_full_svg_support/test/golden_comparison/golden_comparison_test.dart: Golden Comparison Tests Golden: transforms matches browser render               82:52 +3438 ~2 -9: /Users/denisnadey/apps/flutter_full_svg_support/test/golden_comparison/golden_comparison_test.dart: Golden Comparison Tests Golden: transforms matches browser render               82:53 +3438 ~2 -9: /Users/denisnadey/apps/flutter_full_svg_support/test/golden_comparison/golden_comparison_test.dart: Golden Comparison Tests Golden: transforms matches browser render               82:54 +3438 ~2 -9: /Users/denisnadey/apps/flutter_full_svg_support/test/golden_comparison/golden_comparison_test.dart: Golden Comparison Tests Golden: transforms matches browser render               82:55 +3438 ~2 -9: /Users/denisnadey/apps/flutter_full_svg_support/test/golden_comparison/golden_comparison_test.dart: Golden Comparison Tests Golden: transforms matches browser render               82:56 +3438 ~2 -9: /Users/denisnadey/apps/flutter_full_svg_support/test/golden_comparison/golden_comparison_test.dart: Golden Comparison Tests Golden: transforms matches browser render               82:57 +3438 ~2 -9: /Users/denisnadey/apps/flutter_full_svg_support/test/golden_comparison/golden_comparison_test.dart: Golden Comparison Tests Golden: transforms matches browser render               82:58 +3438 ~2 -9: /Users/denisnadey/apps/flutter_full_svg_support/test/golden_comparison/golden_comparison_test.dart: Golden Comparison Tests Golden: transforms matches browser render               82:59 +3438 ~2 -9: /Users/denisnadey/apps/flutter_full_svg_support/test/golden_comparison/golden_comparison_test.dart: Golden Comparison Tests Golden: transforms matches browser render               83:00 +3438 ~2 -9: /Users/denisnadey/apps/flutter_full_svg_support/test/golden_comparison/golden_comparison_test.dart: Golden Comparison Tests Golden: transforms matches browser render               83:01 +3438 ~2 -9: /Users/denisnadey/apps/flutter_full_svg_support/test/golden_comparison/golden_comparison_test.dart: Golden Comparison Tests Golden: transforms matches browser render               83:02 +3438 ~2 -9: /Users/denisnadey/apps/flutter_full_svg_support/test/golden_comparison/golden_comparison_test.dart: Golden Comparison Tests Golden: transforms matches browser render               83:03 +3438 ~2 -9: /Users/denisnadey/apps/flutter_full_svg_support/test/golden_comparison/golden_comparison_test.dart: Golden Comparison Tests Golden: transforms matches browser render               83:04 +3438 ~2 -9: /Users/denisnadey/apps/flutter_full_svg_support/test/golden_comparison/golden_comparison_test.dart: Golden Comparison Tests Golden: transforms matches browser render               83:05 +3438 ~2 -9: /Users/denisnadey/apps/flutter_full_svg_support/test/golden_comparison/golden_comparison_test.dart: Golden Comparison Tests Golden: transforms matches browser render               83:06 +3438 ~2 -9: /Users/denisnadey/apps/flutter_full_svg_support/test/golden_comparison/golden_comparison_test.dart: Golden Comparison Tests Golden: transforms matches browser render               83:07 +3438 ~2 -9: /Users/denisnadey/apps/flutter_full_svg_support/test/golden_comparison/golden_comparison_test.dart: Golden Comparison Tests Golden: transforms matches browser render               83:08 +3438 ~2 -9: /Users/denisnadey/apps/flutter_full_svg_support/test/golden_comparison/golden_comparison_test.dart: Golden Comparison Tests Golden: transforms matches browser render               83:09 +3438 ~2 -9: /Users/denisnadey/apps/flutter_full_svg_support/test/golden_comparison/golden_comparison_test.dart: Golden Comparison Tests Golden: transforms matches browser render               83:10 +3438 ~2 -9: /Users/denisnadey/apps/flutter_full_svg_support/test/golden_comparison/golden_comparison_test.dart: Golden Comparison Tests Golden: transforms matches browser render               83:11 +3438 ~2 -9: /Users/denisnadey/apps/flutter_full_svg_support/test/golden_comparison/golden_comparison_test.dart: Golden Comparison Tests Golden: transforms matches browser render               83:12 +3438 ~2 -9: /Users/denisnadey/apps/flutter_full_svg_support/test/golden_comparison/golden_comparison_test.dart: Golden Comparison Tests Golden: transforms matches browser render               83:13 +3438 ~2 -9: /Users/denisnadey/apps/flutter_full_svg_support/test/golden_comparison/golden_comparison_test.dart: Golden Comparison Tests Golden: transforms matches browser render               83:14 +3438 ~2 -9: /Users/denisnadey/apps/flutter_full_svg_support/test/golden_comparison/golden_comparison_test.dart: Golden Comparison Tests Golden: transforms matches browser render               83:15 +3438 ~2 -9: /Users/denisnadey/apps/flutter_full_svg_support/test/golden_comparison/golden_comparison_test.dart: Golden Comparison Tests Golden: transforms matches browser render               83:16 +3438 ~2 -9: /Users/denisnadey/apps/flutter_full_svg_support/test/golden_comparison/golden_comparison_test.dart: Golden Comparison Tests Golden: transforms matches browser render               83:17 +3438 ~2 -9: /Users/denisnadey/apps/flutter_full_svg_support/test/golden_comparison/golden_comparison_test.dart: Golden Comparison Tests Golden: transforms matches browser render               83:18 +3438 ~2 -9: /Users/denisnadey/apps/flutter_full_svg_support/test/golden_comparison/golden_comparison_test.dart: Golden Comparison Tests Golden: transforms matches browser render               83:19 +3438 ~2 -9: /Users/denisnadey/apps/flutter_full_svg_support/test/golden_comparison/golden_comparison_test.dart: Golden Comparison Tests Golden: transforms matches browser render               83:20 +3438 ~2 -9: /Users/denisnadey/apps/flutter_full_svg_support/test/golden_comparison/golden_comparison_test.dart: Golden Comparison Tests Golden: transforms matches browser render               83:21 +3438 ~2 -9: /Users/denisnadey/apps/flutter_full_svg_support/test/golden_comparison/golden_comparison_test.dart: Golden Comparison Tests Golden: transforms matches browser render               83:22 +3438 ~2 -9: /Users/denisnadey/apps/flutter_full_svg_support/test/golden_comparison/golden_comparison_test.dart: Golden Comparison Tests Golden: transforms matches browser render               83:23 +3438 ~2 -9: /Users/denisnadey/apps/flutter_full_svg_support/test/golden_comparison/golden_comparison_test.dart: Golden Comparison Tests Golden: transforms matches browser render               83:24 +3438 ~2 -9: /Users/denisnadey/apps/flutter_full_svg_support/test/golden_comparison/golden_comparison_test.dart: Golden Comparison Tests Golden: transforms matches browser render               83:25 +3438 ~2 -9: /Users/denisnadey/apps/flutter_full_svg_support/test/golden_comparison/golden_comparison_test.dart: Golden Comparison Tests Golden: transforms matches browser render               83:26 +3438 ~2 -9: /Users/denisnadey/apps/flutter_full_svg_support/test/golden_comparison/golden_comparison_test.dart: Golden Comparison Tests Golden: transforms matches browser render               83:27 +3438 ~2 -9: /Users/denisnadey/apps/flutter_full_svg_support/test/golden_comparison/golden_comparison_test.dart: Golden Comparison Tests Golden: transforms matches browser render               83:28 +3438 ~2 -9: /Users/denisnadey/apps/flutter_full_svg_support/test/golden_comparison/golden_comparison_test.dart: Golden Comparison Tests Golden: transforms matches browser render               83:29 +3438 ~2 -9: /Users/denisnadey/apps/flutter_full_svg_support/test/golden_comparison/golden_comparison_test.dart: Golden Comparison Tests Golden: transforms matches browser render               83:30 +3438 ~2 -9: /Users/denisnadey/apps/flutter_full_svg_support/test/golden_comparison/golden_comparison_test.dart: Golden Comparison Tests Golden: transforms matches browser render               83:31 +3438 ~2 -9: /Users/denisnadey/apps/flutter_full_svg_support/test/golden_comparison/golden_comparison_test.dart: Golden Comparison Tests Golden: transforms matches browser render               83:32 +3438 ~2 -9: /Users/denisnadey/apps/flutter_full_svg_support/test/golden_comparison/golden_comparison_test.dart: Golden Comparison Tests Golden: transforms matches browser render               83:33 +3438 ~2 -9: /Users/denisnadey/apps/flutter_full_svg_support/test/golden_comparison/golden_comparison_test.dart: Golden Comparison Tests Golden: transforms matches browser render               83:34 +3438 ~2 -9: /Users/denisnadey/apps/flutter_full_svg_support/test/golden_comparison/golden_comparison_test.dart: Golden Comparison Tests Golden: transforms matches browser render               83:35 +3438 ~2 -9: /Users/denisnadey/apps/flutter_full_svg_support/test/golden_comparison/golden_comparison_test.dart: Golden Comparison Tests Golden: transforms matches browser render               83:36 +3438 ~2 -9: /Users/denisnadey/apps/flutter_full_svg_support/test/golden_comparison/golden_comparison_test.dart: Golden Comparison Tests Golden: transforms matches browser render               83:37 +3438 ~2 -9: /Users/denisnadey/apps/flutter_full_svg_support/test/golden_comparison/golden_comparison_test.dart: Golden Comparison Tests Golden: transforms matches browser render               83:38 +3438 ~2 -9: /Users/denisnadey/apps/flutter_full_svg_support/test/golden_comparison/golden_comparison_test.dart: Golden Comparison Tests Golden: transforms matches browser render               83:39 +3438 ~2 -9: /Users/denisnadey/apps/flutter_full_svg_support/test/golden_comparison/golden_comparison_test.dart: Golden Comparison Tests Golden: transforms matches browser render               83:40 +3438 ~2 -9: /Users/denisnadey/apps/flutter_full_svg_support/test/golden_comparison/golden_comparison_test.dart: Golden Comparison Tests Golden: transforms matches browser render               83:41 +3438 ~2 -9: /Users/denisnadey/apps/flutter_full_svg_support/test/golden_comparison/golden_comparison_test.dart: Golden Comparison Tests Golden: transforms matches browser render               83:42 +3438 ~2 -9: /Users/denisnadey/apps/flutter_full_svg_support/test/golden_comparison/golden_comparison_test.dart: Golden Comparison Tests Golden: transforms matches browser render               83:43 +3438 ~2 -9: /Users/denisnadey/apps/flutter_full_svg_support/test/golden_comparison/golden_comparison_test.dart: Golden Comparison Tests Golden: transforms matches browser render               83:44 +3438 ~2 -9: /Users/denisnadey/apps/flutter_full_svg_support/test/golden_comparison/golden_comparison_test.dart: Golden Comparison Tests Golden: transforms matches browser render               83:45 +3438 ~2 -9: /Users/denisnadey/apps/flutter_full_svg_support/test/golden_comparison/golden_comparison_test.dart: Golden Comparison Tests Golden: transforms matches browser render               83:46 +3438 ~2 -9: /Users/denisnadey/apps/flutter_full_svg_support/test/golden_comparison/golden_comparison_test.dart: Golden Comparison Tests Golden: transforms matches browser render               83:47 +3438 ~2 -9: /Users/denisnadey/apps/flutter_full_svg_support/test/golden_comparison/golden_comparison_test.dart: Golden Comparison Tests Golden: transforms matches browser render               83:48 +3438 ~2 -9: /Users/denisnadey/apps/flutter_full_svg_support/test/golden_comparison/golden_comparison_test.dart: Golden Comparison Tests Golden: transforms matches browser render               83:49 +3438 ~2 -9: /Users/denisnadey/apps/flutter_full_svg_support/test/golden_comparison/golden_comparison_test.dart: Golden Comparison Tests Golden: transforms matches browser render               83:50 +3438 ~2 -9: /Users/denisnadey/apps/flutter_full_svg_support/test/golden_comparison/golden_comparison_test.dart: Golden Comparison Tests Golden: transforms matches browser render               83:51 +3438 ~2 -9: /Users/denisnadey/apps/flutter_full_svg_support/test/golden_comparison/golden_comparison_test.dart: Golden Comparison Tests Golden: transforms matches browser render               83:52 +3438 ~2 -9: /Users/denisnadey/apps/flutter_full_svg_support/test/golden_comparison/golden_comparison_test.dart: Golden Comparison Tests Golden: transforms matches browser render               83:53 +3438 ~2 -9: /Users/denisnadey/apps/flutter_full_svg_support/test/golden_comparison/golden_comparison_test.dart: Golden Comparison Tests Golden: transforms matches browser render               83:54 +3438 ~2 -9: /Users/denisnadey/apps/flutter_full_svg_support/test/golden_comparison/golden_comparison_test.dart: Golden Comparison Tests Golden: transforms matches browser render               83:55 +3438 ~2 -9: /Users/denisnadey/apps/flutter_full_svg_support/test/golden_comparison/golden_comparison_test.dart: Golden Comparison Tests Golden: transforms matches browser render               83:56 +3438 ~2 -9: /Users/denisnadey/apps/flutter_full_svg_support/test/golden_comparison/golden_comparison_test.dart: Golden Comparison Tests Golden: transforms matches browser render               83:57 +3438 ~2 -9: /Users/denisnadey/apps/flutter_full_svg_support/test/golden_comparison/golden_comparison_test.dart: Golden Comparison Tests Golden: transforms matches browser render               83:58 +3438 ~2 -9: /Users/denisnadey/apps/flutter_full_svg_support/test/golden_comparison/golden_comparison_test.dart: Golden Comparison Tests Golden: transforms matches browser render               83:59 +3438 ~2 -9: /Users/denisnadey/apps/flutter_full_svg_support/test/golden_comparison/golden_comparison_test.dart: Golden Comparison Tests Golden: transforms matches browser render               84:00 +3438 ~2 -9: /Users/denisnadey/apps/flutter_full_svg_support/test/golden_comparison/golden_comparison_test.dart: Golden Comparison Tests Golden: transforms matches browser render               84:01 +3438 ~2 -9: /Users/denisnadey/apps/flutter_full_svg_support/test/golden_comparison/golden_comparison_test.dart: Golden Comparison Tests Golden: transforms matches browser render               84:02 +3438 ~2 -9: /Users/denisnadey/apps/flutter_full_svg_support/test/golden_comparison/golden_comparison_test.dart: Golden Comparison Tests Golden: transforms matches browser render               84:03 +3438 ~2 -9: /Users/denisnadey/apps/flutter_full_svg_support/test/golden_comparison/golden_comparison_test.dart: Golden Comparison Tests Golden: transforms matches browser render               84:04 +3438 ~2 -9: /Users/denisnadey/apps/flutter_full_svg_support/test/golden_comparison/golden_comparison_test.dart: Golden Comparison Tests Golden: transforms matches browser render               84:05 +3438 ~2 -9: /Users/denisnadey/apps/flutter_full_svg_support/test/golden_comparison/golden_comparison_test.dart: Golden Comparison Tests Golden: transforms matches browser render               84:06 +3438 ~2 -9: /Users/denisnadey/apps/flutter_full_svg_support/test/golden_comparison/golden_comparison_test.dart: Golden Comparison Tests Golden: transforms matches browser render               84:07 +3438 ~2 -9: /Users/denisnadey/apps/flutter_full_svg_support/test/golden_comparison/golden_comparison_test.dart: Golden Comparison Tests Golden: transforms matches browser render               84:08 +3438 ~2 -9: /Users/denisnadey/apps/flutter_full_svg_support/test/golden_comparison/golden_comparison_test.dart: Golden Comparison Tests Golden: transforms matches browser render               84:09 +3438 ~2 -9: /Users/denisnadey/apps/flutter_full_svg_support/test/golden_comparison/golden_comparison_test.dart: Golden Comparison Tests Golden: transforms matches browser render               84:10 +3438 ~2 -9: /Users/denisnadey/apps/flutter_full_svg_support/test/golden_comparison/golden_comparison_test.dart: Golden Comparison Tests Golden: transforms matches browser render               84:11 +3438 ~2 -9: /Users/denisnadey/apps/flutter_full_svg_support/test/golden_comparison/golden_comparison_test.dart: Golden Comparison Tests Golden: transforms matches browser render               84:12 +3438 ~2 -9: /Users/denisnadey/apps/flutter_full_svg_support/test/golden_comparison/golden_comparison_test.dart: Golden Comparison Tests Golden: transforms matches browser render               84:13 +3438 ~2 -9: /Users/denisnadey/apps/flutter_full_svg_support/test/golden_comparison/golden_comparison_test.dart: Golden Comparison Tests Golden: transforms matches browser render               84:14 +3438 ~2 -9: /Users/denisnadey/apps/flutter_full_svg_support/test/golden_comparison/golden_comparison_test.dart: Golden Comparison Tests Golden: transforms matches browser render               84:15 +3438 ~2 -9: /Users/denisnadey/apps/flutter_full_svg_support/test/golden_comparison/golden_comparison_test.dart: Golden Comparison Tests Golden: transforms matches browser render               84:16 +3438 ~2 -9: /Users/denisnadey/apps/flutter_full_svg_support/test/golden_comparison/golden_comparison_test.dart: Golden Comparison Tests Golden: transforms matches browser render               84:17 +3438 ~2 -9: /Users/denisnadey/apps/flutter_full_svg_support/test/golden_comparison/golden_comparison_test.dart: Golden Comparison Tests Golden: transforms matches browser render               84:18 +3438 ~2 -9: /Users/denisnadey/apps/flutter_full_svg_support/test/golden_comparison/golden_comparison_test.dart: Golden Comparison Tests Golden: transforms matches browser render               84:19 +3438 ~2 -9: /Users/denisnadey/apps/flutter_full_svg_support/test/golden_comparison/golden_comparison_test.dart: Golden Comparison Tests Golden: transforms matches browser render               84:20 +3438 ~2 -9: /Users/denisnadey/apps/flutter_full_svg_support/test/golden_comparison/golden_comparison_test.dart: Golden Comparison Tests Golden: transforms matches browser render               84:21 +3438 ~2 -9: /Users/denisnadey/apps/flutter_full_svg_support/test/golden_comparison/golden_comparison_test.dart: Golden Comparison Tests Golden: transforms matches browser render               84:22 +3438 ~2 -9: /Users/denisnadey/apps/flutter_full_svg_support/test/golden_comparison/golden_comparison_test.dart: Golden Comparison Tests Golden: transforms matches browser render               84:23 +3438 ~2 -9: /Users/denisnadey/apps/flutter_full_svg_support/test/golden_comparison/golden_comparison_test.dart: Golden Comparison Tests Golden: transforms matches browser render               84:24 +3438 ~2 -9: /Users/denisnadey/apps/flutter_full_svg_support/test/golden_comparison/golden_comparison_test.dart: Golden Comparison Tests Golden: transforms matches browser render               84:25 +3438 ~2 -9: /Users/denisnadey/apps/flutter_full_svg_support/test/golden_comparison/golden_comparison_test.dart: Golden Comparison Tests Golden: transforms matches browser render               84:26 +3438 ~2 -9: /Users/denisnadey/apps/flutter_full_svg_support/test/golden_comparison/golden_comparison_test.dart: Golden Comparison Tests Golden: transforms matches browser render               84:27 +3438 ~2 -9: /Users/denisnadey/apps/flutter_full_svg_support/test/golden_comparison/golden_comparison_test.dart: Golden Comparison Tests Golden: transforms matches browser render               84:28 +3438 ~2 -9: /Users/denisnadey/apps/flutter_full_svg_support/test/golden_comparison/golden_comparison_test.dart: Golden Comparison Tests Golden: transforms matches browser render               84:29 +3438 ~2 -9: /Users/denisnadey/apps/flutter_full_svg_support/test/golden_comparison/golden_comparison_test.dart: Golden Comparison Tests Golden: transforms matches browser render               84:30 +3438 ~2 -9: /Users/denisnadey/apps/flutter_full_svg_support/test/golden_comparison/golden_comparison_test.dart: Golden Comparison Tests Golden: transforms matches browser render               84:31 +3438 ~2 -9: /Users/denisnadey/apps/flutter_full_svg_support/test/golden_comparison/golden_comparison_test.dart: Golden Comparison Tests Golden: transforms matches browser render               84:32 +3438 ~2 -9: /Users/denisnadey/apps/flutter_full_svg_support/test/golden_comparison/golden_comparison_test.dart: Golden Comparison Tests Golden: transforms matches browser render               84:33 +3438 ~2 -9: /Users/denisnadey/apps/flutter_full_svg_support/test/golden_comparison/golden_comparison_test.dart: Golden Comparison Tests Golden: transforms matches browser render               84:34 +3438 ~2 -9: /Users/denisnadey/apps/flutter_full_svg_support/test/golden_comparison/golden_comparison_test.dart: Golden Comparison Tests Golden: transforms matches browser render               84:35 +3438 ~2 -9: /Users/denisnadey/apps/flutter_full_svg_support/test/golden_comparison/golden_comparison_test.dart: Golden Comparison Tests Golden: transforms matches browser render               84:36 +3438 ~2 -9: /Users/denisnadey/apps/flutter_full_svg_support/test/golden_comparison/golden_comparison_test.dart: Golden Comparison Tests Golden: transforms matches browser render               84:37 +3438 ~2 -9: /Users/denisnadey/apps/flutter_full_svg_support/test/golden_comparison/golden_comparison_test.dart: Golden Comparison Tests Golden: transforms matches browser render               84:38 +3438 ~2 -9: /Users/denisnadey/apps/flutter_full_svg_support/test/golden_comparison/golden_comparison_test.dart: Golden Comparison Tests Golden: transforms matches browser render               84:39 +3438 ~2 -9: /Users/denisnadey/apps/flutter_full_svg_support/test/golden_comparison/golden_comparison_test.dart: Golden Comparison Tests Golden: transforms matches browser render               84:40 +3438 ~2 -9: /Users/denisnadey/apps/flutter_full_svg_support/test/golden_comparison/golden_comparison_test.dart: Golden Comparison Tests Golden: transforms matches browser render               84:41 +3438 ~2 -9: /Users/denisnadey/apps/flutter_full_svg_support/test/golden_comparison/golden_comparison_test.dart: Golden Comparison Tests Golden: transforms matches browser render               84:42 +3438 ~2 -9: /Users/denisnadey/apps/flutter_full_svg_support/test/golden_comparison/golden_comparison_test.dart: Golden Comparison Tests Golden: transforms matches browser render               84:43 +3438 ~2 -9: /Users/denisnadey/apps/flutter_full_svg_support/test/golden_comparison/golden_comparison_test.dart: Golden Comparison Tests Golden: transforms matches browser render               84:44 +3438 ~2 -9: /Users/denisnadey/apps/flutter_full_svg_support/test/golden_comparison/golden_comparison_test.dart: Golden Comparison Tests Golden: transforms matches browser render               84:45 +3438 ~2 -9: /Users/denisnadey/apps/flutter_full_svg_support/test/golden_comparison/golden_comparison_test.dart: Golden Comparison Tests Golden: transforms matches browser render               84:46 +3438 ~2 -9: /Users/denisnadey/apps/flutter_full_svg_support/test/golden_comparison/golden_comparison_test.dart: Golden Comparison Tests Golden: transforms matches browser render               84:47 +3438 ~2 -9: /Users/denisnadey/apps/flutter_full_svg_support/test/golden_comparison/golden_comparison_test.dart: Golden Comparison Tests Golden: transforms matches browser render               84:48 +3438 ~2 -9: /Users/denisnadey/apps/flutter_full_svg_support/test/golden_comparison/golden_comparison_test.dart: Golden Comparison Tests Golden: transforms matches browser render               84:49 +3438 ~2 -9: /Users/denisnadey/apps/flutter_full_svg_support/test/golden_comparison/golden_comparison_test.dart: Golden Comparison Tests Golden: transforms matches browser render               84:50 +3438 ~2 -9: /Users/denisnadey/apps/flutter_full_svg_support/test/golden_comparison/golden_comparison_test.dart: Golden Comparison Tests Golden: transforms matches browser render               84:51 +3438 ~2 -9: /Users/denisnadey/apps/flutter_full_svg_support/test/golden_comparison/golden_comparison_test.dart: Golden Comparison Tests Golden: transforms matches browser render               84:52 +3438 ~2 -9: /Users/denisnadey/apps/flutter_full_svg_support/test/golden_comparison/golden_comparison_test.dart: Golden Comparison Tests Golden: transforms matches browser render               84:53 +3438 ~2 -9: /Users/denisnadey/apps/flutter_full_svg_support/test/golden_comparison/golden_comparison_test.dart: Golden Comparison Tests Golden: transforms matches browser render               84:54 +3438 ~2 -9: /Users/denisnadey/apps/flutter_full_svg_support/test/golden_comparison/golden_comparison_test.dart: Golden Comparison Tests Golden: transforms matches browser render               84:55 +3438 ~2 -9: /Users/denisnadey/apps/flutter_full_svg_support/test/golden_comparison/golden_comparison_test.dart: Golden Comparison Tests Golden: transforms matches browser render               84:56 +3438 ~2 -9: /Users/denisnadey/apps/flutter_full_svg_support/test/golden_comparison/golden_comparison_test.dart: Golden Comparison Tests Golden: transforms matches browser render               84:57 +3438 ~2 -9: /Users/denisnadey/apps/flutter_full_svg_support/test/golden_comparison/golden_comparison_test.dart: Golden Comparison Tests Golden: transforms matches browser render               84:58 +3438 ~2 -9: /Users/denisnadey/apps/flutter_full_svg_support/test/golden_comparison/golden_comparison_test.dart: Golden Comparison Tests Golden: transforms matches browser render               84:59 +3438 ~2 -9: /Users/denisnadey/apps/flutter_full_svg_support/test/golden_comparison/golden_comparison_test.dart: Golden Comparison Tests Golden: transforms matches browser render               85:00 +3438 ~2 -9: /Users/denisnadey/apps/flutter_full_svg_support/test/golden_comparison/golden_comparison_test.dart: Golden Comparison Tests Golden: transforms matches browser render               85:01 +3438 ~2 -9: /Users/denisnadey/apps/flutter_full_svg_support/test/golden_comparison/golden_comparison_test.dart: Golden Comparison Tests Golden: transforms matches browser render               85:02 +3438 ~2 -9: /Users/denisnadey/apps/flutter_full_svg_support/test/golden_comparison/golden_comparison_test.dart: Golden Comparison Tests Golden: transforms matches browser render               85:03 +3438 ~2 -9: /Users/denisnadey/apps/flutter_full_svg_support/test/golden_comparison/golden_comparison_test.dart: Golden Comparison Tests Golden: transforms matches browser render               85:04 +3438 ~2 -9: /Users/denisnadey/apps/flutter_full_svg_support/test/golden_comparison/golden_comparison_test.dart: Golden Comparison Tests Golden: transforms matches browser render               85:05 +3438 ~2 -9: /Users/denisnadey/apps/flutter_full_svg_support/test/golden_comparison/golden_comparison_test.dart: Golden Comparison Tests Golden: transforms matches browser render               85:06 +3438 ~2 -9: /Users/denisnadey/apps/flutter_full_svg_support/test/golden_comparison/golden_comparison_test.dart: Golden Comparison Tests Golden: transforms matches browser render               85:07 +3438 ~2 -9: /Users/denisnadey/apps/flutter_full_svg_support/test/golden_comparison/golden_comparison_test.dart: Golden Comparison Tests Golden: transforms matches browser render               85:08 +3438 ~2 -9: /Users/denisnadey/apps/flutter_full_svg_support/test/golden_comparison/golden_comparison_test.dart: Golden Comparison Tests Golden: transforms matches browser render               85:09 +3438 ~2 -9: /Users/denisnadey/apps/flutter_full_svg_support/test/golden_comparison/golden_comparison_test.dart: Golden Comparison Tests Golden: transforms matches browser render               85:10 +3438 ~2 -9: /Users/denisnadey/apps/flutter_full_svg_support/test/golden_comparison/golden_comparison_test.dart: Golden Comparison Tests Golden: transforms matches browser render               85:11 +3438 ~2 -9: /Users/denisnadey/apps/flutter_full_svg_support/test/golden_comparison/golden_comparison_test.dart: Golden Comparison Tests Golden: transforms matches browser render               85:12 +3438 ~2 -9: /Users/denisnadey/apps/flutter_full_svg_support/test/golden_comparison/golden_comparison_test.dart: Golden Comparison Tests Golden: transforms matches browser render               85:13 +3438 ~2 -9: /Users/denisnadey/apps/flutter_full_svg_support/test/golden_comparison/golden_comparison_test.dart: Golden Comparison Tests Golden: transforms matches browser render               85:14 +3438 ~2 -9: /Users/denisnadey/apps/flutter_full_svg_support/test/golden_comparison/golden_comparison_test.dart: Golden Comparison Tests Golden: transforms matches browser render               85:15 +3438 ~2 -9: /Users/denisnadey/apps/flutter_full_svg_support/test/golden_comparison/golden_comparison_test.dart: Golden Comparison Tests Golden: transforms matches browser render               85:16 +3438 ~2 -9: /Users/denisnadey/apps/flutter_full_svg_support/test/golden_comparison/golden_comparison_test.dart: Golden Comparison Tests Golden: transforms matches browser render               85:17 +3438 ~2 -9: /Users/denisnadey/apps/flutter_full_svg_support/test/golden_comparison/golden_comparison_test.dart: Golden Comparison Tests Golden: transforms matches browser render               85:18 +3438 ~2 -9: /Users/denisnadey/apps/flutter_full_svg_support/test/golden_comparison/golden_comparison_test.dart: Golden Comparison Tests Golden: transforms matches browser render               85:19 +3438 ~2 -9: /Users/denisnadey/apps/flutter_full_svg_support/test/golden_comparison/golden_comparison_test.dart: Golden Comparison Tests Golden: transforms matches browser render               85:20 +3438 ~2 -9: /Users/denisnadey/apps/flutter_full_svg_support/test/golden_comparison/golden_comparison_test.dart: Golden Comparison Tests Golden: transforms matches browser render               85:21 +3438 ~2 -9: /Users/denisnadey/apps/flutter_full_svg_support/test/golden_comparison/golden_comparison_test.dart: Golden Comparison Tests Golden: transforms matches browser render               85:22 +3438 ~2 -9: /Users/denisnadey/apps/flutter_full_svg_support/test/golden_comparison/golden_comparison_test.dart: Golden Comparison Tests Golden: transforms matches browser render               85:23 +3438 ~2 -9: /Users/denisnadey/apps/flutter_full_svg_support/test/golden_comparison/golden_comparison_test.dart: Golden Comparison Tests Golden: transforms matches browser render               85:24 +3438 ~2 -9: /Users/denisnadey/apps/flutter_full_svg_support/test/golden_comparison/golden_comparison_test.dart: Golden Comparison Tests Golden: transforms matches browser render               85:25 +3438 ~2 -9: /Users/denisnadey/apps/flutter_full_svg_support/test/golden_comparison/golden_comparison_test.dart: Golden Comparison Tests Golden: transforms matches browser render               85:26 +3438 ~2 -9: /Users/denisnadey/apps/flutter_full_svg_support/test/golden_comparison/golden_comparison_test.dart: Golden Comparison Tests Golden: transforms matches browser render               85:27 +3438 ~2 -9: /Users/denisnadey/apps/flutter_full_svg_support/test/golden_comparison/golden_comparison_test.dart: Golden Comparison Tests Golden: transforms matches browser render               85:28 +3438 ~2 -9: /Users/denisnadey/apps/flutter_full_svg_support/test/golden_comparison/golden_comparison_test.dart: Golden Comparison Tests Golden: transforms matches browser render               85:29 +3438 ~2 -9: /Users/denisnadey/apps/flutter_full_svg_support/test/golden_comparison/golden_comparison_test.dart: Golden Comparison Tests Golden: transforms matches browser render               85:30 +3438 ~2 -9: /Users/denisnadey/apps/flutter_full_svg_support/test/golden_comparison/golden_comparison_test.dart: Golden Comparison Tests Golden: transforms matches browser render               85:31 +3438 ~2 -9: /Users/denisnadey/apps/flutter_full_svg_support/test/golden_comparison/golden_comparison_test.dart: Golden Comparison Tests Golden: transforms matches browser render               85:32 +3438 ~2 -9: /Users/denisnadey/apps/flutter_full_svg_support/test/golden_comparison/golden_comparison_test.dart: Golden Comparison Tests Golden: transforms matches browser render               85:33 +3438 ~2 -9: /Users/denisnadey/apps/flutter_full_svg_support/test/golden_comparison/golden_comparison_test.dart: Golden Comparison Tests Golden: transforms matches browser render               85:34 +3438 ~2 -9: /Users/denisnadey/apps/flutter_full_svg_support/test/golden_comparison/golden_comparison_test.dart: Golden Comparison Tests Golden: transforms matches browser render               85:35 +3438 ~2 -9: /Users/denisnadey/apps/flutter_full_svg_support/test/golden_comparison/golden_comparison_test.dart: Golden Comparison Tests Golden: transforms matches browser render               85:36 +3438 ~2 -9: /Users/denisnadey/apps/flutter_full_svg_support/test/golden_comparison/golden_comparison_test.dart: Golden Comparison Tests Golden: transforms matches browser render               85:37 +3438 ~2 -9: /Users/denisnadey/apps/flutter_full_svg_support/test/golden_comparison/golden_comparison_test.dart: Golden Comparison Tests Golden: transforms matches browser render               85:38 +3438 ~2 -9: /Users/denisnadey/apps/flutter_full_svg_support/test/golden_comparison/golden_comparison_test.dart: Golden Comparison Tests Golden: transforms matches browser render               85:39 +3438 ~2 -9: /Users/denisnadey/apps/flutter_full_svg_support/test/golden_comparison/golden_comparison_test.dart: Golden Comparison Tests Golden: transforms matches browser render               85:40 +3438 ~2 -9: /Users/denisnadey/apps/flutter_full_svg_support/test/golden_comparison/golden_comparison_test.dart: Golden Comparison Tests Golden: transforms matches browser render               85:41 +3438 ~2 -9: /Users/denisnadey/apps/flutter_full_svg_support/test/golden_comparison/golden_comparison_test.dart: Golden Comparison Tests Golden: transforms matches browser render               85:42 +3438 ~2 -9: /Users/denisnadey/apps/flutter_full_svg_support/test/golden_comparison/golden_comparison_test.dart: Golden Comparison Tests Golden: transforms matches browser render               85:43 +3438 ~2 -9: /Users/denisnadey/apps/flutter_full_svg_support/test/golden_comparison/golden_comparison_test.dart: Golden Comparison Tests Golden: transforms matches browser render               85:44 +3438 ~2 -9: /Users/denisnadey/apps/flutter_full_svg_support/test/golden_comparison/golden_comparison_test.dart: Golden Comparison Tests Golden: transforms matches browser render               85:45 +3438 ~2 -9: /Users/denisnadey/apps/flutter_full_svg_support/test/golden_comparison/golden_comparison_test.dart: Golden Comparison Tests Golden: transforms matches browser render               85:46 +3438 ~2 -9: /Users/denisnadey/apps/flutter_full_svg_support/test/golden_comparison/golden_comparison_test.dart: Golden Comparison Tests Golden: transforms matches browser render               85:47 +3438 ~2 -9: /Users/denisnadey/apps/flutter_full_svg_support/test/golden_comparison/golden_comparison_test.dart: Golden Comparison Tests Golden: transforms matches browser render               85:48 +3438 ~2 -9: /Users/denisnadey/apps/flutter_full_svg_support/test/golden_comparison/golden_comparison_test.dart: Golden Comparison Tests Golden: transforms matches browser render               85:49 +3438 ~2 -9: /Users/denisnadey/apps/flutter_full_svg_support/test/golden_comparison/golden_comparison_test.dart: Golden Comparison Tests Golden: transforms matches browser render               85:50 +3438 ~2 -9: /Users/denisnadey/apps/flutter_full_svg_support/test/golden_comparison/golden_comparison_test.dart: Golden Comparison Tests Golden: transforms matches browser render               85:51 +3438 ~2 -9: /Users/denisnadey/apps/flutter_full_svg_support/test/golden_comparison/golden_comparison_test.dart: Golden Comparison Tests Golden: transforms matches browser render               85:52 +3438 ~2 -9: /Users/denisnadey/apps/flutter_full_svg_support/test/golden_comparison/golden_comparison_test.dart: Golden Comparison Tests Golden: transforms matches browser render               85:53 +3438 ~2 -9: /Users/denisnadey/apps/flutter_full_svg_support/test/golden_comparison/golden_comparison_test.dart: Golden Comparison Tests Golden: transforms matches browser render               85:54 +3438 ~2 -9: /Users/denisnadey/apps/flutter_full_svg_support/test/golden_comparison/golden_comparison_test.dart: Golden Comparison Tests Golden: transforms matches browser render               85:55 +3438 ~2 -9: /Users/denisnadey/apps/flutter_full_svg_support/test/golden_comparison/golden_comparison_test.dart: Golden Comparison Tests Golden: transforms matches browser render               85:56 +3438 ~2 -9: /Users/denisnadey/apps/flutter_full_svg_support/test/golden_comparison/golden_comparison_test.dart: Golden Comparison Tests Golden: transforms matches browser render               85:57 +3438 ~2 -9: /Users/denisnadey/apps/flutter_full_svg_support/test/golden_comparison/golden_comparison_test.dart: Golden Comparison Tests Golden: transforms matches browser render               85:58 +3438 ~2 -9: /Users/denisnadey/apps/flutter_full_svg_support/test/golden_comparison/golden_comparison_test.dart: Golden Comparison Tests Golden: transforms matches browser render               85:59 +3438 ~2 -9: /Users/denisnadey/apps/flutter_full_svg_support/test/golden_comparison/golden_comparison_test.dart: Golden Comparison Tests Golden: transforms matches browser render               86:00 +3438 ~2 -9: /Users/denisnadey/apps/flutter_full_svg_support/test/golden_comparison/golden_comparison_test.dart: Golden Comparison Tests Golden: transforms matches browser render               86:01 +3438 ~2 -9: /Users/denisnadey/apps/flutter_full_svg_support/test/golden_comparison/golden_comparison_test.dart: Golden Comparison Tests Golden: transforms matches browser render               86:02 +3438 ~2 -9: /Users/denisnadey/apps/flutter_full_svg_support/test/golden_comparison/golden_comparison_test.dart: Golden Comparison Tests Golden: transforms matches browser render               86:03 +3438 ~2 -9: /Users/denisnadey/apps/flutter_full_svg_support/test/golden_comparison/golden_comparison_test.dart: Golden Comparison Tests Golden: transforms matches browser render               86:04 +3438 ~2 -9: /Users/denisnadey/apps/flutter_full_svg_support/test/golden_comparison/golden_comparison_test.dart: Golden Comparison Tests Golden: transforms matches browser render               86:05 +3438 ~2 -9: /Users/denisnadey/apps/flutter_full_svg_support/test/golden_comparison/golden_comparison_test.dart: Golden Comparison Tests Golden: transforms matches browser render               86:06 +3438 ~2 -9: /Users/denisnadey/apps/flutter_full_svg_support/test/golden_comparison/golden_comparison_test.dart: Golden Comparison Tests Golden: transforms matches browser render               86:07 +3438 ~2 -9: /Users/denisnadey/apps/flutter_full_svg_support/test/golden_comparison/golden_comparison_test.dart: Golden Comparison Tests Golden: transforms matches browser render               86:08 +3438 ~2 -9: /Users/denisnadey/apps/flutter_full_svg_support/test/golden_comparison/golden_comparison_test.dart: Golden Comparison Tests Golden: transforms matches browser render               86:09 +3438 ~2 -9: /Users/denisnadey/apps/flutter_full_svg_support/test/golden_comparison/golden_comparison_test.dart: Golden Comparison Tests Golden: transforms matches browser render               86:10 +3438 ~2 -9: /Users/denisnadey/apps/flutter_full_svg_support/test/golden_comparison/golden_comparison_test.dart: Golden Comparison Tests Golden: transforms matches browser render               86:11 +3438 ~2 -9: /Users/denisnadey/apps/flutter_full_svg_support/test/golden_comparison/golden_comparison_test.dart: Golden Comparison Tests Golden: transforms matches browser render               86:12 +3438 ~2 -9: /Users/denisnadey/apps/flutter_full_svg_support/test/golden_comparison/golden_comparison_test.dart: Golden Comparison Tests Golden: transforms matches browser render               86:13 +3438 ~2 -9: /Users/denisnadey/apps/flutter_full_svg_support/test/golden_comparison/golden_comparison_test.dart: Golden Comparison Tests Golden: transforms matches browser render               86:14 +3438 ~2 -9: /Users/denisnadey/apps/flutter_full_svg_support/test/golden_comparison/golden_comparison_test.dart: Golden Comparison Tests Golden: transforms matches browser render               86:15 +3438 ~2 -9: /Users/denisnadey/apps/flutter_full_svg_support/test/golden_comparison/golden_comparison_test.dart: Golden Comparison Tests Golden: transforms matches browser render               86:16 +3438 ~2 -9: /Users/denisnadey/apps/flutter_full_svg_support/test/golden_comparison/golden_comparison_test.dart: Golden Comparison Tests Golden: transforms matches browser render               86:17 +3438 ~2 -9: /Users/denisnadey/apps/flutter_full_svg_support/test/golden_comparison/golden_comparison_test.dart: Golden Comparison Tests Golden: transforms matches browser render               86:18 +3438 ~2 -9: /Users/denisnadey/apps/flutter_full_svg_support/test/golden_comparison/golden_comparison_test.dart: Golden Comparison Tests Golden: transforms matches browser render               86:19 +3438 ~2 -9: /Users/denisnadey/apps/flutter_full_svg_support/test/golden_comparison/golden_comparison_test.dart: Golden Comparison Tests Golden: transforms matches browser render               86:20 +3438 ~2 -9: /Users/denisnadey/apps/flutter_full_svg_support/test/golden_comparison/golden_comparison_test.dart: Golden Comparison Tests Golden: transforms matches browser render               86:21 +3438 ~2 -9: /Users/denisnadey/apps/flutter_full_svg_support/test/golden_comparison/golden_comparison_test.dart: Golden Comparison Tests Golden: transforms matches browser render               86:22 +3438 ~2 -9: /Users/denisnadey/apps/flutter_full_svg_support/test/golden_comparison/golden_comparison_test.dart: Golden Comparison Tests Golden: transforms matches browser render               86:23 +3438 ~2 -9: /Users/denisnadey/apps/flutter_full_svg_support/test/golden_comparison/golden_comparison_test.dart: Golden Comparison Tests Golden: transforms matches browser render               86:24 +3438 ~2 -9: /Users/denisnadey/apps/flutter_full_svg_support/test/golden_comparison/golden_comparison_test.dart: Golden Comparison Tests Golden: transforms matches browser render               86:25 +3438 ~2 -9: /Users/denisnadey/apps/flutter_full_svg_support/test/golden_comparison/golden_comparison_test.dart: Golden Comparison Tests Golden: transforms matches browser render               86:26 +3438 ~2 -9: /Users/denisnadey/apps/flutter_full_svg_support/test/golden_comparison/golden_comparison_test.dart: Golden Comparison Tests Golden: transforms matches browser render               86:27 +3438 ~2 -9: /Users/denisnadey/apps/flutter_full_svg_support/test/golden_comparison/golden_comparison_test.dart: Golden Comparison Tests Golden: transforms matches browser render               86:28 +3438 ~2 -9: /Users/denisnadey/apps/flutter_full_svg_support/test/golden_comparison/golden_comparison_test.dart: Golden Comparison Tests Golden: transforms matches browser render               86:29 +3438 ~2 -9: /Users/denisnadey/apps/flutter_full_svg_support/test/golden_comparison/golden_comparison_test.dart: Golden Comparison Tests Golden: transforms matches browser render               86:30 +3438 ~2 -9: /Users/denisnadey/apps/flutter_full_svg_support/test/golden_comparison/golden_comparison_test.dart: Golden Comparison Tests Golden: transforms matches browser render               86:31 +3438 ~2 -9: /Users/denisnadey/apps/flutter_full_svg_support/test/golden_comparison/golden_comparison_test.dart: Golden Comparison Tests Golden: transforms matches browser render               86:32 +3438 ~2 -9: /Users/denisnadey/apps/flutter_full_svg_support/test/golden_comparison/golden_comparison_test.dart: Golden Comparison Tests Golden: transforms matches browser render               86:32 +3438 ~2 -10: /Users/denisnadey/apps/flutter_full_svg_support/test/golden_comparison/golden_comparison_test.dart: Golden Comparison Tests Golden: transforms matches browser render [E]          
  TimeoutException after 0:10:00.000000: Test timed out after 10 minutes.
  dart:isolate  _RawReceivePort._handleMessage
  

To run this test again: /Users/denisnadey/fvm/versions/3.38.1/bin/cache/dart-sdk/bin/dart test /Users/denisnadey/apps/flutter_full_svg_support/test/golden_comparison/golden_comparison_test.dart -p vm --plain-name 'Golden Comparison Tests Golden: transforms matches browser render'
86:32 +3438 ~2 -10: /Users/denisnadey/apps/flutter_full_svg_support/test/golden_comparison/golden_comparison_test.dart: Golden Comparison Tests Golden: clip_mask matches browser render               86:33 +3438 ~2 -10: /Users/denisnadey/apps/flutter_full_svg_support/test/golden_comparison/golden_comparison_test.dart: Golden Comparison Tests Golden: clip_mask matches browser render               86:34 +3438 ~2 -10: /Users/denisnadey/apps/flutter_full_svg_support/test/golden_comparison/golden_comparison_test.dart: Golden Comparison Tests Golden: clip_mask matches browser render               86:35 +3438 ~2 -10: /Users/denisnadey/apps/flutter_full_svg_support/test/golden_comparison/golden_comparison_test.dart: Golden Comparison Tests Golden: clip_mask matches browser render               86:36 +3438 ~2 -10: /Users/denisnadey/apps/flutter_full_svg_support/test/golden_comparison/golden_comparison_test.dart: Golden Comparison Tests Golden: clip_mask matches browser render               86:37 +3438 ~2 -10: /Users/denisnadey/apps/flutter_full_svg_support/test/golden_comparison/golden_comparison_test.dart: Golden Comparison Tests Golden: clip_mask matches browser render               86:38 +3438 ~2 -10: /Users/denisnadey/apps/flutter_full_svg_support/test/golden_comparison/golden_comparison_test.dart: Golden Comparison Tests Golden: clip_mask matches browser render               86:39 +3438 ~2 -10: /Users/denisnadey/apps/flutter_full_svg_support/test/golden_comparison/golden_comparison_test.dart: Golden Comparison Tests Golden: clip_mask matches browser render               86:40 +3438 ~2 -10: /Users/denisnadey/apps/flutter_full_svg_support/test/golden_comparison/golden_comparison_test.dart: Golden Comparison Tests Golden: clip_mask matches browser render               86:41 +3438 ~2 -10: /Users/denisnadey/apps/flutter_full_svg_support/test/golden_comparison/golden_comparison_test.dart: Golden Comparison Tests Golden: clip_mask matches browser render               86:42 +3438 ~2 -10: /Users/denisnadey/apps/flutter_full_svg_support/test/golden_comparison/golden_comparison_test.dart: Golden Comparison Tests Golden: clip_mask matches browser render               86:43 +3438 ~2 -10: /Users/denisnadey/apps/flutter_full_svg_support/test/golden_comparison/golden_comparison_test.dart: Golden Comparison Tests Golden: clip_mask matches browser render               86:44 +3438 ~2 -10: /Users/denisnadey/apps/flutter_full_svg_support/test/golden_comparison/golden_comparison_test.dart: Golden Comparison Tests Golden: clip_mask matches browser render               86:45 +3438 ~2 -10: /Users/denisnadey/apps/flutter_full_svg_support/test/golden_comparison/golden_comparison_test.dart: Golden Comparison Tests Golden: clip_mask matches browser render               86:46 +3438 ~2 -10: /Users/denisnadey/apps/flutter_full_svg_support/test/golden_comparison/golden_comparison_test.dart: Golden Comparison Tests Golden: clip_mask matches browser render               86:47 +3438 ~2 -10: /Users/denisnadey/apps/flutter_full_svg_support/test/golden_comparison/golden_comparison_test.dart: Golden Comparison Tests Golden: clip_mask matches browser render               86:48 +3438 ~2 -10: /Users/denisnadey/apps/flutter_full_svg_support/test/golden_comparison/golden_comparison_test.dart: Golden Comparison Tests Golden: clip_mask matches browser render               86:49 +3438 ~2 -10: /Users/denisnadey/apps/flutter_full_svg_support/test/golden_comparison/golden_comparison_test.dart: Golden Comparison Tests Golden: clip_mask matches browser render               86:50 +3438 ~2 -10: /Users/denisnadey/apps/flutter_full_svg_support/test/golden_comparison/golden_comparison_test.dart: Golden Comparison Tests Golden: clip_mask matches browser render               86:51 +3438 ~2 -10: /Users/denisnadey/apps/flutter_full_svg_support/test/golden_comparison/golden_comparison_test.dart: Golden Comparison Tests Golden: clip_mask matches browser render               86:52 +3438 ~2 -10: /Users/denisnadey/apps/flutter_full_svg_support/test/golden_comparison/golden_comparison_test.dart: Golden Comparison Tests Golden: clip_mask matches browser render               86:53 +3438 ~2 -10: /Users/denisnadey/apps/flutter_full_svg_support/test/golden_comparison/golden_comparison_test.dart: Golden Comparison Tests Golden: clip_mask matches browser render               86:54 +3438 ~2 -10: /Users/denisnadey/apps/flutter_full_svg_support/test/golden_comparison/golden_comparison_test.dart: Golden Comparison Tests Golden: clip_mask matches browser render               86:55 +3438 ~2 -10: /Users/denisnadey/apps/flutter_full_svg_support/test/golden_comparison/golden_comparison_test.dart: Golden Comparison Tests Golden: clip_mask matches browser render               86:56 +3438 ~2 -10: /Users/denisnadey/apps/flutter_full_svg_support/test/golden_comparison/golden_comparison_test.dart: Golden Comparison Tests Golden: clip_mask matches browser render               86:57 +3438 ~2 -10: /Users/denisnadey/apps/flutter_full_svg_support/test/golden_comparison/golden_comparison_test.dart: Golden Comparison Tests Golden: clip_mask matches browser render               86:58 +3438 ~2 -10: /Users/denisnadey/apps/flutter_full_svg_support/test/golden_comparison/golden_comparison_test.dart: Golden Comparison Tests Golden: clip_mask matches browser render               86:59 +3438 ~2 -10: /Users/denisnadey/apps/flutter_full_svg_support/test/golden_comparison/golden_comparison_test.dart: Golden Comparison Tests Golden: clip_mask matches browser render               87:00 +3438 ~2 -10: /Users/denisnadey/apps/flutter_full_svg_support/test/golden_comparison/golden_comparison_test.dart: Golden Comparison Tests Golden: clip_mask matches browser render               87:01 +3438 ~2 -10: /Users/denisnadey/apps/flutter_full_svg_support/test/golden_comparison/golden_comparison_test.dart: Golden Comparison Tests Golden: clip_mask matches browser render               87:02 +3438 ~2 -10: /Users/denisnadey/apps/flutter_full_svg_support/test/golden_comparison/golden_comparison_test.dart: Golden Comparison Tests Golden: clip_mask matches browser render               87:03 +3438 ~2 -10: /Users/denisnadey/apps/flutter_full_svg_support/test/golden_comparison/golden_comparison_test.dart: Golden Comparison Tests Golden: clip_mask matches browser render               87:04 +3438 ~2 -10: /Users/denisnadey/apps/flutter_full_svg_support/test/golden_comparison/golden_comparison_test.dart: Golden Comparison Tests Golden: clip_mask matches browser render               87:05 +3438 ~2 -10: /Users/denisnadey/apps/flutter_full_svg_support/test/golden_comparison/golden_comparison_test.dart: Golden Comparison Tests Golden: clip_mask matches browser render               87:06 +3438 ~2 -10: /Users/denisnadey/apps/flutter_full_svg_support/test/golden_comparison/golden_comparison_test.dart: Golden Comparison Tests Golden: clip_mask matches browser render               87:07 +3438 ~2 -10: /Users/denisnadey/apps/flutter_full_svg_support/test/golden_comparison/golden_comparison_test.dart: Golden Comparison Tests Golden: clip_mask matches browser render               87:08 +3438 ~2 -10: /Users/denisnadey/apps/flutter_full_svg_support/test/golden_comparison/golden_comparison_test.dart: Golden Comparison Tests Golden: clip_mask matches browser render               87:09 +3438 ~2 -10: /Users/denisnadey/apps/flutter_full_svg_support/test/golden_comparison/golden_comparison_test.dart: Golden Comparison Tests Golden: clip_mask matches browser render               87:10 +3438 ~2 -10: /Users/denisnadey/apps/flutter_full_svg_support/test/golden_comparison/golden_comparison_test.dart: Golden Comparison Tests Golden: clip_mask matches browser render               87:11 +3438 ~2 -10: /Users/denisnadey/apps/flutter_full_svg_support/test/golden_comparison/golden_comparison_test.dart: Golden Comparison Tests Golden: clip_mask matches browser render               87:12 +3438 ~2 -10: /Users/denisnadey/apps/flutter_full_svg_support/test/golden_comparison/golden_comparison_test.dart: Golden Comparison Tests Golden: clip_mask matches browser render               87:13 +3438 ~2 -10: /Users/denisnadey/apps/flutter_full_svg_support/test/golden_comparison/golden_comparison_test.dart: Golden Comparison Tests Golden: clip_mask matches browser render               87:14 +3438 ~2 -10: /Users/denisnadey/apps/flutter_full_svg_support/test/golden_comparison/golden_comparison_test.dart: Golden Comparison Tests Golden: clip_mask matches browser render               87:15 +3438 ~2 -10: /Users/denisnadey/apps/flutter_full_svg_support/test/golden_comparison/golden_comparison_test.dart: Golden Comparison Tests Golden: clip_mask matches browser render               87:16 +3438 ~2 -10: /Users/denisnadey/apps/flutter_full_svg_support/test/golden_comparison/golden_comparison_test.dart: Golden Comparison Tests Golden: clip_mask matches browser render               87:17 +3438 ~2 -10: /Users/denisnadey/apps/flutter_full_svg_support/test/golden_comparison/golden_comparison_test.dart: Golden Comparison Tests Golden: clip_mask matches browser render               87:18 +3438 ~2 -10: /Users/denisnadey/apps/flutter_full_svg_support/test/golden_comparison/golden_comparison_test.dart: Golden Comparison Tests Golden: clip_mask matches browser render               87:19 +3438 ~2 -10: /Users/denisnadey/apps/flutter_full_svg_support/test/golden_comparison/golden_comparison_test.dart: Golden Comparison Tests Golden: clip_mask matches browser render               87:20 +3438 ~2 -10: /Users/denisnadey/apps/flutter_full_svg_support/test/golden_comparison/golden_comparison_test.dart: Golden Comparison Tests Golden: clip_mask matches browser render               87:21 +3438 ~2 -10: /Users/denisnadey/apps/flutter_full_svg_support/test/golden_comparison/golden_comparison_test.dart: Golden Comparison Tests Golden: clip_mask matches browser render               87:22 +3438 ~2 -10: /Users/denisnadey/apps/flutter_full_svg_support/test/golden_comparison/golden_comparison_test.dart: Golden Comparison Tests Golden: clip_mask matches browser render               87:23 +3438 ~2 -10: /Users/denisnadey/apps/flutter_full_svg_support/test/golden_comparison/golden_comparison_test.dart: Golden Comparison Tests Golden: clip_mask matches browser render               87:24 +3438 ~2 -10: /Users/denisnadey/apps/flutter_full_svg_support/test/golden_comparison/golden_comparison_test.dart: Golden Comparison Tests Golden: clip_mask matches browser render               87:25 +3438 ~2 -10: /Users/denisnadey/apps/flutter_full_svg_support/test/golden_comparison/golden_comparison_test.dart: Golden Comparison Tests Golden: clip_mask matches browser render               87:26 +3438 ~2 -10: /Users/denisnadey/apps/flutter_full_svg_support/test/golden_comparison/golden_comparison_test.dart: Golden Comparison Tests Golden: clip_mask matches browser render               87:27 +3438 ~2 -10: /Users/denisnadey/apps/flutter_full_svg_support/test/golden_comparison/golden_comparison_test.dart: Golden Comparison Tests Golden: clip_mask matches browser render               87:28 +3438 ~2 -10: /Users/denisnadey/apps/flutter_full_svg_support/test/golden_comparison/golden_comparison_test.dart: Golden Comparison Tests Golden: clip_mask matches browser render               87:29 +3438 ~2 -10: /Users/denisnadey/apps/flutter_full_svg_support/test/golden_comparison/golden_comparison_test.dart: Golden Comparison Tests Golden: clip_mask matches browser render               87:30 +3438 ~2 -10: /Users/denisnadey/apps/flutter_full_svg_support/test/golden_comparison/golden_comparison_test.dart: Golden Comparison Tests Golden: clip_mask matches browser render               87:31 +3438 ~2 -10: /Users/denisnadey/apps/flutter_full_svg_support/test/golden_comparison/golden_comparison_test.dart: Golden Comparison Tests Golden: clip_mask matches browser render               87:32 +3438 ~2 -10: /Users/denisnadey/apps/flutter_full_svg_support/test/golden_comparison/golden_comparison_test.dart: Golden Comparison Tests Golden: clip_mask matches browser render               87:33 +3438 ~2 -10: /Users/denisnadey/apps/flutter_full_svg_support/test/golden_comparison/golden_comparison_test.dart: Golden Comparison Tests Golden: clip_mask matches browser render               87:34 +3438 ~2 -10: /Users/denisnadey/apps/flutter_full_svg_support/test/golden_comparison/golden_comparison_test.dart: Golden Comparison Tests Golden: clip_mask matches browser render               87:35 +3438 ~2 -10: /Users/denisnadey/apps/flutter_full_svg_support/test/golden_comparison/golden_comparison_test.dart: Golden Comparison Tests Golden: clip_mask matches browser render               87:36 +3438 ~2 -10: /Users/denisnadey/apps/flutter_full_svg_support/test/golden_comparison/golden_comparison_test.dart: Golden Comparison Tests Golden: clip_mask matches browser render               87:37 +3438 ~2 -10: /Users/denisnadey/apps/flutter_full_svg_support/test/golden_comparison/golden_comparison_test.dart: Golden Comparison Tests Golden: clip_mask matches browser render               87:38 +3438 ~2 -10: /Users/denisnadey/apps/flutter_full_svg_support/test/golden_comparison/golden_comparison_test.dart: Golden Comparison Tests Golden: clip_mask matches browser render               87:39 +3438 ~2 -10: /Users/denisnadey/apps/flutter_full_svg_support/test/golden_comparison/golden_comparison_test.dart: Golden Comparison Tests Golden: clip_mask matches browser render               87:40 +3438 ~2 -10: /Users/denisnadey/apps/flutter_full_svg_support/test/golden_comparison/golden_comparison_test.dart: Golden Comparison Tests Golden: clip_mask matches browser render               87:41 +3438 ~2 -10: /Users/denisnadey/apps/flutter_full_svg_support/test/golden_comparison/golden_comparison_test.dart: Golden Comparison Tests Golden: clip_mask matches browser render               87:42 +3438 ~2 -10: /Users/denisnadey/apps/flutter_full_svg_support/test/golden_comparison/golden_comparison_test.dart: Golden Comparison Tests Golden: clip_mask matches browser render               87:43 +3438 ~2 -10: /Users/denisnadey/apps/flutter_full_svg_support/test/golden_comparison/golden_comparison_test.dart: Golden Comparison Tests Golden: clip_mask matches browser render               87:44 +3438 ~2 -10: /Users/denisnadey/apps/flutter_full_svg_support/test/golden_comparison/golden_comparison_test.dart: Golden Comparison Tests Golden: clip_mask matches browser render               87:45 +3438 ~2 -10: /Users/denisnadey/apps/flutter_full_svg_support/test/golden_comparison/golden_comparison_test.dart: Golden Comparison Tests Golden: clip_mask matches browser render               87:46 +3438 ~2 -10: /Users/denisnadey/apps/flutter_full_svg_support/test/golden_comparison/golden_comparison_test.dart: Golden Comparison Tests Golden: clip_mask matches browser render               87:47 +3438 ~2 -10: /Users/denisnadey/apps/flutter_full_svg_support/test/golden_comparison/golden_comparison_test.dart: Golden Comparison Tests Golden: clip_mask matches browser render               87:48 +3438 ~2 -10: /Users/denisnadey/apps/flutter_full_svg_support/test/golden_comparison/golden_comparison_test.dart: Golden Comparison Tests Golden: clip_mask matches browser render               87:49 +3438 ~2 -10: /Users/denisnadey/apps/flutter_full_svg_support/test/golden_comparison/golden_comparison_test.dart: Golden Comparison Tests Golden: clip_mask matches browser render               87:50 +3438 ~2 -10: /Users/denisnadey/apps/flutter_full_svg_support/test/golden_comparison/golden_comparison_test.dart: Golden Comparison Tests Golden: clip_mask matches browser render               87:51 +3438 ~2 -10: /Users/denisnadey/apps/flutter_full_svg_support/test/golden_comparison/golden_comparison_test.dart: Golden Comparison Tests Golden: clip_mask matches browser render               87:52 +3438 ~2 -10: /Users/denisnadey/apps/flutter_full_svg_support/test/golden_comparison/golden_comparison_test.dart: Golden Comparison Tests Golden: clip_mask matches browser render               87:53 +3438 ~2 -10: /Users/denisnadey/apps/flutter_full_svg_support/test/golden_comparison/golden_comparison_test.dart: Golden Comparison Tests Golden: clip_mask matches browser render               87:54 +3438 ~2 -10: /Users/denisnadey/apps/flutter_full_svg_support/test/golden_comparison/golden_comparison_test.dart: Golden Comparison Tests Golden: clip_mask matches browser render               87:55 +3438 ~2 -10: /Users/denisnadey/apps/flutter_full_svg_support/test/golden_comparison/golden_comparison_test.dart: Golden Comparison Tests Golden: clip_mask matches browser render               87:56 +3438 ~2 -10: /Users/denisnadey/apps/flutter_full_svg_support/test/golden_comparison/golden_comparison_test.dart: Golden Comparison Tests Golden: clip_mask matches browser render               87:57 +3438 ~2 -10: /Users/denisnadey/apps/flutter_full_svg_support/test/golden_comparison/golden_comparison_test.dart: Golden Comparison Tests Golden: clip_mask matches browser render               87:58 +3438 ~2 -10: /Users/denisnadey/apps/flutter_full_svg_support/test/golden_comparison/golden_comparison_test.dart: Golden Comparison Tests Golden: clip_mask matches browser render               87:59 +3438 ~2 -10: /Users/denisnadey/apps/flutter_full_svg_support/test/golden_comparison/golden_comparison_test.dart: Golden Comparison Tests Golden: clip_mask matches browser render               88:00 +3438 ~2 -10: /Users/denisnadey/apps/flutter_full_svg_support/test/golden_comparison/golden_comparison_test.dart: Golden Comparison Tests Golden: clip_mask matches browser render               88:01 +3438 ~2 -10: /Users/denisnadey/apps/flutter_full_svg_support/test/golden_comparison/golden_comparison_test.dart: Golden Comparison Tests Golden: clip_mask matches browser render               88:02 +3438 ~2 -10: /Users/denisnadey/apps/flutter_full_svg_support/test/golden_comparison/golden_comparison_test.dart: Golden Comparison Tests Golden: clip_mask matches browser render               88:03 +3438 ~2 -10: /Users/denisnadey/apps/flutter_full_svg_support/test/golden_comparison/golden_comparison_test.dart: Golden Comparison Tests Golden: clip_mask matches browser render               88:04 +3438 ~2 -10: /Users/denisnadey/apps/flutter_full_svg_support/test/golden_comparison/golden_comparison_test.dart: Golden Comparison Tests Golden: clip_mask matches browser render               88:05 +3438 ~2 -10: /Users/denisnadey/apps/flutter_full_svg_support/test/golden_comparison/golden_comparison_test.dart: Golden Comparison Tests Golden: clip_mask matches browser render               88:06 +3438 ~2 -10: /Users/denisnadey/apps/flutter_full_svg_support/test/golden_comparison/golden_comparison_test.dart: Golden Comparison Tests Golden: clip_mask matches browser render               88:07 +3438 ~2 -10: /Users/denisnadey/apps/flutter_full_svg_support/test/golden_comparison/golden_comparison_test.dart: Golden Comparison Tests Golden: clip_mask matches browser render               88:08 +3438 ~2 -10: /Users/denisnadey/apps/flutter_full_svg_support/test/golden_comparison/golden_comparison_test.dart: Golden Comparison Tests Golden: clip_mask matches browser render               88:09 +3438 ~2 -10: /Users/denisnadey/apps/flutter_full_svg_support/test/golden_comparison/golden_comparison_test.dart: Golden Comparison Tests Golden: clip_mask matches browser render               88:10 +3438 ~2 -10: /Users/denisnadey/apps/flutter_full_svg_support/test/golden_comparison/golden_comparison_test.dart: Golden Comparison Tests Golden: clip_mask matches browser render               88:11 +3438 ~2 -10: /Users/denisnadey/apps/flutter_full_svg_support/test/golden_comparison/golden_comparison_test.dart: Golden Comparison Tests Golden: clip_mask matches browser render               88:12 +3438 ~2 -10: /Users/denisnadey/apps/flutter_full_svg_support/test/golden_comparison/golden_comparison_test.dart: Golden Comparison Tests Golden: clip_mask matches browser render               88:13 +3438 ~2 -10: /Users/denisnadey/apps/flutter_full_svg_support/test/golden_comparison/golden_comparison_test.dart: Golden Comparison Tests Golden: clip_mask matches browser render               88:14 +3438 ~2 -10: /Users/denisnadey/apps/flutter_full_svg_support/test/golden_comparison/golden_comparison_test.dart: Golden Comparison Tests Golden: clip_mask matches browser render               88:15 +3438 ~2 -10: /Users/denisnadey/apps/flutter_full_svg_support/test/golden_comparison/golden_comparison_test.dart: Golden Comparison Tests Golden: clip_mask matches browser render               88:16 +3438 ~2 -10: /Users/denisnadey/apps/flutter_full_svg_support/test/golden_comparison/golden_comparison_test.dart: Golden Comparison Tests Golden: clip_mask matches browser render               88:17 +3438 ~2 -10: /Users/denisnadey/apps/flutter_full_svg_support/test/golden_comparison/golden_comparison_test.dart: Golden Comparison Tests Golden: clip_mask matches browser render               88:18 +3438 ~2 -10: /Users/denisnadey/apps/flutter_full_svg_support/test/golden_comparison/golden_comparison_test.dart: Golden Comparison Tests Golden: clip_mask matches browser render               88:19 +3438 ~2 -10: /Users/denisnadey/apps/flutter_full_svg_support/test/golden_comparison/golden_comparison_test.dart: Golden Comparison Tests Golden: clip_mask matches browser render               88:20 +3438 ~2 -10: /Users/denisnadey/apps/flutter_full_svg_support/test/golden_comparison/golden_comparison_test.dart: Golden Comparison Tests Golden: clip_mask matches browser render               88:21 +3438 ~2 -10: /Users/denisnadey/apps/flutter_full_svg_support/test/golden_comparison/golden_comparison_test.dart: Golden Comparison Tests Golden: clip_mask matches browser render               88:22 +3438 ~2 -10: /Users/denisnadey/apps/flutter_full_svg_support/test/golden_comparison/golden_comparison_test.dart: Golden Comparison Tests Golden: clip_mask matches browser render               88:23 +3438 ~2 -10: /Users/denisnadey/apps/flutter_full_svg_support/test/golden_comparison/golden_comparison_test.dart: Golden Comparison Tests Golden: clip_mask matches browser render               88:24 +3438 ~2 -10: /Users/denisnadey/apps/flutter_full_svg_support/test/golden_comparison/golden_comparison_test.dart: Golden Comparison Tests Golden: clip_mask matches browser render               88:25 +3438 ~2 -10: /Users/denisnadey/apps/flutter_full_svg_support/test/golden_comparison/golden_comparison_test.dart: Golden Comparison Tests Golden: clip_mask matches browser render               88:26 +3438 ~2 -10: /Users/denisnadey/apps/flutter_full_svg_support/test/golden_comparison/golden_comparison_test.dart: Golden Comparison Tests Golden: clip_mask matches browser render               88:27 +3438 ~2 -10: /Users/denisnadey/apps/flutter_full_svg_support/test/golden_comparison/golden_comparison_test.dart: Golden Comparison Tests Golden: clip_mask matches browser render               88:28 +3438 ~2 -10: /Users/denisnadey/apps/flutter_full_svg_support/test/golden_comparison/golden_comparison_test.dart: Golden Comparison Tests Golden: clip_mask matches browser render               88:29 +3438 ~2 -10: /Users/denisnadey/apps/flutter_full_svg_support/test/golden_comparison/golden_comparison_test.dart: Golden Comparison Tests Golden: clip_mask matches browser render               88:30 +3438 ~2 -10: /Users/denisnadey/apps/flutter_full_svg_support/test/golden_comparison/golden_comparison_test.dart: Golden Comparison Tests Golden: clip_mask matches browser render               88:31 +3438 ~2 -10: /Users/denisnadey/apps/flutter_full_svg_support/test/golden_comparison/golden_comparison_test.dart: Golden Comparison Tests Golden: clip_mask matches browser render               88:32 +3438 ~2 -10: /Users/denisnadey/apps/flutter_full_svg_support/test/golden_comparison/golden_comparison_test.dart: Golden Comparison Tests Golden: clip_mask matches browser render               88:33 +3438 ~2 -10: /Users/denisnadey/apps/flutter_full_svg_support/test/golden_comparison/golden_comparison_test.dart: Golden Comparison Tests Golden: clip_mask matches browser render               88:34 +3438 ~2 -10: /Users/denisnadey/apps/flutter_full_svg_support/test/golden_comparison/golden_comparison_test.dart: Golden Comparison Tests Golden: clip_mask matches browser render               88:35 +3438 ~2 -10: /Users/denisnadey/apps/flutter_full_svg_support/test/golden_comparison/golden_comparison_test.dart: Golden Comparison Tests Golden: clip_mask matches browser render               88:36 +3438 ~2 -10: /Users/denisnadey/apps/flutter_full_svg_support/test/golden_comparison/golden_comparison_test.dart: Golden Comparison Tests Golden: clip_mask matches browser render               88:37 +3438 ~2 -10: /Users/denisnadey/apps/flutter_full_svg_support/test/golden_comparison/golden_comparison_test.dart: Golden Comparison Tests Golden: clip_mask matches browser render               88:38 +3438 ~2 -10: /Users/denisnadey/apps/flutter_full_svg_support/test/golden_comparison/golden_comparison_test.dart: Golden Comparison Tests Golden: clip_mask matches browser render               88:39 +3438 ~2 -10: /Users/denisnadey/apps/flutter_full_svg_support/test/golden_comparison/golden_comparison_test.dart: Golden Comparison Tests Golden: clip_mask matches browser render               88:40 +3438 ~2 -10: /Users/denisnadey/apps/flutter_full_svg_support/test/golden_comparison/golden_comparison_test.dart: Golden Comparison Tests Golden: clip_mask matches browser render               88:41 +3438 ~2 -10: /Users/denisnadey/apps/flutter_full_svg_support/test/golden_comparison/golden_comparison_test.dart: Golden Comparison Tests Golden: clip_mask matches browser render               88:42 +3438 ~2 -10: /Users/denisnadey/apps/flutter_full_svg_support/test/golden_comparison/golden_comparison_test.dart: Golden Comparison Tests Golden: clip_mask matches browser render               88:43 +3438 ~2 -10: /Users/denisnadey/apps/flutter_full_svg_support/test/golden_comparison/golden_comparison_test.dart: Golden Comparison Tests Golden: clip_mask matches browser render               88:44 +3438 ~2 -10: /Users/denisnadey/apps/flutter_full_svg_support/test/golden_comparison/golden_comparison_test.dart: Golden Comparison Tests Golden: clip_mask matches browser render               88:45 +3438 ~2 -10: /Users/denisnadey/apps/flutter_full_svg_support/test/golden_comparison/golden_comparison_test.dart: Golden Comparison Tests Golden: clip_mask matches browser render               88:46 +3438 ~2 -10: /Users/denisnadey/apps/flutter_full_svg_support/test/golden_comparison/golden_comparison_test.dart: Golden Comparison Tests Golden: clip_mask matches browser render               88:47 +3438 ~2 -10: /Users/denisnadey/apps/flutter_full_svg_support/test/golden_comparison/golden_comparison_test.dart: Golden Comparison Tests Golden: clip_mask matches browser render               88:48 +3438 ~2 -10: /Users/denisnadey/apps/flutter_full_svg_support/test/golden_comparison/golden_comparison_test.dart: Golden Comparison Tests Golden: clip_mask matches browser render               88:49 +3438 ~2 -10: /Users/denisnadey/apps/flutter_full_svg_support/test/golden_comparison/golden_comparison_test.dart: Golden Comparison Tests Golden: clip_mask matches browser render               88:50 +3438 ~2 -10: /Users/denisnadey/apps/flutter_full_svg_support/test/golden_comparison/golden_comparison_test.dart: Golden Comparison Tests Golden: clip_mask matches browser render               88:51 +3438 ~2 -10: /Users/denisnadey/apps/flutter_full_svg_support/test/golden_comparison/golden_comparison_test.dart: Golden Comparison Tests Golden: clip_mask matches browser render               88:52 +3438 ~2 -10: /Users/denisnadey/apps/flutter_full_svg_support/test/golden_comparison/golden_comparison_test.dart: Golden Comparison Tests Golden: clip_mask matches browser render               88:53 +3438 ~2 -10: /Users/denisnadey/apps/flutter_full_svg_support/test/golden_comparison/golden_comparison_test.dart: Golden Comparison Tests Golden: clip_mask matches browser render               88:54 +3438 ~2 -10: /Users/denisnadey/apps/flutter_full_svg_support/test/golden_comparison/golden_comparison_test.dart: Golden Comparison Tests Golden: clip_mask matches browser render               88:55 +3438 ~2 -10: /Users/denisnadey/apps/flutter_full_svg_support/test/golden_comparison/golden_comparison_test.dart: Golden Comparison Tests Golden: clip_mask matches browser render               88:56 +3438 ~2 -10: /Users/denisnadey/apps/flutter_full_svg_support/test/golden_comparison/golden_comparison_test.dart: Golden Comparison Tests Golden: clip_mask matches browser render               88:57 +3438 ~2 -10: /Users/denisnadey/apps/flutter_full_svg_support/test/golden_comparison/golden_comparison_test.dart: Golden Comparison Tests Golden: clip_mask matches browser render               88:58 +3438 ~2 -10: /Users/denisnadey/apps/flutter_full_svg_support/test/golden_comparison/golden_comparison_test.dart: Golden Comparison Tests Golden: clip_mask matches browser render               88:59 +3438 ~2 -10: /Users/denisnadey/apps/flutter_full_svg_support/test/golden_comparison/golden_comparison_test.dart: Golden Comparison Tests Golden: clip_mask matches browser render               89:00 +3438 ~2 -10: /Users/denisnadey/apps/flutter_full_svg_support/test/golden_comparison/golden_comparison_test.dart: Golden Comparison Tests Golden: clip_mask matches browser render               89:01 +3438 ~2 -10: /Users/denisnadey/apps/flutter_full_svg_support/test/golden_comparison/golden_comparison_test.dart: Golden Comparison Tests Golden: clip_mask matches browser render               89:02 +3438 ~2 -10: /Users/denisnadey/apps/flutter_full_svg_support/test/golden_comparison/golden_comparison_test.dart: Golden Comparison Tests Golden: clip_mask matches browser render               89:03 +3438 ~2 -10: /Users/denisnadey/apps/flutter_full_svg_support/test/golden_comparison/golden_comparison_test.dart: Golden Comparison Tests Golden: clip_mask matches browser render               89:04 +3438 ~2 -10: /Users/denisnadey/apps/flutter_full_svg_support/test/golden_comparison/golden_comparison_test.dart: Golden Comparison Tests Golden: clip_mask matches browser render               89:05 +3438 ~2 -10: /Users/denisnadey/apps/flutter_full_svg_support/test/golden_comparison/golden_comparison_test.dart: Golden Comparison Tests Golden: clip_mask matches browser render               89:06 +3438 ~2 -10: /Users/denisnadey/apps/flutter_full_svg_support/test/golden_comparison/golden_comparison_test.dart: Golden Comparison Tests Golden: clip_mask matches browser render               89:07 +3438 ~2 -10: /Users/denisnadey/apps/flutter_full_svg_support/test/golden_comparison/golden_comparison_test.dart: Golden Comparison Tests Golden: clip_mask matches browser render               89:08 +3438 ~2 -10: /Users/denisnadey/apps/flutter_full_svg_support/test/golden_comparison/golden_comparison_test.dart: Golden Comparison Tests Golden: clip_mask matches browser render               89:09 +3438 ~2 -10: /Users/denisnadey/apps/flutter_full_svg_support/test/golden_comparison/golden_comparison_test.dart: Golden Comparison Tests Golden: clip_mask matches browser render               89:10 +3438 ~2 -10: /Users/denisnadey/apps/flutter_full_svg_support/test/golden_comparison/golden_comparison_test.dart: Golden Comparison Tests Golden: clip_mask matches browser render               89:11 +3438 ~2 -10: /Users/denisnadey/apps/flutter_full_svg_support/test/golden_comparison/golden_comparison_test.dart: Golden Comparison Tests Golden: clip_mask matches browser render               89:12 +3438 ~2 -10: /Users/denisnadey/apps/flutter_full_svg_support/test/golden_comparison/golden_comparison_test.dart: Golden Comparison Tests Golden: clip_mask matches browser render               89:13 +3438 ~2 -10: /Users/denisnadey/apps/flutter_full_svg_support/test/golden_comparison/golden_comparison_test.dart: Golden Comparison Tests Golden: clip_mask matches browser render               89:14 +3438 ~2 -10: /Users/denisnadey/apps/flutter_full_svg_support/test/golden_comparison/golden_comparison_test.dart: Golden Comparison Tests Golden: clip_mask matches browser render               89:15 +3438 ~2 -10: /Users/denisnadey/apps/flutter_full_svg_support/test/golden_comparison/golden_comparison_test.dart: Golden Comparison Tests Golden: clip_mask matches browser render               89:16 +3438 ~2 -10: /Users/denisnadey/apps/flutter_full_svg_support/test/golden_comparison/golden_comparison_test.dart: Golden Comparison Tests Golden: clip_mask matches browser render               89:17 +3438 ~2 -10: /Users/denisnadey/apps/flutter_full_svg_support/test/golden_comparison/golden_comparison_test.dart: Golden Comparison Tests Golden: clip_mask matches browser render               89:18 +3438 ~2 -10: /Users/denisnadey/apps/flutter_full_svg_support/test/golden_comparison/golden_comparison_test.dart: Golden Comparison Tests Golden: clip_mask matches browser render               89:19 +3438 ~2 -10: /Users/denisnadey/apps/flutter_full_svg_support/test/golden_comparison/golden_comparison_test.dart: Golden Comparison Tests Golden: clip_mask matches browser render               89:20 +3438 ~2 -10: /Users/denisnadey/apps/flutter_full_svg_support/test/golden_comparison/golden_comparison_test.dart: Golden Comparison Tests Golden: clip_mask matches browser render               89:21 +3438 ~2 -10: /Users/denisnadey/apps/flutter_full_svg_support/test/golden_comparison/golden_comparison_test.dart: Golden Comparison Tests Golden: clip_mask matches browser render               89:22 +3438 ~2 -10: /Users/denisnadey/apps/flutter_full_svg_support/test/golden_comparison/golden_comparison_test.dart: Golden Comparison Tests Golden: clip_mask matches browser render               89:23 +3438 ~2 -10: /Users/denisnadey/apps/flutter_full_svg_support/test/golden_comparison/golden_comparison_test.dart: Golden Comparison Tests Golden: clip_mask matches browser render               89:24 +3438 ~2 -10: /Users/denisnadey/apps/flutter_full_svg_support/test/golden_comparison/golden_comparison_test.dart: Golden Comparison Tests Golden: clip_mask matches browser render               89:25 +3438 ~2 -10: /Users/denisnadey/apps/flutter_full_svg_support/test/golden_comparison/golden_comparison_test.dart: Golden Comparison Tests Golden: clip_mask matches browser render               89:26 +3438 ~2 -10: /Users/denisnadey/apps/flutter_full_svg_support/test/golden_comparison/golden_comparison_test.dart: Golden Comparison Tests Golden: clip_mask matches browser render               89:27 +3438 ~2 -10: /Users/denisnadey/apps/flutter_full_svg_support/test/golden_comparison/golden_comparison_test.dart: Golden Comparison Tests Golden: clip_mask matches browser render               89:28 +3438 ~2 -10: /Users/denisnadey/apps/flutter_full_svg_support/test/golden_comparison/golden_comparison_test.dart: Golden Comparison Tests Golden: clip_mask matches browser render               89:29 +3438 ~2 -10: /Users/denisnadey/apps/flutter_full_svg_support/test/golden_comparison/golden_comparison_test.dart: Golden Comparison Tests Golden: clip_mask matches browser render               89:30 +3438 ~2 -10: /Users/denisnadey/apps/flutter_full_svg_support/test/golden_comparison/golden_comparison_test.dart: Golden Comparison Tests Golden: clip_mask matches browser render               89:31 +3438 ~2 -10: /Users/denisnadey/apps/flutter_full_svg_support/test/golden_comparison/golden_comparison_test.dart: Golden Comparison Tests Golden: clip_mask matches browser render               89:32 +3438 ~2 -10: /Users/denisnadey/apps/flutter_full_svg_support/test/golden_comparison/golden_comparison_test.dart: Golden Comparison Tests Golden: clip_mask matches browser render               89:33 +3438 ~2 -10: /Users/denisnadey/apps/flutter_full_svg_support/test/golden_comparison/golden_comparison_test.dart: Golden Comparison Tests Golden: clip_mask matches browser render               89:34 +3438 ~2 -10: /Users/denisnadey/apps/flutter_full_svg_support/test/golden_comparison/golden_comparison_test.dart: Golden Comparison Tests Golden: clip_mask matches browser render               89:35 +3438 ~2 -10: /Users/denisnadey/apps/flutter_full_svg_support/test/golden_comparison/golden_comparison_test.dart: Golden Comparison Tests Golden: clip_mask matches browser render               89:36 +3438 ~2 -10: /Users/denisnadey/apps/flutter_full_svg_support/test/golden_comparison/golden_comparison_test.dart: Golden Comparison Tests Golden: clip_mask matches browser render               89:37 +3438 ~2 -10: /Users/denisnadey/apps/flutter_full_svg_support/test/golden_comparison/golden_comparison_test.dart: Golden Comparison Tests Golden: clip_mask matches browser render               89:38 +3438 ~2 -10: /Users/denisnadey/apps/flutter_full_svg_support/test/golden_comparison/golden_comparison_test.dart: Golden Comparison Tests Golden: clip_mask matches browser render               89:39 +3438 ~2 -10: /Users/denisnadey/apps/flutter_full_svg_support/test/golden_comparison/golden_comparison_test.dart: Golden Comparison Tests Golden: clip_mask matches browser render               89:40 +3438 ~2 -10: /Users/denisnadey/apps/flutter_full_svg_support/test/golden_comparison/golden_comparison_test.dart: Golden Comparison Tests Golden: clip_mask matches browser render               89:41 +3438 ~2 -10: /Users/denisnadey/apps/flutter_full_svg_support/test/golden_comparison/golden_comparison_test.dart: Golden Comparison Tests Golden: clip_mask matches browser render               89:42 +3438 ~2 -10: /Users/denisnadey/apps/flutter_full_svg_support/test/golden_comparison/golden_comparison_test.dart: Golden Comparison Tests Golden: clip_mask matches browser render               89:43 +3438 ~2 -10: /Users/denisnadey/apps/flutter_full_svg_support/test/golden_comparison/golden_comparison_test.dart: Golden Comparison Tests Golden: clip_mask matches browser render               89:44 +3438 ~2 -10: /Users/denisnadey/apps/flutter_full_svg_support/test/golden_comparison/golden_comparison_test.dart: Golden Comparison Tests Golden: clip_mask matches browser render               89:45 +3438 ~2 -10: /Users/denisnadey/apps/flutter_full_svg_support/test/golden_comparison/golden_comparison_test.dart: Golden Comparison Tests Golden: clip_mask matches browser render               89:46 +3438 ~2 -10: /Users/denisnadey/apps/flutter_full_svg_support/test/golden_comparison/golden_comparison_test.dart: Golden Comparison Tests Golden: clip_mask matches browser render               89:47 +3438 ~2 -10: /Users/denisnadey/apps/flutter_full_svg_support/test/golden_comparison/golden_comparison_test.dart: Golden Comparison Tests Golden: clip_mask matches browser render               89:48 +3438 ~2 -10: /Users/denisnadey/apps/flutter_full_svg_support/test/golden_comparison/golden_comparison_test.dart: Golden Comparison Tests Golden: clip_mask matches browser render               89:49 +3438 ~2 -10: /Users/denisnadey/apps/flutter_full_svg_support/test/golden_comparison/golden_comparison_test.dart: Golden Comparison Tests Golden: clip_mask matches browser render               89:50 +3438 ~2 -10: /Users/denisnadey/apps/flutter_full_svg_support/test/golden_comparison/golden_comparison_test.dart: Golden Comparison Tests Golden: clip_mask matches browser render               89:51 +3438 ~2 -10: /Users/denisnadey/apps/flutter_full_svg_support/test/golden_comparison/golden_comparison_test.dart: Golden Comparison Tests Golden: clip_mask matches browser render               89:52 +3438 ~2 -10: /Users/denisnadey/apps/flutter_full_svg_support/test/golden_comparison/golden_comparison_test.dart: Golden Comparison Tests Golden: clip_mask matches browser render               89:53 +3438 ~2 -10: /Users/denisnadey/apps/flutter_full_svg_support/test/golden_comparison/golden_comparison_test.dart: Golden Comparison Tests Golden: clip_mask matches browser render               89:54 +3438 ~2 -10: /Users/denisnadey/apps/flutter_full_svg_support/test/golden_comparison/golden_comparison_test.dart: Golden Comparison Tests Golden: clip_mask matches browser render               89:55 +3438 ~2 -10: /Users/denisnadey/apps/flutter_full_svg_support/test/golden_comparison/golden_comparison_test.dart: Golden Comparison Tests Golden: clip_mask matches browser render               89:56 +3438 ~2 -10: /Users/denisnadey/apps/flutter_full_svg_support/test/golden_comparison/golden_comparison_test.dart: Golden Comparison Tests Golden: clip_mask matches browser render               89:57 +3438 ~2 -10: /Users/denisnadey/apps/flutter_full_svg_support/test/golden_comparison/golden_comparison_test.dart: Golden Comparison Tests Golden: clip_mask matches browser render               89:58 +3438 ~2 -10: /Users/denisnadey/apps/flutter_full_svg_support/test/golden_comparison/golden_comparison_test.dart: Golden Comparison Tests Golden: clip_mask matches browser render               89:59 +3438 ~2 -10: /Users/denisnadey/apps/flutter_full_svg_support/test/golden_comparison/golden_comparison_test.dart: Golden Comparison Tests Golden: clip_mask matches browser render               90:00 +3438 ~2 -10: /Users/denisnadey/apps/flutter_full_svg_support/test/golden_comparison/golden_comparison_test.dart: Golden Comparison Tests Golden: clip_mask matches browser render               90:01 +3438 ~2 -10: /Users/denisnadey/apps/flutter_full_svg_support/test/golden_comparison/golden_comparison_test.dart: Golden Comparison Tests Golden: clip_mask matches browser render               90:02 +3438 ~2 -10: /Users/denisnadey/apps/flutter_full_svg_support/test/golden_comparison/golden_comparison_test.dart: Golden Comparison Tests Golden: clip_mask matches browser render               90:03 +3438 ~2 -10: /Users/denisnadey/apps/flutter_full_svg_support/test/golden_comparison/golden_comparison_test.dart: Golden Comparison Tests Golden: clip_mask matches browser render               90:04 +3438 ~2 -10: /Users/denisnadey/apps/flutter_full_svg_support/test/golden_comparison/golden_comparison_test.dart: Golden Comparison Tests Golden: clip_mask matches browser render               90:05 +3438 ~2 -10: /Users/denisnadey/apps/flutter_full_svg_support/test/golden_comparison/golden_comparison_test.dart: Golden Comparison Tests Golden: clip_mask matches browser render               90:06 +3438 ~2 -10: /Users/denisnadey/apps/flutter_full_svg_support/test/golden_comparison/golden_comparison_test.dart: Golden Comparison Tests Golden: clip_mask matches browser render               90:07 +3438 ~2 -10: /Users/denisnadey/apps/flutter_full_svg_support/test/golden_comparison/golden_comparison_test.dart: Golden Comparison Tests Golden: clip_mask matches browser render               90:08 +3438 ~2 -10: /Users/denisnadey/apps/flutter_full_svg_support/test/golden_comparison/golden_comparison_test.dart: Golden Comparison Tests Golden: clip_mask matches browser render               90:09 +3438 ~2 -10: /Users/denisnadey/apps/flutter_full_svg_support/test/golden_comparison/golden_comparison_test.dart: Golden Comparison Tests Golden: clip_mask matches browser render               90:10 +3438 ~2 -10: /Users/denisnadey/apps/flutter_full_svg_support/test/golden_comparison/golden_comparison_test.dart: Golden Comparison Tests Golden: clip_mask matches browser render               90:11 +3438 ~2 -10: /Users/denisnadey/apps/flutter_full_svg_support/test/golden_comparison/golden_comparison_test.dart: Golden Comparison Tests Golden: clip_mask matches browser render               90:12 +3438 ~2 -10: /Users/denisnadey/apps/flutter_full_svg_support/test/golden_comparison/golden_comparison_test.dart: Golden Comparison Tests Golden: clip_mask matches browser render               90:13 +3438 ~2 -10: /Users/denisnadey/apps/flutter_full_svg_support/test/golden_comparison/golden_comparison_test.dart: Golden Comparison Tests Golden: clip_mask matches browser render               90:14 +3438 ~2 -10: /Users/denisnadey/apps/flutter_full_svg_support/test/golden_comparison/golden_comparison_test.dart: Golden Comparison Tests Golden: clip_mask matches browser render               90:15 +3438 ~2 -10: /Users/denisnadey/apps/flutter_full_svg_support/test/golden_comparison/golden_comparison_test.dart: Golden Comparison Tests Golden: clip_mask matches browser render               90:16 +3438 ~2 -10: /Users/denisnadey/apps/flutter_full_svg_support/test/golden_comparison/golden_comparison_test.dart: Golden Comparison Tests Golden: clip_mask matches browser render               90:17 +3438 ~2 -10: /Users/denisnadey/apps/flutter_full_svg_support/test/golden_comparison/golden_comparison_test.dart: Golden Comparison Tests Golden: clip_mask matches browser render               90:18 +3438 ~2 -10: /Users/denisnadey/apps/flutter_full_svg_support/test/golden_comparison/golden_comparison_test.dart: Golden Comparison Tests Golden: clip_mask matches browser render               90:19 +3438 ~2 -10: /Users/denisnadey/apps/flutter_full_svg_support/test/golden_comparison/golden_comparison_test.dart: Golden Comparison Tests Golden: clip_mask matches browser render               90:20 +3438 ~2 -10: /Users/denisnadey/apps/flutter_full_svg_support/test/golden_comparison/golden_comparison_test.dart: Golden Comparison Tests Golden: clip_mask matches browser render               90:21 +3438 ~2 -10: /Users/denisnadey/apps/flutter_full_svg_support/test/golden_comparison/golden_comparison_test.dart: Golden Comparison Tests Golden: clip_mask matches browser render               90:22 +3438 ~2 -10: /Users/denisnadey/apps/flutter_full_svg_support/test/golden_comparison/golden_comparison_test.dart: Golden Comparison Tests Golden: clip_mask matches browser render               90:23 +3438 ~2 -10: /Users/denisnadey/apps/flutter_full_svg_support/test/golden_comparison/golden_comparison_test.dart: Golden Comparison Tests Golden: clip_mask matches browser render               90:24 +3438 ~2 -10: /Users/denisnadey/apps/flutter_full_svg_support/test/golden_comparison/golden_comparison_test.dart: Golden Comparison Tests Golden: clip_mask matches browser render               90:25 +3438 ~2 -10: /Users/denisnadey/apps/flutter_full_svg_support/test/golden_comparison/golden_comparison_test.dart: Golden Comparison Tests Golden: clip_mask matches browser render               90:26 +3438 ~2 -10: /Users/denisnadey/apps/flutter_full_svg_support/test/golden_comparison/golden_comparison_test.dart: Golden Comparison Tests Golden: clip_mask matches browser render               90:27 +3438 ~2 -10: /Users/denisnadey/apps/flutter_full_svg_support/test/golden_comparison/golden_comparison_test.dart: Golden Comparison Tests Golden: clip_mask matches browser render               90:28 +3438 ~2 -10: /Users/denisnadey/apps/flutter_full_svg_support/test/golden_comparison/golden_comparison_test.dart: Golden Comparison Tests Golden: clip_mask matches browser render               90:29 +3438 ~2 -10: /Users/denisnadey/apps/flutter_full_svg_support/test/golden_comparison/golden_comparison_test.dart: Golden Comparison Tests Golden: clip_mask matches browser render               90:30 +3438 ~2 -10: /Users/denisnadey/apps/flutter_full_svg_support/test/golden_comparison/golden_comparison_test.dart: Golden Comparison Tests Golden: clip_mask matches browser render               90:31 +3438 ~2 -10: /Users/denisnadey/apps/flutter_full_svg_support/test/golden_comparison/golden_comparison_test.dart: Golden Comparison Tests Golden: clip_mask matches browser render               90:32 +3438 ~2 -10: /Users/denisnadey/apps/flutter_full_svg_support/test/golden_comparison/golden_comparison_test.dart: Golden Comparison Tests Golden: clip_mask matches browser render               90:33 +3438 ~2 -10: /Users/denisnadey/apps/flutter_full_svg_support/test/golden_comparison/golden_comparison_test.dart: Golden Comparison Tests Golden: clip_mask matches browser render               90:34 +3438 ~2 -10: /Users/denisnadey/apps/flutter_full_svg_support/test/golden_comparison/golden_comparison_test.dart: Golden Comparison Tests Golden: clip_mask matches browser render               90:35 +3438 ~2 -10: /Users/denisnadey/apps/flutter_full_svg_support/test/golden_comparison/golden_comparison_test.dart: Golden Comparison Tests Golden: clip_mask matches browser render               90:36 +3438 ~2 -10: /Users/denisnadey/apps/flutter_full_svg_support/test/golden_comparison/golden_comparison_test.dart: Golden Comparison Tests Golden: clip_mask matches browser render               90:37 +3438 ~2 -10: /Users/denisnadey/apps/flutter_full_svg_support/test/golden_comparison/golden_comparison_test.dart: Golden Comparison Tests Golden: clip_mask matches browser render               90:38 +3438 ~2 -10: /Users/denisnadey/apps/flutter_full_svg_support/test/golden_comparison/golden_comparison_test.dart: Golden Comparison Tests Golden: clip_mask matches browser render               90:39 +3438 ~2 -10: /Users/denisnadey/apps/flutter_full_svg_support/test/golden_comparison/golden_comparison_test.dart: Golden Comparison Tests Golden: clip_mask matches browser render               90:40 +3438 ~2 -10: /Users/denisnadey/apps/flutter_full_svg_support/test/golden_comparison/golden_comparison_test.dart: Golden Comparison Tests Golden: clip_mask matches browser render               90:41 +3438 ~2 -10: /Users/denisnadey/apps/flutter_full_svg_support/test/golden_comparison/golden_comparison_test.dart: Golden Comparison Tests Golden: clip_mask matches browser render               90:42 +3438 ~2 -10: /Users/denisnadey/apps/flutter_full_svg_support/test/golden_comparison/golden_comparison_test.dart: Golden Comparison Tests Golden: clip_mask matches browser render               90:43 +3438 ~2 -10: /Users/denisnadey/apps/flutter_full_svg_support/test/golden_comparison/golden_comparison_test.dart: Golden Comparison Tests Golden: clip_mask matches browser render               90:44 +3438 ~2 -10: /Users/denisnadey/apps/flutter_full_svg_support/test/golden_comparison/golden_comparison_test.dart: Golden Comparison Tests Golden: clip_mask matches browser render               90:45 +3438 ~2 -10: /Users/denisnadey/apps/flutter_full_svg_support/test/golden_comparison/golden_comparison_test.dart: Golden Comparison Tests Golden: clip_mask matches browser render               90:46 +3438 ~2 -10: /Users/denisnadey/apps/flutter_full_svg_support/test/golden_comparison/golden_comparison_test.dart: Golden Comparison Tests Golden: clip_mask matches browser render               90:47 +3438 ~2 -10: /Users/denisnadey/apps/flutter_full_svg_support/test/golden_comparison/golden_comparison_test.dart: Golden Comparison Tests Golden: clip_mask matches browser render               90:48 +3438 ~2 -10: /Users/denisnadey/apps/flutter_full_svg_support/test/golden_comparison/golden_comparison_test.dart: Golden Comparison Tests Golden: clip_mask matches browser render               90:49 +3438 ~2 -10: /Users/denisnadey/apps/flutter_full_svg_support/test/golden_comparison/golden_comparison_test.dart: Golden Comparison Tests Golden: clip_mask matches browser render               90:50 +3438 ~2 -10: /Users/denisnadey/apps/flutter_full_svg_support/test/golden_comparison/golden_comparison_test.dart: Golden Comparison Tests Golden: clip_mask matches browser render               90:51 +3438 ~2 -10: /Users/denisnadey/apps/flutter_full_svg_support/test/golden_comparison/golden_comparison_test.dart: Golden Comparison Tests Golden: clip_mask matches browser render               90:52 +3438 ~2 -10: /Users/denisnadey/apps/flutter_full_svg_support/test/golden_comparison/golden_comparison_test.dart: Golden Comparison Tests Golden: clip_mask matches browser render               90:53 +3438 ~2 -10: /Users/denisnadey/apps/flutter_full_svg_support/test/golden_comparison/golden_comparison_test.dart: Golden Comparison Tests Golden: clip_mask matches browser render               90:54 +3438 ~2 -10: /Users/denisnadey/apps/flutter_full_svg_support/test/golden_comparison/golden_comparison_test.dart: Golden Comparison Tests Golden: clip_mask matches browser render               90:55 +3438 ~2 -10: /Users/denisnadey/apps/flutter_full_svg_support/test/golden_comparison/golden_comparison_test.dart: Golden Comparison Tests Golden: clip_mask matches browser render               90:56 +3438 ~2 -10: /Users/denisnadey/apps/flutter_full_svg_support/test/golden_comparison/golden_comparison_test.dart: Golden Comparison Tests Golden: clip_mask matches browser render               90:57 +3438 ~2 -10: /Users/denisnadey/apps/flutter_full_svg_support/test/golden_comparison/golden_comparison_test.dart: Golden Comparison Tests Golden: clip_mask matches browser render               90:58 +3438 ~2 -10: /Users/denisnadey/apps/flutter_full_svg_support/test/golden_comparison/golden_comparison_test.dart: Golden Comparison Tests Golden: clip_mask matches browser render               90:59 +3438 ~2 -10: /Users/denisnadey/apps/flutter_full_svg_support/test/golden_comparison/golden_comparison_test.dart: Golden Comparison Tests Golden: clip_mask matches browser render               91:00 +3438 ~2 -10: /Users/denisnadey/apps/flutter_full_svg_support/test/golden_comparison/golden_comparison_test.dart: Golden Comparison Tests Golden: clip_mask matches browser render               91:01 +3438 ~2 -10: /Users/denisnadey/apps/flutter_full_svg_support/test/golden_comparison/golden_comparison_test.dart: Golden Comparison Tests Golden: clip_mask matches browser render               91:02 +3438 ~2 -10: /Users/denisnadey/apps/flutter_full_svg_support/test/golden_comparison/golden_comparison_test.dart: Golden Comparison Tests Golden: clip_mask matches browser render               91:03 +3438 ~2 -10: /Users/denisnadey/apps/flutter_full_svg_support/test/golden_comparison/golden_comparison_test.dart: Golden Comparison Tests Golden: clip_mask matches browser render               91:04 +3438 ~2 -10: /Users/denisnadey/apps/flutter_full_svg_support/test/golden_comparison/golden_comparison_test.dart: Golden Comparison Tests Golden: clip_mask matches browser render               91:05 +3438 ~2 -10: /Users/denisnadey/apps/flutter_full_svg_support/test/golden_comparison/golden_comparison_test.dart: Golden Comparison Tests Golden: clip_mask matches browser render               91:06 +3438 ~2 -10: /Users/denisnadey/apps/flutter_full_svg_support/test/golden_comparison/golden_comparison_test.dart: Golden Comparison Tests Golden: clip_mask matches browser render               91:07 +3438 ~2 -10: /Users/denisnadey/apps/flutter_full_svg_support/test/golden_comparison/golden_comparison_test.dart: Golden Comparison Tests Golden: clip_mask matches browser render               91:08 +3438 ~2 -10: /Users/denisnadey/apps/flutter_full_svg_support/test/golden_comparison/golden_comparison_test.dart: Golden Comparison Tests Golden: clip_mask matches browser render               91:09 +3438 ~2 -10: /Users/denisnadey/apps/flutter_full_svg_support/test/golden_comparison/golden_comparison_test.dart: Golden Comparison Tests Golden: clip_mask matches browser render               91:10 +3438 ~2 -10: /Users/denisnadey/apps/flutter_full_svg_support/test/golden_comparison/golden_comparison_test.dart: Golden Comparison Tests Golden: clip_mask matches browser render               91:11 +3438 ~2 -10: /Users/denisnadey/apps/flutter_full_svg_support/test/golden_comparison/golden_comparison_test.dart: Golden Comparison Tests Golden: clip_mask matches browser render               91:12 +3438 ~2 -10: /Users/denisnadey/apps/flutter_full_svg_support/test/golden_comparison/golden_comparison_test.dart: Golden Comparison Tests Golden: clip_mask matches browser render               91:13 +3438 ~2 -10: /Users/denisnadey/apps/flutter_full_svg_support/test/golden_comparison/golden_comparison_test.dart: Golden Comparison Tests Golden: clip_mask matches browser render               91:14 +3438 ~2 -10: /Users/denisnadey/apps/flutter_full_svg_support/test/golden_comparison/golden_comparison_test.dart: Golden Comparison Tests Golden: clip_mask matches browser render               91:15 +3438 ~2 -10: /Users/denisnadey/apps/flutter_full_svg_support/test/golden_comparison/golden_comparison_test.dart: Golden Comparison Tests Golden: clip_mask matches browser render               91:16 +3438 ~2 -10: /Users/denisnadey/apps/flutter_full_svg_support/test/golden_comparison/golden_comparison_test.dart: Golden Comparison Tests Golden: clip_mask matches browser render               91:17 +3438 ~2 -10: /Users/denisnadey/apps/flutter_full_svg_support/test/golden_comparison/golden_comparison_test.dart: Golden Comparison Tests Golden: clip_mask matches browser render               91:18 +3438 ~2 -10: /Users/denisnadey/apps/flutter_full_svg_support/test/golden_comparison/golden_comparison_test.dart: Golden Comparison Tests Golden: clip_mask matches browser render               91:19 +3438 ~2 -10: /Users/denisnadey/apps/flutter_full_svg_support/test/golden_comparison/golden_comparison_test.dart: Golden Comparison Tests Golden: clip_mask matches browser render               91:20 +3438 ~2 -10: /Users/denisnadey/apps/flutter_full_svg_support/test/golden_comparison/golden_comparison_test.dart: Golden Comparison Tests Golden: clip_mask matches browser render               91:21 +3438 ~2 -10: /Users/denisnadey/apps/flutter_full_svg_support/test/golden_comparison/golden_comparison_test.dart: Golden Comparison Tests Golden: clip_mask matches browser render               91:22 +3438 ~2 -10: /Users/denisnadey/apps/flutter_full_svg_support/test/golden_comparison/golden_comparison_test.dart: Golden Comparison Tests Golden: clip_mask matches browser render               91:23 +3438 ~2 -10: /Users/denisnadey/apps/flutter_full_svg_support/test/golden_comparison/golden_comparison_test.dart: Golden Comparison Tests Golden: clip_mask matches browser render               91:24 +3438 ~2 -10: /Users/denisnadey/apps/flutter_full_svg_support/test/golden_comparison/golden_comparison_test.dart: Golden Comparison Tests Golden: clip_mask matches browser render               91:25 +3438 ~2 -10: /Users/denisnadey/apps/flutter_full_svg_support/test/golden_comparison/golden_comparison_test.dart: Golden Comparison Tests Golden: clip_mask matches browser render               91:26 +3438 ~2 -10: /Users/denisnadey/apps/flutter_full_svg_support/test/golden_comparison/golden_comparison_test.dart: Golden Comparison Tests Golden: clip_mask matches browser render               91:27 +3438 ~2 -10: /Users/denisnadey/apps/flutter_full_svg_support/test/golden_comparison/golden_comparison_test.dart: Golden Comparison Tests Golden: clip_mask matches browser render               91:28 +3438 ~2 -10: /Users/denisnadey/apps/flutter_full_svg_support/test/golden_comparison/golden_comparison_test.dart: Golden Comparison Tests Golden: clip_mask matches browser render               91:29 +3438 ~2 -10: /Users/denisnadey/apps/flutter_full_svg_support/test/golden_comparison/golden_comparison_test.dart: Golden Comparison Tests Golden: clip_mask matches browser render               91:30 +3438 ~2 -10: /Users/denisnadey/apps/flutter_full_svg_support/test/golden_comparison/golden_comparison_test.dart: Golden Comparison Tests Golden: clip_mask matches browser render               91:31 +3438 ~2 -10: /Users/denisnadey/apps/flutter_full_svg_support/test/golden_comparison/golden_comparison_test.dart: Golden Comparison Tests Golden: clip_mask matches browser render               91:32 +3438 ~2 -10: /Users/denisnadey/apps/flutter_full_svg_support/test/golden_comparison/golden_comparison_test.dart: Golden Comparison Tests Golden: clip_mask matches browser render               91:33 +3438 ~2 -10: /Users/denisnadey/apps/flutter_full_svg_support/test/golden_comparison/golden_comparison_test.dart: Golden Comparison Tests Golden: clip_mask matches browser render               91:34 +3438 ~2 -10: /Users/denisnadey/apps/flutter_full_svg_support/test/golden_comparison/golden_comparison_test.dart: Golden Comparison Tests Golden: clip_mask matches browser render               91:35 +3438 ~2 -10: /Users/denisnadey/apps/flutter_full_svg_support/test/golden_comparison/golden_comparison_test.dart: Golden Comparison Tests Golden: clip_mask matches browser render               91:36 +3438 ~2 -10: /Users/denisnadey/apps/flutter_full_svg_support/test/golden_comparison/golden_comparison_test.dart: Golden Comparison Tests Golden: clip_mask matches browser render               91:37 +3438 ~2 -10: /Users/denisnadey/apps/flutter_full_svg_support/test/golden_comparison/golden_comparison_test.dart: Golden Comparison Tests Golden: clip_mask matches browser render               91:38 +3438 ~2 -10: /Users/denisnadey/apps/flutter_full_svg_support/test/golden_comparison/golden_comparison_test.dart: Golden Comparison Tests Golden: clip_mask matches browser render               91:39 +3438 ~2 -10: /Users/denisnadey/apps/flutter_full_svg_support/test/golden_comparison/golden_comparison_test.dart: Golden Comparison Tests Golden: clip_mask matches browser render               91:40 +3438 ~2 -10: /Users/denisnadey/apps/flutter_full_svg_support/test/golden_comparison/golden_comparison_test.dart: Golden Comparison Tests Golden: clip_mask matches browser render               91:41 +3438 ~2 -10: /Users/denisnadey/apps/flutter_full_svg_support/test/golden_comparison/golden_comparison_test.dart: Golden Comparison Tests Golden: clip_mask matches browser render               91:42 +3438 ~2 -10: /Users/denisnadey/apps/flutter_full_svg_support/test/golden_comparison/golden_comparison_test.dart: Golden Comparison Tests Golden: clip_mask matches browser render               91:43 +3438 ~2 -10: /Users/denisnadey/apps/flutter_full_svg_support/test/golden_comparison/golden_comparison_test.dart: Golden Comparison Tests Golden: clip_mask matches browser render               91:44 +3438 ~2 -10: /Users/denisnadey/apps/flutter_full_svg_support/test/golden_comparison/golden_comparison_test.dart: Golden Comparison Tests Golden: clip_mask matches browser render               91:45 +3438 ~2 -10: /Users/denisnadey/apps/flutter_full_svg_support/test/golden_comparison/golden_comparison_test.dart: Golden Comparison Tests Golden: clip_mask matches browser render               91:46 +3438 ~2 -10: /Users/denisnadey/apps/flutter_full_svg_support/test/golden_comparison/golden_comparison_test.dart: Golden Comparison Tests Golden: clip_mask matches browser render               91:47 +3438 ~2 -10: /Users/denisnadey/apps/flutter_full_svg_support/test/golden_comparison/golden_comparison_test.dart: Golden Comparison Tests Golden: clip_mask matches browser render               91:48 +3438 ~2 -10: /Users/denisnadey/apps/flutter_full_svg_support/test/golden_comparison/golden_comparison_test.dart: Golden Comparison Tests Golden: clip_mask matches browser render               91:49 +3438 ~2 -10: /Users/denisnadey/apps/flutter_full_svg_support/test/golden_comparison/golden_comparison_test.dart: Golden Comparison Tests Golden: clip_mask matches browser render               91:50 +3438 ~2 -10: /Users/denisnadey/apps/flutter_full_svg_support/test/golden_comparison/golden_comparison_test.dart: Golden Comparison Tests Golden: clip_mask matches browser render               91:51 +3438 ~2 -10: /Users/denisnadey/apps/flutter_full_svg_support/test/golden_comparison/golden_comparison_test.dart: Golden Comparison Tests Golden: clip_mask matches browser render               91:52 +3438 ~2 -10: /Users/denisnadey/apps/flutter_full_svg_support/test/golden_comparison/golden_comparison_test.dart: Golden Comparison Tests Golden: clip_mask matches browser render               91:53 +3438 ~2 -10: /Users/denisnadey/apps/flutter_full_svg_support/test/golden_comparison/golden_comparison_test.dart: Golden Comparison Tests Golden: clip_mask matches browser render               91:54 +3438 ~2 -10: /Users/denisnadey/apps/flutter_full_svg_support/test/golden_comparison/golden_comparison_test.dart: Golden Comparison Tests Golden: clip_mask matches browser render               91:55 +3438 ~2 -10: /Users/denisnadey/apps/flutter_full_svg_support/test/golden_comparison/golden_comparison_test.dart: Golden Comparison Tests Golden: clip_mask matches browser render               91:56 +3438 ~2 -10: /Users/denisnadey/apps/flutter_full_svg_support/test/golden_comparison/golden_comparison_test.dart: Golden Comparison Tests Golden: clip_mask matches browser render               91:57 +3438 ~2 -10: /Users/denisnadey/apps/flutter_full_svg_support/test/golden_comparison/golden_comparison_test.dart: Golden Comparison Tests Golden: clip_mask matches browser render               91:58 +3438 ~2 -10: /Users/denisnadey/apps/flutter_full_svg_support/test/golden_comparison/golden_comparison_test.dart: Golden Comparison Tests Golden: clip_mask matches browser render               91:59 +3438 ~2 -10: /Users/denisnadey/apps/flutter_full_svg_support/test/golden_comparison/golden_comparison_test.dart: Golden Comparison Tests Golden: clip_mask matches browser render               92:00 +3438 ~2 -10: /Users/denisnadey/apps/flutter_full_svg_support/test/golden_comparison/golden_comparison_test.dart: Golden Comparison Tests Golden: clip_mask matches browser render               92:01 +3438 ~2 -10: /Users/denisnadey/apps/flutter_full_svg_support/test/golden_comparison/golden_comparison_test.dart: Golden Comparison Tests Golden: clip_mask matches browser render               92:02 +3438 ~2 -10: /Users/denisnadey/apps/flutter_full_svg_support/test/golden_comparison/golden_comparison_test.dart: Golden Comparison Tests Golden: clip_mask matches browser render               92:03 +3438 ~2 -10: /Users/denisnadey/apps/flutter_full_svg_support/test/golden_comparison/golden_comparison_test.dart: Golden Comparison Tests Golden: clip_mask matches browser render               92:04 +3438 ~2 -10: /Users/denisnadey/apps/flutter_full_svg_support/test/golden_comparison/golden_comparison_test.dart: Golden Comparison Tests Golden: clip_mask matches browser render               92:05 +3438 ~2 -10: /Users/denisnadey/apps/flutter_full_svg_support/test/golden_comparison/golden_comparison_test.dart: Golden Comparison Tests Golden: clip_mask matches browser render               92:06 +3438 ~2 -10: /Users/denisnadey/apps/flutter_full_svg_support/test/golden_comparison/golden_comparison_test.dart: Golden Comparison Tests Golden: clip_mask matches browser render               92:07 +3438 ~2 -10: /Users/denisnadey/apps/flutter_full_svg_support/test/golden_comparison/golden_comparison_test.dart: Golden Comparison Tests Golden: clip_mask matches browser render               92:08 +3438 ~2 -10: /Users/denisnadey/apps/flutter_full_svg_support/test/golden_comparison/golden_comparison_test.dart: Golden Comparison Tests Golden: clip_mask matches browser render               92:09 +3438 ~2 -10: /Users/denisnadey/apps/flutter_full_svg_support/test/golden_comparison/golden_comparison_test.dart: Golden Comparison Tests Golden: clip_mask matches browser render               92:10 +3438 ~2 -10: /Users/denisnadey/apps/flutter_full_svg_support/test/golden_comparison/golden_comparison_test.dart: Golden Comparison Tests Golden: clip_mask matches browser render               92:11 +3438 ~2 -10: /Users/denisnadey/apps/flutter_full_svg_support/test/golden_comparison/golden_comparison_test.dart: Golden Comparison Tests Golden: clip_mask matches browser render               92:12 +3438 ~2 -10: /Users/denisnadey/apps/flutter_full_svg_support/test/golden_comparison/golden_comparison_test.dart: Golden Comparison Tests Golden: clip_mask matches browser render               92:13 +3438 ~2 -10: /Users/denisnadey/apps/flutter_full_svg_support/test/golden_comparison/golden_comparison_test.dart: Golden Comparison Tests Golden: clip_mask matches browser render               92:14 +3438 ~2 -10: /Users/denisnadey/apps/flutter_full_svg_support/test/golden_comparison/golden_comparison_test.dart: Golden Comparison Tests Golden: clip_mask matches browser render               92:15 +3438 ~2 -10: /Users/denisnadey/apps/flutter_full_svg_support/test/golden_comparison/golden_comparison_test.dart: Golden Comparison Tests Golden: clip_mask matches browser render               92:16 +3438 ~2 -10: /Users/denisnadey/apps/flutter_full_svg_support/test/golden_comparison/golden_comparison_test.dart: Golden Comparison Tests Golden: clip_mask matches browser render               92:17 +3438 ~2 -10: /Users/denisnadey/apps/flutter_full_svg_support/test/golden_comparison/golden_comparison_test.dart: Golden Comparison Tests Golden: clip_mask matches browser render               92:18 +3438 ~2 -10: /Users/denisnadey/apps/flutter_full_svg_support/test/golden_comparison/golden_comparison_test.dart: Golden Comparison Tests Golden: clip_mask matches browser render               92:19 +3438 ~2 -10: /Users/denisnadey/apps/flutter_full_svg_support/test/golden_comparison/golden_comparison_test.dart: Golden Comparison Tests Golden: clip_mask matches browser render               92:20 +3438 ~2 -10: /Users/denisnadey/apps/flutter_full_svg_support/test/golden_comparison/golden_comparison_test.dart: Golden Comparison Tests Golden: clip_mask matches browser render               92:21 +3438 ~2 -10: /Users/denisnadey/apps/flutter_full_svg_support/test/golden_comparison/golden_comparison_test.dart: Golden Comparison Tests Golden: clip_mask matches browser render               92:22 +3438 ~2 -10: /Users/denisnadey/apps/flutter_full_svg_support/test/golden_comparison/golden_comparison_test.dart: Golden Comparison Tests Golden: clip_mask matches browser render               92:23 +3438 ~2 -10: /Users/denisnadey/apps/flutter_full_svg_support/test/golden_comparison/golden_comparison_test.dart: Golden Comparison Tests Golden: clip_mask matches browser render               92:24 +3438 ~2 -10: /Users/denisnadey/apps/flutter_full_svg_support/test/golden_comparison/golden_comparison_test.dart: Golden Comparison Tests Golden: clip_mask matches browser render               92:25 +3438 ~2 -10: /Users/denisnadey/apps/flutter_full_svg_support/test/golden_comparison/golden_comparison_test.dart: Golden Comparison Tests Golden: clip_mask matches browser render               92:26 +3438 ~2 -10: /Users/denisnadey/apps/flutter_full_svg_support/test/golden_comparison/golden_comparison_test.dart: Golden Comparison Tests Golden: clip_mask matches browser render               92:27 +3438 ~2 -10: /Users/denisnadey/apps/flutter_full_svg_support/test/golden_comparison/golden_comparison_test.dart: Golden Comparison Tests Golden: clip_mask matches browser render               92:28 +3438 ~2 -10: /Users/denisnadey/apps/flutter_full_svg_support/test/golden_comparison/golden_comparison_test.dart: Golden Comparison Tests Golden: clip_mask matches browser render               92:29 +3438 ~2 -10: /Users/denisnadey/apps/flutter_full_svg_support/test/golden_comparison/golden_comparison_test.dart: Golden Comparison Tests Golden: clip_mask matches browser render               92:30 +3438 ~2 -10: /Users/denisnadey/apps/flutter_full_svg_support/test/golden_comparison/golden_comparison_test.dart: Golden Comparison Tests Golden: clip_mask matches browser render               92:31 +3438 ~2 -10: /Users/denisnadey/apps/flutter_full_svg_support/test/golden_comparison/golden_comparison_test.dart: Golden Comparison Tests Golden: clip_mask matches browser render               92:32 +3438 ~2 -10: /Users/denisnadey/apps/flutter_full_svg_support/test/golden_comparison/golden_comparison_test.dart: Golden Comparison Tests Golden: clip_mask matches browser render               92:33 +3438 ~2 -10: /Users/denisnadey/apps/flutter_full_svg_support/test/golden_comparison/golden_comparison_test.dart: Golden Comparison Tests Golden: clip_mask matches browser render               92:34 +3438 ~2 -10: /Users/denisnadey/apps/flutter_full_svg_support/test/golden_comparison/golden_comparison_test.dart: Golden Comparison Tests Golden: clip_mask matches browser render               92:35 +3438 ~2 -10: /Users/denisnadey/apps/flutter_full_svg_support/test/golden_comparison/golden_comparison_test.dart: Golden Comparison Tests Golden: clip_mask matches browser render               92:36 +3438 ~2 -10: /Users/denisnadey/apps/flutter_full_svg_support/test/golden_comparison/golden_comparison_test.dart: Golden Comparison Tests Golden: clip_mask matches browser render               92:37 +3438 ~2 -10: /Users/denisnadey/apps/flutter_full_svg_support/test/golden_comparison/golden_comparison_test.dart: Golden Comparison Tests Golden: clip_mask matches browser render               92:38 +3438 ~2 -10: /Users/denisnadey/apps/flutter_full_svg_support/test/golden_comparison/golden_comparison_test.dart: Golden Comparison Tests Golden: clip_mask matches browser render               92:39 +3438 ~2 -10: /Users/denisnadey/apps/flutter_full_svg_support/test/golden_comparison/golden_comparison_test.dart: Golden Comparison Tests Golden: clip_mask matches browser render               92:40 +3438 ~2 -10: /Users/denisnadey/apps/flutter_full_svg_support/test/golden_comparison/golden_comparison_test.dart: Golden Comparison Tests Golden: clip_mask matches browser render               92:41 +3438 ~2 -10: /Users/denisnadey/apps/flutter_full_svg_support/test/golden_comparison/golden_comparison_test.dart: Golden Comparison Tests Golden: clip_mask matches browser render               92:42 +3438 ~2 -10: /Users/denisnadey/apps/flutter_full_svg_support/test/golden_comparison/golden_comparison_test.dart: Golden Comparison Tests Golden: clip_mask matches browser render               92:43 +3438 ~2 -10: /Users/denisnadey/apps/flutter_full_svg_support/test/golden_comparison/golden_comparison_test.dart: Golden Comparison Tests Golden: clip_mask matches browser render               92:44 +3438 ~2 -10: /Users/denisnadey/apps/flutter_full_svg_support/test/golden_comparison/golden_comparison_test.dart: Golden Comparison Tests Golden: clip_mask matches browser render               92:45 +3438 ~2 -10: /Users/denisnadey/apps/flutter_full_svg_support/test/golden_comparison/golden_comparison_test.dart: Golden Comparison Tests Golden: clip_mask matches browser render               92:46 +3438 ~2 -10: /Users/denisnadey/apps/flutter_full_svg_support/test/golden_comparison/golden_comparison_test.dart: Golden Comparison Tests Golden: clip_mask matches browser render               92:47 +3438 ~2 -10: /Users/denisnadey/apps/flutter_full_svg_support/test/golden_comparison/golden_comparison_test.dart: Golden Comparison Tests Golden: clip_mask matches browser render               92:48 +3438 ~2 -10: /Users/denisnadey/apps/flutter_full_svg_support/test/golden_comparison/golden_comparison_test.dart: Golden Comparison Tests Golden: clip_mask matches browser render               92:49 +3438 ~2 -10: /Users/denisnadey/apps/flutter_full_svg_support/test/golden_comparison/golden_comparison_test.dart: Golden Comparison Tests Golden: clip_mask matches browser render               92:50 +3438 ~2 -10: /Users/denisnadey/apps/flutter_full_svg_support/test/golden_comparison/golden_comparison_test.dart: Golden Comparison Tests Golden: clip_mask matches browser render               92:51 +3438 ~2 -10: /Users/denisnadey/apps/flutter_full_svg_support/test/golden_comparison/golden_comparison_test.dart: Golden Comparison Tests Golden: clip_mask matches browser render               92:52 +3438 ~2 -10: /Users/denisnadey/apps/flutter_full_svg_support/test/golden_comparison/golden_comparison_test.dart: Golden Comparison Tests Golden: clip_mask matches browser render               92:53 +3438 ~2 -10: /Users/denisnadey/apps/flutter_full_svg_support/test/golden_comparison/golden_comparison_test.dart: Golden Comparison Tests Golden: clip_mask matches browser render               92:54 +3438 ~2 -10: /Users/denisnadey/apps/flutter_full_svg_support/test/golden_comparison/golden_comparison_test.dart: Golden Comparison Tests Golden: clip_mask matches browser render               92:55 +3438 ~2 -10: /Users/denisnadey/apps/flutter_full_svg_support/test/golden_comparison/golden_comparison_test.dart: Golden Comparison Tests Golden: clip_mask matches browser render               92:56 +3438 ~2 -10: /Users/denisnadey/apps/flutter_full_svg_support/test/golden_comparison/golden_comparison_test.dart: Golden Comparison Tests Golden: clip_mask matches browser render               92:57 +3438 ~2 -10: /Users/denisnadey/apps/flutter_full_svg_support/test/golden_comparison/golden_comparison_test.dart: Golden Comparison Tests Golden: clip_mask matches browser render               92:58 +3438 ~2 -10: /Users/denisnadey/apps/flutter_full_svg_support/test/golden_comparison/golden_comparison_test.dart: Golden Comparison Tests Golden: clip_mask matches browser render               92:59 +3438 ~2 -10: /Users/denisnadey/apps/flutter_full_svg_support/test/golden_comparison/golden_comparison_test.dart: Golden Comparison Tests Golden: clip_mask matches browser render               93:00 +3438 ~2 -10: /Users/denisnadey/apps/flutter_full_svg_support/test/golden_comparison/golden_comparison_test.dart: Golden Comparison Tests Golden: clip_mask matches browser render               93:01 +3438 ~2 -10: /Users/denisnadey/apps/flutter_full_svg_support/test/golden_comparison/golden_comparison_test.dart: Golden Comparison Tests Golden: clip_mask matches browser render               93:02 +3438 ~2 -10: /Users/denisnadey/apps/flutter_full_svg_support/test/golden_comparison/golden_comparison_test.dart: Golden Comparison Tests Golden: clip_mask matches browser render               93:03 +3438 ~2 -10: /Users/denisnadey/apps/flutter_full_svg_support/test/golden_comparison/golden_comparison_test.dart: Golden Comparison Tests Golden: clip_mask matches browser render               93:04 +3438 ~2 -10: /Users/denisnadey/apps/flutter_full_svg_support/test/golden_comparison/golden_comparison_test.dart: Golden Comparison Tests Golden: clip_mask matches browser render               93:05 +3438 ~2 -10: /Users/denisnadey/apps/flutter_full_svg_support/test/golden_comparison/golden_comparison_test.dart: Golden Comparison Tests Golden: clip_mask matches browser render               93:06 +3438 ~2 -10: /Users/denisnadey/apps/flutter_full_svg_support/test/golden_comparison/golden_comparison_test.dart: Golden Comparison Tests Golden: clip_mask matches browser render               93:07 +3438 ~2 -10: /Users/denisnadey/apps/flutter_full_svg_support/test/golden_comparison/golden_comparison_test.dart: Golden Comparison Tests Golden: clip_mask matches browser render               93:08 +3438 ~2 -10: /Users/denisnadey/apps/flutter_full_svg_support/test/golden_comparison/golden_comparison_test.dart: Golden Comparison Tests Golden: clip_mask matches browser render               93:09 +3438 ~2 -10: /Users/denisnadey/apps/flutter_full_svg_support/test/golden_comparison/golden_comparison_test.dart: Golden Comparison Tests Golden: clip_mask matches browser render               93:10 +3438 ~2 -10: /Users/denisnadey/apps/flutter_full_svg_support/test/golden_comparison/golden_comparison_test.dart: Golden Comparison Tests Golden: clip_mask matches browser render               93:11 +3438 ~2 -10: /Users/denisnadey/apps/flutter_full_svg_support/test/golden_comparison/golden_comparison_test.dart: Golden Comparison Tests Golden: clip_mask matches browser render               93:12 +3438 ~2 -10: /Users/denisnadey/apps/flutter_full_svg_support/test/golden_comparison/golden_comparison_test.dart: Golden Comparison Tests Golden: clip_mask matches browser render               93:13 +3438 ~2 -10: /Users/denisnadey/apps/flutter_full_svg_support/test/golden_comparison/golden_comparison_test.dart: Golden Comparison Tests Golden: clip_mask matches browser render               93:14 +3438 ~2 -10: /Users/denisnadey/apps/flutter_full_svg_support/test/golden_comparison/golden_comparison_test.dart: Golden Comparison Tests Golden: clip_mask matches browser render               93:15 +3438 ~2 -10: /Users/denisnadey/apps/flutter_full_svg_support/test/golden_comparison/golden_comparison_test.dart: Golden Comparison Tests Golden: clip_mask matches browser render               93:16 +3438 ~2 -10: /Users/denisnadey/apps/flutter_full_svg_support/test/golden_comparison/golden_comparison_test.dart: Golden Comparison Tests Golden: clip_mask matches browser render               93:17 +3438 ~2 -10: /Users/denisnadey/apps/flutter_full_svg_support/test/golden_comparison/golden_comparison_test.dart: Golden Comparison Tests Golden: clip_mask matches browser render               93:18 +3438 ~2 -10: /Users/denisnadey/apps/flutter_full_svg_support/test/golden_comparison/golden_comparison_test.dart: Golden Comparison Tests Golden: clip_mask matches browser render               93:19 +3438 ~2 -10: /Users/denisnadey/apps/flutter_full_svg_support/test/golden_comparison/golden_comparison_test.dart: Golden Comparison Tests Golden: clip_mask matches browser render               93:20 +3438 ~2 -10: /Users/denisnadey/apps/flutter_full_svg_support/test/golden_comparison/golden_comparison_test.dart: Golden Comparison Tests Golden: clip_mask matches browser render               93:21 +3438 ~2 -10: /Users/denisnadey/apps/flutter_full_svg_support/test/golden_comparison/golden_comparison_test.dart: Golden Comparison Tests Golden: clip_mask matches browser render               93:22 +3438 ~2 -10: /Users/denisnadey/apps/flutter_full_svg_support/test/golden_comparison/golden_comparison_test.dart: Golden Comparison Tests Golden: clip_mask matches browser render               93:23 +3438 ~2 -10: /Users/denisnadey/apps/flutter_full_svg_support/test/golden_comparison/golden_comparison_test.dart: Golden Comparison Tests Golden: clip_mask matches browser render               93:24 +3438 ~2 -10: /Users/denisnadey/apps/flutter_full_svg_support/test/golden_comparison/golden_comparison_test.dart: Golden Comparison Tests Golden: clip_mask matches browser render               93:25 +3438 ~2 -10: /Users/denisnadey/apps/flutter_full_svg_support/test/golden_comparison/golden_comparison_test.dart: Golden Comparison Tests Golden: clip_mask matches browser render               93:26 +3438 ~2 -10: /Users/denisnadey/apps/flutter_full_svg_support/test/golden_comparison/golden_comparison_test.dart: Golden Comparison Tests Golden: clip_mask matches browser render               93:27 +3438 ~2 -10: /Users/denisnadey/apps/flutter_full_svg_support/test/golden_comparison/golden_comparison_test.dart: Golden Comparison Tests Golden: clip_mask matches browser render               93:28 +3438 ~2 -10: /Users/denisnadey/apps/flutter_full_svg_support/test/golden_comparison/golden_comparison_test.dart: Golden Comparison Tests Golden: clip_mask matches browser render               93:29 +3438 ~2 -10: /Users/denisnadey/apps/flutter_full_svg_support/test/golden_comparison/golden_comparison_test.dart: Golden Comparison Tests Golden: clip_mask matches browser render               93:30 +3438 ~2 -10: /Users/denisnadey/apps/flutter_full_svg_support/test/golden_comparison/golden_comparison_test.dart: Golden Comparison Tests Golden: clip_mask matches browser render               93:31 +3438 ~2 -10: /Users/denisnadey/apps/flutter_full_svg_support/test/golden_comparison/golden_comparison_test.dart: Golden Comparison Tests Golden: clip_mask matches browser render               93:32 +3438 ~2 -10: /Users/denisnadey/apps/flutter_full_svg_support/test/golden_comparison/golden_comparison_test.dart: Golden Comparison Tests Golden: clip_mask matches browser render               93:33 +3438 ~2 -10: /Users/denisnadey/apps/flutter_full_svg_support/test/golden_comparison/golden_comparison_test.dart: Golden Comparison Tests Golden: clip_mask matches browser render               93:34 +3438 ~2 -10: /Users/denisnadey/apps/flutter_full_svg_support/test/golden_comparison/golden_comparison_test.dart: Golden Comparison Tests Golden: clip_mask matches browser render               93:35 +3438 ~2 -10: /Users/denisnadey/apps/flutter_full_svg_support/test/golden_comparison/golden_comparison_test.dart: Golden Comparison Tests Golden: clip_mask matches browser render               93:36 +3438 ~2 -10: /Users/denisnadey/apps/flutter_full_svg_support/test/golden_comparison/golden_comparison_test.dart: Golden Comparison Tests Golden: clip_mask matches browser render               93:37 +3438 ~2 -10: /Users/denisnadey/apps/flutter_full_svg_support/test/golden_comparison/golden_comparison_test.dart: Golden Comparison Tests Golden: clip_mask matches browser render               93:38 +3438 ~2 -10: /Users/denisnadey/apps/flutter_full_svg_support/test/golden_comparison/golden_comparison_test.dart: Golden Comparison Tests Golden: clip_mask matches browser render               93:39 +3438 ~2 -10: /Users/denisnadey/apps/flutter_full_svg_support/test/golden_comparison/golden_comparison_test.dart: Golden Comparison Tests Golden: clip_mask matches browser render               93:40 +3438 ~2 -10: /Users/denisnadey/apps/flutter_full_svg_support/test/golden_comparison/golden_comparison_test.dart: Golden Comparison Tests Golden: clip_mask matches browser render               93:41 +3438 ~2 -10: /Users/denisnadey/apps/flutter_full_svg_support/test/golden_comparison/golden_comparison_test.dart: Golden Comparison Tests Golden: clip_mask matches browser render               93:42 +3438 ~2 -10: /Users/denisnadey/apps/flutter_full_svg_support/test/golden_comparison/golden_comparison_test.dart: Golden Comparison Tests Golden: clip_mask matches browser render               93:43 +3438 ~2 -10: /Users/denisnadey/apps/flutter_full_svg_support/test/golden_comparison/golden_comparison_test.dart: Golden Comparison Tests Golden: clip_mask matches browser render               93:44 +3438 ~2 -10: /Users/denisnadey/apps/flutter_full_svg_support/test/golden_comparison/golden_comparison_test.dart: Golden Comparison Tests Golden: clip_mask matches browser render               93:45 +3438 ~2 -10: /Users/denisnadey/apps/flutter_full_svg_support/test/golden_comparison/golden_comparison_test.dart: Golden Comparison Tests Golden: clip_mask matches browser render               93:46 +3438 ~2 -10: /Users/denisnadey/apps/flutter_full_svg_support/test/golden_comparison/golden_comparison_test.dart: Golden Comparison Tests Golden: clip_mask matches browser render               93:47 +3438 ~2 -10: /Users/denisnadey/apps/flutter_full_svg_support/test/golden_comparison/golden_comparison_test.dart: Golden Comparison Tests Golden: clip_mask matches browser render               93:48 +3438 ~2 -10: /Users/denisnadey/apps/flutter_full_svg_support/test/golden_comparison/golden_comparison_test.dart: Golden Comparison Tests Golden: clip_mask matches browser render               93:49 +3438 ~2 -10: /Users/denisnadey/apps/flutter_full_svg_support/test/golden_comparison/golden_comparison_test.dart: Golden Comparison Tests Golden: clip_mask matches browser render               93:50 +3438 ~2 -10: /Users/denisnadey/apps/flutter_full_svg_support/test/golden_comparison/golden_comparison_test.dart: Golden Comparison Tests Golden: clip_mask matches browser render               93:51 +3438 ~2 -10: /Users/denisnadey/apps/flutter_full_svg_support/test/golden_comparison/golden_comparison_test.dart: Golden Comparison Tests Golden: clip_mask matches browser render               93:52 +3438 ~2 -10: /Users/denisnadey/apps/flutter_full_svg_support/test/golden_comparison/golden_comparison_test.dart: Golden Comparison Tests Golden: clip_mask matches browser render               93:53 +3438 ~2 -10: /Users/denisnadey/apps/flutter_full_svg_support/test/golden_comparison/golden_comparison_test.dart: Golden Comparison Tests Golden: clip_mask matches browser render               93:54 +3438 ~2 -10: /Users/denisnadey/apps/flutter_full_svg_support/test/golden_comparison/golden_comparison_test.dart: Golden Comparison Tests Golden: clip_mask matches browser render               93:55 +3438 ~2 -10: /Users/denisnadey/apps/flutter_full_svg_support/test/golden_comparison/golden_comparison_test.dart: Golden Comparison Tests Golden: clip_mask matches browser render               93:56 +3438 ~2 -10: /Users/denisnadey/apps/flutter_full_svg_support/test/golden_comparison/golden_comparison_test.dart: Golden Comparison Tests Golden: clip_mask matches browser render               93:57 +3438 ~2 -10: /Users/denisnadey/apps/flutter_full_svg_support/test/golden_comparison/golden_comparison_test.dart: Golden Comparison Tests Golden: clip_mask matches browser render               93:58 +3438 ~2 -10: /Users/denisnadey/apps/flutter_full_svg_support/test/golden_comparison/golden_comparison_test.dart: Golden Comparison Tests Golden: clip_mask matches browser render               93:59 +3438 ~2 -10: /Users/denisnadey/apps/flutter_full_svg_support/test/golden_comparison/golden_comparison_test.dart: Golden Comparison Tests Golden: clip_mask matches browser render               94:00 +3438 ~2 -10: /Users/denisnadey/apps/flutter_full_svg_support/test/golden_comparison/golden_comparison_test.dart: Golden Comparison Tests Golden: clip_mask matches browser render               94:01 +3438 ~2 -10: /Users/denisnadey/apps/flutter_full_svg_support/test/golden_comparison/golden_comparison_test.dart: Golden Comparison Tests Golden: clip_mask matches browser render               94:02 +3438 ~2 -10: /Users/denisnadey/apps/flutter_full_svg_support/test/golden_comparison/golden_comparison_test.dart: Golden Comparison Tests Golden: clip_mask matches browser render               94:03 +3438 ~2 -10: /Users/denisnadey/apps/flutter_full_svg_support/test/golden_comparison/golden_comparison_test.dart: Golden Comparison Tests Golden: clip_mask matches browser render               94:04 +3438 ~2 -10: /Users/denisnadey/apps/flutter_full_svg_support/test/golden_comparison/golden_comparison_test.dart: Golden Comparison Tests Golden: clip_mask matches browser render               94:05 +3438 ~2 -10: /Users/denisnadey/apps/flutter_full_svg_support/test/golden_comparison/golden_comparison_test.dart: Golden Comparison Tests Golden: clip_mask matches browser render               94:06 +3438 ~2 -10: /Users/denisnadey/apps/flutter_full_svg_support/test/golden_comparison/golden_comparison_test.dart: Golden Comparison Tests Golden: clip_mask matches browser render               94:07 +3438 ~2 -10: /Users/denisnadey/apps/flutter_full_svg_support/test/golden_comparison/golden_comparison_test.dart: Golden Comparison Tests Golden: clip_mask matches browser render               94:08 +3438 ~2 -10: /Users/denisnadey/apps/flutter_full_svg_support/test/golden_comparison/golden_comparison_test.dart: Golden Comparison Tests Golden: clip_mask matches browser render               94:09 +3438 ~2 -10: /Users/denisnadey/apps/flutter_full_svg_support/test/golden_comparison/golden_comparison_test.dart: Golden Comparison Tests Golden: clip_mask matches browser render               94:10 +3438 ~2 -10: /Users/denisnadey/apps/flutter_full_svg_support/test/golden_comparison/golden_comparison_test.dart: Golden Comparison Tests Golden: clip_mask matches browser render               94:11 +3438 ~2 -10: /Users/denisnadey/apps/flutter_full_svg_support/test/golden_comparison/golden_comparison_test.dart: Golden Comparison Tests Golden: clip_mask matches browser render               94:12 +3438 ~2 -10: /Users/denisnadey/apps/flutter_full_svg_support/test/golden_comparison/golden_comparison_test.dart: Golden Comparison Tests Golden: clip_mask matches browser render               94:13 +3438 ~2 -10: /Users/denisnadey/apps/flutter_full_svg_support/test/golden_comparison/golden_comparison_test.dart: Golden Comparison Tests Golden: clip_mask matches browser render               94:14 +3438 ~2 -10: /Users/denisnadey/apps/flutter_full_svg_support/test/golden_comparison/golden_comparison_test.dart: Golden Comparison Tests Golden: clip_mask matches browser render               94:15 +3438 ~2 -10: /Users/denisnadey/apps/flutter_full_svg_support/test/golden_comparison/golden_comparison_test.dart: Golden Comparison Tests Golden: clip_mask matches browser render               94:16 +3438 ~2 -10: /Users/denisnadey/apps/flutter_full_svg_support/test/golden_comparison/golden_comparison_test.dart: Golden Comparison Tests Golden: clip_mask matches browser render               94:17 +3438 ~2 -10: /Users/denisnadey/apps/flutter_full_svg_support/test/golden_comparison/golden_comparison_test.dart: Golden Comparison Tests Golden: clip_mask matches browser render               94:18 +3438 ~2 -10: /Users/denisnadey/apps/flutter_full_svg_support/test/golden_comparison/golden_comparison_test.dart: Golden Comparison Tests Golden: clip_mask matches browser render               94:19 +3438 ~2 -10: /Users/denisnadey/apps/flutter_full_svg_support/test/golden_comparison/golden_comparison_test.dart: Golden Comparison Tests Golden: clip_mask matches browser render               94:20 +3438 ~2 -10: /Users/denisnadey/apps/flutter_full_svg_support/test/golden_comparison/golden_comparison_test.dart: Golden Comparison Tests Golden: clip_mask matches browser render               94:21 +3438 ~2 -10: /Users/denisnadey/apps/flutter_full_svg_support/test/golden_comparison/golden_comparison_test.dart: Golden Comparison Tests Golden: clip_mask matches browser render               94:22 +3438 ~2 -10: /Users/denisnadey/apps/flutter_full_svg_support/test/golden_comparison/golden_comparison_test.dart: Golden Comparison Tests Golden: clip_mask matches browser render               94:23 +3438 ~2 -10: /Users/denisnadey/apps/flutter_full_svg_support/test/golden_comparison/golden_comparison_test.dart: Golden Comparison Tests Golden: clip_mask matches browser render               94:24 +3438 ~2 -10: /Users/denisnadey/apps/flutter_full_svg_support/test/golden_comparison/golden_comparison_test.dart: Golden Comparison Tests Golden: clip_mask matches browser render               94:25 +3438 ~2 -10: /Users/denisnadey/apps/flutter_full_svg_support/test/golden_comparison/golden_comparison_test.dart: Golden Comparison Tests Golden: clip_mask matches browser render               94:26 +3438 ~2 -10: /Users/denisnadey/apps/flutter_full_svg_support/test/golden_comparison/golden_comparison_test.dart: Golden Comparison Tests Golden: clip_mask matches browser render               94:27 +3438 ~2 -10: /Users/denisnadey/apps/flutter_full_svg_support/test/golden_comparison/golden_comparison_test.dart: Golden Comparison Tests Golden: clip_mask matches browser render               94:28 +3438 ~2 -10: /Users/denisnadey/apps/flutter_full_svg_support/test/golden_comparison/golden_comparison_test.dart: Golden Comparison Tests Golden: clip_mask matches browser render               94:29 +3438 ~2 -10: /Users/denisnadey/apps/flutter_full_svg_support/test/golden_comparison/golden_comparison_test.dart: Golden Comparison Tests Golden: clip_mask matches browser render               94:30 +3438 ~2 -10: /Users/denisnadey/apps/flutter_full_svg_support/test/golden_comparison/golden_comparison_test.dart: Golden Comparison Tests Golden: clip_mask matches browser render               94:31 +3438 ~2 -10: /Users/denisnadey/apps/flutter_full_svg_support/test/golden_comparison/golden_comparison_test.dart: Golden Comparison Tests Golden: clip_mask matches browser render               94:32 +3438 ~2 -10: /Users/denisnadey/apps/flutter_full_svg_support/test/golden_comparison/golden_comparison_test.dart: Golden Comparison Tests Golden: clip_mask matches browser render               94:33 +3438 ~2 -10: /Users/denisnadey/apps/flutter_full_svg_support/test/golden_comparison/golden_comparison_test.dart: Golden Comparison Tests Golden: clip_mask matches browser render               94:34 +3438 ~2 -10: /Users/denisnadey/apps/flutter_full_svg_support/test/golden_comparison/golden_comparison_test.dart: Golden Comparison Tests Golden: clip_mask matches browser render               94:35 +3438 ~2 -10: /Users/denisnadey/apps/flutter_full_svg_support/test/golden_comparison/golden_comparison_test.dart: Golden Comparison Tests Golden: clip_mask matches browser render               94:36 +3438 ~2 -10: /Users/denisnadey/apps/flutter_full_svg_support/test/golden_comparison/golden_comparison_test.dart: Golden Comparison Tests Golden: clip_mask matches browser render               94:37 +3438 ~2 -10: /Users/denisnadey/apps/flutter_full_svg_support/test/golden_comparison/golden_comparison_test.dart: Golden Comparison Tests Golden: clip_mask matches browser render               94:38 +3438 ~2 -10: /Users/denisnadey/apps/flutter_full_svg_support/test/golden_comparison/golden_comparison_test.dart: Golden Comparison Tests Golden: clip_mask matches browser render               94:39 +3438 ~2 -10: /Users/denisnadey/apps/flutter_full_svg_support/test/golden_comparison/golden_comparison_test.dart: Golden Comparison Tests Golden: clip_mask matches browser render               94:40 +3438 ~2 -10: /Users/denisnadey/apps/flutter_full_svg_support/test/golden_comparison/golden_comparison_test.dart: Golden Comparison Tests Golden: clip_mask matches browser render               94:41 +3438 ~2 -10: /Users/denisnadey/apps/flutter_full_svg_support/test/golden_comparison/golden_comparison_test.dart: Golden Comparison Tests Golden: clip_mask matches browser render               94:42 +3438 ~2 -10: /Users/denisnadey/apps/flutter_full_svg_support/test/golden_comparison/golden_comparison_test.dart: Golden Comparison Tests Golden: clip_mask matches browser render               94:43 +3438 ~2 -10: /Users/denisnadey/apps/flutter_full_svg_support/test/golden_comparison/golden_comparison_test.dart: Golden Comparison Tests Golden: clip_mask matches browser render               94:44 +3438 ~2 -10: /Users/denisnadey/apps/flutter_full_svg_support/test/golden_comparison/golden_comparison_test.dart: Golden Comparison Tests Golden: clip_mask matches browser render               94:45 +3438 ~2 -10: /Users/denisnadey/apps/flutter_full_svg_support/test/golden_comparison/golden_comparison_test.dart: Golden Comparison Tests Golden: clip_mask matches browser render               94:46 +3438 ~2 -10: /Users/denisnadey/apps/flutter_full_svg_support/test/golden_comparison/golden_comparison_test.dart: Golden Comparison Tests Golden: clip_mask matches browser render               94:47 +3438 ~2 -10: /Users/denisnadey/apps/flutter_full_svg_support/test/golden_comparison/golden_comparison_test.dart: Golden Comparison Tests Golden: clip_mask matches browser render               94:48 +3438 ~2 -10: /Users/denisnadey/apps/flutter_full_svg_support/test/golden_comparison/golden_comparison_test.dart: Golden Comparison Tests Golden: clip_mask matches browser render               94:49 +3438 ~2 -10: /Users/denisnadey/apps/flutter_full_svg_support/test/golden_comparison/golden_comparison_test.dart: Golden Comparison Tests Golden: clip_mask matches browser render               94:50 +3438 ~2 -10: /Users/denisnadey/apps/flutter_full_svg_support/test/golden_comparison/golden_comparison_test.dart: Golden Comparison Tests Golden: clip_mask matches browser render               94:51 +3438 ~2 -10: /Users/denisnadey/apps/flutter_full_svg_support/test/golden_comparison/golden_comparison_test.dart: Golden Comparison Tests Golden: clip_mask matches browser render               94:52 +3438 ~2 -10: /Users/denisnadey/apps/flutter_full_svg_support/test/golden_comparison/golden_comparison_test.dart: Golden Comparison Tests Golden: clip_mask matches browser render               94:53 +3438 ~2 -10: /Users/denisnadey/apps/flutter_full_svg_support/test/golden_comparison/golden_comparison_test.dart: Golden Comparison Tests Golden: clip_mask matches browser render               94:54 +3438 ~2 -10: /Users/denisnadey/apps/flutter_full_svg_support/test/golden_comparison/golden_comparison_test.dart: Golden Comparison Tests Golden: clip_mask matches browser render               94:55 +3438 ~2 -10: /Users/denisnadey/apps/flutter_full_svg_support/test/golden_comparison/golden_comparison_test.dart: Golden Comparison Tests Golden: clip_mask matches browser render               94:56 +3438 ~2 -10: /Users/denisnadey/apps/flutter_full_svg_support/test/golden_comparison/golden_comparison_test.dart: Golden Comparison Tests Golden: clip_mask matches browser render               94:57 +3438 ~2 -10: /Users/denisnadey/apps/flutter_full_svg_support/test/golden_comparison/golden_comparison_test.dart: Golden Comparison Tests Golden: clip_mask matches browser render               94:58 +3438 ~2 -10: /Users/denisnadey/apps/flutter_full_svg_support/test/golden_comparison/golden_comparison_test.dart: Golden Comparison Tests Golden: clip_mask matches browser render               94:59 +3438 ~2 -10: /Users/denisnadey/apps/flutter_full_svg_support/test/golden_comparison/golden_comparison_test.dart: Golden Comparison Tests Golden: clip_mask matches browser render               95:00 +3438 ~2 -10: /Users/denisnadey/apps/flutter_full_svg_support/test/golden_comparison/golden_comparison_test.dart: Golden Comparison Tests Golden: clip_mask matches browser render               95:01 +3438 ~2 -10: /Users/denisnadey/apps/flutter_full_svg_support/test/golden_comparison/golden_comparison_test.dart: Golden Comparison Tests Golden: clip_mask matches browser render               95:02 +3438 ~2 -10: /Users/denisnadey/apps/flutter_full_svg_support/test/golden_comparison/golden_comparison_test.dart: Golden Comparison Tests Golden: clip_mask matches browser render               95:03 +3438 ~2 -10: /Users/denisnadey/apps/flutter_full_svg_support/test/golden_comparison/golden_comparison_test.dart: Golden Comparison Tests Golden: clip_mask matches browser render               95:04 +3438 ~2 -10: /Users/denisnadey/apps/flutter_full_svg_support/test/golden_comparison/golden_comparison_test.dart: Golden Comparison Tests Golden: clip_mask matches browser render               95:05 +3438 ~2 -10: /Users/denisnadey/apps/flutter_full_svg_support/test/golden_comparison/golden_comparison_test.dart: Golden Comparison Tests Golden: clip_mask matches browser render               95:06 +3438 ~2 -10: /Users/denisnadey/apps/flutter_full_svg_support/test/golden_comparison/golden_comparison_test.dart: Golden Comparison Tests Golden: clip_mask matches browser render               95:07 +3438 ~2 -10: /Users/denisnadey/apps/flutter_full_svg_support/test/golden_comparison/golden_comparison_test.dart: Golden Comparison Tests Golden: clip_mask matches browser render               95:08 +3438 ~2 -10: /Users/denisnadey/apps/flutter_full_svg_support/test/golden_comparison/golden_comparison_test.dart: Golden Comparison Tests Golden: clip_mask matches browser render               95:09 +3438 ~2 -10: /Users/denisnadey/apps/flutter_full_svg_support/test/golden_comparison/golden_comparison_test.dart: Golden Comparison Tests Golden: clip_mask matches browser render               95:10 +3438 ~2 -10: /Users/denisnadey/apps/flutter_full_svg_support/test/golden_comparison/golden_comparison_test.dart: Golden Comparison Tests Golden: clip_mask matches browser render               95:11 +3438 ~2 -10: /Users/denisnadey/apps/flutter_full_svg_support/test/golden_comparison/golden_comparison_test.dart: Golden Comparison Tests Golden: clip_mask matches browser render               95:12 +3438 ~2 -10: /Users/denisnadey/apps/flutter_full_svg_support/test/golden_comparison/golden_comparison_test.dart: Golden Comparison Tests Golden: clip_mask matches browser render               95:13 +3438 ~2 -10: /Users/denisnadey/apps/flutter_full_svg_support/test/golden_comparison/golden_comparison_test.dart: Golden Comparison Tests Golden: clip_mask matches browser render               95:14 +3438 ~2 -10: /Users/denisnadey/apps/flutter_full_svg_support/test/golden_comparison/golden_comparison_test.dart: Golden Comparison Tests Golden: clip_mask matches browser render               95:15 +3438 ~2 -10: /Users/denisnadey/apps/flutter_full_svg_support/test/golden_comparison/golden_comparison_test.dart: Golden Comparison Tests Golden: clip_mask matches browser render               95:16 +3438 ~2 -10: /Users/denisnadey/apps/flutter_full_svg_support/test/golden_comparison/golden_comparison_test.dart: Golden Comparison Tests Golden: clip_mask matches browser render               95:17 +3438 ~2 -10: /Users/denisnadey/apps/flutter_full_svg_support/test/golden_comparison/golden_comparison_test.dart: Golden Comparison Tests Golden: clip_mask matches browser render               95:18 +3438 ~2 -10: /Users/denisnadey/apps/flutter_full_svg_support/test/golden_comparison/golden_comparison_test.dart: Golden Comparison Tests Golden: clip_mask matches browser render               95:19 +3438 ~2 -10: /Users/denisnadey/apps/flutter_full_svg_support/test/golden_comparison/golden_comparison_test.dart: Golden Comparison Tests Golden: clip_mask matches browser render               95:20 +3438 ~2 -10: /Users/denisnadey/apps/flutter_full_svg_support/test/golden_comparison/golden_comparison_test.dart: Golden Comparison Tests Golden: clip_mask matches browser render               95:21 +3438 ~2 -10: /Users/denisnadey/apps/flutter_full_svg_support/test/golden_comparison/golden_comparison_test.dart: Golden Comparison Tests Golden: clip_mask matches browser render               95:22 +3438 ~2 -10: /Users/denisnadey/apps/flutter_full_svg_support/test/golden_comparison/golden_comparison_test.dart: Golden Comparison Tests Golden: clip_mask matches browser render               95:23 +3438 ~2 -10: /Users/denisnadey/apps/flutter_full_svg_support/test/golden_comparison/golden_comparison_test.dart: Golden Comparison Tests Golden: clip_mask matches browser render               95:24 +3438 ~2 -10: /Users/denisnadey/apps/flutter_full_svg_support/test/golden_comparison/golden_comparison_test.dart: Golden Comparison Tests Golden: clip_mask matches browser render               95:25 +3438 ~2 -10: /Users/denisnadey/apps/flutter_full_svg_support/test/golden_comparison/golden_comparison_test.dart: Golden Comparison Tests Golden: clip_mask matches browser render               95:26 +3438 ~2 -10: /Users/denisnadey/apps/flutter_full_svg_support/test/golden_comparison/golden_comparison_test.dart: Golden Comparison Tests Golden: clip_mask matches browser render               95:27 +3438 ~2 -10: /Users/denisnadey/apps/flutter_full_svg_support/test/golden_comparison/golden_comparison_test.dart: Golden Comparison Tests Golden: clip_mask matches browser render               95:28 +3438 ~2 -10: /Users/denisnadey/apps/flutter_full_svg_support/test/golden_comparison/golden_comparison_test.dart: Golden Comparison Tests Golden: clip_mask matches browser render               95:29 +3438 ~2 -10: /Users/denisnadey/apps/flutter_full_svg_support/test/golden_comparison/golden_comparison_test.dart: Golden Comparison Tests Golden: clip_mask matches browser render               95:30 +3438 ~2 -10: /Users/denisnadey/apps/flutter_full_svg_support/test/golden_comparison/golden_comparison_test.dart: Golden Comparison Tests Golden: clip_mask matches browser render               95:31 +3438 ~2 -10: /Users/denisnadey/apps/flutter_full_svg_support/test/golden_comparison/golden_comparison_test.dart: Golden Comparison Tests Golden: clip_mask matches browser render               95:32 +3438 ~2 -10: /Users/denisnadey/apps/flutter_full_svg_support/test/golden_comparison/golden_comparison_test.dart: Golden Comparison Tests Golden: clip_mask matches browser render               95:33 +3438 ~2 -10: /Users/denisnadey/apps/flutter_full_svg_support/test/golden_comparison/golden_comparison_test.dart: Golden Comparison Tests Golden: clip_mask matches browser render               95:34 +3438 ~2 -10: /Users/denisnadey/apps/flutter_full_svg_support/test/golden_comparison/golden_comparison_test.dart: Golden Comparison Tests Golden: clip_mask matches browser render               95:35 +3438 ~2 -10: /Users/denisnadey/apps/flutter_full_svg_support/test/golden_comparison/golden_comparison_test.dart: Golden Comparison Tests Golden: clip_mask matches browser render               95:36 +3438 ~2 -10: /Users/denisnadey/apps/flutter_full_svg_support/test/golden_comparison/golden_comparison_test.dart: Golden Comparison Tests Golden: clip_mask matches browser render               95:37 +3438 ~2 -10: /Users/denisnadey/apps/flutter_full_svg_support/test/golden_comparison/golden_comparison_test.dart: Golden Comparison Tests Golden: clip_mask matches browser render               95:38 +3438 ~2 -10: /Users/denisnadey/apps/flutter_full_svg_support/test/golden_comparison/golden_comparison_test.dart: Golden Comparison Tests Golden: clip_mask matches browser render               95:39 +3438 ~2 -10: /Users/denisnadey/apps/flutter_full_svg_support/test/golden_comparison/golden_comparison_test.dart: Golden Comparison Tests Golden: clip_mask matches browser render               95:40 +3438 ~2 -10: /Users/denisnadey/apps/flutter_full_svg_support/test/golden_comparison/golden_comparison_test.dart: Golden Comparison Tests Golden: clip_mask matches browser render               95:41 +3438 ~2 -10: /Users/denisnadey/apps/flutter_full_svg_support/test/golden_comparison/golden_comparison_test.dart: Golden Comparison Tests Golden: clip_mask matches browser render               95:42 +3438 ~2 -10: /Users/denisnadey/apps/flutter_full_svg_support/test/golden_comparison/golden_comparison_test.dart: Golden Comparison Tests Golden: clip_mask matches browser render               95:43 +3438 ~2 -10: /Users/denisnadey/apps/flutter_full_svg_support/test/golden_comparison/golden_comparison_test.dart: Golden Comparison Tests Golden: clip_mask matches browser render               95:44 +3438 ~2 -10: /Users/denisnadey/apps/flutter_full_svg_support/test/golden_comparison/golden_comparison_test.dart: Golden Comparison Tests Golden: clip_mask matches browser render               95:45 +3438 ~2 -10: /Users/denisnadey/apps/flutter_full_svg_support/test/golden_comparison/golden_comparison_test.dart: Golden Comparison Tests Golden: clip_mask matches browser render               95:46 +3438 ~2 -10: /Users/denisnadey/apps/flutter_full_svg_support/test/golden_comparison/golden_comparison_test.dart: Golden Comparison Tests Golden: clip_mask matches browser render               95:47 +3438 ~2 -10: /Users/denisnadey/apps/flutter_full_svg_support/test/golden_comparison/golden_comparison_test.dart: Golden Comparison Tests Golden: clip_mask matches browser render               95:48 +3438 ~2 -10: /Users/denisnadey/apps/flutter_full_svg_support/test/golden_comparison/golden_comparison_test.dart: Golden Comparison Tests Golden: clip_mask matches browser render               95:49 +3438 ~2 -10: /Users/denisnadey/apps/flutter_full_svg_support/test/golden_comparison/golden_comparison_test.dart: Golden Comparison Tests Golden: clip_mask matches browser render               95:50 +3438 ~2 -10: /Users/denisnadey/apps/flutter_full_svg_support/test/golden_comparison/golden_comparison_test.dart: Golden Comparison Tests Golden: clip_mask matches browser render               95:51 +3438 ~2 -10: /Users/denisnadey/apps/flutter_full_svg_support/test/golden_comparison/golden_comparison_test.dart: Golden Comparison Tests Golden: clip_mask matches browser render               95:52 +3438 ~2 -10: /Users/denisnadey/apps/flutter_full_svg_support/test/golden_comparison/golden_comparison_test.dart: Golden Comparison Tests Golden: clip_mask matches browser render               95:53 +3438 ~2 -10: /Users/denisnadey/apps/flutter_full_svg_support/test/golden_comparison/golden_comparison_test.dart: Golden Comparison Tests Golden: clip_mask matches browser render               95:54 +3438 ~2 -10: /Users/denisnadey/apps/flutter_full_svg_support/test/golden_comparison/golden_comparison_test.dart: Golden Comparison Tests Golden: clip_mask matches browser render               95:55 +3438 ~2 -10: /Users/denisnadey/apps/flutter_full_svg_support/test/golden_comparison/golden_comparison_test.dart: Golden Comparison Tests Golden: clip_mask matches browser render               95:56 +3438 ~2 -10: /Users/denisnadey/apps/flutter_full_svg_support/test/golden_comparison/golden_comparison_test.dart: Golden Comparison Tests Golden: clip_mask matches browser render               95:57 +3438 ~2 -10: /Users/denisnadey/apps/flutter_full_svg_support/test/golden_comparison/golden_comparison_test.dart: Golden Comparison Tests Golden: clip_mask matches browser render               95:58 +3438 ~2 -10: /Users/denisnadey/apps/flutter_full_svg_support/test/golden_comparison/golden_comparison_test.dart: Golden Comparison Tests Golden: clip_mask matches browser render               95:59 +3438 ~2 -10: /Users/denisnadey/apps/flutter_full_svg_support/test/golden_comparison/golden_comparison_test.dart: Golden Comparison Tests Golden: clip_mask matches browser render               96:00 +3438 ~2 -10: /Users/denisnadey/apps/flutter_full_svg_support/test/golden_comparison/golden_comparison_test.dart: Golden Comparison Tests Golden: clip_mask matches browser render               96:01 +3438 ~2 -10: /Users/denisnadey/apps/flutter_full_svg_support/test/golden_comparison/golden_comparison_test.dart: Golden Comparison Tests Golden: clip_mask matches browser render               96:02 +3438 ~2 -10: /Users/denisnadey/apps/flutter_full_svg_support/test/golden_comparison/golden_comparison_test.dart: Golden Comparison Tests Golden: clip_mask matches browser render               96:03 +3438 ~2 -10: /Users/denisnadey/apps/flutter_full_svg_support/test/golden_comparison/golden_comparison_test.dart: Golden Comparison Tests Golden: clip_mask matches browser render               96:04 +3438 ~2 -10: /Users/denisnadey/apps/flutter_full_svg_support/test/golden_comparison/golden_comparison_test.dart: Golden Comparison Tests Golden: clip_mask matches browser render               96:05 +3438 ~2 -10: /Users/denisnadey/apps/flutter_full_svg_support/test/golden_comparison/golden_comparison_test.dart: Golden Comparison Tests Golden: clip_mask matches browser render               96:06 +3438 ~2 -10: /Users/denisnadey/apps/flutter_full_svg_support/test/golden_comparison/golden_comparison_test.dart: Golden Comparison Tests Golden: clip_mask matches browser render               96:07 +3438 ~2 -10: /Users/denisnadey/apps/flutter_full_svg_support/test/golden_comparison/golden_comparison_test.dart: Golden Comparison Tests Golden: clip_mask matches browser render               96:08 +3438 ~2 -10: /Users/denisnadey/apps/flutter_full_svg_support/test/golden_comparison/golden_comparison_test.dart: Golden Comparison Tests Golden: clip_mask matches browser render               96:09 +3438 ~2 -10: /Users/denisnadey/apps/flutter_full_svg_support/test/golden_comparison/golden_comparison_test.dart: Golden Comparison Tests Golden: clip_mask matches browser render               96:10 +3438 ~2 -10: /Users/denisnadey/apps/flutter_full_svg_support/test/golden_comparison/golden_comparison_test.dart: Golden Comparison Tests Golden: clip_mask matches browser render               96:11 +3438 ~2 -10: /Users/denisnadey/apps/flutter_full_svg_support/test/golden_comparison/golden_comparison_test.dart: Golden Comparison Tests Golden: clip_mask matches browser render               96:12 +3438 ~2 -10: /Users/denisnadey/apps/flutter_full_svg_support/test/golden_comparison/golden_comparison_test.dart: Golden Comparison Tests Golden: clip_mask matches browser render               96:13 +3438 ~2 -10: /Users/denisnadey/apps/flutter_full_svg_support/test/golden_comparison/golden_comparison_test.dart: Golden Comparison Tests Golden: clip_mask matches browser render               96:14 +3438 ~2 -10: /Users/denisnadey/apps/flutter_full_svg_support/test/golden_comparison/golden_comparison_test.dart: Golden Comparison Tests Golden: clip_mask matches browser render               96:15 +3438 ~2 -10: /Users/denisnadey/apps/flutter_full_svg_support/test/golden_comparison/golden_comparison_test.dart: Golden Comparison Tests Golden: clip_mask matches browser render               96:16 +3438 ~2 -10: /Users/denisnadey/apps/flutter_full_svg_support/test/golden_comparison/golden_comparison_test.dart: Golden Comparison Tests Golden: clip_mask matches browser render               96:17 +3438 ~2 -10: /Users/denisnadey/apps/flutter_full_svg_support/test/golden_comparison/golden_comparison_test.dart: Golden Comparison Tests Golden: clip_mask matches browser render               96:18 +3438 ~2 -10: /Users/denisnadey/apps/flutter_full_svg_support/test/golden_comparison/golden_comparison_test.dart: Golden Comparison Tests Golden: clip_mask matches browser render               96:19 +3438 ~2 -10: /Users/denisnadey/apps/flutter_full_svg_support/test/golden_comparison/golden_comparison_test.dart: Golden Comparison Tests Golden: clip_mask matches browser render               96:20 +3438 ~2 -10: /Users/denisnadey/apps/flutter_full_svg_support/test/golden_comparison/golden_comparison_test.dart: Golden Comparison Tests Golden: clip_mask matches browser render               96:21 +3438 ~2 -10: /Users/denisnadey/apps/flutter_full_svg_support/test/golden_comparison/golden_comparison_test.dart: Golden Comparison Tests Golden: clip_mask matches browser render               96:22 +3438 ~2 -10: /Users/denisnadey/apps/flutter_full_svg_support/test/golden_comparison/golden_comparison_test.dart: Golden Comparison Tests Golden: clip_mask matches browser render               96:23 +3438 ~2 -10: /Users/denisnadey/apps/flutter_full_svg_support/test/golden_comparison/golden_comparison_test.dart: Golden Comparison Tests Golden: clip_mask matches browser render               96:24 +3438 ~2 -10: /Users/denisnadey/apps/flutter_full_svg_support/test/golden_comparison/golden_comparison_test.dart: Golden Comparison Tests Golden: clip_mask matches browser render               96:25 +3438 ~2 -10: /Users/denisnadey/apps/flutter_full_svg_support/test/golden_comparison/golden_comparison_test.dart: Golden Comparison Tests Golden: clip_mask matches browser render               96:26 +3438 ~2 -10: /Users/denisnadey/apps/flutter_full_svg_support/test/golden_comparison/golden_comparison_test.dart: Golden Comparison Tests Golden: clip_mask matches browser render               96:27 +3438 ~2 -10: /Users/denisnadey/apps/flutter_full_svg_support/test/golden_comparison/golden_comparison_test.dart: Golden Comparison Tests Golden: clip_mask matches browser render               96:28 +3438 ~2 -10: /Users/denisnadey/apps/flutter_full_svg_support/test/golden_comparison/golden_comparison_test.dart: Golden Comparison Tests Golden: clip_mask matches browser render               96:29 +3438 ~2 -10: /Users/denisnadey/apps/flutter_full_svg_support/test/golden_comparison/golden_comparison_test.dart: Golden Comparison Tests Golden: clip_mask matches browser render               96:30 +3438 ~2 -10: /Users/denisnadey/apps/flutter_full_svg_support/test/golden_comparison/golden_comparison_test.dart: Golden Comparison Tests Golden: clip_mask matches browser render               96:31 +3438 ~2 -10: /Users/denisnadey/apps/flutter_full_svg_support/test/golden_comparison/golden_comparison_test.dart: Golden Comparison Tests Golden: clip_mask matches browser render               96:32 +3438 ~2 -10: /Users/denisnadey/apps/flutter_full_svg_support/test/golden_comparison/golden_comparison_test.dart: Golden Comparison Tests Golden: clip_mask matches browser render               96:32 +3438 ~2 -11: /Users/denisnadey/apps/flutter_full_svg_support/test/golden_comparison/golden_comparison_test.dart: Golden Comparison Tests Golden: clip_mask matches browser render [E]           
  TimeoutException after 0:10:00.000000: Test timed out after 10 minutes.
  dart:isolate  _RawReceivePort._handleMessage
  

To run this test again: /Users/denisnadey/fvm/versions/3.38.1/bin/cache/dart-sdk/bin/dart test /Users/denisnadey/apps/flutter_full_svg_support/test/golden_comparison/golden_comparison_test.dart -p vm --plain-name 'Golden Comparison Tests Golden: clip_mask matches browser render'
96:32 +3438 ~2 -11: /Users/denisnadey/apps/flutter_full_svg_support/test/golden_comparison/golden_comparison_test.dart: Golden Comparison Tests Golden: filters_blur matches browser render            96:33 +3438 ~2 -11: /Users/denisnadey/apps/flutter_full_svg_support/test/golden_comparison/golden_comparison_test.dart: Golden Comparison Tests Golden: filters_blur matches browser render            96:34 +3438 ~2 -11: /Users/denisnadey/apps/flutter_full_svg_support/test/golden_comparison/golden_comparison_test.dart: Golden Comparison Tests Golden: filters_blur matches browser render            96:35 +3438 ~2 -11: /Users/denisnadey/apps/flutter_full_svg_support/test/golden_comparison/golden_comparison_test.dart: Golden Comparison Tests Golden: filters_blur matches browser render            96:36 +3438 ~2 -11: /Users/denisnadey/apps/flutter_full_svg_support/test/golden_comparison/golden_comparison_test.dart: Golden Comparison Tests Golden: filters_blur matches browser render            96:37 +3438 ~2 -11: /Users/denisnadey/apps/flutter_full_svg_support/test/golden_comparison/golden_comparison_test.dart: Golden Comparison Tests Golden: filters_blur matches browser render            96:38 +3438 ~2 -11: /Users/denisnadey/apps/flutter_full_svg_support/test/golden_comparison/golden_comparison_test.dart: Golden Comparison Tests Golden: filters_blur matches browser render            96:39 +3438 ~2 -11: /Users/denisnadey/apps/flutter_full_svg_support/test/golden_comparison/golden_comparison_test.dart: Golden Comparison Tests Golden: filters_blur matches browser render            96:40 +3438 ~2 -11: /Users/denisnadey/apps/flutter_full_svg_support/test/golden_comparison/golden_comparison_test.dart: Golden Comparison Tests Golden: filters_blur matches browser render            96:41 +3438 ~2 -11: /Users/denisnadey/apps/flutter_full_svg_support/test/golden_comparison/golden_comparison_test.dart: Golden Comparison Tests Golden: filters_blur matches browser render            96:42 +3438 ~2 -11: /Users/denisnadey/apps/flutter_full_svg_support/test/golden_comparison/golden_comparison_test.dart: Golden Comparison Tests Golden: filters_blur matches browser render            96:43 +3438 ~2 -11: /Users/denisnadey/apps/flutter_full_svg_support/test/golden_comparison/golden_comparison_test.dart: Golden Comparison Tests Golden: filters_blur matches browser render            96:44 +3438 ~2 -11: /Users/denisnadey/apps/flutter_full_svg_support/test/golden_comparison/golden_comparison_test.dart: Golden Comparison Tests Golden: filters_blur matches browser render            96:45 +3438 ~2 -11: /Users/denisnadey/apps/flutter_full_svg_support/test/golden_comparison/golden_comparison_test.dart: Golden Comparison Tests Golden: filters_blur matches browser render            96:46 +3438 ~2 -11: /Users/denisnadey/apps/flutter_full_svg_support/test/golden_comparison/golden_comparison_test.dart: Golden Comparison Tests Golden: filters_blur matches browser render            96:47 +3438 ~2 -11: /Users/denisnadey/apps/flutter_full_svg_support/test/golden_comparison/golden_comparison_test.dart: Golden Comparison Tests Golden: filters_blur matches browser render            96:48 +3438 ~2 -11: /Users/denisnadey/apps/flutter_full_svg_support/test/golden_comparison/golden_comparison_test.dart: Golden Comparison Tests Golden: filters_blur matches browser render            96:49 +3438 ~2 -11: /Users/denisnadey/apps/flutter_full_svg_support/test/golden_comparison/golden_comparison_test.dart: Golden Comparison Tests Golden: filters_blur matches browser render            96:50 +3438 ~2 -11: /Users/denisnadey/apps/flutter_full_svg_support/test/golden_comparison/golden_comparison_test.dart: Golden Comparison Tests Golden: filters_blur matches browser render            96:51 +3438 ~2 -11: /Users/denisnadey/apps/flutter_full_svg_support/test/golden_comparison/golden_comparison_test.dart: Golden Comparison Tests Golden: filters_blur matches browser render            96:52 +3438 ~2 -11: /Users/denisnadey/apps/flutter_full_svg_support/test/golden_comparison/golden_comparison_test.dart: Golden Comparison Tests Golden: filters_blur matches browser render            96:53 +3438 ~2 -11: /Users/denisnadey/apps/flutter_full_svg_support/test/golden_comparison/golden_comparison_test.dart: Golden Comparison Tests Golden: filters_blur matches browser render            96:54 +3438 ~2 -11: /Users/denisnadey/apps/flutter_full_svg_support/test/golden_comparison/golden_comparison_test.dart: Golden Comparison Tests Golden: filters_blur matches browser render            96:55 +3438 ~2 -11: /Users/denisnadey/apps/flutter_full_svg_support/test/golden_comparison/golden_comparison_test.dart: Golden Comparison Tests Golden: filters_blur matches browser render            96:56 +3438 ~2 -11: /Users/denisnadey/apps/flutter_full_svg_support/test/golden_comparison/golden_comparison_test.dart: Golden Comparison Tests Golden: filters_blur matches browser render            96:57 +3438 ~2 -11: /Users/denisnadey/apps/flutter_full_svg_support/test/golden_comparison/golden_comparison_test.dart: Golden Comparison Tests Golden: filters_blur matches browser render            96:58 +3438 ~2 -11: /Users/denisnadey/apps/flutter_full_svg_support/test/golden_comparison/golden_comparison_test.dart: Golden Comparison Tests Golden: filters_blur matches browser render            96:59 +3438 ~2 -11: /Users/denisnadey/apps/flutter_full_svg_support/test/golden_comparison/golden_comparison_test.dart: Golden Comparison Tests Golden: filters_blur matches browser render            97:00 +3438 ~2 -11: /Users/denisnadey/apps/flutter_full_svg_support/test/golden_comparison/golden_comparison_test.dart: Golden Comparison Tests Golden: filters_blur matches browser render            97:01 +3438 ~2 -11: /Users/denisnadey/apps/flutter_full_svg_support/test/golden_comparison/golden_comparison_test.dart: Golden Comparison Tests Golden: filters_blur matches browser render            97:02 +3438 ~2 -11: /Users/denisnadey/apps/flutter_full_svg_support/test/golden_comparison/golden_comparison_test.dart: Golden Comparison Tests Golden: filters_blur matches browser render            97:03 +3438 ~2 -11: /Users/denisnadey/apps/flutter_full_svg_support/test/golden_comparison/golden_comparison_test.dart: Golden Comparison Tests Golden: filters_blur matches browser render            97:04 +3438 ~2 -11: /Users/denisnadey/apps/flutter_full_svg_support/test/golden_comparison/golden_comparison_test.dart: Golden Comparison Tests Golden: filters_blur matches browser render            97:05 +3438 ~2 -11: /Users/denisnadey/apps/flutter_full_svg_support/test/golden_comparison/golden_comparison_test.dart: Golden Comparison Tests Golden: filters_blur matches browser render            97:06 +3438 ~2 -11: /Users/denisnadey/apps/flutter_full_svg_support/test/golden_comparison/golden_comparison_test.dart: Golden Comparison Tests Golden: filters_blur matches browser render            97:07 +3438 ~2 -11: /Users/denisnadey/apps/flutter_full_svg_support/test/golden_comparison/golden_comparison_test.dart: Golden Comparison Tests Golden: filters_blur matches browser render            97:08 +3438 ~2 -11: /Users/denisnadey/apps/flutter_full_svg_support/test/golden_comparison/golden_comparison_test.dart: Golden Comparison Tests Golden: filters_blur matches browser render            97:09 +3438 ~2 -11: /Users/denisnadey/apps/flutter_full_svg_support/test/golden_comparison/golden_comparison_test.dart: Golden Comparison Tests Golden: filters_blur matches browser render            97:10 +3438 ~2 -11: /Users/denisnadey/apps/flutter_full_svg_support/test/golden_comparison/golden_comparison_test.dart: Golden Comparison Tests Golden: filters_blur matches browser render            97:11 +3438 ~2 -11: /Users/denisnadey/apps/flutter_full_svg_support/test/golden_comparison/golden_comparison_test.dart: Golden Comparison Tests Golden: filters_blur matches browser render            97:12 +3438 ~2 -11: /Users/denisnadey/apps/flutter_full_svg_support/test/golden_comparison/golden_comparison_test.dart: Golden Comparison Tests Golden: filters_blur matches browser render            97:13 +3438 ~2 -11: /Users/denisnadey/apps/flutter_full_svg_support/test/golden_comparison/golden_comparison_test.dart: Golden Comparison Tests Golden: filters_blur matches browser render            97:14 +3438 ~2 -11: /Users/denisnadey/apps/flutter_full_svg_support/test/golden_comparison/golden_comparison_test.dart: Golden Comparison Tests Golden: filters_blur matches browser render            97:15 +3438 ~2 -11: /Users/denisnadey/apps/flutter_full_svg_support/test/golden_comparison/golden_comparison_test.dart: Golden Comparison Tests Golden: filters_blur matches browser render            97:16 +3438 ~2 -11: /Users/denisnadey/apps/flutter_full_svg_support/test/golden_comparison/golden_comparison_test.dart: Golden Comparison Tests Golden: filters_blur matches browser render            97:17 +3438 ~2 -11: /Users/denisnadey/apps/flutter_full_svg_support/test/golden_comparison/golden_comparison_test.dart: Golden Comparison Tests Golden: filters_blur matches browser render            97:18 +3438 ~2 -11: /Users/denisnadey/apps/flutter_full_svg_support/test/golden_comparison/golden_comparison_test.dart: Golden Comparison Tests Golden: filters_blur matches browser render            97:19 +3438 ~2 -11: /Users/denisnadey/apps/flutter_full_svg_support/test/golden_comparison/golden_comparison_test.dart: Golden Comparison Tests Golden: filters_blur matches browser render            97:20 +3438 ~2 -11: /Users/denisnadey/apps/flutter_full_svg_support/test/golden_comparison/golden_comparison_test.dart: Golden Comparison Tests Golden: filters_blur matches browser render            97:21 +3438 ~2 -11: /Users/denisnadey/apps/flutter_full_svg_support/test/golden_comparison/golden_comparison_test.dart: Golden Comparison Tests Golden: filters_blur matches browser render            97:22 +3438 ~2 -11: /Users/denisnadey/apps/flutter_full_svg_support/test/golden_comparison/golden_comparison_test.dart: Golden Comparison Tests Golden: filters_blur matches browser render            97:23 +3438 ~2 -11: /Users/denisnadey/apps/flutter_full_svg_support/test/golden_comparison/golden_comparison_test.dart: Golden Comparison Tests Golden: filters_blur matches browser render            97:24 +3438 ~2 -11: /Users/denisnadey/apps/flutter_full_svg_support/test/golden_comparison/golden_comparison_test.dart: Golden Comparison Tests Golden: filters_blur matches browser render            97:25 +3438 ~2 -11: /Users/denisnadey/apps/flutter_full_svg_support/test/golden_comparison/golden_comparison_test.dart: Golden Comparison Tests Golden: filters_blur matches browser render            97:26 +3438 ~2 -11: /Users/denisnadey/apps/flutter_full_svg_support/test/golden_comparison/golden_comparison_test.dart: Golden Comparison Tests Golden: filters_blur matches browser render            97:27 +3438 ~2 -11: /Users/denisnadey/apps/flutter_full_svg_support/test/golden_comparison/golden_comparison_test.dart: Golden Comparison Tests Golden: filters_blur matches browser render            97:28 +3438 ~2 -11: /Users/denisnadey/apps/flutter_full_svg_support/test/golden_comparison/golden_comparison_test.dart: Golden Comparison Tests Golden: filters_blur matches browser render            97:29 +3438 ~2 -11: /Users/denisnadey/apps/flutter_full_svg_support/test/golden_comparison/golden_comparison_test.dart: Golden Comparison Tests Golden: filters_blur matches browser render            97:30 +3438 ~2 -11: /Users/denisnadey/apps/flutter_full_svg_support/test/golden_comparison/golden_comparison_test.dart: Golden Comparison Tests Golden: filters_blur matches browser render            97:31 +3438 ~2 -11: /Users/denisnadey/apps/flutter_full_svg_support/test/golden_comparison/golden_comparison_test.dart: Golden Comparison Tests Golden: filters_blur matches browser render            97:32 +3438 ~2 -11: /Users/denisnadey/apps/flutter_full_svg_support/test/golden_comparison/golden_comparison_test.dart: Golden Comparison Tests Golden: filters_blur matches browser render            97:33 +3438 ~2 -11: /Users/denisnadey/apps/flutter_full_svg_support/test/golden_comparison/golden_comparison_test.dart: Golden Comparison Tests Golden: filters_blur matches browser render            97:34 +3438 ~2 -11: /Users/denisnadey/apps/flutter_full_svg_support/test/golden_comparison/golden_comparison_test.dart: Golden Comparison Tests Golden: filters_blur matches browser render            97:35 +3438 ~2 -11: /Users/denisnadey/apps/flutter_full_svg_support/test/golden_comparison/golden_comparison_test.dart: Golden Comparison Tests Golden: filters_blur matches browser render            97:36 +3438 ~2 -11: /Users/denisnadey/apps/flutter_full_svg_support/test/golden_comparison/golden_comparison_test.dart: Golden Comparison Tests Golden: filters_blur matches browser render            97:37 +3438 ~2 -11: /Users/denisnadey/apps/flutter_full_svg_support/test/golden_comparison/golden_comparison_test.dart: Golden Comparison Tests Golden: filters_blur matches browser render            97:38 +3438 ~2 -11: /Users/denisnadey/apps/flutter_full_svg_support/test/golden_comparison/golden_comparison_test.dart: Golden Comparison Tests Golden: filters_blur matches browser render            97:39 +3438 ~2 -11: /Users/denisnadey/apps/flutter_full_svg_support/test/golden_comparison/golden_comparison_test.dart: Golden Comparison Tests Golden: filters_blur matches browser render            97:40 +3438 ~2 -11: /Users/denisnadey/apps/flutter_full_svg_support/test/golden_comparison/golden_comparison_test.dart: Golden Comparison Tests Golden: filters_blur matches browser render            97:41 +3438 ~2 -11: /Users/denisnadey/apps/flutter_full_svg_support/test/golden_comparison/golden_comparison_test.dart: Golden Comparison Tests Golden: filters_blur matches browser render            97:42 +3438 ~2 -11: /Users/denisnadey/apps/flutter_full_svg_support/test/golden_comparison/golden_comparison_test.dart: Golden Comparison Tests Golden: filters_blur matches browser render            97:43 +3438 ~2 -11: /Users/denisnadey/apps/flutter_full_svg_support/test/golden_comparison/golden_comparison_test.dart: Golden Comparison Tests Golden: filters_blur matches browser render            97:44 +3438 ~2 -11: /Users/denisnadey/apps/flutter_full_svg_support/test/golden_comparison/golden_comparison_test.dart: Golden Comparison Tests Golden: filters_blur matches browser render            97:45 +3438 ~2 -11: /Users/denisnadey/apps/flutter_full_svg_support/test/golden_comparison/golden_comparison_test.dart: Golden Comparison Tests Golden: filters_blur matches browser render            97:46 +3438 ~2 -11: /Users/denisnadey/apps/flutter_full_svg_support/test/golden_comparison/golden_comparison_test.dart: Golden Comparison Tests Golden: filters_blur matches browser render            97:47 +3438 ~2 -11: /Users/denisnadey/apps/flutter_full_svg_support/test/golden_comparison/golden_comparison_test.dart: Golden Comparison Tests Golden: filters_blur matches browser render            97:48 +3438 ~2 -11: /Users/denisnadey/apps/flutter_full_svg_support/test/golden_comparison/golden_comparison_test.dart: Golden Comparison Tests Golden: filters_blur matches browser render            97:49 +3438 ~2 -11: /Users/denisnadey/apps/flutter_full_svg_support/test/golden_comparison/golden_comparison_test.dart: Golden Comparison Tests Golden: filters_blur matches browser render            97:50 +3438 ~2 -11: /Users/denisnadey/apps/flutter_full_svg_support/test/golden_comparison/golden_comparison_test.dart: Golden Comparison Tests Golden: filters_blur matches browser render            97:51 +3438 ~2 -11: /Users/denisnadey/apps/flutter_full_svg_support/test/golden_comparison/golden_comparison_test.dart: Golden Comparison Tests Golden: filters_blur matches browser render            97:52 +3438 ~2 -11: /Users/denisnadey/apps/flutter_full_svg_support/test/golden_comparison/golden_comparison_test.dart: Golden Comparison Tests Golden: filters_blur matches browser render            97:53 +3438 ~2 -11: /Users/denisnadey/apps/flutter_full_svg_support/test/golden_comparison/golden_comparison_test.dart: Golden Comparison Tests Golden: filters_blur matches browser render            97:54 +3438 ~2 -11: /Users/denisnadey/apps/flutter_full_svg_support/test/golden_comparison/golden_comparison_test.dart: Golden Comparison Tests Golden: filters_blur matches browser render            97:55 +3438 ~2 -11: /Users/denisnadey/apps/flutter_full_svg_support/test/golden_comparison/golden_comparison_test.dart: Golden Comparison Tests Golden: filters_blur matches browser render            97:56 +3438 ~2 -11: /Users/denisnadey/apps/flutter_full_svg_support/test/golden_comparison/golden_comparison_test.dart: Golden Comparison Tests Golden: filters_blur matches browser render            97:57 +3438 ~2 -11: /Users/denisnadey/apps/flutter_full_svg_support/test/golden_comparison/golden_comparison_test.dart: Golden Comparison Tests Golden: filters_blur matches browser render            97:58 +3438 ~2 -11: /Users/denisnadey/apps/flutter_full_svg_support/test/golden_comparison/golden_comparison_test.dart: Golden Comparison Tests Golden: filters_blur matches browser render            97:59 +3438 ~2 -11: /Users/denisnadey/apps/flutter_full_svg_support/test/golden_comparison/golden_comparison_test.dart: Golden Comparison Tests Golden: filters_blur matches browser render            98:00 +3438 ~2 -11: /Users/denisnadey/apps/flutter_full_svg_support/test/golden_comparison/golden_comparison_test.dart: Golden Comparison Tests Golden: filters_blur matches browser render            98:01 +3438 ~2 -11: /Users/denisnadey/apps/flutter_full_svg_support/test/golden_comparison/golden_comparison_test.dart: Golden Comparison Tests Golden: filters_blur matches browser render            98:02 +3438 ~2 -11: /Users/denisnadey/apps/flutter_full_svg_support/test/golden_comparison/golden_comparison_test.dart: Golden Comparison Tests Golden: filters_blur matches browser render            98:03 +3438 ~2 -11: /Users/denisnadey/apps/flutter_full_svg_support/test/golden_comparison/golden_comparison_test.dart: Golden Comparison Tests Golden: filters_blur matches browser render            98:04 +3438 ~2 -11: /Users/denisnadey/apps/flutter_full_svg_support/test/golden_comparison/golden_comparison_test.dart: Golden Comparison Tests Golden: filters_blur matches browser render            98:05 +3438 ~2 -11: /Users/denisnadey/apps/flutter_full_svg_support/test/golden_comparison/golden_comparison_test.dart: Golden Comparison Tests Golden: filters_blur matches browser render            98:06 +3438 ~2 -11: /Users/denisnadey/apps/flutter_full_svg_support/test/golden_comparison/golden_comparison_test.dart: Golden Comparison Tests Golden: filters_blur matches browser render            98:07 +3438 ~2 -11: /Users/denisnadey/apps/flutter_full_svg_support/test/golden_comparison/golden_comparison_test.dart: Golden Comparison Tests Golden: filters_blur matches browser render            98:08 +3438 ~2 -11: /Users/denisnadey/apps/flutter_full_svg_support/test/golden_comparison/golden_comparison_test.dart: Golden Comparison Tests Golden: filters_blur matches browser render            98:09 +3438 ~2 -11: /Users/denisnadey/apps/flutter_full_svg_support/test/golden_comparison/golden_comparison_test.dart: Golden Comparison Tests Golden: filters_blur matches browser render            98:10 +3438 ~2 -11: /Users/denisnadey/apps/flutter_full_svg_support/test/golden_comparison/golden_comparison_test.dart: Golden Comparison Tests Golden: filters_blur matches browser render            98:11 +3438 ~2 -11: /Users/denisnadey/apps/flutter_full_svg_support/test/golden_comparison/golden_comparison_test.dart: Golden Comparison Tests Golden: filters_blur matches browser render            98:12 +3438 ~2 -11: /Users/denisnadey/apps/flutter_full_svg_support/test/golden_comparison/golden_comparison_test.dart: Golden Comparison Tests Golden: filters_blur matches browser render            98:13 +3438 ~2 -11: /Users/denisnadey/apps/flutter_full_svg_support/test/golden_comparison/golden_comparison_test.dart: Golden Comparison Tests Golden: filters_blur matches browser render            98:14 +3438 ~2 -11: /Users/denisnadey/apps/flutter_full_svg_support/test/golden_comparison/golden_comparison_test.dart: Golden Comparison Tests Golden: filters_blur matches browser render            98:15 +3438 ~2 -11: /Users/denisnadey/apps/flutter_full_svg_support/test/golden_comparison/golden_comparison_test.dart: Golden Comparison Tests Golden: filters_blur matches browser render            98:16 +3438 ~2 -11: /Users/denisnadey/apps/flutter_full_svg_support/test/golden_comparison/golden_comparison_test.dart: Golden Comparison Tests Golden: filters_blur matches browser render            98:17 +3438 ~2 -11: /Users/denisnadey/apps/flutter_full_svg_support/test/golden_comparison/golden_comparison_test.dart: Golden Comparison Tests Golden: filters_blur matches browser render            98:18 +3438 ~2 -11: /Users/denisnadey/apps/flutter_full_svg_support/test/golden_comparison/golden_comparison_test.dart: Golden Comparison Tests Golden: filters_blur matches browser render            98:19 +3438 ~2 -11: /Users/denisnadey/apps/flutter_full_svg_support/test/golden_comparison/golden_comparison_test.dart: Golden Comparison Tests Golden: filters_blur matches browser render            98:20 +3438 ~2 -11: /Users/denisnadey/apps/flutter_full_svg_support/test/golden_comparison/golden_comparison_test.dart: Golden Comparison Tests Golden: filters_blur matches browser render            98:21 +3438 ~2 -11: /Users/denisnadey/apps/flutter_full_svg_support/test/golden_comparison/golden_comparison_test.dart: Golden Comparison Tests Golden: filters_blur matches browser render            98:22 +3438 ~2 -11: /Users/denisnadey/apps/flutter_full_svg_support/test/golden_comparison/golden_comparison_test.dart: Golden Comparison Tests Golden: filters_blur matches browser render            98:23 +3438 ~2 -11: /Users/denisnadey/apps/flutter_full_svg_support/test/golden_comparison/golden_comparison_test.dart: Golden Comparison Tests Golden: filters_blur matches browser render            98:24 +3438 ~2 -11: /Users/denisnadey/apps/flutter_full_svg_support/test/golden_comparison/golden_comparison_test.dart: Golden Comparison Tests Golden: filters_blur matches browser render            98:25 +3438 ~2 -11: /Users/denisnadey/apps/flutter_full_svg_support/test/golden_comparison/golden_comparison_test.dart: Golden Comparison Tests Golden: filters_blur matches browser render            98:26 +3438 ~2 -11: /Users/denisnadey/apps/flutter_full_svg_support/test/golden_comparison/golden_comparison_test.dart: Golden Comparison Tests Golden: filters_blur matches browser render            98:27 +3438 ~2 -11: /Users/denisnadey/apps/flutter_full_svg_support/test/golden_comparison/golden_comparison_test.dart: Golden Comparison Tests Golden: filters_blur matches browser render            98:28 +3438 ~2 -11: /Users/denisnadey/apps/flutter_full_svg_support/test/golden_comparison/golden_comparison_test.dart: Golden Comparison Tests Golden: filters_blur matches browser render            98:29 +3438 ~2 -11: /Users/denisnadey/apps/flutter_full_svg_support/test/golden_comparison/golden_comparison_test.dart: Golden Comparison Tests Golden: filters_blur matches browser render            98:30 +3438 ~2 -11: /Users/denisnadey/apps/flutter_full_svg_support/test/golden_comparison/golden_comparison_test.dart: Golden Comparison Tests Golden: filters_blur matches browser render            98:31 +3438 ~2 -11: /Users/denisnadey/apps/flutter_full_svg_support/test/golden_comparison/golden_comparison_test.dart: Golden Comparison Tests Golden: filters_blur matches browser render            98:32 +3438 ~2 -11: /Users/denisnadey/apps/flutter_full_svg_support/test/golden_comparison/golden_comparison_test.dart: Golden Comparison Tests Golden: filters_blur matches browser render            98:33 +3438 ~2 -11: /Users/denisnadey/apps/flutter_full_svg_support/test/golden_comparison/golden_comparison_test.dart: Golden Comparison Tests Golden: filters_blur matches browser render            98:34 +3438 ~2 -11: /Users/denisnadey/apps/flutter_full_svg_support/test/golden_comparison/golden_comparison_test.dart: Golden Comparison Tests Golden: filters_blur matches browser render            98:35 +3438 ~2 -11: /Users/denisnadey/apps/flutter_full_svg_support/test/golden_comparison/golden_comparison_test.dart: Golden Comparison Tests Golden: filters_blur matches browser render            98:36 +3438 ~2 -11: /Users/denisnadey/apps/flutter_full_svg_support/test/golden_comparison/golden_comparison_test.dart: Golden Comparison Tests Golden: filters_blur matches browser render            98:37 +3438 ~2 -11: /Users/denisnadey/apps/flutter_full_svg_support/test/golden_comparison/golden_comparison_test.dart: Golden Comparison Tests Golden: filters_blur matches browser render            98:38 +3438 ~2 -11: /Users/denisnadey/apps/flutter_full_svg_support/test/golden_comparison/golden_comparison_test.dart: Golden Comparison Tests Golden: filters_blur matches browser render            98:39 +3438 ~2 -11: /Users/denisnadey/apps/flutter_full_svg_support/test/golden_comparison/golden_comparison_test.dart: Golden Comparison Tests Golden: filters_blur matches browser render            98:40 +3438 ~2 -11: /Users/denisnadey/apps/flutter_full_svg_support/test/golden_comparison/golden_comparison_test.dart: Golden Comparison Tests Golden: filters_blur matches browser render            98:41 +3438 ~2 -11: /Users/denisnadey/apps/flutter_full_svg_support/test/golden_comparison/golden_comparison_test.dart: Golden Comparison Tests Golden: filters_blur matches browser render            98:42 +3438 ~2 -11: /Users/denisnadey/apps/flutter_full_svg_support/test/golden_comparison/golden_comparison_test.dart: Golden Comparison Tests Golden: filters_blur matches browser render            98:43 +3438 ~2 -11: /Users/denisnadey/apps/flutter_full_svg_support/test/golden_comparison/golden_comparison_test.dart: Golden Comparison Tests Golden: filters_blur matches browser render            98:44 +3438 ~2 -11: /Users/denisnadey/apps/flutter_full_svg_support/test/golden_comparison/golden_comparison_test.dart: Golden Comparison Tests Golden: filters_blur matches browser render            98:45 +3438 ~2 -11: /Users/denisnadey/apps/flutter_full_svg_support/test/golden_comparison/golden_comparison_test.dart: Golden Comparison Tests Golden: filters_blur matches browser render            98:46 +3438 ~2 -11: /Users/denisnadey/apps/flutter_full_svg_support/test/golden_comparison/golden_comparison_test.dart: Golden Comparison Tests Golden: filters_blur matches browser render            98:47 +3438 ~2 -11: /Users/denisnadey/apps/flutter_full_svg_support/test/golden_comparison/golden_comparison_test.dart: Golden Comparison Tests Golden: filters_blur matches browser render            98:48 +3438 ~2 -11: /Users/denisnadey/apps/flutter_full_svg_support/test/golden_comparison/golden_comparison_test.dart: Golden Comparison Tests Golden: filters_blur matches browser render            98:49 +3438 ~2 -11: /Users/denisnadey/apps/flutter_full_svg_support/test/golden_comparison/golden_comparison_test.dart: Golden Comparison Tests Golden: filters_blur matches browser render            98:50 +3438 ~2 -11: /Users/denisnadey/apps/flutter_full_svg_support/test/golden_comparison/golden_comparison_test.dart: Golden Comparison Tests Golden: filters_blur matches browser render            98:51 +3438 ~2 -11: /Users/denisnadey/apps/flutter_full_svg_support/test/golden_comparison/golden_comparison_test.dart: Golden Comparison Tests Golden: filters_blur matches browser render            98:52 +3438 ~2 -11: /Users/denisnadey/apps/flutter_full_svg_support/test/golden_comparison/golden_comparison_test.dart: Golden Comparison Tests Golden: filters_blur matches browser render            98:53 +3438 ~2 -11: /Users/denisnadey/apps/flutter_full_svg_support/test/golden_comparison/golden_comparison_test.dart: Golden Comparison Tests Golden: filters_blur matches browser render            98:54 +3438 ~2 -11: /Users/denisnadey/apps/flutter_full_svg_support/test/golden_comparison/golden_comparison_test.dart: Golden Comparison Tests Golden: filters_blur matches browser render            98:55 +3438 ~2 -11: /Users/denisnadey/apps/flutter_full_svg_support/test/golden_comparison/golden_comparison_test.dart: Golden Comparison Tests Golden: filters_blur matches browser render            98:56 +3438 ~2 -11: /Users/denisnadey/apps/flutter_full_svg_support/test/golden_comparison/golden_comparison_test.dart: Golden Comparison Tests Golden: filters_blur matches browser render            98:57 +3438 ~2 -11: /Users/denisnadey/apps/flutter_full_svg_support/test/golden_comparison/golden_comparison_test.dart: Golden Comparison Tests Golden: filters_blur matches browser render            98:58 +3438 ~2 -11: /Users/denisnadey/apps/flutter_full_svg_support/test/golden_comparison/golden_comparison_test.dart: Golden Comparison Tests Golden: filters_blur matches browser render            98:59 +3438 ~2 -11: /Users/denisnadey/apps/flutter_full_svg_support/test/golden_comparison/golden_comparison_test.dart: Golden Comparison Tests Golden: filters_blur matches browser render            99:00 +3438 ~2 -11: /Users/denisnadey/apps/flutter_full_svg_support/test/golden_comparison/golden_comparison_test.dart: Golden Comparison Tests Golden: filters_blur matches browser render            99:01 +3438 ~2 -11: /Users/denisnadey/apps/flutter_full_svg_support/test/golden_comparison/golden_comparison_test.dart: Golden Comparison Tests Golden: filters_blur matches browser render            99:02 +3438 ~2 -11: /Users/denisnadey/apps/flutter_full_svg_support/test/golden_comparison/golden_comparison_test.dart: Golden Comparison Tests Golden: filters_blur matches browser render            99:03 +3438 ~2 -11: /Users/denisnadey/apps/flutter_full_svg_support/test/golden_comparison/golden_comparison_test.dart: Golden Comparison Tests Golden: filters_blur matches browser render            99:04 +3438 ~2 -11: /Users/denisnadey/apps/flutter_full_svg_support/test/golden_comparison/golden_comparison_test.dart: Golden Comparison Tests Golden: filters_blur matches browser render            99:05 +3438 ~2 -11: /Users/denisnadey/apps/flutter_full_svg_support/test/golden_comparison/golden_comparison_test.dart: Golden Comparison Tests Golden: filters_blur matches browser render            99:06 +3438 ~2 -11: /Users/denisnadey/apps/flutter_full_svg_support/test/golden_comparison/golden_comparison_test.dart: Golden Comparison Tests Golden: filters_blur matches browser render            99:07 +3438 ~2 -11: /Users/denisnadey/apps/flutter_full_svg_support/test/golden_comparison/golden_comparison_test.dart: Golden Comparison Tests Golden: filters_blur matches browser render            99:08 +3438 ~2 -11: /Users/denisnadey/apps/flutter_full_svg_support/test/golden_comparison/golden_comparison_test.dart: Golden Comparison Tests Golden: filters_blur matches browser render            99:09 +3438 ~2 -11: /Users/denisnadey/apps/flutter_full_svg_support/test/golden_comparison/golden_comparison_test.dart: Golden Comparison Tests Golden: filters_blur matches browser render            99:10 +3438 ~2 -11: /Users/denisnadey/apps/flutter_full_svg_support/test/golden_comparison/golden_comparison_test.dart: Golden Comparison Tests Golden: filters_blur matches browser render            99:11 +3438 ~2 -11: /Users/denisnadey/apps/flutter_full_svg_support/test/golden_comparison/golden_comparison_test.dart: Golden Comparison Tests Golden: filters_blur matches browser render            99:12 +3438 ~2 -11: /Users/denisnadey/apps/flutter_full_svg_support/test/golden_comparison/golden_comparison_test.dart: Golden Comparison Tests Golden: filters_blur matches browser render            99:13 +3438 ~2 -11: /Users/denisnadey/apps/flutter_full_svg_support/test/golden_comparison/golden_comparison_test.dart: Golden Comparison Tests Golden: filters_blur matches browser render            99:14 +3438 ~2 -11: /Users/denisnadey/apps/flutter_full_svg_support/test/golden_comparison/golden_comparison_test.dart: Golden Comparison Tests Golden: filters_blur matches browser render            99:15 +3438 ~2 -11: /Users/denisnadey/apps/flutter_full_svg_support/test/golden_comparison/golden_comparison_test.dart: Golden Comparison Tests Golden: filters_blur matches browser render            99:16 +3438 ~2 -11: /Users/denisnadey/apps/flutter_full_svg_support/test/golden_comparison/golden_comparison_test.dart: Golden Comparison Tests Golden: filters_blur matches browser render            99:17 +3438 ~2 -11: /Users/denisnadey/apps/flutter_full_svg_support/test/golden_comparison/golden_comparison_test.dart: Golden Comparison Tests Golden: filters_blur matches browser render            99:18 +3438 ~2 -11: /Users/denisnadey/apps/flutter_full_svg_support/test/golden_comparison/golden_comparison_test.dart: Golden Comparison Tests Golden: filters_blur matches browser render            99:19 +3438 ~2 -11: /Users/denisnadey/apps/flutter_full_svg_support/test/golden_comparison/golden_comparison_test.dart: Golden Comparison Tests Golden: filters_blur matches browser render            99:20 +3438 ~2 -11: /Users/denisnadey/apps/flutter_full_svg_support/test/golden_comparison/golden_comparison_test.dart: Golden Comparison Tests Golden: filters_blur matches browser render            99:21 +3438 ~2 -11: /Users/denisnadey/apps/flutter_full_svg_support/test/golden_comparison/golden_comparison_test.dart: Golden Comparison Tests Golden: filters_blur matches browser render            99:22 +3438 ~2 -11: /Users/denisnadey/apps/flutter_full_svg_support/test/golden_comparison/golden_comparison_test.dart: Golden Comparison Tests Golden: filters_blur matches browser render            99:23 +3438 ~2 -11: /Users/denisnadey/apps/flutter_full_svg_support/test/golden_comparison/golden_comparison_test.dart: Golden Comparison Tests Golden: filters_blur matches browser render            99:24 +3438 ~2 -11: /Users/denisnadey/apps/flutter_full_svg_support/test/golden_comparison/golden_comparison_test.dart: Golden Comparison Tests Golden: filters_blur matches browser render            99:25 +3438 ~2 -11: /Users/denisnadey/apps/flutter_full_svg_support/test/golden_comparison/golden_comparison_test.dart: Golden Comparison Tests Golden: filters_blur matches browser render            99:26 +3438 ~2 -11: /Users/denisnadey/apps/flutter_full_svg_support/test/golden_comparison/golden_comparison_test.dart: Golden Comparison Tests Golden: filters_blur matches browser render            99:27 +3438 ~2 -11: /Users/denisnadey/apps/flutter_full_svg_support/test/golden_comparison/golden_comparison_test.dart: Golden Comparison Tests Golden: filters_blur matches browser render            99:28 +3438 ~2 -11: /Users/denisnadey/apps/flutter_full_svg_support/test/golden_comparison/golden_comparison_test.dart: Golden Comparison Tests Golden: filters_blur matches browser render            99:29 +3438 ~2 -11: /Users/denisnadey/apps/flutter_full_svg_support/test/golden_comparison/golden_comparison_test.dart: Golden Comparison Tests Golden: filters_blur matches browser render            99:30 +3438 ~2 -11: /Users/denisnadey/apps/flutter_full_svg_support/test/golden_comparison/golden_comparison_test.dart: Golden Comparison Tests Golden: filters_blur matches browser render            99:31 +3438 ~2 -11: /Users/denisnadey/apps/flutter_full_svg_support/test/golden_comparison/golden_comparison_test.dart: Golden Comparison Tests Golden: filters_blur matches browser render            99:32 +3438 ~2 -11: /Users/denisnadey/apps/flutter_full_svg_support/test/golden_comparison/golden_comparison_test.dart: Golden Comparison Tests Golden: filters_blur matches browser render            99:33 +3438 ~2 -11: /Users/denisnadey/apps/flutter_full_svg_support/test/golden_comparison/golden_comparison_test.dart: Golden Comparison Tests Golden: filters_blur matches browser render            99:34 +3438 ~2 -11: /Users/denisnadey/apps/flutter_full_svg_support/test/golden_comparison/golden_comparison_test.dart: Golden Comparison Tests Golden: filters_blur matches browser render            99:35 +3438 ~2 -11: /Users/denisnadey/apps/flutter_full_svg_support/test/golden_comparison/golden_comparison_test.dart: Golden Comparison Tests Golden: filters_blur matches browser render            99:36 +3438 ~2 -11: /Users/denisnadey/apps/flutter_full_svg_support/test/golden_comparison/golden_comparison_test.dart: Golden Comparison Tests Golden: filters_blur matches browser render            99:37 +3438 ~2 -11: /Users/denisnadey/apps/flutter_full_svg_support/test/golden_comparison/golden_comparison_test.dart: Golden Comparison Tests Golden: filters_blur matches browser render            99:38 +3438 ~2 -11: /Users/denisnadey/apps/flutter_full_svg_support/test/golden_comparison/golden_comparison_test.dart: Golden Comparison Tests Golden: filters_blur matches browser render            99:39 +3438 ~2 -11: /Users/denisnadey/apps/flutter_full_svg_support/test/golden_comparison/golden_comparison_test.dart: Golden Comparison Tests Golden: filters_blur matches browser render            99:40 +3438 ~2 -11: /Users/denisnadey/apps/flutter_full_svg_support/test/golden_comparison/golden_comparison_test.dart: Golden Comparison Tests Golden: filters_blur matches browser render            99:41 +3438 ~2 -11: /Users/denisnadey/apps/flutter_full_svg_support/test/golden_comparison/golden_comparison_test.dart: Golden Comparison Tests Golden: filters_blur matches browser render            99:42 +3438 ~2 -11: /Users/denisnadey/apps/flutter_full_svg_support/test/golden_comparison/golden_comparison_test.dart: Golden Comparison Tests Golden: filters_blur matches browser render            99:43 +3438 ~2 -11: /Users/denisnadey/apps/flutter_full_svg_support/test/golden_comparison/golden_comparison_test.dart: Golden Comparison Tests Golden: filters_blur matches browser render            99:44 +3438 ~2 -11: /Users/denisnadey/apps/flutter_full_svg_support/test/golden_comparison/golden_comparison_test.dart: Golden Comparison Tests Golden: filters_blur matches browser render            99:45 +3438 ~2 -11: /Users/denisnadey/apps/flutter_full_svg_support/test/golden_comparison/golden_comparison_test.dart: Golden Comparison Tests Golden: filters_blur matches browser render            99:46 +3438 ~2 -11: /Users/denisnadey/apps/flutter_full_svg_support/test/golden_comparison/golden_comparison_test.dart: Golden Comparison Tests Golden: filters_blur matches browser render            99:47 +3438 ~2 -11: /Users/denisnadey/apps/flutter_full_svg_support/test/golden_comparison/golden_comparison_test.dart: Golden Comparison Tests Golden: filters_blur matches browser render            99:48 +3438 ~2 -11: /Users/denisnadey/apps/flutter_full_svg_support/test/golden_comparison/golden_comparison_test.dart: Golden Comparison Tests Golden: filters_blur matches browser render            99:49 +3438 ~2 -11: /Users/denisnadey/apps/flutter_full_svg_support/test/golden_comparison/golden_comparison_test.dart: Golden Comparison Tests Golden: filters_blur matches browser render            99:50 +3438 ~2 -11: /Users/denisnadey/apps/flutter_full_svg_support/test/golden_comparison/golden_comparison_test.dart: Golden Comparison Tests Golden: filters_blur matches browser render            99:51 +3438 ~2 -11: /Users/denisnadey/apps/flutter_full_svg_support/test/golden_comparison/golden_comparison_test.dart: Golden Comparison Tests Golden: filters_blur matches browser render            99:52 +3438 ~2 -11: /Users/denisnadey/apps/flutter_full_svg_support/test/golden_comparison/golden_comparison_test.dart: Golden Comparison Tests Golden: filters_blur matches browser render            99:53 +3438 ~2 -11: /Users/denisnadey/apps/flutter_full_svg_support/test/golden_comparison/golden_comparison_test.dart: Golden Comparison Tests Golden: filters_blur matches browser render            99:54 +3438 ~2 -11: /Users/denisnadey/apps/flutter_full_svg_support/test/golden_comparison/golden_comparison_test.dart: Golden Comparison Tests Golden: filters_blur matches browser render            99:55 +3438 ~2 -11: /Users/denisnadey/apps/flutter_full_svg_support/test/golden_comparison/golden_comparison_test.dart: Golden Comparison Tests Golden: filters_blur matches browser render            99:56 +3438 ~2 -11: /Users/denisnadey/apps/flutter_full_svg_support/test/golden_comparison/golden_comparison_test.dart: Golden Comparison Tests Golden: filters_blur matches browser render            99:57 +3438 ~2 -11: /Users/denisnadey/apps/flutter_full_svg_support/test/golden_comparison/golden_comparison_test.dart: Golden Comparison Tests Golden: filters_blur matches browser render            99:58 +3438 ~2 -11: /Users/denisnadey/apps/flutter_full_svg_support/test/golden_comparison/golden_comparison_test.dart: Golden Comparison Tests Golden: filters_blur matches browser render            99:59 +3438 ~2 -11: /Users/denisnadey/apps/flutter_full_svg_support/test/golden_comparison/golden_comparison_test.dart: Golden Comparison Tests Golden: filters_blur matches browser render            100:00 +3438 ~2 -11: /Users/denisnadey/apps/flutter_full_svg_support/test/golden_comparison/golden_comparison_test.dart: Golden Comparison Tests Golden: filters_blur matches browser render           100:01 +3438 ~2 -11: /Users/denisnadey/apps/flutter_full_svg_support/test/golden_comparison/golden_comparison_test.dart: Golden Comparison Tests Golden: filters_blur matches browser render           100:02 +3438 ~2 -11: /Users/denisnadey/apps/flutter_full_svg_support/test/golden_comparison/golden_comparison_test.dart: Golden Comparison Tests Golden: filters_blur matches browser render           100:03 +3438 ~2 -11: /Users/denisnadey/apps/flutter_full_svg_support/test/golden_comparison/golden_comparison_test.dart: Golden Comparison Tests Golden: filters_blur matches browser render           100:04 +3438 ~2 -11: /Users/denisnadey/apps/flutter_full_svg_support/test/golden_comparison/golden_comparison_test.dart: Golden Comparison Tests Golden: filters_blur matches browser render           100:05 +3438 ~2 -11: /Users/denisnadey/apps/flutter_full_svg_support/test/golden_comparison/golden_comparison_test.dart: Golden Comparison Tests Golden: filters_blur matches browser render           100:06 +3438 ~2 -11: /Users/denisnadey/apps/flutter_full_svg_support/test/golden_comparison/golden_comparison_test.dart: Golden Comparison Tests Golden: filters_blur matches browser render           100:07 +3438 ~2 -11: /Users/denisnadey/apps/flutter_full_svg_support/test/golden_comparison/golden_comparison_test.dart: Golden Comparison Tests Golden: filters_blur matches browser render           100:08 +3438 ~2 -11: /Users/denisnadey/apps/flutter_full_svg_support/test/golden_comparison/golden_comparison_test.dart: Golden Comparison Tests Golden: filters_blur matches browser render           100:09 +3438 ~2 -11: /Users/denisnadey/apps/flutter_full_svg_support/test/golden_comparison/golden_comparison_test.dart: Golden Comparison Tests Golden: filters_blur matches browser render           100:10 +3438 ~2 -11: /Users/denisnadey/apps/flutter_full_svg_support/test/golden_comparison/golden_comparison_test.dart: Golden Comparison Tests Golden: filters_blur matches browser render           100:11 +3438 ~2 -11: /Users/denisnadey/apps/flutter_full_svg_support/test/golden_comparison/golden_comparison_test.dart: Golden Comparison Tests Golden: filters_blur matches browser render           100:12 +3438 ~2 -11: /Users/denisnadey/apps/flutter_full_svg_support/test/golden_comparison/golden_comparison_test.dart: Golden Comparison Tests Golden: filters_blur matches browser render           100:13 +3438 ~2 -11: /Users/denisnadey/apps/flutter_full_svg_support/test/golden_comparison/golden_comparison_test.dart: Golden Comparison Tests Golden: filters_blur matches browser render           100:14 +3438 ~2 -11: /Users/denisnadey/apps/flutter_full_svg_support/test/golden_comparison/golden_comparison_test.dart: Golden Comparison Tests Golden: filters_blur matches browser render           100:15 +3438 ~2 -11: /Users/denisnadey/apps/flutter_full_svg_support/test/golden_comparison/golden_comparison_test.dart: Golden Comparison Tests Golden: filters_blur matches browser render           100:16 +3438 ~2 -11: /Users/denisnadey/apps/flutter_full_svg_support/test/golden_comparison/golden_comparison_test.dart: Golden Comparison Tests Golden: filters_blur matches browser render           100:17 +3438 ~2 -11: /Users/denisnadey/apps/flutter_full_svg_support/test/golden_comparison/golden_comparison_test.dart: Golden Comparison Tests Golden: filters_blur matches browser render           100:18 +3438 ~2 -11: /Users/denisnadey/apps/flutter_full_svg_support/test/golden_comparison/golden_comparison_test.dart: Golden Comparison Tests Golden: filters_blur matches browser render           100:19 +3438 ~2 -11: /Users/denisnadey/apps/flutter_full_svg_support/test/golden_comparison/golden_comparison_test.dart: Golden Comparison Tests Golden: filters_blur matches browser render           100:20 +3438 ~2 -11: /Users/denisnadey/apps/flutter_full_svg_support/test/golden_comparison/golden_comparison_test.dart: Golden Comparison Tests Golden: filters_blur matches browser render           100:21 +3438 ~2 -11: /Users/denisnadey/apps/flutter_full_svg_support/test/golden_comparison/golden_comparison_test.dart: Golden Comparison Tests Golden: filters_blur matches browser render           100:22 +3438 ~2 -11: /Users/denisnadey/apps/flutter_full_svg_support/test/golden_comparison/golden_comparison_test.dart: Golden Comparison Tests Golden: filters_blur matches browser render           100:23 +3438 ~2 -11: /Users/denisnadey/apps/flutter_full_svg_support/test/golden_comparison/golden_comparison_test.dart: Golden Comparison Tests Golden: filters_blur matches browser render           100:24 +3438 ~2 -11: /Users/denisnadey/apps/flutter_full_svg_support/test/golden_comparison/golden_comparison_test.dart: Golden Comparison Tests Golden: filters_blur matches browser render           100:25 +3438 ~2 -11: /Users/denisnadey/apps/flutter_full_svg_support/test/golden_comparison/golden_comparison_test.dart: Golden Comparison Tests Golden: filters_blur matches browser render           100:26 +3438 ~2 -11: /Users/denisnadey/apps/flutter_full_svg_support/test/golden_comparison/golden_comparison_test.dart: Golden Comparison Tests Golden: filters_blur matches browser render           100:27 +3438 ~2 -11: /Users/denisnadey/apps/flutter_full_svg_support/test/golden_comparison/golden_comparison_test.dart: Golden Comparison Tests Golden: filters_blur matches browser render           100:28 +3438 ~2 -11: /Users/denisnadey/apps/flutter_full_svg_support/test/golden_comparison/golden_comparison_test.dart: Golden Comparison Tests Golden: filters_blur matches browser render           100:29 +3438 ~2 -11: /Users/denisnadey/apps/flutter_full_svg_support/test/golden_comparison/golden_comparison_test.dart: Golden Comparison Tests Golden: filters_blur matches browser render           100:30 +3438 ~2 -11: /Users/denisnadey/apps/flutter_full_svg_support/test/golden_comparison/golden_comparison_test.dart: Golden Comparison Tests Golden: filters_blur matches browser render           100:31 +3438 ~2 -11: /Users/denisnadey/apps/flutter_full_svg_support/test/golden_comparison/golden_comparison_test.dart: Golden Comparison Tests Golden: filters_blur matches browser render           100:32 +3438 ~2 -11: /Users/denisnadey/apps/flutter_full_svg_support/test/golden_comparison/golden_comparison_test.dart: Golden Comparison Tests Golden: filters_blur matches browser render           100:33 +3438 ~2 -11: /Users/denisnadey/apps/flutter_full_svg_support/test/golden_comparison/golden_comparison_test.dart: Golden Comparison Tests Golden: filters_blur matches browser render           100:34 +3438 ~2 -11: /Users/denisnadey/apps/flutter_full_svg_support/test/golden_comparison/golden_comparison_test.dart: Golden Comparison Tests Golden: filters_blur matches browser render           100:35 +3438 ~2 -11: /Users/denisnadey/apps/flutter_full_svg_support/test/golden_comparison/golden_comparison_test.dart: Golden Comparison Tests Golden: filters_blur matches browser render           100:36 +3438 ~2 -11: /Users/denisnadey/apps/flutter_full_svg_support/test/golden_comparison/golden_comparison_test.dart: Golden Comparison Tests Golden: filters_blur matches browser render           100:37 +3438 ~2 -11: /Users/denisnadey/apps/flutter_full_svg_support/test/golden_comparison/golden_comparison_test.dart: Golden Comparison Tests Golden: filters_blur matches browser render           100:38 +3438 ~2 -11: /Users/denisnadey/apps/flutter_full_svg_support/test/golden_comparison/golden_comparison_test.dart: Golden Comparison Tests Golden: filters_blur matches browser render           100:39 +3438 ~2 -11: /Users/denisnadey/apps/flutter_full_svg_support/test/golden_comparison/golden_comparison_test.dart: Golden Comparison Tests Golden: filters_blur matches browser render           100:40 +3438 ~2 -11: /Users/denisnadey/apps/flutter_full_svg_support/test/golden_comparison/golden_comparison_test.dart: Golden Comparison Tests Golden: filters_blur matches browser render           100:41 +3438 ~2 -11: /Users/denisnadey/apps/flutter_full_svg_support/test/golden_comparison/golden_comparison_test.dart: Golden Comparison Tests Golden: filters_blur matches browser render           100:42 +3438 ~2 -11: /Users/denisnadey/apps/flutter_full_svg_support/test/golden_comparison/golden_comparison_test.dart: Golden Comparison Tests Golden: filters_blur matches browser render           100:43 +3438 ~2 -11: /Users/denisnadey/apps/flutter_full_svg_support/test/golden_comparison/golden_comparison_test.dart: Golden Comparison Tests Golden: filters_blur matches browser render           100:44 +3438 ~2 -11: /Users/denisnadey/apps/flutter_full_svg_support/test/golden_comparison/golden_comparison_test.dart: Golden Comparison Tests Golden: filters_blur matches browser render           100:45 +3438 ~2 -11: /Users/denisnadey/apps/flutter_full_svg_support/test/golden_comparison/golden_comparison_test.dart: Golden Comparison Tests Golden: filters_blur matches browser render           100:46 +3438 ~2 -11: /Users/denisnadey/apps/flutter_full_svg_support/test/golden_comparison/golden_comparison_test.dart: Golden Comparison Tests Golden: filters_blur matches browser render           100:47 +3438 ~2 -11: /Users/denisnadey/apps/flutter_full_svg_support/test/golden_comparison/golden_comparison_test.dart: Golden Comparison Tests Golden: filters_blur matches browser render           100:48 +3438 ~2 -11: /Users/denisnadey/apps/flutter_full_svg_support/test/golden_comparison/golden_comparison_test.dart: Golden Comparison Tests Golden: filters_blur matches browser render           100:49 +3438 ~2 -11: /Users/denisnadey/apps/flutter_full_svg_support/test/golden_comparison/golden_comparison_test.dart: Golden Comparison Tests Golden: filters_blur matches browser render           100:50 +3438 ~2 -11: /Users/denisnadey/apps/flutter_full_svg_support/test/golden_comparison/golden_comparison_test.dart: Golden Comparison Tests Golden: filters_blur matches browser render           100:51 +3438 ~2 -11: /Users/denisnadey/apps/flutter_full_svg_support/test/golden_comparison/golden_comparison_test.dart: Golden Comparison Tests Golden: filters_blur matches browser render           100:52 +3438 ~2 -11: /Users/denisnadey/apps/flutter_full_svg_support/test/golden_comparison/golden_comparison_test.dart: Golden Comparison Tests Golden: filters_blur matches browser render           100:53 +3438 ~2 -11: /Users/denisnadey/apps/flutter_full_svg_support/test/golden_comparison/golden_comparison_test.dart: Golden Comparison Tests Golden: filters_blur matches browser render           100:54 +3438 ~2 -11: /Users/denisnadey/apps/flutter_full_svg_support/test/golden_comparison/golden_comparison_test.dart: Golden Comparison Tests Golden: filters_blur matches browser render           100:55 +3438 ~2 -11: /Users/denisnadey/apps/flutter_full_svg_support/test/golden_comparison/golden_comparison_test.dart: Golden Comparison Tests Golden: filters_blur matches browser render           100:56 +3438 ~2 -11: /Users/denisnadey/apps/flutter_full_svg_support/test/golden_comparison/golden_comparison_test.dart: Golden Comparison Tests Golden: filters_blur matches browser render           100:57 +3438 ~2 -11: /Users/denisnadey/apps/flutter_full_svg_support/test/golden_comparison/golden_comparison_test.dart: Golden Comparison Tests Golden: filters_blur matches browser render           100:58 +3438 ~2 -11: /Users/denisnadey/apps/flutter_full_svg_support/test/golden_comparison/golden_comparison_test.dart: Golden Comparison Tests Golden: filters_blur matches browser render           100:59 +3438 ~2 -11: /Users/denisnadey/apps/flutter_full_svg_support/test/golden_comparison/golden_comparison_test.dart: Golden Comparison Tests Golden: filters_blur matches browser render           101:00 +3438 ~2 -11: /Users/denisnadey/apps/flutter_full_svg_support/test/golden_comparison/golden_comparison_test.dart: Golden Comparison Tests Golden: filters_blur matches browser render           101:01 +3438 ~2 -11: /Users/denisnadey/apps/flutter_full_svg_support/test/golden_comparison/golden_comparison_test.dart: Golden Comparison Tests Golden: filters_blur matches browser render           101:02 +3438 ~2 -11: /Users/denisnadey/apps/flutter_full_svg_support/test/golden_comparison/golden_comparison_test.dart: Golden Comparison Tests Golden: filters_blur matches browser render           101:03 +3438 ~2 -11: /Users/denisnadey/apps/flutter_full_svg_support/test/golden_comparison/golden_comparison_test.dart: Golden Comparison Tests Golden: filters_blur matches browser render           101:04 +3438 ~2 -11: /Users/denisnadey/apps/flutter_full_svg_support/test/golden_comparison/golden_comparison_test.dart: Golden Comparison Tests Golden: filters_blur matches browser render           101:05 +3438 ~2 -11: /Users/denisnadey/apps/flutter_full_svg_support/test/golden_comparison/golden_comparison_test.dart: Golden Comparison Tests Golden: filters_blur matches browser render           101:06 +3438 ~2 -11: /Users/denisnadey/apps/flutter_full_svg_support/test/golden_comparison/golden_comparison_test.dart: Golden Comparison Tests Golden: filters_blur matches browser render           101:07 +3438 ~2 -11: /Users/denisnadey/apps/flutter_full_svg_support/test/golden_comparison/golden_comparison_test.dart: Golden Comparison Tests Golden: filters_blur matches browser render           101:08 +3438 ~2 -11: /Users/denisnadey/apps/flutter_full_svg_support/test/golden_comparison/golden_comparison_test.dart: Golden Comparison Tests Golden: filters_blur matches browser render           101:09 +3438 ~2 -11: /Users/denisnadey/apps/flutter_full_svg_support/test/golden_comparison/golden_comparison_test.dart: Golden Comparison Tests Golden: filters_blur matches browser render           101:10 +3438 ~2 -11: /Users/denisnadey/apps/flutter_full_svg_support/test/golden_comparison/golden_comparison_test.dart: Golden Comparison Tests Golden: filters_blur matches browser render           101:11 +3438 ~2 -11: /Users/denisnadey/apps/flutter_full_svg_support/test/golden_comparison/golden_comparison_test.dart: Golden Comparison Tests Golden: filters_blur matches browser render           101:12 +3438 ~2 -11: /Users/denisnadey/apps/flutter_full_svg_support/test/golden_comparison/golden_comparison_test.dart: Golden Comparison Tests Golden: filters_blur matches browser render           101:13 +3438 ~2 -11: /Users/denisnadey/apps/flutter_full_svg_support/test/golden_comparison/golden_comparison_test.dart: Golden Comparison Tests Golden: filters_blur matches browser render           101:14 +3438 ~2 -11: /Users/denisnadey/apps/flutter_full_svg_support/test/golden_comparison/golden_comparison_test.dart: Golden Comparison Tests Golden: filters_blur matches browser render           101:15 +3438 ~2 -11: /Users/denisnadey/apps/flutter_full_svg_support/test/golden_comparison/golden_comparison_test.dart: Golden Comparison Tests Golden: filters_blur matches browser render           101:16 +3438 ~2 -11: /Users/denisnadey/apps/flutter_full_svg_support/test/golden_comparison/golden_comparison_test.dart: Golden Comparison Tests Golden: filters_blur matches browser render           101:17 +3438 ~2 -11: /Users/denisnadey/apps/flutter_full_svg_support/test/golden_comparison/golden_comparison_test.dart: Golden Comparison Tests Golden: filters_blur matches browser render           101:18 +3438 ~2 -11: /Users/denisnadey/apps/flutter_full_svg_support/test/golden_comparison/golden_comparison_test.dart: Golden Comparison Tests Golden: filters_blur matches browser render           101:19 +3438 ~2 -11: /Users/denisnadey/apps/flutter_full_svg_support/test/golden_comparison/golden_comparison_test.dart: Golden Comparison Tests Golden: filters_blur matches browser render           101:20 +3438 ~2 -11: /Users/denisnadey/apps/flutter_full_svg_support/test/golden_comparison/golden_comparison_test.dart: Golden Comparison Tests Golden: filters_blur matches browser render           101:21 +3438 ~2 -11: /Users/denisnadey/apps/flutter_full_svg_support/test/golden_comparison/golden_comparison_test.dart: Golden Comparison Tests Golden: filters_blur matches browser render           101:22 +3438 ~2 -11: /Users/denisnadey/apps/flutter_full_svg_support/test/golden_comparison/golden_comparison_test.dart: Golden Comparison Tests Golden: filters_blur matches browser render           101:23 +3438 ~2 -11: /Users/denisnadey/apps/flutter_full_svg_support/test/golden_comparison/golden_comparison_test.dart: Golden Comparison Tests Golden: filters_blur matches browser render           101:24 +3438 ~2 -11: /Users/denisnadey/apps/flutter_full_svg_support/test/golden_comparison/golden_comparison_test.dart: Golden Comparison Tests Golden: filters_blur matches browser render           101:25 +3438 ~2 -11: /Users/denisnadey/apps/flutter_full_svg_support/test/golden_comparison/golden_comparison_test.dart: Golden Comparison Tests Golden: filters_blur matches browser render           101:26 +3438 ~2 -11: /Users/denisnadey/apps/flutter_full_svg_support/test/golden_comparison/golden_comparison_test.dart: Golden Comparison Tests Golden: filters_blur matches browser render           101:27 +3438 ~2 -11: /Users/denisnadey/apps/flutter_full_svg_support/test/golden_comparison/golden_comparison_test.dart: Golden Comparison Tests Golden: filters_blur matches browser render           101:28 +3438 ~2 -11: /Users/denisnadey/apps/flutter_full_svg_support/test/golden_comparison/golden_comparison_test.dart: Golden Comparison Tests Golden: filters_blur matches browser render           101:29 +3438 ~2 -11: /Users/denisnadey/apps/flutter_full_svg_support/test/golden_comparison/golden_comparison_test.dart: Golden Comparison Tests Golden: filters_blur matches browser render           101:30 +3438 ~2 -11: /Users/denisnadey/apps/flutter_full_svg_support/test/golden_comparison/golden_comparison_test.dart: Golden Comparison Tests Golden: filters_blur matches browser render           101:31 +3438 ~2 -11: /Users/denisnadey/apps/flutter_full_svg_support/test/golden_comparison/golden_comparison_test.dart: Golden Comparison Tests Golden: filters_blur matches browser render           101:32 +3438 ~2 -11: /Users/denisnadey/apps/flutter_full_svg_support/test/golden_comparison/golden_comparison_test.dart: Golden Comparison Tests Golden: filters_blur matches browser render           101:33 +3438 ~2 -11: /Users/denisnadey/apps/flutter_full_svg_support/test/golden_comparison/golden_comparison_test.dart: Golden Comparison Tests Golden: filters_blur matches browser render           101:34 +3438 ~2 -11: /Users/denisnadey/apps/flutter_full_svg_support/test/golden_comparison/golden_comparison_test.dart: Golden Comparison Tests Golden: filters_blur matches browser render           101:35 +3438 ~2 -11: /Users/denisnadey/apps/flutter_full_svg_support/test/golden_comparison/golden_comparison_test.dart: Golden Comparison Tests Golden: filters_blur matches browser render           101:36 +3438 ~2 -11: /Users/denisnadey/apps/flutter_full_svg_support/test/golden_comparison/golden_comparison_test.dart: Golden Comparison Tests Golden: filters_blur matches browser render           101:37 +3438 ~2 -11: /Users/denisnadey/apps/flutter_full_svg_support/test/golden_comparison/golden_comparison_test.dart: Golden Comparison Tests Golden: filters_blur matches browser render           101:38 +3438 ~2 -11: /Users/denisnadey/apps/flutter_full_svg_support/test/golden_comparison/golden_comparison_test.dart: Golden Comparison Tests Golden: filters_blur matches browser render           101:39 +3438 ~2 -11: /Users/denisnadey/apps/flutter_full_svg_support/test/golden_comparison/golden_comparison_test.dart: Golden Comparison Tests Golden: filters_blur matches browser render           101:40 +3438 ~2 -11: /Users/denisnadey/apps/flutter_full_svg_support/test/golden_comparison/golden_comparison_test.dart: Golden Comparison Tests Golden: filters_blur matches browser render           101:41 +3438 ~2 -11: /Users/denisnadey/apps/flutter_full_svg_support/test/golden_comparison/golden_comparison_test.dart: Golden Comparison Tests Golden: filters_blur matches browser render           101:42 +3438 ~2 -11: /Users/denisnadey/apps/flutter_full_svg_support/test/golden_comparison/golden_comparison_test.dart: Golden Comparison Tests Golden: filters_blur matches browser render           101:43 +3438 ~2 -11: /Users/denisnadey/apps/flutter_full_svg_support/test/golden_comparison/golden_comparison_test.dart: Golden Comparison Tests Golden: filters_blur matches browser render           101:44 +3438 ~2 -11: /Users/denisnadey/apps/flutter_full_svg_support/test/golden_comparison/golden_comparison_test.dart: Golden Comparison Tests Golden: filters_blur matches browser render           101:45 +3438 ~2 -11: /Users/denisnadey/apps/flutter_full_svg_support/test/golden_comparison/golden_comparison_test.dart: Golden Comparison Tests Golden: filters_blur matches browser render           101:46 +3438 ~2 -11: /Users/denisnadey/apps/flutter_full_svg_support/test/golden_comparison/golden_comparison_test.dart: Golden Comparison Tests Golden: filters_blur matches browser render           101:47 +3438 ~2 -11: /Users/denisnadey/apps/flutter_full_svg_support/test/golden_comparison/golden_comparison_test.dart: Golden Comparison Tests Golden: filters_blur matches browser render           101:48 +3438 ~2 -11: /Users/denisnadey/apps/flutter_full_svg_support/test/golden_comparison/golden_comparison_test.dart: Golden Comparison Tests Golden: filters_blur matches browser render           101:49 +3438 ~2 -11: /Users/denisnadey/apps/flutter_full_svg_support/test/golden_comparison/golden_comparison_test.dart: Golden Comparison Tests Golden: filters_blur matches browser render           101:50 +3438 ~2 -11: /Users/denisnadey/apps/flutter_full_svg_support/test/golden_comparison/golden_comparison_test.dart: Golden Comparison Tests Golden: filters_blur matches browser render           101:51 +3438 ~2 -11: /Users/denisnadey/apps/flutter_full_svg_support/test/golden_comparison/golden_comparison_test.dart: Golden Comparison Tests Golden: filters_blur matches browser render           101:52 +3438 ~2 -11: /Users/denisnadey/apps/flutter_full_svg_support/test/golden_comparison/golden_comparison_test.dart: Golden Comparison Tests Golden: filters_blur matches browser render           101:53 +3438 ~2 -11: /Users/denisnadey/apps/flutter_full_svg_support/test/golden_comparison/golden_comparison_test.dart: Golden Comparison Tests Golden: filters_blur matches browser render           101:54 +3438 ~2 -11: /Users/denisnadey/apps/flutter_full_svg_support/test/golden_comparison/golden_comparison_test.dart: Golden Comparison Tests Golden: filters_blur matches browser render           101:55 +3438 ~2 -11: /Users/denisnadey/apps/flutter_full_svg_support/test/golden_comparison/golden_comparison_test.dart: Golden Comparison Tests Golden: filters_blur matches browser render           101:56 +3438 ~2 -11: /Users/denisnadey/apps/flutter_full_svg_support/test/golden_comparison/golden_comparison_test.dart: Golden Comparison Tests Golden: filters_blur matches browser render           101:57 +3438 ~2 -11: /Users/denisnadey/apps/flutter_full_svg_support/test/golden_comparison/golden_comparison_test.dart: Golden Comparison Tests Golden: filters_blur matches browser render           101:58 +3438 ~2 -11: /Users/denisnadey/apps/flutter_full_svg_support/test/golden_comparison/golden_comparison_test.dart: Golden Comparison Tests Golden: filters_blur matches browser render           101:59 +3438 ~2 -11: /Users/denisnadey/apps/flutter_full_svg_support/test/golden_comparison/golden_comparison_test.dart: Golden Comparison Tests Golden: filters_blur matches browser render           102:00 +3438 ~2 -11: /Users/denisnadey/apps/flutter_full_svg_support/test/golden_comparison/golden_comparison_test.dart: Golden Comparison Tests Golden: filters_blur matches browser render           102:01 +3438 ~2 -11: /Users/denisnadey/apps/flutter_full_svg_support/test/golden_comparison/golden_comparison_test.dart: Golden Comparison Tests Golden: filters_blur matches browser render           102:02 +3438 ~2 -11: /Users/denisnadey/apps/flutter_full_svg_support/test/golden_comparison/golden_comparison_test.dart: Golden Comparison Tests Golden: filters_blur matches browser render           102:03 +3438 ~2 -11: /Users/denisnadey/apps/flutter_full_svg_support/test/golden_comparison/golden_comparison_test.dart: Golden Comparison Tests Golden: filters_blur matches browser render           102:04 +3438 ~2 -11: /Users/denisnadey/apps/flutter_full_svg_support/test/golden_comparison/golden_comparison_test.dart: Golden Comparison Tests Golden: filters_blur matches browser render           102:05 +3438 ~2 -11: /Users/denisnadey/apps/flutter_full_svg_support/test/golden_comparison/golden_comparison_test.dart: Golden Comparison Tests Golden: filters_blur matches browser render           102:06 +3438 ~2 -11: /Users/denisnadey/apps/flutter_full_svg_support/test/golden_comparison/golden_comparison_test.dart: Golden Comparison Tests Golden: filters_blur matches browser render           102:07 +3438 ~2 -11: /Users/denisnadey/apps/flutter_full_svg_support/test/golden_comparison/golden_comparison_test.dart: Golden Comparison Tests Golden: filters_blur matches browser render           102:08 +3438 ~2 -11: /Users/denisnadey/apps/flutter_full_svg_support/test/golden_comparison/golden_comparison_test.dart: Golden Comparison Tests Golden: filters_blur matches browser render           102:09 +3438 ~2 -11: /Users/denisnadey/apps/flutter_full_svg_support/test/golden_comparison/golden_comparison_test.dart: Golden Comparison Tests Golden: filters_blur matches browser render           102:10 +3438 ~2 -11: /Users/denisnadey/apps/flutter_full_svg_support/test/golden_comparison/golden_comparison_test.dart: Golden Comparison Tests Golden: filters_blur matches browser render           102:11 +3438 ~2 -11: /Users/denisnadey/apps/flutter_full_svg_support/test/golden_comparison/golden_comparison_test.dart: Golden Comparison Tests Golden: filters_blur matches browser render           102:12 +3438 ~2 -11: /Users/denisnadey/apps/flutter_full_svg_support/test/golden_comparison/golden_comparison_test.dart: Golden Comparison Tests Golden: filters_blur matches browser render           102:13 +3438 ~2 -11: /Users/denisnadey/apps/flutter_full_svg_support/test/golden_comparison/golden_comparison_test.dart: Golden Comparison Tests Golden: filters_blur matches browser render           102:14 +3438 ~2 -11: /Users/denisnadey/apps/flutter_full_svg_support/test/golden_comparison/golden_comparison_test.dart: Golden Comparison Tests Golden: filters_blur matches browser render           102:15 +3438 ~2 -11: /Users/denisnadey/apps/flutter_full_svg_support/test/golden_comparison/golden_comparison_test.dart: Golden Comparison Tests Golden: filters_blur matches browser render           102:16 +3438 ~2 -11: /Users/denisnadey/apps/flutter_full_svg_support/test/golden_comparison/golden_comparison_test.dart: Golden Comparison Tests Golden: filters_blur matches browser render           102:17 +3438 ~2 -11: /Users/denisnadey/apps/flutter_full_svg_support/test/golden_comparison/golden_comparison_test.dart: Golden Comparison Tests Golden: filters_blur matches browser render           102:18 +3438 ~2 -11: /Users/denisnadey/apps/flutter_full_svg_support/test/golden_comparison/golden_comparison_test.dart: Golden Comparison Tests Golden: filters_blur matches browser render           102:19 +3438 ~2 -11: /Users/denisnadey/apps/flutter_full_svg_support/test/golden_comparison/golden_comparison_test.dart: Golden Comparison Tests Golden: filters_blur matches browser render           102:20 +3438 ~2 -11: /Users/denisnadey/apps/flutter_full_svg_support/test/golden_comparison/golden_comparison_test.dart: Golden Comparison Tests Golden: filters_blur matches browser render           102:21 +3438 ~2 -11: /Users/denisnadey/apps/flutter_full_svg_support/test/golden_comparison/golden_comparison_test.dart: Golden Comparison Tests Golden: filters_blur matches browser render           102:22 +3438 ~2 -11: /Users/denisnadey/apps/flutter_full_svg_support/test/golden_comparison/golden_comparison_test.dart: Golden Comparison Tests Golden: filters_blur matches browser render           102:23 +3438 ~2 -11: /Users/denisnadey/apps/flutter_full_svg_support/test/golden_comparison/golden_comparison_test.dart: Golden Comparison Tests Golden: filters_blur matches browser render           102:24 +3438 ~2 -11: /Users/denisnadey/apps/flutter_full_svg_support/test/golden_comparison/golden_comparison_test.dart: Golden Comparison Tests Golden: filters_blur matches browser render           102:25 +3438 ~2 -11: /Users/denisnadey/apps/flutter_full_svg_support/test/golden_comparison/golden_comparison_test.dart: Golden Comparison Tests Golden: filters_blur matches browser render           102:26 +3438 ~2 -11: /Users/denisnadey/apps/flutter_full_svg_support/test/golden_comparison/golden_comparison_test.dart: Golden Comparison Tests Golden: filters_blur matches browser render           102:27 +3438 ~2 -11: /Users/denisnadey/apps/flutter_full_svg_support/test/golden_comparison/golden_comparison_test.dart: Golden Comparison Tests Golden: filters_blur matches browser render           102:28 +3438 ~2 -11: /Users/denisnadey/apps/flutter_full_svg_support/test/golden_comparison/golden_comparison_test.dart: Golden Comparison Tests Golden: filters_blur matches browser render           102:29 +3438 ~2 -11: /Users/denisnadey/apps/flutter_full_svg_support/test/golden_comparison/golden_comparison_test.dart: Golden Comparison Tests Golden: filters_blur matches browser render           102:30 +3438 ~2 -11: /Users/denisnadey/apps/flutter_full_svg_support/test/golden_comparison/golden_comparison_test.dart: Golden Comparison Tests Golden: filters_blur matches browser render           102:31 +3438 ~2 -11: /Users/denisnadey/apps/flutter_full_svg_support/test/golden_comparison/golden_comparison_test.dart: Golden Comparison Tests Golden: filters_blur matches browser render           102:32 +3438 ~2 -11: /Users/denisnadey/apps/flutter_full_svg_support/test/golden_comparison/golden_comparison_test.dart: Golden Comparison Tests Golden: filters_blur matches browser render           102:33 +3438 ~2 -11: /Users/denisnadey/apps/flutter_full_svg_support/test/golden_comparison/golden_comparison_test.dart: Golden Comparison Tests Golden: filters_blur matches browser render           102:34 +3438 ~2 -11: /Users/denisnadey/apps/flutter_full_svg_support/test/golden_comparison/golden_comparison_test.dart: Golden Comparison Tests Golden: filters_blur matches browser render           102:35 +3438 ~2 -11: /Users/denisnadey/apps/flutter_full_svg_support/test/golden_comparison/golden_comparison_test.dart: Golden Comparison Tests Golden: filters_blur matches browser render           102:36 +3438 ~2 -11: /Users/denisnadey/apps/flutter_full_svg_support/test/golden_comparison/golden_comparison_test.dart: Golden Comparison Tests Golden: filters_blur matches browser render           102:37 +3438 ~2 -11: /Users/denisnadey/apps/flutter_full_svg_support/test/golden_comparison/golden_comparison_test.dart: Golden Comparison Tests Golden: filters_blur matches browser render           102:38 +3438 ~2 -11: /Users/denisnadey/apps/flutter_full_svg_support/test/golden_comparison/golden_comparison_test.dart: Golden Comparison Tests Golden: filters_blur matches browser render           102:39 +3438 ~2 -11: /Users/denisnadey/apps/flutter_full_svg_support/test/golden_comparison/golden_comparison_test.dart: Golden Comparison Tests Golden: filters_blur matches browser render           102:40 +3438 ~2 -11: /Users/denisnadey/apps/flutter_full_svg_support/test/golden_comparison/golden_comparison_test.dart: Golden Comparison Tests Golden: filters_blur matches browser render           102:41 +3438 ~2 -11: /Users/denisnadey/apps/flutter_full_svg_support/test/golden_comparison/golden_comparison_test.dart: Golden Comparison Tests Golden: filters_blur matches browser render           102:42 +3438 ~2 -11: /Users/denisnadey/apps/flutter_full_svg_support/test/golden_comparison/golden_comparison_test.dart: Golden Comparison Tests Golden: filters_blur matches browser render           102:43 +3438 ~2 -11: /Users/denisnadey/apps/flutter_full_svg_support/test/golden_comparison/golden_comparison_test.dart: Golden Comparison Tests Golden: filters_blur matches browser render           102:44 +3438 ~2 -11: /Users/denisnadey/apps/flutter_full_svg_support/test/golden_comparison/golden_comparison_test.dart: Golden Comparison Tests Golden: filters_blur matches browser render           102:45 +3438 ~2 -11: /Users/denisnadey/apps/flutter_full_svg_support/test/golden_comparison/golden_comparison_test.dart: Golden Comparison Tests Golden: filters_blur matches browser render           102:46 +3438 ~2 -11: /Users/denisnadey/apps/flutter_full_svg_support/test/golden_comparison/golden_comparison_test.dart: Golden Comparison Tests Golden: filters_blur matches browser render           102:47 +3438 ~2 -11: /Users/denisnadey/apps/flutter_full_svg_support/test/golden_comparison/golden_comparison_test.dart: Golden Comparison Tests Golden: filters_blur matches browser render           102:48 +3438 ~2 -11: /Users/denisnadey/apps/flutter_full_svg_support/test/golden_comparison/golden_comparison_test.dart: Golden Comparison Tests Golden: filters_blur matches browser render           102:49 +3438 ~2 -11: /Users/denisnadey/apps/flutter_full_svg_support/test/golden_comparison/golden_comparison_test.dart: Golden Comparison Tests Golden: filters_blur matches browser render           102:50 +3438 ~2 -11: /Users/denisnadey/apps/flutter_full_svg_support/test/golden_comparison/golden_comparison_test.dart: Golden Comparison Tests Golden: filters_blur matches browser render           102:51 +3438 ~2 -11: /Users/denisnadey/apps/flutter_full_svg_support/test/golden_comparison/golden_comparison_test.dart: Golden Comparison Tests Golden: filters_blur matches browser render           102:52 +3438 ~2 -11: /Users/denisnadey/apps/flutter_full_svg_support/test/golden_comparison/golden_comparison_test.dart: Golden Comparison Tests Golden: filters_blur matches browser render           102:53 +3438 ~2 -11: /Users/denisnadey/apps/flutter_full_svg_support/test/golden_comparison/golden_comparison_test.dart: Golden Comparison Tests Golden: filters_blur matches browser render           102:54 +3438 ~2 -11: /Users/denisnadey/apps/flutter_full_svg_support/test/golden_comparison/golden_comparison_test.dart: Golden Comparison Tests Golden: filters_blur matches browser render           102:55 +3438 ~2 -11: /Users/denisnadey/apps/flutter_full_svg_support/test/golden_comparison/golden_comparison_test.dart: Golden Comparison Tests Golden: filters_blur matches browser render           102:56 +3438 ~2 -11: /Users/denisnadey/apps/flutter_full_svg_support/test/golden_comparison/golden_comparison_test.dart: Golden Comparison Tests Golden: filters_blur matches browser render           102:57 +3438 ~2 -11: /Users/denisnadey/apps/flutter_full_svg_support/test/golden_comparison/golden_comparison_test.dart: Golden Comparison Tests Golden: filters_blur matches browser render           102:58 +3438 ~2 -11: /Users/denisnadey/apps/flutter_full_svg_support/test/golden_comparison/golden_comparison_test.dart: Golden Comparison Tests Golden: filters_blur matches browser render           102:59 +3438 ~2 -11: /Users/denisnadey/apps/flutter_full_svg_support/test/golden_comparison/golden_comparison_test.dart: Golden Comparison Tests Golden: filters_blur matches browser render           103:00 +3438 ~2 -11: /Users/denisnadey/apps/flutter_full_svg_support/test/golden_comparison/golden_comparison_test.dart: Golden Comparison Tests Golden: filters_blur matches browser render           103:01 +3438 ~2 -11: /Users/denisnadey/apps/flutter_full_svg_support/test/golden_comparison/golden_comparison_test.dart: Golden Comparison Tests Golden: filters_blur matches browser render           103:02 +3438 ~2 -11: /Users/denisnadey/apps/flutter_full_svg_support/test/golden_comparison/golden_comparison_test.dart: Golden Comparison Tests Golden: filters_blur matches browser render           103:03 +3438 ~2 -11: /Users/denisnadey/apps/flutter_full_svg_support/test/golden_comparison/golden_comparison_test.dart: Golden Comparison Tests Golden: filters_blur matches browser render           103:04 +3438 ~2 -11: /Users/denisnadey/apps/flutter_full_svg_support/test/golden_comparison/golden_comparison_test.dart: Golden Comparison Tests Golden: filters_blur matches browser render           103:05 +3438 ~2 -11: /Users/denisnadey/apps/flutter_full_svg_support/test/golden_comparison/golden_comparison_test.dart: Golden Comparison Tests Golden: filters_blur matches browser render           103:06 +3438 ~2 -11: /Users/denisnadey/apps/flutter_full_svg_support/test/golden_comparison/golden_comparison_test.dart: Golden Comparison Tests Golden: filters_blur matches browser render           103:07 +3438 ~2 -11: /Users/denisnadey/apps/flutter_full_svg_support/test/golden_comparison/golden_comparison_test.dart: Golden Comparison Tests Golden: filters_blur matches browser render           103:08 +3438 ~2 -11: /Users/denisnadey/apps/flutter_full_svg_support/test/golden_comparison/golden_comparison_test.dart: Golden Comparison Tests Golden: filters_blur matches browser render           103:09 +3438 ~2 -11: /Users/denisnadey/apps/flutter_full_svg_support/test/golden_comparison/golden_comparison_test.dart: Golden Comparison Tests Golden: filters_blur matches browser render           103:10 +3438 ~2 -11: /Users/denisnadey/apps/flutter_full_svg_support/test/golden_comparison/golden_comparison_test.dart: Golden Comparison Tests Golden: filters_blur matches browser render           103:11 +3438 ~2 -11: /Users/denisnadey/apps/flutter_full_svg_support/test/golden_comparison/golden_comparison_test.dart: Golden Comparison Tests Golden: filters_blur matches browser render           103:12 +3438 ~2 -11: /Users/denisnadey/apps/flutter_full_svg_support/test/golden_comparison/golden_comparison_test.dart: Golden Comparison Tests Golden: filters_blur matches browser render           103:13 +3438 ~2 -11: /Users/denisnadey/apps/flutter_full_svg_support/test/golden_comparison/golden_comparison_test.dart: Golden Comparison Tests Golden: filters_blur matches browser render           103:14 +3438 ~2 -11: /Users/denisnadey/apps/flutter_full_svg_support/test/golden_comparison/golden_comparison_test.dart: Golden Comparison Tests Golden: filters_blur matches browser render           103:15 +3438 ~2 -11: /Users/denisnadey/apps/flutter_full_svg_support/test/golden_comparison/golden_comparison_test.dart: Golden Comparison Tests Golden: filters_blur matches browser render           103:16 +3438 ~2 -11: /Users/denisnadey/apps/flutter_full_svg_support/test/golden_comparison/golden_comparison_test.dart: Golden Comparison Tests Golden: filters_blur matches browser render           103:17 +3438 ~2 -11: /Users/denisnadey/apps/flutter_full_svg_support/test/golden_comparison/golden_comparison_test.dart: Golden Comparison Tests Golden: filters_blur matches browser render           103:18 +3438 ~2 -11: /Users/denisnadey/apps/flutter_full_svg_support/test/golden_comparison/golden_comparison_test.dart: Golden Comparison Tests Golden: filters_blur matches browser render           103:19 +3438 ~2 -11: /Users/denisnadey/apps/flutter_full_svg_support/test/golden_comparison/golden_comparison_test.dart: Golden Comparison Tests Golden: filters_blur matches browser render           103:20 +3438 ~2 -11: /Users/denisnadey/apps/flutter_full_svg_support/test/golden_comparison/golden_comparison_test.dart: Golden Comparison Tests Golden: filters_blur matches browser render           103:21 +3438 ~2 -11: /Users/denisnadey/apps/flutter_full_svg_support/test/golden_comparison/golden_comparison_test.dart: Golden Comparison Tests Golden: filters_blur matches browser render           103:22 +3438 ~2 -11: /Users/denisnadey/apps/flutter_full_svg_support/test/golden_comparison/golden_comparison_test.dart: Golden Comparison Tests Golden: filters_blur matches browser render           103:23 +3438 ~2 -11: /Users/denisnadey/apps/flutter_full_svg_support/test/golden_comparison/golden_comparison_test.dart: Golden Comparison Tests Golden: filters_blur matches browser render           103:24 +3438 ~2 -11: /Users/denisnadey/apps/flutter_full_svg_support/test/golden_comparison/golden_comparison_test.dart: Golden Comparison Tests Golden: filters_blur matches browser render           103:25 +3438 ~2 -11: /Users/denisnadey/apps/flutter_full_svg_support/test/golden_comparison/golden_comparison_test.dart: Golden Comparison Tests Golden: filters_blur matches browser render           103:26 +3438 ~2 -11: /Users/denisnadey/apps/flutter_full_svg_support/test/golden_comparison/golden_comparison_test.dart: Golden Comparison Tests Golden: filters_blur matches browser render           103:27 +3438 ~2 -11: /Users/denisnadey/apps/flutter_full_svg_support/test/golden_comparison/golden_comparison_test.dart: Golden Comparison Tests Golden: filters_blur matches browser render           103:28 +3438 ~2 -11: /Users/denisnadey/apps/flutter_full_svg_support/test/golden_comparison/golden_comparison_test.dart: Golden Comparison Tests Golden: filters_blur matches browser render           103:29 +3438 ~2 -11: /Users/denisnadey/apps/flutter_full_svg_support/test/golden_comparison/golden_comparison_test.dart: Golden Comparison Tests Golden: filters_blur matches browser render           103:30 +3438 ~2 -11: /Users/denisnadey/apps/flutter_full_svg_support/test/golden_comparison/golden_comparison_test.dart: Golden Comparison Tests Golden: filters_blur matches browser render           103:31 +3438 ~2 -11: /Users/denisnadey/apps/flutter_full_svg_support/test/golden_comparison/golden_comparison_test.dart: Golden Comparison Tests Golden: filters_blur matches browser render           103:32 +3438 ~2 -11: /Users/denisnadey/apps/flutter_full_svg_support/test/golden_comparison/golden_comparison_test.dart: Golden Comparison Tests Golden: filters_blur matches browser render           103:33 +3438 ~2 -11: /Users/denisnadey/apps/flutter_full_svg_support/test/golden_comparison/golden_comparison_test.dart: Golden Comparison Tests Golden: filters_blur matches browser render           103:34 +3438 ~2 -11: /Users/denisnadey/apps/flutter_full_svg_support/test/golden_comparison/golden_comparison_test.dart: Golden Comparison Tests Golden: filters_blur matches browser render           103:35 +3438 ~2 -11: /Users/denisnadey/apps/flutter_full_svg_support/test/golden_comparison/golden_comparison_test.dart: Golden Comparison Tests Golden: filters_blur matches browser render           103:36 +3438 ~2 -11: /Users/denisnadey/apps/flutter_full_svg_support/test/golden_comparison/golden_comparison_test.dart: Golden Comparison Tests Golden: filters_blur matches browser render           103:37 +3438 ~2 -11: /Users/denisnadey/apps/flutter_full_svg_support/test/golden_comparison/golden_comparison_test.dart: Golden Comparison Tests Golden: filters_blur matches browser render           103:38 +3438 ~2 -11: /Users/denisnadey/apps/flutter_full_svg_support/test/golden_comparison/golden_comparison_test.dart: Golden Comparison Tests Golden: filters_blur matches browser render           103:39 +3438 ~2 -11: /Users/denisnadey/apps/flutter_full_svg_support/test/golden_comparison/golden_comparison_test.dart: Golden Comparison Tests Golden: filters_blur matches browser render           103:40 +3438 ~2 -11: /Users/denisnadey/apps/flutter_full_svg_support/test/golden_comparison/golden_comparison_test.dart: Golden Comparison Tests Golden: filters_blur matches browser render           103:41 +3438 ~2 -11: /Users/denisnadey/apps/flutter_full_svg_support/test/golden_comparison/golden_comparison_test.dart: Golden Comparison Tests Golden: filters_blur matches browser render           103:42 +3438 ~2 -11: /Users/denisnadey/apps/flutter_full_svg_support/test/golden_comparison/golden_comparison_test.dart: Golden Comparison Tests Golden: filters_blur matches browser render           103:43 +3438 ~2 -11: /Users/denisnadey/apps/flutter_full_svg_support/test/golden_comparison/golden_comparison_test.dart: Golden Comparison Tests Golden: filters_blur matches browser render           103:44 +3438 ~2 -11: /Users/denisnadey/apps/flutter_full_svg_support/test/golden_comparison/golden_comparison_test.dart: Golden Comparison Tests Golden: filters_blur matches browser render           103:45 +3438 ~2 -11: /Users/denisnadey/apps/flutter_full_svg_support/test/golden_comparison/golden_comparison_test.dart: Golden Comparison Tests Golden: filters_blur matches browser render           103:46 +3438 ~2 -11: /Users/denisnadey/apps/flutter_full_svg_support/test/golden_comparison/golden_comparison_test.dart: Golden Comparison Tests Golden: filters_blur matches browser render           103:47 +3438 ~2 -11: /Users/denisnadey/apps/flutter_full_svg_support/test/golden_comparison/golden_comparison_test.dart: Golden Comparison Tests Golden: filters_blur matches browser render           103:48 +3438 ~2 -11: /Users/denisnadey/apps/flutter_full_svg_support/test/golden_comparison/golden_comparison_test.dart: Golden Comparison Tests Golden: filters_blur matches browser render           103:49 +3438 ~2 -11: /Users/denisnadey/apps/flutter_full_svg_support/test/golden_comparison/golden_comparison_test.dart: Golden Comparison Tests Golden: filters_blur matches browser render           103:50 +3438 ~2 -11: /Users/denisnadey/apps/flutter_full_svg_support/test/golden_comparison/golden_comparison_test.dart: Golden Comparison Tests Golden: filters_blur matches browser render           103:51 +3438 ~2 -11: /Users/denisnadey/apps/flutter_full_svg_support/test/golden_comparison/golden_comparison_test.dart: Golden Comparison Tests Golden: filters_blur matches browser render           103:52 +3438 ~2 -11: /Users/denisnadey/apps/flutter_full_svg_support/test/golden_comparison/golden_comparison_test.dart: Golden Comparison Tests Golden: filters_blur matches browser render           103:53 +3438 ~2 -11: /Users/denisnadey/apps/flutter_full_svg_support/test/golden_comparison/golden_comparison_test.dart: Golden Comparison Tests Golden: filters_blur matches browser render           103:54 +3438 ~2 -11: /Users/denisnadey/apps/flutter_full_svg_support/test/golden_comparison/golden_comparison_test.dart: Golden Comparison Tests Golden: filters_blur matches browser render           103:55 +3438 ~2 -11: /Users/denisnadey/apps/flutter_full_svg_support/test/golden_comparison/golden_comparison_test.dart: Golden Comparison Tests Golden: filters_blur matches browser render           103:56 +3438 ~2 -11: /Users/denisnadey/apps/flutter_full_svg_support/test/golden_comparison/golden_comparison_test.dart: Golden Comparison Tests Golden: filters_blur matches browser render           103:57 +3438 ~2 -11: /Users/denisnadey/apps/flutter_full_svg_support/test/golden_comparison/golden_comparison_test.dart: Golden Comparison Tests Golden: filters_blur matches browser render           103:58 +3438 ~2 -11: /Users/denisnadey/apps/flutter_full_svg_support/test/golden_comparison/golden_comparison_test.dart: Golden Comparison Tests Golden: filters_blur matches browser render           103:59 +3438 ~2 -11: /Users/denisnadey/apps/flutter_full_svg_support/test/golden_comparison/golden_comparison_test.dart: Golden Comparison Tests Golden: filters_blur matches browser render           104:00 +3438 ~2 -11: /Users/denisnadey/apps/flutter_full_svg_support/test/golden_comparison/golden_comparison_test.dart: Golden Comparison Tests Golden: filters_blur matches browser render           104:01 +3438 ~2 -11: /Users/denisnadey/apps/flutter_full_svg_support/test/golden_comparison/golden_comparison_test.dart: Golden Comparison Tests Golden: filters_blur matches browser render           104:02 +3438 ~2 -11: /Users/denisnadey/apps/flutter_full_svg_support/test/golden_comparison/golden_comparison_test.dart: Golden Comparison Tests Golden: filters_blur matches browser render           104:03 +3438 ~2 -11: /Users/denisnadey/apps/flutter_full_svg_support/test/golden_comparison/golden_comparison_test.dart: Golden Comparison Tests Golden: filters_blur matches browser render           104:04 +3438 ~2 -11: /Users/denisnadey/apps/flutter_full_svg_support/test/golden_comparison/golden_comparison_test.dart: Golden Comparison Tests Golden: filters_blur matches browser render           104:05 +3438 ~2 -11: /Users/denisnadey/apps/flutter_full_svg_support/test/golden_comparison/golden_comparison_test.dart: Golden Comparison Tests Golden: filters_blur matches browser render           104:06 +3438 ~2 -11: /Users/denisnadey/apps/flutter_full_svg_support/test/golden_comparison/golden_comparison_test.dart: Golden Comparison Tests Golden: filters_blur matches browser render           104:07 +3438 ~2 -11: /Users/denisnadey/apps/flutter_full_svg_support/test/golden_comparison/golden_comparison_test.dart: Golden Comparison Tests Golden: filters_blur matches browser render           104:08 +3438 ~2 -11: /Users/denisnadey/apps/flutter_full_svg_support/test/golden_comparison/golden_comparison_test.dart: Golden Comparison Tests Golden: filters_blur matches browser render           104:09 +3438 ~2 -11: /Users/denisnadey/apps/flutter_full_svg_support/test/golden_comparison/golden_comparison_test.dart: Golden Comparison Tests Golden: filters_blur matches browser render           104:10 +3438 ~2 -11: /Users/denisnadey/apps/flutter_full_svg_support/test/golden_comparison/golden_comparison_test.dart: Golden Comparison Tests Golden: filters_blur matches browser render           104:11 +3438 ~2 -11: /Users/denisnadey/apps/flutter_full_svg_support/test/golden_comparison/golden_comparison_test.dart: Golden Comparison Tests Golden: filters_blur matches browser render           104:12 +3438 ~2 -11: /Users/denisnadey/apps/flutter_full_svg_support/test/golden_comparison/golden_comparison_test.dart: Golden Comparison Tests Golden: filters_blur matches browser render           104:13 +3438 ~2 -11: /Users/denisnadey/apps/flutter_full_svg_support/test/golden_comparison/golden_comparison_test.dart: Golden Comparison Tests Golden: filters_blur matches browser render           104:14 +3438 ~2 -11: /Users/denisnadey/apps/flutter_full_svg_support/test/golden_comparison/golden_comparison_test.dart: Golden Comparison Tests Golden: filters_blur matches browser render           104:15 +3438 ~2 -11: /Users/denisnadey/apps/flutter_full_svg_support/test/golden_comparison/golden_comparison_test.dart: Golden Comparison Tests Golden: filters_blur matches browser render           104:16 +3438 ~2 -11: /Users/denisnadey/apps/flutter_full_svg_support/test/golden_comparison/golden_comparison_test.dart: Golden Comparison Tests Golden: filters_blur matches browser render           104:17 +3438 ~2 -11: /Users/denisnadey/apps/flutter_full_svg_support/test/golden_comparison/golden_comparison_test.dart: Golden Comparison Tests Golden: filters_blur matches browser render           104:18 +3438 ~2 -11: /Users/denisnadey/apps/flutter_full_svg_support/test/golden_comparison/golden_comparison_test.dart: Golden Comparison Tests Golden: filters_blur matches browser render           104:19 +3438 ~2 -11: /Users/denisnadey/apps/flutter_full_svg_support/test/golden_comparison/golden_comparison_test.dart: Golden Comparison Tests Golden: filters_blur matches browser render           104:20 +3438 ~2 -11: /Users/denisnadey/apps/flutter_full_svg_support/test/golden_comparison/golden_comparison_test.dart: Golden Comparison Tests Golden: filters_blur matches browser render           104:21 +3438 ~2 -11: /Users/denisnadey/apps/flutter_full_svg_support/test/golden_comparison/golden_comparison_test.dart: Golden Comparison Tests Golden: filters_blur matches browser render           104:22 +3438 ~2 -11: /Users/denisnadey/apps/flutter_full_svg_support/test/golden_comparison/golden_comparison_test.dart: Golden Comparison Tests Golden: filters_blur matches browser render           104:23 +3438 ~2 -11: /Users/denisnadey/apps/flutter_full_svg_support/test/golden_comparison/golden_comparison_test.dart: Golden Comparison Tests Golden: filters_blur matches browser render           104:24 +3438 ~2 -11: /Users/denisnadey/apps/flutter_full_svg_support/test/golden_comparison/golden_comparison_test.dart: Golden Comparison Tests Golden: filters_blur matches browser render           104:25 +3438 ~2 -11: /Users/denisnadey/apps/flutter_full_svg_support/test/golden_comparison/golden_comparison_test.dart: Golden Comparison Tests Golden: filters_blur matches browser render           104:26 +3438 ~2 -11: /Users/denisnadey/apps/flutter_full_svg_support/test/golden_comparison/golden_comparison_test.dart: Golden Comparison Tests Golden: filters_blur matches browser render           104:27 +3438 ~2 -11: /Users/denisnadey/apps/flutter_full_svg_support/test/golden_comparison/golden_comparison_test.dart: Golden Comparison Tests Golden: filters_blur matches browser render           104:28 +3438 ~2 -11: /Users/denisnadey/apps/flutter_full_svg_support/test/golden_comparison/golden_comparison_test.dart: Golden Comparison Tests Golden: filters_blur matches browser render           104:29 +3438 ~2 -11: /Users/denisnadey/apps/flutter_full_svg_support/test/golden_comparison/golden_comparison_test.dart: Golden Comparison Tests Golden: filters_blur matches browser render           104:30 +3438 ~2 -11: /Users/denisnadey/apps/flutter_full_svg_support/test/golden_comparison/golden_comparison_test.dart: Golden Comparison Tests Golden: filters_blur matches browser render           104:31 +3438 ~2 -11: /Users/denisnadey/apps/flutter_full_svg_support/test/golden_comparison/golden_comparison_test.dart: Golden Comparison Tests Golden: filters_blur matches browser render           104:32 +3438 ~2 -11: /Users/denisnadey/apps/flutter_full_svg_support/test/golden_comparison/golden_comparison_test.dart: Golden Comparison Tests Golden: filters_blur matches browser render           104:33 +3438 ~2 -11: /Users/denisnadey/apps/flutter_full_svg_support/test/golden_comparison/golden_comparison_test.dart: Golden Comparison Tests Golden: filters_blur matches browser render           104:34 +3438 ~2 -11: /Users/denisnadey/apps/flutter_full_svg_support/test/golden_comparison/golden_comparison_test.dart: Golden Comparison Tests Golden: filters_blur matches browser render           104:35 +3438 ~2 -11: /Users/denisnadey/apps/flutter_full_svg_support/test/golden_comparison/golden_comparison_test.dart: Golden Comparison Tests Golden: filters_blur matches browser render           104:36 +3438 ~2 -11: /Users/denisnadey/apps/flutter_full_svg_support/test/golden_comparison/golden_comparison_test.dart: Golden Comparison Tests Golden: filters_blur matches browser render           104:37 +3438 ~2 -11: /Users/denisnadey/apps/flutter_full_svg_support/test/golden_comparison/golden_comparison_test.dart: Golden Comparison Tests Golden: filters_blur matches browser render           104:38 +3438 ~2 -11: /Users/denisnadey/apps/flutter_full_svg_support/test/golden_comparison/golden_comparison_test.dart: Golden Comparison Tests Golden: filters_blur matches browser render           104:39 +3438 ~2 -11: /Users/denisnadey/apps/flutter_full_svg_support/test/golden_comparison/golden_comparison_test.dart: Golden Comparison Tests Golden: filters_blur matches browser render           104:40 +3438 ~2 -11: /Users/denisnadey/apps/flutter_full_svg_support/test/golden_comparison/golden_comparison_test.dart: Golden Comparison Tests Golden: filters_blur matches browser render           104:41 +3438 ~2 -11: /Users/denisnadey/apps/flutter_full_svg_support/test/golden_comparison/golden_comparison_test.dart: Golden Comparison Tests Golden: filters_blur matches browser render           104:42 +3438 ~2 -11: /Users/denisnadey/apps/flutter_full_svg_support/test/golden_comparison/golden_comparison_test.dart: Golden Comparison Tests Golden: filters_blur matches browser render           104:43 +3438 ~2 -11: /Users/denisnadey/apps/flutter_full_svg_support/test/golden_comparison/golden_comparison_test.dart: Golden Comparison Tests Golden: filters_blur matches browser render           104:44 +3438 ~2 -11: /Users/denisnadey/apps/flutter_full_svg_support/test/golden_comparison/golden_comparison_test.dart: Golden Comparison Tests Golden: filters_blur matches browser render           104:45 +3438 ~2 -11: /Users/denisnadey/apps/flutter_full_svg_support/test/golden_comparison/golden_comparison_test.dart: Golden Comparison Tests Golden: filters_blur matches browser render           104:46 +3438 ~2 -11: /Users/denisnadey/apps/flutter_full_svg_support/test/golden_comparison/golden_comparison_test.dart: Golden Comparison Tests Golden: filters_blur matches browser render           104:47 +3438 ~2 -11: /Users/denisnadey/apps/flutter_full_svg_support/test/golden_comparison/golden_comparison_test.dart: Golden Comparison Tests Golden: filters_blur matches browser render           104:48 +3438 ~2 -11: /Users/denisnadey/apps/flutter_full_svg_support/test/golden_comparison/golden_comparison_test.dart: Golden Comparison Tests Golden: filters_blur matches browser render           104:49 +3438 ~2 -11: /Users/denisnadey/apps/flutter_full_svg_support/test/golden_comparison/golden_comparison_test.dart: Golden Comparison Tests Golden: filters_blur matches browser render           104:50 +3438 ~2 -11: /Users/denisnadey/apps/flutter_full_svg_support/test/golden_comparison/golden_comparison_test.dart: Golden Comparison Tests Golden: filters_blur matches browser render           104:51 +3438 ~2 -11: /Users/denisnadey/apps/flutter_full_svg_support/test/golden_comparison/golden_comparison_test.dart: Golden Comparison Tests Golden: filters_blur matches browser render           104:52 +3438 ~2 -11: /Users/denisnadey/apps/flutter_full_svg_support/test/golden_comparison/golden_comparison_test.dart: Golden Comparison Tests Golden: filters_blur matches browser render           104:53 +3438 ~2 -11: /Users/denisnadey/apps/flutter_full_svg_support/test/golden_comparison/golden_comparison_test.dart: Golden Comparison Tests Golden: filters_blur matches browser render           104:54 +3438 ~2 -11: /Users/denisnadey/apps/flutter_full_svg_support/test/golden_comparison/golden_comparison_test.dart: Golden Comparison Tests Golden: filters_blur matches browser render           104:55 +3438 ~2 -11: /Users/denisnadey/apps/flutter_full_svg_support/test/golden_comparison/golden_comparison_test.dart: Golden Comparison Tests Golden: filters_blur matches browser render           104:56 +3438 ~2 -11: /Users/denisnadey/apps/flutter_full_svg_support/test/golden_comparison/golden_comparison_test.dart: Golden Comparison Tests Golden: filters_blur matches browser render           104:57 +3438 ~2 -11: /Users/denisnadey/apps/flutter_full_svg_support/test/golden_comparison/golden_comparison_test.dart: Golden Comparison Tests Golden: filters_blur matches browser render           104:58 +3438 ~2 -11: /Users/denisnadey/apps/flutter_full_svg_support/test/golden_comparison/golden_comparison_test.dart: Golden Comparison Tests Golden: filters_blur matches browser render           104:59 +3438 ~2 -11: /Users/denisnadey/apps/flutter_full_svg_support/test/golden_comparison/golden_comparison_test.dart: Golden Comparison Tests Golden: filters_blur matches browser render           105:00 +3438 ~2 -11: /Users/denisnadey/apps/flutter_full_svg_support/test/golden_comparison/golden_comparison_test.dart: Golden Comparison Tests Golden: filters_blur matches browser render           105:01 +3438 ~2 -11: /Users/denisnadey/apps/flutter_full_svg_support/test/golden_comparison/golden_comparison_test.dart: Golden Comparison Tests Golden: filters_blur matches browser render           105:02 +3438 ~2 -11: /Users/denisnadey/apps/flutter_full_svg_support/test/golden_comparison/golden_comparison_test.dart: Golden Comparison Tests Golden: filters_blur matches browser render           105:03 +3438 ~2 -11: /Users/denisnadey/apps/flutter_full_svg_support/test/golden_comparison/golden_comparison_test.dart: Golden Comparison Tests Golden: filters_blur matches browser render           105:04 +3438 ~2 -11: /Users/denisnadey/apps/flutter_full_svg_support/test/golden_comparison/golden_comparison_test.dart: Golden Comparison Tests Golden: filters_blur matches browser render           105:05 +3438 ~2 -11: /Users/denisnadey/apps/flutter_full_svg_support/test/golden_comparison/golden_comparison_test.dart: Golden Comparison Tests Golden: filters_blur matches browser render           105:06 +3438 ~2 -11: /Users/denisnadey/apps/flutter_full_svg_support/test/golden_comparison/golden_comparison_test.dart: Golden Comparison Tests Golden: filters_blur matches browser render           105:07 +3438 ~2 -11: /Users/denisnadey/apps/flutter_full_svg_support/test/golden_comparison/golden_comparison_test.dart: Golden Comparison Tests Golden: filters_blur matches browser render           105:08 +3438 ~2 -11: /Users/denisnadey/apps/flutter_full_svg_support/test/golden_comparison/golden_comparison_test.dart: Golden Comparison Tests Golden: filters_blur matches browser render           105:09 +3438 ~2 -11: /Users/denisnadey/apps/flutter_full_svg_support/test/golden_comparison/golden_comparison_test.dart: Golden Comparison Tests Golden: filters_blur matches browser render           105:10 +3438 ~2 -11: /Users/denisnadey/apps/flutter_full_svg_support/test/golden_comparison/golden_comparison_test.dart: Golden Comparison Tests Golden: filters_blur matches browser render           105:11 +3438 ~2 -11: /Users/denisnadey/apps/flutter_full_svg_support/test/golden_comparison/golden_comparison_test.dart: Golden Comparison Tests Golden: filters_blur matches browser render           105:12 +3438 ~2 -11: /Users/denisnadey/apps/flutter_full_svg_support/test/golden_comparison/golden_comparison_test.dart: Golden Comparison Tests Golden: filters_blur matches browser render           105:13 +3438 ~2 -11: /Users/denisnadey/apps/flutter_full_svg_support/test/golden_comparison/golden_comparison_test.dart: Golden Comparison Tests Golden: filters_blur matches browser render           105:14 +3438 ~2 -11: /Users/denisnadey/apps/flutter_full_svg_support/test/golden_comparison/golden_comparison_test.dart: Golden Comparison Tests Golden: filters_blur matches browser render           105:15 +3438 ~2 -11: /Users/denisnadey/apps/flutter_full_svg_support/test/golden_comparison/golden_comparison_test.dart: Golden Comparison Tests Golden: filters_blur matches browser render           105:16 +3438 ~2 -11: /Users/denisnadey/apps/flutter_full_svg_support/test/golden_comparison/golden_comparison_test.dart: Golden Comparison Tests Golden: filters_blur matches browser render           105:17 +3438 ~2 -11: /Users/denisnadey/apps/flutter_full_svg_support/test/golden_comparison/golden_comparison_test.dart: Golden Comparison Tests Golden: filters_blur matches browser render           105:18 +3438 ~2 -11: /Users/denisnadey/apps/flutter_full_svg_support/test/golden_comparison/golden_comparison_test.dart: Golden Comparison Tests Golden: filters_blur matches browser render           105:19 +3438 ~2 -11: /Users/denisnadey/apps/flutter_full_svg_support/test/golden_comparison/golden_comparison_test.dart: Golden Comparison Tests Golden: filters_blur matches browser render           105:20 +3438 ~2 -11: /Users/denisnadey/apps/flutter_full_svg_support/test/golden_comparison/golden_comparison_test.dart: Golden Comparison Tests Golden: filters_blur matches browser render           105:21 +3438 ~2 -11: /Users/denisnadey/apps/flutter_full_svg_support/test/golden_comparison/golden_comparison_test.dart: Golden Comparison Tests Golden: filters_blur matches browser render           105:22 +3438 ~2 -11: /Users/denisnadey/apps/flutter_full_svg_support/test/golden_comparison/golden_comparison_test.dart: Golden Comparison Tests Golden: filters_blur matches browser render           105:23 +3438 ~2 -11: /Users/denisnadey/apps/flutter_full_svg_support/test/golden_comparison/golden_comparison_test.dart: Golden Comparison Tests Golden: filters_blur matches browser render           105:24 +3438 ~2 -11: /Users/denisnadey/apps/flutter_full_svg_support/test/golden_comparison/golden_comparison_test.dart: Golden Comparison Tests Golden: filters_blur matches browser render           105:25 +3438 ~2 -11: /Users/denisnadey/apps/flutter_full_svg_support/test/golden_comparison/golden_comparison_test.dart: Golden Comparison Tests Golden: filters_blur matches browser render           105:26 +3438 ~2 -11: /Users/denisnadey/apps/flutter_full_svg_support/test/golden_comparison/golden_comparison_test.dart: Golden Comparison Tests Golden: filters_blur matches browser render           105:27 +3438 ~2 -11: /Users/denisnadey/apps/flutter_full_svg_support/test/golden_comparison/golden_comparison_test.dart: Golden Comparison Tests Golden: filters_blur matches browser render           105:28 +3438 ~2 -11: /Users/denisnadey/apps/flutter_full_svg_support/test/golden_comparison/golden_comparison_test.dart: Golden Comparison Tests Golden: filters_blur matches browser render           105:29 +3438 ~2 -11: /Users/denisnadey/apps/flutter_full_svg_support/test/golden_comparison/golden_comparison_test.dart: Golden Comparison Tests Golden: filters_blur matches browser render           105:30 +3438 ~2 -11: /Users/denisnadey/apps/flutter_full_svg_support/test/golden_comparison/golden_comparison_test.dart: Golden Comparison Tests Golden: filters_blur matches browser render           105:31 +3438 ~2 -11: /Users/denisnadey/apps/flutter_full_svg_support/test/golden_comparison/golden_comparison_test.dart: Golden Comparison Tests Golden: filters_blur matches browser render           105:32 +3438 ~2 -11: /Users/denisnadey/apps/flutter_full_svg_support/test/golden_comparison/golden_comparison_test.dart: Golden Comparison Tests Golden: filters_blur matches browser render           105:33 +3438 ~2 -11: /Users/denisnadey/apps/flutter_full_svg_support/test/golden_comparison/golden_comparison_test.dart: Golden Comparison Tests Golden: filters_blur matches browser render           105:34 +3438 ~2 -11: /Users/denisnadey/apps/flutter_full_svg_support/test/golden_comparison/golden_comparison_test.dart: Golden Comparison Tests Golden: filters_blur matches browser render           105:35 +3438 ~2 -11: /Users/denisnadey/apps/flutter_full_svg_support/test/golden_comparison/golden_comparison_test.dart: Golden Comparison Tests Golden: filters_blur matches browser render           105:36 +3438 ~2 -11: /Users/denisnadey/apps/flutter_full_svg_support/test/golden_comparison/golden_comparison_test.dart: Golden Comparison Tests Golden: filters_blur matches browser render           105:37 +3438 ~2 -11: /Users/denisnadey/apps/flutter_full_svg_support/test/golden_comparison/golden_comparison_test.dart: Golden Comparison Tests Golden: filters_blur matches browser render           105:38 +3438 ~2 -11: /Users/denisnadey/apps/flutter_full_svg_support/test/golden_comparison/golden_comparison_test.dart: Golden Comparison Tests Golden: filters_blur matches browser render           105:39 +3438 ~2 -11: /Users/denisnadey/apps/flutter_full_svg_support/test/golden_comparison/golden_comparison_test.dart: Golden Comparison Tests Golden: filters_blur matches browser render           105:40 +3438 ~2 -11: /Users/denisnadey/apps/flutter_full_svg_support/test/golden_comparison/golden_comparison_test.dart: Golden Comparison Tests Golden: filters_blur matches browser render           105:41 +3438 ~2 -11: /Users/denisnadey/apps/flutter_full_svg_support/test/golden_comparison/golden_comparison_test.dart: Golden Comparison Tests Golden: filters_blur matches browser render           105:42 +3438 ~2 -11: /Users/denisnadey/apps/flutter_full_svg_support/test/golden_comparison/golden_comparison_test.dart: Golden Comparison Tests Golden: filters_blur matches browser render           105:43 +3438 ~2 -11: /Users/denisnadey/apps/flutter_full_svg_support/test/golden_comparison/golden_comparison_test.dart: Golden Comparison Tests Golden: filters_blur matches browser render           105:44 +3438 ~2 -11: /Users/denisnadey/apps/flutter_full_svg_support/test/golden_comparison/golden_comparison_test.dart: Golden Comparison Tests Golden: filters_blur matches browser render           105:45 +3438 ~2 -11: /Users/denisnadey/apps/flutter_full_svg_support/test/golden_comparison/golden_comparison_test.dart: Golden Comparison Tests Golden: filters_blur matches browser render           105:46 +3438 ~2 -11: /Users/denisnadey/apps/flutter_full_svg_support/test/golden_comparison/golden_comparison_test.dart: Golden Comparison Tests Golden: filters_blur matches browser render           105:47 +3438 ~2 -11: /Users/denisnadey/apps/flutter_full_svg_support/test/golden_comparison/golden_comparison_test.dart: Golden Comparison Tests Golden: filters_blur matches browser render           105:48 +3438 ~2 -11: /Users/denisnadey/apps/flutter_full_svg_support/test/golden_comparison/golden_comparison_test.dart: Golden Comparison Tests Golden: filters_blur matches browser render           105:49 +3438 ~2 -11: /Users/denisnadey/apps/flutter_full_svg_support/test/golden_comparison/golden_comparison_test.dart: Golden Comparison Tests Golden: filters_blur matches browser render           105:50 +3438 ~2 -11: /Users/denisnadey/apps/flutter_full_svg_support/test/golden_comparison/golden_comparison_test.dart: Golden Comparison Tests Golden: filters_blur matches browser render           105:51 +3438 ~2 -11: /Users/denisnadey/apps/flutter_full_svg_support/test/golden_comparison/golden_comparison_test.dart: Golden Comparison Tests Golden: filters_blur matches browser render           105:52 +3438 ~2 -11: /Users/denisnadey/apps/flutter_full_svg_support/test/golden_comparison/golden_comparison_test.dart: Golden Comparison Tests Golden: filters_blur matches browser render           105:53 +3438 ~2 -11: /Users/denisnadey/apps/flutter_full_svg_support/test/golden_comparison/golden_comparison_test.dart: Golden Comparison Tests Golden: filters_blur matches browser render           105:54 +3438 ~2 -11: /Users/denisnadey/apps/flutter_full_svg_support/test/golden_comparison/golden_comparison_test.dart: Golden Comparison Tests Golden: filters_blur matches browser render           105:55 +3438 ~2 -11: /Users/denisnadey/apps/flutter_full_svg_support/test/golden_comparison/golden_comparison_test.dart: Golden Comparison Tests Golden: filters_blur matches browser render           105:56 +3438 ~2 -11: /Users/denisnadey/apps/flutter_full_svg_support/test/golden_comparison/golden_comparison_test.dart: Golden Comparison Tests Golden: filters_blur matches browser render           105:57 +3438 ~2 -11: /Users/denisnadey/apps/flutter_full_svg_support/test/golden_comparison/golden_comparison_test.dart: Golden Comparison Tests Golden: filters_blur matches browser render           105:58 +3438 ~2 -11: /Users/denisnadey/apps/flutter_full_svg_support/test/golden_comparison/golden_comparison_test.dart: Golden Comparison Tests Golden: filters_blur matches browser render           105:59 +3438 ~2 -11: /Users/denisnadey/apps/flutter_full_svg_support/test/golden_comparison/golden_comparison_test.dart: Golden Comparison Tests Golden: filters_blur matches browser render           106:00 +3438 ~2 -11: /Users/denisnadey/apps/flutter_full_svg_support/test/golden_comparison/golden_comparison_test.dart: Golden Comparison Tests Golden: filters_blur matches browser render           106:01 +3438 ~2 -11: /Users/denisnadey/apps/flutter_full_svg_support/test/golden_comparison/golden_comparison_test.dart: Golden Comparison Tests Golden: filters_blur matches browser render           106:02 +3438 ~2 -11: /Users/denisnadey/apps/flutter_full_svg_support/test/golden_comparison/golden_comparison_test.dart: Golden Comparison Tests Golden: filters_blur matches browser render           106:03 +3438 ~2 -11: /Users/denisnadey/apps/flutter_full_svg_support/test/golden_comparison/golden_comparison_test.dart: Golden Comparison Tests Golden: filters_blur matches browser render           106:04 +3438 ~2 -11: /Users/denisnadey/apps/flutter_full_svg_support/test/golden_comparison/golden_comparison_test.dart: Golden Comparison Tests Golden: filters_blur matches browser render           106:05 +3438 ~2 -11: /Users/denisnadey/apps/flutter_full_svg_support/test/golden_comparison/golden_comparison_test.dart: Golden Comparison Tests Golden: filters_blur matches browser render           106:06 +3438 ~2 -11: /Users/denisnadey/apps/flutter_full_svg_support/test/golden_comparison/golden_comparison_test.dart: Golden Comparison Tests Golden: filters_blur matches browser render           106:07 +3438 ~2 -11: /Users/denisnadey/apps/flutter_full_svg_support/test/golden_comparison/golden_comparison_test.dart: Golden Comparison Tests Golden: filters_blur matches browser render           106:08 +3438 ~2 -11: /Users/denisnadey/apps/flutter_full_svg_support/test/golden_comparison/golden_comparison_test.dart: Golden Comparison Tests Golden: filters_blur matches browser render           106:09 +3438 ~2 -11: /Users/denisnadey/apps/flutter_full_svg_support/test/golden_comparison/golden_comparison_test.dart: Golden Comparison Tests Golden: filters_blur matches browser render           106:10 +3438 ~2 -11: /Users/denisnadey/apps/flutter_full_svg_support/test/golden_comparison/golden_comparison_test.dart: Golden Comparison Tests Golden: filters_blur matches browser render           106:11 +3438 ~2 -11: /Users/denisnadey/apps/flutter_full_svg_support/test/golden_comparison/golden_comparison_test.dart: Golden Comparison Tests Golden: filters_blur matches browser render           106:12 +3438 ~2 -11: /Users/denisnadey/apps/flutter_full_svg_support/test/golden_comparison/golden_comparison_test.dart: Golden Comparison Tests Golden: filters_blur matches browser render           106:13 +3438 ~2 -11: /Users/denisnadey/apps/flutter_full_svg_support/test/golden_comparison/golden_comparison_test.dart: Golden Comparison Tests Golden: filters_blur matches browser render           106:14 +3438 ~2 -11: /Users/denisnadey/apps/flutter_full_svg_support/test/golden_comparison/golden_comparison_test.dart: Golden Comparison Tests Golden: filters_blur matches browser render           106:15 +3438 ~2 -11: /Users/denisnadey/apps/flutter_full_svg_support/test/golden_comparison/golden_comparison_test.dart: Golden Comparison Tests Golden: filters_blur matches browser render           106:16 +3438 ~2 -11: /Users/denisnadey/apps/flutter_full_svg_support/test/golden_comparison/golden_comparison_test.dart: Golden Comparison Tests Golden: filters_blur matches browser render           106:17 +3438 ~2 -11: /Users/denisnadey/apps/flutter_full_svg_support/test/golden_comparison/golden_comparison_test.dart: Golden Comparison Tests Golden: filters_blur matches browser render           106:18 +3438 ~2 -11: /Users/denisnadey/apps/flutter_full_svg_support/test/golden_comparison/golden_comparison_test.dart: Golden Comparison Tests Golden: filters_blur matches browser render           106:19 +3438 ~2 -11: /Users/denisnadey/apps/flutter_full_svg_support/test/golden_comparison/golden_comparison_test.dart: Golden Comparison Tests Golden: filters_blur matches browser render           106:20 +3438 ~2 -11: /Users/denisnadey/apps/flutter_full_svg_support/test/golden_comparison/golden_comparison_test.dart: Golden Comparison Tests Golden: filters_blur matches browser render           106:21 +3438 ~2 -11: /Users/denisnadey/apps/flutter_full_svg_support/test/golden_comparison/golden_comparison_test.dart: Golden Comparison Tests Golden: filters_blur matches browser render           106:22 +3438 ~2 -11: /Users/denisnadey/apps/flutter_full_svg_support/test/golden_comparison/golden_comparison_test.dart: Golden Comparison Tests Golden: filters_blur matches browser render           106:23 +3438 ~2 -11: /Users/denisnadey/apps/flutter_full_svg_support/test/golden_comparison/golden_comparison_test.dart: Golden Comparison Tests Golden: filters_blur matches browser render           106:24 +3438 ~2 -11: /Users/denisnadey/apps/flutter_full_svg_support/test/golden_comparison/golden_comparison_test.dart: Golden Comparison Tests Golden: filters_blur matches browser render           106:25 +3438 ~2 -11: /Users/denisnadey/apps/flutter_full_svg_support/test/golden_comparison/golden_comparison_test.dart: Golden Comparison Tests Golden: filters_blur matches browser render           106:26 +3438 ~2 -11: /Users/denisnadey/apps/flutter_full_svg_support/test/golden_comparison/golden_comparison_test.dart: Golden Comparison Tests Golden: filters_blur matches browser render           106:27 +3438 ~2 -11: /Users/denisnadey/apps/flutter_full_svg_support/test/golden_comparison/golden_comparison_test.dart: Golden Comparison Tests Golden: filters_blur matches browser render           106:28 +3438 ~2 -11: /Users/denisnadey/apps/flutter_full_svg_support/test/golden_comparison/golden_comparison_test.dart: Golden Comparison Tests Golden: filters_blur matches browser render           106:29 +3438 ~2 -11: /Users/denisnadey/apps/flutter_full_svg_support/test/golden_comparison/golden_comparison_test.dart: Golden Comparison Tests Golden: filters_blur matches browser render           106:30 +3438 ~2 -11: /Users/denisnadey/apps/flutter_full_svg_support/test/golden_comparison/golden_comparison_test.dart: Golden Comparison Tests Golden: filters_blur matches browser render           106:31 +3438 ~2 -11: /Users/denisnadey/apps/flutter_full_svg_support/test/golden_comparison/golden_comparison_test.dart: Golden Comparison Tests Golden: filters_blur matches browser render           106:32 +3438 ~2 -11: /Users/denisnadey/apps/flutter_full_svg_support/test/golden_comparison/golden_comparison_test.dart: Golden Comparison Tests Golden: filters_blur matches browser render           106:32 +3438 ~2 -12: /Users/denisnadey/apps/flutter_full_svg_support/test/golden_comparison/golden_comparison_test.dart: Golden Comparison Tests Golden: filters_blur matches browser render [E]       
  TimeoutException after 0:10:00.000000: Test timed out after 10 minutes.
  dart:isolate  _RawReceivePort._handleMessage
  

To run this test again: /Users/denisnadey/fvm/versions/3.38.1/bin/cache/dart-sdk/bin/dart test /Users/denisnadey/apps/flutter_full_svg_support/test/golden_comparison/golden_comparison_test.dart -p vm --plain-name 'Golden Comparison Tests Golden: filters_blur matches browser render'
106:32 +3438 ~2 -12: /Users/denisnadey/apps/flutter_full_svg_support/test/golden_comparison/golden_comparison_test.dart: Golden Comparison Tests Golden: text_tspan matches browser render             106:33 +3438 ~2 -12: /Users/denisnadey/apps/flutter_full_svg_support/test/golden_comparison/golden_comparison_test.dart: Golden Comparison Tests Golden: text_tspan matches browser render             106:34 +3438 ~2 -12: /Users/denisnadey/apps/flutter_full_svg_support/test/golden_comparison/golden_comparison_test.dart: Golden Comparison Tests Golden: text_tspan matches browser render             106:35 +3438 ~2 -12: /Users/denisnadey/apps/flutter_full_svg_support/test/golden_comparison/golden_comparison_test.dart: Golden Comparison Tests Golden: text_tspan matches browser render             106:36 +3438 ~2 -12: /Users/denisnadey/apps/flutter_full_svg_support/test/golden_comparison/golden_comparison_test.dart: Golden Comparison Tests Golden: text_tspan matches browser render             106:37 +3438 ~2 -12: /Users/denisnadey/apps/flutter_full_svg_support/test/golden_comparison/golden_comparison_test.dart: Golden Comparison Tests Golden: text_tspan matches browser render             106:38 +3438 ~2 -12: /Users/denisnadey/apps/flutter_full_svg_support/test/golden_comparison/golden_comparison_test.dart: Golden Comparison Tests Golden: text_tspan matches browser render             106:39 +3438 ~2 -12: /Users/denisnadey/apps/flutter_full_svg_support/test/golden_comparison/golden_comparison_test.dart: Golden Comparison Tests Golden: text_tspan matches browser render             106:40 +3438 ~2 -12: /Users/denisnadey/apps/flutter_full_svg_support/test/golden_comparison/golden_comparison_test.dart: Golden Comparison Tests Golden: text_tspan matches browser render             106:41 +3438 ~2 -12: /Users/denisnadey/apps/flutter_full_svg_support/test/golden_comparison/golden_comparison_test.dart: Golden Comparison Tests Golden: text_tspan matches browser render             106:42 +3438 ~2 -12: /Users/denisnadey/apps/flutter_full_svg_support/test/golden_comparison/golden_comparison_test.dart: Golden Comparison Tests Golden: text_tspan matches browser render             106:43 +3438 ~2 -12: /Users/denisnadey/apps/flutter_full_svg_support/test/golden_comparison/golden_comparison_test.dart: Golden Comparison Tests Golden: text_tspan matches browser render             106:44 +3438 ~2 -12: /Users/denisnadey/apps/flutter_full_svg_support/test/golden_comparison/golden_comparison_test.dart: Golden Comparison Tests Golden: text_tspan matches browser render             106:45 +3438 ~2 -12: /Users/denisnadey/apps/flutter_full_svg_support/test/golden_comparison/golden_comparison_test.dart: Golden Comparison Tests Golden: text_tspan matches browser render             106:46 +3438 ~2 -12: /Users/denisnadey/apps/flutter_full_svg_support/test/golden_comparison/golden_comparison_test.dart: Golden Comparison Tests Golden: text_tspan matches browser render             106:47 +3438 ~2 -12: /Users/denisnadey/apps/flutter_full_svg_support/test/golden_comparison/golden_comparison_test.dart: Golden Comparison Tests Golden: text_tspan matches browser render             106:48 +3438 ~2 -12: /Users/denisnadey/apps/flutter_full_svg_support/test/golden_comparison/golden_comparison_test.dart: Golden Comparison Tests Golden: text_tspan matches browser render             106:49 +3438 ~2 -12: /Users/denisnadey/apps/flutter_full_svg_support/test/golden_comparison/golden_comparison_test.dart: Golden Comparison Tests Golden: text_tspan matches browser render             106:50 +3438 ~2 -12: /Users/denisnadey/apps/flutter_full_svg_support/test/golden_comparison/golden_comparison_test.dart: Golden Comparison Tests Golden: text_tspan matches browser render             106:51 +3438 ~2 -12: /Users/denisnadey/apps/flutter_full_svg_support/test/golden_comparison/golden_comparison_test.dart: Golden Comparison Tests Golden: text_tspan matches browser render             106:52 +3438 ~2 -12: /Users/denisnadey/apps/flutter_full_svg_support/test/golden_comparison/golden_comparison_test.dart: Golden Comparison Tests Golden: text_tspan matches browser render             106:53 +3438 ~2 -12: /Users/denisnadey/apps/flutter_full_svg_support/test/golden_comparison/golden_comparison_test.dart: Golden Comparison Tests Golden: text_tspan matches browser render             106:54 +3438 ~2 -12: /Users/denisnadey/apps/flutter_full_svg_support/test/golden_comparison/golden_comparison_test.dart: Golden Comparison Tests Golden: text_tspan matches browser render             106:55 +3438 ~2 -12: /Users/denisnadey/apps/flutter_full_svg_support/test/golden_comparison/golden_comparison_test.dart: Golden Comparison Tests Golden: text_tspan matches browser render             106:56 +3438 ~2 -12: /Users/denisnadey/apps/flutter_full_svg_support/test/golden_comparison/golden_comparison_test.dart: Golden Comparison Tests Golden: text_tspan matches browser render             106:57 +3438 ~2 -12: /Users/denisnadey/apps/flutter_full_svg_support/test/golden_comparison/golden_comparison_test.dart: Golden Comparison Tests Golden: text_tspan matches browser render             106:58 +3438 ~2 -12: /Users/denisnadey/apps/flutter_full_svg_support/test/golden_comparison/golden_comparison_test.dart: Golden Comparison Tests Golden: text_tspan matches browser render             106:59 +3438 ~2 -12: /Users/denisnadey/apps/flutter_full_svg_support/test/golden_comparison/golden_comparison_test.dart: Golden Comparison Tests Golden: text_tspan matches browser render             107:00 +3438 ~2 -12: /Users/denisnadey/apps/flutter_full_svg_support/test/golden_comparison/golden_comparison_test.dart: Golden Comparison Tests Golden: text_tspan matches browser render             107:01 +3438 ~2 -12: /Users/denisnadey/apps/flutter_full_svg_support/test/golden_comparison/golden_comparison_test.dart: Golden Comparison Tests Golden: text_tspan matches browser render             107:02 +3438 ~2 -12: /Users/denisnadey/apps/flutter_full_svg_support/test/golden_comparison/golden_comparison_test.dart: Golden Comparison Tests Golden: text_tspan matches browser render             107:03 +3438 ~2 -12: /Users/denisnadey/apps/flutter_full_svg_support/test/golden_comparison/golden_comparison_test.dart: Golden Comparison Tests Golden: text_tspan matches browser render             107:04 +3438 ~2 -12: /Users/denisnadey/apps/flutter_full_svg_support/test/golden_comparison/golden_comparison_test.dart: Golden Comparison Tests Golden: text_tspan matches browser render             107:05 +3438 ~2 -12: /Users/denisnadey/apps/flutter_full_svg_support/test/golden_comparison/golden_comparison_test.dart: Golden Comparison Tests Golden: text_tspan matches browser render             107:06 +3438 ~2 -12: /Users/denisnadey/apps/flutter_full_svg_support/test/golden_comparison/golden_comparison_test.dart: Golden Comparison Tests Golden: text_tspan matches browser render             107:07 +3438 ~2 -12: /Users/denisnadey/apps/flutter_full_svg_support/test/golden_comparison/golden_comparison_test.dart: Golden Comparison Tests Golden: text_tspan matches browser render             107:08 +3438 ~2 -12: /Users/denisnadey/apps/flutter_full_svg_support/test/golden_comparison/golden_comparison_test.dart: Golden Comparison Tests Golden: text_tspan matches browser render             107:09 +3438 ~2 -12: /Users/denisnadey/apps/flutter_full_svg_support/test/golden_comparison/golden_comparison_test.dart: Golden Comparison Tests Golden: text_tspan matches browser render             107:10 +3438 ~2 -12: /Users/denisnadey/apps/flutter_full_svg_support/test/golden_comparison/golden_comparison_test.dart: Golden Comparison Tests Golden: text_tspan matches browser render             107:11 +3438 ~2 -12: /Users/denisnadey/apps/flutter_full_svg_support/test/golden_comparison/golden_comparison_test.dart: Golden Comparison Tests Golden: text_tspan matches browser render             107:12 +3438 ~2 -12: /Users/denisnadey/apps/flutter_full_svg_support/test/golden_comparison/golden_comparison_test.dart: Golden Comparison Tests Golden: text_tspan matches browser render             107:13 +3438 ~2 -12: /Users/denisnadey/apps/flutter_full_svg_support/test/golden_comparison/golden_comparison_test.dart: Golden Comparison Tests Golden: text_tspan matches browser render             107:14 +3438 ~2 -12: /Users/denisnadey/apps/flutter_full_svg_support/test/golden_comparison/golden_comparison_test.dart: Golden Comparison Tests Golden: text_tspan matches browser render             107:15 +3438 ~2 -12: /Users/denisnadey/apps/flutter_full_svg_support/test/golden_comparison/golden_comparison_test.dart: Golden Comparison Tests Golden: text_tspan matches browser render             107:16 +3438 ~2 -12: /Users/denisnadey/apps/flutter_full_svg_support/test/golden_comparison/golden_comparison_test.dart: Golden Comparison Tests Golden: text_tspan matches browser render             107:17 +3438 ~2 -12: /Users/denisnadey/apps/flutter_full_svg_support/test/golden_comparison/golden_comparison_test.dart: Golden Comparison Tests Golden: text_tspan matches browser render             107:18 +3438 ~2 -12: /Users/denisnadey/apps/flutter_full_svg_support/test/golden_comparison/golden_comparison_test.dart: Golden Comparison Tests Golden: text_tspan matches browser render             107:19 +3438 ~2 -12: /Users/denisnadey/apps/flutter_full_svg_support/test/golden_comparison/golden_comparison_test.dart: Golden Comparison Tests Golden: text_tspan matches browser render             107:20 +3438 ~2 -12: /Users/denisnadey/apps/flutter_full_svg_support/test/golden_comparison/golden_comparison_test.dart: Golden Comparison Tests Golden: text_tspan matches browser render             107:21 +3438 ~2 -12: /Users/denisnadey/apps/flutter_full_svg_support/test/golden_comparison/golden_comparison_test.dart: Golden Comparison Tests Golden: text_tspan matches browser render             107:22 +3438 ~2 -12: /Users/denisnadey/apps/flutter_full_svg_support/test/golden_comparison/golden_comparison_test.dart: Golden Comparison Tests Golden: text_tspan matches browser render             107:23 +3438 ~2 -12: /Users/denisnadey/apps/flutter_full_svg_support/test/golden_comparison/golden_comparison_test.dart: Golden Comparison Tests Golden: text_tspan matches browser render             107:24 +3438 ~2 -12: /Users/denisnadey/apps/flutter_full_svg_support/test/golden_comparison/golden_comparison_test.dart: Golden Comparison Tests Golden: text_tspan matches browser render             107:25 +3438 ~2 -12: /Users/denisnadey/apps/flutter_full_svg_support/test/golden_comparison/golden_comparison_test.dart: Golden Comparison Tests Golden: text_tspan matches browser render             107:26 +3438 ~2 -12: /Users/denisnadey/apps/flutter_full_svg_support/test/golden_comparison/golden_comparison_test.dart: Golden Comparison Tests Golden: text_tspan matches browser render             107:27 +3438 ~2 -12: /Users/denisnadey/apps/flutter_full_svg_support/test/golden_comparison/golden_comparison_test.dart: Golden Comparison Tests Golden: text_tspan matches browser render             107:28 +3438 ~2 -12: /Users/denisnadey/apps/flutter_full_svg_support/test/golden_comparison/golden_comparison_test.dart: Golden Comparison Tests Golden: text_tspan matches browser render             107:29 +3438 ~2 -12: /Users/denisnadey/apps/flutter_full_svg_support/test/golden_comparison/golden_comparison_test.dart: Golden Comparison Tests Golden: text_tspan matches browser render             107:30 +3438 ~2 -12: /Users/denisnadey/apps/flutter_full_svg_support/test/golden_comparison/golden_comparison_test.dart: Golden Comparison Tests Golden: text_tspan matches browser render             107:31 +3438 ~2 -12: /Users/denisnadey/apps/flutter_full_svg_support/test/golden_comparison/golden_comparison_test.dart: Golden Comparison Tests Golden: text_tspan matches browser render             107:32 +3438 ~2 -12: /Users/denisnadey/apps/flutter_full_svg_support/test/golden_comparison/golden_comparison_test.dart: Golden Comparison Tests Golden: text_tspan matches browser render             107:33 +3438 ~2 -12: /Users/denisnadey/apps/flutter_full_svg_support/test/golden_comparison/golden_comparison_test.dart: Golden Comparison Tests Golden: text_tspan matches browser render             107:34 +3438 ~2 -12: /Users/denisnadey/apps/flutter_full_svg_support/test/golden_comparison/golden_comparison_test.dart: Golden Comparison Tests Golden: text_tspan matches browser render             107:35 +3438 ~2 -12: /Users/denisnadey/apps/flutter_full_svg_support/test/golden_comparison/golden_comparison_test.dart: Golden Comparison Tests Golden: text_tspan matches browser render             107:36 +3438 ~2 -12: /Users/denisnadey/apps/flutter_full_svg_support/test/golden_comparison/golden_comparison_test.dart: Golden Comparison Tests Golden: text_tspan matches browser render             107:37 +3438 ~2 -12: /Users/denisnadey/apps/flutter_full_svg_support/test/golden_comparison/golden_comparison_test.dart: Golden Comparison Tests Golden: text_tspan matches browser render             107:38 +3438 ~2 -12: /Users/denisnadey/apps/flutter_full_svg_support/test/golden_comparison/golden_comparison_test.dart: Golden Comparison Tests Golden: text_tspan matches browser render             107:39 +3438 ~2 -12: /Users/denisnadey/apps/flutter_full_svg_support/test/golden_comparison/golden_comparison_test.dart: Golden Comparison Tests Golden: text_tspan matches browser render             107:40 +3438 ~2 -12: /Users/denisnadey/apps/flutter_full_svg_support/test/golden_comparison/golden_comparison_test.dart: Golden Comparison Tests Golden: text_tspan matches browser render             107:41 +3438 ~2 -12: /Users/denisnadey/apps/flutter_full_svg_support/test/golden_comparison/golden_comparison_test.dart: Golden Comparison Tests Golden: text_tspan matches browser render             107:42 +3438 ~2 -12: /Users/denisnadey/apps/flutter_full_svg_support/test/golden_comparison/golden_comparison_test.dart: Golden Comparison Tests Golden: text_tspan matches browser render             107:43 +3438 ~2 -12: /Users/denisnadey/apps/flutter_full_svg_support/test/golden_comparison/golden_comparison_test.dart: Golden Comparison Tests Golden: text_tspan matches browser render             107:44 +3438 ~2 -12: /Users/denisnadey/apps/flutter_full_svg_support/test/golden_comparison/golden_comparison_test.dart: Golden Comparison Tests Golden: text_tspan matches browser render             107:45 +3438 ~2 -12: /Users/denisnadey/apps/flutter_full_svg_support/test/golden_comparison/golden_comparison_test.dart: Golden Comparison Tests Golden: text_tspan matches browser render             107:46 +3438 ~2 -12: /Users/denisnadey/apps/flutter_full_svg_support/test/golden_comparison/golden_comparison_test.dart: Golden Comparison Tests Golden: text_tspan matches browser render             107:47 +3438 ~2 -12: /Users/denisnadey/apps/flutter_full_svg_support/test/golden_comparison/golden_comparison_test.dart: Golden Comparison Tests Golden: text_tspan matches browser render             107:48 +3438 ~2 -12: /Users/denisnadey/apps/flutter_full_svg_support/test/golden_comparison/golden_comparison_test.dart: Golden Comparison Tests Golden: text_tspan matches browser render             107:49 +3438 ~2 -12: /Users/denisnadey/apps/flutter_full_svg_support/test/golden_comparison/golden_comparison_test.dart: Golden Comparison Tests Golden: text_tspan matches browser render             107:50 +3438 ~2 -12: /Users/denisnadey/apps/flutter_full_svg_support/test/golden_comparison/golden_comparison_test.dart: Golden Comparison Tests Golden: text_tspan matches browser render             107:51 +3438 ~2 -12: /Users/denisnadey/apps/flutter_full_svg_support/test/golden_comparison/golden_comparison_test.dart: Golden Comparison Tests Golden: text_tspan matches browser render             107:52 +3438 ~2 -12: /Users/denisnadey/apps/flutter_full_svg_support/test/golden_comparison/golden_comparison_test.dart: Golden Comparison Tests Golden: text_tspan matches browser render             107:53 +3438 ~2 -12: /Users/denisnadey/apps/flutter_full_svg_support/test/golden_comparison/golden_comparison_test.dart: Golden Comparison Tests Golden: text_tspan matches browser render             107:54 +3438 ~2 -12: /Users/denisnadey/apps/flutter_full_svg_support/test/golden_comparison/golden_comparison_test.dart: Golden Comparison Tests Golden: text_tspan matches browser render             107:55 +3438 ~2 -12: /Users/denisnadey/apps/flutter_full_svg_support/test/golden_comparison/golden_comparison_test.dart: Golden Comparison Tests Golden: text_tspan matches browser render             107:56 +3438 ~2 -12: /Users/denisnadey/apps/flutter_full_svg_support/test/golden_comparison/golden_comparison_test.dart: Golden Comparison Tests Golden: text_tspan matches browser render             107:57 +3438 ~2 -12: /Users/denisnadey/apps/flutter_full_svg_support/test/golden_comparison/golden_comparison_test.dart: Golden Comparison Tests Golden: text_tspan matches browser render             107:58 +3438 ~2 -12: /Users/denisnadey/apps/flutter_full_svg_support/test/golden_comparison/golden_comparison_test.dart: Golden Comparison Tests Golden: text_tspan matches browser render             107:59 +3438 ~2 -12: /Users/denisnadey/apps/flutter_full_svg_support/test/golden_comparison/golden_comparison_test.dart: Golden Comparison Tests Golden: text_tspan matches browser render             108:00 +3438 ~2 -12: /Users/denisnadey/apps/flutter_full_svg_support/test/golden_comparison/golden_comparison_test.dart: Golden Comparison Tests Golden: text_tspan matches browser render             108:01 +3438 ~2 -12: /Users/denisnadey/apps/flutter_full_svg_support/test/golden_comparison/golden_comparison_test.dart: Golden Comparison Tests Golden: text_tspan matches browser render             108:02 +3438 ~2 -12: /Users/denisnadey/apps/flutter_full_svg_support/test/golden_comparison/golden_comparison_test.dart: Golden Comparison Tests Golden: text_tspan matches browser render             108:03 +3438 ~2 -12: /Users/denisnadey/apps/flutter_full_svg_support/test/golden_comparison/golden_comparison_test.dart: Golden Comparison Tests Golden: text_tspan matches browser render             108:04 +3438 ~2 -12: /Users/denisnadey/apps/flutter_full_svg_support/test/golden_comparison/golden_comparison_test.dart: Golden Comparison Tests Golden: text_tspan matches browser render             108:05 +3438 ~2 -12: /Users/denisnadey/apps/flutter_full_svg_support/test/golden_comparison/golden_comparison_test.dart: Golden Comparison Tests Golden: text_tspan matches browser render             108:06 +3438 ~2 -12: /Users/denisnadey/apps/flutter_full_svg_support/test/golden_comparison/golden_comparison_test.dart: Golden Comparison Tests Golden: text_tspan matches browser render             108:07 +3438 ~2 -12: /Users/denisnadey/apps/flutter_full_svg_support/test/golden_comparison/golden_comparison_test.dart: Golden Comparison Tests Golden: text_tspan matches browser render             108:08 +3438 ~2 -12: /Users/denisnadey/apps/flutter_full_svg_support/test/golden_comparison/golden_comparison_test.dart: Golden Comparison Tests Golden: text_tspan matches browser render             108:09 +3438 ~2 -12: /Users/denisnadey/apps/flutter_full_svg_support/test/golden_comparison/golden_comparison_test.dart: Golden Comparison Tests Golden: text_tspan matches browser render             108:10 +3438 ~2 -12: /Users/denisnadey/apps/flutter_full_svg_support/test/golden_comparison/golden_comparison_test.dart: Golden Comparison Tests Golden: text_tspan matches browser render             108:11 +3438 ~2 -12: /Users/denisnadey/apps/flutter_full_svg_support/test/golden_comparison/golden_comparison_test.dart: Golden Comparison Tests Golden: text_tspan matches browser render             108:12 +3438 ~2 -12: /Users/denisnadey/apps/flutter_full_svg_support/test/golden_comparison/golden_comparison_test.dart: Golden Comparison Tests Golden: text_tspan matches browser render             108:13 +3438 ~2 -12: /Users/denisnadey/apps/flutter_full_svg_support/test/golden_comparison/golden_comparison_test.dart: Golden Comparison Tests Golden: text_tspan matches browser render             108:14 +3438 ~2 -12: /Users/denisnadey/apps/flutter_full_svg_support/test/golden_comparison/golden_comparison_test.dart: Golden Comparison Tests Golden: text_tspan matches browser render             108:15 +3438 ~2 -12: /Users/denisnadey/apps/flutter_full_svg_support/test/golden_comparison/golden_comparison_test.dart: Golden Comparison Tests Golden: text_tspan matches browser render             108:16 +3438 ~2 -12: /Users/denisnadey/apps/flutter_full_svg_support/test/golden_comparison/golden_comparison_test.dart: Golden Comparison Tests Golden: text_tspan matches browser render             108:17 +3438 ~2 -12: /Users/denisnadey/apps/flutter_full_svg_support/test/golden_comparison/golden_comparison_test.dart: Golden Comparison Tests Golden: text_tspan matches browser render             108:18 +3438 ~2 -12: /Users/denisnadey/apps/flutter_full_svg_support/test/golden_comparison/golden_comparison_test.dart: Golden Comparison Tests Golden: text_tspan matches browser render             108:19 +3438 ~2 -12: /Users/denisnadey/apps/flutter_full_svg_support/test/golden_comparison/golden_comparison_test.dart: Golden Comparison Tests Golden: text_tspan matches browser render             108:20 +3438 ~2 -12: /Users/denisnadey/apps/flutter_full_svg_support/test/golden_comparison/golden_comparison_test.dart: Golden Comparison Tests Golden: text_tspan matches browser render             108:21 +3438 ~2 -12: /Users/denisnadey/apps/flutter_full_svg_support/test/golden_comparison/golden_comparison_test.dart: Golden Comparison Tests Golden: text_tspan matches browser render             108:22 +3438 ~2 -12: /Users/denisnadey/apps/flutter_full_svg_support/test/golden_comparison/golden_comparison_test.dart: Golden Comparison Tests Golden: text_tspan matches browser render             108:23 +3438 ~2 -12: /Users/denisnadey/apps/flutter_full_svg_support/test/golden_comparison/golden_comparison_test.dart: Golden Comparison Tests Golden: text_tspan matches browser render             108:24 +3438 ~2 -12: /Users/denisnadey/apps/flutter_full_svg_support/test/golden_comparison/golden_comparison_test.dart: Golden Comparison Tests Golden: text_tspan matches browser render             108:25 +3438 ~2 -12: /Users/denisnadey/apps/flutter_full_svg_support/test/golden_comparison/golden_comparison_test.dart: Golden Comparison Tests Golden: text_tspan matches browser render             108:26 +3438 ~2 -12: /Users/denisnadey/apps/flutter_full_svg_support/test/golden_comparison/golden_comparison_test.dart: Golden Comparison Tests Golden: text_tspan matches browser render             108:27 +3438 ~2 -12: /Users/denisnadey/apps/flutter_full_svg_support/test/golden_comparison/golden_comparison_test.dart: Golden Comparison Tests Golden: text_tspan matches browser render             108:28 +3438 ~2 -12: /Users/denisnadey/apps/flutter_full_svg_support/test/golden_comparison/golden_comparison_test.dart: Golden Comparison Tests Golden: text_tspan matches browser render             108:29 +3438 ~2 -12: /Users/denisnadey/apps/flutter_full_svg_support/test/golden_comparison/golden_comparison_test.dart: Golden Comparison Tests Golden: text_tspan matches browser render             108:30 +3438 ~2 -12: /Users/denisnadey/apps/flutter_full_svg_support/test/golden_comparison/golden_comparison_test.dart: Golden Comparison Tests Golden: text_tspan matches browser render             108:31 +3438 ~2 -12: /Users/denisnadey/apps/flutter_full_svg_support/test/golden_comparison/golden_comparison_test.dart: Golden Comparison Tests Golden: text_tspan matches browser render             108:32 +3438 ~2 -12: /Users/denisnadey/apps/flutter_full_svg_support/test/golden_comparison/golden_comparison_test.dart: Golden Comparison Tests Golden: text_tspan matches browser render             108:33 +3438 ~2 -12: /Users/denisnadey/apps/flutter_full_svg_support/test/golden_comparison/golden_comparison_test.dart: Golden Comparison Tests Golden: text_tspan matches browser render             108:34 +3438 ~2 -12: /Users/denisnadey/apps/flutter_full_svg_support/test/golden_comparison/golden_comparison_test.dart: Golden Comparison Tests Golden: text_tspan matches browser render             108:35 +3438 ~2 -12: /Users/denisnadey/apps/flutter_full_svg_support/test/golden_comparison/golden_comparison_test.dart: Golden Comparison Tests Golden: text_tspan matches browser render             108:36 +3438 ~2 -12: /Users/denisnadey/apps/flutter_full_svg_support/test/golden_comparison/golden_comparison_test.dart: Golden Comparison Tests Golden: text_tspan matches browser render             108:37 +3438 ~2 -12: /Users/denisnadey/apps/flutter_full_svg_support/test/golden_comparison/golden_comparison_test.dart: Golden Comparison Tests Golden: text_tspan matches browser render             108:38 +3438 ~2 -12: /Users/denisnadey/apps/flutter_full_svg_support/test/golden_comparison/golden_comparison_test.dart: Golden Comparison Tests Golden: text_tspan matches browser render             108:39 +3438 ~2 -12: /Users/denisnadey/apps/flutter_full_svg_support/test/golden_comparison/golden_comparison_test.dart: Golden Comparison Tests Golden: text_tspan matches browser render             108:40 +3438 ~2 -12: /Users/denisnadey/apps/flutter_full_svg_support/test/golden_comparison/golden_comparison_test.dart: Golden Comparison Tests Golden: text_tspan matches browser render             108:41 +3438 ~2 -12: /Users/denisnadey/apps/flutter_full_svg_support/test/golden_comparison/golden_comparison_test.dart: Golden Comparison Tests Golden: text_tspan matches browser render             108:42 +3438 ~2 -12: /Users/denisnadey/apps/flutter_full_svg_support/test/golden_comparison/golden_comparison_test.dart: Golden Comparison Tests Golden: text_tspan matches browser render             108:43 +3438 ~2 -12: /Users/denisnadey/apps/flutter_full_svg_support/test/golden_comparison/golden_comparison_test.dart: Golden Comparison Tests Golden: text_tspan matches browser render             108:44 +3438 ~2 -12: /Users/denisnadey/apps/flutter_full_svg_support/test/golden_comparison/golden_comparison_test.dart: Golden Comparison Tests Golden: text_tspan matches browser render             108:45 +3438 ~2 -12: /Users/denisnadey/apps/flutter_full_svg_support/test/golden_comparison/golden_comparison_test.dart: Golden Comparison Tests Golden: text_tspan matches browser render             108:46 +3438 ~2 -12: /Users/denisnadey/apps/flutter_full_svg_support/test/golden_comparison/golden_comparison_test.dart: Golden Comparison Tests Golden: text_tspan matches browser render             108:47 +3438 ~2 -12: /Users/denisnadey/apps/flutter_full_svg_support/test/golden_comparison/golden_comparison_test.dart: Golden Comparison Tests Golden: text_tspan matches browser render             108:48 +3438 ~2 -12: /Users/denisnadey/apps/flutter_full_svg_support/test/golden_comparison/golden_comparison_test.dart: Golden Comparison Tests Golden: text_tspan matches browser render             108:49 +3438 ~2 -12: /Users/denisnadey/apps/flutter_full_svg_support/test/golden_comparison/golden_comparison_test.dart: Golden Comparison Tests Golden: text_tspan matches browser render             108:50 +3438 ~2 -12: /Users/denisnadey/apps/flutter_full_svg_support/test/golden_comparison/golden_comparison_test.dart: Golden Comparison Tests Golden: text_tspan matches browser render             108:51 +3438 ~2 -12: /Users/denisnadey/apps/flutter_full_svg_support/test/golden_comparison/golden_comparison_test.dart: Golden Comparison Tests Golden: text_tspan matches browser render             108:52 +3438 ~2 -12: /Users/denisnadey/apps/flutter_full_svg_support/test/golden_comparison/golden_comparison_test.dart: Golden Comparison Tests Golden: text_tspan matches browser render             108:53 +3438 ~2 -12: /Users/denisnadey/apps/flutter_full_svg_support/test/golden_comparison/golden_comparison_test.dart: Golden Comparison Tests Golden: text_tspan matches browser render             108:54 +3438 ~2 -12: /Users/denisnadey/apps/flutter_full_svg_support/test/golden_comparison/golden_comparison_test.dart: Golden Comparison Tests Golden: text_tspan matches browser render             108:55 +3438 ~2 -12: /Users/denisnadey/apps/flutter_full_svg_support/test/golden_comparison/golden_comparison_test.dart: Golden Comparison Tests Golden: text_tspan matches browser render             108:56 +3438 ~2 -12: /Users/denisnadey/apps/flutter_full_svg_support/test/golden_comparison/golden_comparison_test.dart: Golden Comparison Tests Golden: text_tspan matches browser render             108:57 +3438 ~2 -12: /Users/denisnadey/apps/flutter_full_svg_support/test/golden_comparison/golden_comparison_test.dart: Golden Comparison Tests Golden: text_tspan matches browser render             108:58 +3438 ~2 -12: /Users/denisnadey/apps/flutter_full_svg_support/test/golden_comparison/golden_comparison_test.dart: Golden Comparison Tests Golden: text_tspan matches browser render             108:59 +3438 ~2 -12: /Users/denisnadey/apps/flutter_full_svg_support/test/golden_comparison/golden_comparison_test.dart: Golden Comparison Tests Golden: text_tspan matches browser render             109:00 +3438 ~2 -12: /Users/denisnadey/apps/flutter_full_svg_support/test/golden_comparison/golden_comparison_test.dart: Golden Comparison Tests Golden: text_tspan matches browser render             109:01 +3438 ~2 -12: /Users/denisnadey/apps/flutter_full_svg_support/test/golden_comparison/golden_comparison_test.dart: Golden Comparison Tests Golden: text_tspan matches browser render             109:02 +3438 ~2 -12: /Users/denisnadey/apps/flutter_full_svg_support/test/golden_comparison/golden_comparison_test.dart: Golden Comparison Tests Golden: text_tspan matches browser render             109:03 +3438 ~2 -12: /Users/denisnadey/apps/flutter_full_svg_support/test/golden_comparison/golden_comparison_test.dart: Golden Comparison Tests Golden: text_tspan matches browser render             109:04 +3438 ~2 -12: /Users/denisnadey/apps/flutter_full_svg_support/test/golden_comparison/golden_comparison_test.dart: Golden Comparison Tests Golden: text_tspan matches browser render             109:05 +3438 ~2 -12: /Users/denisnadey/apps/flutter_full_svg_support/test/golden_comparison/golden_comparison_test.dart: Golden Comparison Tests Golden: text_tspan matches browser render             109:06 +3438 ~2 -12: /Users/denisnadey/apps/flutter_full_svg_support/test/golden_comparison/golden_comparison_test.dart: Golden Comparison Tests Golden: text_tspan matches browser render             109:07 +3438 ~2 -12: /Users/denisnadey/apps/flutter_full_svg_support/test/golden_comparison/golden_comparison_test.dart: Golden Comparison Tests Golden: text_tspan matches browser render             109:08 +3438 ~2 -12: /Users/denisnadey/apps/flutter_full_svg_support/test/golden_comparison/golden_comparison_test.dart: Golden Comparison Tests Golden: text_tspan matches browser render             109:09 +3438 ~2 -12: /Users/denisnadey/apps/flutter_full_svg_support/test/golden_comparison/golden_comparison_test.dart: Golden Comparison Tests Golden: text_tspan matches browser render             109:10 +3438 ~2 -12: /Users/denisnadey/apps/flutter_full_svg_support/test/golden_comparison/golden_comparison_test.dart: Golden Comparison Tests Golden: text_tspan matches browser render             109:11 +3438 ~2 -12: /Users/denisnadey/apps/flutter_full_svg_support/test/golden_comparison/golden_comparison_test.dart: Golden Comparison Tests Golden: text_tspan matches browser render             109:12 +3438 ~2 -12: /Users/denisnadey/apps/flutter_full_svg_support/test/golden_comparison/golden_comparison_test.dart: Golden Comparison Tests Golden: text_tspan matches browser render             109:13 +3438 ~2 -12: /Users/denisnadey/apps/flutter_full_svg_support/test/golden_comparison/golden_comparison_test.dart: Golden Comparison Tests Golden: text_tspan matches browser render             109:14 +3438 ~2 -12: /Users/denisnadey/apps/flutter_full_svg_support/test/golden_comparison/golden_comparison_test.dart: Golden Comparison Tests Golden: text_tspan matches browser render             109:15 +3438 ~2 -12: /Users/denisnadey/apps/flutter_full_svg_support/test/golden_comparison/golden_comparison_test.dart: Golden Comparison Tests Golden: text_tspan matches browser render             109:16 +3438 ~2 -12: /Users/denisnadey/apps/flutter_full_svg_support/test/golden_comparison/golden_comparison_test.dart: Golden Comparison Tests Golden: text_tspan matches browser render             109:17 +3438 ~2 -12: /Users/denisnadey/apps/flutter_full_svg_support/test/golden_comparison/golden_comparison_test.dart: Golden Comparison Tests Golden: text_tspan matches browser render             109:18 +3438 ~2 -12: /Users/denisnadey/apps/flutter_full_svg_support/test/golden_comparison/golden_comparison_test.dart: Golden Comparison Tests Golden: text_tspan matches browser render             109:19 +3438 ~2 -12: /Users/denisnadey/apps/flutter_full_svg_support/test/golden_comparison/golden_comparison_test.dart: Golden Comparison Tests Golden: text_tspan matches browser render             109:20 +3438 ~2 -12: /Users/denisnadey/apps/flutter_full_svg_support/test/golden_comparison/golden_comparison_test.dart: Golden Comparison Tests Golden: text_tspan matches browser render             109:21 +3438 ~2 -12: /Users/denisnadey/apps/flutter_full_svg_support/test/golden_comparison/golden_comparison_test.dart: Golden Comparison Tests Golden: text_tspan matches browser render             109:22 +3438 ~2 -12: /Users/denisnadey/apps/flutter_full_svg_support/test/golden_comparison/golden_comparison_test.dart: Golden Comparison Tests Golden: text_tspan matches browser render             109:23 +3438 ~2 -12: /Users/denisnadey/apps/flutter_full_svg_support/test/golden_comparison/golden_comparison_test.dart: Golden Comparison Tests Golden: text_tspan matches browser render             109:24 +3438 ~2 -12: /Users/denisnadey/apps/flutter_full_svg_support/test/golden_comparison/golden_comparison_test.dart: Golden Comparison Tests Golden: text_tspan matches browser render             109:25 +3438 ~2 -12: /Users/denisnadey/apps/flutter_full_svg_support/test/golden_comparison/golden_comparison_test.dart: Golden Comparison Tests Golden: text_tspan matches browser render             109:26 +3438 ~2 -12: /Users/denisnadey/apps/flutter_full_svg_support/test/golden_comparison/golden_comparison_test.dart: Golden Comparison Tests Golden: text_tspan matches browser render             109:27 +3438 ~2 -12: /Users/denisnadey/apps/flutter_full_svg_support/test/golden_comparison/golden_comparison_test.dart: Golden Comparison Tests Golden: text_tspan matches browser render             109:28 +3438 ~2 -12: /Users/denisnadey/apps/flutter_full_svg_support/test/golden_comparison/golden_comparison_test.dart: Golden Comparison Tests Golden: text_tspan matches browser render             109:29 +3438 ~2 -12: /Users/denisnadey/apps/flutter_full_svg_support/test/golden_comparison/golden_comparison_test.dart: Golden Comparison Tests Golden: text_tspan matches browser render             109:30 +3438 ~2 -12: /Users/denisnadey/apps/flutter_full_svg_support/test/golden_comparison/golden_comparison_test.dart: Golden Comparison Tests Golden: text_tspan matches browser render             109:31 +3438 ~2 -12: /Users/denisnadey/apps/flutter_full_svg_support/test/golden_comparison/golden_comparison_test.dart: Golden Comparison Tests Golden: text_tspan matches browser render             109:32 +3438 ~2 -12: /Users/denisnadey/apps/flutter_full_svg_support/test/golden_comparison/golden_comparison_test.dart: Golden Comparison Tests Golden: text_tspan matches browser render             109:33 +3438 ~2 -12: /Users/denisnadey/apps/flutter_full_svg_support/test/golden_comparison/golden_comparison_test.dart: Golden Comparison Tests Golden: text_tspan matches browser render             109:34 +3438 ~2 -12: /Users/denisnadey/apps/flutter_full_svg_support/test/golden_comparison/golden_comparison_test.dart: Golden Comparison Tests Golden: text_tspan matches browser render             109:35 +3438 ~2 -12: /Users/denisnadey/apps/flutter_full_svg_support/test/golden_comparison/golden_comparison_test.dart: Golden Comparison Tests Golden: text_tspan matches browser render             109:36 +3438 ~2 -12: /Users/denisnadey/apps/flutter_full_svg_support/test/golden_comparison/golden_comparison_test.dart: Golden Comparison Tests Golden: text_tspan matches browser render             109:37 +3438 ~2 -12: /Users/denisnadey/apps/flutter_full_svg_support/test/golden_comparison/golden_comparison_test.dart: Golden Comparison Tests Golden: text_tspan matches browser render             109:38 +3438 ~2 -12: /Users/denisnadey/apps/flutter_full_svg_support/test/golden_comparison/golden_comparison_test.dart: Golden Comparison Tests Golden: text_tspan matches browser render             109:39 +3438 ~2 -12: /Users/denisnadey/apps/flutter_full_svg_support/test/golden_comparison/golden_comparison_test.dart: Golden Comparison Tests Golden: text_tspan matches browser render             109:40 +3438 ~2 -12: /Users/denisnadey/apps/flutter_full_svg_support/test/golden_comparison/golden_comparison_test.dart: Golden Comparison Tests Golden: text_tspan matches browser render             109:41 +3438 ~2 -12: /Users/denisnadey/apps/flutter_full_svg_support/test/golden_comparison/golden_comparison_test.dart: Golden Comparison Tests Golden: text_tspan matches browser render             109:42 +3438 ~2 -12: /Users/denisnadey/apps/flutter_full_svg_support/test/golden_comparison/golden_comparison_test.dart: Golden Comparison Tests Golden: text_tspan matches browser render             109:43 +3438 ~2 -12: /Users/denisnadey/apps/flutter_full_svg_support/test/golden_comparison/golden_comparison_test.dart: Golden Comparison Tests Golden: text_tspan matches browser render             109:44 +3438 ~2 -12: /Users/denisnadey/apps/flutter_full_svg_support/test/golden_comparison/golden_comparison_test.dart: Golden Comparison Tests Golden: text_tspan matches browser render             109:45 +3438 ~2 -12: /Users/denisnadey/apps/flutter_full_svg_support/test/golden_comparison/golden_comparison_test.dart: Golden Comparison Tests Golden: text_tspan matches browser render             109:46 +3438 ~2 -12: /Users/denisnadey/apps/flutter_full_svg_support/test/golden_comparison/golden_comparison_test.dart: Golden Comparison Tests Golden: text_tspan matches browser render             109:47 +3438 ~2 -12: /Users/denisnadey/apps/flutter_full_svg_support/test/golden_comparison/golden_comparison_test.dart: Golden Comparison Tests Golden: text_tspan matches browser render             109:48 +3438 ~2 -12: /Users/denisnadey/apps/flutter_full_svg_support/test/golden_comparison/golden_comparison_test.dart: Golden Comparison Tests Golden: text_tspan matches browser render             109:49 +3438 ~2 -12: /Users/denisnadey/apps/flutter_full_svg_support/test/golden_comparison/golden_comparison_test.dart: Golden Comparison Tests Golden: text_tspan matches browser render             109:50 +3438 ~2 -12: /Users/denisnadey/apps/flutter_full_svg_support/test/golden_comparison/golden_comparison_test.dart: Golden Comparison Tests Golden: text_tspan matches browser render             109:51 +3438 ~2 -12: /Users/denisnadey/apps/flutter_full_svg_support/test/golden_comparison/golden_comparison_test.dart: Golden Comparison Tests Golden: text_tspan matches browser render             109:52 +3438 ~2 -12: /Users/denisnadey/apps/flutter_full_svg_support/test/golden_comparison/golden_comparison_test.dart: Golden Comparison Tests Golden: text_tspan matches browser render             109:53 +3438 ~2 -12: /Users/denisnadey/apps/flutter_full_svg_support/test/golden_comparison/golden_comparison_test.dart: Golden Comparison Tests Golden: text_tspan matches browser render             109:54 +3438 ~2 -12: /Users/denisnadey/apps/flutter_full_svg_support/test/golden_comparison/golden_comparison_test.dart: Golden Comparison Tests Golden: text_tspan matches browser render             109:55 +3438 ~2 -12: /Users/denisnadey/apps/flutter_full_svg_support/test/golden_comparison/golden_comparison_test.dart: Golden Comparison Tests Golden: text_tspan matches browser render             109:56 +3438 ~2 -12: /Users/denisnadey/apps/flutter_full_svg_support/test/golden_comparison/golden_comparison_test.dart: Golden Comparison Tests Golden: text_tspan matches browser render             109:57 +3438 ~2 -12: /Users/denisnadey/apps/flutter_full_svg_support/test/golden_comparison/golden_comparison_test.dart: Golden Comparison Tests Golden: text_tspan matches browser render             109:58 +3438 ~2 -12: /Users/denisnadey/apps/flutter_full_svg_support/test/golden_comparison/golden_comparison_test.dart: Golden Comparison Tests Golden: text_tspan matches browser render             109:59 +3438 ~2 -12: /Users/denisnadey/apps/flutter_full_svg_support/test/golden_comparison/golden_comparison_test.dart: Golden Comparison Tests Golden: text_tspan matches browser render             110:00 +3438 ~2 -12: /Users/denisnadey/apps/flutter_full_svg_support/test/golden_comparison/golden_comparison_test.dart: Golden Comparison Tests Golden: text_tspan matches browser render             110:01 +3438 ~2 -12: /Users/denisnadey/apps/flutter_full_svg_support/test/golden_comparison/golden_comparison_test.dart: Golden Comparison Tests Golden: text_tspan matches browser render             110:02 +3438 ~2 -12: /Users/denisnadey/apps/flutter_full_svg_support/test/golden_comparison/golden_comparison_test.dart: Golden Comparison Tests Golden: text_tspan matches browser render             110:03 +3438 ~2 -12: /Users/denisnadey/apps/flutter_full_svg_support/test/golden_comparison/golden_comparison_test.dart: Golden Comparison Tests Golden: text_tspan matches browser render             110:04 +3438 ~2 -12: /Users/denisnadey/apps/flutter_full_svg_support/test/golden_comparison/golden_comparison_test.dart: Golden Comparison Tests Golden: text_tspan matches browser render             110:05 +3438 ~2 -12: /Users/denisnadey/apps/flutter_full_svg_support/test/golden_comparison/golden_comparison_test.dart: Golden Comparison Tests Golden: text_tspan matches browser render             110:06 +3438 ~2 -12: /Users/denisnadey/apps/flutter_full_svg_support/test/golden_comparison/golden_comparison_test.dart: Golden Comparison Tests Golden: text_tspan matches browser render             110:07 +3438 ~2 -12: /Users/denisnadey/apps/flutter_full_svg_support/test/golden_comparison/golden_comparison_test.dart: Golden Comparison Tests Golden: text_tspan matches browser render             110:08 +3438 ~2 -12: /Users/denisnadey/apps/flutter_full_svg_support/test/golden_comparison/golden_comparison_test.dart: Golden Comparison Tests Golden: text_tspan matches browser render             110:09 +3438 ~2 -12: /Users/denisnadey/apps/flutter_full_svg_support/test/golden_comparison/golden_comparison_test.dart: Golden Comparison Tests Golden: text_tspan matches browser render             110:10 +3438 ~2 -12: /Users/denisnadey/apps/flutter_full_svg_support/test/golden_comparison/golden_comparison_test.dart: Golden Comparison Tests Golden: text_tspan matches browser render             110:11 +3438 ~2 -12: /Users/denisnadey/apps/flutter_full_svg_support/test/golden_comparison/golden_comparison_test.dart: Golden Comparison Tests Golden: text_tspan matches browser render             110:12 +3438 ~2 -12: /Users/denisnadey/apps/flutter_full_svg_support/test/golden_comparison/golden_comparison_test.dart: Golden Comparison Tests Golden: text_tspan matches browser render             110:13 +3438 ~2 -12: /Users/denisnadey/apps/flutter_full_svg_support/test/golden_comparison/golden_comparison_test.dart: Golden Comparison Tests Golden: text_tspan matches browser render             110:14 +3438 ~2 -12: /Users/denisnadey/apps/flutter_full_svg_support/test/golden_comparison/golden_comparison_test.dart: Golden Comparison Tests Golden: text_tspan matches browser render             110:15 +3438 ~2 -12: /Users/denisnadey/apps/flutter_full_svg_support/test/golden_comparison/golden_comparison_test.dart: Golden Comparison Tests Golden: text_tspan matches browser render             110:16 +3438 ~2 -12: /Users/denisnadey/apps/flutter_full_svg_support/test/golden_comparison/golden_comparison_test.dart: Golden Comparison Tests Golden: text_tspan matches browser render             110:17 +3438 ~2 -12: /Users/denisnadey/apps/flutter_full_svg_support/test/golden_comparison/golden_comparison_test.dart: Golden Comparison Tests Golden: text_tspan matches browser render             110:18 +3438 ~2 -12: /Users/denisnadey/apps/flutter_full_svg_support/test/golden_comparison/golden_comparison_test.dart: Golden Comparison Tests Golden: text_tspan matches browser render             110:19 +3438 ~2 -12: /Users/denisnadey/apps/flutter_full_svg_support/test/golden_comparison/golden_comparison_test.dart: Golden Comparison Tests Golden: text_tspan matches browser render             110:20 +3438 ~2 -12: /Users/denisnadey/apps/flutter_full_svg_support/test/golden_comparison/golden_comparison_test.dart: Golden Comparison Tests Golden: text_tspan matches browser render             110:21 +3438 ~2 -12: /Users/denisnadey/apps/flutter_full_svg_support/test/golden_comparison/golden_comparison_test.dart: Golden Comparison Tests Golden: text_tspan matches browser render             110:22 +3438 ~2 -12: /Users/denisnadey/apps/flutter_full_svg_support/test/golden_comparison/golden_comparison_test.dart: Golden Comparison Tests Golden: text_tspan matches browser render             110:23 +3438 ~2 -12: /Users/denisnadey/apps/flutter_full_svg_support/test/golden_comparison/golden_comparison_test.dart: Golden Comparison Tests Golden: text_tspan matches browser render             110:24 +3438 ~2 -12: /Users/denisnadey/apps/flutter_full_svg_support/test/golden_comparison/golden_comparison_test.dart: Golden Comparison Tests Golden: text_tspan matches browser render             110:25 +3438 ~2 -12: /Users/denisnadey/apps/flutter_full_svg_support/test/golden_comparison/golden_comparison_test.dart: Golden Comparison Tests Golden: text_tspan matches browser render             110:26 +3438 ~2 -12: /Users/denisnadey/apps/flutter_full_svg_support/test/golden_comparison/golden_comparison_test.dart: Golden Comparison Tests Golden: text_tspan matches browser render             110:27 +3438 ~2 -12: /Users/denisnadey/apps/flutter_full_svg_support/test/golden_comparison/golden_comparison_test.dart: Golden Comparison Tests Golden: text_tspan matches browser render             110:28 +3438 ~2 -12: /Users/denisnadey/apps/flutter_full_svg_support/test/golden_comparison/golden_comparison_test.dart: Golden Comparison Tests Golden: text_tspan matches browser render             110:29 +3438 ~2 -12: /Users/denisnadey/apps/flutter_full_svg_support/test/golden_comparison/golden_comparison_test.dart: Golden Comparison Tests Golden: text_tspan matches browser render             110:30 +3438 ~2 -12: /Users/denisnadey/apps/flutter_full_svg_support/test/golden_comparison/golden_comparison_test.dart: Golden Comparison Tests Golden: text_tspan matches browser render             110:31 +3438 ~2 -12: /Users/denisnadey/apps/flutter_full_svg_support/test/golden_comparison/golden_comparison_test.dart: Golden Comparison Tests Golden: text_tspan matches browser render             110:32 +3438 ~2 -12: /Users/denisnadey/apps/flutter_full_svg_support/test/golden_comparison/golden_comparison_test.dart: Golden Comparison Tests Golden: text_tspan matches browser render             110:33 +3438 ~2 -12: /Users/denisnadey/apps/flutter_full_svg_support/test/golden_comparison/golden_comparison_test.dart: Golden Comparison Tests Golden: text_tspan matches browser render             110:34 +3438 ~2 -12: /Users/denisnadey/apps/flutter_full_svg_support/test/golden_comparison/golden_comparison_test.dart: Golden Comparison Tests Golden: text_tspan matches browser render             110:35 +3438 ~2 -12: /Users/denisnadey/apps/flutter_full_svg_support/test/golden_comparison/golden_comparison_test.dart: Golden Comparison Tests Golden: text_tspan matches browser render             110:36 +3438 ~2 -12: /Users/denisnadey/apps/flutter_full_svg_support/test/golden_comparison/golden_comparison_test.dart: Golden Comparison Tests Golden: text_tspan matches browser render             110:37 +3438 ~2 -12: /Users/denisnadey/apps/flutter_full_svg_support/test/golden_comparison/golden_comparison_test.dart: Golden Comparison Tests Golden: text_tspan matches browser render             110:38 +3438 ~2 -12: /Users/denisnadey/apps/flutter_full_svg_support/test/golden_comparison/golden_comparison_test.dart: Golden Comparison Tests Golden: text_tspan matches browser render             110:39 +3438 ~2 -12: /Users/denisnadey/apps/flutter_full_svg_support/test/golden_comparison/golden_comparison_test.dart: Golden Comparison Tests Golden: text_tspan matches browser render             110:40 +3438 ~2 -12: /Users/denisnadey/apps/flutter_full_svg_support/test/golden_comparison/golden_comparison_test.dart: Golden Comparison Tests Golden: text_tspan matches browser render             110:41 +3438 ~2 -12: /Users/denisnadey/apps/flutter_full_svg_support/test/golden_comparison/golden_comparison_test.dart: Golden Comparison Tests Golden: text_tspan matches browser render             110:42 +3438 ~2 -12: /Users/denisnadey/apps/flutter_full_svg_support/test/golden_comparison/golden_comparison_test.dart: Golden Comparison Tests Golden: text_tspan matches browser render             110:43 +3438 ~2 -12: /Users/denisnadey/apps/flutter_full_svg_support/test/golden_comparison/golden_comparison_test.dart: Golden Comparison Tests Golden: text_tspan matches browser render             110:44 +3438 ~2 -12: /Users/denisnadey/apps/flutter_full_svg_support/test/golden_comparison/golden_comparison_test.dart: Golden Comparison Tests Golden: text_tspan matches browser render             110:45 +3438 ~2 -12: /Users/denisnadey/apps/flutter_full_svg_support/test/golden_comparison/golden_comparison_test.dart: Golden Comparison Tests Golden: text_tspan matches browser render             110:46 +3438 ~2 -12: /Users/denisnadey/apps/flutter_full_svg_support/test/golden_comparison/golden_comparison_test.dart: Golden Comparison Tests Golden: text_tspan matches browser render             110:47 +3438 ~2 -12: /Users/denisnadey/apps/flutter_full_svg_support/test/golden_comparison/golden_comparison_test.dart: Golden Comparison Tests Golden: text_tspan matches browser render             110:48 +3438 ~2 -12: /Users/denisnadey/apps/flutter_full_svg_support/test/golden_comparison/golden_comparison_test.dart: Golden Comparison Tests Golden: text_tspan matches browser render             110:49 +3438 ~2 -12: /Users/denisnadey/apps/flutter_full_svg_support/test/golden_comparison/golden_comparison_test.dart: Golden Comparison Tests Golden: text_tspan matches browser render             110:50 +3438 ~2 -12: /Users/denisnadey/apps/flutter_full_svg_support/test/golden_comparison/golden_comparison_test.dart: Golden Comparison Tests Golden: text_tspan matches browser render             110:51 +3438 ~2 -12: /Users/denisnadey/apps/flutter_full_svg_support/test/golden_comparison/golden_comparison_test.dart: Golden Comparison Tests Golden: text_tspan matches browser render             110:52 +3438 ~2 -12: /Users/denisnadey/apps/flutter_full_svg_support/test/golden_comparison/golden_comparison_test.dart: Golden Comparison Tests Golden: text_tspan matches browser render             110:53 +3438 ~2 -12: /Users/denisnadey/apps/flutter_full_svg_support/test/golden_comparison/golden_comparison_test.dart: Golden Comparison Tests Golden: text_tspan matches browser render             110:54 +3438 ~2 -12: /Users/denisnadey/apps/flutter_full_svg_support/test/golden_comparison/golden_comparison_test.dart: Golden Comparison Tests Golden: text_tspan matches browser render             110:55 +3438 ~2 -12: /Users/denisnadey/apps/flutter_full_svg_support/test/golden_comparison/golden_comparison_test.dart: Golden Comparison Tests Golden: text_tspan matches browser render             110:56 +3438 ~2 -12: /Users/denisnadey/apps/flutter_full_svg_support/test/golden_comparison/golden_comparison_test.dart: Golden Comparison Tests Golden: text_tspan matches browser render             110:57 +3438 ~2 -12: /Users/denisnadey/apps/flutter_full_svg_support/test/golden_comparison/golden_comparison_test.dart: Golden Comparison Tests Golden: text_tspan matches browser render             110:58 +3438 ~2 -12: /Users/denisnadey/apps/flutter_full_svg_support/test/golden_comparison/golden_comparison_test.dart: Golden Comparison Tests Golden: text_tspan matches browser render             110:59 +3438 ~2 -12: /Users/denisnadey/apps/flutter_full_svg_support/test/golden_comparison/golden_comparison_test.dart: Golden Comparison Tests Golden: text_tspan matches browser render             111:00 +3438 ~2 -12: /Users/denisnadey/apps/flutter_full_svg_support/test/golden_comparison/golden_comparison_test.dart: Golden Comparison Tests Golden: text_tspan matches browser render             111:01 +3438 ~2 -12: /Users/denisnadey/apps/flutter_full_svg_support/test/golden_comparison/golden_comparison_test.dart: Golden Comparison Tests Golden: text_tspan matches browser render             111:02 +3438 ~2 -12: /Users/denisnadey/apps/flutter_full_svg_support/test/golden_comparison/golden_comparison_test.dart: Golden Comparison Tests Golden: text_tspan matches browser render             111:03 +3438 ~2 -12: /Users/denisnadey/apps/flutter_full_svg_support/test/golden_comparison/golden_comparison_test.dart: Golden Comparison Tests Golden: text_tspan matches browser render             111:04 +3438 ~2 -12: /Users/denisnadey/apps/flutter_full_svg_support/test/golden_comparison/golden_comparison_test.dart: Golden Comparison Tests Golden: text_tspan matches browser render             111:05 +3438 ~2 -12: /Users/denisnadey/apps/flutter_full_svg_support/test/golden_comparison/golden_comparison_test.dart: Golden Comparison Tests Golden: text_tspan matches browser render             111:06 +3438 ~2 -12: /Users/denisnadey/apps/flutter_full_svg_support/test/golden_comparison/golden_comparison_test.dart: Golden Comparison Tests Golden: text_tspan matches browser render             111:07 +3438 ~2 -12: /Users/denisnadey/apps/flutter_full_svg_support/test/golden_comparison/golden_comparison_test.dart: Golden Comparison Tests Golden: text_tspan matches browser render             111:08 +3438 ~2 -12: /Users/denisnadey/apps/flutter_full_svg_support/test/golden_comparison/golden_comparison_test.dart: Golden Comparison Tests Golden: text_tspan matches browser render             111:09 +3438 ~2 -12: /Users/denisnadey/apps/flutter_full_svg_support/test/golden_comparison/golden_comparison_test.dart: Golden Comparison Tests Golden: text_tspan matches browser render             111:10 +3438 ~2 -12: /Users/denisnadey/apps/flutter_full_svg_support/test/golden_comparison/golden_comparison_test.dart: Golden Comparison Tests Golden: text_tspan matches browser render             111:11 +3438 ~2 -12: /Users/denisnadey/apps/flutter_full_svg_support/test/golden_comparison/golden_comparison_test.dart: Golden Comparison Tests Golden: text_tspan matches browser render             111:12 +3438 ~2 -12: /Users/denisnadey/apps/flutter_full_svg_support/test/golden_comparison/golden_comparison_test.dart: Golden Comparison Tests Golden: text_tspan matches browser render             111:13 +3438 ~2 -12: /Users/denisnadey/apps/flutter_full_svg_support/test/golden_comparison/golden_comparison_test.dart: Golden Comparison Tests Golden: text_tspan matches browser render             111:14 +3438 ~2 -12: /Users/denisnadey/apps/flutter_full_svg_support/test/golden_comparison/golden_comparison_test.dart: Golden Comparison Tests Golden: text_tspan matches browser render             111:15 +3438 ~2 -12: /Users/denisnadey/apps/flutter_full_svg_support/test/golden_comparison/golden_comparison_test.dart: Golden Comparison Tests Golden: text_tspan matches browser render             111:16 +3438 ~2 -12: /Users/denisnadey/apps/flutter_full_svg_support/test/golden_comparison/golden_comparison_test.dart: Golden Comparison Tests Golden: text_tspan matches browser render             111:17 +3438 ~2 -12: /Users/denisnadey/apps/flutter_full_svg_support/test/golden_comparison/golden_comparison_test.dart: Golden Comparison Tests Golden: text_tspan matches browser render             111:18 +3438 ~2 -12: /Users/denisnadey/apps/flutter_full_svg_support/test/golden_comparison/golden_comparison_test.dart: Golden Comparison Tests Golden: text_tspan matches browser render             111:19 +3438 ~2 -12: /Users/denisnadey/apps/flutter_full_svg_support/test/golden_comparison/golden_comparison_test.dart: Golden Comparison Tests Golden: text_tspan matches browser render             111:20 +3438 ~2 -12: /Users/denisnadey/apps/flutter_full_svg_support/test/golden_comparison/golden_comparison_test.dart: Golden Comparison Tests Golden: text_tspan matches browser render             111:21 +3438 ~2 -12: /Users/denisnadey/apps/flutter_full_svg_support/test/golden_comparison/golden_comparison_test.dart: Golden Comparison Tests Golden: text_tspan matches browser render             111:22 +3438 ~2 -12: /Users/denisnadey/apps/flutter_full_svg_support/test/golden_comparison/golden_comparison_test.dart: Golden Comparison Tests Golden: text_tspan matches browser render             111:23 +3438 ~2 -12: /Users/denisnadey/apps/flutter_full_svg_support/test/golden_comparison/golden_comparison_test.dart: Golden Comparison Tests Golden: text_tspan matches browser render             111:24 +3438 ~2 -12: /Users/denisnadey/apps/flutter_full_svg_support/test/golden_comparison/golden_comparison_test.dart: Golden Comparison Tests Golden: text_tspan matches browser render             111:25 +3438 ~2 -12: /Users/denisnadey/apps/flutter_full_svg_support/test/golden_comparison/golden_comparison_test.dart: Golden Comparison Tests Golden: text_tspan matches browser render             111:26 +3438 ~2 -12: /Users/denisnadey/apps/flutter_full_svg_support/test/golden_comparison/golden_comparison_test.dart: Golden Comparison Tests Golden: text_tspan matches browser render             111:27 +3438 ~2 -12: /Users/denisnadey/apps/flutter_full_svg_support/test/golden_comparison/golden_comparison_test.dart: Golden Comparison Tests Golden: text_tspan matches browser render             111:28 +3438 ~2 -12: /Users/denisnadey/apps/flutter_full_svg_support/test/golden_comparison/golden_comparison_test.dart: Golden Comparison Tests Golden: text_tspan matches browser render             111:29 +3438 ~2 -12: /Users/denisnadey/apps/flutter_full_svg_support/test/golden_comparison/golden_comparison_test.dart: Golden Comparison Tests Golden: text_tspan matches browser render             111:30 +3438 ~2 -12: /Users/denisnadey/apps/flutter_full_svg_support/test/golden_comparison/golden_comparison_test.dart: Golden Comparison Tests Golden: text_tspan matches browser render             111:31 +3438 ~2 -12: /Users/denisnadey/apps/flutter_full_svg_support/test/golden_comparison/golden_comparison_test.dart: Golden Comparison Tests Golden: text_tspan matches browser render             111:32 +3438 ~2 -12: /Users/denisnadey/apps/flutter_full_svg_support/test/golden_comparison/golden_comparison_test.dart: Golden Comparison Tests Golden: text_tspan matches browser render             111:33 +3438 ~2 -12: /Users/denisnadey/apps/flutter_full_svg_support/test/golden_comparison/golden_comparison_test.dart: Golden Comparison Tests Golden: text_tspan matches browser render             111:34 +3438 ~2 -12: /Users/denisnadey/apps/flutter_full_svg_support/test/golden_comparison/golden_comparison_test.dart: Golden Comparison Tests Golden: text_tspan matches browser render             111:35 +3438 ~2 -12: /Users/denisnadey/apps/flutter_full_svg_support/test/golden_comparison/golden_comparison_test.dart: Golden Comparison Tests Golden: text_tspan matches browser render             111:36 +3438 ~2 -12: /Users/denisnadey/apps/flutter_full_svg_support/test/golden_comparison/golden_comparison_test.dart: Golden Comparison Tests Golden: text_tspan matches browser render             111:37 +3438 ~2 -12: /Users/denisnadey/apps/flutter_full_svg_support/test/golden_comparison/golden_comparison_test.dart: Golden Comparison Tests Golden: text_tspan matches browser render             111:38 +3438 ~2 -12: /Users/denisnadey/apps/flutter_full_svg_support/test/golden_comparison/golden_comparison_test.dart: Golden Comparison Tests Golden: text_tspan matches browser render             111:39 +3438 ~2 -12: /Users/denisnadey/apps/flutter_full_svg_support/test/golden_comparison/golden_comparison_test.dart: Golden Comparison Tests Golden: text_tspan matches browser render             111:40 +3438 ~2 -12: /Users/denisnadey/apps/flutter_full_svg_support/test/golden_comparison/golden_comparison_test.dart: Golden Comparison Tests Golden: text_tspan matches browser render             111:41 +3438 ~2 -12: /Users/denisnadey/apps/flutter_full_svg_support/test/golden_comparison/golden_comparison_test.dart: Golden Comparison Tests Golden: text_tspan matches browser render             111:42 +3438 ~2 -12: /Users/denisnadey/apps/flutter_full_svg_support/test/golden_comparison/golden_comparison_test.dart: Golden Comparison Tests Golden: text_tspan matches browser render             111:43 +3438 ~2 -12: /Users/denisnadey/apps/flutter_full_svg_support/test/golden_comparison/golden_comparison_test.dart: Golden Comparison Tests Golden: text_tspan matches browser render             111:44 +3438 ~2 -12: /Users/denisnadey/apps/flutter_full_svg_support/test/golden_comparison/golden_comparison_test.dart: Golden Comparison Tests Golden: text_tspan matches browser render             111:45 +3438 ~2 -12: /Users/denisnadey/apps/flutter_full_svg_support/test/golden_comparison/golden_comparison_test.dart: Golden Comparison Tests Golden: text_tspan matches browser render             111:46 +3438 ~2 -12: /Users/denisnadey/apps/flutter_full_svg_support/test/golden_comparison/golden_comparison_test.dart: Golden Comparison Tests Golden: text_tspan matches browser render             111:47 +3438 ~2 -12: /Users/denisnadey/apps/flutter_full_svg_support/test/golden_comparison/golden_comparison_test.dart: Golden Comparison Tests Golden: text_tspan matches browser render             111:48 +3438 ~2 -12: /Users/denisnadey/apps/flutter_full_svg_support/test/golden_comparison/golden_comparison_test.dart: Golden Comparison Tests Golden: text_tspan matches browser render             111:49 +3438 ~2 -12: /Users/denisnadey/apps/flutter_full_svg_support/test/golden_comparison/golden_comparison_test.dart: Golden Comparison Tests Golden: text_tspan matches browser render             111:50 +3438 ~2 -12: /Users/denisnadey/apps/flutter_full_svg_support/test/golden_comparison/golden_comparison_test.dart: Golden Comparison Tests Golden: text_tspan matches browser render             111:51 +3438 ~2 -12: /Users/denisnadey/apps/flutter_full_svg_support/test/golden_comparison/golden_comparison_test.dart: Golden Comparison Tests Golden: text_tspan matches browser render             111:52 +3438 ~2 -12: /Users/denisnadey/apps/flutter_full_svg_support/test/golden_comparison/golden_comparison_test.dart: Golden Comparison Tests Golden: text_tspan matches browser render             111:53 +3438 ~2 -12: /Users/denisnadey/apps/flutter_full_svg_support/test/golden_comparison/golden_comparison_test.dart: Golden Comparison Tests Golden: text_tspan matches browser render             111:54 +3438 ~2 -12: /Users/denisnadey/apps/flutter_full_svg_support/test/golden_comparison/golden_comparison_test.dart: Golden Comparison Tests Golden: text_tspan matches browser render             111:55 +3438 ~2 -12: /Users/denisnadey/apps/flutter_full_svg_support/test/golden_comparison/golden_comparison_test.dart: Golden Comparison Tests Golden: text_tspan matches browser render             111:56 +3438 ~2 -12: /Users/denisnadey/apps/flutter_full_svg_support/test/golden_comparison/golden_comparison_test.dart: Golden Comparison Tests Golden: text_tspan matches browser render             111:57 +3438 ~2 -12: /Users/denisnadey/apps/flutter_full_svg_support/test/golden_comparison/golden_comparison_test.dart: Golden Comparison Tests Golden: text_tspan matches browser render             111:58 +3438 ~2 -12: /Users/denisnadey/apps/flutter_full_svg_support/test/golden_comparison/golden_comparison_test.dart: Golden Comparison Tests Golden: text_tspan matches browser render             111:59 +3438 ~2 -12: /Users/denisnadey/apps/flutter_full_svg_support/test/golden_comparison/golden_comparison_test.dart: Golden Comparison Tests Golden: text_tspan matches browser render             112:00 +3438 ~2 -12: /Users/denisnadey/apps/flutter_full_svg_support/test/golden_comparison/golden_comparison_test.dart: Golden Comparison Tests Golden: text_tspan matches browser render             112:01 +3438 ~2 -12: /Users/denisnadey/apps/flutter_full_svg_support/test/golden_comparison/golden_comparison_test.dart: Golden Comparison Tests Golden: text_tspan matches browser render             112:02 +3438 ~2 -12: /Users/denisnadey/apps/flutter_full_svg_support/test/golden_comparison/golden_comparison_test.dart: Golden Comparison Tests Golden: text_tspan matches browser render             112:03 +3438 ~2 -12: /Users/denisnadey/apps/flutter_full_svg_support/test/golden_comparison/golden_comparison_test.dart: Golden Comparison Tests Golden: text_tspan matches browser render             112:04 +3438 ~2 -12: /Users/denisnadey/apps/flutter_full_svg_support/test/golden_comparison/golden_comparison_test.dart: Golden Comparison Tests Golden: text_tspan matches browser render             112:05 +3438 ~2 -12: /Users/denisnadey/apps/flutter_full_svg_support/test/golden_comparison/golden_comparison_test.dart: Golden Comparison Tests Golden: text_tspan matches browser render             112:06 +3438 ~2 -12: /Users/denisnadey/apps/flutter_full_svg_support/test/golden_comparison/golden_comparison_test.dart: Golden Comparison Tests Golden: text_tspan matches browser render             112:07 +3438 ~2 -12: /Users/denisnadey/apps/flutter_full_svg_support/test/golden_comparison/golden_comparison_test.dart: Golden Comparison Tests Golden: text_tspan matches browser render             112:08 +3438 ~2 -12: /Users/denisnadey/apps/flutter_full_svg_support/test/golden_comparison/golden_comparison_test.dart: Golden Comparison Tests Golden: text_tspan matches browser render             112:09 +3438 ~2 -12: /Users/denisnadey/apps/flutter_full_svg_support/test/golden_comparison/golden_comparison_test.dart: Golden Comparison Tests Golden: text_tspan matches browser render             112:10 +3438 ~2 -12: /Users/denisnadey/apps/flutter_full_svg_support/test/golden_comparison/golden_comparison_test.dart: Golden Comparison Tests Golden: text_tspan matches browser render             112:11 +3438 ~2 -12: /Users/denisnadey/apps/flutter_full_svg_support/test/golden_comparison/golden_comparison_test.dart: Golden Comparison Tests Golden: text_tspan matches browser render             112:12 +3438 ~2 -12: /Users/denisnadey/apps/flutter_full_svg_support/test/golden_comparison/golden_comparison_test.dart: Golden Comparison Tests Golden: text_tspan matches browser render             112:13 +3438 ~2 -12: /Users/denisnadey/apps/flutter_full_svg_support/test/golden_comparison/golden_comparison_test.dart: Golden Comparison Tests Golden: text_tspan matches browser render             112:14 +3438 ~2 -12: /Users/denisnadey/apps/flutter_full_svg_support/test/golden_comparison/golden_comparison_test.dart: Golden Comparison Tests Golden: text_tspan matches browser render             112:15 +3438 ~2 -12: /Users/denisnadey/apps/flutter_full_svg_support/test/golden_comparison/golden_comparison_test.dart: Golden Comparison Tests Golden: text_tspan matches browser render             112:16 +3438 ~2 -12: /Users/denisnadey/apps/flutter_full_svg_support/test/golden_comparison/golden_comparison_test.dart: Golden Comparison Tests Golden: text_tspan matches browser render             112:17 +3438 ~2 -12: /Users/denisnadey/apps/flutter_full_svg_support/test/golden_comparison/golden_comparison_test.dart: Golden Comparison Tests Golden: text_tspan matches browser render             112:18 +3438 ~2 -12: /Users/denisnadey/apps/flutter_full_svg_support/test/golden_comparison/golden_comparison_test.dart: Golden Comparison Tests Golden: text_tspan matches browser render             112:19 +3438 ~2 -12: /Users/denisnadey/apps/flutter_full_svg_support/test/golden_comparison/golden_comparison_test.dart: Golden Comparison Tests Golden: text_tspan matches browser render             112:20 +3438 ~2 -12: /Users/denisnadey/apps/flutter_full_svg_support/test/golden_comparison/golden_comparison_test.dart: Golden Comparison Tests Golden: text_tspan matches browser render             112:21 +3438 ~2 -12: /Users/denisnadey/apps/flutter_full_svg_support/test/golden_comparison/golden_comparison_test.dart: Golden Comparison Tests Golden: text_tspan matches browser render             112:22 +3438 ~2 -12: /Users/denisnadey/apps/flutter_full_svg_support/test/golden_comparison/golden_comparison_test.dart: Golden Comparison Tests Golden: text_tspan matches browser render             112:23 +3438 ~2 -12: /Users/denisnadey/apps/flutter_full_svg_support/test/golden_comparison/golden_comparison_test.dart: Golden Comparison Tests Golden: text_tspan matches browser render             112:24 +3438 ~2 -12: /Users/denisnadey/apps/flutter_full_svg_support/test/golden_comparison/golden_comparison_test.dart: Golden Comparison Tests Golden: text_tspan matches browser render             112:25 +3438 ~2 -12: /Users/denisnadey/apps/flutter_full_svg_support/test/golden_comparison/golden_comparison_test.dart: Golden Comparison Tests Golden: text_tspan matches browser render             112:26 +3438 ~2 -12: /Users/denisnadey/apps/flutter_full_svg_support/test/golden_comparison/golden_comparison_test.dart: Golden Comparison Tests Golden: text_tspan matches browser render             112:27 +3438 ~2 -12: /Users/denisnadey/apps/flutter_full_svg_support/test/golden_comparison/golden_comparison_test.dart: Golden Comparison Tests Golden: text_tspan matches browser render             112:28 +3438 ~2 -12: /Users/denisnadey/apps/flutter_full_svg_support/test/golden_comparison/golden_comparison_test.dart: Golden Comparison Tests Golden: text_tspan matches browser render             112:29 +3438 ~2 -12: /Users/denisnadey/apps/flutter_full_svg_support/test/golden_comparison/golden_comparison_test.dart: Golden Comparison Tests Golden: text_tspan matches browser render             112:30 +3438 ~2 -12: /Users/denisnadey/apps/flutter_full_svg_support/test/golden_comparison/golden_comparison_test.dart: Golden Comparison Tests Golden: text_tspan matches browser render             112:31 +3438 ~2 -12: /Users/denisnadey/apps/flutter_full_svg_support/test/golden_comparison/golden_comparison_test.dart: Golden Comparison Tests Golden: text_tspan matches browser render             112:32 +3438 ~2 -12: /Users/denisnadey/apps/flutter_full_svg_support/test/golden_comparison/golden_comparison_test.dart: Golden Comparison Tests Golden: text_tspan matches browser render             112:33 +3438 ~2 -12: /Users/denisnadey/apps/flutter_full_svg_support/test/golden_comparison/golden_comparison_test.dart: Golden Comparison Tests Golden: text_tspan matches browser render             112:34 +3438 ~2 -12: /Users/denisnadey/apps/flutter_full_svg_support/test/golden_comparison/golden_comparison_test.dart: Golden Comparison Tests Golden: text_tspan matches browser render             112:35 +3438 ~2 -12: /Users/denisnadey/apps/flutter_full_svg_support/test/golden_comparison/golden_comparison_test.dart: Golden Comparison Tests Golden: text_tspan matches browser render             112:36 +3438 ~2 -12: /Users/denisnadey/apps/flutter_full_svg_support/test/golden_comparison/golden_comparison_test.dart: Golden Comparison Tests Golden: text_tspan matches browser render             112:37 +3438 ~2 -12: /Users/denisnadey/apps/flutter_full_svg_support/test/golden_comparison/golden_comparison_test.dart: Golden Comparison Tests Golden: text_tspan matches browser render             112:38 +3438 ~2 -12: /Users/denisnadey/apps/flutter_full_svg_support/test/golden_comparison/golden_comparison_test.dart: Golden Comparison Tests Golden: text_tspan matches browser render             112:39 +3438 ~2 -12: /Users/denisnadey/apps/flutter_full_svg_support/test/golden_comparison/golden_comparison_test.dart: Golden Comparison Tests Golden: text_tspan matches browser render             112:40 +3438 ~2 -12: /Users/denisnadey/apps/flutter_full_svg_support/test/golden_comparison/golden_comparison_test.dart: Golden Comparison Tests Golden: text_tspan matches browser render             112:41 +3438 ~2 -12: /Users/denisnadey/apps/flutter_full_svg_support/test/golden_comparison/golden_comparison_test.dart: Golden Comparison Tests Golden: text_tspan matches browser render             112:42 +3438 ~2 -12: /Users/denisnadey/apps/flutter_full_svg_support/test/golden_comparison/golden_comparison_test.dart: Golden Comparison Tests Golden: text_tspan matches browser render             112:43 +3438 ~2 -12: /Users/denisnadey/apps/flutter_full_svg_support/test/golden_comparison/golden_comparison_test.dart: Golden Comparison Tests Golden: text_tspan matches browser render             112:44 +3438 ~2 -12: /Users/denisnadey/apps/flutter_full_svg_support/test/golden_comparison/golden_comparison_test.dart: Golden Comparison Tests Golden: text_tspan matches browser render             112:45 +3438 ~2 -12: /Users/denisnadey/apps/flutter_full_svg_support/test/golden_comparison/golden_comparison_test.dart: Golden Comparison Tests Golden: text_tspan matches browser render             112:46 +3438 ~2 -12: /Users/denisnadey/apps/flutter_full_svg_support/test/golden_comparison/golden_comparison_test.dart: Golden Comparison Tests Golden: text_tspan matches browser render             112:47 +3438 ~2 -12: /Users/denisnadey/apps/flutter_full_svg_support/test/golden_comparison/golden_comparison_test.dart: Golden Comparison Tests Golden: text_tspan matches browser render             112:48 +3438 ~2 -12: /Users/denisnadey/apps/flutter_full_svg_support/test/golden_comparison/golden_comparison_test.dart: Golden Comparison Tests Golden: text_tspan matches browser render             112:49 +3438 ~2 -12: /Users/denisnadey/apps/flutter_full_svg_support/test/golden_comparison/golden_comparison_test.dart: Golden Comparison Tests Golden: text_tspan matches browser render             112:50 +3438 ~2 -12: /Users/denisnadey/apps/flutter_full_svg_support/test/golden_comparison/golden_comparison_test.dart: Golden Comparison Tests Golden: text_tspan matches browser render             112:51 +3438 ~2 -12: /Users/denisnadey/apps/flutter_full_svg_support/test/golden_comparison/golden_comparison_test.dart: Golden Comparison Tests Golden: text_tspan matches browser render             112:52 +3438 ~2 -12: /Users/denisnadey/apps/flutter_full_svg_support/test/golden_comparison/golden_comparison_test.dart: Golden Comparison Tests Golden: text_tspan matches browser render             112:53 +3438 ~2 -12: /Users/denisnadey/apps/flutter_full_svg_support/test/golden_comparison/golden_comparison_test.dart: Golden Comparison Tests Golden: text_tspan matches browser render             112:54 +3438 ~2 -12: /Users/denisnadey/apps/flutter_full_svg_support/test/golden_comparison/golden_comparison_test.dart: Golden Comparison Tests Golden: text_tspan matches browser render             112:55 +3438 ~2 -12: /Users/denisnadey/apps/flutter_full_svg_support/test/golden_comparison/golden_comparison_test.dart: Golden Comparison Tests Golden: text_tspan matches browser render             112:56 +3438 ~2 -12: /Users/denisnadey/apps/flutter_full_svg_support/test/golden_comparison/golden_comparison_test.dart: Golden Comparison Tests Golden: text_tspan matches browser render             112:57 +3438 ~2 -12: /Users/denisnadey/apps/flutter_full_svg_support/test/golden_comparison/golden_comparison_test.dart: Golden Comparison Tests Golden: text_tspan matches browser render             112:58 +3438 ~2 -12: /Users/denisnadey/apps/flutter_full_svg_support/test/golden_comparison/golden_comparison_test.dart: Golden Comparison Tests Golden: text_tspan matches browser render             112:59 +3438 ~2 -12: /Users/denisnadey/apps/flutter_full_svg_support/test/golden_comparison/golden_comparison_test.dart: Golden Comparison Tests Golden: text_tspan matches browser render             113:00 +3438 ~2 -12: /Users/denisnadey/apps/flutter_full_svg_support/test/golden_comparison/golden_comparison_test.dart: Golden Comparison Tests Golden: text_tspan matches browser render             113:01 +3438 ~2 -12: /Users/denisnadey/apps/flutter_full_svg_support/test/golden_comparison/golden_comparison_test.dart: Golden Comparison Tests Golden: text_tspan matches browser render             113:02 +3438 ~2 -12: /Users/denisnadey/apps/flutter_full_svg_support/test/golden_comparison/golden_comparison_test.dart: Golden Comparison Tests Golden: text_tspan matches browser render             113:03 +3438 ~2 -12: /Users/denisnadey/apps/flutter_full_svg_support/test/golden_comparison/golden_comparison_test.dart: Golden Comparison Tests Golden: text_tspan matches browser render             113:04 +3438 ~2 -12: /Users/denisnadey/apps/flutter_full_svg_support/test/golden_comparison/golden_comparison_test.dart: Golden Comparison Tests Golden: text_tspan matches browser render             113:05 +3438 ~2 -12: /Users/denisnadey/apps/flutter_full_svg_support/test/golden_comparison/golden_comparison_test.dart: Golden Comparison Tests Golden: text_tspan matches browser render             113:06 +3438 ~2 -12: /Users/denisnadey/apps/flutter_full_svg_support/test/golden_comparison/golden_comparison_test.dart: Golden Comparison Tests Golden: text_tspan matches browser render             113:07 +3438 ~2 -12: /Users/denisnadey/apps/flutter_full_svg_support/test/golden_comparison/golden_comparison_test.dart: Golden Comparison Tests Golden: text_tspan matches browser render             113:08 +3438 ~2 -12: /Users/denisnadey/apps/flutter_full_svg_support/test/golden_comparison/golden_comparison_test.dart: Golden Comparison Tests Golden: text_tspan matches browser render             113:09 +3438 ~2 -12: /Users/denisnadey/apps/flutter_full_svg_support/test/golden_comparison/golden_comparison_test.dart: Golden Comparison Tests Golden: text_tspan matches browser render             113:10 +3438 ~2 -12: /Users/denisnadey/apps/flutter_full_svg_support/test/golden_comparison/golden_comparison_test.dart: Golden Comparison Tests Golden: text_tspan matches browser render             113:11 +3438 ~2 -12: /Users/denisnadey/apps/flutter_full_svg_support/test/golden_comparison/golden_comparison_test.dart: Golden Comparison Tests Golden: text_tspan matches browser render             113:12 +3438 ~2 -12: /Users/denisnadey/apps/flutter_full_svg_support/test/golden_comparison/golden_comparison_test.dart: Golden Comparison Tests Golden: text_tspan matches browser render             113:13 +3438 ~2 -12: /Users/denisnadey/apps/flutter_full_svg_support/test/golden_comparison/golden_comparison_test.dart: Golden Comparison Tests Golden: text_tspan matches browser render             113:14 +3438 ~2 -12: /Users/denisnadey/apps/flutter_full_svg_support/test/golden_comparison/golden_comparison_test.dart: Golden Comparison Tests Golden: text_tspan matches browser render             113:15 +3438 ~2 -12: /Users/denisnadey/apps/flutter_full_svg_support/test/golden_comparison/golden_comparison_test.dart: Golden Comparison Tests Golden: text_tspan matches browser render             113:16 +3438 ~2 -12: /Users/denisnadey/apps/flutter_full_svg_support/test/golden_comparison/golden_comparison_test.dart: Golden Comparison Tests Golden: text_tspan matches browser render             113:17 +3438 ~2 -12: /Users/denisnadey/apps/flutter_full_svg_support/test/golden_comparison/golden_comparison_test.dart: Golden Comparison Tests Golden: text_tspan matches browser render             113:18 +3438 ~2 -12: /Users/denisnadey/apps/flutter_full_svg_support/test/golden_comparison/golden_comparison_test.dart: Golden Comparison Tests Golden: text_tspan matches browser render             113:19 +3438 ~2 -12: /Users/denisnadey/apps/flutter_full_svg_support/test/golden_comparison/golden_comparison_test.dart: Golden Comparison Tests Golden: text_tspan matches browser render             113:20 +3438 ~2 -12: /Users/denisnadey/apps/flutter_full_svg_support/test/golden_comparison/golden_comparison_test.dart: Golden Comparison Tests Golden: text_tspan matches browser render             113:21 +3438 ~2 -12: /Users/denisnadey/apps/flutter_full_svg_support/test/golden_comparison/golden_comparison_test.dart: Golden Comparison Tests Golden: text_tspan matches browser render             113:22 +3438 ~2 -12: /Users/denisnadey/apps/flutter_full_svg_support/test/golden_comparison/golden_comparison_test.dart: Golden Comparison Tests Golden: text_tspan matches browser render             113:23 +3438 ~2 -12: /Users/denisnadey/apps/flutter_full_svg_support/test/golden_comparison/golden_comparison_test.dart: Golden Comparison Tests Golden: text_tspan matches browser render             113:24 +3438 ~2 -12: /Users/denisnadey/apps/flutter_full_svg_support/test/golden_comparison/golden_comparison_test.dart: Golden Comparison Tests Golden: text_tspan matches browser render             113:25 +3438 ~2 -12: /Users/denisnadey/apps/flutter_full_svg_support/test/golden_comparison/golden_comparison_test.dart: Golden Comparison Tests Golden: text_tspan matches browser render             113:26 +3438 ~2 -12: /Users/denisnadey/apps/flutter_full_svg_support/test/golden_comparison/golden_comparison_test.dart: Golden Comparison Tests Golden: text_tspan matches browser render             113:27 +3438 ~2 -12: /Users/denisnadey/apps/flutter_full_svg_support/test/golden_comparison/golden_comparison_test.dart: Golden Comparison Tests Golden: text_tspan matches browser render             113:28 +3438 ~2 -12: /Users/denisnadey/apps/flutter_full_svg_support/test/golden_comparison/golden_comparison_test.dart: Golden Comparison Tests Golden: text_tspan matches browser render             113:29 +3438 ~2 -12: /Users/denisnadey/apps/flutter_full_svg_support/test/golden_comparison/golden_comparison_test.dart: Golden Comparison Tests Golden: text_tspan matches browser render             113:30 +3438 ~2 -12: /Users/denisnadey/apps/flutter_full_svg_support/test/golden_comparison/golden_comparison_test.dart: Golden Comparison Tests Golden: text_tspan matches browser render             113:31 +3438 ~2 -12: /Users/denisnadey/apps/flutter_full_svg_support/test/golden_comparison/golden_comparison_test.dart: Golden Comparison Tests Golden: text_tspan matches browser render             113:32 +3438 ~2 -12: /Users/denisnadey/apps/flutter_full_svg_support/test/golden_comparison/golden_comparison_test.dart: Golden Comparison Tests Golden: text_tspan matches browser render             113:33 +3438 ~2 -12: /Users/denisnadey/apps/flutter_full_svg_support/test/golden_comparison/golden_comparison_test.dart: Golden Comparison Tests Golden: text_tspan matches browser render             113:34 +3438 ~2 -12: /Users/denisnadey/apps/flutter_full_svg_support/test/golden_comparison/golden_comparison_test.dart: Golden Comparison Tests Golden: text_tspan matches browser render             113:35 +3438 ~2 -12: /Users/denisnadey/apps/flutter_full_svg_support/test/golden_comparison/golden_comparison_test.dart: Golden Comparison Tests Golden: text_tspan matches browser render             113:36 +3438 ~2 -12: /Users/denisnadey/apps/flutter_full_svg_support/test/golden_comparison/golden_comparison_test.dart: Golden Comparison Tests Golden: text_tspan matches browser render             113:37 +3438 ~2 -12: /Users/denisnadey/apps/flutter_full_svg_support/test/golden_comparison/golden_comparison_test.dart: Golden Comparison Tests Golden: text_tspan matches browser render             113:38 +3438 ~2 -12: /Users/denisnadey/apps/flutter_full_svg_support/test/golden_comparison/golden_comparison_test.dart: Golden Comparison Tests Golden: text_tspan matches browser render             113:39 +3438 ~2 -12: /Users/denisnadey/apps/flutter_full_svg_support/test/golden_comparison/golden_comparison_test.dart: Golden Comparison Tests Golden: text_tspan matches browser render             113:40 +3438 ~2 -12: /Users/denisnadey/apps/flutter_full_svg_support/test/golden_comparison/golden_comparison_test.dart: Golden Comparison Tests Golden: text_tspan matches browser render             113:41 +3438 ~2 -12: /Users/denisnadey/apps/flutter_full_svg_support/test/golden_comparison/golden_comparison_test.dart: Golden Comparison Tests Golden: text_tspan matches browser render             113:42 +3438 ~2 -12: /Users/denisnadey/apps/flutter_full_svg_support/test/golden_comparison/golden_comparison_test.dart: Golden Comparison Tests Golden: text_tspan matches browser render             113:43 +3438 ~2 -12: /Users/denisnadey/apps/flutter_full_svg_support/test/golden_comparison/golden_comparison_test.dart: Golden Comparison Tests Golden: text_tspan matches browser render             113:44 +3438 ~2 -12: /Users/denisnadey/apps/flutter_full_svg_support/test/golden_comparison/golden_comparison_test.dart: Golden Comparison Tests Golden: text_tspan matches browser render             113:45 +3438 ~2 -12: /Users/denisnadey/apps/flutter_full_svg_support/test/golden_comparison/golden_comparison_test.dart: Golden Comparison Tests Golden: text_tspan matches browser render             113:46 +3438 ~2 -12: /Users/denisnadey/apps/flutter_full_svg_support/test/golden_comparison/golden_comparison_test.dart: Golden Comparison Tests Golden: text_tspan matches browser render             113:47 +3438 ~2 -12: /Users/denisnadey/apps/flutter_full_svg_support/test/golden_comparison/golden_comparison_test.dart: Golden Comparison Tests Golden: text_tspan matches browser render             113:48 +3438 ~2 -12: /Users/denisnadey/apps/flutter_full_svg_support/test/golden_comparison/golden_comparison_test.dart: Golden Comparison Tests Golden: text_tspan matches browser render             113:49 +3438 ~2 -12: /Users/denisnadey/apps/flutter_full_svg_support/test/golden_comparison/golden_comparison_test.dart: Golden Comparison Tests Golden: text_tspan matches browser render             113:50 +3438 ~2 -12: /Users/denisnadey/apps/flutter_full_svg_support/test/golden_comparison/golden_comparison_test.dart: Golden Comparison Tests Golden: text_tspan matches browser render             113:51 +3438 ~2 -12: /Users/denisnadey/apps/flutter_full_svg_support/test/golden_comparison/golden_comparison_test.dart: Golden Comparison Tests Golden: text_tspan matches browser render             113:52 +3438 ~2 -12: /Users/denisnadey/apps/flutter_full_svg_support/test/golden_comparison/golden_comparison_test.dart: Golden Comparison Tests Golden: text_tspan matches browser render             113:53 +3438 ~2 -12: /Users/denisnadey/apps/flutter_full_svg_support/test/golden_comparison/golden_comparison_test.dart: Golden Comparison Tests Golden: text_tspan matches browser render             113:54 +3438 ~2 -12: /Users/denisnadey/apps/flutter_full_svg_support/test/golden_comparison/golden_comparison_test.dart: Golden Comparison Tests Golden: text_tspan matches browser render             113:55 +3438 ~2 -12: /Users/denisnadey/apps/flutter_full_svg_support/test/golden_comparison/golden_comparison_test.dart: Golden Comparison Tests Golden: text_tspan matches browser render             113:56 +3438 ~2 -12: /Users/denisnadey/apps/flutter_full_svg_support/test/golden_comparison/golden_comparison_test.dart: Golden Comparison Tests Golden: text_tspan matches browser render             113:57 +3438 ~2 -12: /Users/denisnadey/apps/flutter_full_svg_support/test/golden_comparison/golden_comparison_test.dart: Golden Comparison Tests Golden: text_tspan matches browser render             113:58 +3438 ~2 -12: /Users/denisnadey/apps/flutter_full_svg_support/test/golden_comparison/golden_comparison_test.dart: Golden Comparison Tests Golden: text_tspan matches browser render             113:59 +3438 ~2 -12: /Users/denisnadey/apps/flutter_full_svg_support/test/golden_comparison/golden_comparison_test.dart: Golden Comparison Tests Golden: text_tspan matches browser render             114:00 +3438 ~2 -12: /Users/denisnadey/apps/flutter_full_svg_support/test/golden_comparison/golden_comparison_test.dart: Golden Comparison Tests Golden: text_tspan matches browser render             114:01 +3438 ~2 -12: /Users/denisnadey/apps/flutter_full_svg_support/test/golden_comparison/golden_comparison_test.dart: Golden Comparison Tests Golden: text_tspan matches browser render             114:02 +3438 ~2 -12: /Users/denisnadey/apps/flutter_full_svg_support/test/golden_comparison/golden_comparison_test.dart: Golden Comparison Tests Golden: text_tspan matches browser render             114:03 +3438 ~2 -12: /Users/denisnadey/apps/flutter_full_svg_support/test/golden_comparison/golden_comparison_test.dart: Golden Comparison Tests Golden: text_tspan matches browser render             114:04 +3438 ~2 -12: /Users/denisnadey/apps/flutter_full_svg_support/test/golden_comparison/golden_comparison_test.dart: Golden Comparison Tests Golden: text_tspan matches browser render             114:05 +3438 ~2 -12: /Users/denisnadey/apps/flutter_full_svg_support/test/golden_comparison/golden_comparison_test.dart: Golden Comparison Tests Golden: text_tspan matches browser render             114:06 +3438 ~2 -12: /Users/denisnadey/apps/flutter_full_svg_support/test/golden_comparison/golden_comparison_test.dart: Golden Comparison Tests Golden: text_tspan matches browser render             114:07 +3438 ~2 -12: /Users/denisnadey/apps/flutter_full_svg_support/test/golden_comparison/golden_comparison_test.dart: Golden Comparison Tests Golden: text_tspan matches browser render             114:08 +3438 ~2 -12: /Users/denisnadey/apps/flutter_full_svg_support/test/golden_comparison/golden_comparison_test.dart: Golden Comparison Tests Golden: text_tspan matches browser render             114:09 +3438 ~2 -12: /Users/denisnadey/apps/flutter_full_svg_support/test/golden_comparison/golden_comparison_test.dart: Golden Comparison Tests Golden: text_tspan matches browser render             114:10 +3438 ~2 -12: /Users/denisnadey/apps/flutter_full_svg_support/test/golden_comparison/golden_comparison_test.dart: Golden Comparison Tests Golden: text_tspan matches browser render             114:11 +3438 ~2 -12: /Users/denisnadey/apps/flutter_full_svg_support/test/golden_comparison/golden_comparison_test.dart: Golden Comparison Tests Golden: text_tspan matches browser render             114:12 +3438 ~2 -12: /Users/denisnadey/apps/flutter_full_svg_support/test/golden_comparison/golden_comparison_test.dart: Golden Comparison Tests Golden: text_tspan matches browser render             114:13 +3438 ~2 -12: /Users/denisnadey/apps/flutter_full_svg_support/test/golden_comparison/golden_comparison_test.dart: Golden Comparison Tests Golden: text_tspan matches browser render             114:14 +3438 ~2 -12: /Users/denisnadey/apps/flutter_full_svg_support/test/golden_comparison/golden_comparison_test.dart: Golden Comparison Tests Golden: text_tspan matches browser render             114:15 +3438 ~2 -12: /Users/denisnadey/apps/flutter_full_svg_support/test/golden_comparison/golden_comparison_test.dart: Golden Comparison Tests Golden: text_tspan matches browser render             114:16 +3438 ~2 -12: /Users/denisnadey/apps/flutter_full_svg_support/test/golden_comparison/golden_comparison_test.dart: Golden Comparison Tests Golden: text_tspan matches browser render             114:17 +3438 ~2 -12: /Users/denisnadey/apps/flutter_full_svg_support/test/golden_comparison/golden_comparison_test.dart: Golden Comparison Tests Golden: text_tspan matches browser render             114:18 +3438 ~2 -12: /Users/denisnadey/apps/flutter_full_svg_support/test/golden_comparison/golden_comparison_test.dart: Golden Comparison Tests Golden: text_tspan matches browser render             114:19 +3438 ~2 -12: /Users/denisnadey/apps/flutter_full_svg_support/test/golden_comparison/golden_comparison_test.dart: Golden Comparison Tests Golden: text_tspan matches browser render             114:20 +3438 ~2 -12: /Users/denisnadey/apps/flutter_full_svg_support/test/golden_comparison/golden_comparison_test.dart: Golden Comparison Tests Golden: text_tspan matches browser render             114:21 +3438 ~2 -12: /Users/denisnadey/apps/flutter_full_svg_support/test/golden_comparison/golden_comparison_test.dart: Golden Comparison Tests Golden: text_tspan matches browser render             114:22 +3438 ~2 -12: /Users/denisnadey/apps/flutter_full_svg_support/test/golden_comparison/golden_comparison_test.dart: Golden Comparison Tests Golden: text_tspan matches browser render             114:23 +3438 ~2 -12: /Users/denisnadey/apps/flutter_full_svg_support/test/golden_comparison/golden_comparison_test.dart: Golden Comparison Tests Golden: text_tspan matches browser render             114:24 +3438 ~2 -12: /Users/denisnadey/apps/flutter_full_svg_support/test/golden_comparison/golden_comparison_test.dart: Golden Comparison Tests Golden: text_tspan matches browser render             114:25 +3438 ~2 -12: /Users/denisnadey/apps/flutter_full_svg_support/test/golden_comparison/golden_comparison_test.dart: Golden Comparison Tests Golden: text_tspan matches browser render             114:26 +3438 ~2 -12: /Users/denisnadey/apps/flutter_full_svg_support/test/golden_comparison/golden_comparison_test.dart: Golden Comparison Tests Golden: text_tspan matches browser render             114:27 +3438 ~2 -12: /Users/denisnadey/apps/flutter_full_svg_support/test/golden_comparison/golden_comparison_test.dart: Golden Comparison Tests Golden: text_tspan matches browser render             114:28 +3438 ~2 -12: /Users/denisnadey/apps/flutter_full_svg_support/test/golden_comparison/golden_comparison_test.dart: Golden Comparison Tests Golden: text_tspan matches browser render             114:29 +3438 ~2 -12: /Users/denisnadey/apps/flutter_full_svg_support/test/golden_comparison/golden_comparison_test.dart: Golden Comparison Tests Golden: text_tspan matches browser render             114:30 +3438 ~2 -12: /Users/denisnadey/apps/flutter_full_svg_support/test/golden_comparison/golden_comparison_test.dart: Golden Comparison Tests Golden: text_tspan matches browser render             114:31 +3438 ~2 -12: /Users/denisnadey/apps/flutter_full_svg_support/test/golden_comparison/golden_comparison_test.dart: Golden Comparison Tests Golden: text_tspan matches browser render             114:32 +3438 ~2 -12: /Users/denisnadey/apps/flutter_full_svg_support/test/golden_comparison/golden_comparison_test.dart: Golden Comparison Tests Golden: text_tspan matches browser render             114:33 +3438 ~2 -12: /Users/denisnadey/apps/flutter_full_svg_support/test/golden_comparison/golden_comparison_test.dart: Golden Comparison Tests Golden: text_tspan matches browser render             114:34 +3438 ~2 -12: /Users/denisnadey/apps/flutter_full_svg_support/test/golden_comparison/golden_comparison_test.dart: Golden Comparison Tests Golden: text_tspan matches browser render             114:35 +3438 ~2 -12: /Users/denisnadey/apps/flutter_full_svg_support/test/golden_comparison/golden_comparison_test.dart: Golden Comparison Tests Golden: text_tspan matches browser render             114:36 +3438 ~2 -12: /Users/denisnadey/apps/flutter_full_svg_support/test/golden_comparison/golden_comparison_test.dart: Golden Comparison Tests Golden: text_tspan matches browser render             114:37 +3438 ~2 -12: /Users/denisnadey/apps/flutter_full_svg_support/test/golden_comparison/golden_comparison_test.dart: Golden Comparison Tests Golden: text_tspan matches browser render             114:38 +3438 ~2 -12: /Users/denisnadey/apps/flutter_full_svg_support/test/golden_comparison/golden_comparison_test.dart: Golden Comparison Tests Golden: text_tspan matches browser render             114:39 +3438 ~2 -12: /Users/denisnadey/apps/flutter_full_svg_support/test/golden_comparison/golden_comparison_test.dart: Golden Comparison Tests Golden: text_tspan matches browser render             114:40 +3438 ~2 -12: /Users/denisnadey/apps/flutter_full_svg_support/test/golden_comparison/golden_comparison_test.dart: Golden Comparison Tests Golden: text_tspan matches browser render             114:41 +3438 ~2 -12: /Users/denisnadey/apps/flutter_full_svg_support/test/golden_comparison/golden_comparison_test.dart: Golden Comparison Tests Golden: text_tspan matches browser render             114:42 +3438 ~2 -12: /Users/denisnadey/apps/flutter_full_svg_support/test/golden_comparison/golden_comparison_test.dart: Golden Comparison Tests Golden: text_tspan matches browser render             114:43 +3438 ~2 -12: /Users/denisnadey/apps/flutter_full_svg_support/test/golden_comparison/golden_comparison_test.dart: Golden Comparison Tests Golden: text_tspan matches browser render             114:44 +3438 ~2 -12: /Users/denisnadey/apps/flutter_full_svg_support/test/golden_comparison/golden_comparison_test.dart: Golden Comparison Tests Golden: text_tspan matches browser render             114:45 +3438 ~2 -12: /Users/denisnadey/apps/flutter_full_svg_support/test/golden_comparison/golden_comparison_test.dart: Golden Comparison Tests Golden: text_tspan matches browser render             114:46 +3438 ~2 -12: /Users/denisnadey/apps/flutter_full_svg_support/test/golden_comparison/golden_comparison_test.dart: Golden Comparison Tests Golden: text_tspan matches browser render             114:47 +3438 ~2 -12: /Users/denisnadey/apps/flutter_full_svg_support/test/golden_comparison/golden_comparison_test.dart: Golden Comparison Tests Golden: text_tspan matches browser render             114:48 +3438 ~2 -12: /Users/denisnadey/apps/flutter_full_svg_support/test/golden_comparison/golden_comparison_test.dart: Golden Comparison Tests Golden: text_tspan matches browser render             114:49 +3438 ~2 -12: /Users/denisnadey/apps/flutter_full_svg_support/test/golden_comparison/golden_comparison_test.dart: Golden Comparison Tests Golden: text_tspan matches browser render             114:50 +3438 ~2 -12: /Users/denisnadey/apps/flutter_full_svg_support/test/golden_comparison/golden_comparison_test.dart: Golden Comparison Tests Golden: text_tspan matches browser render             114:51 +3438 ~2 -12: /Users/denisnadey/apps/flutter_full_svg_support/test/golden_comparison/golden_comparison_test.dart: Golden Comparison Tests Golden: text_tspan matches browser render             114:52 +3438 ~2 -12: /Users/denisnadey/apps/flutter_full_svg_support/test/golden_comparison/golden_comparison_test.dart: Golden Comparison Tests Golden: text_tspan matches browser render             114:53 +3438 ~2 -12: /Users/denisnadey/apps/flutter_full_svg_support/test/golden_comparison/golden_comparison_test.dart: Golden Comparison Tests Golden: text_tspan matches browser render             114:54 +3438 ~2 -12: /Users/denisnadey/apps/flutter_full_svg_support/test/golden_comparison/golden_comparison_test.dart: Golden Comparison Tests Golden: text_tspan matches browser render             114:55 +3438 ~2 -12: /Users/denisnadey/apps/flutter_full_svg_support/test/golden_comparison/golden_comparison_test.dart: Golden Comparison Tests Golden: text_tspan matches browser render             114:56 +3438 ~2 -12: /Users/denisnadey/apps/flutter_full_svg_support/test/golden_comparison/golden_comparison_test.dart: Golden Comparison Tests Golden: text_tspan matches browser render             114:57 +3438 ~2 -12: /Users/denisnadey/apps/flutter_full_svg_support/test/golden_comparison/golden_comparison_test.dart: Golden Comparison Tests Golden: text_tspan matches browser render             114:58 +3438 ~2 -12: /Users/denisnadey/apps/flutter_full_svg_support/test/golden_comparison/golden_comparison_test.dart: Golden Comparison Tests Golden: text_tspan matches browser render             114:59 +3438 ~2 -12: /Users/denisnadey/apps/flutter_full_svg_support/test/golden_comparison/golden_comparison_test.dart: Golden Comparison Tests Golden: text_tspan matches browser render             115:00 +3438 ~2 -12: /Users/denisnadey/apps/flutter_full_svg_support/test/golden_comparison/golden_comparison_test.dart: Golden Comparison Tests Golden: text_tspan matches browser render             115:01 +3438 ~2 -12: /Users/denisnadey/apps/flutter_full_svg_support/test/golden_comparison/golden_comparison_test.dart: Golden Comparison Tests Golden: text_tspan matches browser render             115:02 +3438 ~2 -12: /Users/denisnadey/apps/flutter_full_svg_support/test/golden_comparison/golden_comparison_test.dart: Golden Comparison Tests Golden: text_tspan matches browser render             115:03 +3438 ~2 -12: /Users/denisnadey/apps/flutter_full_svg_support/test/golden_comparison/golden_comparison_test.dart: Golden Comparison Tests Golden: text_tspan matches browser render             115:04 +3438 ~2 -12: /Users/denisnadey/apps/flutter_full_svg_support/test/golden_comparison/golden_comparison_test.dart: Golden Comparison Tests Golden: text_tspan matches browser render             115:05 +3438 ~2 -12: /Users/denisnadey/apps/flutter_full_svg_support/test/golden_comparison/golden_comparison_test.dart: Golden Comparison Tests Golden: text_tspan matches browser render             115:06 +3438 ~2 -12: /Users/denisnadey/apps/flutter_full_svg_support/test/golden_comparison/golden_comparison_test.dart: Golden Comparison Tests Golden: text_tspan matches browser render             115:07 +3438 ~2 -12: /Users/denisnadey/apps/flutter_full_svg_support/test/golden_comparison/golden_comparison_test.dart: Golden Comparison Tests Golden: text_tspan matches browser render             115:08 +3438 ~2 -12: /Users/denisnadey/apps/flutter_full_svg_support/test/golden_comparison/golden_comparison_test.dart: Golden Comparison Tests Golden: text_tspan matches browser render             115:09 +3438 ~2 -12: /Users/denisnadey/apps/flutter_full_svg_support/test/golden_comparison/golden_comparison_test.dart: Golden Comparison Tests Golden: text_tspan matches browser render             115:10 +3438 ~2 -12: /Users/denisnadey/apps/flutter_full_svg_support/test/golden_comparison/golden_comparison_test.dart: Golden Comparison Tests Golden: text_tspan matches browser render             115:11 +3438 ~2 -12: /Users/denisnadey/apps/flutter_full_svg_support/test/golden_comparison/golden_comparison_test.dart: Golden Comparison Tests Golden: text_tspan matches browser render             115:12 +3438 ~2 -12: /Users/denisnadey/apps/flutter_full_svg_support/test/golden_comparison/golden_comparison_test.dart: Golden Comparison Tests Golden: text_tspan matches browser render             115:13 +3438 ~2 -12: /Users/denisnadey/apps/flutter_full_svg_support/test/golden_comparison/golden_comparison_test.dart: Golden Comparison Tests Golden: text_tspan matches browser render             115:14 +3438 ~2 -12: /Users/denisnadey/apps/flutter_full_svg_support/test/golden_comparison/golden_comparison_test.dart: Golden Comparison Tests Golden: text_tspan matches browser render             115:15 +3438 ~2 -12: /Users/denisnadey/apps/flutter_full_svg_support/test/golden_comparison/golden_comparison_test.dart: Golden Comparison Tests Golden: text_tspan matches browser render             115:16 +3438 ~2 -12: /Users/denisnadey/apps/flutter_full_svg_support/test/golden_comparison/golden_comparison_test.dart: Golden Comparison Tests Golden: text_tspan matches browser render             115:17 +3438 ~2 -12: /Users/denisnadey/apps/flutter_full_svg_support/test/golden_comparison/golden_comparison_test.dart: Golden Comparison Tests Golden: text_tspan matches browser render             115:18 +3438 ~2 -12: /Users/denisnadey/apps/flutter_full_svg_support/test/golden_comparison/golden_comparison_test.dart: Golden Comparison Tests Golden: text_tspan matches browser render             115:19 +3438 ~2 -12: /Users/denisnadey/apps/flutter_full_svg_support/test/golden_comparison/golden_comparison_test.dart: Golden Comparison Tests Golden: text_tspan matches browser render             115:20 +3438 ~2 -12: /Users/denisnadey/apps/flutter_full_svg_support/test/golden_comparison/golden_comparison_test.dart: Golden Comparison Tests Golden: text_tspan matches browser render             115:21 +3438 ~2 -12: /Users/denisnadey/apps/flutter_full_svg_support/test/golden_comparison/golden_comparison_test.dart: Golden Comparison Tests Golden: text_tspan matches browser render             115:22 +3438 ~2 -12: /Users/denisnadey/apps/flutter_full_svg_support/test/golden_comparison/golden_comparison_test.dart: Golden Comparison Tests Golden: text_tspan matches browser render             115:23 +3438 ~2 -12: /Users/denisnadey/apps/flutter_full_svg_support/test/golden_comparison/golden_comparison_test.dart: Golden Comparison Tests Golden: text_tspan matches browser render             115:24 +3438 ~2 -12: /Users/denisnadey/apps/flutter_full_svg_support/test/golden_comparison/golden_comparison_test.dart: Golden Comparison Tests Golden: text_tspan matches browser render             115:25 +3438 ~2 -12: /Users/denisnadey/apps/flutter_full_svg_support/test/golden_comparison/golden_comparison_test.dart: Golden Comparison Tests Golden: text_tspan matches browser render             115:26 +3438 ~2 -12: /Users/denisnadey/apps/flutter_full_svg_support/test/golden_comparison/golden_comparison_test.dart: Golden Comparison Tests Golden: text_tspan matches browser render             115:27 +3438 ~2 -12: /Users/denisnadey/apps/flutter_full_svg_support/test/golden_comparison/golden_comparison_test.dart: Golden Comparison Tests Golden: text_tspan matches browser render             115:28 +3438 ~2 -12: /Users/denisnadey/apps/flutter_full_svg_support/test/golden_comparison/golden_comparison_test.dart: Golden Comparison Tests Golden: text_tspan matches browser render             115:29 +3438 ~2 -12: /Users/denisnadey/apps/flutter_full_svg_support/test/golden_comparison/golden_comparison_test.dart: Golden Comparison Tests Golden: text_tspan matches browser render             115:30 +3438 ~2 -12: /Users/denisnadey/apps/flutter_full_svg_support/test/golden_comparison/golden_comparison_test.dart: Golden Comparison Tests Golden: text_tspan matches browser render             115:31 +3438 ~2 -12: /Users/denisnadey/apps/flutter_full_svg_support/test/golden_comparison/golden_comparison_test.dart: Golden Comparison Tests Golden: text_tspan matches browser render             115:32 +3438 ~2 -12: /Users/denisnadey/apps/flutter_full_svg_support/test/golden_comparison/golden_comparison_test.dart: Golden Comparison Tests Golden: text_tspan matches browser render             115:33 +3438 ~2 -12: /Users/denisnadey/apps/flutter_full_svg_support/test/golden_comparison/golden_comparison_test.dart: Golden Comparison Tests Golden: text_tspan matches browser render             115:34 +3438 ~2 -12: /Users/denisnadey/apps/flutter_full_svg_support/test/golden_comparison/golden_comparison_test.dart: Golden Comparison Tests Golden: text_tspan matches browser render             115:35 +3438 ~2 -12: /Users/denisnadey/apps/flutter_full_svg_support/test/golden_comparison/golden_comparison_test.dart: Golden Comparison Tests Golden: text_tspan matches browser render             115:36 +3438 ~2 -12: /Users/denisnadey/apps/flutter_full_svg_support/test/golden_comparison/golden_comparison_test.dart: Golden Comparison Tests Golden: text_tspan matches browser render             115:37 +3438 ~2 -12: /Users/denisnadey/apps/flutter_full_svg_support/test/golden_comparison/golden_comparison_test.dart: Golden Comparison Tests Golden: text_tspan matches browser render             115:38 +3438 ~2 -12: /Users/denisnadey/apps/flutter_full_svg_support/test/golden_comparison/golden_comparison_test.dart: Golden Comparison Tests Golden: text_tspan matches browser render             115:39 +3438 ~2 -12: /Users/denisnadey/apps/flutter_full_svg_support/test/golden_comparison/golden_comparison_test.dart: Golden Comparison Tests Golden: text_tspan matches browser render             115:40 +3438 ~2 -12: /Users/denisnadey/apps/flutter_full_svg_support/test/golden_comparison/golden_comparison_test.dart: Golden Comparison Tests Golden: text_tspan matches browser render             115:41 +3438 ~2 -12: /Users/denisnadey/apps/flutter_full_svg_support/test/golden_comparison/golden_comparison_test.dart: Golden Comparison Tests Golden: text_tspan matches browser render             115:42 +3438 ~2 -12: /Users/denisnadey/apps/flutter_full_svg_support/test/golden_comparison/golden_comparison_test.dart: Golden Comparison Tests Golden: text_tspan matches browser render             115:43 +3438 ~2 -12: /Users/denisnadey/apps/flutter_full_svg_support/test/golden_comparison/golden_comparison_test.dart: Golden Comparison Tests Golden: text_tspan matches browser render             115:44 +3438 ~2 -12: /Users/denisnadey/apps/flutter_full_svg_support/test/golden_comparison/golden_comparison_test.dart: Golden Comparison Tests Golden: text_tspan matches browser render             115:45 +3438 ~2 -12: /Users/denisnadey/apps/flutter_full_svg_support/test/golden_comparison/golden_comparison_test.dart: Golden Comparison Tests Golden: text_tspan matches browser render             115:46 +3438 ~2 -12: /Users/denisnadey/apps/flutter_full_svg_support/test/golden_comparison/golden_comparison_test.dart: Golden Comparison Tests Golden: text_tspan matches browser render             115:47 +3438 ~2 -12: /Users/denisnadey/apps/flutter_full_svg_support/test/golden_comparison/golden_comparison_test.dart: Golden Comparison Tests Golden: text_tspan matches browser render             115:48 +3438 ~2 -12: /Users/denisnadey/apps/flutter_full_svg_support/test/golden_comparison/golden_comparison_test.dart: Golden Comparison Tests Golden: text_tspan matches browser render             115:49 +3438 ~2 -12: /Users/denisnadey/apps/flutter_full_svg_support/test/golden_comparison/golden_comparison_test.dart: Golden Comparison Tests Golden: text_tspan matches browser render             115:50 +3438 ~2 -12: /Users/denisnadey/apps/flutter_full_svg_support/test/golden_comparison/golden_comparison_test.dart: Golden Comparison Tests Golden: text_tspan matches browser render             115:51 +3438 ~2 -12: /Users/denisnadey/apps/flutter_full_svg_support/test/golden_comparison/golden_comparison_test.dart: Golden Comparison Tests Golden: text_tspan matches browser render             115:52 +3438 ~2 -12: /Users/denisnadey/apps/flutter_full_svg_support/test/golden_comparison/golden_comparison_test.dart: Golden Comparison Tests Golden: text_tspan matches browser render             115:53 +3438 ~2 -12: /Users/denisnadey/apps/flutter_full_svg_support/test/golden_comparison/golden_comparison_test.dart: Golden Comparison Tests Golden: text_tspan matches browser render             115:54 +3438 ~2 -12: /Users/denisnadey/apps/flutter_full_svg_support/test/golden_comparison/golden_comparison_test.dart: Golden Comparison Tests Golden: text_tspan matches browser render             115:55 +3438 ~2 -12: /Users/denisnadey/apps/flutter_full_svg_support/test/golden_comparison/golden_comparison_test.dart: Golden Comparison Tests Golden: text_tspan matches browser render             115:56 +3438 ~2 -12: /Users/denisnadey/apps/flutter_full_svg_support/test/golden_comparison/golden_comparison_test.dart: Golden Comparison Tests Golden: text_tspan matches browser render             115:57 +3438 ~2 -12: /Users/denisnadey/apps/flutter_full_svg_support/test/golden_comparison/golden_comparison_test.dart: Golden Comparison Tests Golden: text_tspan matches browser render             115:58 +3438 ~2 -12: /Users/denisnadey/apps/flutter_full_svg_support/test/golden_comparison/golden_comparison_test.dart: Golden Comparison Tests Golden: text_tspan matches browser render             115:59 +3438 ~2 -12: /Users/denisnadey/apps/flutter_full_svg_support/test/golden_comparison/golden_comparison_test.dart: Golden Comparison Tests Golden: text_tspan matches browser render             116:00 +3438 ~2 -12: /Users/denisnadey/apps/flutter_full_svg_support/test/golden_comparison/golden_comparison_test.dart: Golden Comparison Tests Golden: text_tspan matches browser render             116:01 +3438 ~2 -12: /Users/denisnadey/apps/flutter_full_svg_support/test/golden_comparison/golden_comparison_test.dart: Golden Comparison Tests Golden: text_tspan matches browser render             116:02 +3438 ~2 -12: /Users/denisnadey/apps/flutter_full_svg_support/test/golden_comparison/golden_comparison_test.dart: Golden Comparison Tests Golden: text_tspan matches browser render             116:03 +3438 ~2 -12: /Users/denisnadey/apps/flutter_full_svg_support/test/golden_comparison/golden_comparison_test.dart: Golden Comparison Tests Golden: text_tspan matches browser render             116:04 +3438 ~2 -12: /Users/denisnadey/apps/flutter_full_svg_support/test/golden_comparison/golden_comparison_test.dart: Golden Comparison Tests Golden: text_tspan matches browser render             116:05 +3438 ~2 -12: /Users/denisnadey/apps/flutter_full_svg_support/test/golden_comparison/golden_comparison_test.dart: Golden Comparison Tests Golden: text_tspan matches browser render             116:06 +3438 ~2 -12: /Users/denisnadey/apps/flutter_full_svg_support/test/golden_comparison/golden_comparison_test.dart: Golden Comparison Tests Golden: text_tspan matches browser render             116:07 +3438 ~2 -12: /Users/denisnadey/apps/flutter_full_svg_support/test/golden_comparison/golden_comparison_test.dart: Golden Comparison Tests Golden: text_tspan matches browser render             116:08 +3438 ~2 -12: /Users/denisnadey/apps/flutter_full_svg_support/test/golden_comparison/golden_comparison_test.dart: Golden Comparison Tests Golden: text_tspan matches browser render             116:09 +3438 ~2 -12: /Users/denisnadey/apps/flutter_full_svg_support/test/golden_comparison/golden_comparison_test.dart: Golden Comparison Tests Golden: text_tspan matches browser render             116:10 +3438 ~2 -12: /Users/denisnadey/apps/flutter_full_svg_support/test/golden_comparison/golden_comparison_test.dart: Golden Comparison Tests Golden: text_tspan matches browser render             116:11 +3438 ~2 -12: /Users/denisnadey/apps/flutter_full_svg_support/test/golden_comparison/golden_comparison_test.dart: Golden Comparison Tests Golden: text_tspan matches browser render             116:12 +3438 ~2 -12: /Users/denisnadey/apps/flutter_full_svg_support/test/golden_comparison/golden_comparison_test.dart: Golden Comparison Tests Golden: text_tspan matches browser render             116:13 +3438 ~2 -12: /Users/denisnadey/apps/flutter_full_svg_support/test/golden_comparison/golden_comparison_test.dart: Golden Comparison Tests Golden: text_tspan matches browser render             116:14 +3438 ~2 -12: /Users/denisnadey/apps/flutter_full_svg_support/test/golden_comparison/golden_comparison_test.dart: Golden Comparison Tests Golden: text_tspan matches browser render             116:15 +3438 ~2 -12: /Users/denisnadey/apps/flutter_full_svg_support/test/golden_comparison/golden_comparison_test.dart: Golden Comparison Tests Golden: text_tspan matches browser render             116:16 +3438 ~2 -12: /Users/denisnadey/apps/flutter_full_svg_support/test/golden_comparison/golden_comparison_test.dart: Golden Comparison Tests Golden: text_tspan matches browser render             116:17 +3438 ~2 -12: /Users/denisnadey/apps/flutter_full_svg_support/test/golden_comparison/golden_comparison_test.dart: Golden Comparison Tests Golden: text_tspan matches browser render             116:18 +3438 ~2 -12: /Users/denisnadey/apps/flutter_full_svg_support/test/golden_comparison/golden_comparison_test.dart: Golden Comparison Tests Golden: text_tspan matches browser render             116:19 +3438 ~2 -12: /Users/denisnadey/apps/flutter_full_svg_support/test/golden_comparison/golden_comparison_test.dart: Golden Comparison Tests Golden: text_tspan matches browser render             116:20 +3438 ~2 -12: /Users/denisnadey/apps/flutter_full_svg_support/test/golden_comparison/golden_comparison_test.dart: Golden Comparison Tests Golden: text_tspan matches browser render             116:21 +3438 ~2 -12: /Users/denisnadey/apps/flutter_full_svg_support/test/golden_comparison/golden_comparison_test.dart: Golden Comparison Tests Golden: text_tspan matches browser render             116:22 +3438 ~2 -12: /Users/denisnadey/apps/flutter_full_svg_support/test/golden_comparison/golden_comparison_test.dart: Golden Comparison Tests Golden: text_tspan matches browser render             116:23 +3438 ~2 -12: /Users/denisnadey/apps/flutter_full_svg_support/test/golden_comparison/golden_comparison_test.dart: Golden Comparison Tests Golden: text_tspan matches browser render             116:24 +3438 ~2 -12: /Users/denisnadey/apps/flutter_full_svg_support/test/golden_comparison/golden_comparison_test.dart: Golden Comparison Tests Golden: text_tspan matches browser render             116:25 +3438 ~2 -12: /Users/denisnadey/apps/flutter_full_svg_support/test/golden_comparison/golden_comparison_test.dart: Golden Comparison Tests Golden: text_tspan matches browser render             116:26 +3438 ~2 -12: /Users/denisnadey/apps/flutter_full_svg_support/test/golden_comparison/golden_comparison_test.dart: Golden Comparison Tests Golden: text_tspan matches browser render             116:27 +3438 ~2 -12: /Users/denisnadey/apps/flutter_full_svg_support/test/golden_comparison/golden_comparison_test.dart: Golden Comparison Tests Golden: text_tspan matches browser render             116:28 +3438 ~2 -12: /Users/denisnadey/apps/flutter_full_svg_support/test/golden_comparison/golden_comparison_test.dart: Golden Comparison Tests Golden: text_tspan matches browser render             116:29 +3438 ~2 -12: /Users/denisnadey/apps/flutter_full_svg_support/test/golden_comparison/golden_comparison_test.dart: Golden Comparison Tests Golden: text_tspan matches browser render             116:30 +3438 ~2 -12: /Users/denisnadey/apps/flutter_full_svg_support/test/golden_comparison/golden_comparison_test.dart: Golden Comparison Tests Golden: text_tspan matches browser render             116:31 +3438 ~2 -12: /Users/denisnadey/apps/flutter_full_svg_support/test/golden_comparison/golden_comparison_test.dart: Golden Comparison Tests Golden: text_tspan matches browser render             116:32 +3438 ~2 -12: /Users/denisnadey/apps/flutter_full_svg_support/test/golden_comparison/golden_comparison_test.dart: Golden Comparison Tests Golden: text_tspan matches browser render             116:32 +3438 ~2 -13: /Users/denisnadey/apps/flutter_full_svg_support/test/golden_comparison/golden_comparison_test.dart: Golden Comparison Tests Golden: text_tspan matches browser render [E]         
  TimeoutException after 0:10:00.000000: Test timed out after 10 minutes.
  dart:isolate  _RawReceivePort._handleMessage
  

To run this test again: /Users/denisnadey/fvm/versions/3.38.1/bin/cache/dart-sdk/bin/dart test /Users/denisnadey/apps/flutter_full_svg_support/test/golden_comparison/golden_comparison_test.dart -p vm --plain-name 'Golden Comparison Tests Golden: text_tspan matches browser render'
116:32 +3438 ~2 -13: /Users/denisnadey/apps/flutter_full_svg_support/test/golden_comparison/golden_comparison_test.dart: Golden Comparison Tests Golden: stroke_patterns matches browser render        116:33 +3438 ~2 -13: /Users/denisnadey/apps/flutter_full_svg_support/test/golden_comparison/golden_comparison_test.dart: Golden Comparison Tests Golden: stroke_patterns matches browser render        116:34 +3438 ~2 -13: /Users/denisnadey/apps/flutter_full_svg_support/test/golden_comparison/golden_comparison_test.dart: Golden Comparison Tests Golden: stroke_patterns matches browser render        116:35 +3438 ~2 -13: /Users/denisnadey/apps/flutter_full_svg_support/test/golden_comparison/golden_comparison_test.dart: Golden Comparison Tests Golden: stroke_patterns matches browser render        116:36 +3438 ~2 -13: /Users/denisnadey/apps/flutter_full_svg_support/test/golden_comparison/golden_comparison_test.dart: Golden Comparison Tests Golden: stroke_patterns matches browser render        116:37 +3438 ~2 -13: /Users/denisnadey/apps/flutter_full_svg_support/test/golden_comparison/golden_comparison_test.dart: Golden Comparison Tests Golden: stroke_patterns matches browser render        116:38 +3438 ~2 -13: /Users/denisnadey/apps/flutter_full_svg_support/test/golden_comparison/golden_comparison_test.dart: Golden Comparison Tests Golden: stroke_patterns matches browser render        116:39 +3438 ~2 -13: /Users/denisnadey/apps/flutter_full_svg_support/test/golden_comparison/golden_comparison_test.dart: Golden Comparison Tests Golden: stroke_patterns matches browser render        116:40 +3438 ~2 -13: /Users/denisnadey/apps/flutter_full_svg_support/test/golden_comparison/golden_comparison_test.dart: Golden Comparison Tests Golden: stroke_patterns matches browser render        116:41 +3438 ~2 -13: /Users/denisnadey/apps/flutter_full_svg_support/test/golden_comparison/golden_comparison_test.dart: Golden Comparison Tests Golden: stroke_patterns matches browser render        116:42 +3438 ~2 -13: /Users/denisnadey/apps/flutter_full_svg_support/test/golden_comparison/golden_comparison_test.dart: Golden Comparison Tests Golden: stroke_patterns matches browser render        116:43 +3438 ~2 -13: /Users/denisnadey/apps/flutter_full_svg_support/test/golden_comparison/golden_comparison_test.dart: Golden Comparison Tests Golden: stroke_patterns matches browser render        116:44 +3438 ~2 -13: /Users/denisnadey/apps/flutter_full_svg_support/test/golden_comparison/golden_comparison_test.dart: Golden Comparison Tests Golden: stroke_patterns matches browser render        116:45 +3438 ~2 -13: /Users/denisnadey/apps/flutter_full_svg_support/test/golden_comparison/golden_comparison_test.dart: Golden Comparison Tests Golden: stroke_patterns matches browser render        116:46 +3438 ~2 -13: /Users/denisnadey/apps/flutter_full_svg_support/test/golden_comparison/golden_comparison_test.dart: Golden Comparison Tests Golden: stroke_patterns matches browser render        116:47 +3438 ~2 -13: /Users/denisnadey/apps/flutter_full_svg_support/test/golden_comparison/golden_comparison_test.dart: Golden Comparison Tests Golden: stroke_patterns matches browser render        116:48 +3438 ~2 -13: /Users/denisnadey/apps/flutter_full_svg_support/test/golden_comparison/golden_comparison_test.dart: Golden Comparison Tests Golden: stroke_patterns matches browser render        116:49 +3438 ~2 -13: /Users/denisnadey/apps/flutter_full_svg_support/test/golden_comparison/golden_comparison_test.dart: Golden Comparison Tests Golden: stroke_patterns matches browser render        116:50 +3438 ~2 -13: /Users/denisnadey/apps/flutter_full_svg_support/test/golden_comparison/golden_comparison_test.dart: Golden Comparison Tests Golden: stroke_patterns matches browser render        116:51 +3438 ~2 -13: /Users/denisnadey/apps/flutter_full_svg_support/test/golden_comparison/golden_comparison_test.dart: Golden Comparison Tests Golden: stroke_patterns matches browser render        116:52 +3438 ~2 -13: /Users/denisnadey/apps/flutter_full_svg_support/test/golden_comparison/golden_comparison_test.dart: Golden Comparison Tests Golden: stroke_patterns matches browser render        116:53 +3438 ~2 -13: /Users/denisnadey/apps/flutter_full_svg_support/test/golden_comparison/golden_comparison_test.dart: Golden Comparison Tests Golden: stroke_patterns matches browser render        116:54 +3438 ~2 -13: /Users/denisnadey/apps/flutter_full_svg_support/test/golden_comparison/golden_comparison_test.dart: Golden Comparison Tests Golden: stroke_patterns matches browser render        116:55 +3438 ~2 -13: /Users/denisnadey/apps/flutter_full_svg_support/test/golden_comparison/golden_comparison_test.dart: Golden Comparison Tests Golden: stroke_patterns matches browser render        116:56 +3438 ~2 -13: /Users/denisnadey/apps/flutter_full_svg_support/test/golden_comparison/golden_comparison_test.dart: Golden Comparison Tests Golden: stroke_patterns matches browser render        116:57 +3438 ~2 -13: /Users/denisnadey/apps/flutter_full_svg_support/test/golden_comparison/golden_comparison_test.dart: Golden Comparison Tests Golden: stroke_patterns matches browser render        116:58 +3438 ~2 -13: /Users/denisnadey/apps/flutter_full_svg_support/test/golden_comparison/golden_comparison_test.dart: Golden Comparison Tests Golden: stroke_patterns matches browser render        116:59 +3438 ~2 -13: /Users/denisnadey/apps/flutter_full_svg_support/test/golden_comparison/golden_comparison_test.dart: Golden Comparison Tests Golden: stroke_patterns matches browser render        117:00 +3438 ~2 -13: /Users/denisnadey/apps/flutter_full_svg_support/test/golden_comparison/golden_comparison_test.dart: Golden Comparison Tests Golden: stroke_patterns matches browser render        117:01 +3438 ~2 -13: /Users/denisnadey/apps/flutter_full_svg_support/test/golden_comparison/golden_comparison_test.dart: Golden Comparison Tests Golden: stroke_patterns matches browser render        117:02 +3438 ~2 -13: /Users/denisnadey/apps/flutter_full_svg_support/test/golden_comparison/golden_comparison_test.dart: Golden Comparison Tests Golden: stroke_patterns matches browser render        117:03 +3438 ~2 -13: /Users/denisnadey/apps/flutter_full_svg_support/test/golden_comparison/golden_comparison_test.dart: Golden Comparison Tests Golden: stroke_patterns matches browser render        117:04 +3438 ~2 -13: /Users/denisnadey/apps/flutter_full_svg_support/test/golden_comparison/golden_comparison_test.dart: Golden Comparison Tests Golden: stroke_patterns matches browser render        117:05 +3438 ~2 -13: /Users/denisnadey/apps/flutter_full_svg_support/test/golden_comparison/golden_comparison_test.dart: Golden Comparison Tests Golden: stroke_patterns matches browser render        117:06 +3438 ~2 -13: /Users/denisnadey/apps/flutter_full_svg_support/test/golden_comparison/golden_comparison_test.dart: Golden Comparison Tests Golden: stroke_patterns matches browser render        117:07 +3438 ~2 -13: /Users/denisnadey/apps/flutter_full_svg_support/test/golden_comparison/golden_comparison_test.dart: Golden Comparison Tests Golden: stroke_patterns matches browser render        117:08 +3438 ~2 -13: /Users/denisnadey/apps/flutter_full_svg_support/test/golden_comparison/golden_comparison_test.dart: Golden Comparison Tests Golden: stroke_patterns matches browser render        117:09 +3438 ~2 -13: /Users/denisnadey/apps/flutter_full_svg_support/test/golden_comparison/golden_comparison_test.dart: Golden Comparison Tests Golden: stroke_patterns matches browser render        117:10 +3438 ~2 -13: /Users/denisnadey/apps/flutter_full_svg_support/test/golden_comparison/golden_comparison_test.dart: Golden Comparison Tests Golden: stroke_patterns matches browser render        117:11 +3438 ~2 -13: /Users/denisnadey/apps/flutter_full_svg_support/test/golden_comparison/golden_comparison_test.dart: Golden Comparison Tests Golden: stroke_patterns matches browser render        117:12 +3438 ~2 -13: /Users/denisnadey/apps/flutter_full_svg_support/test/golden_comparison/golden_comparison_test.dart: Golden Comparison Tests Golden: stroke_patterns matches browser render        117:13 +3438 ~2 -13: /Users/denisnadey/apps/flutter_full_svg_support/test/golden_comparison/golden_comparison_test.dart: Golden Comparison Tests Golden: stroke_patterns matches browser render        117:14 +3438 ~2 -13: /Users/denisnadey/apps/flutter_full_svg_support/test/golden_comparison/golden_comparison_test.dart: Golden Comparison Tests Golden: stroke_patterns matches browser render        117:15 +3438 ~2 -13: /Users/denisnadey/apps/flutter_full_svg_support/test/golden_comparison/golden_comparison_test.dart: Golden Comparison Tests Golden: stroke_patterns matches browser render        117:16 +3438 ~2 -13: /Users/denisnadey/apps/flutter_full_svg_support/test/golden_comparison/golden_comparison_test.dart: Golden Comparison Tests Golden: stroke_patterns matches browser render        117:17 +3438 ~2 -13: /Users/denisnadey/apps/flutter_full_svg_support/test/golden_comparison/golden_comparison_test.dart: Golden Comparison Tests Golden: stroke_patterns matches browser render        117:18 +3438 ~2 -13: /Users/denisnadey/apps/flutter_full_svg_support/test/golden_comparison/golden_comparison_test.dart: Golden Comparison Tests Golden: stroke_patterns matches browser render        117:19 +3438 ~2 -13: /Users/denisnadey/apps/flutter_full_svg_support/test/golden_comparison/golden_comparison_test.dart: Golden Comparison Tests Golden: stroke_patterns matches browser render        117:20 +3438 ~2 -13: /Users/denisnadey/apps/flutter_full_svg_support/test/golden_comparison/golden_comparison_test.dart: Golden Comparison Tests Golden: stroke_patterns matches browser render        117:21 +3438 ~2 -13: /Users/denisnadey/apps/flutter_full_svg_support/test/golden_comparison/golden_comparison_test.dart: Golden Comparison Tests Golden: stroke_patterns matches browser render        117:22 +3438 ~2 -13: /Users/denisnadey/apps/flutter_full_svg_support/test/golden_comparison/golden_comparison_test.dart: Golden Comparison Tests Golden: stroke_patterns matches browser render        117:23 +3438 ~2 -13: /Users/denisnadey/apps/flutter_full_svg_support/test/golden_comparison/golden_comparison_test.dart: Golden Comparison Tests Golden: stroke_patterns matches browser render        117:24 +3438 ~2 -13: /Users/denisnadey/apps/flutter_full_svg_support/test/golden_comparison/golden_comparison_test.dart: Golden Comparison Tests Golden: stroke_patterns matches browser render        117:25 +3438 ~2 -13: /Users/denisnadey/apps/flutter_full_svg_support/test/golden_comparison/golden_comparison_test.dart: Golden Comparison Tests Golden: stroke_patterns matches browser render        117:26 +3438 ~2 -13: /Users/denisnadey/apps/flutter_full_svg_support/test/golden_comparison/golden_comparison_test.dart: Golden Comparison Tests Golden: stroke_patterns matches browser render        117:27 +3438 ~2 -13: /Users/denisnadey/apps/flutter_full_svg_support/test/golden_comparison/golden_comparison_test.dart: Golden Comparison Tests Golden: stroke_patterns matches browser render        117:28 +3438 ~2 -13: /Users/denisnadey/apps/flutter_full_svg_support/test/golden_comparison/golden_comparison_test.dart: Golden Comparison Tests Golden: stroke_patterns matches browser render        117:29 +3438 ~2 -13: /Users/denisnadey/apps/flutter_full_svg_support/test/golden_comparison/golden_comparison_test.dart: Golden Comparison Tests Golden: stroke_patterns matches browser render        117:30 +3438 ~2 -13: /Users/denisnadey/apps/flutter_full_svg_support/test/golden_comparison/golden_comparison_test.dart: Golden Comparison Tests Golden: stroke_patterns matches browser render        117:31 +3438 ~2 -13: /Users/denisnadey/apps/flutter_full_svg_support/test/golden_comparison/golden_comparison_test.dart: Golden Comparison Tests Golden: stroke_patterns matches browser render        117:32 +3438 ~2 -13: /Users/denisnadey/apps/flutter_full_svg_support/test/golden_comparison/golden_comparison_test.dart: Golden Comparison Tests Golden: stroke_patterns matches browser render        117:33 +3438 ~2 -13: /Users/denisnadey/apps/flutter_full_svg_support/test/golden_comparison/golden_comparison_test.dart: Golden Comparison Tests Golden: stroke_patterns matches browser render        117:34 +3438 ~2 -13: /Users/denisnadey/apps/flutter_full_svg_support/test/golden_comparison/golden_comparison_test.dart: Golden Comparison Tests Golden: stroke_patterns matches browser render        117:35 +3438 ~2 -13: /Users/denisnadey/apps/flutter_full_svg_support/test/golden_comparison/golden_comparison_test.dart: Golden Comparison Tests Golden: stroke_patterns matches browser render        117:36 +3438 ~2 -13: /Users/denisnadey/apps/flutter_full_svg_support/test/golden_comparison/golden_comparison_test.dart: Golden Comparison Tests Golden: stroke_patterns matches browser render        117:37 +3438 ~2 -13: /Users/denisnadey/apps/flutter_full_svg_support/test/golden_comparison/golden_comparison_test.dart: Golden Comparison Tests Golden: stroke_patterns matches browser render        117:38 +3438 ~2 -13: /Users/denisnadey/apps/flutter_full_svg_support/test/golden_comparison/golden_comparison_test.dart: Golden Comparison Tests Golden: stroke_patterns matches browser render        117:39 +3438 ~2 -13: /Users/denisnadey/apps/flutter_full_svg_support/test/golden_comparison/golden_comparison_test.dart: Golden Comparison Tests Golden: stroke_patterns matches browser render        117:40 +3438 ~2 -13: /Users/denisnadey/apps/flutter_full_svg_support/test/golden_comparison/golden_comparison_test.dart: Golden Comparison Tests Golden: stroke_patterns matches browser render        117:41 +3438 ~2 -13: /Users/denisnadey/apps/flutter_full_svg_support/test/golden_comparison/golden_comparison_test.dart: Golden Comparison Tests Golden: stroke_patterns matches browser render        117:42 +3438 ~2 -13: /Users/denisnadey/apps/flutter_full_svg_support/test/golden_comparison/golden_comparison_test.dart: Golden Comparison Tests Golden: stroke_patterns matches browser render        117:43 +3438 ~2 -13: /Users/denisnadey/apps/flutter_full_svg_support/test/golden_comparison/golden_comparison_test.dart: Golden Comparison Tests Golden: stroke_patterns matches browser render        117:44 +3438 ~2 -13: /Users/denisnadey/apps/flutter_full_svg_support/test/golden_comparison/golden_comparison_test.dart: Golden Comparison Tests Golden: stroke_patterns matches browser render        117:45 +3438 ~2 -13: /Users/denisnadey/apps/flutter_full_svg_support/test/golden_comparison/golden_comparison_test.dart: Golden Comparison Tests Golden: stroke_patterns matches browser render        117:46 +3438 ~2 -13: /Users/denisnadey/apps/flutter_full_svg_support/test/golden_comparison/golden_comparison_test.dart: Golden Comparison Tests Golden: stroke_patterns matches browser render        117:47 +3438 ~2 -13: /Users/denisnadey/apps/flutter_full_svg_support/test/golden_comparison/golden_comparison_test.dart: Golden Comparison Tests Golden: stroke_patterns matches browser render        117:48 +3438 ~2 -13: /Users/denisnadey/apps/flutter_full_svg_support/test/golden_comparison/golden_comparison_test.dart: Golden Comparison Tests Golden: stroke_patterns matches browser render        117:49 +3438 ~2 -13: /Users/denisnadey/apps/flutter_full_svg_support/test/golden_comparison/golden_comparison_test.dart: Golden Comparison Tests Golden: stroke_patterns matches browser render        117:50 +3438 ~2 -13: /Users/denisnadey/apps/flutter_full_svg_support/test/golden_comparison/golden_comparison_test.dart: Golden Comparison Tests Golden: stroke_patterns matches browser render        117:51 +3438 ~2 -13: /Users/denisnadey/apps/flutter_full_svg_support/test/golden_comparison/golden_comparison_test.dart: Golden Comparison Tests Golden: stroke_patterns matches browser render        117:52 +3438 ~2 -13: /Users/denisnadey/apps/flutter_full_svg_support/test/golden_comparison/golden_comparison_test.dart: Golden Comparison Tests Golden: stroke_patterns matches browser render        117:53 +3438 ~2 -13: /Users/denisnadey/apps/flutter_full_svg_support/test/golden_comparison/golden_comparison_test.dart: Golden Comparison Tests Golden: stroke_patterns matches browser render        117:54 +3438 ~2 -13: /Users/denisnadey/apps/flutter_full_svg_support/test/golden_comparison/golden_comparison_test.dart: Golden Comparison Tests Golden: stroke_patterns matches browser render        117:55 +3438 ~2 -13: /Users/denisnadey/apps/flutter_full_svg_support/test/golden_comparison/golden_comparison_test.dart: Golden Comparison Tests Golden: stroke_patterns matches browser render        117:56 +3438 ~2 -13: /Users/denisnadey/apps/flutter_full_svg_support/test/golden_comparison/golden_comparison_test.dart: Golden Comparison Tests Golden: stroke_patterns matches browser render        117:57 +3438 ~2 -13: /Users/denisnadey/apps/flutter_full_svg_support/test/golden_comparison/golden_comparison_test.dart: Golden Comparison Tests Golden: stroke_patterns matches browser render        117:58 +3438 ~2 -13: /Users/denisnadey/apps/flutter_full_svg_support/test/golden_comparison/golden_comparison_test.dart: Golden Comparison Tests Golden: stroke_patterns matches browser render        117:59 +3438 ~2 -13: /Users/denisnadey/apps/flutter_full_svg_support/test/golden_comparison/golden_comparison_test.dart: Golden Comparison Tests Golden: stroke_patterns matches browser render        118:00 +3438 ~2 -13: /Users/denisnadey/apps/flutter_full_svg_support/test/golden_comparison/golden_comparison_test.dart: Golden Comparison Tests Golden: stroke_patterns matches browser render        118:01 +3438 ~2 -13: /Users/denisnadey/apps/flutter_full_svg_support/test/golden_comparison/golden_comparison_test.dart: Golden Comparison Tests Golden: stroke_patterns matches browser render        118:02 +3438 ~2 -13: /Users/denisnadey/apps/flutter_full_svg_support/test/golden_comparison/golden_comparison_test.dart: Golden Comparison Tests Golden: stroke_patterns matches browser render        118:03 +3438 ~2 -13: /Users/denisnadey/apps/flutter_full_svg_support/test/golden_comparison/golden_comparison_test.dart: Golden Comparison Tests Golden: stroke_patterns matches browser render        118:04 +3438 ~2 -13: /Users/denisnadey/apps/flutter_full_svg_support/test/golden_comparison/golden_comparison_test.dart: Golden Comparison Tests Golden: stroke_patterns matches browser render        118:05 +3438 ~2 -13: /Users/denisnadey/apps/flutter_full_svg_support/test/golden_comparison/golden_comparison_test.dart: Golden Comparison Tests Golden: stroke_patterns matches browser render        118:06 +3438 ~2 -13: /Users/denisnadey/apps/flutter_full_svg_support/test/golden_comparison/golden_comparison_test.dart: Golden Comparison Tests Golden: stroke_patterns matches browser render        118:07 +3438 ~2 -13: /Users/denisnadey/apps/flutter_full_svg_support/test/golden_comparison/golden_comparison_test.dart: Golden Comparison Tests Golden: stroke_patterns matches browser render        118:08 +3438 ~2 -13: /Users/denisnadey/apps/flutter_full_svg_support/test/golden_comparison/golden_comparison_test.dart: Golden Comparison Tests Golden: stroke_patterns matches browser render        118:09 +3438 ~2 -13: /Users/denisnadey/apps/flutter_full_svg_support/test/golden_comparison/golden_comparison_test.dart: Golden Comparison Tests Golden: stroke_patterns matches browser render        118:10 +3438 ~2 -13: /Users/denisnadey/apps/flutter_full_svg_support/test/golden_comparison/golden_comparison_test.dart: Golden Comparison Tests Golden: stroke_patterns matches browser render        118:11 +3438 ~2 -13: /Users/denisnadey/apps/flutter_full_svg_support/test/golden_comparison/golden_comparison_test.dart: Golden Comparison Tests Golden: stroke_patterns matches browser render        118:12 +3438 ~2 -13: /Users/denisnadey/apps/flutter_full_svg_support/test/golden_comparison/golden_comparison_test.dart: Golden Comparison Tests Golden: stroke_patterns matches browser render        118:13 +3438 ~2 -13: /Users/denisnadey/apps/flutter_full_svg_support/test/golden_comparison/golden_comparison_test.dart: Golden Comparison Tests Golden: stroke_patterns matches browser render        118:14 +3438 ~2 -13: /Users/denisnadey/apps/flutter_full_svg_support/test/golden_comparison/golden_comparison_test.dart: Golden Comparison Tests Golden: stroke_patterns matches browser render        118:15 +3438 ~2 -13: /Users/denisnadey/apps/flutter_full_svg_support/test/golden_comparison/golden_comparison_test.dart: Golden Comparison Tests Golden: stroke_patterns matches browser render        118:16 +3438 ~2 -13: /Users/denisnadey/apps/flutter_full_svg_support/test/golden_comparison/golden_comparison_test.dart: Golden Comparison Tests Golden: stroke_patterns matches browser render        118:17 +3438 ~2 -13: /Users/denisnadey/apps/flutter_full_svg_support/test/golden_comparison/golden_comparison_test.dart: Golden Comparison Tests Golden: stroke_patterns matches browser render        118:18 +3438 ~2 -13: /Users/denisnadey/apps/flutter_full_svg_support/test/golden_comparison/golden_comparison_test.dart: Golden Comparison Tests Golden: stroke_patterns matches browser render        118:19 +3438 ~2 -13: /Users/denisnadey/apps/flutter_full_svg_support/test/golden_comparison/golden_comparison_test.dart: Golden Comparison Tests Golden: stroke_patterns matches browser render        118:20 +3438 ~2 -13: /Users/denisnadey/apps/flutter_full_svg_support/test/golden_comparison/golden_comparison_test.dart: Golden Comparison Tests Golden: stroke_patterns matches browser render        118:21 +3438 ~2 -13: /Users/denisnadey/apps/flutter_full_svg_support/test/golden_comparison/golden_comparison_test.dart: Golden Comparison Tests Golden: stroke_patterns matches browser render        118:22 +3438 ~2 -13: /Users/denisnadey/apps/flutter_full_svg_support/test/golden_comparison/golden_comparison_test.dart: Golden Comparison Tests Golden: stroke_patterns matches browser render        118:23 +3438 ~2 -13: /Users/denisnadey/apps/flutter_full_svg_support/test/golden_comparison/golden_comparison_test.dart: Golden Comparison Tests Golden: stroke_patterns matches browser render        118:24 +3438 ~2 -13: /Users/denisnadey/apps/flutter_full_svg_support/test/golden_comparison/golden_comparison_test.dart: Golden Comparison Tests Golden: stroke_patterns matches browser render        118:25 +3438 ~2 -13: /Users/denisnadey/apps/flutter_full_svg_support/test/golden_comparison/golden_comparison_test.dart: Golden Comparison Tests Golden: stroke_patterns matches browser render        118:26 +3438 ~2 -13: /Users/denisnadey/apps/flutter_full_svg_support/test/golden_comparison/golden_comparison_test.dart: Golden Comparison Tests Golden: stroke_patterns matches browser render        118:27 +3438 ~2 -13: /Users/denisnadey/apps/flutter_full_svg_support/test/golden_comparison/golden_comparison_test.dart: Golden Comparison Tests Golden: stroke_patterns matches browser render        118:28 +3438 ~2 -13: /Users/denisnadey/apps/flutter_full_svg_support/test/golden_comparison/golden_comparison_test.dart: Golden Comparison Tests Golden: stroke_patterns matches browser render        118:29 +3438 ~2 -13: /Users/denisnadey/apps/flutter_full_svg_support/test/golden_comparison/golden_comparison_test.dart: Golden Comparison Tests Golden: stroke_patterns matches browser render        118:30 +3438 ~2 -13: /Users/denisnadey/apps/flutter_full_svg_support/test/golden_comparison/golden_comparison_test.dart: Golden Comparison Tests Golden: stroke_patterns matches browser render        118:31 +3438 ~2 -13: /Users/denisnadey/apps/flutter_full_svg_support/test/golden_comparison/golden_comparison_test.dart: Golden Comparison Tests Golden: stroke_patterns matches browser render        118:32 +3438 ~2 -13: /Users/denisnadey/apps/flutter_full_svg_support/test/golden_comparison/golden_comparison_test.dart: Golden Comparison Tests Golden: stroke_patterns matches browser render        118:33 +3438 ~2 -13: /Users/denisnadey/apps/flutter_full_svg_support/test/golden_comparison/golden_comparison_test.dart: Golden Comparison Tests Golden: stroke_patterns matches browser render        118:34 +3438 ~2 -13: /Users/denisnadey/apps/flutter_full_svg_support/test/golden_comparison/golden_comparison_test.dart: Golden Comparison Tests Golden: stroke_patterns matches browser render        118:35 +3438 ~2 -13: /Users/denisnadey/apps/flutter_full_svg_support/test/golden_comparison/golden_comparison_test.dart: Golden Comparison Tests Golden: stroke_patterns matches browser render        118:36 +3438 ~2 -13: /Users/denisnadey/apps/flutter_full_svg_support/test/golden_comparison/golden_comparison_test.dart: Golden Comparison Tests Golden: stroke_patterns matches browser render        118:37 +3438 ~2 -13: /Users/denisnadey/apps/flutter_full_svg_support/test/golden_comparison/golden_comparison_test.dart: Golden Comparison Tests Golden: stroke_patterns matches browser render        118:38 +3438 ~2 -13: /Users/denisnadey/apps/flutter_full_svg_support/test/golden_comparison/golden_comparison_test.dart: Golden Comparison Tests Golden: stroke_patterns matches browser render        118:39 +3438 ~2 -13: /Users/denisnadey/apps/flutter_full_svg_support/test/golden_comparison/golden_comparison_test.dart: Golden Comparison Tests Golden: stroke_patterns matches browser render        118:40 +3438 ~2 -13: /Users/denisnadey/apps/flutter_full_svg_support/test/golden_comparison/golden_comparison_test.dart: Golden Comparison Tests Golden: stroke_patterns matches browser render        118:41 +3438 ~2 -13: /Users/denisnadey/apps/flutter_full_svg_support/test/golden_comparison/golden_comparison_test.dart: Golden Comparison Tests Golden: stroke_patterns matches browser render        118:42 +3438 ~2 -13: /Users/denisnadey/apps/flutter_full_svg_support/test/golden_comparison/golden_comparison_test.dart: Golden Comparison Tests Golden: stroke_patterns matches browser render        118:43 +3438 ~2 -13: /Users/denisnadey/apps/flutter_full_svg_support/test/golden_comparison/golden_comparison_test.dart: Golden Comparison Tests Golden: stroke_patterns matches browser render        118:44 +3438 ~2 -13: /Users/denisnadey/apps/flutter_full_svg_support/test/golden_comparison/golden_comparison_test.dart: Golden Comparison Tests Golden: stroke_patterns matches browser render        118:45 +3438 ~2 -13: /Users/denisnadey/apps/flutter_full_svg_support/test/golden_comparison/golden_comparison_test.dart: Golden Comparison Tests Golden: stroke_patterns matches browser render        118:46 +3438 ~2 -13: /Users/denisnadey/apps/flutter_full_svg_support/test/golden_comparison/golden_comparison_test.dart: Golden Comparison Tests Golden: stroke_patterns matches browser render        118:47 +3438 ~2 -13: /Users/denisnadey/apps/flutter_full_svg_support/test/golden_comparison/golden_comparison_test.dart: Golden Comparison Tests Golden: stroke_patterns matches browser render        118:48 +3438 ~2 -13: /Users/denisnadey/apps/flutter_full_svg_support/test/golden_comparison/golden_comparison_test.dart: Golden Comparison Tests Golden: stroke_patterns matches browser render        118:49 +3438 ~2 -13: /Users/denisnadey/apps/flutter_full_svg_support/test/golden_comparison/golden_comparison_test.dart: Golden Comparison Tests Golden: stroke_patterns matches browser render        118:50 +3438 ~2 -13: /Users/denisnadey/apps/flutter_full_svg_support/test/golden_comparison/golden_comparison_test.dart: Golden Comparison Tests Golden: stroke_patterns matches browser render        118:51 +3438 ~2 -13: /Users/denisnadey/apps/flutter_full_svg_support/test/golden_comparison/golden_comparison_test.dart: Golden Comparison Tests Golden: stroke_patterns matches browser render        118:52 +3438 ~2 -13: /Users/denisnadey/apps/flutter_full_svg_support/test/golden_comparison/golden_comparison_test.dart: Golden Comparison Tests Golden: stroke_patterns matches browser render        118:53 +3438 ~2 -13: /Users/denisnadey/apps/flutter_full_svg_support/test/golden_comparison/golden_comparison_test.dart: Golden Comparison Tests Golden: stroke_patterns matches browser render        118:54 +3438 ~2 -13: /Users/denisnadey/apps/flutter_full_svg_support/test/golden_comparison/golden_comparison_test.dart: Golden Comparison Tests Golden: stroke_patterns matches browser render        118:55 +3438 ~2 -13: /Users/denisnadey/apps/flutter_full_svg_support/test/golden_comparison/golden_comparison_test.dart: Golden Comparison Tests Golden: stroke_patterns matches browser render        118:56 +3438 ~2 -13: /Users/denisnadey/apps/flutter_full_svg_support/test/golden_comparison/golden_comparison_test.dart: Golden Comparison Tests Golden: stroke_patterns matches browser render        118:57 +3438 ~2 -13: /Users/denisnadey/apps/flutter_full_svg_support/test/golden_comparison/golden_comparison_test.dart: Golden Comparison Tests Golden: stroke_patterns matches browser render        118:58 +3438 ~2 -13: /Users/denisnadey/apps/flutter_full_svg_support/test/golden_comparison/golden_comparison_test.dart: Golden Comparison Tests Golden: stroke_patterns matches browser render        118:59 +3438 ~2 -13: /Users/denisnadey/apps/flutter_full_svg_support/test/golden_comparison/golden_comparison_test.dart: Golden Comparison Tests Golden: stroke_patterns matches browser render        119:00 +3438 ~2 -13: /Users/denisnadey/apps/flutter_full_svg_support/test/golden_comparison/golden_comparison_test.dart: Golden Comparison Tests Golden: stroke_patterns matches browser render        119:01 +3438 ~2 -13: /Users/denisnadey/apps/flutter_full_svg_support/test/golden_comparison/golden_comparison_test.dart: Golden Comparison Tests Golden: stroke_patterns matches browser render        119:02 +3438 ~2 -13: /Users/denisnadey/apps/flutter_full_svg_support/test/golden_comparison/golden_comparison_test.dart: Golden Comparison Tests Golden: stroke_patterns matches browser render        119:03 +3438 ~2 -13: /Users/denisnadey/apps/flutter_full_svg_support/test/golden_comparison/golden_comparison_test.dart: Golden Comparison Tests Golden: stroke_patterns matches browser render        119:04 +3438 ~2 -13: /Users/denisnadey/apps/flutter_full_svg_support/test/golden_comparison/golden_comparison_test.dart: Golden Comparison Tests Golden: stroke_patterns matches browser render        119:05 +3438 ~2 -13: /Users/denisnadey/apps/flutter_full_svg_support/test/golden_comparison/golden_comparison_test.dart: Golden Comparison Tests Golden: stroke_patterns matches browser render        119:06 +3438 ~2 -13: /Users/denisnadey/apps/flutter_full_svg_support/test/golden_comparison/golden_comparison_test.dart: Golden Comparison Tests Golden: stroke_patterns matches browser render        119:07 +3438 ~2 -13: /Users/denisnadey/apps/flutter_full_svg_support/test/golden_comparison/golden_comparison_test.dart: Golden Comparison Tests Golden: stroke_patterns matches browser render        119:08 +3438 ~2 -13: /Users/denisnadey/apps/flutter_full_svg_support/test/golden_comparison/golden_comparison_test.dart: Golden Comparison Tests Golden: stroke_patterns matches browser render        119:09 +3438 ~2 -13: /Users/denisnadey/apps/flutter_full_svg_support/test/golden_comparison/golden_comparison_test.dart: Golden Comparison Tests Golden: stroke_patterns matches browser render        119:10 +3438 ~2 -13: /Users/denisnadey/apps/flutter_full_svg_support/test/golden_comparison/golden_comparison_test.dart: Golden Comparison Tests Golden: stroke_patterns matches browser render        119:11 +3438 ~2 -13: /Users/denisnadey/apps/flutter_full_svg_support/test/golden_comparison/golden_comparison_test.dart: Golden Comparison Tests Golden: stroke_patterns matches browser render        119:12 +3438 ~2 -13: /Users/denisnadey/apps/flutter_full_svg_support/test/golden_comparison/golden_comparison_test.dart: Golden Comparison Tests Golden: stroke_patterns matches browser render        119:13 +3438 ~2 -13: /Users/denisnadey/apps/flutter_full_svg_support/test/golden_comparison/golden_comparison_test.dart: Golden Comparison Tests Golden: stroke_patterns matches browser render        119:14 +3438 ~2 -13: /Users/denisnadey/apps/flutter_full_svg_support/test/golden_comparison/golden_comparison_test.dart: Golden Comparison Tests Golden: stroke_patterns matches browser render        119:15 +3438 ~2 -13: /Users/denisnadey/apps/flutter_full_svg_support/test/golden_comparison/golden_comparison_test.dart: Golden Comparison Tests Golden: stroke_patterns matches browser render        119:16 +3438 ~2 -13: /Users/denisnadey/apps/flutter_full_svg_support/test/golden_comparison/golden_comparison_test.dart: Golden Comparison Tests Golden: stroke_patterns matches browser render        119:17 +3438 ~2 -13: /Users/denisnadey/apps/flutter_full_svg_support/test/golden_comparison/golden_comparison_test.dart: Golden Comparison Tests Golden: stroke_patterns matches browser render        119:18 +3438 ~2 -13: /Users/denisnadey/apps/flutter_full_svg_support/test/golden_comparison/golden_comparison_test.dart: Golden Comparison Tests Golden: stroke_patterns matches browser render        119:19 +3438 ~2 -13: /Users/denisnadey/apps/flutter_full_svg_support/test/golden_comparison/golden_comparison_test.dart: Golden Comparison Tests Golden: stroke_patterns matches browser render        119:20 +3438 ~2 -13: /Users/denisnadey/apps/flutter_full_svg_support/test/golden_comparison/golden_comparison_test.dart: Golden Comparison Tests Golden: stroke_patterns matches browser render        119:21 +3438 ~2 -13: /Users/denisnadey/apps/flutter_full_svg_support/test/golden_comparison/golden_comparison_test.dart: Golden Comparison Tests Golden: stroke_patterns matches browser render        119:22 +3438 ~2 -13: /Users/denisnadey/apps/flutter_full_svg_support/test/golden_comparison/golden_comparison_test.dart: Golden Comparison Tests Golden: stroke_patterns matches browser render        119:23 +3438 ~2 -13: /Users/denisnadey/apps/flutter_full_svg_support/test/golden_comparison/golden_comparison_test.dart: Golden Comparison Tests Golden: stroke_patterns matches browser render        119:24 +3438 ~2 -13: /Users/denisnadey/apps/flutter_full_svg_support/test/golden_comparison/golden_comparison_test.dart: Golden Comparison Tests Golden: stroke_patterns matches browser render        119:25 +3438 ~2 -13: /Users/denisnadey/apps/flutter_full_svg_support/test/golden_comparison/golden_comparison_test.dart: Golden Comparison Tests Golden: stroke_patterns matches browser render        119:26 +3438 ~2 -13: /Users/denisnadey/apps/flutter_full_svg_support/test/golden_comparison/golden_comparison_test.dart: Golden Comparison Tests Golden: stroke_patterns matches browser render        119:27 +3438 ~2 -13: /Users/denisnadey/apps/flutter_full_svg_support/test/golden_comparison/golden_comparison_test.dart: Golden Comparison Tests Golden: stroke_patterns matches browser render        119:28 +3438 ~2 -13: /Users/denisnadey/apps/flutter_full_svg_support/test/golden_comparison/golden_comparison_test.dart: Golden Comparison Tests Golden: stroke_patterns matches browser render        119:29 +3438 ~2 -13: /Users/denisnadey/apps/flutter_full_svg_support/test/golden_comparison/golden_comparison_test.dart: Golden Comparison Tests Golden: stroke_patterns matches browser render        119:30 +3438 ~2 -13: /Users/denisnadey/apps/flutter_full_svg_support/test/golden_comparison/golden_comparison_test.dart: Golden Comparison Tests Golden: stroke_patterns matches browser render        119:31 +3438 ~2 -13: /Users/denisnadey/apps/flutter_full_svg_support/test/golden_comparison/golden_comparison_test.dart: Golden Comparison Tests Golden: stroke_patterns matches browser render        119:32 +3438 ~2 -13: /Users/denisnadey/apps/flutter_full_svg_support/test/golden_comparison/golden_comparison_test.dart: Golden Comparison Tests Golden: stroke_patterns matches browser render        119:33 +3438 ~2 -13: /Users/denisnadey/apps/flutter_full_svg_support/test/golden_comparison/golden_comparison_test.dart: Golden Comparison Tests Golden: stroke_patterns matches browser render        119:34 +3438 ~2 -13: /Users/denisnadey/apps/flutter_full_svg_support/test/golden_comparison/golden_comparison_test.dart: Golden Comparison Tests Golden: stroke_patterns matches browser render        119:35 +3438 ~2 -13: /Users/denisnadey/apps/flutter_full_svg_support/test/golden_comparison/golden_comparison_test.dart: Golden Comparison Tests Golden: stroke_patterns matches browser render        119:36 +3438 ~2 -13: /Users/denisnadey/apps/flutter_full_svg_support/test/golden_comparison/golden_comparison_test.dart: Golden Comparison Tests Golden: stroke_patterns matches browser render        119:37 +3438 ~2 -13: /Users/denisnadey/apps/flutter_full_svg_support/test/golden_comparison/golden_comparison_test.dart: Golden Comparison Tests Golden: stroke_patterns matches browser render        119:38 +3438 ~2 -13: /Users/denisnadey/apps/flutter_full_svg_support/test/golden_comparison/golden_comparison_test.dart: Golden Comparison Tests Golden: stroke_patterns matches browser render        119:39 +3438 ~2 -13: /Users/denisnadey/apps/flutter_full_svg_support/test/golden_comparison/golden_comparison_test.dart: Golden Comparison Tests Golden: stroke_patterns matches browser render        119:40 +3438 ~2 -13: /Users/denisnadey/apps/flutter_full_svg_support/test/golden_comparison/golden_comparison_test.dart: Golden Comparison Tests Golden: stroke_patterns matches browser render        119:41 +3438 ~2 -13: /Users/denisnadey/apps/flutter_full_svg_support/test/golden_comparison/golden_comparison_test.dart: Golden Comparison Tests Golden: stroke_patterns matches browser render        119:42 +3438 ~2 -13: /Users/denisnadey/apps/flutter_full_svg_support/test/golden_comparison/golden_comparison_test.dart: Golden Comparison Tests Golden: stroke_patterns matches browser render        119:43 +3438 ~2 -13: /Users/denisnadey/apps/flutter_full_svg_support/test/golden_comparison/golden_comparison_test.dart: Golden Comparison Tests Golden: stroke_patterns matches browser render        119:44 +3438 ~2 -13: /Users/denisnadey/apps/flutter_full_svg_support/test/golden_comparison/golden_comparison_test.dart: Golden Comparison Tests Golden: stroke_patterns matches browser render        119:45 +3438 ~2 -13: /Users/denisnadey/apps/flutter_full_svg_support/test/golden_comparison/golden_comparison_test.dart: Golden Comparison Tests Golden: stroke_patterns matches browser render        119:46 +3438 ~2 -13: /Users/denisnadey/apps/flutter_full_svg_support/test/golden_comparison/golden_comparison_test.dart: Golden Comparison Tests Golden: stroke_patterns matches browser render        119:47 +3438 ~2 -13: /Users/denisnadey/apps/flutter_full_svg_support/test/golden_comparison/golden_comparison_test.dart: Golden Comparison Tests Golden: stroke_patterns matches browser render        119:48 +3438 ~2 -13: /Users/denisnadey/apps/flutter_full_svg_support/test/golden_comparison/golden_comparison_test.dart: Golden Comparison Tests Golden: stroke_patterns matches browser render        119:49 +3438 ~2 -13: /Users/denisnadey/apps/flutter_full_svg_support/test/golden_comparison/golden_comparison_test.dart: Golden Comparison Tests Golden: stroke_patterns matches browser render        119:50 +3438 ~2 -13: /Users/denisnadey/apps/flutter_full_svg_support/test/golden_comparison/golden_comparison_test.dart: Golden Comparison Tests Golden: stroke_patterns matches browser render        119:51 +3438 ~2 -13: /Users/denisnadey/apps/flutter_full_svg_support/test/golden_comparison/golden_comparison_test.dart: Golden Comparison Tests Golden: stroke_patterns matches browser render        119:52 +3438 ~2 -13: /Users/denisnadey/apps/flutter_full_svg_support/test/golden_comparison/golden_comparison_test.dart: Golden Comparison Tests Golden: stroke_patterns matches browser render        119:53 +3438 ~2 -13: /Users/denisnadey/apps/flutter_full_svg_support/test/golden_comparison/golden_comparison_test.dart: Golden Comparison Tests Golden: stroke_patterns matches browser render        119:54 +3438 ~2 -13: /Users/denisnadey/apps/flutter_full_svg_support/test/golden_comparison/golden_comparison_test.dart: Golden Comparison Tests Golden: stroke_patterns matches browser render        119:55 +3438 ~2 -13: /Users/denisnadey/apps/flutter_full_svg_support/test/golden_comparison/golden_comparison_test.dart: Golden Comparison Tests Golden: stroke_patterns matches browser render        119:56 +3438 ~2 -13: /Users/denisnadey/apps/flutter_full_svg_support/test/golden_comparison/golden_comparison_test.dart: Golden Comparison Tests Golden: stroke_patterns matches browser render        119:57 +3438 ~2 -13: /Users/denisnadey/apps/flutter_full_svg_support/test/golden_comparison/golden_comparison_test.dart: Golden Comparison Tests Golden: stroke_patterns matches browser render        119:58 +3438 ~2 -13: /Users/denisnadey/apps/flutter_full_svg_support/test/golden_comparison/golden_comparison_test.dart: Golden Comparison Tests Golden: stroke_patterns matches browser render        119:59 +3438 ~2 -13: /Users/denisnadey/apps/flutter_full_svg_support/test/golden_comparison/golden_comparison_test.dart: Golden Comparison Tests Golden: stroke_patterns matches browser render        120:00 +3438 ~2 -13: /Users/denisnadey/apps/flutter_full_svg_support/test/golden_comparison/golden_comparison_test.dart: Golden Comparison Tests Golden: stroke_patterns matches browser render        120:01 +3438 ~2 -13: /Users/denisnadey/apps/flutter_full_svg_support/test/golden_comparison/golden_comparison_test.dart: Golden Comparison Tests Golden: stroke_patterns matches browser render        120:02 +3438 ~2 -13: /Users/denisnadey/apps/flutter_full_svg_support/test/golden_comparison/golden_comparison_test.dart: Golden Comparison Tests Golden: stroke_patterns matches browser render        120:03 +3438 ~2 -13: /Users/denisnadey/apps/flutter_full_svg_support/test/golden_comparison/golden_comparison_test.dart: Golden Comparison Tests Golden: stroke_patterns matches browser render        120:04 +3438 ~2 -13: /Users/denisnadey/apps/flutter_full_svg_support/test/golden_comparison/golden_comparison_test.dart: Golden Comparison Tests Golden: stroke_patterns matches browser render        120:05 +3438 ~2 -13: /Users/denisnadey/apps/flutter_full_svg_support/test/golden_comparison/golden_comparison_test.dart: Golden Comparison Tests Golden: stroke_patterns matches browser render        120:06 +3438 ~2 -13: /Users/denisnadey/apps/flutter_full_svg_support/test/golden_comparison/golden_comparison_test.dart: Golden Comparison Tests Golden: stroke_patterns matches browser render        120:07 +3438 ~2 -13: /Users/denisnadey/apps/flutter_full_svg_support/test/golden_comparison/golden_comparison_test.dart: Golden Comparison Tests Golden: stroke_patterns matches browser render        120:08 +3438 ~2 -13: /Users/denisnadey/apps/flutter_full_svg_support/test/golden_comparison/golden_comparison_test.dart: Golden Comparison Tests Golden: stroke_patterns matches browser render        120:09 +3438 ~2 -13: /Users/denisnadey/apps/flutter_full_svg_support/test/golden_comparison/golden_comparison_test.dart: Golden Comparison Tests Golden: stroke_patterns matches browser render        120:10 +3438 ~2 -13: /Users/denisnadey/apps/flutter_full_svg_support/test/golden_comparison/golden_comparison_test.dart: Golden Comparison Tests Golden: stroke_patterns matches browser render        120:11 +3438 ~2 -13: /Users/denisnadey/apps/flutter_full_svg_support/test/golden_comparison/golden_comparison_test.dart: Golden Comparison Tests Golden: stroke_patterns matches browser render        120:12 +3438 ~2 -13: /Users/denisnadey/apps/flutter_full_svg_support/test/golden_comparison/golden_comparison_test.dart: Golden Comparison Tests Golden: stroke_patterns matches browser render        120:13 +3438 ~2 -13: /Users/denisnadey/apps/flutter_full_svg_support/test/golden_comparison/golden_comparison_test.dart: Golden Comparison Tests Golden: stroke_patterns matches browser render        120:14 +3438 ~2 -13: /Users/denisnadey/apps/flutter_full_svg_support/test/golden_comparison/golden_comparison_test.dart: Golden Comparison Tests Golden: stroke_patterns matches browser render        120:15 +3438 ~2 -13: /Users/denisnadey/apps/flutter_full_svg_support/test/golden_comparison/golden_comparison_test.dart: Golden Comparison Tests Golden: stroke_patterns matches browser render        120:16 +3438 ~2 -13: /Users/denisnadey/apps/flutter_full_svg_support/test/golden_comparison/golden_comparison_test.dart: Golden Comparison Tests Golden: stroke_patterns matches browser render        120:17 +3438 ~2 -13: /Users/denisnadey/apps/flutter_full_svg_support/test/golden_comparison/golden_comparison_test.dart: Golden Comparison Tests Golden: stroke_patterns matches browser render        120:18 +3438 ~2 -13: /Users/denisnadey/apps/flutter_full_svg_support/test/golden_comparison/golden_comparison_test.dart: Golden Comparison Tests Golden: stroke_patterns matches browser render        120:19 +3438 ~2 -13: /Users/denisnadey/apps/flutter_full_svg_support/test/golden_comparison/golden_comparison_test.dart: Golden Comparison Tests Golden: stroke_patterns matches browser render        120:20 +3438 ~2 -13: /Users/denisnadey/apps/flutter_full_svg_support/test/golden_comparison/golden_comparison_test.dart: Golden Comparison Tests Golden: stroke_patterns matches browser render        120:21 +3438 ~2 -13: /Users/denisnadey/apps/flutter_full_svg_support/test/golden_comparison/golden_comparison_test.dart: Golden Comparison Tests Golden: stroke_patterns matches browser render        120:22 +3438 ~2 -13: /Users/denisnadey/apps/flutter_full_svg_support/test/golden_comparison/golden_comparison_test.dart: Golden Comparison Tests Golden: stroke_patterns matches browser render        120:23 +3438 ~2 -13: /Users/denisnadey/apps/flutter_full_svg_support/test/golden_comparison/golden_comparison_test.dart: Golden Comparison Tests Golden: stroke_patterns matches browser render        120:24 +3438 ~2 -13: /Users/denisnadey/apps/flutter_full_svg_support/test/golden_comparison/golden_comparison_test.dart: Golden Comparison Tests Golden: stroke_patterns matches browser render        120:25 +3438 ~2 -13: /Users/denisnadey/apps/flutter_full_svg_support/test/golden_comparison/golden_comparison_test.dart: Golden Comparison Tests Golden: stroke_patterns matches browser render        120:26 +3438 ~2 -13: /Users/denisnadey/apps/flutter_full_svg_support/test/golden_comparison/golden_comparison_test.dart: Golden Comparison Tests Golden: stroke_patterns matches browser render        120:27 +3438 ~2 -13: /Users/denisnadey/apps/flutter_full_svg_support/test/golden_comparison/golden_comparison_test.dart: Golden Comparison Tests Golden: stroke_patterns matches browser render        120:28 +3438 ~2 -13: /Users/denisnadey/apps/flutter_full_svg_support/test/golden_comparison/golden_comparison_test.dart: Golden Comparison Tests Golden: stroke_patterns matches browser render        120:29 +3438 ~2 -13: /Users/denisnadey/apps/flutter_full_svg_support/test/golden_comparison/golden_comparison_test.dart: Golden Comparison Tests Golden: stroke_patterns matches browser render        120:30 +3438 ~2 -13: /Users/denisnadey/apps/flutter_full_svg_support/test/golden_comparison/golden_comparison_test.dart: Golden Comparison Tests Golden: stroke_patterns matches browser render        120:31 +3438 ~2 -13: /Users/denisnadey/apps/flutter_full_svg_support/test/golden_comparison/golden_comparison_test.dart: Golden Comparison Tests Golden: stroke_patterns matches browser render        120:32 +3438 ~2 -13: /Users/denisnadey/apps/flutter_full_svg_support/test/golden_comparison/golden_comparison_test.dart: Golden Comparison Tests Golden: stroke_patterns matches browser render        120:33 +3438 ~2 -13: /Users/denisnadey/apps/flutter_full_svg_support/test/golden_comparison/golden_comparison_test.dart: Golden Comparison Tests Golden: stroke_patterns matches browser render        120:34 +3438 ~2 -13: /Users/denisnadey/apps/flutter_full_svg_support/test/golden_comparison/golden_comparison_test.dart: Golden Comparison Tests Golden: stroke_patterns matches browser render        120:35 +3438 ~2 -13: /Users/denisnadey/apps/flutter_full_svg_support/test/golden_comparison/golden_comparison_test.dart: Golden Comparison Tests Golden: stroke_patterns matches browser render        120:36 +3438 ~2 -13: /Users/denisnadey/apps/flutter_full_svg_support/test/golden_comparison/golden_comparison_test.dart: Golden Comparison Tests Golden: stroke_patterns matches browser render        120:37 +3438 ~2 -13: /Users/denisnadey/apps/flutter_full_svg_support/test/golden_comparison/golden_comparison_test.dart: Golden Comparison Tests Golden: stroke_patterns matches browser render        120:38 +3438 ~2 -13: /Users/denisnadey/apps/flutter_full_svg_support/test/golden_comparison/golden_comparison_test.dart: Golden Comparison Tests Golden: stroke_patterns matches browser render        120:39 +3438 ~2 -13: /Users/denisnadey/apps/flutter_full_svg_support/test/golden_comparison/golden_comparison_test.dart: Golden Comparison Tests Golden: stroke_patterns matches browser render        120:40 +3438 ~2 -13: /Users/denisnadey/apps/flutter_full_svg_support/test/golden_comparison/golden_comparison_test.dart: Golden Comparison Tests Golden: stroke_patterns matches browser render        120:41 +3438 ~2 -13: /Users/denisnadey/apps/flutter_full_svg_support/test/golden_comparison/golden_comparison_test.dart: Golden Comparison Tests Golden: stroke_patterns matches browser render        120:42 +3438 ~2 -13: /Users/denisnadey/apps/flutter_full_svg_support/test/golden_comparison/golden_comparison_test.dart: Golden Comparison Tests Golden: stroke_patterns matches browser render        120:43 +3438 ~2 -13: /Users/denisnadey/apps/flutter_full_svg_support/test/golden_comparison/golden_comparison_test.dart: Golden Comparison Tests Golden: stroke_patterns matches browser render        120:44 +3438 ~2 -13: /Users/denisnadey/apps/flutter_full_svg_support/test/golden_comparison/golden_comparison_test.dart: Golden Comparison Tests Golden: stroke_patterns matches browser render        120:45 +3438 ~2 -13: /Users/denisnadey/apps/flutter_full_svg_support/test/golden_comparison/golden_comparison_test.dart: Golden Comparison Tests Golden: stroke_patterns matches browser render        120:46 +3438 ~2 -13: /Users/denisnadey/apps/flutter_full_svg_support/test/golden_comparison/golden_comparison_test.dart: Golden Comparison Tests Golden: stroke_patterns matches browser render        120:47 +3438 ~2 -13: /Users/denisnadey/apps/flutter_full_svg_support/test/golden_comparison/golden_comparison_test.dart: Golden Comparison Tests Golden: stroke_patterns matches browser render        120:48 +3438 ~2 -13: /Users/denisnadey/apps/flutter_full_svg_support/test/golden_comparison/golden_comparison_test.dart: Golden Comparison Tests Golden: stroke_patterns matches browser render        120:49 +3438 ~2 -13: /Users/denisnadey/apps/flutter_full_svg_support/test/golden_comparison/golden_comparison_test.dart: Golden Comparison Tests Golden: stroke_patterns matches browser render        120:50 +3438 ~2 -13: /Users/denisnadey/apps/flutter_full_svg_support/test/golden_comparison/golden_comparison_test.dart: Golden Comparison Tests Golden: stroke_patterns matches browser render        120:51 +3438 ~2 -13: /Users/denisnadey/apps/flutter_full_svg_support/test/golden_comparison/golden_comparison_test.dart: Golden Comparison Tests Golden: stroke_patterns matches browser render        120:52 +3438 ~2 -13: /Users/denisnadey/apps/flutter_full_svg_support/test/golden_comparison/golden_comparison_test.dart: Golden Comparison Tests Golden: stroke_patterns matches browser render        120:53 +3438 ~2 -13: /Users/denisnadey/apps/flutter_full_svg_support/test/golden_comparison/golden_comparison_test.dart: Golden Comparison Tests Golden: stroke_patterns matches browser render        120:54 +3438 ~2 -13: /Users/denisnadey/apps/flutter_full_svg_support/test/golden_comparison/golden_comparison_test.dart: Golden Comparison Tests Golden: stroke_patterns matches browser render        120:55 +3438 ~2 -13: /Users/denisnadey/apps/flutter_full_svg_support/test/golden_comparison/golden_comparison_test.dart: Golden Comparison Tests Golden: stroke_patterns matches browser render        120:56 +3438 ~2 -13: /Users/denisnadey/apps/flutter_full_svg_support/test/golden_comparison/golden_comparison_test.dart: Golden Comparison Tests Golden: stroke_patterns matches browser render        120:57 +3438 ~2 -13: /Users/denisnadey/apps/flutter_full_svg_support/test/golden_comparison/golden_comparison_test.dart: Golden Comparison Tests Golden: stroke_patterns matches browser render        120:58 +3438 ~2 -13: /Users/denisnadey/apps/flutter_full_svg_support/test/golden_comparison/golden_comparison_test.dart: Golden Comparison Tests Golden: stroke_patterns matches browser render        120:59 +3438 ~2 -13: /Users/denisnadey/apps/flutter_full_svg_support/test/golden_comparison/golden_comparison_test.dart: Golden Comparison Tests Golden: stroke_patterns matches browser render        121:00 +3438 ~2 -13: /Users/denisnadey/apps/flutter_full_svg_support/test/golden_comparison/golden_comparison_test.dart: Golden Comparison Tests Golden: stroke_patterns matches browser render        121:01 +3438 ~2 -13: /Users/denisnadey/apps/flutter_full_svg_support/test/golden_comparison/golden_comparison_test.dart: Golden Comparison Tests Golden: stroke_patterns matches browser render        121:02 +3438 ~2 -13: /Users/denisnadey/apps/flutter_full_svg_support/test/golden_comparison/golden_comparison_test.dart: Golden Comparison Tests Golden: stroke_patterns matches browser render        121:03 +3438 ~2 -13: /Users/denisnadey/apps/flutter_full_svg_support/test/golden_comparison/golden_comparison_test.dart: Golden Comparison Tests Golden: stroke_patterns matches browser render        121:04 +3438 ~2 -13: /Users/denisnadey/apps/flutter_full_svg_support/test/golden_comparison/golden_comparison_test.dart: Golden Comparison Tests Golden: stroke_patterns matches browser render        121:05 +3438 ~2 -13: /Users/denisnadey/apps/flutter_full_svg_support/test/golden_comparison/golden_comparison_test.dart: Golden Comparison Tests Golden: stroke_patterns matches browser render        121:06 +3438 ~2 -13: /Users/denisnadey/apps/flutter_full_svg_support/test/golden_comparison/golden_comparison_test.dart: Golden Comparison Tests Golden: stroke_patterns matches browser render        121:07 +3438 ~2 -13: /Users/denisnadey/apps/flutter_full_svg_support/test/golden_comparison/golden_comparison_test.dart: Golden Comparison Tests Golden: stroke_patterns matches browser render        121:08 +3438 ~2 -13: /Users/denisnadey/apps/flutter_full_svg_support/test/golden_comparison/golden_comparison_test.dart: Golden Comparison Tests Golden: stroke_patterns matches browser render        121:09 +3438 ~2 -13: /Users/denisnadey/apps/flutter_full_svg_support/test/golden_comparison/golden_comparison_test.dart: Golden Comparison Tests Golden: stroke_patterns matches browser render        121:10 +3438 ~2 -13: /Users/denisnadey/apps/flutter_full_svg_support/test/golden_comparison/golden_comparison_test.dart: Golden Comparison Tests Golden: stroke_patterns matches browser render        121:11 +3438 ~2 -13: /Users/denisnadey/apps/flutter_full_svg_support/test/golden_comparison/golden_comparison_test.dart: Golden Comparison Tests Golden: stroke_patterns matches browser render        121:12 +3438 ~2 -13: /Users/denisnadey/apps/flutter_full_svg_support/test/golden_comparison/golden_comparison_test.dart: Golden Comparison Tests Golden: stroke_patterns matches browser render        121:13 +3438 ~2 -13: /Users/denisnadey/apps/flutter_full_svg_support/test/golden_comparison/golden_comparison_test.dart: Golden Comparison Tests Golden: stroke_patterns matches browser render        121:14 +3438 ~2 -13: /Users/denisnadey/apps/flutter_full_svg_support/test/golden_comparison/golden_comparison_test.dart: Golden Comparison Tests Golden: stroke_patterns matches browser render        121:15 +3438 ~2 -13: /Users/denisnadey/apps/flutter_full_svg_support/test/golden_comparison/golden_comparison_test.dart: Golden Comparison Tests Golden: stroke_patterns matches browser render        121:16 +3438 ~2 -13: /Users/denisnadey/apps/flutter_full_svg_support/test/golden_comparison/golden_comparison_test.dart: Golden Comparison Tests Golden: stroke_patterns matches browser render        121:17 +3438 ~2 -13: /Users/denisnadey/apps/flutter_full_svg_support/test/golden_comparison/golden_comparison_test.dart: Golden Comparison Tests Golden: stroke_patterns matches browser render        121:18 +3438 ~2 -13: /Users/denisnadey/apps/flutter_full_svg_support/test/golden_comparison/golden_comparison_test.dart: Golden Comparison Tests Golden: stroke_patterns matches browser render        121:19 +3438 ~2 -13: /Users/denisnadey/apps/flutter_full_svg_support/test/golden_comparison/golden_comparison_test.dart: Golden Comparison Tests Golden: stroke_patterns matches browser render        121:20 +3438 ~2 -13: /Users/denisnadey/apps/flutter_full_svg_support/test/golden_comparison/golden_comparison_test.dart: Golden Comparison Tests Golden: stroke_patterns matches browser render        121:21 +3438 ~2 -13: /Users/denisnadey/apps/flutter_full_svg_support/test/golden_comparison/golden_comparison_test.dart: Golden Comparison Tests Golden: stroke_patterns matches browser render        121:22 +3438 ~2 -13: /Users/denisnadey/apps/flutter_full_svg_support/test/golden_comparison/golden_comparison_test.dart: Golden Comparison Tests Golden: stroke_patterns matches browser render        121:23 +3438 ~2 -13: /Users/denisnadey/apps/flutter_full_svg_support/test/golden_comparison/golden_comparison_test.dart: Golden Comparison Tests Golden: stroke_patterns matches browser render        121:24 +3438 ~2 -13: /Users/denisnadey/apps/flutter_full_svg_support/test/golden_comparison/golden_comparison_test.dart: Golden Comparison Tests Golden: stroke_patterns matches browser render        121:25 +3438 ~2 -13: /Users/denisnadey/apps/flutter_full_svg_support/test/golden_comparison/golden_comparison_test.dart: Golden Comparison Tests Golden: stroke_patterns matches browser render        121:26 +3438 ~2 -13: /Users/denisnadey/apps/flutter_full_svg_support/test/golden_comparison/golden_comparison_test.dart: Golden Comparison Tests Golden: stroke_patterns matches browser render        121:27 +3438 ~2 -13: /Users/denisnadey/apps/flutter_full_svg_support/test/golden_comparison/golden_comparison_test.dart: Golden Comparison Tests Golden: stroke_patterns matches browser render        121:28 +3438 ~2 -13: /Users/denisnadey/apps/flutter_full_svg_support/test/golden_comparison/golden_comparison_test.dart: Golden Comparison Tests Golden: stroke_patterns matches browser render        121:29 +3438 ~2 -13: /Users/denisnadey/apps/flutter_full_svg_support/test/golden_comparison/golden_comparison_test.dart: Golden Comparison Tests Golden: stroke_patterns matches browser render        121:30 +3438 ~2 -13: /Users/denisnadey/apps/flutter_full_svg_support/test/golden_comparison/golden_comparison_test.dart: Golden Comparison Tests Golden: stroke_patterns matches browser render        121:31 +3438 ~2 -13: /Users/denisnadey/apps/flutter_full_svg_support/test/golden_comparison/golden_comparison_test.dart: Golden Comparison Tests Golden: stroke_patterns matches browser render        121:32 +3438 ~2 -13: /Users/denisnadey/apps/flutter_full_svg_support/test/golden_comparison/golden_comparison_test.dart: Golden Comparison Tests Golden: stroke_patterns matches browser render        121:33 +3438 ~2 -13: /Users/denisnadey/apps/flutter_full_svg_support/test/golden_comparison/golden_comparison_test.dart: Golden Comparison Tests Golden: stroke_patterns matches browser render        121:34 +3438 ~2 -13: /Users/denisnadey/apps/flutter_full_svg_support/test/golden_comparison/golden_comparison_test.dart: Golden Comparison Tests Golden: stroke_patterns matches browser render        121:35 +3438 ~2 -13: /Users/denisnadey/apps/flutter_full_svg_support/test/golden_comparison/golden_comparison_test.dart: Golden Comparison Tests Golden: stroke_patterns matches browser render        121:36 +3438 ~2 -13: /Users/denisnadey/apps/flutter_full_svg_support/test/golden_comparison/golden_comparison_test.dart: Golden Comparison Tests Golden: stroke_patterns matches browser render        121:37 +3438 ~2 -13: /Users/denisnadey/apps/flutter_full_svg_support/test/golden_comparison/golden_comparison_test.dart: Golden Comparison Tests Golden: stroke_patterns matches browser render        121:38 +3438 ~2 -13: /Users/denisnadey/apps/flutter_full_svg_support/test/golden_comparison/golden_comparison_test.dart: Golden Comparison Tests Golden: stroke_patterns matches browser render        121:39 +3438 ~2 -13: /Users/denisnadey/apps/flutter_full_svg_support/test/golden_comparison/golden_comparison_test.dart: Golden Comparison Tests Golden: stroke_patterns matches browser render        121:40 +3438 ~2 -13: /Users/denisnadey/apps/flutter_full_svg_support/test/golden_comparison/golden_comparison_test.dart: Golden Comparison Tests Golden: stroke_patterns matches browser render        121:41 +3438 ~2 -13: /Users/denisnadey/apps/flutter_full_svg_support/test/golden_comparison/golden_comparison_test.dart: Golden Comparison Tests Golden: stroke_patterns matches browser render        121:42 +3438 ~2 -13: /Users/denisnadey/apps/flutter_full_svg_support/test/golden_comparison/golden_comparison_test.dart: Golden Comparison Tests Golden: stroke_patterns matches browser render        121:43 +3438 ~2 -13: /Users/denisnadey/apps/flutter_full_svg_support/test/golden_comparison/golden_comparison_test.dart: Golden Comparison Tests Golden: stroke_patterns matches browser render        121:44 +3438 ~2 -13: /Users/denisnadey/apps/flutter_full_svg_support/test/golden_comparison/golden_comparison_test.dart: Golden Comparison Tests Golden: stroke_patterns matches browser render        121:45 +3438 ~2 -13: /Users/denisnadey/apps/flutter_full_svg_support/test/golden_comparison/golden_comparison_test.dart: Golden Comparison Tests Golden: stroke_patterns matches browser render        121:46 +3438 ~2 -13: /Users/denisnadey/apps/flutter_full_svg_support/test/golden_comparison/golden_comparison_test.dart: Golden Comparison Tests Golden: stroke_patterns matches browser render        121:47 +3438 ~2 -13: /Users/denisnadey/apps/flutter_full_svg_support/test/golden_comparison/golden_comparison_test.dart: Golden Comparison Tests Golden: stroke_patterns matches browser render        121:48 +3438 ~2 -13: /Users/denisnadey/apps/flutter_full_svg_support/test/golden_comparison/golden_comparison_test.dart: Golden Comparison Tests Golden: stroke_patterns matches browser render        121:49 +3438 ~2 -13: /Users/denisnadey/apps/flutter_full_svg_support/test/golden_comparison/golden_comparison_test.dart: Golden Comparison Tests Golden: stroke_patterns matches browser render        121:50 +3438 ~2 -13: /Users/denisnadey/apps/flutter_full_svg_support/test/golden_comparison/golden_comparison_test.dart: Golden Comparison Tests Golden: stroke_patterns matches browser render        121:51 +3438 ~2 -13: /Users/denisnadey/apps/flutter_full_svg_support/test/golden_comparison/golden_comparison_test.dart: Golden Comparison Tests Golden: stroke_patterns matches browser render        121:52 +3438 ~2 -13: /Users/denisnadey/apps/flutter_full_svg_support/test/golden_comparison/golden_comparison_test.dart: Golden Comparison Tests Golden: stroke_patterns matches browser render        121:53 +3438 ~2 -13: /Users/denisnadey/apps/flutter_full_svg_support/test/golden_comparison/golden_comparison_test.dart: Golden Comparison Tests Golden: stroke_patterns matches browser render        121:54 +3438 ~2 -13: /Users/denisnadey/apps/flutter_full_svg_support/test/golden_comparison/golden_comparison_test.dart: Golden Comparison Tests Golden: stroke_patterns matches browser render        121:55 +3438 ~2 -13: /Users/denisnadey/apps/flutter_full_svg_support/test/golden_comparison/golden_comparison_test.dart: Golden Comparison Tests Golden: stroke_patterns matches browser render        121:56 +3438 ~2 -13: /Users/denisnadey/apps/flutter_full_svg_support/test/golden_comparison/golden_comparison_test.dart: Golden Comparison Tests Golden: stroke_patterns matches browser render        121:57 +3438 ~2 -13: /Users/denisnadey/apps/flutter_full_svg_support/test/golden_comparison/golden_comparison_test.dart: Golden Comparison Tests Golden: stroke_patterns matches browser render        121:58 +3438 ~2 -13: /Users/denisnadey/apps/flutter_full_svg_support/test/golden_comparison/golden_comparison_test.dart: Golden Comparison Tests Golden: stroke_patterns matches browser render        121:59 +3438 ~2 -13: /Users/denisnadey/apps/flutter_full_svg_support/test/golden_comparison/golden_comparison_test.dart: Golden Comparison Tests Golden: stroke_patterns matches browser render        122:00 +3438 ~2 -13: /Users/denisnadey/apps/flutter_full_svg_support/test/golden_comparison/golden_comparison_test.dart: Golden Comparison Tests Golden: stroke_patterns matches browser render        122:01 +3438 ~2 -13: /Users/denisnadey/apps/flutter_full_svg_support/test/golden_comparison/golden_comparison_test.dart: Golden Comparison Tests Golden: stroke_patterns matches browser render        122:02 +3438 ~2 -13: /Users/denisnadey/apps/flutter_full_svg_support/test/golden_comparison/golden_comparison_test.dart: Golden Comparison Tests Golden: stroke_patterns matches browser render        122:03 +3438 ~2 -13: /Users/denisnadey/apps/flutter_full_svg_support/test/golden_comparison/golden_comparison_test.dart: Golden Comparison Tests Golden: stroke_patterns matches browser render        122:04 +3438 ~2 -13: /Users/denisnadey/apps/flutter_full_svg_support/test/golden_comparison/golden_comparison_test.dart: Golden Comparison Tests Golden: stroke_patterns matches browser render        122:05 +3438 ~2 -13: /Users/denisnadey/apps/flutter_full_svg_support/test/golden_comparison/golden_comparison_test.dart: Golden Comparison Tests Golden: stroke_patterns matches browser render        122:06 +3438 ~2 -13: /Users/denisnadey/apps/flutter_full_svg_support/test/golden_comparison/golden_comparison_test.dart: Golden Comparison Tests Golden: stroke_patterns matches browser render        122:07 +3438 ~2 -13: /Users/denisnadey/apps/flutter_full_svg_support/test/golden_comparison/golden_comparison_test.dart: Golden Comparison Tests Golden: stroke_patterns matches browser render        122:08 +3438 ~2 -13: /Users/denisnadey/apps/flutter_full_svg_support/test/golden_comparison/golden_comparison_test.dart: Golden Comparison Tests Golden: stroke_patterns matches browser render        122:09 +3438 ~2 -13: /Users/denisnadey/apps/flutter_full_svg_support/test/golden_comparison/golden_comparison_test.dart: Golden Comparison Tests Golden: stroke_patterns matches browser render        122:10 +3438 ~2 -13: /Users/denisnadey/apps/flutter_full_svg_support/test/golden_comparison/golden_comparison_test.dart: Golden Comparison Tests Golden: stroke_patterns matches browser render        122:11 +3438 ~2 -13: /Users/denisnadey/apps/flutter_full_svg_support/test/golden_comparison/golden_comparison_test.dart: Golden Comparison Tests Golden: stroke_patterns matches browser render        122:12 +3438 ~2 -13: /Users/denisnadey/apps/flutter_full_svg_support/test/golden_comparison/golden_comparison_test.dart: Golden Comparison Tests Golden: stroke_patterns matches browser render        122:13 +3438 ~2 -13: /Users/denisnadey/apps/flutter_full_svg_support/test/golden_comparison/golden_comparison_test.dart: Golden Comparison Tests Golden: stroke_patterns matches browser render        122:14 +3438 ~2 -13: /Users/denisnadey/apps/flutter_full_svg_support/test/golden_comparison/golden_comparison_test.dart: Golden Comparison Tests Golden: stroke_patterns matches browser render        122:15 +3438 ~2 -13: /Users/denisnadey/apps/flutter_full_svg_support/test/golden_comparison/golden_comparison_test.dart: Golden Comparison Tests Golden: stroke_patterns matches browser render        122:16 +3438 ~2 -13: /Users/denisnadey/apps/flutter_full_svg_support/test/golden_comparison/golden_comparison_test.dart: Golden Comparison Tests Golden: stroke_patterns matches browser render        122:17 +3438 ~2 -13: /Users/denisnadey/apps/flutter_full_svg_support/test/golden_comparison/golden_comparison_test.dart: Golden Comparison Tests Golden: stroke_patterns matches browser render        122:18 +3438 ~2 -13: /Users/denisnadey/apps/flutter_full_svg_support/test/golden_comparison/golden_comparison_test.dart: Golden Comparison Tests Golden: stroke_patterns matches browser render        122:19 +3438 ~2 -13: /Users/denisnadey/apps/flutter_full_svg_support/test/golden_comparison/golden_comparison_test.dart: Golden Comparison Tests Golden: stroke_patterns matches browser render        122:20 +3438 ~2 -13: /Users/denisnadey/apps/flutter_full_svg_support/test/golden_comparison/golden_comparison_test.dart: Golden Comparison Tests Golden: stroke_patterns matches browser render        122:21 +3438 ~2 -13: /Users/denisnadey/apps/flutter_full_svg_support/test/golden_comparison/golden_comparison_test.dart: Golden Comparison Tests Golden: stroke_patterns matches browser render        122:22 +3438 ~2 -13: /Users/denisnadey/apps/flutter_full_svg_support/test/golden_comparison/golden_comparison_test.dart: Golden Comparison Tests Golden: stroke_patterns matches browser render        122:23 +3438 ~2 -13: /Users/denisnadey/apps/flutter_full_svg_support/test/golden_comparison/golden_comparison_test.dart: Golden Comparison Tests Golden: stroke_patterns matches browser render        122:24 +3438 ~2 -13: /Users/denisnadey/apps/flutter_full_svg_support/test/golden_comparison/golden_comparison_test.dart: Golden Comparison Tests Golden: stroke_patterns matches browser render        122:25 +3438 ~2 -13: /Users/denisnadey/apps/flutter_full_svg_support/test/golden_comparison/golden_comparison_test.dart: Golden Comparison Tests Golden: stroke_patterns matches browser render        122:26 +3438 ~2 -13: /Users/denisnadey/apps/flutter_full_svg_support/test/golden_comparison/golden_comparison_test.dart: Golden Comparison Tests Golden: stroke_patterns matches browser render        122:27 +3438 ~2 -13: /Users/denisnadey/apps/flutter_full_svg_support/test/golden_comparison/golden_comparison_test.dart: Golden Comparison Tests Golden: stroke_patterns matches browser render        122:28 +3438 ~2 -13: /Users/denisnadey/apps/flutter_full_svg_support/test/golden_comparison/golden_comparison_test.dart: Golden Comparison Tests Golden: stroke_patterns matches browser render        122:29 +3438 ~2 -13: /Users/denisnadey/apps/flutter_full_svg_support/test/golden_comparison/golden_comparison_test.dart: Golden Comparison Tests Golden: stroke_patterns matches browser render        122:30 +3438 ~2 -13: /Users/denisnadey/apps/flutter_full_svg_support/test/golden_comparison/golden_comparison_test.dart: Golden Comparison Tests Golden: stroke_patterns matches browser render        122:31 +3438 ~2 -13: /Users/denisnadey/apps/flutter_full_svg_support/test/golden_comparison/golden_comparison_test.dart: Golden Comparison Tests Golden: stroke_patterns matches browser render        122:32 +3438 ~2 -13: /Users/denisnadey/apps/flutter_full_svg_support/test/golden_comparison/golden_comparison_test.dart: Golden Comparison Tests Golden: stroke_patterns matches browser render        122:33 +3438 ~2 -13: /Users/denisnadey/apps/flutter_full_svg_support/test/golden_comparison/golden_comparison_test.dart: Golden Comparison Tests Golden: stroke_patterns matches browser render        122:34 +3438 ~2 -13: /Users/denisnadey/apps/flutter_full_svg_support/test/golden_comparison/golden_comparison_test.dart: Golden Comparison Tests Golden: stroke_patterns matches browser render        122:35 +3438 ~2 -13: /Users/denisnadey/apps/flutter_full_svg_support/test/golden_comparison/golden_comparison_test.dart: Golden Comparison Tests Golden: stroke_patterns matches browser render        122:36 +3438 ~2 -13: /Users/denisnadey/apps/flutter_full_svg_support/test/golden_comparison/golden_comparison_test.dart: Golden Comparison Tests Golden: stroke_patterns matches browser render        122:37 +3438 ~2 -13: /Users/denisnadey/apps/flutter_full_svg_support/test/golden_comparison/golden_comparison_test.dart: Golden Comparison Tests Golden: stroke_patterns matches browser render        122:38 +3438 ~2 -13: /Users/denisnadey/apps/flutter_full_svg_support/test/golden_comparison/golden_comparison_test.dart: Golden Comparison Tests Golden: stroke_patterns matches browser render        122:39 +3438 ~2 -13: /Users/denisnadey/apps/flutter_full_svg_support/test/golden_comparison/golden_comparison_test.dart: Golden Comparison Tests Golden: stroke_patterns matches browser render        122:40 +3438 ~2 -13: /Users/denisnadey/apps/flutter_full_svg_support/test/golden_comparison/golden_comparison_test.dart: Golden Comparison Tests Golden: stroke_patterns matches browser render        122:41 +3438 ~2 -13: /Users/denisnadey/apps/flutter_full_svg_support/test/golden_comparison/golden_comparison_test.dart: Golden Comparison Tests Golden: stroke_patterns matches browser render        122:42 +3438 ~2 -13: /Users/denisnadey/apps/flutter_full_svg_support/test/golden_comparison/golden_comparison_test.dart: Golden Comparison Tests Golden: stroke_patterns matches browser render        122:43 +3438 ~2 -13: /Users/denisnadey/apps/flutter_full_svg_support/test/golden_comparison/golden_comparison_test.dart: Golden Comparison Tests Golden: stroke_patterns matches browser render        122:44 +3438 ~2 -13: /Users/denisnadey/apps/flutter_full_svg_support/test/golden_comparison/golden_comparison_test.dart: Golden Comparison Tests Golden: stroke_patterns matches browser render        122:45 +3438 ~2 -13: /Users/denisnadey/apps/flutter_full_svg_support/test/golden_comparison/golden_comparison_test.dart: Golden Comparison Tests Golden: stroke_patterns matches browser render        122:46 +3438 ~2 -13: /Users/denisnadey/apps/flutter_full_svg_support/test/golden_comparison/golden_comparison_test.dart: Golden Comparison Tests Golden: stroke_patterns matches browser render        122:47 +3438 ~2 -13: /Users/denisnadey/apps/flutter_full_svg_support/test/golden_comparison/golden_comparison_test.dart: Golden Comparison Tests Golden: stroke_patterns matches browser render        122:48 +3438 ~2 -13: /Users/denisnadey/apps/flutter_full_svg_support/test/golden_comparison/golden_comparison_test.dart: Golden Comparison Tests Golden: stroke_patterns matches browser render        122:49 +3438 ~2 -13: /Users/denisnadey/apps/flutter_full_svg_support/test/golden_comparison/golden_comparison_test.dart: Golden Comparison Tests Golden: stroke_patterns matches browser render        122:50 +3438 ~2 -13: /Users/denisnadey/apps/flutter_full_svg_support/test/golden_comparison/golden_comparison_test.dart: Golden Comparison Tests Golden: stroke_patterns matches browser render        122:51 +3438 ~2 -13: /Users/denisnadey/apps/flutter_full_svg_support/test/golden_comparison/golden_comparison_test.dart: Golden Comparison Tests Golden: stroke_patterns matches browser render        122:52 +3438 ~2 -13: /Users/denisnadey/apps/flutter_full_svg_support/test/golden_comparison/golden_comparison_test.dart: Golden Comparison Tests Golden: stroke_patterns matches browser render        122:53 +3438 ~2 -13: /Users/denisnadey/apps/flutter_full_svg_support/test/golden_comparison/golden_comparison_test.dart: Golden Comparison Tests Golden: stroke_patterns matches browser render        122:54 +3438 ~2 -13: /Users/denisnadey/apps/flutter_full_svg_support/test/golden_comparison/golden_comparison_test.dart: Golden Comparison Tests Golden: stroke_patterns matches browser render        122:55 +3438 ~2 -13: /Users/denisnadey/apps/flutter_full_svg_support/test/golden_comparison/golden_comparison_test.dart: Golden Comparison Tests Golden: stroke_patterns matches browser render        122:56 +3438 ~2 -13: /Users/denisnadey/apps/flutter_full_svg_support/test/golden_comparison/golden_comparison_test.dart: Golden Comparison Tests Golden: stroke_patterns matches browser render        122:57 +3438 ~2 -13: /Users/denisnadey/apps/flutter_full_svg_support/test/golden_comparison/golden_comparison_test.dart: Golden Comparison Tests Golden: stroke_patterns matches browser render        122:58 +3438 ~2 -13: /Users/denisnadey/apps/flutter_full_svg_support/test/golden_comparison/golden_comparison_test.dart: Golden Comparison Tests Golden: stroke_patterns matches browser render        122:59 +3438 ~2 -13: /Users/denisnadey/apps/flutter_full_svg_support/test/golden_comparison/golden_comparison_test.dart: Golden Comparison Tests Golden: stroke_patterns matches browser render        123:00 +3438 ~2 -13: /Users/denisnadey/apps/flutter_full_svg_support/test/golden_comparison/golden_comparison_test.dart: Golden Comparison Tests Golden: stroke_patterns matches browser render        123:01 +3438 ~2 -13: /Users/denisnadey/apps/flutter_full_svg_support/test/golden_comparison/golden_comparison_test.dart: Golden Comparison Tests Golden: stroke_patterns matches browser render        123:02 +3438 ~2 -13: /Users/denisnadey/apps/flutter_full_svg_support/test/golden_comparison/golden_comparison_test.dart: Golden Comparison Tests Golden: stroke_patterns matches browser render        123:03 +3438 ~2 -13: /Users/denisnadey/apps/flutter_full_svg_support/test/golden_comparison/golden_comparison_test.dart: Golden Comparison Tests Golden: stroke_patterns matches browser render        123:04 +3438 ~2 -13: /Users/denisnadey/apps/flutter_full_svg_support/test/golden_comparison/golden_comparison_test.dart: Golden Comparison Tests Golden: stroke_patterns matches browser render        123:05 +3438 ~2 -13: /Users/denisnadey/apps/flutter_full_svg_support/test/golden_comparison/golden_comparison_test.dart: Golden Comparison Tests Golden: stroke_patterns matches browser render        123:06 +3438 ~2 -13: /Users/denisnadey/apps/flutter_full_svg_support/test/golden_comparison/golden_comparison_test.dart: Golden Comparison Tests Golden: stroke_patterns matches browser render        123:07 +3438 ~2 -13: /Users/denisnadey/apps/flutter_full_svg_support/test/golden_comparison/golden_comparison_test.dart: Golden Comparison Tests Golden: stroke_patterns matches browser render        123:08 +3438 ~2 -13: /Users/denisnadey/apps/flutter_full_svg_support/test/golden_comparison/golden_comparison_test.dart: Golden Comparison Tests Golden: stroke_patterns matches browser render        123:09 +3438 ~2 -13: /Users/denisnadey/apps/flutter_full_svg_support/test/golden_comparison/golden_comparison_test.dart: Golden Comparison Tests Golden: stroke_patterns matches browser render        123:10 +3438 ~2 -13: /Users/denisnadey/apps/flutter_full_svg_support/test/golden_comparison/golden_comparison_test.dart: Golden Comparison Tests Golden: stroke_patterns matches browser render        123:11 +3438 ~2 -13: /Users/denisnadey/apps/flutter_full_svg_support/test/golden_comparison/golden_comparison_test.dart: Golden Comparison Tests Golden: stroke_patterns matches browser render        123:12 +3438 ~2 -13: /Users/denisnadey/apps/flutter_full_svg_support/test/golden_comparison/golden_comparison_test.dart: Golden Comparison Tests Golden: stroke_patterns matches browser render        123:13 +3438 ~2 -13: /Users/denisnadey/apps/flutter_full_svg_support/test/golden_comparison/golden_comparison_test.dart: Golden Comparison Tests Golden: stroke_patterns matches browser render        123:14 +3438 ~2 -13: /Users/denisnadey/apps/flutter_full_svg_support/test/golden_comparison/golden_comparison_test.dart: Golden Comparison Tests Golden: stroke_patterns matches browser render        123:15 +3438 ~2 -13: /Users/denisnadey/apps/flutter_full_svg_support/test/golden_comparison/golden_comparison_test.dart: Golden Comparison Tests Golden: stroke_patterns matches browser render        123:16 +3438 ~2 -13: /Users/denisnadey/apps/flutter_full_svg_support/test/golden_comparison/golden_comparison_test.dart: Golden Comparison Tests Golden: stroke_patterns matches browser render        123:17 +3438 ~2 -13: /Users/denisnadey/apps/flutter_full_svg_support/test/golden_comparison/golden_comparison_test.dart: Golden Comparison Tests Golden: stroke_patterns matches browser render        123:18 +3438 ~2 -13: /Users/denisnadey/apps/flutter_full_svg_support/test/golden_comparison/golden_comparison_test.dart: Golden Comparison Tests Golden: stroke_patterns matches browser render        123:19 +3438 ~2 -13: /Users/denisnadey/apps/flutter_full_svg_support/test/golden_comparison/golden_comparison_test.dart: Golden Comparison Tests Golden: stroke_patterns matches browser render        123:20 +3438 ~2 -13: /Users/denisnadey/apps/flutter_full_svg_support/test/golden_comparison/golden_comparison_test.dart: Golden Comparison Tests Golden: stroke_patterns matches browser render        123:21 +3438 ~2 -13: /Users/denisnadey/apps/flutter_full_svg_support/test/golden_comparison/golden_comparison_test.dart: Golden Comparison Tests Golden: stroke_patterns matches browser render        123:22 +3438 ~2 -13: /Users/denisnadey/apps/flutter_full_svg_support/test/golden_comparison/golden_comparison_test.dart: Golden Comparison Tests Golden: stroke_patterns matches browser render        123:23 +3438 ~2 -13: /Users/denisnadey/apps/flutter_full_svg_support/test/golden_comparison/golden_comparison_test.dart: Golden Comparison Tests Golden: stroke_patterns matches browser render        123:24 +3438 ~2 -13: /Users/denisnadey/apps/flutter_full_svg_support/test/golden_comparison/golden_comparison_test.dart: Golden Comparison Tests Golden: stroke_patterns matches browser render        123:25 +3438 ~2 -13: /Users/denisnadey/apps/flutter_full_svg_support/test/golden_comparison/golden_comparison_test.dart: Golden Comparison Tests Golden: stroke_patterns matches browser render        123:26 +3438 ~2 -13: /Users/denisnadey/apps/flutter_full_svg_support/test/golden_comparison/golden_comparison_test.dart: Golden Comparison Tests Golden: stroke_patterns matches browser render        123:27 +3438 ~2 -13: /Users/denisnadey/apps/flutter_full_svg_support/test/golden_comparison/golden_comparison_test.dart: Golden Comparison Tests Golden: stroke_patterns matches browser render        123:28 +3438 ~2 -13: /Users/denisnadey/apps/flutter_full_svg_support/test/golden_comparison/golden_comparison_test.dart: Golden Comparison Tests Golden: stroke_patterns matches browser render        123:29 +3438 ~2 -13: /Users/denisnadey/apps/flutter_full_svg_support/test/golden_comparison/golden_comparison_test.dart: Golden Comparison Tests Golden: stroke_patterns matches browser render        123:30 +3438 ~2 -13: /Users/denisnadey/apps/flutter_full_svg_support/test/golden_comparison/golden_comparison_test.dart: Golden Comparison Tests Golden: stroke_patterns matches browser render        123:31 +3438 ~2 -13: /Users/denisnadey/apps/flutter_full_svg_support/test/golden_comparison/golden_comparison_test.dart: Golden Comparison Tests Golden: stroke_patterns matches browser render        123:32 +3438 ~2 -13: /Users/denisnadey/apps/flutter_full_svg_support/test/golden_comparison/golden_comparison_test.dart: Golden Comparison Tests Golden: stroke_patterns matches browser render        123:33 +3438 ~2 -13: /Users/denisnadey/apps/flutter_full_svg_support/test/golden_comparison/golden_comparison_test.dart: Golden Comparison Tests Golden: stroke_patterns matches browser render        123:34 +3438 ~2 -13: /Users/denisnadey/apps/flutter_full_svg_support/test/golden_comparison/golden_comparison_test.dart: Golden Comparison Tests Golden: stroke_patterns matches browser render        123:35 +3438 ~2 -13: /Users/denisnadey/apps/flutter_full_svg_support/test/golden_comparison/golden_comparison_test.dart: Golden Comparison Tests Golden: stroke_patterns matches browser render        123:36 +3438 ~2 -13: /Users/denisnadey/apps/flutter_full_svg_support/test/golden_comparison/golden_comparison_test.dart: Golden Comparison Tests Golden: stroke_patterns matches browser render        123:37 +3438 ~2 -13: /Users/denisnadey/apps/flutter_full_svg_support/test/golden_comparison/golden_comparison_test.dart: Golden Comparison Tests Golden: stroke_patterns matches browser render        123:38 +3438 ~2 -13: /Users/denisnadey/apps/flutter_full_svg_support/test/golden_comparison/golden_comparison_test.dart: Golden Comparison Tests Golden: stroke_patterns matches browser render        123:39 +3438 ~2 -13: /Users/denisnadey/apps/flutter_full_svg_support/test/golden_comparison/golden_comparison_test.dart: Golden Comparison Tests Golden: stroke_patterns matches browser render        123:40 +3438 ~2 -13: /Users/denisnadey/apps/flutter_full_svg_support/test/golden_comparison/golden_comparison_test.dart: Golden Comparison Tests Golden: stroke_patterns matches browser render        123:41 +3438 ~2 -13: /Users/denisnadey/apps/flutter_full_svg_support/test/golden_comparison/golden_comparison_test.dart: Golden Comparison Tests Golden: stroke_patterns matches browser render        123:42 +3438 ~2 -13: /Users/denisnadey/apps/flutter_full_svg_support/test/golden_comparison/golden_comparison_test.dart: Golden Comparison Tests Golden: stroke_patterns matches browser render        123:43 +3438 ~2 -13: /Users/denisnadey/apps/flutter_full_svg_support/test/golden_comparison/golden_comparison_test.dart: Golden Comparison Tests Golden: stroke_patterns matches browser render        123:44 +3438 ~2 -13: /Users/denisnadey/apps/flutter_full_svg_support/test/golden_comparison/golden_comparison_test.dart: Golden Comparison Tests Golden: stroke_patterns matches browser render        123:45 +3438 ~2 -13: /Users/denisnadey/apps/flutter_full_svg_support/test/golden_comparison/golden_comparison_test.dart: Golden Comparison Tests Golden: stroke_patterns matches browser render        123:46 +3438 ~2 -13: /Users/denisnadey/apps/flutter_full_svg_support/test/golden_comparison/golden_comparison_test.dart: Golden Comparison Tests Golden: stroke_patterns matches browser render        123:47 +3438 ~2 -13: /Users/denisnadey/apps/flutter_full_svg_support/test/golden_comparison/golden_comparison_test.dart: Golden Comparison Tests Golden: stroke_patterns matches browser render        123:48 +3438 ~2 -13: /Users/denisnadey/apps/flutter_full_svg_support/test/golden_comparison/golden_comparison_test.dart: Golden Comparison Tests Golden: stroke_patterns matches browser render        123:49 +3438 ~2 -13: /Users/denisnadey/apps/flutter_full_svg_support/test/golden_comparison/golden_comparison_test.dart: Golden Comparison Tests Golden: stroke_patterns matches browser render        123:50 +3438 ~2 -13: /Users/denisnadey/apps/flutter_full_svg_support/test/golden_comparison/golden_comparison_test.dart: Golden Comparison Tests Golden: stroke_patterns matches browser render        123:51 +3438 ~2 -13: /Users/denisnadey/apps/flutter_full_svg_support/test/golden_comparison/golden_comparison_test.dart: Golden Comparison Tests Golden: stroke_patterns matches browser render        123:52 +3438 ~2 -13: /Users/denisnadey/apps/flutter_full_svg_support/test/golden_comparison/golden_comparison_test.dart: Golden Comparison Tests Golden: stroke_patterns matches browser render        123:53 +3438 ~2 -13: /Users/denisnadey/apps/flutter_full_svg_support/test/golden_comparison/golden_comparison_test.dart: Golden Comparison Tests Golden: stroke_patterns matches browser render        123:54 +3438 ~2 -13: /Users/denisnadey/apps/flutter_full_svg_support/test/golden_comparison/golden_comparison_test.dart: Golden Comparison Tests Golden: stroke_patterns matches browser render        123:55 +3438 ~2 -13: /Users/denisnadey/apps/flutter_full_svg_support/test/golden_comparison/golden_comparison_test.dart: Golden Comparison Tests Golden: stroke_patterns matches browser render        123:56 +3438 ~2 -13: /Users/denisnadey/apps/flutter_full_svg_support/test/golden_comparison/golden_comparison_test.dart: Golden Comparison Tests Golden: stroke_patterns matches browser render        123:57 +3438 ~2 -13: /Users/denisnadey/apps/flutter_full_svg_support/test/golden_comparison/golden_comparison_test.dart: Golden Comparison Tests Golden: stroke_patterns matches browser render        123:58 +3438 ~2 -13: /Users/denisnadey/apps/flutter_full_svg_support/test/golden_comparison/golden_comparison_test.dart: Golden Comparison Tests Golden: stroke_patterns matches browser render        123:59 +3438 ~2 -13: /Users/denisnadey/apps/flutter_full_svg_support/test/golden_comparison/golden_comparison_test.dart: Golden Comparison Tests Golden: stroke_patterns matches browser render        124:00 +3438 ~2 -13: /Users/denisnadey/apps/flutter_full_svg_support/test/golden_comparison/golden_comparison_test.dart: Golden Comparison Tests Golden: stroke_patterns matches browser render        124:01 +3438 ~2 -13: /Users/denisnadey/apps/flutter_full_svg_support/test/golden_comparison/golden_comparison_test.dart: Golden Comparison Tests Golden: stroke_patterns matches browser render        124:02 +3438 ~2 -13: /Users/denisnadey/apps/flutter_full_svg_support/test/golden_comparison/golden_comparison_test.dart: Golden Comparison Tests Golden: stroke_patterns matches browser render        124:03 +3438 ~2 -13: /Users/denisnadey/apps/flutter_full_svg_support/test/golden_comparison/golden_comparison_test.dart: Golden Comparison Tests Golden: stroke_patterns matches browser render        124:04 +3438 ~2 -13: /Users/denisnadey/apps/flutter_full_svg_support/test/golden_comparison/golden_comparison_test.dart: Golden Comparison Tests Golden: stroke_patterns matches browser render        124:05 +3438 ~2 -13: /Users/denisnadey/apps/flutter_full_svg_support/test/golden_comparison/golden_comparison_test.dart: Golden Comparison Tests Golden: stroke_patterns matches browser render        124:06 +3438 ~2 -13: /Users/denisnadey/apps/flutter_full_svg_support/test/golden_comparison/golden_comparison_test.dart: Golden Comparison Tests Golden: stroke_patterns matches browser render        124:07 +3438 ~2 -13: /Users/denisnadey/apps/flutter_full_svg_support/test/golden_comparison/golden_comparison_test.dart: Golden Comparison Tests Golden: stroke_patterns matches browser render        124:08 +3438 ~2 -13: /Users/denisnadey/apps/flutter_full_svg_support/test/golden_comparison/golden_comparison_test.dart: Golden Comparison Tests Golden: stroke_patterns matches browser render        124:09 +3438 ~2 -13: /Users/denisnadey/apps/flutter_full_svg_support/test/golden_comparison/golden_comparison_test.dart: Golden Comparison Tests Golden: stroke_patterns matches browser render        124:10 +3438 ~2 -13: /Users/denisnadey/apps/flutter_full_svg_support/test/golden_comparison/golden_comparison_test.dart: Golden Comparison Tests Golden: stroke_patterns matches browser render        124:11 +3438 ~2 -13: /Users/denisnadey/apps/flutter_full_svg_support/test/golden_comparison/golden_comparison_test.dart: Golden Comparison Tests Golden: stroke_patterns matches browser render        124:12 +3438 ~2 -13: /Users/denisnadey/apps/flutter_full_svg_support/test/golden_comparison/golden_comparison_test.dart: Golden Comparison Tests Golden: stroke_patterns matches browser render        124:13 +3438 ~2 -13: /Users/denisnadey/apps/flutter_full_svg_support/test/golden_comparison/golden_comparison_test.dart: Golden Comparison Tests Golden: stroke_patterns matches browser render        124:14 +3438 ~2 -13: /Users/denisnadey/apps/flutter_full_svg_support/test/golden_comparison/golden_comparison_test.dart: Golden Comparison Tests Golden: stroke_patterns matches browser render        124:15 +3438 ~2 -13: /Users/denisnadey/apps/flutter_full_svg_support/test/golden_comparison/golden_comparison_test.dart: Golden Comparison Tests Golden: stroke_patterns matches browser render        124:16 +3438 ~2 -13: /Users/denisnadey/apps/flutter_full_svg_support/test/golden_comparison/golden_comparison_test.dart: Golden Comparison Tests Golden: stroke_patterns matches browser render        124:17 +3438 ~2 -13: /Users/denisnadey/apps/flutter_full_svg_support/test/golden_comparison/golden_comparison_test.dart: Golden Comparison Tests Golden: stroke_patterns matches browser render        124:18 +3438 ~2 -13: /Users/denisnadey/apps/flutter_full_svg_support/test/golden_comparison/golden_comparison_test.dart: Golden Comparison Tests Golden: stroke_patterns matches browser render        124:19 +3438 ~2 -13: /Users/denisnadey/apps/flutter_full_svg_support/test/golden_comparison/golden_comparison_test.dart: Golden Comparison Tests Golden: stroke_patterns matches browser render        124:20 +3438 ~2 -13: /Users/denisnadey/apps/flutter_full_svg_support/test/golden_comparison/golden_comparison_test.dart: Golden Comparison Tests Golden: stroke_patterns matches browser render        124:21 +3438 ~2 -13: /Users/denisnadey/apps/flutter_full_svg_support/test/golden_comparison/golden_comparison_test.dart: Golden Comparison Tests Golden: stroke_patterns matches browser render        124:22 +3438 ~2 -13: /Users/denisnadey/apps/flutter_full_svg_support/test/golden_comparison/golden_comparison_test.dart: Golden Comparison Tests Golden: stroke_patterns matches browser render        124:23 +3438 ~2 -13: /Users/denisnadey/apps/flutter_full_svg_support/test/golden_comparison/golden_comparison_test.dart: Golden Comparison Tests Golden: stroke_patterns matches browser render        124:24 +3438 ~2 -13: /Users/denisnadey/apps/flutter_full_svg_support/test/golden_comparison/golden_comparison_test.dart: Golden Comparison Tests Golden: stroke_patterns matches browser render        124:25 +3438 ~2 -13: /Users/denisnadey/apps/flutter_full_svg_support/test/golden_comparison/golden_comparison_test.dart: Golden Comparison Tests Golden: stroke_patterns matches browser render        124:26 +3438 ~2 -13: /Users/denisnadey/apps/flutter_full_svg_support/test/golden_comparison/golden_comparison_test.dart: Golden Comparison Tests Golden: stroke_patterns matches browser render        124:27 +3438 ~2 -13: /Users/denisnadey/apps/flutter_full_svg_support/test/golden_comparison/golden_comparison_test.dart: Golden Comparison Tests Golden: stroke_patterns matches browser render        124:28 +3438 ~2 -13: /Users/denisnadey/apps/flutter_full_svg_support/test/golden_comparison/golden_comparison_test.dart: Golden Comparison Tests Golden: stroke_patterns matches browser render        124:29 +3438 ~2 -13: /Users/denisnadey/apps/flutter_full_svg_support/test/golden_comparison/golden_comparison_test.dart: Golden Comparison Tests Golden: stroke_patterns matches browser render        124:30 +3438 ~2 -13: /Users/denisnadey/apps/flutter_full_svg_support/test/golden_comparison/golden_comparison_test.dart: Golden Comparison Tests Golden: stroke_patterns matches browser render        124:31 +3438 ~2 -13: /Users/denisnadey/apps/flutter_full_svg_support/test/golden_comparison/golden_comparison_test.dart: Golden Comparison Tests Golden: stroke_patterns matches browser render        124:32 +3438 ~2 -13: /Users/denisnadey/apps/flutter_full_svg_support/test/golden_comparison/golden_comparison_test.dart: Golden Comparison Tests Golden: stroke_patterns matches browser render        124:33 +3438 ~2 -13: /Users/denisnadey/apps/flutter_full_svg_support/test/golden_comparison/golden_comparison_test.dart: Golden Comparison Tests Golden: stroke_patterns matches browser render        124:34 +3438 ~2 -13: /Users/denisnadey/apps/flutter_full_svg_support/test/golden_comparison/golden_comparison_test.dart: Golden Comparison Tests Golden: stroke_patterns matches browser render        124:35 +3438 ~2 -13: /Users/denisnadey/apps/flutter_full_svg_support/test/golden_comparison/golden_comparison_test.dart: Golden Comparison Tests Golden: stroke_patterns matches browser render        124:36 +3438 ~2 -13: /Users/denisnadey/apps/flutter_full_svg_support/test/golden_comparison/golden_comparison_test.dart: Golden Comparison Tests Golden: stroke_patterns matches browser render        124:37 +3438 ~2 -13: /Users/denisnadey/apps/flutter_full_svg_support/test/golden_comparison/golden_comparison_test.dart: Golden Comparison Tests Golden: stroke_patterns matches browser render        124:38 +3438 ~2 -13: /Users/denisnadey/apps/flutter_full_svg_support/test/golden_comparison/golden_comparison_test.dart: Golden Comparison Tests Golden: stroke_patterns matches browser render        124:39 +3438 ~2 -13: /Users/denisnadey/apps/flutter_full_svg_support/test/golden_comparison/golden_comparison_test.dart: Golden Comparison Tests Golden: stroke_patterns matches browser render        124:40 +3438 ~2 -13: /Users/denisnadey/apps/flutter_full_svg_support/test/golden_comparison/golden_comparison_test.dart: Golden Comparison Tests Golden: stroke_patterns matches browser render        124:41 +3438 ~2 -13: /Users/denisnadey/apps/flutter_full_svg_support/test/golden_comparison/golden_comparison_test.dart: Golden Comparison Tests Golden: stroke_patterns matches browser render        124:42 +3438 ~2 -13: /Users/denisnadey/apps/flutter_full_svg_support/test/golden_comparison/golden_comparison_test.dart: Golden Comparison Tests Golden: stroke_patterns matches browser render        124:43 +3438 ~2 -13: /Users/denisnadey/apps/flutter_full_svg_support/test/golden_comparison/golden_comparison_test.dart: Golden Comparison Tests Golden: stroke_patterns matches browser render        124:44 +3438 ~2 -13: /Users/denisnadey/apps/flutter_full_svg_support/test/golden_comparison/golden_comparison_test.dart: Golden Comparison Tests Golden: stroke_patterns matches browser render        124:45 +3438 ~2 -13: /Users/denisnadey/apps/flutter_full_svg_support/test/golden_comparison/golden_comparison_test.dart: Golden Comparison Tests Golden: stroke_patterns matches browser render        124:46 +3438 ~2 -13: /Users/denisnadey/apps/flutter_full_svg_support/test/golden_comparison/golden_comparison_test.dart: Golden Comparison Tests Golden: stroke_patterns matches browser render        124:47 +3438 ~2 -13: /Users/denisnadey/apps/flutter_full_svg_support/test/golden_comparison/golden_comparison_test.dart: Golden Comparison Tests Golden: stroke_patterns matches browser render        124:48 +3438 ~2 -13: /Users/denisnadey/apps/flutter_full_svg_support/test/golden_comparison/golden_comparison_test.dart: Golden Comparison Tests Golden: stroke_patterns matches browser render        124:49 +3438 ~2 -13: /Users/denisnadey/apps/flutter_full_svg_support/test/golden_comparison/golden_comparison_test.dart: Golden Comparison Tests Golden: stroke_patterns matches browser render        124:50 +3438 ~2 -13: /Users/denisnadey/apps/flutter_full_svg_support/test/golden_comparison/golden_comparison_test.dart: Golden Comparison Tests Golden: stroke_patterns matches browser render        124:51 +3438 ~2 -13: /Users/denisnadey/apps/flutter_full_svg_support/test/golden_comparison/golden_comparison_test.dart: Golden Comparison Tests Golden: stroke_patterns matches browser render        124:52 +3438 ~2 -13: /Users/denisnadey/apps/flutter_full_svg_support/test/golden_comparison/golden_comparison_test.dart: Golden Comparison Tests Golden: stroke_patterns matches browser render        124:53 +3438 ~2 -13: /Users/denisnadey/apps/flutter_full_svg_support/test/golden_comparison/golden_comparison_test.dart: Golden Comparison Tests Golden: stroke_patterns matches browser render        124:54 +3438 ~2 -13: /Users/denisnadey/apps/flutter_full_svg_support/test/golden_comparison/golden_comparison_test.dart: Golden Comparison Tests Golden: stroke_patterns matches browser render        124:55 +3438 ~2 -13: /Users/denisnadey/apps/flutter_full_svg_support/test/golden_comparison/golden_comparison_test.dart: Golden Comparison Tests Golden: stroke_patterns matches browser render        124:56 +3438 ~2 -13: /Users/denisnadey/apps/flutter_full_svg_support/test/golden_comparison/golden_comparison_test.dart: Golden Comparison Tests Golden: stroke_patterns matches browser render        124:57 +3438 ~2 -13: /Users/denisnadey/apps/flutter_full_svg_support/test/golden_comparison/golden_comparison_test.dart: Golden Comparison Tests Golden: stroke_patterns matches browser render        124:58 +3438 ~2 -13: /Users/denisnadey/apps/flutter_full_svg_support/test/golden_comparison/golden_comparison_test.dart: Golden Comparison Tests Golden: stroke_patterns matches browser render        124:59 +3438 ~2 -13: /Users/denisnadey/apps/flutter_full_svg_support/test/golden_comparison/golden_comparison_test.dart: Golden Comparison Tests Golden: stroke_patterns matches browser render        125:00 +3438 ~2 -13: /Users/denisnadey/apps/flutter_full_svg_support/test/golden_comparison/golden_comparison_test.dart: Golden Comparison Tests Golden: stroke_patterns matches browser render        125:01 +3438 ~2 -13: /Users/denisnadey/apps/flutter_full_svg_support/test/golden_comparison/golden_comparison_test.dart: Golden Comparison Tests Golden: stroke_patterns matches browser render        125:02 +3438 ~2 -13: /Users/denisnadey/apps/flutter_full_svg_support/test/golden_comparison/golden_comparison_test.dart: Golden Comparison Tests Golden: stroke_patterns matches browser render        125:03 +3438 ~2 -13: /Users/denisnadey/apps/flutter_full_svg_support/test/golden_comparison/golden_comparison_test.dart: Golden Comparison Tests Golden: stroke_patterns matches browser render        125:04 +3438 ~2 -13: /Users/denisnadey/apps/flutter_full_svg_support/test/golden_comparison/golden_comparison_test.dart: Golden Comparison Tests Golden: stroke_patterns matches browser render        125:05 +3438 ~2 -13: /Users/denisnadey/apps/flutter_full_svg_support/test/golden_comparison/golden_comparison_test.dart: Golden Comparison Tests Golden: stroke_patterns matches browser render        125:06 +3438 ~2 -13: /Users/denisnadey/apps/flutter_full_svg_support/test/golden_comparison/golden_comparison_test.dart: Golden Comparison Tests Golden: stroke_patterns matches browser render        125:07 +3438 ~2 -13: /Users/denisnadey/apps/flutter_full_svg_support/test/golden_comparison/golden_comparison_test.dart: Golden Comparison Tests Golden: stroke_patterns matches browser render        125:08 +3438 ~2 -13: /Users/denisnadey/apps/flutter_full_svg_support/test/golden_comparison/golden_comparison_test.dart: Golden Comparison Tests Golden: stroke_patterns matches browser render        125:09 +3438 ~2 -13: /Users/denisnadey/apps/flutter_full_svg_support/test/golden_comparison/golden_comparison_test.dart: Golden Comparison Tests Golden: stroke_patterns matches browser render        125:10 +3438 ~2 -13: /Users/denisnadey/apps/flutter_full_svg_support/test/golden_comparison/golden_comparison_test.dart: Golden Comparison Tests Golden: stroke_patterns matches browser render        125:11 +3438 ~2 -13: /Users/denisnadey/apps/flutter_full_svg_support/test/golden_comparison/golden_comparison_test.dart: Golden Comparison Tests Golden: stroke_patterns matches browser render        125:12 +3438 ~2 -13: /Users/denisnadey/apps/flutter_full_svg_support/test/golden_comparison/golden_comparison_test.dart: Golden Comparison Tests Golden: stroke_patterns matches browser render        125:13 +3438 ~2 -13: /Users/denisnadey/apps/flutter_full_svg_support/test/golden_comparison/golden_comparison_test.dart: Golden Comparison Tests Golden: stroke_patterns matches browser render        125:14 +3438 ~2 -13: /Users/denisnadey/apps/flutter_full_svg_support/test/golden_comparison/golden_comparison_test.dart: Golden Comparison Tests Golden: stroke_patterns matches browser render        125:15 +3438 ~2 -13: /Users/denisnadey/apps/flutter_full_svg_support/test/golden_comparison/golden_comparison_test.dart: Golden Comparison Tests Golden: stroke_patterns matches browser render        125:16 +3438 ~2 -13: /Users/denisnadey/apps/flutter_full_svg_support/test/golden_comparison/golden_comparison_test.dart: Golden Comparison Tests Golden: stroke_patterns matches browser render        125:17 +3438 ~2 -13: /Users/denisnadey/apps/flutter_full_svg_support/test/golden_comparison/golden_comparison_test.dart: Golden Comparison Tests Golden: stroke_patterns matches browser render        125:18 +3438 ~2 -13: /Users/denisnadey/apps/flutter_full_svg_support/test/golden_comparison/golden_comparison_test.dart: Golden Comparison Tests Golden: stroke_patterns matches browser render        125:19 +3438 ~2 -13: /Users/denisnadey/apps/flutter_full_svg_support/test/golden_comparison/golden_comparison_test.dart: Golden Comparison Tests Golden: stroke_patterns matches browser render        125:20 +3438 ~2 -13: /Users/denisnadey/apps/flutter_full_svg_support/test/golden_comparison/golden_comparison_test.dart: Golden Comparison Tests Golden: stroke_patterns matches browser render        125:21 +3438 ~2 -13: /Users/denisnadey/apps/flutter_full_svg_support/test/golden_comparison/golden_comparison_test.dart: Golden Comparison Tests Golden: stroke_patterns matches browser render        125:22 +3438 ~2 -13: /Users/denisnadey/apps/flutter_full_svg_support/test/golden_comparison/golden_comparison_test.dart: Golden Comparison Tests Golden: stroke_patterns matches browser render        125:23 +3438 ~2 -13: /Users/denisnadey/apps/flutter_full_svg_support/test/golden_comparison/golden_comparison_test.dart: Golden Comparison Tests Golden: stroke_patterns matches browser render        125:24 +3438 ~2 -13: /Users/denisnadey/apps/flutter_full_svg_support/test/golden_comparison/golden_comparison_test.dart: Golden Comparison Tests Golden: stroke_patterns matches browser render        125:25 +3438 ~2 -13: /Users/denisnadey/apps/flutter_full_svg_support/test/golden_comparison/golden_comparison_test.dart: Golden Comparison Tests Golden: stroke_patterns matches browser render        125:26 +3438 ~2 -13: /Users/denisnadey/apps/flutter_full_svg_support/test/golden_comparison/golden_comparison_test.dart: Golden Comparison Tests Golden: stroke_patterns matches browser render        125:27 +3438 ~2 -13: /Users/denisnadey/apps/flutter_full_svg_support/test/golden_comparison/golden_comparison_test.dart: Golden Comparison Tests Golden: stroke_patterns matches browser render        125:28 +3438 ~2 -13: /Users/denisnadey/apps/flutter_full_svg_support/test/golden_comparison/golden_comparison_test.dart: Golden Comparison Tests Golden: stroke_patterns matches browser render        125:29 +3438 ~2 -13: /Users/denisnadey/apps/flutter_full_svg_support/test/golden_comparison/golden_comparison_test.dart: Golden Comparison Tests Golden: stroke_patterns matches browser render        125:30 +3438 ~2 -13: /Users/denisnadey/apps/flutter_full_svg_support/test/golden_comparison/golden_comparison_test.dart: Golden Comparison Tests Golden: stroke_patterns matches browser render        125:31 +3438 ~2 -13: /Users/denisnadey/apps/flutter_full_svg_support/test/golden_comparison/golden_comparison_test.dart: Golden Comparison Tests Golden: stroke_patterns matches browser render        125:32 +3438 ~2 -13: /Users/denisnadey/apps/flutter_full_svg_support/test/golden_comparison/golden_comparison_test.dart: Golden Comparison Tests Golden: stroke_patterns matches browser render        125:33 +3438 ~2 -13: /Users/denisnadey/apps/flutter_full_svg_support/test/golden_comparison/golden_comparison_test.dart: Golden Comparison Tests Golden: stroke_patterns matches browser render        125:34 +3438 ~2 -13: /Users/denisnadey/apps/flutter_full_svg_support/test/golden_comparison/golden_comparison_test.dart: Golden Comparison Tests Golden: stroke_patterns matches browser render        125:35 +3438 ~2 -13: /Users/denisnadey/apps/flutter_full_svg_support/test/golden_comparison/golden_comparison_test.dart: Golden Comparison Tests Golden: stroke_patterns matches browser render        125:36 +3438 ~2 -13: /Users/denisnadey/apps/flutter_full_svg_support/test/golden_comparison/golden_comparison_test.dart: Golden Comparison Tests Golden: stroke_patterns matches browser render        125:37 +3438 ~2 -13: /Users/denisnadey/apps/flutter_full_svg_support/test/golden_comparison/golden_comparison_test.dart: Golden Comparison Tests Golden: stroke_patterns matches browser render        125:38 +3438 ~2 -13: /Users/denisnadey/apps/flutter_full_svg_support/test/golden_comparison/golden_comparison_test.dart: Golden Comparison Tests Golden: stroke_patterns matches browser render        125:39 +3438 ~2 -13: /Users/denisnadey/apps/flutter_full_svg_support/test/golden_comparison/golden_comparison_test.dart: Golden Comparison Tests Golden: stroke_patterns matches browser render        125:40 +3438 ~2 -13: /Users/denisnadey/apps/flutter_full_svg_support/test/golden_comparison/golden_comparison_test.dart: Golden Comparison Tests Golden: stroke_patterns matches browser render        125:41 +3438 ~2 -13: /Users/denisnadey/apps/flutter_full_svg_support/test/golden_comparison/golden_comparison_test.dart: Golden Comparison Tests Golden: stroke_patterns matches browser render        125:42 +3438 ~2 -13: /Users/denisnadey/apps/flutter_full_svg_support/test/golden_comparison/golden_comparison_test.dart: Golden Comparison Tests Golden: stroke_patterns matches browser render        125:43 +3438 ~2 -13: /Users/denisnadey/apps/flutter_full_svg_support/test/golden_comparison/golden_comparison_test.dart: Golden Comparison Tests Golden: stroke_patterns matches browser render        125:44 +3438 ~2 -13: /Users/denisnadey/apps/flutter_full_svg_support/test/golden_comparison/golden_comparison_test.dart: Golden Comparison Tests Golden: stroke_patterns matches browser render        125:45 +3438 ~2 -13: /Users/denisnadey/apps/flutter_full_svg_support/test/golden_comparison/golden_comparison_test.dart: Golden Comparison Tests Golden: stroke_patterns matches browser render        125:46 +3438 ~2 -13: /Users/denisnadey/apps/flutter_full_svg_support/test/golden_comparison/golden_comparison_test.dart: Golden Comparison Tests Golden: stroke_patterns matches browser render        125:47 +3438 ~2 -13: /Users/denisnadey/apps/flutter_full_svg_support/test/golden_comparison/golden_comparison_test.dart: Golden Comparison Tests Golden: stroke_patterns matches browser render        125:48 +3438 ~2 -13: /Users/denisnadey/apps/flutter_full_svg_support/test/golden_comparison/golden_comparison_test.dart: Golden Comparison Tests Golden: stroke_patterns matches browser render        125:49 +3438 ~2 -13: /Users/denisnadey/apps/flutter_full_svg_support/test/golden_comparison/golden_comparison_test.dart: Golden Comparison Tests Golden: stroke_patterns matches browser render        125:50 +3438 ~2 -13: /Users/denisnadey/apps/flutter_full_svg_support/test/golden_comparison/golden_comparison_test.dart: Golden Comparison Tests Golden: stroke_patterns matches browser render        125:51 +3438 ~2 -13: /Users/denisnadey/apps/flutter_full_svg_support/test/golden_comparison/golden_comparison_test.dart: Golden Comparison Tests Golden: stroke_patterns matches browser render        125:52 +3438 ~2 -13: /Users/denisnadey/apps/flutter_full_svg_support/test/golden_comparison/golden_comparison_test.dart: Golden Comparison Tests Golden: stroke_patterns matches browser render        125:53 +3438 ~2 -13: /Users/denisnadey/apps/flutter_full_svg_support/test/golden_comparison/golden_comparison_test.dart: Golden Comparison Tests Golden: stroke_patterns matches browser render        125:54 +3438 ~2 -13: /Users/denisnadey/apps/flutter_full_svg_support/test/golden_comparison/golden_comparison_test.dart: Golden Comparison Tests Golden: stroke_patterns matches browser render        125:55 +3438 ~2 -13: /Users/denisnadey/apps/flutter_full_svg_support/test/golden_comparison/golden_comparison_test.dart: Golden Comparison Tests Golden: stroke_patterns matches browser render        125:56 +3438 ~2 -13: /Users/denisnadey/apps/flutter_full_svg_support/test/golden_comparison/golden_comparison_test.dart: Golden Comparison Tests Golden: stroke_patterns matches browser render        125:57 +3438 ~2 -13: /Users/denisnadey/apps/flutter_full_svg_support/test/golden_comparison/golden_comparison_test.dart: Golden Comparison Tests Golden: stroke_patterns matches browser render        125:58 +3438 ~2 -13: /Users/denisnadey/apps/flutter_full_svg_support/test/golden_comparison/golden_comparison_test.dart: Golden Comparison Tests Golden: stroke_patterns matches browser render        125:59 +3438 ~2 -13: /Users/denisnadey/apps/flutter_full_svg_support/test/golden_comparison/golden_comparison_test.dart: Golden Comparison Tests Golden: stroke_patterns matches browser render        126:00 +3438 ~2 -13: /Users/denisnadey/apps/flutter_full_svg_support/test/golden_comparison/golden_comparison_test.dart: Golden Comparison Tests Golden: stroke_patterns matches browser render        126:01 +3438 ~2 -13: /Users/denisnadey/apps/flutter_full_svg_support/test/golden_comparison/golden_comparison_test.dart: Golden Comparison Tests Golden: stroke_patterns matches browser render        126:02 +3438 ~2 -13: /Users/denisnadey/apps/flutter_full_svg_support/test/golden_comparison/golden_comparison_test.dart: Golden Comparison Tests Golden: stroke_patterns matches browser render        126:03 +3438 ~2 -13: /Users/denisnadey/apps/flutter_full_svg_support/test/golden_comparison/golden_comparison_test.dart: Golden Comparison Tests Golden: stroke_patterns matches browser render        126:04 +3438 ~2 -13: /Users/denisnadey/apps/flutter_full_svg_support/test/golden_comparison/golden_comparison_test.dart: Golden Comparison Tests Golden: stroke_patterns matches browser render        126:05 +3438 ~2 -13: /Users/denisnadey/apps/flutter_full_svg_support/test/golden_comparison/golden_comparison_test.dart: Golden Comparison Tests Golden: stroke_patterns matches browser render        126:06 +3438 ~2 -13: /Users/denisnadey/apps/flutter_full_svg_support/test/golden_comparison/golden_comparison_test.dart: Golden Comparison Tests Golden: stroke_patterns matches browser render        126:07 +3438 ~2 -13: /Users/denisnadey/apps/flutter_full_svg_support/test/golden_comparison/golden_comparison_test.dart: Golden Comparison Tests Golden: stroke_patterns matches browser render        126:08 +3438 ~2 -13: /Users/denisnadey/apps/flutter_full_svg_support/test/golden_comparison/golden_comparison_test.dart: Golden Comparison Tests Golden: stroke_patterns matches browser render        126:09 +3438 ~2 -13: /Users/denisnadey/apps/flutter_full_svg_support/test/golden_comparison/golden_comparison_test.dart: Golden Comparison Tests Golden: stroke_patterns matches browser render        126:10 +3438 ~2 -13: /Users/denisnadey/apps/flutter_full_svg_support/test/golden_comparison/golden_comparison_test.dart: Golden Comparison Tests Golden: stroke_patterns matches browser render        126:11 +3438 ~2 -13: /Users/denisnadey/apps/flutter_full_svg_support/test/golden_comparison/golden_comparison_test.dart: Golden Comparison Tests Golden: stroke_patterns matches browser render        126:12 +3438 ~2 -13: /Users/denisnadey/apps/flutter_full_svg_support/test/golden_comparison/golden_comparison_test.dart: Golden Comparison Tests Golden: stroke_patterns matches browser render        126:13 +3438 ~2 -13: /Users/denisnadey/apps/flutter_full_svg_support/test/golden_comparison/golden_comparison_test.dart: Golden Comparison Tests Golden: stroke_patterns matches browser render        126:14 +3438 ~2 -13: /Users/denisnadey/apps/flutter_full_svg_support/test/golden_comparison/golden_comparison_test.dart: Golden Comparison Tests Golden: stroke_patterns matches browser render        126:15 +3438 ~2 -13: /Users/denisnadey/apps/flutter_full_svg_support/test/golden_comparison/golden_comparison_test.dart: Golden Comparison Tests Golden: stroke_patterns matches browser render        126:16 +3438 ~2 -13: /Users/denisnadey/apps/flutter_full_svg_support/test/golden_comparison/golden_comparison_test.dart: Golden Comparison Tests Golden: stroke_patterns matches browser render        126:17 +3438 ~2 -13: /Users/denisnadey/apps/flutter_full_svg_support/test/golden_comparison/golden_comparison_test.dart: Golden Comparison Tests Golden: stroke_patterns matches browser render        126:18 +3438 ~2 -13: /Users/denisnadey/apps/flutter_full_svg_support/test/golden_comparison/golden_comparison_test.dart: Golden Comparison Tests Golden: stroke_patterns matches browser render        126:19 +3438 ~2 -13: /Users/denisnadey/apps/flutter_full_svg_support/test/golden_comparison/golden_comparison_test.dart: Golden Comparison Tests Golden: stroke_patterns matches browser render        126:20 +3438 ~2 -13: /Users/denisnadey/apps/flutter_full_svg_support/test/golden_comparison/golden_comparison_test.dart: Golden Comparison Tests Golden: stroke_patterns matches browser render        126:21 +3438 ~2 -13: /Users/denisnadey/apps/flutter_full_svg_support/test/golden_comparison/golden_comparison_test.dart: Golden Comparison Tests Golden: stroke_patterns matches browser render        126:22 +3438 ~2 -13: /Users/denisnadey/apps/flutter_full_svg_support/test/golden_comparison/golden_comparison_test.dart: Golden Comparison Tests Golden: stroke_patterns matches browser render        126:23 +3438 ~2 -13: /Users/denisnadey/apps/flutter_full_svg_support/test/golden_comparison/golden_comparison_test.dart: Golden Comparison Tests Golden: stroke_patterns matches browser render        126:24 +3438 ~2 -13: /Users/denisnadey/apps/flutter_full_svg_support/test/golden_comparison/golden_comparison_test.dart: Golden Comparison Tests Golden: stroke_patterns matches browser render        126:25 +3438 ~2 -13: /Users/denisnadey/apps/flutter_full_svg_support/test/golden_comparison/golden_comparison_test.dart: Golden Comparison Tests Golden: stroke_patterns matches browser render        126:26 +3438 ~2 -13: /Users/denisnadey/apps/flutter_full_svg_support/test/golden_comparison/golden_comparison_test.dart: Golden Comparison Tests Golden: stroke_patterns matches browser render        126:27 +3438 ~2 -13: /Users/denisnadey/apps/flutter_full_svg_support/test/golden_comparison/golden_comparison_test.dart: Golden Comparison Tests Golden: stroke_patterns matches browser render        126:28 +3438 ~2 -13: /Users/denisnadey/apps/flutter_full_svg_support/test/golden_comparison/golden_comparison_test.dart: Golden Comparison Tests Golden: stroke_patterns matches browser render        126:29 +3438 ~2 -13: /Users/denisnadey/apps/flutter_full_svg_support/test/golden_comparison/golden_comparison_test.dart: Golden Comparison Tests Golden: stroke_patterns matches browser render        126:30 +3438 ~2 -13: /Users/denisnadey/apps/flutter_full_svg_support/test/golden_comparison/golden_comparison_test.dart: Golden Comparison Tests Golden: stroke_patterns matches browser render        126:31 +3438 ~2 -13: /Users/denisnadey/apps/flutter_full_svg_support/test/golden_comparison/golden_comparison_test.dart: Golden Comparison Tests Golden: stroke_patterns matches browser render        126:32 +3438 ~2 -13: /Users/denisnadey/apps/flutter_full_svg_support/test/golden_comparison/golden_comparison_test.dart: Golden Comparison Tests Golden: stroke_patterns matches browser render        126:32 +3438 ~2 -14: /Users/denisnadey/apps/flutter_full_svg_support/test/golden_comparison/golden_comparison_test.dart: Golden Comparison Tests Golden: stroke_patterns matches browser render [E]    
  TimeoutException after 0:10:00.000000: Test timed out after 10 minutes.
  dart:isolate  _RawReceivePort._handleMessage
  

To run this test again: /Users/denisnadey/fvm/versions/3.38.1/bin/cache/dart-sdk/bin/dart test /Users/denisnadey/apps/flutter_full_svg_support/test/golden_comparison/golden_comparison_test.dart -p vm --plain-name 'Golden Comparison Tests Golden: stroke_patterns matches browser render'
126:32 +3438 ~2 -14: /Users/denisnadey/apps/flutter_full_svg_support/test/golden_comparison/golden_comparison_test.dart: Print golden comparison summary                                               126:32 +3438 ~2 -14: /Users/denisnadey/apps/flutter_full_svg_support/test/golden_comparison/golden_comparison_test.dart: Print golden comparison summary                                               

=== Golden Comparison Summary ===
Browser goldens: 14
Flutter goldens: 13
Diff images: 13
================================

126:32 +3439 ~2 -14: /Users/denisnadey/apps/flutter_full_svg_support/test/golden_comparison/golden_comparison_test.dart: Print golden comparison summary                                               126:32 +3439 ~2 -14: Some tests failed.                                                                                                                                                                
